C:\Users\USER\OneDrive\Desktop\PUP\node_modules\react-native-web\dist\exports\AppRegistry\index.js:71 Running application "main" with appParams:
 {rootTag: '#root', hydrate: undefined} 
Development-level warnings: ON.
Performance optimizations: OFF.
C:\Users\USER\OneDrive\Desktop\PUP\lib\logger.ts:68 [10:26:56.412] [Firebase] ℹ Initializing with project: lasangpinoy-mobile
C:\Users\USER\OneDrive\Desktop\PUP\lib\logger.ts:68 [10:26:56.412] [Firebase] ℹ Using REST API fallback for web
C:\Users\USER\OneDrive\Desktop\PUP\lib\logger.ts:68 [10:26:56.413] [Firebase] ℹ App initialized successfully
C:\Users\USER\OneDrive\Desktop\PUP\lib\logger.ts:68 [10:26:56.417] [Firebase] ℹ Firestore initialized
C:\Users\USER\OneDrive\Desktop\PUP\node_modules\expo-notifications\build\PushTokenManager.js:6 [expo-notifications] Listening to push token changes is not yet fully supported on web. Adding a listener will have no effect.
addListener @ C:\Users\USER\OneDrive\Desktop\PUP\node_modules\expo-notifications\build\PushTokenManager.js:6
addPushTokenListener @ C:\Users\USER\OneDrive\Desktop\PUP\node_modules\expo-notifications\build\TokenEmitter.js:34
(anonymous) @ C:\Users\USER\OneDrive\Desktop\PUP\node_modules\expo-notifications\build\DevicePushTokenAutoRegistration.fx.js:60
loadModuleImplementation @ C:\Users\USER\OneDrive\Desktop\PUP\node_modules\expo\node_modules\@expo\cli\build\metro-require\require.js:248
guardedLoadModule @ C:\Users\USER\OneDrive\Desktop\PUP\node_modules\expo\node_modules\@expo\cli\build\metro-require\require.js:163
metroRequire @ C:\Users\USER\OneDrive\Desktop\PUP\node_modules\expo\node_modules\@expo\cli\build\metro-require\require.js:74
(anonymous) @ C:\Users\USER\OneDrive\Desktop\PUP\node_modules\expo-notifications\build\getExpoPushTokenAsync.js:4
loadModuleImplementation @ C:\Users\USER\OneDrive\Desktop\PUP\node_modules\expo\node_modules\@expo\cli\build\metro-require\require.js:248
guardedLoadModule @ C:\Users\USER\OneDrive\Desktop\PUP\node_modules\expo\node_modules\@expo\cli\build\metro-require\require.js:163
metroRequire @ C:\Users\USER\OneDrive\Desktop\PUP\node_modules\expo\node_modules\@expo\cli\build\metro-require\require.js:74
(anonymous) @ C:\Users\USER\OneDrive\Desktop\PUP\node_modules\expo-notifications\build\index.js:12
loadModuleImplementation @ C:\Users\USER\OneDrive\Desktop\PUP\node_modules\expo\node_modules\@expo\cli\build\metro-require\require.js:248
guardedLoadModule @ C:\Users\USER\OneDrive\Desktop\PUP\node_modules\expo\node_modules\@expo\cli\build\metro-require\require.js:163
metroRequire @ C:\Users\USER\OneDrive\Desktop\PUP\node_modules\expo\node_modules\@expo\cli\build\metro-require\require.js:74
(anonymous) @ C:\Users\USER\OneDrive\Desktop\PUP\lib\notifications.ts:5
loadModuleImplementation @ C:\Users\USER\OneDrive\Desktop\PUP\node_modules\expo\node_modules\@expo\cli\build\metro-require\require.js:248
guardedLoadModule @ C:\Users\USER\OneDrive\Desktop\PUP\node_modules\expo\node_modules\@expo\cli\build\metro-require\require.js:163
metroRequire @ C:\Users\USER\OneDrive\Desktop\PUP\node_modules\expo\node_modules\@expo\cli\build\metro-require\require.js:74
(anonymous) @ C:\Users\USER\OneDrive\Desktop\PUP\app\(admin)\submissions.tsx:24
loadModuleImplementation @ C:\Users\USER\OneDrive\Desktop\PUP\node_modules\expo\node_modules\@expo\cli\build\metro-require\require.js:248
guardedLoadModule @ C:\Users\USER\OneDrive\Desktop\PUP\node_modules\expo\node_modules\@expo\cli\build\metro-require\require.js:156
metroRequire @ C:\Users\USER\OneDrive\Desktop\PUP\node_modules\expo\node_modules\@expo\cli\build\metro-require\require.js:74
get @ C:\Users\USER\OneDrive\Desktop\PUP\app:9
metroContext @ C:\Users\USER\OneDrive\Desktop\PUP\app:32
loadRoute @ C:\Users\USER\OneDrive\Desktop\PUP\node_modules\expo-router\build\getRoutesCore.js:233
getDirectoryTree @ C:\Users\USER\OneDrive\Desktop\PUP\node_modules\expo-router\build\getRoutesCore.js:306
getRoutes @ C:\Users\USER\OneDrive\Desktop\PUP\node_modules\expo-router\build\getRoutesCore.js:23
getRoutes @ C:\Users\USER\OneDrive\Desktop\PUP\node_modules\expo-router\build\getRoutes.js:20
useStore @ C:\Users\USER\OneDrive\Desktop\PUP\node_modules\expo-router\build\global-state\router-store.js:141
ContextNavigator @ C:\Users\USER\OneDrive\Desktop\PUP\node_modules\expo-router\build\ExpoRoot.js:128
react-stack-bottom-frame @ C:\Users\USER\OneDrive\Desktop\PUP\node_modules\react-dom\cjs\react-dom-client.development.js:23863
renderWithHooks @ C:\Users\USER\OneDrive\Desktop\PUP\node_modules\react-dom\cjs\react-dom-client.development.js:5529
updateFunctionComponent @ C:\Users\USER\OneDrive\Desktop\PUP\node_modules\react-dom\cjs\react-dom-client.development.js:8897
beginWork @ C:\Users\USER\OneDrive\Desktop\PUP\node_modules\react-dom\cjs\react-dom-client.development.js:10522
runWithFiberInDEV @ C:\Users\USER\OneDrive\Desktop\PUP\node_modules\react-dom\cjs\react-dom-client.development.js:1519
performUnitOfWork @ C:\Users\USER\OneDrive\Desktop\PUP\node_modules\react-dom\cjs\react-dom-client.development.js:15132
workLoopConcurrentByScheduler @ C:\Users\USER\OneDrive\Desktop\PUP\node_modules\react-dom\cjs\react-dom-client.development.js:15126
renderRootConcurrent @ C:\Users\USER\OneDrive\Desktop\PUP\node_modules\react-dom\cjs\react-dom-client.development.js:15101
performWorkOnRoot @ C:\Users\USER\OneDrive\Desktop\PUP\node_modules\react-dom\cjs\react-dom-client.development.js:14418
performWorkOnRootViaSchedulerTask @ C:\Users\USER\OneDrive\Desktop\PUP\node_modules\react-dom\cjs\react-dom-client.development.js:16216
performWorkUntilDeadline @ C:\Users\USER\OneDrive\Desktop\PUP\node_modules\scheduler\cjs\scheduler.development.js:45
<ContextNavigator>
exports.jsxDEV @ C:\Users\USER\OneDrive\Desktop\PUP\node_modules\react\cjs\react-jsx-dev-runtime.development.js:346
ExpoRoot @ C:\Users\USER\OneDrive\Desktop\PUP\node_modules\expo-router\build\ExpoRoot.js:87
react-stack-bottom-frame @ C:\Users\USER\OneDrive\Desktop\PUP\node_modules\react-dom\cjs\react-dom-client.development.js:23863
renderWithHooks @ C:\Users\USER\OneDrive\Desktop\PUP\node_modules\react-dom\cjs\react-dom-client.development.js:5529
updateFunctionComponent @ C:\Users\USER\OneDrive\Desktop\PUP\node_modules\react-dom\cjs\react-dom-client.development.js:8897
beginWork @ C:\Users\USER\OneDrive\Desktop\PUP\node_modules\react-dom\cjs\react-dom-client.development.js:10522
runWithFiberInDEV @ C:\Users\USER\OneDrive\Desktop\PUP\node_modules\react-dom\cjs\react-dom-client.development.js:1519
performUnitOfWork @ C:\Users\USER\OneDrive\Desktop\PUP\node_modules\react-dom\cjs\react-dom-client.development.js:15132
workLoopConcurrentByScheduler @ C:\Users\USER\OneDrive\Desktop\PUP\node_modules\react-dom\cjs\react-dom-client.development.js:15126
renderRootConcurrent @ C:\Users\USER\OneDrive\Desktop\PUP\node_modules\react-dom\cjs\react-dom-client.development.js:15101
performWorkOnRoot @ C:\Users\USER\OneDrive\Desktop\PUP\node_modules\react-dom\cjs\react-dom-client.development.js:14418
performWorkOnRootViaSchedulerTask @ C:\Users\USER\OneDrive\Desktop\PUP\node_modules\react-dom\cjs\react-dom-client.development.js:16216
performWorkUntilDeadline @ C:\Users\USER\OneDrive\Desktop\PUP\node_modules\scheduler\cjs\scheduler.development.js:45
<ExpoRoot>
exports.jsxDEV @ C:\Users\USER\OneDrive\Desktop\PUP\node_modules\react\cjs\react-jsx-dev-runtime.development.js:346
App @ C:\Users\USER\OneDrive\Desktop\PUP\node_modules\expo-router\build\qualified-entry.js:21
react-stack-bottom-frame @ C:\Users\USER\OneDrive\Desktop\PUP\node_modules\react-dom\cjs\react-dom-client.development.js:23863
renderWithHooks @ C:\Users\USER\OneDrive\Desktop\PUP\node_modules\react-dom\cjs\react-dom-client.development.js:5529
updateFunctionComponent @ C:\Users\USER\OneDrive\Desktop\PUP\node_modules\react-dom\cjs\react-dom-client.development.js:8897
beginWork @ C:\Users\USER\OneDrive\Desktop\PUP\node_modules\react-dom\cjs\react-dom-client.development.js:10522
runWithFiberInDEV @ C:\Users\USER\OneDrive\Desktop\PUP\node_modules\react-dom\cjs\react-dom-client.development.js:1519
performUnitOfWork @ C:\Users\USER\OneDrive\Desktop\PUP\node_modules\react-dom\cjs\react-dom-client.development.js:15132
workLoopConcurrentByScheduler @ C:\Users\USER\OneDrive\Desktop\PUP\node_modules\react-dom\cjs\react-dom-client.development.js:15126
renderRootConcurrent @ C:\Users\USER\OneDrive\Desktop\PUP\node_modules\react-dom\cjs\react-dom-client.development.js:15101
performWorkOnRoot @ C:\Users\USER\OneDrive\Desktop\PUP\node_modules\react-dom\cjs\react-dom-client.development.js:14418
performWorkOnRootViaSchedulerTask @ C:\Users\USER\OneDrive\Desktop\PUP\node_modules\react-dom\cjs\react-dom-client.development.js:16216
performWorkUntilDeadline @ C:\Users\USER\OneDrive\Desktop\PUP\node_modules\scheduler\cjs\scheduler.development.js:45
<App>
exports.jsxDEV @ C:\Users\USER\OneDrive\Desktop\PUP\node_modules\react\cjs\react-jsx-dev-runtime.development.js:346
ErrorOverlay @ C:\Users\USER\OneDrive\Desktop\PUP\node_modules\@expo\metro-runtime\src\error-overlay\index.tsx:19
react-stack-bottom-frame @ C:\Users\USER\OneDrive\Desktop\PUP\node_modules\react-dom\cjs\react-dom-client.development.js:23863
renderWithHooks @ C:\Users\USER\OneDrive\Desktop\PUP\node_modules\react-dom\cjs\react-dom-client.development.js:5529
updateFunctionComponent @ C:\Users\USER\OneDrive\Desktop\PUP\node_modules\react-dom\cjs\react-dom-client.development.js:8897
beginWork @ C:\Users\USER\OneDrive\Desktop\PUP\node_modules\react-dom\cjs\react-dom-client.development.js:10522
runWithFiberInDEV @ C:\Users\USER\OneDrive\Desktop\PUP\node_modules\react-dom\cjs\react-dom-client.development.js:1519
performUnitOfWork @ C:\Users\USER\OneDrive\Desktop\PUP\node_modules\react-dom\cjs\react-dom-client.development.js:15132
workLoopConcurrentByScheduler @ C:\Users\USER\OneDrive\Desktop\PUP\node_modules\react-dom\cjs\react-dom-client.development.js:15126
renderRootConcurrent @ C:\Users\USER\OneDrive\Desktop\PUP\node_modules\react-dom\cjs\react-dom-client.development.js:15101
performWorkOnRoot @ C:\Users\USER\OneDrive\Desktop\PUP\node_modules\react-dom\cjs\react-dom-client.development.js:14418
performWorkOnRootViaSchedulerTask @ C:\Users\USER\OneDrive\Desktop\PUP\node_modules\react-dom\cjs\react-dom-client.development.js:16216
performWorkUntilDeadline @ C:\Users\USER\OneDrive\Desktop\PUP\node_modules\scheduler\cjs\scheduler.development.js:45
<ErrorOverlay>
exports.jsxDEV @ C:\Users\USER\OneDrive\Desktop\PUP\node_modules\react\cjs\react-jsx-dev-runtime.development.js:346
WithDevTools @ C:\Users\USER\OneDrive\Desktop\PUP\node_modules\expo\src\launch\withDevTools.web.tsx:11
react-stack-bottom-frame @ C:\Users\USER\OneDrive\Desktop\PUP\node_modules\react-dom\cjs\react-dom-client.development.js:23863
renderWithHooks @ C:\Users\USER\OneDrive\Desktop\PUP\node_modules\react-dom\cjs\react-dom-client.development.js:5529
updateFunctionComponent @ C:\Users\USER\OneDrive\Desktop\PUP\node_modules\react-dom\cjs\react-dom-client.development.js:8897
beginWork @ C:\Users\USER\OneDrive\Desktop\PUP\node_modules\react-dom\cjs\react-dom-client.development.js:10522
runWithFiberInDEV @ C:\Users\USER\OneDrive\Desktop\PUP\node_modules\react-dom\cjs\react-dom-client.development.js:1519
performUnitOfWork @ C:\Users\USER\OneDrive\Desktop\PUP\node_modules\react-dom\cjs\react-dom-client.development.js:15132
workLoopConcurrentByScheduler @ C:\Users\USER\OneDrive\Desktop\PUP\node_modules\react-dom\cjs\react-dom-client.development.js:15126
renderRootConcurrent @ C:\Users\USER\OneDrive\Desktop\PUP\node_modules\react-dom\cjs\react-dom-client.development.js:15101
performWorkOnRoot @ C:\Users\USER\OneDrive\Desktop\PUP\node_modules\react-dom\cjs\react-dom-client.development.js:14418
performWorkOnRootViaSchedulerTask @ C:\Users\USER\OneDrive\Desktop\PUP\node_modules\react-dom\cjs\react-dom-client.development.js:16216
performWorkUntilDeadline @ C:\Users\USER\OneDrive\Desktop\PUP\node_modules\scheduler\cjs\scheduler.development.js:45
<withDevTools(ErrorOverlay)>
exports.createElement @ C:\Users\USER\OneDrive\Desktop\PUP\node_modules\react\cjs\react.development.js:1033
renderApplication @ C:\Users\USER\OneDrive\Desktop\PUP\node_modules\react-native-web\dist\exports\AppRegistry\renderApplication.js:27
run @ C:\Users\USER\OneDrive\Desktop\PUP\node_modules\react-native-web\dist\exports\AppRegistry\index.js:36
runApplication @ C:\Users\USER\OneDrive\Desktop\PUP\node_modules\react-native-web\dist\exports\AppRegistry\index.js:74
registerRootComponent @ C:\Users\USER\OneDrive\Desktop\PUP\node_modules\expo\src\launch\registerRootComponent.tsx:58
(anonymous) @ C:\Users\USER\OneDrive\Desktop\PUP\node_modules\expo-router\build\renderRootComponent.js:88
exports.startTransition @ C:\Users\USER\OneDrive\Desktop\PUP\node_modules\react\cjs\react.development.js:1124
renderRootComponent @ C:\Users\USER\OneDrive\Desktop\PUP\node_modules\expo-router\build\renderRootComponent.js:85
(anonymous) @ C:\Users\USER\OneDrive\Desktop\PUP\node_modules\expo-router\entry-classic.js:10
loadModuleImplementation @ C:\Users\USER\OneDrive\Desktop\PUP\node_modules\expo\node_modules\@expo\cli\build\metro-require\require.js:248
guardedLoadModule @ C:\Users\USER\OneDrive\Desktop\PUP\node_modules\expo\node_modules\@expo\cli\build\metro-require\require.js:163
metroRequire @ C:\Users\USER\OneDrive\Desktop\PUP\node_modules\expo\node_modules\@expo\cli\build\metro-require\require.js:74
(anonymous) @ C:\Users\USER\OneDrive\Desktop\PUP\node_modules\expo-router\entry.js:3
loadModuleImplementation @ C:\Users\USER\OneDrive\Desktop\PUP\node_modules\expo\node_modules\@expo\cli\build\metro-require\require.js:248
guardedLoadModule @ C:\Users\USER\OneDrive\Desktop\PUP\node_modules\expo\node_modules\@expo\cli\build\metro-require\require.js:156
metroRequire @ C:\Users\USER\OneDrive\Desktop\PUP\node_modules\expo\node_modules\@expo\cli\build\metro-require\require.js:74
(anonymous) @ entry.bundle?platform=web&dev=true&hot=false&lazy=true&transform.routerRoot=app&transform.reactCompiler=true:196749
C:\Users\USER\OneDrive\Desktop\PUP\node_modules\react-native-web\dist\modules\warnOnce\index.js:24 "shadow*" style props are deprecated. Use "boxShadow".
warnOnce @ C:\Users\USER\OneDrive\Desktop\PUP\node_modules\react-native-web\dist\modules\warnOnce\index.js:24
preprocess @ C:\Users\USER\OneDrive\Desktop\PUP\node_modules\react-native-web\dist\exports\StyleSheet\preprocess.js:136
compileAndInsertAtomic @ C:\Users\USER\OneDrive\Desktop\PUP\node_modules\react-native-web\dist\exports\StyleSheet\index.js:56
(anonymous) @ C:\Users\USER\OneDrive\Desktop\PUP\node_modules\react-native-web\dist\exports\StyleSheet\index.js:99
create @ C:\Users\USER\OneDrive\Desktop\PUP\node_modules\react-native-web\dist\exports\StyleSheet\index.js:87
(anonymous) @ C:\Users\USER\OneDrive\Desktop\PUP\app\(admin)\submissions.tsx:393
loadModuleImplementation @ C:\Users\USER\OneDrive\Desktop\PUP\node_modules\expo\node_modules\@expo\cli\build\metro-require\require.js:248
guardedLoadModule @ C:\Users\USER\OneDrive\Desktop\PUP\node_modules\expo\node_modules\@expo\cli\build\metro-require\require.js:156
metroRequire @ C:\Users\USER\OneDrive\Desktop\PUP\node_modules\expo\node_modules\@expo\cli\build\metro-require\require.js:74
get @ C:\Users\USER\OneDrive\Desktop\PUP\app:9
metroContext @ C:\Users\USER\OneDrive\Desktop\PUP\app:32
loadRoute @ C:\Users\USER\OneDrive\Desktop\PUP\node_modules\expo-router\build\getRoutesCore.js:233
getDirectoryTree @ C:\Users\USER\OneDrive\Desktop\PUP\node_modules\expo-router\build\getRoutesCore.js:306
getRoutes @ C:\Users\USER\OneDrive\Desktop\PUP\node_modules\expo-router\build\getRoutesCore.js:23
getRoutes @ C:\Users\USER\OneDrive\Desktop\PUP\node_modules\expo-router\build\getRoutes.js:20
useStore @ C:\Users\USER\OneDrive\Desktop\PUP\node_modules\expo-router\build\global-state\router-store.js:141
ContextNavigator @ C:\Users\USER\OneDrive\Desktop\PUP\node_modules\expo-router\build\ExpoRoot.js:128
react-stack-bottom-frame @ C:\Users\USER\OneDrive\Desktop\PUP\node_modules\react-dom\cjs\react-dom-client.development.js:23863
renderWithHooks @ C:\Users\USER\OneDrive\Desktop\PUP\node_modules\react-dom\cjs\react-dom-client.development.js:5529
updateFunctionComponent @ C:\Users\USER\OneDrive\Desktop\PUP\node_modules\react-dom\cjs\react-dom-client.development.js:8897
beginWork @ C:\Users\USER\OneDrive\Desktop\PUP\node_modules\react-dom\cjs\react-dom-client.development.js:10522
runWithFiberInDEV @ C:\Users\USER\OneDrive\Desktop\PUP\node_modules\react-dom\cjs\react-dom-client.development.js:1519
performUnitOfWork @ C:\Users\USER\OneDrive\Desktop\PUP\node_modules\react-dom\cjs\react-dom-client.development.js:15132
workLoopConcurrentByScheduler @ C:\Users\USER\OneDrive\Desktop\PUP\node_modules\react-dom\cjs\react-dom-client.development.js:15126
renderRootConcurrent @ C:\Users\USER\OneDrive\Desktop\PUP\node_modules\react-dom\cjs\react-dom-client.development.js:15101
performWorkOnRoot @ C:\Users\USER\OneDrive\Desktop\PUP\node_modules\react-dom\cjs\react-dom-client.development.js:14418
performWorkOnRootViaSchedulerTask @ C:\Users\USER\OneDrive\Desktop\PUP\node_modules\react-dom\cjs\react-dom-client.development.js:16216
performWorkUntilDeadline @ C:\Users\USER\OneDrive\Desktop\PUP\node_modules\scheduler\cjs\scheduler.development.js:45
<ContextNavigator>
exports.jsxDEV @ C:\Users\USER\OneDrive\Desktop\PUP\node_modules\react\cjs\react-jsx-dev-runtime.development.js:346
ExpoRoot @ C:\Users\USER\OneDrive\Desktop\PUP\node_modules\expo-router\build\ExpoRoot.js:87
react-stack-bottom-frame @ C:\Users\USER\OneDrive\Desktop\PUP\node_modules\react-dom\cjs\react-dom-client.development.js:23863
renderWithHooks @ C:\Users\USER\OneDrive\Desktop\PUP\node_modules\react-dom\cjs\react-dom-client.development.js:5529
updateFunctionComponent @ C:\Users\USER\OneDrive\Desktop\PUP\node_modules\react-dom\cjs\react-dom-client.development.js:8897
beginWork @ C:\Users\USER\OneDrive\Desktop\PUP\node_modules\react-dom\cjs\react-dom-client.development.js:10522
runWithFiberInDEV @ C:\Users\USER\OneDrive\Desktop\PUP\node_modules\react-dom\cjs\react-dom-client.development.js:1519
performUnitOfWork @ C:\Users\USER\OneDrive\Desktop\PUP\node_modules\react-dom\cjs\react-dom-client.development.js:15132
workLoopConcurrentByScheduler @ C:\Users\USER\OneDrive\Desktop\PUP\node_modules\react-dom\cjs\react-dom-client.development.js:15126
renderRootConcurrent @ C:\Users\USER\OneDrive\Desktop\PUP\node_modules\react-dom\cjs\react-dom-client.development.js:15101
performWorkOnRoot @ C:\Users\USER\OneDrive\Desktop\PUP\node_modules\react-dom\cjs\react-dom-client.development.js:14418
performWorkOnRootViaSchedulerTask @ C:\Users\USER\OneDrive\Desktop\PUP\node_modules\react-dom\cjs\react-dom-client.development.js:16216
performWorkUntilDeadline @ C:\Users\USER\OneDrive\Desktop\PUP\node_modules\scheduler\cjs\scheduler.development.js:45
<ExpoRoot>
exports.jsxDEV @ C:\Users\USER\OneDrive\Desktop\PUP\node_modules\react\cjs\react-jsx-dev-runtime.development.js:346
App @ C:\Users\USER\OneDrive\Desktop\PUP\node_modules\expo-router\build\qualified-entry.js:21
react-stack-bottom-frame @ C:\Users\USER\OneDrive\Desktop\PUP\node_modules\react-dom\cjs\react-dom-client.development.js:23863
renderWithHooks @ C:\Users\USER\OneDrive\Desktop\PUP\node_modules\react-dom\cjs\react-dom-client.development.js:5529
updateFunctionComponent @ C:\Users\USER\OneDrive\Desktop\PUP\node_modules\react-dom\cjs\react-dom-client.development.js:8897
beginWork @ C:\Users\USER\OneDrive\Desktop\PUP\node_modules\react-dom\cjs\react-dom-client.development.js:10522
runWithFiberInDEV @ C:\Users\USER\OneDrive\Desktop\PUP\node_modules\react-dom\cjs\react-dom-client.development.js:1519
performUnitOfWork @ C:\Users\USER\OneDrive\Desktop\PUP\node_modules\react-dom\cjs\react-dom-client.development.js:15132
workLoopConcurrentByScheduler @ C:\Users\USER\OneDrive\Desktop\PUP\node_modules\react-dom\cjs\react-dom-client.development.js:15126
renderRootConcurrent @ C:\Users\USER\OneDrive\Desktop\PUP\node_modules\react-dom\cjs\react-dom-client.development.js:15101
performWorkOnRoot @ C:\Users\USER\OneDrive\Desktop\PUP\node_modules\react-dom\cjs\react-dom-client.development.js:14418
performWorkOnRootViaSchedulerTask @ C:\Users\USER\OneDrive\Desktop\PUP\node_modules\react-dom\cjs\react-dom-client.development.js:16216
performWorkUntilDeadline @ C:\Users\USER\OneDrive\Desktop\PUP\node_modules\scheduler\cjs\scheduler.development.js:45
<App>
exports.jsxDEV @ C:\Users\USER\OneDrive\Desktop\PUP\node_modules\react\cjs\react-jsx-dev-runtime.development.js:346
ErrorOverlay @ C:\Users\USER\OneDrive\Desktop\PUP\node_modules\@expo\metro-runtime\src\error-overlay\index.tsx:19
react-stack-bottom-frame @ C:\Users\USER\OneDrive\Desktop\PUP\node_modules\react-dom\cjs\react-dom-client.development.js:23863
renderWithHooks @ C:\Users\USER\OneDrive\Desktop\PUP\node_modules\react-dom\cjs\react-dom-client.development.js:5529
updateFunctionComponent @ C:\Users\USER\OneDrive\Desktop\PUP\node_modules\react-dom\cjs\react-dom-client.development.js:8897
beginWork @ C:\Users\USER\OneDrive\Desktop\PUP\node_modules\react-dom\cjs\react-dom-client.development.js:10522
runWithFiberInDEV @ C:\Users\USER\OneDrive\Desktop\PUP\node_modules\react-dom\cjs\react-dom-client.development.js:1519
performUnitOfWork @ C:\Users\USER\OneDrive\Desktop\PUP\node_modules\react-dom\cjs\react-dom-client.development.js:15132
workLoopConcurrentByScheduler @ C:\Users\USER\OneDrive\Desktop\PUP\node_modules\react-dom\cjs\react-dom-client.development.js:15126
renderRootConcurrent @ C:\Users\USER\OneDrive\Desktop\PUP\node_modules\react-dom\cjs\react-dom-client.development.js:15101
performWorkOnRoot @ C:\Users\USER\OneDrive\Desktop\PUP\node_modules\react-dom\cjs\react-dom-client.development.js:14418
performWorkOnRootViaSchedulerTask @ C:\Users\USER\OneDrive\Desktop\PUP\node_modules\react-dom\cjs\react-dom-client.development.js:16216
performWorkUntilDeadline @ C:\Users\USER\OneDrive\Desktop\PUP\node_modules\scheduler\cjs\scheduler.development.js:45
<ErrorOverlay>
exports.jsxDEV @ C:\Users\USER\OneDrive\Desktop\PUP\node_modules\react\cjs\react-jsx-dev-runtime.development.js:346
WithDevTools @ C:\Users\USER\OneDrive\Desktop\PUP\node_modules\expo\src\launch\withDevTools.web.tsx:11
react-stack-bottom-frame @ C:\Users\USER\OneDrive\Desktop\PUP\node_modules\react-dom\cjs\react-dom-client.development.js:23863
renderWithHooks @ C:\Users\USER\OneDrive\Desktop\PUP\node_modules\react-dom\cjs\react-dom-client.development.js:5529
updateFunctionComponent @ C:\Users\USER\OneDrive\Desktop\PUP\node_modules\react-dom\cjs\react-dom-client.development.js:8897
beginWork @ C:\Users\USER\OneDrive\Desktop\PUP\node_modules\react-dom\cjs\react-dom-client.development.js:10522
runWithFiberInDEV @ C:\Users\USER\OneDrive\Desktop\PUP\node_modules\react-dom\cjs\react-dom-client.development.js:1519
performUnitOfWork @ C:\Users\USER\OneDrive\Desktop\PUP\node_modules\react-dom\cjs\react-dom-client.development.js:15132
workLoopConcurrentByScheduler @ C:\Users\USER\OneDrive\Desktop\PUP\node_modules\react-dom\cjs\react-dom-client.development.js:15126
renderRootConcurrent @ C:\Users\USER\OneDrive\Desktop\PUP\node_modules\react-dom\cjs\react-dom-client.development.js:15101
performWorkOnRoot @ C:\Users\USER\OneDrive\Desktop\PUP\node_modules\react-dom\cjs\react-dom-client.development.js:14418
performWorkOnRootViaSchedulerTask @ C:\Users\USER\OneDrive\Desktop\PUP\node_modules\react-dom\cjs\react-dom-client.development.js:16216
performWorkUntilDeadline @ C:\Users\USER\OneDrive\Desktop\PUP\node_modules\scheduler\cjs\scheduler.development.js:45
<withDevTools(ErrorOverlay)>
exports.createElement @ C:\Users\USER\OneDrive\Desktop\PUP\node_modules\react\cjs\react.development.js:1033
renderApplication @ C:\Users\USER\OneDrive\Desktop\PUP\node_modules\react-native-web\dist\exports\AppRegistry\renderApplication.js:27
run @ C:\Users\USER\OneDrive\Desktop\PUP\node_modules\react-native-web\dist\exports\AppRegistry\index.js:36
runApplication @ C:\Users\USER\OneDrive\Desktop\PUP\node_modules\react-native-web\dist\exports\AppRegistry\index.js:74
registerRootComponent @ C:\Users\USER\OneDrive\Desktop\PUP\node_modules\expo\src\launch\registerRootComponent.tsx:58
(anonymous) @ C:\Users\USER\OneDrive\Desktop\PUP\node_modules\expo-router\build\renderRootComponent.js:88
exports.startTransition @ C:\Users\USER\OneDrive\Desktop\PUP\node_modules\react\cjs\react.development.js:1124
renderRootComponent @ C:\Users\USER\OneDrive\Desktop\PUP\node_modules\expo-router\build\renderRootComponent.js:85
(anonymous) @ C:\Users\USER\OneDrive\Desktop\PUP\node_modules\expo-router\entry-classic.js:10
loadModuleImplementation @ C:\Users\USER\OneDrive\Desktop\PUP\node_modules\expo\node_modules\@expo\cli\build\metro-require\require.js:248
guardedLoadModule @ C:\Users\USER\OneDrive\Desktop\PUP\node_modules\expo\node_modules\@expo\cli\build\metro-require\require.js:163
metroRequire @ C:\Users\USER\OneDrive\Desktop\PUP\node_modules\expo\node_modules\@expo\cli\build\metro-require\require.js:74
(anonymous) @ C:\Users\USER\OneDrive\Desktop\PUP\node_modules\expo-router\entry.js:3
loadModuleImplementation @ C:\Users\USER\OneDrive\Desktop\PUP\node_modules\expo\node_modules\@expo\cli\build\metro-require\require.js:248
guardedLoadModule @ C:\Users\USER\OneDrive\Desktop\PUP\node_modules\expo\node_modules\@expo\cli\build\metro-require\require.js:156
metroRequire @ C:\Users\USER\OneDrive\Desktop\PUP\node_modules\expo\node_modules\@expo\cli\build\metro-require\require.js:74
(anonymous) @ entry.bundle?platform=web&dev=true&hot=false&lazy=true&transform.routerRoot=app&transform.reactCompiler=true:196749
content-script.js:22 Document already loaded, running initialization immediately
content-script.js:4 Attempting to initialize AdUnit
content-script.js:6 AdUnit initialized successfully
C:\Users\USER\OneDrive\Desktop\PUP\app\_layout.tsx:25  HEAD https://www.gstatic.com/firebasejs/ui/2.0.0/images/favicon.ico net::ERR_ABORTED 404 (Not Found)
checkFirebase @ C:\Users\USER\OneDrive\Desktop\PUP\app\_layout.tsx:25
t0 @ C:\Users\USER\OneDrive\Desktop\PUP\app\_layout.tsx:37
react-stack-bottom-frame @ C:\Users\USER\OneDrive\Desktop\PUP\node_modules\react-dom\cjs\react-dom-client.development.js:23949
runWithFiberInDEV @ C:\Users\USER\OneDrive\Desktop\PUP\node_modules\react-dom\cjs\react-dom-client.development.js:1519
commitHookEffectListMount @ C:\Users\USER\OneDrive\Desktop\PUP\node_modules\react-dom\cjs\react-dom-client.development.js:11905
commitHookPassiveMountEffects @ C:\Users\USER\OneDrive\Desktop\PUP\node_modules\react-dom\cjs\react-dom-client.development.js:12026
reconnectPassiveEffects @ C:\Users\USER\OneDrive\Desktop\PUP\node_modules\react-dom\cjs\react-dom-client.development.js:14004
recursivelyTraverseReconnectPassiveEffects @ C:\Users\USER\OneDrive\Desktop\PUP\node_modules\react-dom\cjs\react-dom-client.development.js:13976
commitPassiveMountOnFiber @ C:\Users\USER\OneDrive\Desktop\PUP\node_modules\react-dom\cjs\react-dom-client.development.js:13936
recursivelyTraversePassiveMountEffects @ C:\Users\USER\OneDrive\Desktop\PUP\node_modules\react-dom\cjs\react-dom-client.development.js:13815
commitPassiveMountOnFiber @ C:\Users\USER\OneDrive\Desktop\PUP\node_modules\react-dom\cjs\react-dom-client.development.js:13903
recursivelyTraversePassiveMountEffects @ C:\Users\USER\OneDrive\Desktop\PUP\node_modules\react-dom\cjs\react-dom-client.development.js:13815
commitPassiveMountOnFiber @ C:\Users\USER\OneDrive\Desktop\PUP\node_modules\react-dom\cjs\react-dom-client.development.js:13957
recursivelyTraversePassiveMountEffects @ C:\Users\USER\OneDrive\Desktop\PUP\node_modules\react-dom\cjs\react-dom-client.development.js:13815
commitPassiveMountOnFiber @ C:\Users\USER\OneDrive\Desktop\PUP\node_modules\react-dom\cjs\react-dom-client.development.js:13957
recursivelyTraversePassiveMountEffects @ C:\Users\USER\OneDrive\Desktop\PUP\node_modules\react-dom\cjs\react-dom-client.development.js:13815
commitPassiveMountOnFiber @ C:\Users\USER\OneDrive\Desktop\PUP\node_modules\react-dom\cjs\react-dom-client.development.js:13834
recursivelyTraversePassiveMountEffects @ C:\Users\USER\OneDrive\Desktop\PUP\node_modules\react-dom\cjs\react-dom-client.development.js:13815
commitPassiveMountOnFiber @ C:\Users\USER\OneDrive\Desktop\PUP\node_modules\react-dom\cjs\react-dom-client.development.js:13834
recursivelyTraversePassiveMountEffects @ C:\Users\USER\OneDrive\Desktop\PUP\node_modules\react-dom\cjs\react-dom-client.development.js:13815
commitPassiveMountOnFiber @ C:\Users\USER\OneDrive\Desktop\PUP\node_modules\react-dom\cjs\react-dom-client.development.js:13834
recursivelyTraversePassiveMountEffects @ C:\Users\USER\OneDrive\Desktop\PUP\node_modules\react-dom\cjs\react-dom-client.development.js:13815
commitPassiveMountOnFiber @ C:\Users\USER\OneDrive\Desktop\PUP\node_modules\react-dom\cjs\react-dom-client.development.js:13957
recursivelyTraversePassiveMountEffects @ C:\Users\USER\OneDrive\Desktop\PUP\node_modules\react-dom\cjs\react-dom-client.development.js:13815
commitPassiveMountOnFiber @ C:\Users\USER\OneDrive\Desktop\PUP\node_modules\react-dom\cjs\react-dom-client.development.js:13957
recursivelyTraversePassiveMountEffects @ C:\Users\USER\OneDrive\Desktop\PUP\node_modules\react-dom\cjs\react-dom-client.development.js:13815
commitPassiveMountOnFiber @ C:\Users\USER\OneDrive\Desktop\PUP\node_modules\react-dom\cjs\react-dom-client.development.js:13834
recursivelyTraversePassiveMountEffects @ C:\Users\USER\OneDrive\Desktop\PUP\node_modules\react-dom\cjs\react-dom-client.development.js:13815
commitPassiveMountOnFiber @ C:\Users\USER\OneDrive\Desktop\PUP\node_modules\react-dom\cjs\react-dom-client.development.js:13957
recursivelyTraversePassiveMountEffects @ C:\Users\USER\OneDrive\Desktop\PUP\node_modules\react-dom\cjs\react-dom-client.development.js:13815
commitPassiveMountOnFiber @ C:\Users\USER\OneDrive\Desktop\PUP\node_modules\react-dom\cjs\react-dom-client.development.js:13957
recursivelyTraversePassiveMountEffects @ C:\Users\USER\OneDrive\Desktop\PUP\node_modules\react-dom\cjs\react-dom-client.development.js:13815
commitPassiveMountOnFiber @ C:\Users\USER\OneDrive\Desktop\PUP\node_modules\react-dom\cjs\react-dom-client.development.js:13957
recursivelyTraversePassiveMountEffects @ C:\Users\USER\OneDrive\Desktop\PUP\node_modules\react-dom\cjs\react-dom-client.development.js:13815
commitPassiveMountOnFiber @ C:\Users\USER\OneDrive\Desktop\PUP\node_modules\react-dom\cjs\react-dom-client.development.js:13834
recursivelyTraversePassiveMountEffects @ C:\Users\USER\OneDrive\Desktop\PUP\node_modules\react-dom\cjs\react-dom-client.development.js:13815
commitPassiveMountOnFiber @ C:\Users\USER\OneDrive\Desktop\PUP\node_modules\react-dom\cjs\react-dom-client.development.js:13957
recursivelyTraversePassiveMountEffects @ C:\Users\USER\OneDrive\Desktop\PUP\node_modules\react-dom\cjs\react-dom-client.development.js:13815
commitPassiveMountOnFiber @ C:\Users\USER\OneDrive\Desktop\PUP\node_modules\react-dom\cjs\react-dom-client.development.js:13957
recursivelyTraversePassiveMountEffects @ C:\Users\USER\OneDrive\Desktop\PUP\node_modules\react-dom\cjs\react-dom-client.development.js:13815
commitPassiveMountOnFiber @ C:\Users\USER\OneDrive\Desktop\PUP\node_modules\react-dom\cjs\react-dom-client.development.js:13957
recursivelyTraversePassiveMountEffects @ C:\Users\USER\OneDrive\Desktop\PUP\node_modules\react-dom\cjs\react-dom-client.development.js:13815
commitPassiveMountOnFiber @ C:\Users\USER\OneDrive\Desktop\PUP\node_modules\react-dom\cjs\react-dom-client.development.js:13834
recursivelyTraversePassiveMountEffects @ C:\Users\USER\OneDrive\Desktop\PUP\node_modules\react-dom\cjs\react-dom-client.development.js:13815
commitPassiveMountOnFiber @ C:\Users\USER\OneDrive\Desktop\PUP\node_modules\react-dom\cjs\react-dom-client.development.js:13957
recursivelyTraversePassiveMountEffects @ C:\Users\USER\OneDrive\Desktop\PUP\node_modules\react-dom\cjs\react-dom-client.development.js:13815
commitPassiveMountOnFiber @ C:\Users\USER\OneDrive\Desktop\PUP\node_modules\react-dom\cjs\react-dom-client.development.js:13957
recursivelyTraversePassiveMountEffects @ C:\Users\USER\OneDrive\Desktop\PUP\node_modules\react-dom\cjs\react-dom-client.development.js:13815
commitPassiveMountOnFiber @ C:\Users\USER\OneDrive\Desktop\PUP\node_modules\react-dom\cjs\react-dom-client.development.js:13834
recursivelyTraversePassiveMountEffects @ C:\Users\USER\OneDrive\Desktop\PUP\node_modules\react-dom\cjs\react-dom-client.development.js:13815
commitPassiveMountOnFiber @ C:\Users\USER\OneDrive\Desktop\PUP\node_modules\react-dom\cjs\react-dom-client.development.js:13957
recursivelyTraversePassiveMountEffects @ C:\Users\USER\OneDrive\Desktop\PUP\node_modules\react-dom\cjs\react-dom-client.development.js:13815
commitPassiveMountOnFiber @ C:\Users\USER\OneDrive\Desktop\PUP\node_modules\react-dom\cjs\react-dom-client.development.js:13957
recursivelyTraversePassiveMountEffects @ C:\Users\USER\OneDrive\Desktop\PUP\node_modules\react-dom\cjs\react-dom-client.development.js:13815
commitPassiveMountOnFiber @ C:\Users\USER\OneDrive\Desktop\PUP\node_modules\react-dom\cjs\react-dom-client.development.js:13834
recursivelyTraversePassiveMountEffects @ C:\Users\USER\OneDrive\Desktop\PUP\node_modules\react-dom\cjs\react-dom-client.development.js:13815
commitPassiveMountOnFiber @ C:\Users\USER\OneDrive\Desktop\PUP\node_modules\react-dom\cjs\react-dom-client.development.js:13957
recursivelyTraversePassiveMountEffects @ C:\Users\USER\OneDrive\Desktop\PUP\node_modules\react-dom\cjs\react-dom-client.development.js:13815
commitPassiveMountOnFiber @ C:\Users\USER\OneDrive\Desktop\PUP\node_modules\react-dom\cjs\react-dom-client.development.js:13957
recursivelyTraversePassiveMountEffects @ C:\Users\USER\OneDrive\Desktop\PUP\node_modules\react-dom\cjs\react-dom-client.development.js:13815
commitPassiveMountOnFiber @ C:\Users\USER\OneDrive\Desktop\PUP\node_modules\react-dom\cjs\react-dom-client.development.js:13834
recursivelyTraversePassiveMountEffects @ C:\Users\USER\OneDrive\Desktop\PUP\node_modules\react-dom\cjs\react-dom-client.development.js:13815
commitPassiveMountOnFiber @ C:\Users\USER\OneDrive\Desktop\PUP\node_modules\react-dom\cjs\react-dom-client.development.js:13834
recursivelyTraversePassiveMountEffects @ C:\Users\USER\OneDrive\Desktop\PUP\node_modules\react-dom\cjs\react-dom-client.development.js:13815
commitPassiveMountOnFiber @ C:\Users\USER\OneDrive\Desktop\PUP\node_modules\react-dom\cjs\react-dom-client.development.js:13834
recursivelyTraversePassiveMountEffects @ C:\Users\USER\OneDrive\Desktop\PUP\node_modules\react-dom\cjs\react-dom-client.development.js:13815
commitPassiveMountOnFiber @ C:\Users\USER\OneDrive\Desktop\PUP\node_modules\react-dom\cjs\react-dom-client.development.js:13957
recursivelyTraversePassiveMountEffects @ C:\Users\USER\OneDrive\Desktop\PUP\node_modules\react-dom\cjs\react-dom-client.development.js:13815
commitPassiveMountOnFiber @ C:\Users\USER\OneDrive\Desktop\PUP\node_modules\react-dom\cjs\react-dom-client.development.js:13957
recursivelyTraversePassiveMountEffects @ C:\Users\USER\OneDrive\Desktop\PUP\node_modules\react-dom\cjs\react-dom-client.development.js:13815
commitPassiveMountOnFiber @ C:\Users\USER\OneDrive\Desktop\PUP\node_modules\react-dom\cjs\react-dom-client.development.js:13957
recursivelyTraversePassiveMountEffects @ C:\Users\USER\OneDrive\Desktop\PUP\node_modules\react-dom\cjs\react-dom-client.development.js:13815
commitPassiveMountOnFiber @ C:\Users\USER\OneDrive\Desktop\PUP\node_modules\react-dom\cjs\react-dom-client.development.js:13834
recursivelyTraversePassiveMountEffects @ C:\Users\USER\OneDrive\Desktop\PUP\node_modules\react-dom\cjs\react-dom-client.development.js:13815
commitPassiveMountOnFiber @ C:\Users\USER\OneDrive\Desktop\PUP\node_modules\react-dom\cjs\react-dom-client.development.js:13834
recursivelyTraversePassiveMountEffects @ C:\Users\USER\OneDrive\Desktop\PUP\node_modules\react-dom\cjs\react-dom-client.development.js:13815
commitPassiveMountOnFiber @ C:\Users\USER\OneDrive\Desktop\PUP\node_modules\react-dom\cjs\react-dom-client.development.js:13834
recursivelyTraversePassiveMountEffects @ C:\Users\USER\OneDrive\Desktop\PUP\node_modules\react-dom\cjs\react-dom-client.development.js:13815
commitPassiveMountOnFiber @ C:\Users\USER\OneDrive\Desktop\PUP\node_modules\react-dom\cjs\react-dom-client.development.js:13957
recursivelyTraversePassiveMountEffects @ C:\Users\USER\OneDrive\Desktop\PUP\node_modules\react-dom\cjs\react-dom-client.development.js:13815
commitPassiveMountOnFiber @ C:\Users\USER\OneDrive\Desktop\PUP\node_modules\react-dom\cjs\react-dom-client.development.js:13834
recursivelyTraversePassiveMountEffects @ C:\Users\USER\OneDrive\Desktop\PUP\node_modules\react-dom\cjs\react-dom-client.development.js:13815
commitPassiveMountOnFiber @ C:\Users\USER\OneDrive\Desktop\PUP\node_modules\react-dom\cjs\react-dom-client.development.js:13834
recursivelyTraversePassiveMountEffects @ C:\Users\USER\OneDrive\Desktop\PUP\node_modules\react-dom\cjs\react-dom-client.development.js:13815
commitPassiveMountOnFiber @ C:\Users\USER\OneDrive\Desktop\PUP\node_modules\react-dom\cjs\react-dom-client.development.js:13957
recursivelyTraversePassiveMountEffects @ C:\Users\USER\OneDrive\Desktop\PUP\node_modules\react-dom\cjs\react-dom-client.development.js:13815
commitPassiveMountOnFiber @ C:\Users\USER\OneDrive\Desktop\PUP\node_modules\react-dom\cjs\react-dom-client.development.js:13957
recursivelyTraversePassiveMountEffects @ C:\Users\USER\OneDrive\Desktop\PUP\node_modules\react-dom\cjs\react-dom-client.development.js:13815
commitPassiveMountOnFiber @ C:\Users\USER\OneDrive\Desktop\PUP\node_modules\react-dom\cjs\react-dom-client.development.js:13834
recursivelyTraversePassiveMountEffects @ C:\Users\USER\OneDrive\Desktop\PUP\node_modules\react-dom\cjs\react-dom-client.development.js:13815
commitPassiveMountOnFiber @ C:\Users\USER\OneDrive\Desktop\PUP\node_modules\react-dom\cjs\react-dom-client.development.js:13957
recursivelyTraversePassiveMountEffects @ C:\Users\USER\OneDrive\Desktop\PUP\node_modules\react-dom\cjs\react-dom-client.development.js:13815
commitPassiveMountOnFiber @ C:\Users\USER\OneDrive\Desktop\PUP\node_modules\react-dom\cjs\react-dom-client.development.js:13834
recursivelyTraversePassiveMountEffects @ C:\Users\USER\OneDrive\Desktop\PUP\node_modules\react-dom\cjs\react-dom-client.development.js:13815
commitPassiveMountOnFiber @ C:\Users\USER\OneDrive\Desktop\PUP\node_modules\react-dom\cjs\react-dom-client.development.js:13957
recursivelyTraversePassiveMountEffects @ C:\Users\USER\OneDrive\Desktop\PUP\node_modules\react-dom\cjs\react-dom-client.development.js:13815
commitPassiveMountOnFiber @ C:\Users\USER\OneDrive\Desktop\PUP\node_modules\react-dom\cjs\react-dom-client.development.js:13957
recursivelyTraversePassiveMountEffects @ C:\Users\USER\OneDrive\Desktop\PUP\node_modules\react-dom\cjs\react-dom-client.development.js:13815
commitPassiveMountOnFiber @ C:\Users\USER\OneDrive\Desktop\PUP\node_modules\react-dom\cjs\react-dom-client.development.js:13957
recursivelyTraversePassiveMountEffects @ C:\Users\USER\OneDrive\Desktop\PUP\node_modules\react-dom\cjs\react-dom-client.development.js:13815
commitPassiveMountOnFiber @ C:\Users\USER\OneDrive\Desktop\PUP\node_modules\react-dom\cjs\react-dom-client.development.js:13957
recursivelyTraversePassiveMountEffects @ C:\Users\USER\OneDrive\Desktop\PUP\node_modules\react-dom\cjs\react-dom-client.development.js:13815
commitPassiveMountOnFiber @ C:\Users\USER\OneDrive\Desktop\PUP\node_modules\react-dom\cjs\react-dom-client.development.js:13957
recursivelyTraversePassiveMountEffects @ C:\Users\USER\OneDrive\Desktop\PUP\node_modules\react-dom\cjs\react-dom-client.development.js:13815
commitPassiveMountOnFiber @ C:\Users\USER\OneDrive\Desktop\PUP\node_modules\react-dom\cjs\react-dom-client.development.js:13957
recursivelyTraversePassiveMountEffects @ C:\Users\USER\OneDrive\Desktop\PUP\node_modules\react-dom\cjs\react-dom-client.development.js:13815
commitPassiveMountOnFiber @ C:\Users\USER\OneDrive\Desktop\PUP\node_modules\react-dom\cjs\react-dom-client.development.js:13834
recursivelyTraversePassiveMountEffects @ C:\Users\USER\OneDrive\Desktop\PUP\node_modules\react-dom\cjs\react-dom-client.development.js:13815
commitPassiveMountOnFiber @ C:\Users\USER\OneDrive\Desktop\PUP\node_modules\react-dom\cjs\react-dom-client.development.js:13957
recursivelyTraversePassiveMountEffects @ C:\Users\USER\OneDrive\Desktop\PUP\node_modules\react-dom\cjs\react-dom-client.development.js:13815
commitPassiveMountOnFiber @ C:\Users\USER\OneDrive\Desktop\PUP\node_modules\react-dom\cjs\react-dom-client.development.js:13957
recursivelyTraversePassiveMountEffects @ C:\Users\USER\OneDrive\Desktop\PUP\node_modules\react-dom\cjs\react-dom-client.development.js:13815
commitPassiveMountOnFiber @ C:\Users\USER\OneDrive\Desktop\PUP\node_modules\react-dom\cjs\react-dom-client.development.js:13957
recursivelyTraversePassiveMountEffects @ C:\Users\USER\OneDrive\Desktop\PUP\node_modules\react-dom\cjs\react-dom-client.development.js:13815
commitPassiveMountOnFiber @ C:\Users\USER\OneDrive\Desktop\PUP\node_modules\react-dom\cjs\react-dom-client.development.js:13834
recursivelyTraversePassiveMountEffects @ C:\Users\USER\OneDrive\Desktop\PUP\node_modules\react-dom\cjs\react-dom-client.development.js:13815
commitPassiveMountOnFiber @ C:\Users\USER\OneDrive\Desktop\PUP\node_modules\react-dom\cjs\react-dom-client.development.js:13957
recursivelyTraversePassiveMountEffects @ C:\Users\USER\OneDrive\Desktop\PUP\node_modules\react-dom\cjs\react-dom-client.development.js:13815
commitPassiveMountOnFiber @ C:\Users\USER\OneDrive\Desktop\PUP\node_modules\react-dom\cjs\react-dom-client.development.js:13834
recursivelyTraversePassiveMountEffects @ C:\Users\USER\OneDrive\Desktop\PUP\node_modules\react-dom\cjs\react-dom-client.development.js:13815
commitPassiveMountOnFiber @ C:\Users\USER\OneDrive\Desktop\PUP\node_modules\react-dom\cjs\react-dom-client.development.js:13834
recursivelyTraversePassiveMountEffects @ C:\Users\USER\OneDrive\Desktop\PUP\node_modules\react-dom\cjs\react-dom-client.development.js:13815
commitPassiveMountOnFiber @ C:\Users\USER\OneDrive\Desktop\PUP\node_modules\react-dom\cjs\react-dom-client.development.js:13957
recursivelyTraversePassiveMountEffects @ C:\Users\USER\OneDrive\Desktop\PUP\node_modules\react-dom\cjs\react-dom-client.development.js:13815
commitPassiveMountOnFiber @ C:\Users\USER\OneDrive\Desktop\PUP\node_modules\react-dom\cjs\react-dom-client.development.js:13844
recursivelyTraversePassiveMountEffects @ C:\Users\USER\OneDrive\Desktop\PUP\node_modules\react-dom\cjs\react-dom-client.development.js:13815
commitPassiveMountOnFiber @ C:\Users\USER\OneDrive\Desktop\PUP\node_modules\react-dom\cjs\react-dom-client.development.js:13834
recursivelyTraversePassiveMountEffects @ C:\Users\USER\OneDrive\Desktop\PUP\node_modules\react-dom\cjs\react-dom-client.development.js:13815
commitPassiveMountOnFiber @ C:\Users\USER\OneDrive\Desktop\PUP\node_modules\react-dom\cjs\react-dom-client.development.js:13957
recursivelyTraversePassiveMountEffects @ C:\Users\USER\OneDrive\Desktop\PUP\node_modules\react-dom\cjs\react-dom-client.development.js:13815
commitPassiveMountOnFiber @ C:\Users\USER\OneDrive\Desktop\PUP\node_modules\react-dom\cjs\react-dom-client.development.js:13844
recursivelyTraversePassiveMountEffects @ C:\Users\USER\OneDrive\Desktop\PUP\node_modules\react-dom\cjs\react-dom-client.development.js:13815
commitPassiveMountOnFiber @ C:\Users\USER\OneDrive\Desktop\PUP\node_modules\react-dom\cjs\react-dom-client.development.js:13834
recursivelyTraversePassiveMountEffects @ C:\Users\USER\OneDrive\Desktop\PUP\node_modules\react-dom\cjs\react-dom-client.development.js:13815
commitPassiveMountOnFiber @ C:\Users\USER\OneDrive\Desktop\PUP\node_modules\react-dom\cjs\react-dom-client.development.js:13834
recursivelyTraversePassiveMountEffects @ C:\Users\USER\OneDrive\Desktop\PUP\node_modules\react-dom\cjs\react-dom-client.development.js:13815
commitPassiveMountOnFiber @ C:\Users\USER\OneDrive\Desktop\PUP\node_modules\react-dom\cjs\react-dom-client.development.js:13834
recursivelyTraversePassiveMountEffects @ C:\Users\USER\OneDrive\Desktop\PUP\node_modules\react-dom\cjs\react-dom-client.development.js:13815
commitPassiveMountOnFiber @ C:\Users\USER\OneDrive\Desktop\PUP\node_modules\react-dom\cjs\react-dom-client.development.js:13853
flushPassiveEffects @ C:\Users\USER\OneDrive\Desktop\PUP\node_modules\react-dom\cjs\react-dom-client.development.js:15737
(anonymous) @ C:\Users\USER\OneDrive\Desktop\PUP\node_modules\react-dom\cjs\react-dom-client.development.js:15379
performWorkUntilDeadline @ C:\Users\USER\OneDrive\Desktop\PUP\node_modules\scheduler\cjs\scheduler.development.js:45
<RootLayout(./_layout.tsx)>
exports.jsxDEV @ C:\Users\USER\OneDrive\Desktop\PUP\node_modules\react\cjs\react-jsx-dev-runtime.development.js:346
BaseRoute @ C:\Users\USER\OneDrive\Desktop\PUP\node_modules\expo-router\build\useScreens.js:213
react-stack-bottom-frame @ C:\Users\USER\OneDrive\Desktop\PUP\node_modules\react-dom\cjs\react-dom-client.development.js:23863
renderWithHooks @ C:\Users\USER\OneDrive\Desktop\PUP\node_modules\react-dom\cjs\react-dom-client.development.js:5529
updateFunctionComponent @ C:\Users\USER\OneDrive\Desktop\PUP\node_modules\react-dom\cjs\react-dom-client.development.js:8897
beginWork @ C:\Users\USER\OneDrive\Desktop\PUP\node_modules\react-dom\cjs\react-dom-client.development.js:10522
runWithFiberInDEV @ C:\Users\USER\OneDrive\Desktop\PUP\node_modules\react-dom\cjs\react-dom-client.development.js:1519
performUnitOfWork @ C:\Users\USER\OneDrive\Desktop\PUP\node_modules\react-dom\cjs\react-dom-client.development.js:15132
workLoopConcurrentByScheduler @ C:\Users\USER\OneDrive\Desktop\PUP\node_modules\react-dom\cjs\react-dom-client.development.js:15126
renderRootConcurrent @ C:\Users\USER\OneDrive\Desktop\PUP\node_modules\react-dom\cjs\react-dom-client.development.js:15101
performWorkOnRoot @ C:\Users\USER\OneDrive\Desktop\PUP\node_modules\react-dom\cjs\react-dom-client.development.js:14418
performWorkOnRootViaSchedulerTask @ C:\Users\USER\OneDrive\Desktop\PUP\node_modules\react-dom\cjs\react-dom-client.development.js:16216
performWorkUntilDeadline @ C:\Users\USER\OneDrive\Desktop\PUP\node_modules\scheduler\cjs\scheduler.development.js:45
<Route()>
exports.jsx @ C:\Users\USER\OneDrive\Desktop\PUP\node_modules\react\cjs\react-jsx-runtime.development.js:339
SceneView @ C:\Users\USER\OneDrive\Desktop\PUP\node_modules\@react-navigation\core\lib\module\SceneView.js:125
react-stack-bottom-frame @ C:\Users\USER\OneDrive\Desktop\PUP\node_modules\react-dom\cjs\react-dom-client.development.js:23863
renderWithHooks @ C:\Users\USER\OneDrive\Desktop\PUP\node_modules\react-dom\cjs\react-dom-client.development.js:5529
updateFunctionComponent @ C:\Users\USER\OneDrive\Desktop\PUP\node_modules\react-dom\cjs\react-dom-client.development.js:8897
beginWork @ C:\Users\USER\OneDrive\Desktop\PUP\node_modules\react-dom\cjs\react-dom-client.development.js:10522
runWithFiberInDEV @ C:\Users\USER\OneDrive\Desktop\PUP\node_modules\react-dom\cjs\react-dom-client.development.js:1519
performUnitOfWork @ C:\Users\USER\OneDrive\Desktop\PUP\node_modules\react-dom\cjs\react-dom-client.development.js:15132
workLoopConcurrentByScheduler @ C:\Users\USER\OneDrive\Desktop\PUP\node_modules\react-dom\cjs\react-dom-client.development.js:15126
renderRootConcurrent @ C:\Users\USER\OneDrive\Desktop\PUP\node_modules\react-dom\cjs\react-dom-client.development.js:15101
performWorkOnRoot @ C:\Users\USER\OneDrive\Desktop\PUP\node_modules\react-dom\cjs\react-dom-client.development.js:14418
performWorkOnRootViaSchedulerTask @ C:\Users\USER\OneDrive\Desktop\PUP\node_modules\react-dom\cjs\react-dom-client.development.js:16216
performWorkUntilDeadline @ C:\Users\USER\OneDrive\Desktop\PUP\node_modules\scheduler\cjs\scheduler.development.js:45
<SceneView>
exports.jsx @ C:\Users\USER\OneDrive\Desktop\PUP\node_modules\react\cjs\react-jsx-runtime.development.js:339
render @ C:\Users\USER\OneDrive\Desktop\PUP\node_modules\@react-navigation\core\lib\module\useDescriptors.js:108
(anonymous) @ C:\Users\USER\OneDrive\Desktop\PUP\node_modules\@react-navigation\core\lib\module\useDescriptors.js:140
useDescriptors @ C:\Users\USER\OneDrive\Desktop\PUP\node_modules\@react-navigation\core\lib\module\useDescriptors.js:137
useNavigationBuilder @ C:\Users\USER\OneDrive\Desktop\PUP\node_modules\@react-navigation\core\lib\module\useNavigationBuilder.js:562
Content @ C:\Users\USER\OneDrive\Desktop\PUP\node_modules\expo-router\build\ExpoRoot.js:161
react-stack-bottom-frame @ C:\Users\USER\OneDrive\Desktop\PUP\node_modules\react-dom\cjs\react-dom-client.development.js:23863
renderWithHooks @ C:\Users\USER\OneDrive\Desktop\PUP\node_modules\react-dom\cjs\react-dom-client.development.js:5529
updateFunctionComponent @ C:\Users\USER\OneDrive\Desktop\PUP\node_modules\react-dom\cjs\react-dom-client.development.js:8897
beginWork @ C:\Users\USER\OneDrive\Desktop\PUP\node_modules\react-dom\cjs\react-dom-client.development.js:10522
runWithFiberInDEV @ C:\Users\USER\OneDrive\Desktop\PUP\node_modules\react-dom\cjs\react-dom-client.development.js:1519
performUnitOfWork @ C:\Users\USER\OneDrive\Desktop\PUP\node_modules\react-dom\cjs\react-dom-client.development.js:15132
workLoopConcurrentByScheduler @ C:\Users\USER\OneDrive\Desktop\PUP\node_modules\react-dom\cjs\react-dom-client.development.js:15126
renderRootConcurrent @ C:\Users\USER\OneDrive\Desktop\PUP\node_modules\react-dom\cjs\react-dom-client.development.js:15101
performWorkOnRoot @ C:\Users\USER\OneDrive\Desktop\PUP\node_modules\react-dom\cjs\react-dom-client.development.js:14418
performWorkOnRootViaSchedulerTask @ C:\Users\USER\OneDrive\Desktop\PUP\node_modules\react-dom\cjs\react-dom-client.development.js:16216
performWorkUntilDeadline @ C:\Users\USER\OneDrive\Desktop\PUP\node_modules\scheduler\cjs\scheduler.development.js:45
<Content>
exports.jsxDEV @ C:\Users\USER\OneDrive\Desktop\PUP\node_modules\react\cjs\react-jsx-dev-runtime.development.js:346
ContextNavigator @ C:\Users\USER\OneDrive\Desktop\PUP\node_modules\expo-router\build\ExpoRoot.js:147
react-stack-bottom-frame @ C:\Users\USER\OneDrive\Desktop\PUP\node_modules\react-dom\cjs\react-dom-client.development.js:23863
renderWithHooks @ C:\Users\USER\OneDrive\Desktop\PUP\node_modules\react-dom\cjs\react-dom-client.development.js:5529
updateFunctionComponent @ C:\Users\USER\OneDrive\Desktop\PUP\node_modules\react-dom\cjs\react-dom-client.development.js:8897
beginWork @ C:\Users\USER\OneDrive\Desktop\PUP\node_modules\react-dom\cjs\react-dom-client.development.js:10522
runWithFiberInDEV @ C:\Users\USER\OneDrive\Desktop\PUP\node_modules\react-dom\cjs\react-dom-client.development.js:1519
performUnitOfWork @ C:\Users\USER\OneDrive\Desktop\PUP\node_modules\react-dom\cjs\react-dom-client.development.js:15132
workLoopConcurrentByScheduler @ C:\Users\USER\OneDrive\Desktop\PUP\node_modules\react-dom\cjs\react-dom-client.development.js:15126
renderRootConcurrent @ C:\Users\USER\OneDrive\Desktop\PUP\node_modules\react-dom\cjs\react-dom-client.development.js:15101
performWorkOnRoot @ C:\Users\USER\OneDrive\Desktop\PUP\node_modules\react-dom\cjs\react-dom-client.development.js:14418
performWorkOnRootViaSchedulerTask @ C:\Users\USER\OneDrive\Desktop\PUP\node_modules\react-dom\cjs\react-dom-client.development.js:16216
performWorkUntilDeadline @ C:\Users\USER\OneDrive\Desktop\PUP\node_modules\scheduler\cjs\scheduler.development.js:45
<ContextNavigator>
exports.jsxDEV @ C:\Users\USER\OneDrive\Desktop\PUP\node_modules\react\cjs\react-jsx-dev-runtime.development.js:346
ExpoRoot @ C:\Users\USER\OneDrive\Desktop\PUP\node_modules\expo-router\build\ExpoRoot.js:87
react-stack-bottom-frame @ C:\Users\USER\OneDrive\Desktop\PUP\node_modules\react-dom\cjs\react-dom-client.development.js:23863
renderWithHooks @ C:\Users\USER\OneDrive\Desktop\PUP\node_modules\react-dom\cjs\react-dom-client.development.js:5529
updateFunctionComponent @ C:\Users\USER\OneDrive\Desktop\PUP\node_modules\react-dom\cjs\react-dom-client.development.js:8897
beginWork @ C:\Users\USER\OneDrive\Desktop\PUP\node_modules\react-dom\cjs\react-dom-client.development.js:10522
runWithFiberInDEV @ C:\Users\USER\OneDrive\Desktop\PUP\node_modules\react-dom\cjs\react-dom-client.development.js:1519
performUnitOfWork @ C:\Users\USER\OneDrive\Desktop\PUP\node_modules\react-dom\cjs\react-dom-client.development.js:15132
workLoopConcurrentByScheduler @ C:\Users\USER\OneDrive\Desktop\PUP\node_modules\react-dom\cjs\react-dom-client.development.js:15126
renderRootConcurrent @ C:\Users\USER\OneDrive\Desktop\PUP\node_modules\react-dom\cjs\react-dom-client.development.js:15101
performWorkOnRoot @ C:\Users\USER\OneDrive\Desktop\PUP\node_modules\react-dom\cjs\react-dom-client.development.js:14418
performWorkOnRootViaSchedulerTask @ C:\Users\USER\OneDrive\Desktop\PUP\node_modules\react-dom\cjs\react-dom-client.development.js:16216
performWorkUntilDeadline @ C:\Users\USER\OneDrive\Desktop\PUP\node_modules\scheduler\cjs\scheduler.development.js:45
<ExpoRoot>
exports.jsxDEV @ C:\Users\USER\OneDrive\Desktop\PUP\node_modules\react\cjs\react-jsx-dev-runtime.development.js:346
App @ C:\Users\USER\OneDrive\Desktop\PUP\node_modules\expo-router\build\qualified-entry.js:21
react-stack-bottom-frame @ C:\Users\USER\OneDrive\Desktop\PUP\node_modules\react-dom\cjs\react-dom-client.development.js:23863
renderWithHooks @ C:\Users\USER\OneDrive\Desktop\PUP\node_modules\react-dom\cjs\react-dom-client.development.js:5529
updateFunctionComponent @ C:\Users\USER\OneDrive\Desktop\PUP\node_modules\react-dom\cjs\react-dom-client.development.js:8897
beginWork @ C:\Users\USER\OneDrive\Desktop\PUP\node_modules\react-dom\cjs\react-dom-client.development.js:10522
runWithFiberInDEV @ C:\Users\USER\OneDrive\Desktop\PUP\node_modules\react-dom\cjs\react-dom-client.development.js:1519
performUnitOfWork @ C:\Users\USER\OneDrive\Desktop\PUP\node_modules\react-dom\cjs\react-dom-client.development.js:15132
workLoopConcurrentByScheduler @ C:\Users\USER\OneDrive\Desktop\PUP\node_modules\react-dom\cjs\react-dom-client.development.js:15126
renderRootConcurrent @ C:\Users\USER\OneDrive\Desktop\PUP\node_modules\react-dom\cjs\react-dom-client.development.js:15101
performWorkOnRoot @ C:\Users\USER\OneDrive\Desktop\PUP\node_modules\react-dom\cjs\react-dom-client.development.js:14418
performWorkOnRootViaSchedulerTask @ C:\Users\USER\OneDrive\Desktop\PUP\node_modules\react-dom\cjs\react-dom-client.development.js:16216
performWorkUntilDeadline @ C:\Users\USER\OneDrive\Desktop\PUP\node_modules\scheduler\cjs\scheduler.development.js:45
<App>
exports.jsxDEV @ C:\Users\USER\OneDrive\Desktop\PUP\node_modules\react\cjs\react-jsx-dev-runtime.development.js:346
ErrorOverlay @ C:\Users\USER\OneDrive\Desktop\PUP\node_modules\@expo\metro-runtime\src\error-overlay\index.tsx:19
react-stack-bottom-frame @ C:\Users\USER\OneDrive\Desktop\PUP\node_modules\react-dom\cjs\react-dom-client.development.js:23863
renderWithHooks @ C:\Users\USER\OneDrive\Desktop\PUP\node_modules\react-dom\cjs\react-dom-client.development.js:5529
updateFunctionComponent @ C:\Users\USER\OneDrive\Desktop\PUP\node_modules\react-dom\cjs\react-dom-client.development.js:8897
beginWork @ C:\Users\USER\OneDrive\Desktop\PUP\node_modules\react-dom\cjs\react-dom-client.development.js:10522
runWithFiberInDEV @ C:\Users\USER\OneDrive\Desktop\PUP\node_modules\react-dom\cjs\react-dom-client.development.js:1519
performUnitOfWork @ C:\Users\USER\OneDrive\Desktop\PUP\node_modules\react-dom\cjs\react-dom-client.development.js:15132
workLoopConcurrentByScheduler @ C:\Users\USER\OneDrive\Desktop\PUP\node_modules\react-dom\cjs\react-dom-client.development.js:15126
renderRootConcurrent @ C:\Users\USER\OneDrive\Desktop\PUP\node_modules\react-dom\cjs\react-dom-client.development.js:15101
performWorkOnRoot @ C:\Users\USER\OneDrive\Desktop\PUP\node_modules\react-dom\cjs\react-dom-client.development.js:14418
performWorkOnRootViaSchedulerTask @ C:\Users\USER\OneDrive\Desktop\PUP\node_modules\react-dom\cjs\react-dom-client.development.js:16216
performWorkUntilDeadline @ C:\Users\USER\OneDrive\Desktop\PUP\node_modules\scheduler\cjs\scheduler.development.js:45
<ErrorOverlay>
exports.jsxDEV @ C:\Users\USER\OneDrive\Desktop\PUP\node_modules\react\cjs\react-jsx-dev-runtime.development.js:346
WithDevTools @ C:\Users\USER\OneDrive\Desktop\PUP\node_modules\expo\src\launch\withDevTools.web.tsx:11
react-stack-bottom-frame @ C:\Users\USER\OneDrive\Desktop\PUP\node_modules\react-dom\cjs\react-dom-client.development.js:23863
renderWithHooks @ C:\Users\USER\OneDrive\Desktop\PUP\node_modules\react-dom\cjs\react-dom-client.development.js:5529
updateFunctionComponent @ C:\Users\USER\OneDrive\Desktop\PUP\node_modules\react-dom\cjs\react-dom-client.development.js:8897
beginWork @ C:\Users\USER\OneDrive\Desktop\PUP\node_modules\react-dom\cjs\react-dom-client.development.js:10522
runWithFiberInDEV @ C:\Users\USER\OneDrive\Desktop\PUP\node_modules\react-dom\cjs\react-dom-client.development.js:1519
performUnitOfWork @ C:\Users\USER\OneDrive\Desktop\PUP\node_modules\react-dom\cjs\react-dom-client.development.js:15132
workLoopConcurrentByScheduler @ C:\Users\USER\OneDrive\Desktop\PUP\node_modules\react-dom\cjs\react-dom-client.development.js:15126
renderRootConcurrent @ C:\Users\USER\OneDrive\Desktop\PUP\node_modules\react-dom\cjs\react-dom-client.development.js:15101
performWorkOnRoot @ C:\Users\USER\OneDrive\Desktop\PUP\node_modules\react-dom\cjs\react-dom-client.development.js:14418
performWorkOnRootViaSchedulerTask @ C:\Users\USER\OneDrive\Desktop\PUP\node_modules\react-dom\cjs\react-dom-client.development.js:16216
performWorkUntilDeadline @ C:\Users\USER\OneDrive\Desktop\PUP\node_modules\scheduler\cjs\scheduler.development.js:45
<withDevTools(ErrorOverlay)>
exports.createElement @ C:\Users\USER\OneDrive\Desktop\PUP\node_modules\react\cjs\react.development.js:1033
renderApplication @ C:\Users\USER\OneDrive\Desktop\PUP\node_modules\react-native-web\dist\exports\AppRegistry\renderApplication.js:27
run @ C:\Users\USER\OneDrive\Desktop\PUP\node_modules\react-native-web\dist\exports\AppRegistry\index.js:36
runApplication @ C:\Users\USER\OneDrive\Desktop\PUP\node_modules\react-native-web\dist\exports\AppRegistry\index.js:74
registerRootComponent @ C:\Users\USER\OneDrive\Desktop\PUP\node_modules\expo\src\launch\registerRootComponent.tsx:58
(anonymous) @ C:\Users\USER\OneDrive\Desktop\PUP\node_modules\expo-router\build\renderRootComponent.js:88
exports.startTransition @ C:\Users\USER\OneDrive\Desktop\PUP\node_modules\react\cjs\react.development.js:1124
renderRootComponent @ C:\Users\USER\OneDrive\Desktop\PUP\node_modules\expo-router\build\renderRootComponent.js:85
(anonymous) @ C:\Users\USER\OneDrive\Desktop\PUP\node_modules\expo-router\entry-classic.js:10
loadModuleImplementation @ C:\Users\USER\OneDrive\Desktop\PUP\node_modules\expo\node_modules\@expo\cli\build\metro-require\require.js:248
guardedLoadModule @ C:\Users\USER\OneDrive\Desktop\PUP\node_modules\expo\node_modules\@expo\cli\build\metro-require\require.js:163
metroRequire @ C:\Users\USER\OneDrive\Desktop\PUP\node_modules\expo\node_modules\@expo\cli\build\metro-require\require.js:74
(anonymous) @ C:\Users\USER\OneDrive\Desktop\PUP\node_modules\expo-router\entry.js:3
loadModuleImplementation @ C:\Users\USER\OneDrive\Desktop\PUP\node_modules\expo\node_modules\@expo\cli\build\metro-require\require.js:248
guardedLoadModule @ C:\Users\USER\OneDrive\Desktop\PUP\node_modules\expo\node_modules\@expo\cli\build\metro-require\require.js:156
metroRequire @ C:\Users\USER\OneDrive\Desktop\PUP\node_modules\expo\node_modules\@expo\cli\build\metro-require\require.js:74
(anonymous) @ entry.bundle?platform=web&dev=true&hot=false&lazy=true&transform.routerRoot=app&transform.reactCompiler=true:196749
C:\Users\USER\OneDrive\Desktop\PUP\lib\firestore-rest.ts:108 [REST] Auth token set
C:\Users\USER\OneDrive\Desktop\PUP\lib\firestore-rest.ts:156 [REST] getDocument request: {collection: 'profiles', docId: 'ifZP9BIlvpVfo2TN3imKiKixPUh2', hasAuth: true}
C:\Users\USER\OneDrive\Desktop\PUP\lib\firestore-rest.ts:133  GET https://firestore.googleapis.com/v1/projects/lasangpinoy-mobile/databases/(default)/documents/profiles/ifZP9BIlvpVfo2TN3imKiKixPUh2?key=AIzaSyAZ36rq3scKZDT5SsETJ_SYIOEB9Gcbkyk 404 (Not Found)
fetchWithTimeout @ C:\Users\USER\OneDrive\Desktop\PUP\lib\firestore-rest.ts:133
getDocument @ C:\Users\USER\OneDrive\Desktop\PUP\lib\firestore-rest.ts:158
await in getDocument
getProfile @ C:\Users\USER\OneDrive\Desktop\PUP\lib\firebase.ts:281
(anonymous) @ C:\Users\USER\OneDrive\Desktop\PUP\app\index.tsx:18
(anonymous) @ C:\Users\USER\OneDrive\Desktop\PUP\lib\firebase.ts:268
await in (anonymous)
(anonymous) @ C:\Users\USER\OneDrive\Desktop\PUP\node_modules\@firebase\auth\dist\esm\index-dfb5c973.js:3105
Promise.then
registerStateListener @ C:\Users\USER\OneDrive\Desktop\PUP\node_modules\@firebase\auth\dist\esm\index-dfb5c973.js:3101
onAuthStateChanged @ C:\Users\USER\OneDrive\Desktop\PUP\node_modules\@firebase\auth\dist\esm\index-dfb5c973.js:2967
onAuthStateChanged @ C:\Users\USER\OneDrive\Desktop\PUP\node_modules\@firebase\auth\dist\esm\index-dfb5c973.js:7011
onAuthChange @ C:\Users\USER\OneDrive\Desktop\PUP\lib\firebase.ts:261
(anonymous) @ C:\Users\USER\OneDrive\Desktop\PUP\app\index.tsx:14
react-stack-bottom-frame @ C:\Users\USER\OneDrive\Desktop\PUP\node_modules\react-dom\cjs\react-dom-client.development.js:23949
runWithFiberInDEV @ C:\Users\USER\OneDrive\Desktop\PUP\node_modules\react-dom\cjs\react-dom-client.development.js:1519
commitHookEffectListMount @ C:\Users\USER\OneDrive\Desktop\PUP\node_modules\react-dom\cjs\react-dom-client.development.js:11905
commitHookPassiveMountEffects @ C:\Users\USER\OneDrive\Desktop\PUP\node_modules\react-dom\cjs\react-dom-client.development.js:12026
reconnectPassiveEffects @ C:\Users\USER\OneDrive\Desktop\PUP\node_modules\react-dom\cjs\react-dom-client.development.js:14004
recursivelyTraverseReconnectPassiveEffects @ C:\Users\USER\OneDrive\Desktop\PUP\node_modules\react-dom\cjs\react-dom-client.development.js:13976
reconnectPassiveEffects @ C:\Users\USER\OneDrive\Desktop\PUP\node_modules\react-dom\cjs\react-dom-client.development.js:14024
recursivelyTraverseReconnectPassiveEffects @ C:\Users\USER\OneDrive\Desktop\PUP\node_modules\react-dom\cjs\react-dom-client.development.js:13976
reconnectPassiveEffects @ C:\Users\USER\OneDrive\Desktop\PUP\node_modules\react-dom\cjs\react-dom-client.development.js:14051
recursivelyTraverseReconnectPassiveEffects @ C:\Users\USER\OneDrive\Desktop\PUP\node_modules\react-dom\cjs\react-dom-client.development.js:13976
reconnectPassiveEffects @ C:\Users\USER\OneDrive\Desktop\PUP\node_modules\react-dom\cjs\react-dom-client.development.js:14051
recursivelyTraverseReconnectPassiveEffects @ C:\Users\USER\OneDrive\Desktop\PUP\node_modules\react-dom\cjs\react-dom-client.development.js:13976
reconnectPassiveEffects @ C:\Users\USER\OneDrive\Desktop\PUP\node_modules\react-dom\cjs\react-dom-client.development.js:14051
recursivelyTraverseReconnectPassiveEffects @ C:\Users\USER\OneDrive\Desktop\PUP\node_modules\react-dom\cjs\react-dom-client.development.js:13976
reconnectPassiveEffects @ C:\Users\USER\OneDrive\Desktop\PUP\node_modules\react-dom\cjs\react-dom-client.development.js:13997
recursivelyTraverseReconnectPassiveEffects @ C:\Users\USER\OneDrive\Desktop\PUP\node_modules\react-dom\cjs\react-dom-client.development.js:13976
reconnectPassiveEffects @ C:\Users\USER\OneDrive\Desktop\PUP\node_modules\react-dom\cjs\react-dom-client.development.js:13997
recursivelyTraverseReconnectPassiveEffects @ C:\Users\USER\OneDrive\Desktop\PUP\node_modules\react-dom\cjs\react-dom-client.development.js:13976
reconnectPassiveEffects @ C:\Users\USER\OneDrive\Desktop\PUP\node_modules\react-dom\cjs\react-dom-client.development.js:13997
recursivelyTraverseReconnectPassiveEffects @ C:\Users\USER\OneDrive\Desktop\PUP\node_modules\react-dom\cjs\react-dom-client.development.js:13976
reconnectPassiveEffects @ C:\Users\USER\OneDrive\Desktop\PUP\node_modules\react-dom\cjs\react-dom-client.development.js:14051
recursivelyTraverseReconnectPassiveEffects @ C:\Users\USER\OneDrive\Desktop\PUP\node_modules\react-dom\cjs\react-dom-client.development.js:13976
reconnectPassiveEffects @ C:\Users\USER\OneDrive\Desktop\PUP\node_modules\react-dom\cjs\react-dom-client.development.js:14051
recursivelyTraverseReconnectPassiveEffects @ C:\Users\USER\OneDrive\Desktop\PUP\node_modules\react-dom\cjs\react-dom-client.development.js:13976
reconnectPassiveEffects @ C:\Users\USER\OneDrive\Desktop\PUP\node_modules\react-dom\cjs\react-dom-client.development.js:13997
recursivelyTraverseReconnectPassiveEffects @ C:\Users\USER\OneDrive\Desktop\PUP\node_modules\react-dom\cjs\react-dom-client.development.js:13976
reconnectPassiveEffects @ C:\Users\USER\OneDrive\Desktop\PUP\node_modules\react-dom\cjs\react-dom-client.development.js:14051
recursivelyTraverseReconnectPassiveEffects @ C:\Users\USER\OneDrive\Desktop\PUP\node_modules\react-dom\cjs\react-dom-client.development.js:13976
reconnectPassiveEffects @ C:\Users\USER\OneDrive\Desktop\PUP\node_modules\react-dom\cjs\react-dom-client.development.js:14051
recursivelyTraverseReconnectPassiveEffects @ C:\Users\USER\OneDrive\Desktop\PUP\node_modules\react-dom\cjs\react-dom-client.development.js:13976
reconnectPassiveEffects @ C:\Users\USER\OneDrive\Desktop\PUP\node_modules\react-dom\cjs\react-dom-client.development.js:14051
recursivelyTraverseReconnectPassiveEffects @ C:\Users\USER\OneDrive\Desktop\PUP\node_modules\react-dom\cjs\react-dom-client.development.js:13976
reconnectPassiveEffects @ C:\Users\USER\OneDrive\Desktop\PUP\node_modules\react-dom\cjs\react-dom-client.development.js:13997
recursivelyTraverseReconnectPassiveEffects @ C:\Users\USER\OneDrive\Desktop\PUP\node_modules\react-dom\cjs\react-dom-client.development.js:13976
reconnectPassiveEffects @ C:\Users\USER\OneDrive\Desktop\PUP\node_modules\react-dom\cjs\react-dom-client.development.js:14051
recursivelyTraverseReconnectPassiveEffects @ C:\Users\USER\OneDrive\Desktop\PUP\node_modules\react-dom\cjs\react-dom-client.development.js:13976
reconnectPassiveEffects @ C:\Users\USER\OneDrive\Desktop\PUP\node_modules\react-dom\cjs\react-dom-client.development.js:14051
recursivelyTraverseReconnectPassiveEffects @ C:\Users\USER\OneDrive\Desktop\PUP\node_modules\react-dom\cjs\react-dom-client.development.js:13976
reconnectPassiveEffects @ C:\Users\USER\OneDrive\Desktop\PUP\node_modules\react-dom\cjs\react-dom-client.development.js:14051
recursivelyTraverseReconnectPassiveEffects @ C:\Users\USER\OneDrive\Desktop\PUP\node_modules\react-dom\cjs\react-dom-client.development.js:13976
reconnectPassiveEffects @ C:\Users\USER\OneDrive\Desktop\PUP\node_modules\react-dom\cjs\react-dom-client.development.js:13997
recursivelyTraverseReconnectPassiveEffects @ C:\Users\USER\OneDrive\Desktop\PUP\node_modules\react-dom\cjs\react-dom-client.development.js:13976
reconnectPassiveEffects @ C:\Users\USER\OneDrive\Desktop\PUP\node_modules\react-dom\cjs\react-dom-client.development.js:14051
recursivelyTraverseReconnectPassiveEffects @ C:\Users\USER\OneDrive\Desktop\PUP\node_modules\react-dom\cjs\react-dom-client.development.js:13976
reconnectPassiveEffects @ C:\Users\USER\OneDrive\Desktop\PUP\node_modules\react-dom\cjs\react-dom-client.development.js:14051
recursivelyTraverseReconnectPassiveEffects @ C:\Users\USER\OneDrive\Desktop\PUP\node_modules\react-dom\cjs\react-dom-client.development.js:13976
reconnectPassiveEffects @ C:\Users\USER\OneDrive\Desktop\PUP\node_modules\react-dom\cjs\react-dom-client.development.js:13997
recursivelyTraverseReconnectPassiveEffects @ C:\Users\USER\OneDrive\Desktop\PUP\node_modules\react-dom\cjs\react-dom-client.development.js:13976
reconnectPassiveEffects @ C:\Users\USER\OneDrive\Desktop\PUP\node_modules\react-dom\cjs\react-dom-client.development.js:14051
recursivelyTraverseReconnectPassiveEffects @ C:\Users\USER\OneDrive\Desktop\PUP\node_modules\react-dom\cjs\react-dom-client.development.js:13976
reconnectPassiveEffects @ C:\Users\USER\OneDrive\Desktop\PUP\node_modules\react-dom\cjs\react-dom-client.development.js:14051
recursivelyTraverseReconnectPassiveEffects @ C:\Users\USER\OneDrive\Desktop\PUP\node_modules\react-dom\cjs\react-dom-client.development.js:13976
reconnectPassiveEffects @ C:\Users\USER\OneDrive\Desktop\PUP\node_modules\react-dom\cjs\react-dom-client.development.js:13997
recursivelyTraverseReconnectPassiveEffects @ C:\Users\USER\OneDrive\Desktop\PUP\node_modules\react-dom\cjs\react-dom-client.development.js:13976
reconnectPassiveEffects @ C:\Users\USER\OneDrive\Desktop\PUP\node_modules\react-dom\cjs\react-dom-client.development.js:14051
recursivelyTraverseReconnectPassiveEffects @ C:\Users\USER\OneDrive\Desktop\PUP\node_modules\react-dom\cjs\react-dom-client.development.js:13976
reconnectPassiveEffects @ C:\Users\USER\OneDrive\Desktop\PUP\node_modules\react-dom\cjs\react-dom-client.development.js:14051
recursivelyTraverseReconnectPassiveEffects @ C:\Users\USER\OneDrive\Desktop\PUP\node_modules\react-dom\cjs\react-dom-client.development.js:13976
reconnectPassiveEffects @ C:\Users\USER\OneDrive\Desktop\PUP\node_modules\react-dom\cjs\react-dom-client.development.js:13997
recursivelyTraverseReconnectPassiveEffects @ C:\Users\USER\OneDrive\Desktop\PUP\node_modules\react-dom\cjs\react-dom-client.development.js:13976
reconnectPassiveEffects @ C:\Users\USER\OneDrive\Desktop\PUP\node_modules\react-dom\cjs\react-dom-client.development.js:13997
recursivelyTraverseReconnectPassiveEffects @ C:\Users\USER\OneDrive\Desktop\PUP\node_modules\react-dom\cjs\react-dom-client.development.js:13976
reconnectPassiveEffects @ C:\Users\USER\OneDrive\Desktop\PUP\node_modules\react-dom\cjs\react-dom-client.development.js:13997
recursivelyTraverseReconnectPassiveEffects @ C:\Users\USER\OneDrive\Desktop\PUP\node_modules\react-dom\cjs\react-dom-client.development.js:13976
reconnectPassiveEffects @ C:\Users\USER\OneDrive\Desktop\PUP\node_modules\react-dom\cjs\react-dom-client.development.js:13997
recursivelyTraverseReconnectPassiveEffects @ C:\Users\USER\OneDrive\Desktop\PUP\node_modules\react-dom\cjs\react-dom-client.development.js:13976
reconnectPassiveEffects @ C:\Users\USER\OneDrive\Desktop\PUP\node_modules\react-dom\cjs\react-dom-client.development.js:14051
recursivelyTraverseReconnectPassiveEffects @ C:\Users\USER\OneDrive\Desktop\PUP\node_modules\react-dom\cjs\react-dom-client.development.js:13976
reconnectPassiveEffects @ C:\Users\USER\OneDrive\Desktop\PUP\node_modules\react-dom\cjs\react-dom-client.development.js:13997
recursivelyTraverseReconnectPassiveEffects @ C:\Users\USER\OneDrive\Desktop\PUP\node_modules\react-dom\cjs\react-dom-client.development.js:13976
reconnectPassiveEffects @ C:\Users\USER\OneDrive\Desktop\PUP\node_modules\react-dom\cjs\react-dom-client.development.js:13997
recursivelyTraverseReconnectPassiveEffects @ C:\Users\USER\OneDrive\Desktop\PUP\node_modules\react-dom\cjs\react-dom-client.development.js:13976
commitPassiveMountOnFiber @ C:\Users\USER\OneDrive\Desktop\PUP\node_modules\react-dom\cjs\react-dom-client.development.js:13936
recursivelyTraversePassiveMountEffects @ C:\Users\USER\OneDrive\Desktop\PUP\node_modules\react-dom\cjs\react-dom-client.development.js:13815
commitPassiveMountOnFiber @ C:\Users\USER\OneDrive\Desktop\PUP\node_modules\react-dom\cjs\react-dom-client.development.js:13903
recursivelyTraversePassiveMountEffects @ C:\Users\USER\OneDrive\Desktop\PUP\node_modules\react-dom\cjs\react-dom-client.development.js:13815
commitPassiveMountOnFiber @ C:\Users\USER\OneDrive\Desktop\PUP\node_modules\react-dom\cjs\react-dom-client.development.js:13957
recursivelyTraversePassiveMountEffects @ C:\Users\USER\OneDrive\Desktop\PUP\node_modules\react-dom\cjs\react-dom-client.development.js:13815
commitPassiveMountOnFiber @ C:\Users\USER\OneDrive\Desktop\PUP\node_modules\react-dom\cjs\react-dom-client.development.js:13957
recursivelyTraversePassiveMountEffects @ C:\Users\USER\OneDrive\Desktop\PUP\node_modules\react-dom\cjs\react-dom-client.development.js:13815
commitPassiveMountOnFiber @ C:\Users\USER\OneDrive\Desktop\PUP\node_modules\react-dom\cjs\react-dom-client.development.js:13834
recursivelyTraversePassiveMountEffects @ C:\Users\USER\OneDrive\Desktop\PUP\node_modules\react-dom\cjs\react-dom-client.development.js:13815
commitPassiveMountOnFiber @ C:\Users\USER\OneDrive\Desktop\PUP\node_modules\react-dom\cjs\react-dom-client.development.js:13834
recursivelyTraversePassiveMountEffects @ C:\Users\USER\OneDrive\Desktop\PUP\node_modules\react-dom\cjs\react-dom-client.development.js:13815
commitPassiveMountOnFiber @ C:\Users\USER\OneDrive\Desktop\PUP\node_modules\react-dom\cjs\react-dom-client.development.js:13834
recursivelyTraversePassiveMountEffects @ C:\Users\USER\OneDrive\Desktop\PUP\node_modules\react-dom\cjs\react-dom-client.development.js:13815
commitPassiveMountOnFiber @ C:\Users\USER\OneDrive\Desktop\PUP\node_modules\react-dom\cjs\react-dom-client.development.js:13957
recursivelyTraversePassiveMountEffects @ C:\Users\USER\OneDrive\Desktop\PUP\node_modules\react-dom\cjs\react-dom-client.development.js:13815
commitPassiveMountOnFiber @ C:\Users\USER\OneDrive\Desktop\PUP\node_modules\react-dom\cjs\react-dom-client.development.js:13957
recursivelyTraversePassiveMountEffects @ C:\Users\USER\OneDrive\Desktop\PUP\node_modules\react-dom\cjs\react-dom-client.development.js:13815
commitPassiveMountOnFiber @ C:\Users\USER\OneDrive\Desktop\PUP\node_modules\react-dom\cjs\react-dom-client.development.js:13834
recursivelyTraversePassiveMountEffects @ C:\Users\USER\OneDrive\Desktop\PUP\node_modules\react-dom\cjs\react-dom-client.development.js:13815
commitPassiveMountOnFiber @ C:\Users\USER\OneDrive\Desktop\PUP\node_modules\react-dom\cjs\react-dom-client.development.js:13957
recursivelyTraversePassiveMountEffects @ C:\Users\USER\OneDrive\Desktop\PUP\node_modules\react-dom\cjs\react-dom-client.development.js:13815
commitPassiveMountOnFiber @ C:\Users\USER\OneDrive\Desktop\PUP\node_modules\react-dom\cjs\react-dom-client.development.js:13957
recursivelyTraversePassiveMountEffects @ C:\Users\USER\OneDrive\Desktop\PUP\node_modules\react-dom\cjs\react-dom-client.development.js:13815
commitPassiveMountOnFiber @ C:\Users\USER\OneDrive\Desktop\PUP\node_modules\react-dom\cjs\react-dom-client.development.js:13957
recursivelyTraversePassiveMountEffects @ C:\Users\USER\OneDrive\Desktop\PUP\node_modules\react-dom\cjs\react-dom-client.development.js:13815
commitPassiveMountOnFiber @ C:\Users\USER\OneDrive\Desktop\PUP\node_modules\react-dom\cjs\react-dom-client.development.js:13834
recursivelyTraversePassiveMountEffects @ C:\Users\USER\OneDrive\Desktop\PUP\node_modules\react-dom\cjs\react-dom-client.development.js:13815
commitPassiveMountOnFiber @ C:\Users\USER\OneDrive\Desktop\PUP\node_modules\react-dom\cjs\react-dom-client.development.js:13957
recursivelyTraversePassiveMountEffects @ C:\Users\USER\OneDrive\Desktop\PUP\node_modules\react-dom\cjs\react-dom-client.development.js:13815
commitPassiveMountOnFiber @ C:\Users\USER\OneDrive\Desktop\PUP\node_modules\react-dom\cjs\react-dom-client.development.js:13957
recursivelyTraversePassiveMountEffects @ C:\Users\USER\OneDrive\Desktop\PUP\node_modules\react-dom\cjs\react-dom-client.development.js:13815
commitPassiveMountOnFiber @ C:\Users\USER\OneDrive\Desktop\PUP\node_modules\react-dom\cjs\react-dom-client.development.js:13957
recursivelyTraversePassiveMountEffects @ C:\Users\USER\OneDrive\Desktop\PUP\node_modules\react-dom\cjs\react-dom-client.development.js:13815
commitPassiveMountOnFiber @ C:\Users\USER\OneDrive\Desktop\PUP\node_modules\react-dom\cjs\react-dom-client.development.js:13834
recursivelyTraversePassiveMountEffects @ C:\Users\USER\OneDrive\Desktop\PUP\node_modules\react-dom\cjs\react-dom-client.development.js:13815
commitPassiveMountOnFiber @ C:\Users\USER\OneDrive\Desktop\PUP\node_modules\react-dom\cjs\react-dom-client.development.js:13957
recursivelyTraversePassiveMountEffects @ C:\Users\USER\OneDrive\Desktop\PUP\node_modules\react-dom\cjs\react-dom-client.development.js:13815
commitPassiveMountOnFiber @ C:\Users\USER\OneDrive\Desktop\PUP\node_modules\react-dom\cjs\react-dom-client.development.js:13957
recursivelyTraversePassiveMountEffects @ C:\Users\USER\OneDrive\Desktop\PUP\node_modules\react-dom\cjs\react-dom-client.development.js:13815
commitPassiveMountOnFiber @ C:\Users\USER\OneDrive\Desktop\PUP\node_modules\react-dom\cjs\react-dom-client.development.js:13834
recursivelyTraversePassiveMountEffects @ C:\Users\USER\OneDrive\Desktop\PUP\node_modules\react-dom\cjs\react-dom-client.development.js:13815
commitPassiveMountOnFiber @ C:\Users\USER\OneDrive\Desktop\PUP\node_modules\react-dom\cjs\react-dom-client.development.js:13957
recursivelyTraversePassiveMountEffects @ C:\Users\USER\OneDrive\Desktop\PUP\node_modules\react-dom\cjs\react-dom-client.development.js:13815
commitPassiveMountOnFiber @ C:\Users\USER\OneDrive\Desktop\PUP\node_modules\react-dom\cjs\react-dom-client.development.js:13957
recursivelyTraversePassiveMountEffects @ C:\Users\USER\OneDrive\Desktop\PUP\node_modules\react-dom\cjs\react-dom-client.development.js:13815
commitPassiveMountOnFiber @ C:\Users\USER\OneDrive\Desktop\PUP\node_modules\react-dom\cjs\react-dom-client.development.js:13834
recursivelyTraversePassiveMountEffects @ C:\Users\USER\OneDrive\Desktop\PUP\node_modules\react-dom\cjs\react-dom-client.development.js:13815
commitPassiveMountOnFiber @ C:\Users\USER\OneDrive\Desktop\PUP\node_modules\react-dom\cjs\react-dom-client.development.js:13957
recursivelyTraversePassiveMountEffects @ C:\Users\USER\OneDrive\Desktop\PUP\node_modules\react-dom\cjs\react-dom-client.development.js:13815
commitPassiveMountOnFiber @ C:\Users\USER\OneDrive\Desktop\PUP\node_modules\react-dom\cjs\react-dom-client.development.js:13957
recursivelyTraversePassiveMountEffects @ C:\Users\USER\OneDrive\Desktop\PUP\node_modules\react-dom\cjs\react-dom-client.development.js:13815
commitPassiveMountOnFiber @ C:\Users\USER\OneDrive\Desktop\PUP\node_modules\react-dom\cjs\react-dom-client.development.js:13834
recursivelyTraversePassiveMountEffects @ C:\Users\USER\OneDrive\Desktop\PUP\node_modules\react-dom\cjs\react-dom-client.development.js:13815
commitPassiveMountOnFiber @ C:\Users\USER\OneDrive\Desktop\PUP\node_modules\react-dom\cjs\react-dom-client.development.js:13834
recursivelyTraversePassiveMountEffects @ C:\Users\USER\OneDrive\Desktop\PUP\node_modules\react-dom\cjs\react-dom-client.development.js:13815
commitPassiveMountOnFiber @ C:\Users\USER\OneDrive\Desktop\PUP\node_modules\react-dom\cjs\react-dom-client.development.js:13834
recursivelyTraversePassiveMountEffects @ C:\Users\USER\OneDrive\Desktop\PUP\node_modules\react-dom\cjs\react-dom-client.development.js:13815
commitPassiveMountOnFiber @ C:\Users\USER\OneDrive\Desktop\PUP\node_modules\react-dom\cjs\react-dom-client.development.js:13957
recursivelyTraversePassiveMountEffects @ C:\Users\USER\OneDrive\Desktop\PUP\node_modules\react-dom\cjs\react-dom-client.development.js:13815
commitPassiveMountOnFiber @ C:\Users\USER\OneDrive\Desktop\PUP\node_modules\react-dom\cjs\react-dom-client.development.js:13957
recursivelyTraversePassiveMountEffects @ C:\Users\USER\OneDrive\Desktop\PUP\node_modules\react-dom\cjs\react-dom-client.development.js:13815
commitPassiveMountOnFiber @ C:\Users\USER\OneDrive\Desktop\PUP\node_modules\react-dom\cjs\react-dom-client.development.js:13957
recursivelyTraversePassiveMountEffects @ C:\Users\USER\OneDrive\Desktop\PUP\node_modules\react-dom\cjs\react-dom-client.development.js:13815
commitPassiveMountOnFiber @ C:\Users\USER\OneDrive\Desktop\PUP\node_modules\react-dom\cjs\react-dom-client.development.js:13834
recursivelyTraversePassiveMountEffects @ C:\Users\USER\OneDrive\Desktop\PUP\node_modules\react-dom\cjs\react-dom-client.development.js:13815
commitPassiveMountOnFiber @ C:\Users\USER\OneDrive\Desktop\PUP\node_modules\react-dom\cjs\react-dom-client.development.js:13834
recursivelyTraversePassiveMountEffects @ C:\Users\USER\OneDrive\Desktop\PUP\node_modules\react-dom\cjs\react-dom-client.development.js:13815
commitPassiveMountOnFiber @ C:\Users\USER\OneDrive\Desktop\PUP\node_modules\react-dom\cjs\react-dom-client.development.js:13834
recursivelyTraversePassiveMountEffects @ C:\Users\USER\OneDrive\Desktop\PUP\node_modules\react-dom\cjs\react-dom-client.development.js:13815
commitPassiveMountOnFiber @ C:\Users\USER\OneDrive\Desktop\PUP\node_modules\react-dom\cjs\react-dom-client.development.js:13957
recursivelyTraversePassiveMountEffects @ C:\Users\USER\OneDrive\Desktop\PUP\node_modules\react-dom\cjs\react-dom-client.development.js:13815
commitPassiveMountOnFiber @ C:\Users\USER\OneDrive\Desktop\PUP\node_modules\react-dom\cjs\react-dom-client.development.js:13834
recursivelyTraversePassiveMountEffects @ C:\Users\USER\OneDrive\Desktop\PUP\node_modules\react-dom\cjs\react-dom-client.development.js:13815
commitPassiveMountOnFiber @ C:\Users\USER\OneDrive\Desktop\PUP\node_modules\react-dom\cjs\react-dom-client.development.js:13834
recursivelyTraversePassiveMountEffects @ C:\Users\USER\OneDrive\Desktop\PUP\node_modules\react-dom\cjs\react-dom-client.development.js:13815
commitPassiveMountOnFiber @ C:\Users\USER\OneDrive\Desktop\PUP\node_modules\react-dom\cjs\react-dom-client.development.js:13957
recursivelyTraversePassiveMountEffects @ C:\Users\USER\OneDrive\Desktop\PUP\node_modules\react-dom\cjs\react-dom-client.development.js:13815
commitPassiveMountOnFiber @ C:\Users\USER\OneDrive\Desktop\PUP\node_modules\react-dom\cjs\react-dom-client.development.js:13957
recursivelyTraversePassiveMountEffects @ C:\Users\USER\OneDrive\Desktop\PUP\node_modules\react-dom\cjs\react-dom-client.development.js:13815
commitPassiveMountOnFiber @ C:\Users\USER\OneDrive\Desktop\PUP\node_modules\react-dom\cjs\react-dom-client.development.js:13834
recursivelyTraversePassiveMountEffects @ C:\Users\USER\OneDrive\Desktop\PUP\node_modules\react-dom\cjs\react-dom-client.development.js:13815
commitPassiveMountOnFiber @ C:\Users\USER\OneDrive\Desktop\PUP\node_modules\react-dom\cjs\react-dom-client.development.js:13957
recursivelyTraversePassiveMountEffects @ C:\Users\USER\OneDrive\Desktop\PUP\node_modules\react-dom\cjs\react-dom-client.development.js:13815
commitPassiveMountOnFiber @ C:\Users\USER\OneDrive\Desktop\PUP\node_modules\react-dom\cjs\react-dom-client.development.js:13834
recursivelyTraversePassiveMountEffects @ C:\Users\USER\OneDrive\Desktop\PUP\node_modules\react-dom\cjs\react-dom-client.development.js:13815
commitPassiveMountOnFiber @ C:\Users\USER\OneDrive\Desktop\PUP\node_modules\react-dom\cjs\react-dom-client.development.js:13957
recursivelyTraversePassiveMountEffects @ C:\Users\USER\OneDrive\Desktop\PUP\node_modules\react-dom\cjs\react-dom-client.development.js:13815
commitPassiveMountOnFiber @ C:\Users\USER\OneDrive\Desktop\PUP\node_modules\react-dom\cjs\react-dom-client.development.js:13957
recursivelyTraversePassiveMountEffects @ C:\Users\USER\OneDrive\Desktop\PUP\node_modules\react-dom\cjs\react-dom-client.development.js:13815
commitPassiveMountOnFiber @ C:\Users\USER\OneDrive\Desktop\PUP\node_modules\react-dom\cjs\react-dom-client.development.js:13957
recursivelyTraversePassiveMountEffects @ C:\Users\USER\OneDrive\Desktop\PUP\node_modules\react-dom\cjs\react-dom-client.development.js:13815
commitPassiveMountOnFiber @ C:\Users\USER\OneDrive\Desktop\PUP\node_modules\react-dom\cjs\react-dom-client.development.js:13957
recursivelyTraversePassiveMountEffects @ C:\Users\USER\OneDrive\Desktop\PUP\node_modules\react-dom\cjs\react-dom-client.development.js:13815
commitPassiveMountOnFiber @ C:\Users\USER\OneDrive\Desktop\PUP\node_modules\react-dom\cjs\react-dom-client.development.js:13957
recursivelyTraversePassiveMountEffects @ C:\Users\USER\OneDrive\Desktop\PUP\node_modules\react-dom\cjs\react-dom-client.development.js:13815
commitPassiveMountOnFiber @ C:\Users\USER\OneDrive\Desktop\PUP\node_modules\react-dom\cjs\react-dom-client.development.js:13957
recursivelyTraversePassiveMountEffects @ C:\Users\USER\OneDrive\Desktop\PUP\node_modules\react-dom\cjs\react-dom-client.development.js:13815
commitPassiveMountOnFiber @ C:\Users\USER\OneDrive\Desktop\PUP\node_modules\react-dom\cjs\react-dom-client.development.js:13834
recursivelyTraversePassiveMountEffects @ C:\Users\USER\OneDrive\Desktop\PUP\node_modules\react-dom\cjs\react-dom-client.development.js:13815
commitPassiveMountOnFiber @ C:\Users\USER\OneDrive\Desktop\PUP\node_modules\react-dom\cjs\react-dom-client.development.js:13957
recursivelyTraversePassiveMountEffects @ C:\Users\USER\OneDrive\Desktop\PUP\node_modules\react-dom\cjs\react-dom-client.development.js:13815
commitPassiveMountOnFiber @ C:\Users\USER\OneDrive\Desktop\PUP\node_modules\react-dom\cjs\react-dom-client.development.js:13957
recursivelyTraversePassiveMountEffects @ C:\Users\USER\OneDrive\Desktop\PUP\node_modules\react-dom\cjs\react-dom-client.development.js:13815
commitPassiveMountOnFiber @ C:\Users\USER\OneDrive\Desktop\PUP\node_modules\react-dom\cjs\react-dom-client.development.js:13957
recursivelyTraversePassiveMountEffects @ C:\Users\USER\OneDrive\Desktop\PUP\node_modules\react-dom\cjs\react-dom-client.development.js:13815
commitPassiveMountOnFiber @ C:\Users\USER\OneDrive\Desktop\PUP\node_modules\react-dom\cjs\react-dom-client.development.js:13834
recursivelyTraversePassiveMountEffects @ C:\Users\USER\OneDrive\Desktop\PUP\node_modules\react-dom\cjs\react-dom-client.development.js:13815
commitPassiveMountOnFiber @ C:\Users\USER\OneDrive\Desktop\PUP\node_modules\react-dom\cjs\react-dom-client.development.js:13957
recursivelyTraversePassiveMountEffects @ C:\Users\USER\OneDrive\Desktop\PUP\node_modules\react-dom\cjs\react-dom-client.development.js:13815
commitPassiveMountOnFiber @ C:\Users\USER\OneDrive\Desktop\PUP\node_modules\react-dom\cjs\react-dom-client.development.js:13834
recursivelyTraversePassiveMountEffects @ C:\Users\USER\OneDrive\Desktop\PUP\node_modules\react-dom\cjs\react-dom-client.development.js:13815
commitPassiveMountOnFiber @ C:\Users\USER\OneDrive\Desktop\PUP\node_modules\react-dom\cjs\react-dom-client.development.js:13834
recursivelyTraversePassiveMountEffects @ C:\Users\USER\OneDrive\Desktop\PUP\node_modules\react-dom\cjs\react-dom-client.development.js:13815
commitPassiveMountOnFiber @ C:\Users\USER\OneDrive\Desktop\PUP\node_modules\react-dom\cjs\react-dom-client.development.js:13957
recursivelyTraversePassiveMountEffects @ C:\Users\USER\OneDrive\Desktop\PUP\node_modules\react-dom\cjs\react-dom-client.development.js:13815
commitPassiveMountOnFiber @ C:\Users\USER\OneDrive\Desktop\PUP\node_modules\react-dom\cjs\react-dom-client.development.js:13844
recursivelyTraversePassiveMountEffects @ C:\Users\USER\OneDrive\Desktop\PUP\node_modules\react-dom\cjs\react-dom-client.development.js:13815
commitPassiveMountOnFiber @ C:\Users\USER\OneDrive\Desktop\PUP\node_modules\react-dom\cjs\react-dom-client.development.js:13834
recursivelyTraversePassiveMountEffects @ C:\Users\USER\OneDrive\Desktop\PUP\node_modules\react-dom\cjs\react-dom-client.development.js:13815
commitPassiveMountOnFiber @ C:\Users\USER\OneDrive\Desktop\PUP\node_modules\react-dom\cjs\react-dom-client.development.js:13957
recursivelyTraversePassiveMountEffects @ C:\Users\USER\OneDrive\Desktop\PUP\node_modules\react-dom\cjs\react-dom-client.development.js:13815
commitPassiveMountOnFiber @ C:\Users\USER\OneDrive\Desktop\PUP\node_modules\react-dom\cjs\react-dom-client.development.js:13844
<Index(./index.tsx)>
exports.jsxDEV @ C:\Users\USER\OneDrive\Desktop\PUP\node_modules\react\cjs\react-jsx-dev-runtime.development.js:346
BaseRoute @ C:\Users\USER\OneDrive\Desktop\PUP\node_modules\expo-router\build\useScreens.js:213
react-stack-bottom-frame @ C:\Users\USER\OneDrive\Desktop\PUP\node_modules\react-dom\cjs\react-dom-client.development.js:23863
renderWithHooks @ C:\Users\USER\OneDrive\Desktop\PUP\node_modules\react-dom\cjs\react-dom-client.development.js:5529
updateFunctionComponent @ C:\Users\USER\OneDrive\Desktop\PUP\node_modules\react-dom\cjs\react-dom-client.development.js:8897
beginWork @ C:\Users\USER\OneDrive\Desktop\PUP\node_modules\react-dom\cjs\react-dom-client.development.js:10522
runWithFiberInDEV @ C:\Users\USER\OneDrive\Desktop\PUP\node_modules\react-dom\cjs\react-dom-client.development.js:1519
performUnitOfWork @ C:\Users\USER\OneDrive\Desktop\PUP\node_modules\react-dom\cjs\react-dom-client.development.js:15132
workLoopConcurrentByScheduler @ C:\Users\USER\OneDrive\Desktop\PUP\node_modules\react-dom\cjs\react-dom-client.development.js:15126
renderRootConcurrent @ C:\Users\USER\OneDrive\Desktop\PUP\node_modules\react-dom\cjs\react-dom-client.development.js:15101
performWorkOnRoot @ C:\Users\USER\OneDrive\Desktop\PUP\node_modules\react-dom\cjs\react-dom-client.development.js:14418
performWorkOnRootViaSchedulerTask @ C:\Users\USER\OneDrive\Desktop\PUP\node_modules\react-dom\cjs\react-dom-client.development.js:16216
performWorkUntilDeadline @ C:\Users\USER\OneDrive\Desktop\PUP\node_modules\scheduler\cjs\scheduler.development.js:45
<Route(index)>
exports.jsx @ C:\Users\USER\OneDrive\Desktop\PUP\node_modules\react\cjs\react-jsx-runtime.development.js:339
SceneView @ C:\Users\USER\OneDrive\Desktop\PUP\node_modules\@react-navigation\core\lib\module\SceneView.js:125
react-stack-bottom-frame @ C:\Users\USER\OneDrive\Desktop\PUP\node_modules\react-dom\cjs\react-dom-client.development.js:23863
renderWithHooks @ C:\Users\USER\OneDrive\Desktop\PUP\node_modules\react-dom\cjs\react-dom-client.development.js:5529
updateFunctionComponent @ C:\Users\USER\OneDrive\Desktop\PUP\node_modules\react-dom\cjs\react-dom-client.development.js:8897
beginWork @ C:\Users\USER\OneDrive\Desktop\PUP\node_modules\react-dom\cjs\react-dom-client.development.js:10522
runWithFiberInDEV @ C:\Users\USER\OneDrive\Desktop\PUP\node_modules\react-dom\cjs\react-dom-client.development.js:1519
performUnitOfWork @ C:\Users\USER\OneDrive\Desktop\PUP\node_modules\react-dom\cjs\react-dom-client.development.js:15132
workLoopConcurrentByScheduler @ C:\Users\USER\OneDrive\Desktop\PUP\node_modules\react-dom\cjs\react-dom-client.development.js:15126
renderRootConcurrent @ C:\Users\USER\OneDrive\Desktop\PUP\node_modules\react-dom\cjs\react-dom-client.development.js:15101
performWorkOnRoot @ C:\Users\USER\OneDrive\Desktop\PUP\node_modules\react-dom\cjs\react-dom-client.development.js:14418
performWorkOnRootViaSchedulerTask @ C:\Users\USER\OneDrive\Desktop\PUP\node_modules\react-dom\cjs\react-dom-client.development.js:16216
performWorkUntilDeadline @ C:\Users\USER\OneDrive\Desktop\PUP\node_modules\scheduler\cjs\scheduler.development.js:45
<SceneView>
exports.jsx @ C:\Users\USER\OneDrive\Desktop\PUP\node_modules\react\cjs\react-jsx-runtime.development.js:339
render @ C:\Users\USER\OneDrive\Desktop\PUP\node_modules\@react-navigation\core\lib\module\useDescriptors.js:108
(anonymous) @ C:\Users\USER\OneDrive\Desktop\PUP\node_modules\@react-navigation\core\lib\module\useDescriptors.js:140
useDescriptors @ C:\Users\USER\OneDrive\Desktop\PUP\node_modules\@react-navigation\core\lib\module\useDescriptors.js:137
useNavigationBuilder @ C:\Users\USER\OneDrive\Desktop\PUP\node_modules\@react-navigation\core\lib\module\useNavigationBuilder.js:562
SlotNavigator @ C:\Users\USER\OneDrive\Desktop\PUP\node_modules\expo-router\build\views\Navigator.js:107
react-stack-bottom-frame @ C:\Users\USER\OneDrive\Desktop\PUP\node_modules\react-dom\cjs\react-dom-client.development.js:23863
renderWithHooks @ C:\Users\USER\OneDrive\Desktop\PUP\node_modules\react-dom\cjs\react-dom-client.development.js:5529
updateFunctionComponent @ C:\Users\USER\OneDrive\Desktop\PUP\node_modules\react-dom\cjs\react-dom-client.development.js:8897
beginWork @ C:\Users\USER\OneDrive\Desktop\PUP\node_modules\react-dom\cjs\react-dom-client.development.js:10522
runWithFiberInDEV @ C:\Users\USER\OneDrive\Desktop\PUP\node_modules\react-dom\cjs\react-dom-client.development.js:1519
performUnitOfWork @ C:\Users\USER\OneDrive\Desktop\PUP\node_modules\react-dom\cjs\react-dom-client.development.js:15132
workLoopConcurrentByScheduler @ C:\Users\USER\OneDrive\Desktop\PUP\node_modules\react-dom\cjs\react-dom-client.development.js:15126
renderRootConcurrent @ C:\Users\USER\OneDrive\Desktop\PUP\node_modules\react-dom\cjs\react-dom-client.development.js:15101
performWorkOnRoot @ C:\Users\USER\OneDrive\Desktop\PUP\node_modules\react-dom\cjs\react-dom-client.development.js:14418
performWorkOnRootViaSchedulerTask @ C:\Users\USER\OneDrive\Desktop\PUP\node_modules\react-dom\cjs\react-dom-client.development.js:16216
performWorkUntilDeadline @ C:\Users\USER\OneDrive\Desktop\PUP\node_modules\scheduler\cjs\scheduler.development.js:45
<SlotNavigator>
exports.jsxDEV @ C:\Users\USER\OneDrive\Desktop\PUP\node_modules\react\cjs\react-jsx-dev-runtime.development.js:346
Slot @ C:\Users\USER\OneDrive\Desktop\PUP\node_modules\expo-router\build\views\Navigator.js:130
react-stack-bottom-frame @ C:\Users\USER\OneDrive\Desktop\PUP\node_modules\react-dom\cjs\react-dom-client.development.js:23863
renderWithHooks @ C:\Users\USER\OneDrive\Desktop\PUP\node_modules\react-dom\cjs\react-dom-client.development.js:5529
updateFunctionComponent @ C:\Users\USER\OneDrive\Desktop\PUP\node_modules\react-dom\cjs\react-dom-client.development.js:8897
beginWork @ C:\Users\USER\OneDrive\Desktop\PUP\node_modules\react-dom\cjs\react-dom-client.development.js:10522
runWithFiberInDEV @ C:\Users\USER\OneDrive\Desktop\PUP\node_modules\react-dom\cjs\react-dom-client.development.js:1519
performUnitOfWork @ C:\Users\USER\OneDrive\Desktop\PUP\node_modules\react-dom\cjs\react-dom-client.development.js:15132
workLoopConcurrentByScheduler @ C:\Users\USER\OneDrive\Desktop\PUP\node_modules\react-dom\cjs\react-dom-client.development.js:15126
renderRootConcurrent @ C:\Users\USER\OneDrive\Desktop\PUP\node_modules\react-dom\cjs\react-dom-client.development.js:15101
performWorkOnRoot @ C:\Users\USER\OneDrive\Desktop\PUP\node_modules\react-dom\cjs\react-dom-client.development.js:14418
performWorkOnRootViaSchedulerTask @ C:\Users\USER\OneDrive\Desktop\PUP\node_modules\react-dom\cjs\react-dom-client.development.js:16216
performWorkUntilDeadline @ C:\Users\USER\OneDrive\Desktop\PUP\node_modules\scheduler\cjs\scheduler.development.js:45
<Slot>
exports.jsxDEV @ C:\Users\USER\OneDrive\Desktop\PUP\node_modules\react\cjs\react-jsx-dev-runtime.development.js:346
RootLayout @ C:\Users\USER\OneDrive\Desktop\PUP\app\_layout.tsx:86
react-stack-bottom-frame @ C:\Users\USER\OneDrive\Desktop\PUP\node_modules\react-dom\cjs\react-dom-client.development.js:23863
renderWithHooks @ C:\Users\USER\OneDrive\Desktop\PUP\node_modules\react-dom\cjs\react-dom-client.development.js:5529
updateFunctionComponent @ C:\Users\USER\OneDrive\Desktop\PUP\node_modules\react-dom\cjs\react-dom-client.development.js:8897
beginWork @ C:\Users\USER\OneDrive\Desktop\PUP\node_modules\react-dom\cjs\react-dom-client.development.js:10522
runWithFiberInDEV @ C:\Users\USER\OneDrive\Desktop\PUP\node_modules\react-dom\cjs\react-dom-client.development.js:1519
performUnitOfWork @ C:\Users\USER\OneDrive\Desktop\PUP\node_modules\react-dom\cjs\react-dom-client.development.js:15132
workLoopConcurrentByScheduler @ C:\Users\USER\OneDrive\Desktop\PUP\node_modules\react-dom\cjs\react-dom-client.development.js:15126
renderRootConcurrent @ C:\Users\USER\OneDrive\Desktop\PUP\node_modules\react-dom\cjs\react-dom-client.development.js:15101
performWorkOnRoot @ C:\Users\USER\OneDrive\Desktop\PUP\node_modules\react-dom\cjs\react-dom-client.development.js:14418
performWorkOnRootViaSchedulerTask @ C:\Users\USER\OneDrive\Desktop\PUP\node_modules\react-dom\cjs\react-dom-client.development.js:16216
performWorkUntilDeadline @ C:\Users\USER\OneDrive\Desktop\PUP\node_modules\scheduler\cjs\scheduler.development.js:45
<RootLayout(./_layout.tsx)>
exports.jsxDEV @ C:\Users\USER\OneDrive\Desktop\PUP\node_modules\react\cjs\react-jsx-dev-runtime.development.js:346
BaseRoute @ C:\Users\USER\OneDrive\Desktop\PUP\node_modules\expo-router\build\useScreens.js:213
react-stack-bottom-frame @ C:\Users\USER\OneDrive\Desktop\PUP\node_modules\react-dom\cjs\react-dom-client.development.js:23863
renderWithHooks @ C:\Users\USER\OneDrive\Desktop\PUP\node_modules\react-dom\cjs\react-dom-client.development.js:5529
updateFunctionComponent @ C:\Users\USER\OneDrive\Desktop\PUP\node_modules\react-dom\cjs\react-dom-client.development.js:8897
beginWork @ C:\Users\USER\OneDrive\Desktop\PUP\node_modules\react-dom\cjs\react-dom-client.development.js:10522
runWithFiberInDEV @ C:\Users\USER\OneDrive\Desktop\PUP\node_modules\react-dom\cjs\react-dom-client.development.js:1519
performUnitOfWork @ C:\Users\USER\OneDrive\Desktop\PUP\node_modules\react-dom\cjs\react-dom-client.development.js:15132
workLoopConcurrentByScheduler @ C:\Users\USER\OneDrive\Desktop\PUP\node_modules\react-dom\cjs\react-dom-client.development.js:15126
renderRootConcurrent @ C:\Users\USER\OneDrive\Desktop\PUP\node_modules\react-dom\cjs\react-dom-client.development.js:15101
performWorkOnRoot @ C:\Users\USER\OneDrive\Desktop\PUP\node_modules\react-dom\cjs\react-dom-client.development.js:14418
performWorkOnRootViaSchedulerTask @ C:\Users\USER\OneDrive\Desktop\PUP\node_modules\react-dom\cjs\react-dom-client.development.js:16216
performWorkUntilDeadline @ C:\Users\USER\OneDrive\Desktop\PUP\node_modules\scheduler\cjs\scheduler.development.js:45
<Route()>
exports.jsx @ C:\Users\USER\OneDrive\Desktop\PUP\node_modules\react\cjs\react-jsx-runtime.development.js:339
SceneView @ C:\Users\USER\OneDrive\Desktop\PUP\node_modules\@react-navigation\core\lib\module\SceneView.js:125
react-stack-bottom-frame @ C:\Users\USER\OneDrive\Desktop\PUP\node_modules\react-dom\cjs\react-dom-client.development.js:23863
renderWithHooks @ C:\Users\USER\OneDrive\Desktop\PUP\node_modules\react-dom\cjs\react-dom-client.development.js:5529
updateFunctionComponent @ C:\Users\USER\OneDrive\Desktop\PUP\node_modules\react-dom\cjs\react-dom-client.development.js:8897
beginWork @ C:\Users\USER\OneDrive\Desktop\PUP\node_modules\react-dom\cjs\react-dom-client.development.js:10522
runWithFiberInDEV @ C:\Users\USER\OneDrive\Desktop\PUP\node_modules\react-dom\cjs\react-dom-client.development.js:1519
performUnitOfWork @ C:\Users\USER\OneDrive\Desktop\PUP\node_modules\react-dom\cjs\react-dom-client.development.js:15132
workLoopConcurrentByScheduler @ C:\Users\USER\OneDrive\Desktop\PUP\node_modules\react-dom\cjs\react-dom-client.development.js:15126
renderRootConcurrent @ C:\Users\USER\OneDrive\Desktop\PUP\node_modules\react-dom\cjs\react-dom-client.development.js:15101
performWorkOnRoot @ C:\Users\USER\OneDrive\Desktop\PUP\node_modules\react-dom\cjs\react-dom-client.development.js:14418
performWorkOnRootViaSchedulerTask @ C:\Users\USER\OneDrive\Desktop\PUP\node_modules\react-dom\cjs\react-dom-client.development.js:16216
performWorkUntilDeadline @ C:\Users\USER\OneDrive\Desktop\PUP\node_modules\scheduler\cjs\scheduler.development.js:45
<SceneView>
exports.jsx @ C:\Users\USER\OneDrive\Desktop\PUP\node_modules\react\cjs\react-jsx-runtime.development.js:339
render @ C:\Users\USER\OneDrive\Desktop\PUP\node_modules\@react-navigation\core\lib\module\useDescriptors.js:108
(anonymous) @ C:\Users\USER\OneDrive\Desktop\PUP\node_modules\@react-navigation\core\lib\module\useDescriptors.js:140
useDescriptors @ C:\Users\USER\OneDrive\Desktop\PUP\node_modules\@react-navigation\core\lib\module\useDescriptors.js:137
useNavigationBuilder @ C:\Users\USER\OneDrive\Desktop\PUP\node_modules\@react-navigation\core\lib\module\useNavigationBuilder.js:562
Content @ C:\Users\USER\OneDrive\Desktop\PUP\node_modules\expo-router\build\ExpoRoot.js:161
react-stack-bottom-frame @ C:\Users\USER\OneDrive\Desktop\PUP\node_modules\react-dom\cjs\react-dom-client.development.js:23863
renderWithHooks @ C:\Users\USER\OneDrive\Desktop\PUP\node_modules\react-dom\cjs\react-dom-client.development.js:5529
updateFunctionComponent @ C:\Users\USER\OneDrive\Desktop\PUP\node_modules\react-dom\cjs\react-dom-client.development.js:8897
beginWork @ C:\Users\USER\OneDrive\Desktop\PUP\node_modules\react-dom\cjs\react-dom-client.development.js:10522
runWithFiberInDEV @ C:\Users\USER\OneDrive\Desktop\PUP\node_modules\react-dom\cjs\react-dom-client.development.js:1519
performUnitOfWork @ C:\Users\USER\OneDrive\Desktop\PUP\node_modules\react-dom\cjs\react-dom-client.development.js:15132
workLoopConcurrentByScheduler @ C:\Users\USER\OneDrive\Desktop\PUP\node_modules\react-dom\cjs\react-dom-client.development.js:15126
renderRootConcurrent @ C:\Users\USER\OneDrive\Desktop\PUP\node_modules\react-dom\cjs\react-dom-client.development.js:15101
performWorkOnRoot @ C:\Users\USER\OneDrive\Desktop\PUP\node_modules\react-dom\cjs\react-dom-client.development.js:14418
performWorkOnRootViaSchedulerTask @ C:\Users\USER\OneDrive\Desktop\PUP\node_modules\react-dom\cjs\react-dom-client.development.js:16216
performWorkUntilDeadline @ C:\Users\USER\OneDrive\Desktop\PUP\node_modules\scheduler\cjs\scheduler.development.js:45
<Content>
exports.jsxDEV @ C:\Users\USER\OneDrive\Desktop\PUP\node_modules\react\cjs\react-jsx-dev-runtime.development.js:346
ContextNavigator @ C:\Users\USER\OneDrive\Desktop\PUP\node_modules\expo-router\build\ExpoRoot.js:147
react-stack-bottom-frame @ C:\Users\USER\OneDrive\Desktop\PUP\node_modules\react-dom\cjs\react-dom-client.development.js:23863
renderWithHooks @ C:\Users\USER\OneDrive\Desktop\PUP\node_modules\react-dom\cjs\react-dom-client.development.js:5529
updateFunctionComponent @ C:\Users\USER\OneDrive\Desktop\PUP\node_modules\react-dom\cjs\react-dom-client.development.js:8897
beginWork @ C:\Users\USER\OneDrive\Desktop\PUP\node_modules\react-dom\cjs\react-dom-client.development.js:10522
runWithFiberInDEV @ C:\Users\USER\OneDrive\Desktop\PUP\node_modules\react-dom\cjs\react-dom-client.development.js:1519
performUnitOfWork @ C:\Users\USER\OneDrive\Desktop\PUP\node_modules\react-dom\cjs\react-dom-client.development.js:15132
workLoopConcurrentByScheduler @ C:\Users\USER\OneDrive\Desktop\PUP\node_modules\react-dom\cjs\react-dom-client.development.js:15126
renderRootConcurrent @ C:\Users\USER\OneDrive\Desktop\PUP\node_modules\react-dom\cjs\react-dom-client.development.js:15101
performWorkOnRoot @ C:\Users\USER\OneDrive\Desktop\PUP\node_modules\react-dom\cjs\react-dom-client.development.js:14418
performWorkOnRootViaSchedulerTask @ C:\Users\USER\OneDrive\Desktop\PUP\node_modules\react-dom\cjs\react-dom-client.development.js:16216
performWorkUntilDeadline @ C:\Users\USER\OneDrive\Desktop\PUP\node_modules\scheduler\cjs\scheduler.development.js:45
<ContextNavigator>
exports.jsxDEV @ C:\Users\USER\OneDrive\Desktop\PUP\node_modules\react\cjs\react-jsx-dev-runtime.development.js:346
ExpoRoot @ C:\Users\USER\OneDrive\Desktop\PUP\node_modules\expo-router\build\ExpoRoot.js:87
react-stack-bottom-frame @ C:\Users\USER\OneDrive\Desktop\PUP\node_modules\react-dom\cjs\react-dom-client.development.js:23863
renderWithHooks @ C:\Users\USER\OneDrive\Desktop\PUP\node_modules\react-dom\cjs\react-dom-client.development.js:5529
updateFunctionComponent @ C:\Users\USER\OneDrive\Desktop\PUP\node_modules\react-dom\cjs\react-dom-client.development.js:8897
beginWork @ C:\Users\USER\OneDrive\Desktop\PUP\node_modules\react-dom\cjs\react-dom-client.development.js:10522
runWithFiberInDEV @ C:\Users\USER\OneDrive\Desktop\PUP\node_modules\react-dom\cjs\react-dom-client.development.js:1519
performUnitOfWork @ C:\Users\USER\OneDrive\Desktop\PUP\node_modules\react-dom\cjs\react-dom-client.development.js:15132
workLoopConcurrentByScheduler @ C:\Users\USER\OneDrive\Desktop\PUP\node_modules\react-dom\cjs\react-dom-client.development.js:15126
renderRootConcurrent @ C:\Users\USER\OneDrive\Desktop\PUP\node_modules\react-dom\cjs\react-dom-client.development.js:15101
performWorkOnRoot @ C:\Users\USER\OneDrive\Desktop\PUP\node_modules\react-dom\cjs\react-dom-client.development.js:14418
performWorkOnRootViaSchedulerTask @ C:\Users\USER\OneDrive\Desktop\PUP\node_modules\react-dom\cjs\react-dom-client.development.js:16216
performWorkUntilDeadline @ C:\Users\USER\OneDrive\Desktop\PUP\node_modules\scheduler\cjs\scheduler.development.js:45
<ExpoRoot>
exports.jsxDEV @ C:\Users\USER\OneDrive\Desktop\PUP\node_modules\react\cjs\react-jsx-dev-runtime.development.js:346
App @ C:\Users\USER\OneDrive\Desktop\PUP\node_modules\expo-router\build\qualified-entry.js:21
react-stack-bottom-frame @ C:\Users\USER\OneDrive\Desktop\PUP\node_modules\react-dom\cjs\react-dom-client.development.js:23863
renderWithHooks @ C:\Users\USER\OneDrive\Desktop\PUP\node_modules\react-dom\cjs\react-dom-client.development.js:5529
updateFunctionComponent @ C:\Users\USER\OneDrive\Desktop\PUP\node_modules\react-dom\cjs\react-dom-client.development.js:8897
beginWork @ C:\Users\USER\OneDrive\Desktop\PUP\node_modules\react-dom\cjs\react-dom-client.development.js:10522
runWithFiberInDEV @ C:\Users\USER\OneDrive\Desktop\PUP\node_modules\react-dom\cjs\react-dom-client.development.js:1519
performUnitOfWork @ C:\Users\USER\OneDrive\Desktop\PUP\node_modules\react-dom\cjs\react-dom-client.development.js:15132
workLoopConcurrentByScheduler @ C:\Users\USER\OneDrive\Desktop\PUP\node_modules\react-dom\cjs\react-dom-client.development.js:15126
renderRootConcurrent @ C:\Users\USER\OneDrive\Desktop\PUP\node_modules\react-dom\cjs\react-dom-client.development.js:15101
performWorkOnRoot @ C:\Users\USER\OneDrive\Desktop\PUP\node_modules\react-dom\cjs\react-dom-client.development.js:14418
performWorkOnRootViaSchedulerTask @ C:\Users\USER\OneDrive\Desktop\PUP\node_modules\react-dom\cjs\react-dom-client.development.js:16216
performWorkUntilDeadline @ C:\Users\USER\OneDrive\Desktop\PUP\node_modules\scheduler\cjs\scheduler.development.js:45
<App>
exports.jsxDEV @ C:\Users\USER\OneDrive\Desktop\PUP\node_modules\react\cjs\react-jsx-dev-runtime.development.js:346
ErrorOverlay @ C:\Users\USER\OneDrive\Desktop\PUP\node_modules\@expo\metro-runtime\src\error-overlay\index.tsx:19
react-stack-bottom-frame @ C:\Users\USER\OneDrive\Desktop\PUP\node_modules\react-dom\cjs\react-dom-client.development.js:23863
renderWithHooks @ C:\Users\USER\OneDrive\Desktop\PUP\node_modules\react-dom\cjs\react-dom-client.development.js:5529
updateFunctionComponent @ C:\Users\USER\OneDrive\Desktop\PUP\node_modules\react-dom\cjs\react-dom-client.development.js:8897
beginWork @ C:\Users\USER\OneDrive\Desktop\PUP\node_modules\react-dom\cjs\react-dom-client.development.js:10522
runWithFiberInDEV @ C:\Users\USER\OneDrive\Desktop\PUP\node_modules\react-dom\cjs\react-dom-client.development.js:1519
performUnitOfWork @ C:\Users\USER\OneDrive\Desktop\PUP\node_modules\react-dom\cjs\react-dom-client.development.js:15132
workLoopConcurrentByScheduler @ C:\Users\USER\OneDrive\Desktop\PUP\node_modules\react-dom\cjs\react-dom-client.development.js:15126
renderRootConcurrent @ C:\Users\USER\OneDrive\Desktop\PUP\node_modules\react-dom\cjs\react-dom-client.development.js:15101
performWorkOnRoot @ C:\Users\USER\OneDrive\Desktop\PUP\node_modules\react-dom\cjs\react-dom-client.development.js:14418
performWorkOnRootViaSchedulerTask @ C:\Users\USER\OneDrive\Desktop\PUP\node_modules\react-dom\cjs\react-dom-client.development.js:16216
performWorkUntilDeadline @ C:\Users\USER\OneDrive\Desktop\PUP\node_modules\scheduler\cjs\scheduler.development.js:45
<ErrorOverlay>
exports.jsxDEV @ C:\Users\USER\OneDrive\Desktop\PUP\node_modules\react\cjs\react-jsx-dev-runtime.development.js:346
WithDevTools @ C:\Users\USER\OneDrive\Desktop\PUP\node_modules\expo\src\launch\withDevTools.web.tsx:11
react-stack-bottom-frame @ C:\Users\USER\OneDrive\Desktop\PUP\node_modules\react-dom\cjs\react-dom-client.development.js:23863
renderWithHooks @ C:\Users\USER\OneDrive\Desktop\PUP\node_modules\react-dom\cjs\react-dom-client.development.js:5529
updateFunctionComponent @ C:\Users\USER\OneDrive\Desktop\PUP\node_modules\react-dom\cjs\react-dom-client.development.js:8897
beginWork @ C:\Users\USER\OneDrive\Desktop\PUP\node_modules\react-dom\cjs\react-dom-client.development.js:10522
runWithFiberInDEV @ C:\Users\USER\OneDrive\Desktop\PUP\node_modules\react-dom\cjs\react-dom-client.development.js:1519
performUnitOfWork @ C:\Users\USER\OneDrive\Desktop\PUP\node_modules\react-dom\cjs\react-dom-client.development.js:15132
workLoopConcurrentByScheduler @ C:\Users\USER\OneDrive\Desktop\PUP\node_modules\react-dom\cjs\react-dom-client.development.js:15126
renderRootConcurrent @ C:\Users\USER\OneDrive\Desktop\PUP\node_modules\react-dom\cjs\react-dom-client.development.js:15101
performWorkOnRoot @ C:\Users\USER\OneDrive\Desktop\PUP\node_modules\react-dom\cjs\react-dom-client.development.js:14418
performWorkOnRootViaSchedulerTask @ C:\Users\USER\OneDrive\Desktop\PUP\node_modules\react-dom\cjs\react-dom-client.development.js:16216
performWorkUntilDeadline @ C:\Users\USER\OneDrive\Desktop\PUP\node_modules\scheduler\cjs\scheduler.development.js:45
<withDevTools(ErrorOverlay)>
exports.createElement @ C:\Users\USER\OneDrive\Desktop\PUP\node_modules\react\cjs\react.development.js:1033
renderApplication @ C:\Users\USER\OneDrive\Desktop\PUP\node_modules\react-native-web\dist\exports\AppRegistry\renderApplication.js:27
run @ C:\Users\USER\OneDrive\Desktop\PUP\node_modules\react-native-web\dist\exports\AppRegistry\index.js:36
runApplication @ C:\Users\USER\OneDrive\Desktop\PUP\node_modules\react-native-web\dist\exports\AppRegistry\index.js:74
registerRootComponent @ C:\Users\USER\OneDrive\Desktop\PUP\node_modules\expo\src\launch\registerRootComponent.tsx:58
(anonymous) @ C:\Users\USER\OneDrive\Desktop\PUP\node_modules\expo-router\build\renderRootComponent.js:88
exports.startTransition @ C:\Users\USER\OneDrive\Desktop\PUP\node_modules\react\cjs\react.development.js:1124
renderRootComponent @ C:\Users\USER\OneDrive\Desktop\PUP\node_modules\expo-router\build\renderRootComponent.js:85
(anonymous) @ C:\Users\USER\OneDrive\Desktop\PUP\node_modules\expo-router\entry-classic.js:10
loadModuleImplementation @ C:\Users\USER\OneDrive\Desktop\PUP\node_modules\expo\node_modules\@expo\cli\build\metro-require\require.js:248
guardedLoadModule @ C:\Users\USER\OneDrive\Desktop\PUP\node_modules\expo\node_modules\@expo\cli\build\metro-require\require.js:163
metroRequire @ C:\Users\USER\OneDrive\Desktop\PUP\node_modules\expo\node_modules\@expo\cli\build\metro-require\require.js:74
(anonymous) @ C:\Users\USER\OneDrive\Desktop\PUP\node_modules\expo-router\entry.js:3
loadModuleImplementation @ C:\Users\USER\OneDrive\Desktop\PUP\node_modules\expo\node_modules\@expo\cli\build\metro-require\require.js:248
guardedLoadModule @ C:\Users\USER\OneDrive\Desktop\PUP\node_modules\expo\node_modules\@expo\cli\build\metro-require\require.js:156
metroRequire @ C:\Users\USER\OneDrive\Desktop\PUP\node_modules\expo\node_modules\@expo\cli\build\metro-require\require.js:74
(anonymous) @ entry.bundle?platform=web&dev=true&hot=false&lazy=true&transform.routerRoot=app&transform.reactCompiler=true:196749
C:\Users\USER\OneDrive\Desktop\PUP\lib\firestore-rest.ts:161 [REST] getDocument: document not found
C:\Users\USER\OneDrive\Desktop\PUP\node_modules\@expo\metro-runtime\src\error-overlay\LogBox.web.ts:134 Unexpected text node: . A text node cannot be a child of a <View>.
registerError @ C:\Users\USER\OneDrive\Desktop\PUP\node_modules\@expo\metro-runtime\src\error-overlay\LogBox.web.ts:134
console.error @ C:\Users\USER\OneDrive\Desktop\PUP\node_modules\@expo\metro-runtime\src\error-overlay\LogBox.web.ts:59
(anonymous) @ C:\Users\USER\OneDrive\Desktop\PUP\node_modules\react-native-web\dist\exports\View\index.js:57
View @ C:\Users\USER\OneDrive\Desktop\PUP\node_modules\react-native-web\dist\exports\View\index.js:55
react-stack-bottom-frame @ C:\Users\USER\OneDrive\Desktop\PUP\node_modules\react-dom\cjs\react-dom-client.development.js:23863
renderWithHooks @ C:\Users\USER\OneDrive\Desktop\PUP\node_modules\react-dom\cjs\react-dom-client.development.js:5529
updateForwardRef @ C:\Users\USER\OneDrive\Desktop\PUP\node_modules\react-dom\cjs\react-dom-client.development.js:8645
beginWork @ C:\Users\USER\OneDrive\Desktop\PUP\node_modules\react-dom\cjs\react-dom-client.development.js:10861
runWithFiberInDEV @ C:\Users\USER\OneDrive\Desktop\PUP\node_modules\react-dom\cjs\react-dom-client.development.js:1519
performUnitOfWork @ C:\Users\USER\OneDrive\Desktop\PUP\node_modules\react-dom\cjs\react-dom-client.development.js:15132
workLoopSync @ C:\Users\USER\OneDrive\Desktop\PUP\node_modules\react-dom\cjs\react-dom-client.development.js:14956
renderRootSync @ C:\Users\USER\OneDrive\Desktop\PUP\node_modules\react-dom\cjs\react-dom-client.development.js:14936
performWorkOnRoot @ C:\Users\USER\OneDrive\Desktop\PUP\node_modules\react-dom\cjs\react-dom-client.development.js:14419
performSyncWorkOnRoot @ C:\Users\USER\OneDrive\Desktop\PUP\node_modules\react-dom\cjs\react-dom-client.development.js:16231
flushSyncWorkAcrossRoots_impl @ C:\Users\USER\OneDrive\Desktop\PUP\node_modules\react-dom\cjs\react-dom-client.development.js:16079
flushPassiveEffects @ C:\Users\USER\OneDrive\Desktop\PUP\node_modules\react-dom\cjs\react-dom-client.development.js:15749
(anonymous) @ C:\Users\USER\OneDrive\Desktop\PUP\node_modules\react-dom\cjs\react-dom-client.development.js:15379
performWorkUntilDeadline @ C:\Users\USER\OneDrive\Desktop\PUP\node_modules\scheduler\cjs\scheduler.development.js:45
<View>
exports.jsxDEV @ C:\Users\USER\OneDrive\Desktop\PUP\node_modules\react\cjs\react-jsx-dev-runtime.development.js:346
HomeScreen @ C:\Users\USER\OneDrive\Desktop\PUP\app\(tabs)\index.tsx:253
react-stack-bottom-frame @ C:\Users\USER\OneDrive\Desktop\PUP\node_modules\react-dom\cjs\react-dom-client.development.js:23863
renderWithHooks @ C:\Users\USER\OneDrive\Desktop\PUP\node_modules\react-dom\cjs\react-dom-client.development.js:5529
updateFunctionComponent @ C:\Users\USER\OneDrive\Desktop\PUP\node_modules\react-dom\cjs\react-dom-client.development.js:8897
beginWork @ C:\Users\USER\OneDrive\Desktop\PUP\node_modules\react-dom\cjs\react-dom-client.development.js:10522
runWithFiberInDEV @ C:\Users\USER\OneDrive\Desktop\PUP\node_modules\react-dom\cjs\react-dom-client.development.js:1519
performUnitOfWork @ C:\Users\USER\OneDrive\Desktop\PUP\node_modules\react-dom\cjs\react-dom-client.development.js:15132
workLoopSync @ C:\Users\USER\OneDrive\Desktop\PUP\node_modules\react-dom\cjs\react-dom-client.development.js:14956
renderRootSync @ C:\Users\USER\OneDrive\Desktop\PUP\node_modules\react-dom\cjs\react-dom-client.development.js:14936
performWorkOnRoot @ C:\Users\USER\OneDrive\Desktop\PUP\node_modules\react-dom\cjs\react-dom-client.development.js:14419
performSyncWorkOnRoot @ C:\Users\USER\OneDrive\Desktop\PUP\node_modules\react-dom\cjs\react-dom-client.development.js:16231
flushSyncWorkAcrossRoots_impl @ C:\Users\USER\OneDrive\Desktop\PUP\node_modules\react-dom\cjs\react-dom-client.development.js:16079
flushPassiveEffects @ C:\Users\USER\OneDrive\Desktop\PUP\node_modules\react-dom\cjs\react-dom-client.development.js:15749
(anonymous) @ C:\Users\USER\OneDrive\Desktop\PUP\node_modules\react-dom\cjs\react-dom-client.development.js:15379
performWorkUntilDeadline @ C:\Users\USER\OneDrive\Desktop\PUP\node_modules\scheduler\cjs\scheduler.development.js:45
<HomeScreen(./(tabs)/index.tsx)>
exports.jsxDEV @ C:\Users\USER\OneDrive\Desktop\PUP\node_modules\react\cjs\react-jsx-dev-runtime.development.js:346
BaseRoute @ C:\Users\USER\OneDrive\Desktop\PUP\node_modules\expo-router\build\useScreens.js:213
react-stack-bottom-frame @ C:\Users\USER\OneDrive\Desktop\PUP\node_modules\react-dom\cjs\react-dom-client.development.js:23863
renderWithHooks @ C:\Users\USER\OneDrive\Desktop\PUP\node_modules\react-dom\cjs\react-dom-client.development.js:5529
updateFunctionComponent @ C:\Users\USER\OneDrive\Desktop\PUP\node_modules\react-dom\cjs\react-dom-client.development.js:8897
beginWork @ C:\Users\USER\OneDrive\Desktop\PUP\node_modules\react-dom\cjs\react-dom-client.development.js:10522
runWithFiberInDEV @ C:\Users\USER\OneDrive\Desktop\PUP\node_modules\react-dom\cjs\react-dom-client.development.js:1519
performUnitOfWork @ C:\Users\USER\OneDrive\Desktop\PUP\node_modules\react-dom\cjs\react-dom-client.development.js:15132
workLoopSync @ C:\Users\USER\OneDrive\Desktop\PUP\node_modules\react-dom\cjs\react-dom-client.development.js:14956
renderRootSync @ C:\Users\USER\OneDrive\Desktop\PUP\node_modules\react-dom\cjs\react-dom-client.development.js:14936
performWorkOnRoot @ C:\Users\USER\OneDrive\Desktop\PUP\node_modules\react-dom\cjs\react-dom-client.development.js:14419
performSyncWorkOnRoot @ C:\Users\USER\OneDrive\Desktop\PUP\node_modules\react-dom\cjs\react-dom-client.development.js:16231
flushSyncWorkAcrossRoots_impl @ C:\Users\USER\OneDrive\Desktop\PUP\node_modules\react-dom\cjs\react-dom-client.development.js:16079
flushPassiveEffects @ C:\Users\USER\OneDrive\Desktop\PUP\node_modules\react-dom\cjs\react-dom-client.development.js:15749
(anonymous) @ C:\Users\USER\OneDrive\Desktop\PUP\node_modules\react-dom\cjs\react-dom-client.development.js:15379
performWorkUntilDeadline @ C:\Users\USER\OneDrive\Desktop\PUP\node_modules\scheduler\cjs\scheduler.development.js:45
<Route(index)>
exports.jsx @ C:\Users\USER\OneDrive\Desktop\PUP\node_modules\react\cjs\react-jsx-runtime.development.js:339
SceneView @ C:\Users\USER\OneDrive\Desktop\PUP\node_modules\@react-navigation\core\lib\module\SceneView.js:125
react-stack-bottom-frame @ C:\Users\USER\OneDrive\Desktop\PUP\node_modules\react-dom\cjs\react-dom-client.development.js:23863
renderWithHooks @ C:\Users\USER\OneDrive\Desktop\PUP\node_modules\react-dom\cjs\react-dom-client.development.js:5529
updateFunctionComponent @ C:\Users\USER\OneDrive\Desktop\PUP\node_modules\react-dom\cjs\react-dom-client.development.js:8897
beginWork @ C:\Users\USER\OneDrive\Desktop\PUP\node_modules\react-dom\cjs\react-dom-client.development.js:10522
runWithFiberInDEV @ C:\Users\USER\OneDrive\Desktop\PUP\node_modules\react-dom\cjs\react-dom-client.development.js:1519
performUnitOfWork @ C:\Users\USER\OneDrive\Desktop\PUP\node_modules\react-dom\cjs\react-dom-client.development.js:15132
workLoopSync @ C:\Users\USER\OneDrive\Desktop\PUP\node_modules\react-dom\cjs\react-dom-client.development.js:14956
renderRootSync @ C:\Users\USER\OneDrive\Desktop\PUP\node_modules\react-dom\cjs\react-dom-client.development.js:14936
performWorkOnRoot @ C:\Users\USER\OneDrive\Desktop\PUP\node_modules\react-dom\cjs\react-dom-client.development.js:14419
performSyncWorkOnRoot @ C:\Users\USER\OneDrive\Desktop\PUP\node_modules\react-dom\cjs\react-dom-client.development.js:16231
flushSyncWorkAcrossRoots_impl @ C:\Users\USER\OneDrive\Desktop\PUP\node_modules\react-dom\cjs\react-dom-client.development.js:16079
flushPassiveEffects @ C:\Users\USER\OneDrive\Desktop\PUP\node_modules\react-dom\cjs\react-dom-client.development.js:15749
(anonymous) @ C:\Users\USER\OneDrive\Desktop\PUP\node_modules\react-dom\cjs\react-dom-client.development.js:15379
performWorkUntilDeadline @ C:\Users\USER\OneDrive\Desktop\PUP\node_modules\scheduler\cjs\scheduler.development.js:45
<SceneView>
exports.jsx @ C:\Users\USER\OneDrive\Desktop\PUP\node_modules\react\cjs\react-jsx-runtime.development.js:339
render @ C:\Users\USER\OneDrive\Desktop\PUP\node_modules\@react-navigation\core\lib\module\useDescriptors.js:108
(anonymous) @ C:\Users\USER\OneDrive\Desktop\PUP\node_modules\@react-navigation\core\lib\module\useDescriptors.js:140
useDescriptors @ C:\Users\USER\OneDrive\Desktop\PUP\node_modules\@react-navigation\core\lib\module\useDescriptors.js:137
useNavigationBuilder @ C:\Users\USER\OneDrive\Desktop\PUP\node_modules\@react-navigation\core\lib\module\useNavigationBuilder.js:562
BottomTabNavigator @ C:\Users\USER\OneDrive\Desktop\PUP\node_modules\@react-navigation\bottom-tabs\lib\module\navigators\createBottomTabNavigator.js:24
react-stack-bottom-frame @ C:\Users\USER\OneDrive\Desktop\PUP\node_modules\react-dom\cjs\react-dom-client.development.js:23863
renderWithHooks @ C:\Users\USER\OneDrive\Desktop\PUP\node_modules\react-dom\cjs\react-dom-client.development.js:5529
updateFunctionComponent @ C:\Users\USER\OneDrive\Desktop\PUP\node_modules\react-dom\cjs\react-dom-client.development.js:8897
beginWork @ C:\Users\USER\OneDrive\Desktop\PUP\node_modules\react-dom\cjs\react-dom-client.development.js:10522
runWithFiberInDEV @ C:\Users\USER\OneDrive\Desktop\PUP\node_modules\react-dom\cjs\react-dom-client.development.js:1519
performUnitOfWork @ C:\Users\USER\OneDrive\Desktop\PUP\node_modules\react-dom\cjs\react-dom-client.development.js:15132
workLoopSync @ C:\Users\USER\OneDrive\Desktop\PUP\node_modules\react-dom\cjs\react-dom-client.development.js:14956
renderRootSync @ C:\Users\USER\OneDrive\Desktop\PUP\node_modules\react-dom\cjs\react-dom-client.development.js:14936
performWorkOnRoot @ C:\Users\USER\OneDrive\Desktop\PUP\node_modules\react-dom\cjs\react-dom-client.development.js:14419
performSyncWorkOnRoot @ C:\Users\USER\OneDrive\Desktop\PUP\node_modules\react-dom\cjs\react-dom-client.development.js:16231
flushSyncWorkAcrossRoots_impl @ C:\Users\USER\OneDrive\Desktop\PUP\node_modules\react-dom\cjs\react-dom-client.development.js:16079
flushPassiveEffects @ C:\Users\USER\OneDrive\Desktop\PUP\node_modules\react-dom\cjs\react-dom-client.development.js:15749
(anonymous) @ C:\Users\USER\OneDrive\Desktop\PUP\node_modules\react-dom\cjs\react-dom-client.development.js:15379
performWorkUntilDeadline @ C:\Users\USER\OneDrive\Desktop\PUP\node_modules\scheduler\cjs\scheduler.development.js:45
<BottomTabNavigator>
exports.jsxDEV @ C:\Users\USER\OneDrive\Desktop\PUP\node_modules\react\cjs\react-jsx-dev-runtime.development.js:346
(anonymous) @ C:\Users\USER\OneDrive\Desktop\PUP\node_modules\expo-router\build\layouts\withLayoutContext.js:156
react-stack-bottom-frame @ C:\Users\USER\OneDrive\Desktop\PUP\node_modules\react-dom\cjs\react-dom-client.development.js:23863
renderWithHooks @ C:\Users\USER\OneDrive\Desktop\PUP\node_modules\react-dom\cjs\react-dom-client.development.js:5529
updateForwardRef @ C:\Users\USER\OneDrive\Desktop\PUP\node_modules\react-dom\cjs\react-dom-client.development.js:8645
beginWork @ C:\Users\USER\OneDrive\Desktop\PUP\node_modules\react-dom\cjs\react-dom-client.development.js:10861
runWithFiberInDEV @ C:\Users\USER\OneDrive\Desktop\PUP\node_modules\react-dom\cjs\react-dom-client.development.js:1519
performUnitOfWork @ C:\Users\USER\OneDrive\Desktop\PUP\node_modules\react-dom\cjs\react-dom-client.development.js:15132
workLoopSync @ C:\Users\USER\OneDrive\Desktop\PUP\node_modules\react-dom\cjs\react-dom-client.development.js:14956
renderRootSync @ C:\Users\USER\OneDrive\Desktop\PUP\node_modules\react-dom\cjs\react-dom-client.development.js:14936
performWorkOnRoot @ C:\Users\USER\OneDrive\Desktop\PUP\node_modules\react-dom\cjs\react-dom-client.development.js:14419
performSyncWorkOnRoot @ C:\Users\USER\OneDrive\Desktop\PUP\node_modules\react-dom\cjs\react-dom-client.development.js:16231
flushSyncWorkAcrossRoots_impl @ C:\Users\USER\OneDrive\Desktop\PUP\node_modules\react-dom\cjs\react-dom-client.development.js:16079
flushPassiveEffects @ C:\Users\USER\OneDrive\Desktop\PUP\node_modules\react-dom\cjs\react-dom-client.development.js:15749
(anonymous) @ C:\Users\USER\OneDrive\Desktop\PUP\node_modules\react-dom\cjs\react-dom-client.development.js:15379
performWorkUntilDeadline @ C:\Users\USER\OneDrive\Desktop\PUP\node_modules\scheduler\cjs\scheduler.development.js:45
<ForwardRef>
exports.jsxDEV @ C:\Users\USER\OneDrive\Desktop\PUP\node_modules\react\cjs\react-jsx-dev-runtime.development.js:346
Object.assign.Screen @ C:\Users\USER\OneDrive\Desktop\PUP\node_modules\expo-router\build\layouts\TabsClient.js:46
react-stack-bottom-frame @ C:\Users\USER\OneDrive\Desktop\PUP\node_modules\react-dom\cjs\react-dom-client.development.js:23863
renderWithHooks @ C:\Users\USER\OneDrive\Desktop\PUP\node_modules\react-dom\cjs\react-dom-client.development.js:5529
updateFunctionComponent @ C:\Users\USER\OneDrive\Desktop\PUP\node_modules\react-dom\cjs\react-dom-client.development.js:8897
beginWork @ C:\Users\USER\OneDrive\Desktop\PUP\node_modules\react-dom\cjs\react-dom-client.development.js:10522
runWithFiberInDEV @ C:\Users\USER\OneDrive\Desktop\PUP\node_modules\react-dom\cjs\react-dom-client.development.js:1519
performUnitOfWork @ C:\Users\USER\OneDrive\Desktop\PUP\node_modules\react-dom\cjs\react-dom-client.development.js:15132
workLoopSync @ C:\Users\USER\OneDrive\Desktop\PUP\node_modules\react-dom\cjs\react-dom-client.development.js:14956
renderRootSync @ C:\Users\USER\OneDrive\Desktop\PUP\node_modules\react-dom\cjs\react-dom-client.development.js:14936
performWorkOnRoot @ C:\Users\USER\OneDrive\Desktop\PUP\node_modules\react-dom\cjs\react-dom-client.development.js:14419
performSyncWorkOnRoot @ C:\Users\USER\OneDrive\Desktop\PUP\node_modules\react-dom\cjs\react-dom-client.development.js:16231
flushSyncWorkAcrossRoots_impl @ C:\Users\USER\OneDrive\Desktop\PUP\node_modules\react-dom\cjs\react-dom-client.development.js:16079
flushPassiveEffects @ C:\Users\USER\OneDrive\Desktop\PUP\node_modules\react-dom\cjs\react-dom-client.development.js:15749
(anonymous) @ C:\Users\USER\OneDrive\Desktop\PUP\node_modules\react-dom\cjs\react-dom-client.development.js:15379
performWorkUntilDeadline @ C:\Users\USER\OneDrive\Desktop\PUP\node_modules\scheduler\cjs\scheduler.development.js:45
<...>
exports.jsxDEV @ C:\Users\USER\OneDrive\Desktop\PUP\node_modules\react\cjs\react-jsx-dev-runtime.development.js:346
TabLayout @ C:\Users\USER\OneDrive\Desktop\PUP\app\(tabs)\_layout.tsx:6
react-stack-bottom-frame @ C:\Users\USER\OneDrive\Desktop\PUP\node_modules\react-dom\cjs\react-dom-client.development.js:23863
renderWithHooks @ C:\Users\USER\OneDrive\Desktop\PUP\node_modules\react-dom\cjs\react-dom-client.development.js:5529
updateFunctionComponent @ C:\Users\USER\OneDrive\Desktop\PUP\node_modules\react-dom\cjs\react-dom-client.development.js:8897
beginWork @ C:\Users\USER\OneDrive\Desktop\PUP\node_modules\react-dom\cjs\react-dom-client.development.js:10522
runWithFiberInDEV @ C:\Users\USER\OneDrive\Desktop\PUP\node_modules\react-dom\cjs\react-dom-client.development.js:1519
performUnitOfWork @ C:\Users\USER\OneDrive\Desktop\PUP\node_modules\react-dom\cjs\react-dom-client.development.js:15132
workLoopSync @ C:\Users\USER\OneDrive\Desktop\PUP\node_modules\react-dom\cjs\react-dom-client.development.js:14956
renderRootSync @ C:\Users\USER\OneDrive\Desktop\PUP\node_modules\react-dom\cjs\react-dom-client.development.js:14936
performWorkOnRoot @ C:\Users\USER\OneDrive\Desktop\PUP\node_modules\react-dom\cjs\react-dom-client.development.js:14419
performSyncWorkOnRoot @ C:\Users\USER\OneDrive\Desktop\PUP\node_modules\react-dom\cjs\react-dom-client.development.js:16231
flushSyncWorkAcrossRoots_impl @ C:\Users\USER\OneDrive\Desktop\PUP\node_modules\react-dom\cjs\react-dom-client.development.js:16079
flushPassiveEffects @ C:\Users\USER\OneDrive\Desktop\PUP\node_modules\react-dom\cjs\react-dom-client.development.js:15749
(anonymous) @ C:\Users\USER\OneDrive\Desktop\PUP\node_modules\react-dom\cjs\react-dom-client.development.js:15379
performWorkUntilDeadline @ C:\Users\USER\OneDrive\Desktop\PUP\node_modules\scheduler\cjs\scheduler.development.js:45
<TabLayout(./(tabs)/_layout.tsx)>
exports.jsxDEV @ C:\Users\USER\OneDrive\Desktop\PUP\node_modules\react\cjs\react-jsx-dev-runtime.development.js:346
BaseRoute @ C:\Users\USER\OneDrive\Desktop\PUP\node_modules\expo-router\build\useScreens.js:213
react-stack-bottom-frame @ C:\Users\USER\OneDrive\Desktop\PUP\node_modules\react-dom\cjs\react-dom-client.development.js:23863
renderWithHooks @ C:\Users\USER\OneDrive\Desktop\PUP\node_modules\react-dom\cjs\react-dom-client.development.js:5529
updateFunctionComponent @ C:\Users\USER\OneDrive\Desktop\PUP\node_modules\react-dom\cjs\react-dom-client.development.js:8897
beginWork @ C:\Users\USER\OneDrive\Desktop\PUP\node_modules\react-dom\cjs\react-dom-client.development.js:10522
runWithFiberInDEV @ C:\Users\USER\OneDrive\Desktop\PUP\node_modules\react-dom\cjs\react-dom-client.development.js:1519
performUnitOfWork @ C:\Users\USER\OneDrive\Desktop\PUP\node_modules\react-dom\cjs\react-dom-client.development.js:15132
workLoopSync @ C:\Users\USER\OneDrive\Desktop\PUP\node_modules\react-dom\cjs\react-dom-client.development.js:14956
renderRootSync @ C:\Users\USER\OneDrive\Desktop\PUP\node_modules\react-dom\cjs\react-dom-client.development.js:14936
performWorkOnRoot @ C:\Users\USER\OneDrive\Desktop\PUP\node_modules\react-dom\cjs\react-dom-client.development.js:14419
performSyncWorkOnRoot @ C:\Users\USER\OneDrive\Desktop\PUP\node_modules\react-dom\cjs\react-dom-client.development.js:16231
flushSyncWorkAcrossRoots_impl @ C:\Users\USER\OneDrive\Desktop\PUP\node_modules\react-dom\cjs\react-dom-client.development.js:16079
flushPassiveEffects @ C:\Users\USER\OneDrive\Desktop\PUP\node_modules\react-dom\cjs\react-dom-client.development.js:15749
(anonymous) @ C:\Users\USER\OneDrive\Desktop\PUP\node_modules\react-dom\cjs\react-dom-client.development.js:15379
performWorkUntilDeadline @ C:\Users\USER\OneDrive\Desktop\PUP\node_modules\scheduler\cjs\scheduler.development.js:45
<Route((tabs))>
exports.jsx @ C:\Users\USER\OneDrive\Desktop\PUP\node_modules\react\cjs\react-jsx-runtime.development.js:339
SceneView @ C:\Users\USER\OneDrive\Desktop\PUP\node_modules\@react-navigation\core\lib\module\SceneView.js:125
react-stack-bottom-frame @ C:\Users\USER\OneDrive\Desktop\PUP\node_modules\react-dom\cjs\react-dom-client.development.js:23863
renderWithHooks @ C:\Users\USER\OneDrive\Desktop\PUP\node_modules\react-dom\cjs\react-dom-client.development.js:5529
updateFunctionComponent @ C:\Users\USER\OneDrive\Desktop\PUP\node_modules\react-dom\cjs\react-dom-client.development.js:8897
beginWork @ C:\Users\USER\OneDrive\Desktop\PUP\node_modules\react-dom\cjs\react-dom-client.development.js:10522
runWithFiberInDEV @ C:\Users\USER\OneDrive\Desktop\PUP\node_modules\react-dom\cjs\react-dom-client.development.js:1519
performUnitOfWork @ C:\Users\USER\OneDrive\Desktop\PUP\node_modules\react-dom\cjs\react-dom-client.development.js:15132
workLoopSync @ C:\Users\USER\OneDrive\Desktop\PUP\node_modules\react-dom\cjs\react-dom-client.development.js:14956
renderRootSync @ C:\Users\USER\OneDrive\Desktop\PUP\node_modules\react-dom\cjs\react-dom-client.development.js:14936
performWorkOnRoot @ C:\Users\USER\OneDrive\Desktop\PUP\node_modules\react-dom\cjs\react-dom-client.development.js:14419
performSyncWorkOnRoot @ C:\Users\USER\OneDrive\Desktop\PUP\node_modules\react-dom\cjs\react-dom-client.development.js:16231
flushSyncWorkAcrossRoots_impl @ C:\Users\USER\OneDrive\Desktop\PUP\node_modules\react-dom\cjs\react-dom-client.development.js:16079
flushPassiveEffects @ C:\Users\USER\OneDrive\Desktop\PUP\node_modules\react-dom\cjs\react-dom-client.development.js:15749
(anonymous) @ C:\Users\USER\OneDrive\Desktop\PUP\node_modules\react-dom\cjs\react-dom-client.development.js:15379
performWorkUntilDeadline @ C:\Users\USER\OneDrive\Desktop\PUP\node_modules\scheduler\cjs\scheduler.development.js:45
<SceneView>
exports.jsx @ C:\Users\USER\OneDrive\Desktop\PUP\node_modules\react\cjs\react-jsx-runtime.development.js:339
render @ C:\Users\USER\OneDrive\Desktop\PUP\node_modules\@react-navigation\core\lib\module\useDescriptors.js:108
(anonymous) @ C:\Users\USER\OneDrive\Desktop\PUP\node_modules\@react-navigation\core\lib\module\useDescriptors.js:140
useDescriptors @ C:\Users\USER\OneDrive\Desktop\PUP\node_modules\@react-navigation\core\lib\module\useDescriptors.js:137
useNavigationBuilder @ C:\Users\USER\OneDrive\Desktop\PUP\node_modules\@react-navigation\core\lib\module\useNavigationBuilder.js:562
SlotNavigator @ C:\Users\USER\OneDrive\Desktop\PUP\node_modules\expo-router\build\views\Navigator.js:107
react-stack-bottom-frame @ C:\Users\USER\OneDrive\Desktop\PUP\node_modules\react-dom\cjs\react-dom-client.development.js:23863
renderWithHooks @ C:\Users\USER\OneDrive\Desktop\PUP\node_modules\react-dom\cjs\react-dom-client.development.js:5529
updateFunctionComponent @ C:\Users\USER\OneDrive\Desktop\PUP\node_modules\react-dom\cjs\react-dom-client.development.js:8897
beginWork @ C:\Users\USER\OneDrive\Desktop\PUP\node_modules\react-dom\cjs\react-dom-client.development.js:10522
runWithFiberInDEV @ C:\Users\USER\OneDrive\Desktop\PUP\node_modules\react-dom\cjs\react-dom-client.development.js:1519
performUnitOfWork @ C:\Users\USER\OneDrive\Desktop\PUP\node_modules\react-dom\cjs\react-dom-client.development.js:15132
workLoopSync @ C:\Users\USER\OneDrive\Desktop\PUP\node_modules\react-dom\cjs\react-dom-client.development.js:14956
renderRootSync @ C:\Users\USER\OneDrive\Desktop\PUP\node_modules\react-dom\cjs\react-dom-client.development.js:14936
performWorkOnRoot @ C:\Users\USER\OneDrive\Desktop\PUP\node_modules\react-dom\cjs\react-dom-client.development.js:14419
performSyncWorkOnRoot @ C:\Users\USER\OneDrive\Desktop\PUP\node_modules\react-dom\cjs\react-dom-client.development.js:16231
flushSyncWorkAcrossRoots_impl @ C:\Users\USER\OneDrive\Desktop\PUP\node_modules\react-dom\cjs\react-dom-client.development.js:16079
flushPassiveEffects @ C:\Users\USER\OneDrive\Desktop\PUP\node_modules\react-dom\cjs\react-dom-client.development.js:15749
(anonymous) @ C:\Users\USER\OneDrive\Desktop\PUP\node_modules\react-dom\cjs\react-dom-client.development.js:15379
performWorkUntilDeadline @ C:\Users\USER\OneDrive\Desktop\PUP\node_modules\scheduler\cjs\scheduler.development.js:45
<SlotNavigator>
exports.jsxDEV @ C:\Users\USER\OneDrive\Desktop\PUP\node_modules\react\cjs\react-jsx-dev-runtime.development.js:346
Slot @ C:\Users\USER\OneDrive\Desktop\PUP\node_modules\expo-router\build\views\Navigator.js:130
react-stack-bottom-frame @ C:\Users\USER\OneDrive\Desktop\PUP\node_modules\react-dom\cjs\react-dom-client.development.js:23863
renderWithHooks @ C:\Users\USER\OneDrive\Desktop\PUP\node_modules\react-dom\cjs\react-dom-client.development.js:5529
updateFunctionComponent @ C:\Users\USER\OneDrive\Desktop\PUP\node_modules\react-dom\cjs\react-dom-client.development.js:8897
beginWork @ C:\Users\USER\OneDrive\Desktop\PUP\node_modules\react-dom\cjs\react-dom-client.development.js:10522
runWithFiberInDEV @ C:\Users\USER\OneDrive\Desktop\PUP\node_modules\react-dom\cjs\react-dom-client.development.js:1519
performUnitOfWork @ C:\Users\USER\OneDrive\Desktop\PUP\node_modules\react-dom\cjs\react-dom-client.development.js:15132
workLoopConcurrentByScheduler @ C:\Users\USER\OneDrive\Desktop\PUP\node_modules\react-dom\cjs\react-dom-client.development.js:15126
renderRootConcurrent @ C:\Users\USER\OneDrive\Desktop\PUP\node_modules\react-dom\cjs\react-dom-client.development.js:15101
performWorkOnRoot @ C:\Users\USER\OneDrive\Desktop\PUP\node_modules\react-dom\cjs\react-dom-client.development.js:14418
performWorkOnRootViaSchedulerTask @ C:\Users\USER\OneDrive\Desktop\PUP\node_modules\react-dom\cjs\react-dom-client.development.js:16216
performWorkUntilDeadline @ C:\Users\USER\OneDrive\Desktop\PUP\node_modules\scheduler\cjs\scheduler.development.js:45
<Slot>
exports.jsxDEV @ C:\Users\USER\OneDrive\Desktop\PUP\node_modules\react\cjs\react-jsx-dev-runtime.development.js:346
RootLayout @ C:\Users\USER\OneDrive\Desktop\PUP\app\_layout.tsx:86
react-stack-bottom-frame @ C:\Users\USER\OneDrive\Desktop\PUP\node_modules\react-dom\cjs\react-dom-client.development.js:23863
renderWithHooks @ C:\Users\USER\OneDrive\Desktop\PUP\node_modules\react-dom\cjs\react-dom-client.development.js:5529
updateFunctionComponent @ C:\Users\USER\OneDrive\Desktop\PUP\node_modules\react-dom\cjs\react-dom-client.development.js:8897
beginWork @ C:\Users\USER\OneDrive\Desktop\PUP\node_modules\react-dom\cjs\react-dom-client.development.js:10522
runWithFiberInDEV @ C:\Users\USER\OneDrive\Desktop\PUP\node_modules\react-dom\cjs\react-dom-client.development.js:1519
performUnitOfWork @ C:\Users\USER\OneDrive\Desktop\PUP\node_modules\react-dom\cjs\react-dom-client.development.js:15132
workLoopConcurrentByScheduler @ C:\Users\USER\OneDrive\Desktop\PUP\node_modules\react-dom\cjs\react-dom-client.development.js:15126
renderRootConcurrent @ C:\Users\USER\OneDrive\Desktop\PUP\node_modules\react-dom\cjs\react-dom-client.development.js:15101
performWorkOnRoot @ C:\Users\USER\OneDrive\Desktop\PUP\node_modules\react-dom\cjs\react-dom-client.development.js:14418
performWorkOnRootViaSchedulerTask @ C:\Users\USER\OneDrive\Desktop\PUP\node_modules\react-dom\cjs\react-dom-client.development.js:16216
performWorkUntilDeadline @ C:\Users\USER\OneDrive\Desktop\PUP\node_modules\scheduler\cjs\scheduler.development.js:45
<RootLayout(./_layout.tsx)>
exports.jsxDEV @ C:\Users\USER\OneDrive\Desktop\PUP\node_modules\react\cjs\react-jsx-dev-runtime.development.js:346
BaseRoute @ C:\Users\USER\OneDrive\Desktop\PUP\node_modules\expo-router\build\useScreens.js:213
react-stack-bottom-frame @ C:\Users\USER\OneDrive\Desktop\PUP\node_modules\react-dom\cjs\react-dom-client.development.js:23863
renderWithHooks @ C:\Users\USER\OneDrive\Desktop\PUP\node_modules\react-dom\cjs\react-dom-client.development.js:5529
updateFunctionComponent @ C:\Users\USER\OneDrive\Desktop\PUP\node_modules\react-dom\cjs\react-dom-client.development.js:8897
beginWork @ C:\Users\USER\OneDrive\Desktop\PUP\node_modules\react-dom\cjs\react-dom-client.development.js:10522
runWithFiberInDEV @ C:\Users\USER\OneDrive\Desktop\PUP\node_modules\react-dom\cjs\react-dom-client.development.js:1519
performUnitOfWork @ C:\Users\USER\OneDrive\Desktop\PUP\node_modules\react-dom\cjs\react-dom-client.development.js:15132
workLoopConcurrentByScheduler @ C:\Users\USER\OneDrive\Desktop\PUP\node_modules\react-dom\cjs\react-dom-client.development.js:15126
renderRootConcurrent @ C:\Users\USER\OneDrive\Desktop\PUP\node_modules\react-dom\cjs\react-dom-client.development.js:15101
performWorkOnRoot @ C:\Users\USER\OneDrive\Desktop\PUP\node_modules\react-dom\cjs\react-dom-client.development.js:14418
performWorkOnRootViaSchedulerTask @ C:\Users\USER\OneDrive\Desktop\PUP\node_modules\react-dom\cjs\react-dom-client.development.js:16216
performWorkUntilDeadline @ C:\Users\USER\OneDrive\Desktop\PUP\node_modules\scheduler\cjs\scheduler.development.js:45
<Route()>
exports.jsx @ C:\Users\USER\OneDrive\Desktop\PUP\node_modules\react\cjs\react-jsx-runtime.development.js:339
SceneView @ C:\Users\USER\OneDrive\Desktop\PUP\node_modules\@react-navigation\core\lib\module\SceneView.js:125
react-stack-bottom-frame @ C:\Users\USER\OneDrive\Desktop\PUP\node_modules\react-dom\cjs\react-dom-client.development.js:23863
renderWithHooks @ C:\Users\USER\OneDrive\Desktop\PUP\node_modules\react-dom\cjs\react-dom-client.development.js:5529
updateFunctionComponent @ C:\Users\USER\OneDrive\Desktop\PUP\node_modules\react-dom\cjs\react-dom-client.development.js:8897
beginWork @ C:\Users\USER\OneDrive\Desktop\PUP\node_modules\react-dom\cjs\react-dom-client.development.js:10522
runWithFiberInDEV @ C:\Users\USER\OneDrive\Desktop\PUP\node_modules\react-dom\cjs\react-dom-client.development.js:1519
performUnitOfWork @ C:\Users\USER\OneDrive\Desktop\PUP\node_modules\react-dom\cjs\react-dom-client.development.js:15132
workLoopConcurrentByScheduler @ C:\Users\USER\OneDrive\Desktop\PUP\node_modules\react-dom\cjs\react-dom-client.development.js:15126
renderRootConcurrent @ C:\Users\USER\OneDrive\Desktop\PUP\node_modules\react-dom\cjs\react-dom-client.development.js:15101
performWorkOnRoot @ C:\Users\USER\OneDrive\Desktop\PUP\node_modules\react-dom\cjs\react-dom-client.development.js:14418
performWorkOnRootViaSchedulerTask @ C:\Users\USER\OneDrive\Desktop\PUP\node_modules\react-dom\cjs\react-dom-client.development.js:16216
performWorkUntilDeadline @ C:\Users\USER\OneDrive\Desktop\PUP\node_modules\scheduler\cjs\scheduler.development.js:45
<SceneView>
exports.jsx @ C:\Users\USER\OneDrive\Desktop\PUP\node_modules\react\cjs\react-jsx-runtime.development.js:339
render @ C:\Users\USER\OneDrive\Desktop\PUP\node_modules\@react-navigation\core\lib\module\useDescriptors.js:108
(anonymous) @ C:\Users\USER\OneDrive\Desktop\PUP\node_modules\@react-navigation\core\lib\module\useDescriptors.js:140
useDescriptors @ C:\Users\USER\OneDrive\Desktop\PUP\node_modules\@react-navigation\core\lib\module\useDescriptors.js:137
useNavigationBuilder @ C:\Users\USER\OneDrive\Desktop\PUP\node_modules\@react-navigation\core\lib\module\useNavigationBuilder.js:562
Content @ C:\Users\USER\OneDrive\Desktop\PUP\node_modules\expo-router\build\ExpoRoot.js:161
react-stack-bottom-frame @ C:\Users\USER\OneDrive\Desktop\PUP\node_modules\react-dom\cjs\react-dom-client.development.js:23863
renderWithHooks @ C:\Users\USER\OneDrive\Desktop\PUP\node_modules\react-dom\cjs\react-dom-client.development.js:5529
updateFunctionComponent @ C:\Users\USER\OneDrive\Desktop\PUP\node_modules\react-dom\cjs\react-dom-client.development.js:8897
beginWork @ C:\Users\USER\OneDrive\Desktop\PUP\node_modules\react-dom\cjs\react-dom-client.development.js:10522
runWithFiberInDEV @ C:\Users\USER\OneDrive\Desktop\PUP\node_modules\react-dom\cjs\react-dom-client.development.js:1519
performUnitOfWork @ C:\Users\USER\OneDrive\Desktop\PUP\node_modules\react-dom\cjs\react-dom-client.development.js:15132
workLoopConcurrentByScheduler @ C:\Users\USER\OneDrive\Desktop\PUP\node_modules\react-dom\cjs\react-dom-client.development.js:15126
renderRootConcurrent @ C:\Users\USER\OneDrive\Desktop\PUP\node_modules\react-dom\cjs\react-dom-client.development.js:15101
performWorkOnRoot @ C:\Users\USER\OneDrive\Desktop\PUP\node_modules\react-dom\cjs\react-dom-client.development.js:14418
performWorkOnRootViaSchedulerTask @ C:\Users\USER\OneDrive\Desktop\PUP\node_modules\react-dom\cjs\react-dom-client.development.js:16216
performWorkUntilDeadline @ C:\Users\USER\OneDrive\Desktop\PUP\node_modules\scheduler\cjs\scheduler.development.js:45
<Content>
exports.jsxDEV @ C:\Users\USER\OneDrive\Desktop\PUP\node_modules\react\cjs\react-jsx-dev-runtime.development.js:346
ContextNavigator @ C:\Users\USER\OneDrive\Desktop\PUP\node_modules\expo-router\build\ExpoRoot.js:147
react-stack-bottom-frame @ C:\Users\USER\OneDrive\Desktop\PUP\node_modules\react-dom\cjs\react-dom-client.development.js:23863
renderWithHooks @ C:\Users\USER\OneDrive\Desktop\PUP\node_modules\react-dom\cjs\react-dom-client.development.js:5529
updateFunctionComponent @ C:\Users\USER\OneDrive\Desktop\PUP\node_modules\react-dom\cjs\react-dom-client.development.js:8897
beginWork @ C:\Users\USER\OneDrive\Desktop\PUP\node_modules\react-dom\cjs\react-dom-client.development.js:10522
runWithFiberInDEV @ C:\Users\USER\OneDrive\Desktop\PUP\node_modules\react-dom\cjs\react-dom-client.development.js:1519
performUnitOfWork @ C:\Users\USER\OneDrive\Desktop\PUP\node_modules\react-dom\cjs\react-dom-client.development.js:15132
workLoopConcurrentByScheduler @ C:\Users\USER\OneDrive\Desktop\PUP\node_modules\react-dom\cjs\react-dom-client.development.js:15126
renderRootConcurrent @ C:\Users\USER\OneDrive\Desktop\PUP\node_modules\react-dom\cjs\react-dom-client.development.js:15101
performWorkOnRoot @ C:\Users\USER\OneDrive\Desktop\PUP\node_modules\react-dom\cjs\react-dom-client.development.js:14418
performWorkOnRootViaSchedulerTask @ C:\Users\USER\OneDrive\Desktop\PUP\node_modules\react-dom\cjs\react-dom-client.development.js:16216
performWorkUntilDeadline @ C:\Users\USER\OneDrive\Desktop\PUP\node_modules\scheduler\cjs\scheduler.development.js:45
<ContextNavigator>
exports.jsxDEV @ C:\Users\USER\OneDrive\Desktop\PUP\node_modules\react\cjs\react-jsx-dev-runtime.development.js:346
ExpoRoot @ C:\Users\USER\OneDrive\Desktop\PUP\node_modules\expo-router\build\ExpoRoot.js:87
react-stack-bottom-frame @ C:\Users\USER\OneDrive\Desktop\PUP\node_modules\react-dom\cjs\react-dom-client.development.js:23863
renderWithHooks @ C:\Users\USER\OneDrive\Desktop\PUP\node_modules\react-dom\cjs\react-dom-client.development.js:5529
updateFunctionComponent @ C:\Users\USER\OneDrive\Desktop\PUP\node_modules\react-dom\cjs\react-dom-client.development.js:8897
beginWork @ C:\Users\USER\OneDrive\Desktop\PUP\node_modules\react-dom\cjs\react-dom-client.development.js:10522
runWithFiberInDEV @ C:\Users\USER\OneDrive\Desktop\PUP\node_modules\react-dom\cjs\react-dom-client.development.js:1519
performUnitOfWork @ C:\Users\USER\OneDrive\Desktop\PUP\node_modules\react-dom\cjs\react-dom-client.development.js:15132
workLoopConcurrentByScheduler @ C:\Users\USER\OneDrive\Desktop\PUP\node_modules\react-dom\cjs\react-dom-client.development.js:15126
renderRootConcurrent @ C:\Users\USER\OneDrive\Desktop\PUP\node_modules\react-dom\cjs\react-dom-client.development.js:15101
performWorkOnRoot @ C:\Users\USER\OneDrive\Desktop\PUP\node_modules\react-dom\cjs\react-dom-client.development.js:14418
performWorkOnRootViaSchedulerTask @ C:\Users\USER\OneDrive\Desktop\PUP\node_modules\react-dom\cjs\react-dom-client.development.js:16216
performWorkUntilDeadline @ C:\Users\USER\OneDrive\Desktop\PUP\node_modules\scheduler\cjs\scheduler.development.js:45
<ExpoRoot>
exports.jsxDEV @ C:\Users\USER\OneDrive\Desktop\PUP\node_modules\react\cjs\react-jsx-dev-runtime.development.js:346
App @ C:\Users\USER\OneDrive\Desktop\PUP\node_modules\expo-router\build\qualified-entry.js:21
react-stack-bottom-frame @ C:\Users\USER\OneDrive\Desktop\PUP\node_modules\react-dom\cjs\react-dom-client.development.js:23863
renderWithHooks @ C:\Users\USER\OneDrive\Desktop\PUP\node_modules\react-dom\cjs\react-dom-client.development.js:5529
updateFunctionComponent @ C:\Users\USER\OneDrive\Desktop\PUP\node_modules\react-dom\cjs\react-dom-client.development.js:8897
beginWork @ C:\Users\USER\OneDrive\Desktop\PUP\node_modules\react-dom\cjs\react-dom-client.development.js:10522
runWithFiberInDEV @ C:\Users\USER\OneDrive\Desktop\PUP\node_modules\react-dom\cjs\react-dom-client.development.js:1519
performUnitOfWork @ C:\Users\USER\OneDrive\Desktop\PUP\node_modules\react-dom\cjs\react-dom-client.development.js:15132
workLoopConcurrentByScheduler @ C:\Users\USER\OneDrive\Desktop\PUP\node_modules\react-dom\cjs\react-dom-client.development.js:15126
renderRootConcurrent @ C:\Users\USER\OneDrive\Desktop\PUP\node_modules\react-dom\cjs\react-dom-client.development.js:15101
performWorkOnRoot @ C:\Users\USER\OneDrive\Desktop\PUP\node_modules\react-dom\cjs\react-dom-client.development.js:14418
performWorkOnRootViaSchedulerTask @ C:\Users\USER\OneDrive\Desktop\PUP\node_modules\react-dom\cjs\react-dom-client.development.js:16216
performWorkUntilDeadline @ C:\Users\USER\OneDrive\Desktop\PUP\node_modules\scheduler\cjs\scheduler.development.js:45
<App>
exports.jsxDEV @ C:\Users\USER\OneDrive\Desktop\PUP\node_modules\react\cjs\react-jsx-dev-runtime.development.js:346
ErrorOverlay @ C:\Users\USER\OneDrive\Desktop\PUP\node_modules\@expo\metro-runtime\src\error-overlay\index.tsx:19
react-stack-bottom-frame @ C:\Users\USER\OneDrive\Desktop\PUP\node_modules\react-dom\cjs\react-dom-client.development.js:23863
renderWithHooks @ C:\Users\USER\OneDrive\Desktop\PUP\node_modules\react-dom\cjs\react-dom-client.development.js:5529
updateFunctionComponent @ C:\Users\USER\OneDrive\Desktop\PUP\node_modules\react-dom\cjs\react-dom-client.development.js:8897
beginWork @ C:\Users\USER\OneDrive\Desktop\PUP\node_modules\react-dom\cjs\react-dom-client.development.js:10522
runWithFiberInDEV @ C:\Users\USER\OneDrive\Desktop\PUP\node_modules\react-dom\cjs\react-dom-client.development.js:1519
performUnitOfWork @ C:\Users\USER\OneDrive\Desktop\PUP\node_modules\react-dom\cjs\react-dom-client.development.js:15132
workLoopConcurrentByScheduler @ C:\Users\USER\OneDrive\Desktop\PUP\node_modules\react-dom\cjs\react-dom-client.development.js:15126
renderRootConcurrent @ C:\Users\USER\OneDrive\Desktop\PUP\node_modules\react-dom\cjs\react-dom-client.development.js:15101
performWorkOnRoot @ C:\Users\USER\OneDrive\Desktop\PUP\node_modules\react-dom\cjs\react-dom-client.development.js:14418
performWorkOnRootViaSchedulerTask @ C:\Users\USER\OneDrive\Desktop\PUP\node_modules\react-dom\cjs\react-dom-client.development.js:16216
performWorkUntilDeadline @ C:\Users\USER\OneDrive\Desktop\PUP\node_modules\scheduler\cjs\scheduler.development.js:45
<ErrorOverlay>
exports.jsxDEV @ C:\Users\USER\OneDrive\Desktop\PUP\node_modules\react\cjs\react-jsx-dev-runtime.development.js:346
WithDevTools @ C:\Users\USER\OneDrive\Desktop\PUP\node_modules\expo\src\launch\withDevTools.web.tsx:11
react-stack-bottom-frame @ C:\Users\USER\OneDrive\Desktop\PUP\node_modules\react-dom\cjs\react-dom-client.development.js:23863
renderWithHooks @ C:\Users\USER\OneDrive\Desktop\PUP\node_modules\react-dom\cjs\react-dom-client.development.js:5529
updateFunctionComponent @ C:\Users\USER\OneDrive\Desktop\PUP\node_modules\react-dom\cjs\react-dom-client.development.js:8897
beginWork @ C:\Users\USER\OneDrive\Desktop\PUP\node_modules\react-dom\cjs\react-dom-client.development.js:10522
runWithFiberInDEV @ C:\Users\USER\OneDrive\Desktop\PUP\node_modules\react-dom\cjs\react-dom-client.development.js:1519
performUnitOfWork @ C:\Users\USER\OneDrive\Desktop\PUP\node_modules\react-dom\cjs\react-dom-client.development.js:15132
workLoopConcurrentByScheduler @ C:\Users\USER\OneDrive\Desktop\PUP\node_modules\react-dom\cjs\react-dom-client.development.js:15126
renderRootConcurrent @ C:\Users\USER\OneDrive\Desktop\PUP\node_modules\react-dom\cjs\react-dom-client.development.js:15101
performWorkOnRoot @ C:\Users\USER\OneDrive\Desktop\PUP\node_modules\react-dom\cjs\react-dom-client.development.js:14418
performWorkOnRootViaSchedulerTask @ C:\Users\USER\OneDrive\Desktop\PUP\node_modules\react-dom\cjs\react-dom-client.development.js:16216
performWorkUntilDeadline @ C:\Users\USER\OneDrive\Desktop\PUP\node_modules\scheduler\cjs\scheduler.development.js:45
<withDevTools(ErrorOverlay)>
exports.createElement @ C:\Users\USER\OneDrive\Desktop\PUP\node_modules\react\cjs\react.development.js:1033
renderApplication @ C:\Users\USER\OneDrive\Desktop\PUP\node_modules\react-native-web\dist\exports\AppRegistry\renderApplication.js:27
run @ C:\Users\USER\OneDrive\Desktop\PUP\node_modules\react-native-web\dist\exports\AppRegistry\index.js:36
runApplication @ C:\Users\USER\OneDrive\Desktop\PUP\node_modules\react-native-web\dist\exports\AppRegistry\index.js:74
registerRootComponent @ C:\Users\USER\OneDrive\Desktop\PUP\node_modules\expo\src\launch\registerRootComponent.tsx:58
(anonymous) @ C:\Users\USER\OneDrive\Desktop\PUP\node_modules\expo-router\build\renderRootComponent.js:88
exports.startTransition @ C:\Users\USER\OneDrive\Desktop\PUP\node_modules\react\cjs\react.development.js:1124
renderRootComponent @ C:\Users\USER\OneDrive\Desktop\PUP\node_modules\expo-router\build\renderRootComponent.js:85
(anonymous) @ C:\Users\USER\OneDrive\Desktop\PUP\node_modules\expo-router\entry-classic.js:10
loadModuleImplementation @ C:\Users\USER\OneDrive\Desktop\PUP\node_modules\expo\node_modules\@expo\cli\build\metro-require\require.js:248
guardedLoadModule @ C:\Users\USER\OneDrive\Desktop\PUP\node_modules\expo\node_modules\@expo\cli\build\metro-require\require.js:163
metroRequire @ C:\Users\USER\OneDrive\Desktop\PUP\node_modules\expo\node_modules\@expo\cli\build\metro-require\require.js:74
(anonymous) @ C:\Users\USER\OneDrive\Desktop\PUP\node_modules\expo-router\entry.js:3
loadModuleImplementation @ C:\Users\USER\OneDrive\Desktop\PUP\node_modules\expo\node_modules\@expo\cli\build\metro-require\require.js:248
guardedLoadModule @ C:\Users\USER\OneDrive\Desktop\PUP\node_modules\expo\node_modules\@expo\cli\build\metro-require\require.js:156
metroRequire @ C:\Users\USER\OneDrive\Desktop\PUP\node_modules\expo\node_modules\@expo\cli\build\metro-require\require.js:74
(anonymous) @ entry.bundle?platform=web&dev=true&hot=false&lazy=true&transform.routerRoot=app&transform.reactCompiler=true:196749
C:\Users\USER\OneDrive\Desktop\PUP\node_modules\react-native-web\dist\modules\warnOnce\index.js:24 props.pointerEvents is deprecated. Use style.pointerEvents
warnOnce @ C:\Users\USER\OneDrive\Desktop\PUP\node_modules\react-native-web\dist\modules\warnOnce\index.js:24
createDOMProps @ C:\Users\USER\OneDrive\Desktop\PUP\node_modules\react-native-web\dist\modules\createDOMProps\index.js:805
createElement @ C:\Users\USER\OneDrive\Desktop\PUP\node_modules\react-native-web\dist\exports\createElement\index.js:23
View @ C:\Users\USER\OneDrive\Desktop\PUP\node_modules\react-native-web\dist\exports\View\index.js:111
react-stack-bottom-frame @ C:\Users\USER\OneDrive\Desktop\PUP\node_modules\react-dom\cjs\react-dom-client.development.js:23863
renderWithHooks @ C:\Users\USER\OneDrive\Desktop\PUP\node_modules\react-dom\cjs\react-dom-client.development.js:5529
updateForwardRef @ C:\Users\USER\OneDrive\Desktop\PUP\node_modules\react-dom\cjs\react-dom-client.development.js:8645
beginWork @ C:\Users\USER\OneDrive\Desktop\PUP\node_modules\react-dom\cjs\react-dom-client.development.js:10861
runWithFiberInDEV @ C:\Users\USER\OneDrive\Desktop\PUP\node_modules\react-dom\cjs\react-dom-client.development.js:1519
performUnitOfWork @ C:\Users\USER\OneDrive\Desktop\PUP\node_modules\react-dom\cjs\react-dom-client.development.js:15132
workLoopSync @ C:\Users\USER\OneDrive\Desktop\PUP\node_modules\react-dom\cjs\react-dom-client.development.js:14956
renderRootSync @ C:\Users\USER\OneDrive\Desktop\PUP\node_modules\react-dom\cjs\react-dom-client.development.js:14936
performWorkOnRoot @ C:\Users\USER\OneDrive\Desktop\PUP\node_modules\react-dom\cjs\react-dom-client.development.js:14419
performSyncWorkOnRoot @ C:\Users\USER\OneDrive\Desktop\PUP\node_modules\react-dom\cjs\react-dom-client.development.js:16231
flushSyncWorkAcrossRoots_impl @ C:\Users\USER\OneDrive\Desktop\PUP\node_modules\react-dom\cjs\react-dom-client.development.js:16079
flushPassiveEffects @ C:\Users\USER\OneDrive\Desktop\PUP\node_modules\react-dom\cjs\react-dom-client.development.js:15749
(anonymous) @ C:\Users\USER\OneDrive\Desktop\PUP\node_modules\react-dom\cjs\react-dom-client.development.js:15379
performWorkUntilDeadline @ C:\Users\USER\OneDrive\Desktop\PUP\node_modules\scheduler\cjs\scheduler.development.js:45
<View>
exports.createElement @ C:\Users\USER\OneDrive\Desktop\PUP\node_modules\react\cjs\react.development.js:1033
(anonymous) @ C:\Users\USER\OneDrive\Desktop\PUP\node_modules\react-native-web\dist\vendor\react-native\Animated\createAnimatedComponent.js:41
react-stack-bottom-frame @ C:\Users\USER\OneDrive\Desktop\PUP\node_modules\react-dom\cjs\react-dom-client.development.js:23863
renderWithHooks @ C:\Users\USER\OneDrive\Desktop\PUP\node_modules\react-dom\cjs\react-dom-client.development.js:5529
updateForwardRef @ C:\Users\USER\OneDrive\Desktop\PUP\node_modules\react-dom\cjs\react-dom-client.development.js:8645
beginWork @ C:\Users\USER\OneDrive\Desktop\PUP\node_modules\react-dom\cjs\react-dom-client.development.js:10861
runWithFiberInDEV @ C:\Users\USER\OneDrive\Desktop\PUP\node_modules\react-dom\cjs\react-dom-client.development.js:1519
performUnitOfWork @ C:\Users\USER\OneDrive\Desktop\PUP\node_modules\react-dom\cjs\react-dom-client.development.js:15132
workLoopSync @ C:\Users\USER\OneDrive\Desktop\PUP\node_modules\react-dom\cjs\react-dom-client.development.js:14956
renderRootSync @ C:\Users\USER\OneDrive\Desktop\PUP\node_modules\react-dom\cjs\react-dom-client.development.js:14936
performWorkOnRoot @ C:\Users\USER\OneDrive\Desktop\PUP\node_modules\react-dom\cjs\react-dom-client.development.js:14419
performSyncWorkOnRoot @ C:\Users\USER\OneDrive\Desktop\PUP\node_modules\react-dom\cjs\react-dom-client.development.js:16231
flushSyncWorkAcrossRoots_impl @ C:\Users\USER\OneDrive\Desktop\PUP\node_modules\react-dom\cjs\react-dom-client.development.js:16079
flushPassiveEffects @ C:\Users\USER\OneDrive\Desktop\PUP\node_modules\react-dom\cjs\react-dom-client.development.js:15749
(anonymous) @ C:\Users\USER\OneDrive\Desktop\PUP\node_modules\react-dom\cjs\react-dom-client.development.js:15379
performWorkUntilDeadline @ C:\Users\USER\OneDrive\Desktop\PUP\node_modules\scheduler\cjs\scheduler.development.js:45
<ForwardRef>
exports.jsxs @ C:\Users\USER\OneDrive\Desktop\PUP\node_modules\react\cjs\react-jsx-runtime.development.js:355
BottomTabBar @ C:\Users\USER\OneDrive\Desktop\PUP\node_modules\@react-navigation\bottom-tabs\lib\module\views\BottomTabBar.js:221
react-stack-bottom-frame @ C:\Users\USER\OneDrive\Desktop\PUP\node_modules\react-dom\cjs\react-dom-client.development.js:23863
renderWithHooks @ C:\Users\USER\OneDrive\Desktop\PUP\node_modules\react-dom\cjs\react-dom-client.development.js:5529
updateFunctionComponent @ C:\Users\USER\OneDrive\Desktop\PUP\node_modules\react-dom\cjs\react-dom-client.development.js:8897
beginWork @ C:\Users\USER\OneDrive\Desktop\PUP\node_modules\react-dom\cjs\react-dom-client.development.js:10522
runWithFiberInDEV @ C:\Users\USER\OneDrive\Desktop\PUP\node_modules\react-dom\cjs\react-dom-client.development.js:1519
performUnitOfWork @ C:\Users\USER\OneDrive\Desktop\PUP\node_modules\react-dom\cjs\react-dom-client.development.js:15132
workLoopSync @ C:\Users\USER\OneDrive\Desktop\PUP\node_modules\react-dom\cjs\react-dom-client.development.js:14956
renderRootSync @ C:\Users\USER\OneDrive\Desktop\PUP\node_modules\react-dom\cjs\react-dom-client.development.js:14936
performWorkOnRoot @ C:\Users\USER\OneDrive\Desktop\PUP\node_modules\react-dom\cjs\react-dom-client.development.js:14419
performSyncWorkOnRoot @ C:\Users\USER\OneDrive\Desktop\PUP\node_modules\react-dom\cjs\react-dom-client.development.js:16231
flushSyncWorkAcrossRoots_impl @ C:\Users\USER\OneDrive\Desktop\PUP\node_modules\react-dom\cjs\react-dom-client.development.js:16079
flushPassiveEffects @ C:\Users\USER\OneDrive\Desktop\PUP\node_modules\react-dom\cjs\react-dom-client.development.js:15749
(anonymous) @ C:\Users\USER\OneDrive\Desktop\PUP\node_modules\react-dom\cjs\react-dom-client.development.js:15379
performWorkUntilDeadline @ C:\Users\USER\OneDrive\Desktop\PUP\node_modules\scheduler\cjs\scheduler.development.js:45
<BottomTabBar>
exports.jsx @ C:\Users\USER\OneDrive\Desktop\PUP\node_modules\react\cjs\react-jsx-runtime.development.js:339
renderTabBarDefault @ C:\Users\USER\OneDrive\Desktop\PUP\node_modules\@react-navigation\bottom-tabs\lib\module\views\BottomTabView.js:43
children @ C:\Users\USER\OneDrive\Desktop\PUP\node_modules\@react-navigation\bottom-tabs\lib\module\views\BottomTabView.js:137
react-stack-bottom-frame @ C:\Users\USER\OneDrive\Desktop\PUP\node_modules\react-dom\cjs\react-dom-client.development.js:23863
beginWork @ C:\Users\USER\OneDrive\Desktop\PUP\node_modules\react-dom\cjs\react-dom-client.development.js:10934
runWithFiberInDEV @ C:\Users\USER\OneDrive\Desktop\PUP\node_modules\react-dom\cjs\react-dom-client.development.js:1519
performUnitOfWork @ C:\Users\USER\OneDrive\Desktop\PUP\node_modules\react-dom\cjs\react-dom-client.development.js:15132
workLoopSync @ C:\Users\USER\OneDrive\Desktop\PUP\node_modules\react-dom\cjs\react-dom-client.development.js:14956
renderRootSync @ C:\Users\USER\OneDrive\Desktop\PUP\node_modules\react-dom\cjs\react-dom-client.development.js:14936
performWorkOnRoot @ C:\Users\USER\OneDrive\Desktop\PUP\node_modules\react-dom\cjs\react-dom-client.development.js:14419
performSyncWorkOnRoot @ C:\Users\USER\OneDrive\Desktop\PUP\node_modules\react-dom\cjs\react-dom-client.development.js:16231
flushSyncWorkAcrossRoots_impl @ C:\Users\USER\OneDrive\Desktop\PUP\node_modules\react-dom\cjs\react-dom-client.development.js:16079
flushPassiveEffects @ C:\Users\USER\OneDrive\Desktop\PUP\node_modules\react-dom\cjs\react-dom-client.development.js:15749
(anonymous) @ C:\Users\USER\OneDrive\Desktop\PUP\node_modules\react-dom\cjs\react-dom-client.development.js:15379
performWorkUntilDeadline @ C:\Users\USER\OneDrive\Desktop\PUP\node_modules\scheduler\cjs\scheduler.development.js:45
<SafeAreaInsetsContext.Consumer>
exports.jsx @ C:\Users\USER\OneDrive\Desktop\PUP\node_modules\react\cjs\react-jsx-runtime.development.js:339
renderTabBar @ C:\Users\USER\OneDrive\Desktop\PUP\node_modules\@react-navigation\bottom-tabs\lib\module\views\BottomTabView.js:136
BottomTabView @ C:\Users\USER\OneDrive\Desktop\PUP\node_modules\@react-navigation\bottom-tabs\lib\module\views\BottomTabView.js:161
react-stack-bottom-frame @ C:\Users\USER\OneDrive\Desktop\PUP\node_modules\react-dom\cjs\react-dom-client.development.js:23863
renderWithHooks @ C:\Users\USER\OneDrive\Desktop\PUP\node_modules\react-dom\cjs\react-dom-client.development.js:5529
updateFunctionComponent @ C:\Users\USER\OneDrive\Desktop\PUP\node_modules\react-dom\cjs\react-dom-client.development.js:8897
beginWork @ C:\Users\USER\OneDrive\Desktop\PUP\node_modules\react-dom\cjs\react-dom-client.development.js:10522
runWithFiberInDEV @ C:\Users\USER\OneDrive\Desktop\PUP\node_modules\react-dom\cjs\react-dom-client.development.js:1519
performUnitOfWork @ C:\Users\USER\OneDrive\Desktop\PUP\node_modules\react-dom\cjs\react-dom-client.development.js:15132
workLoopSync @ C:\Users\USER\OneDrive\Desktop\PUP\node_modules\react-dom\cjs\react-dom-client.development.js:14956
renderRootSync @ C:\Users\USER\OneDrive\Desktop\PUP\node_modules\react-dom\cjs\react-dom-client.development.js:14936
performWorkOnRoot @ C:\Users\USER\OneDrive\Desktop\PUP\node_modules\react-dom\cjs\react-dom-client.development.js:14419
performSyncWorkOnRoot @ C:\Users\USER\OneDrive\Desktop\PUP\node_modules\react-dom\cjs\react-dom-client.development.js:16231
flushSyncWorkAcrossRoots_impl @ C:\Users\USER\OneDrive\Desktop\PUP\node_modules\react-dom\cjs\react-dom-client.development.js:16079
flushPassiveEffects @ C:\Users\USER\OneDrive\Desktop\PUP\node_modules\react-dom\cjs\react-dom-client.development.js:15749
(anonymous) @ C:\Users\USER\OneDrive\Desktop\PUP\node_modules\react-dom\cjs\react-dom-client.development.js:15379
performWorkUntilDeadline @ C:\Users\USER\OneDrive\Desktop\PUP\node_modules\scheduler\cjs\scheduler.development.js:45
<BottomTabView>
exports.jsx @ C:\Users\USER\OneDrive\Desktop\PUP\node_modules\react\cjs\react-jsx-runtime.development.js:339
BottomTabNavigator @ C:\Users\USER\OneDrive\Desktop\PUP\node_modules\@react-navigation\bottom-tabs\lib\module\navigators\createBottomTabNavigator.js:37
react-stack-bottom-frame @ C:\Users\USER\OneDrive\Desktop\PUP\node_modules\react-dom\cjs\react-dom-client.development.js:23863
renderWithHooks @ C:\Users\USER\OneDrive\Desktop\PUP\node_modules\react-dom\cjs\react-dom-client.development.js:5529
updateFunctionComponent @ C:\Users\USER\OneDrive\Desktop\PUP\node_modules\react-dom\cjs\react-dom-client.development.js:8897
beginWork @ C:\Users\USER\OneDrive\Desktop\PUP\node_modules\react-dom\cjs\react-dom-client.development.js:10522
runWithFiberInDEV @ C:\Users\USER\OneDrive\Desktop\PUP\node_modules\react-dom\cjs\react-dom-client.development.js:1519
performUnitOfWork @ C:\Users\USER\OneDrive\Desktop\PUP\node_modules\react-dom\cjs\react-dom-client.development.js:15132
workLoopSync @ C:\Users\USER\OneDrive\Desktop\PUP\node_modules\react-dom\cjs\react-dom-client.development.js:14956
renderRootSync @ C:\Users\USER\OneDrive\Desktop\PUP\node_modules\react-dom\cjs\react-dom-client.development.js:14936
performWorkOnRoot @ C:\Users\USER\OneDrive\Desktop\PUP\node_modules\react-dom\cjs\react-dom-client.development.js:14419
performSyncWorkOnRoot @ C:\Users\USER\OneDrive\Desktop\PUP\node_modules\react-dom\cjs\react-dom-client.development.js:16231
flushSyncWorkAcrossRoots_impl @ C:\Users\USER\OneDrive\Desktop\PUP\node_modules\react-dom\cjs\react-dom-client.development.js:16079
flushPassiveEffects @ C:\Users\USER\OneDrive\Desktop\PUP\node_modules\react-dom\cjs\react-dom-client.development.js:15749
(anonymous) @ C:\Users\USER\OneDrive\Desktop\PUP\node_modules\react-dom\cjs\react-dom-client.development.js:15379
performWorkUntilDeadline @ C:\Users\USER\OneDrive\Desktop\PUP\node_modules\scheduler\cjs\scheduler.development.js:45
<BottomTabNavigator>
exports.jsxDEV @ C:\Users\USER\OneDrive\Desktop\PUP\node_modules\react\cjs\react-jsx-dev-runtime.development.js:346
(anonymous) @ C:\Users\USER\OneDrive\Desktop\PUP\node_modules\expo-router\build\layouts\withLayoutContext.js:156
react-stack-bottom-frame @ C:\Users\USER\OneDrive\Desktop\PUP\node_modules\react-dom\cjs\react-dom-client.development.js:23863
renderWithHooks @ C:\Users\USER\OneDrive\Desktop\PUP\node_modules\react-dom\cjs\react-dom-client.development.js:5529
updateForwardRef @ C:\Users\USER\OneDrive\Desktop\PUP\node_modules\react-dom\cjs\react-dom-client.development.js:8645
beginWork @ C:\Users\USER\OneDrive\Desktop\PUP\node_modules\react-dom\cjs\react-dom-client.development.js:10861
runWithFiberInDEV @ C:\Users\USER\OneDrive\Desktop\PUP\node_modules\react-dom\cjs\react-dom-client.development.js:1519
performUnitOfWork @ C:\Users\USER\OneDrive\Desktop\PUP\node_modules\react-dom\cjs\react-dom-client.development.js:15132
workLoopSync @ C:\Users\USER\OneDrive\Desktop\PUP\node_modules\react-dom\cjs\react-dom-client.development.js:14956
renderRootSync @ C:\Users\USER\OneDrive\Desktop\PUP\node_modules\react-dom\cjs\react-dom-client.development.js:14936
performWorkOnRoot @ C:\Users\USER\OneDrive\Desktop\PUP\node_modules\react-dom\cjs\react-dom-client.development.js:14419
performSyncWorkOnRoot @ C:\Users\USER\OneDrive\Desktop\PUP\node_modules\react-dom\cjs\react-dom-client.development.js:16231
flushSyncWorkAcrossRoots_impl @ C:\Users\USER\OneDrive\Desktop\PUP\node_modules\react-dom\cjs\react-dom-client.development.js:16079
flushPassiveEffects @ C:\Users\USER\OneDrive\Desktop\PUP\node_modules\react-dom\cjs\react-dom-client.development.js:15749
(anonymous) @ C:\Users\USER\OneDrive\Desktop\PUP\node_modules\react-dom\cjs\react-dom-client.development.js:15379
performWorkUntilDeadline @ C:\Users\USER\OneDrive\Desktop\PUP\node_modules\scheduler\cjs\scheduler.development.js:45
<ForwardRef>
exports.jsxDEV @ C:\Users\USER\OneDrive\Desktop\PUP\node_modules\react\cjs\react-jsx-dev-runtime.development.js:346
Object.assign.Screen @ C:\Users\USER\OneDrive\Desktop\PUP\node_modules\expo-router\build\layouts\TabsClient.js:46
react-stack-bottom-frame @ C:\Users\USER\OneDrive\Desktop\PUP\node_modules\react-dom\cjs\react-dom-client.development.js:23863
renderWithHooks @ C:\Users\USER\OneDrive\Desktop\PUP\node_modules\react-dom\cjs\react-dom-client.development.js:5529
updateFunctionComponent @ C:\Users\USER\OneDrive\Desktop\PUP\node_modules\react-dom\cjs\react-dom-client.development.js:8897
beginWork @ C:\Users\USER\OneDrive\Desktop\PUP\node_modules\react-dom\cjs\react-dom-client.development.js:10522
runWithFiberInDEV @ C:\Users\USER\OneDrive\Desktop\PUP\node_modules\react-dom\cjs\react-dom-client.development.js:1519
performUnitOfWork @ C:\Users\USER\OneDrive\Desktop\PUP\node_modules\react-dom\cjs\react-dom-client.development.js:15132
workLoopSync @ C:\Users\USER\OneDrive\Desktop\PUP\node_modules\react-dom\cjs\react-dom-client.development.js:14956
renderRootSync @ C:\Users\USER\OneDrive\Desktop\PUP\node_modules\react-dom\cjs\react-dom-client.development.js:14936
performWorkOnRoot @ C:\Users\USER\OneDrive\Desktop\PUP\node_modules\react-dom\cjs\react-dom-client.development.js:14419
performSyncWorkOnRoot @ C:\Users\USER\OneDrive\Desktop\PUP\node_modules\react-dom\cjs\react-dom-client.development.js:16231
flushSyncWorkAcrossRoots_impl @ C:\Users\USER\OneDrive\Desktop\PUP\node_modules\react-dom\cjs\react-dom-client.development.js:16079
flushPassiveEffects @ C:\Users\USER\OneDrive\Desktop\PUP\node_modules\react-dom\cjs\react-dom-client.development.js:15749
(anonymous) @ C:\Users\USER\OneDrive\Desktop\PUP\node_modules\react-dom\cjs\react-dom-client.development.js:15379
performWorkUntilDeadline @ C:\Users\USER\OneDrive\Desktop\PUP\node_modules\scheduler\cjs\scheduler.development.js:45
<...>
exports.jsxDEV @ C:\Users\USER\OneDrive\Desktop\PUP\node_modules\react\cjs\react-jsx-dev-runtime.development.js:346
TabLayout @ C:\Users\USER\OneDrive\Desktop\PUP\app\(tabs)\_layout.tsx:6
react-stack-bottom-frame @ C:\Users\USER\OneDrive\Desktop\PUP\node_modules\react-dom\cjs\react-dom-client.development.js:23863
renderWithHooks @ C:\Users\USER\OneDrive\Desktop\PUP\node_modules\react-dom\cjs\react-dom-client.development.js:5529
updateFunctionComponent @ C:\Users\USER\OneDrive\Desktop\PUP\node_modules\react-dom\cjs\react-dom-client.development.js:8897
beginWork @ C:\Users\USER\OneDrive\Desktop\PUP\node_modules\react-dom\cjs\react-dom-client.development.js:10522
runWithFiberInDEV @ C:\Users\USER\OneDrive\Desktop\PUP\node_modules\react-dom\cjs\react-dom-client.development.js:1519
performUnitOfWork @ C:\Users\USER\OneDrive\Desktop\PUP\node_modules\react-dom\cjs\react-dom-client.development.js:15132
workLoopSync @ C:\Users\USER\OneDrive\Desktop\PUP\node_modules\react-dom\cjs\react-dom-client.development.js:14956
renderRootSync @ C:\Users\USER\OneDrive\Desktop\PUP\node_modules\react-dom\cjs\react-dom-client.development.js:14936
performWorkOnRoot @ C:\Users\USER\OneDrive\Desktop\PUP\node_modules\react-dom\cjs\react-dom-client.development.js:14419
performSyncWorkOnRoot @ C:\Users\USER\OneDrive\Desktop\PUP\node_modules\react-dom\cjs\react-dom-client.development.js:16231
flushSyncWorkAcrossRoots_impl @ C:\Users\USER\OneDrive\Desktop\PUP\node_modules\react-dom\cjs\react-dom-client.development.js:16079
flushPassiveEffects @ C:\Users\USER\OneDrive\Desktop\PUP\node_modules\react-dom\cjs\react-dom-client.development.js:15749
(anonymous) @ C:\Users\USER\OneDrive\Desktop\PUP\node_modules\react-dom\cjs\react-dom-client.development.js:15379
performWorkUntilDeadline @ C:\Users\USER\OneDrive\Desktop\PUP\node_modules\scheduler\cjs\scheduler.development.js:45
<TabLayout(./(tabs)/_layout.tsx)>
exports.jsxDEV @ C:\Users\USER\OneDrive\Desktop\PUP\node_modules\react\cjs\react-jsx-dev-runtime.development.js:346
BaseRoute @ C:\Users\USER\OneDrive\Desktop\PUP\node_modules\expo-router\build\useScreens.js:213
react-stack-bottom-frame @ C:\Users\USER\OneDrive\Desktop\PUP\node_modules\react-dom\cjs\react-dom-client.development.js:23863
renderWithHooks @ C:\Users\USER\OneDrive\Desktop\PUP\node_modules\react-dom\cjs\react-dom-client.development.js:5529
updateFunctionComponent @ C:\Users\USER\OneDrive\Desktop\PUP\node_modules\react-dom\cjs\react-dom-client.development.js:8897
beginWork @ C:\Users\USER\OneDrive\Desktop\PUP\node_modules\react-dom\cjs\react-dom-client.development.js:10522
runWithFiberInDEV @ C:\Users\USER\OneDrive\Desktop\PUP\node_modules\react-dom\cjs\react-dom-client.development.js:1519
performUnitOfWork @ C:\Users\USER\OneDrive\Desktop\PUP\node_modules\react-dom\cjs\react-dom-client.development.js:15132
workLoopSync @ C:\Users\USER\OneDrive\Desktop\PUP\node_modules\react-dom\cjs\react-dom-client.development.js:14956
renderRootSync @ C:\Users\USER\OneDrive\Desktop\PUP\node_modules\react-dom\cjs\react-dom-client.development.js:14936
performWorkOnRoot @ C:\Users\USER\OneDrive\Desktop\PUP\node_modules\react-dom\cjs\react-dom-client.development.js:14419
performSyncWorkOnRoot @ C:\Users\USER\OneDrive\Desktop\PUP\node_modules\react-dom\cjs\react-dom-client.development.js:16231
flushSyncWorkAcrossRoots_impl @ C:\Users\USER\OneDrive\Desktop\PUP\node_modules\react-dom\cjs\react-dom-client.development.js:16079
flushPassiveEffects @ C:\Users\USER\OneDrive\Desktop\PUP\node_modules\react-dom\cjs\react-dom-client.development.js:15749
(anonymous) @ C:\Users\USER\OneDrive\Desktop\PUP\node_modules\react-dom\cjs\react-dom-client.development.js:15379
performWorkUntilDeadline @ C:\Users\USER\OneDrive\Desktop\PUP\node_modules\scheduler\cjs\scheduler.development.js:45
<Route((tabs))>
exports.jsx @ C:\Users\USER\OneDrive\Desktop\PUP\node_modules\react\cjs\react-jsx-runtime.development.js:339
SceneView @ C:\Users\USER\OneDrive\Desktop\PUP\node_modules\@react-navigation\core\lib\module\SceneView.js:125
react-stack-bottom-frame @ C:\Users\USER\OneDrive\Desktop\PUP\node_modules\react-dom\cjs\react-dom-client.development.js:23863
renderWithHooks @ C:\Users\USER\OneDrive\Desktop\PUP\node_modules\react-dom\cjs\react-dom-client.development.js:5529
updateFunctionComponent @ C:\Users\USER\OneDrive\Desktop\PUP\node_modules\react-dom\cjs\react-dom-client.development.js:8897
beginWork @ C:\Users\USER\OneDrive\Desktop\PUP\node_modules\react-dom\cjs\react-dom-client.development.js:10522
runWithFiberInDEV @ C:\Users\USER\OneDrive\Desktop\PUP\node_modules\react-dom\cjs\react-dom-client.development.js:1519
performUnitOfWork @ C:\Users\USER\OneDrive\Desktop\PUP\node_modules\react-dom\cjs\react-dom-client.development.js:15132
workLoopSync @ C:\Users\USER\OneDrive\Desktop\PUP\node_modules\react-dom\cjs\react-dom-client.development.js:14956
renderRootSync @ C:\Users\USER\OneDrive\Desktop\PUP\node_modules\react-dom\cjs\react-dom-client.development.js:14936
performWorkOnRoot @ C:\Users\USER\OneDrive\Desktop\PUP\node_modules\react-dom\cjs\react-dom-client.development.js:14419
performSyncWorkOnRoot @ C:\Users\USER\OneDrive\Desktop\PUP\node_modules\react-dom\cjs\react-dom-client.development.js:16231
flushSyncWorkAcrossRoots_impl @ C:\Users\USER\OneDrive\Desktop\PUP\node_modules\react-dom\cjs\react-dom-client.development.js:16079
flushPassiveEffects @ C:\Users\USER\OneDrive\Desktop\PUP\node_modules\react-dom\cjs\react-dom-client.development.js:15749
(anonymous) @ C:\Users\USER\OneDrive\Desktop\PUP\node_modules\react-dom\cjs\react-dom-client.development.js:15379
performWorkUntilDeadline @ C:\Users\USER\OneDrive\Desktop\PUP\node_modules\scheduler\cjs\scheduler.development.js:45
<SceneView>
exports.jsx @ C:\Users\USER\OneDrive\Desktop\PUP\node_modules\react\cjs\react-jsx-runtime.development.js:339
render @ C:\Users\USER\OneDrive\Desktop\PUP\node_modules\@react-navigation\core\lib\module\useDescriptors.js:108
(anonymous) @ C:\Users\USER\OneDrive\Desktop\PUP\node_modules\@react-navigation\core\lib\module\useDescriptors.js:140
useDescriptors @ C:\Users\USER\OneDrive\Desktop\PUP\node_modules\@react-navigation\core\lib\module\useDescriptors.js:137
useNavigationBuilder @ C:\Users\USER\OneDrive\Desktop\PUP\node_modules\@react-navigation\core\lib\module\useNavigationBuilder.js:562
SlotNavigator @ C:\Users\USER\OneDrive\Desktop\PUP\node_modules\expo-router\build\views\Navigator.js:107
react-stack-bottom-frame @ C:\Users\USER\OneDrive\Desktop\PUP\node_modules\react-dom\cjs\react-dom-client.development.js:23863
renderWithHooks @ C:\Users\USER\OneDrive\Desktop\PUP\node_modules\react-dom\cjs\react-dom-client.development.js:5529
updateFunctionComponent @ C:\Users\USER\OneDrive\Desktop\PUP\node_modules\react-dom\cjs\react-dom-client.development.js:8897
beginWork @ C:\Users\USER\OneDrive\Desktop\PUP\node_modules\react-dom\cjs\react-dom-client.development.js:10522
runWithFiberInDEV @ C:\Users\USER\OneDrive\Desktop\PUP\node_modules\react-dom\cjs\react-dom-client.development.js:1519
performUnitOfWork @ C:\Users\USER\OneDrive\Desktop\PUP\node_modules\react-dom\cjs\react-dom-client.development.js:15132
workLoopSync @ C:\Users\USER\OneDrive\Desktop\PUP\node_modules\react-dom\cjs\react-dom-client.development.js:14956
renderRootSync @ C:\Users\USER\OneDrive\Desktop\PUP\node_modules\react-dom\cjs\react-dom-client.development.js:14936
performWorkOnRoot @ C:\Users\USER\OneDrive\Desktop\PUP\node_modules\react-dom\cjs\react-dom-client.development.js:14419
performSyncWorkOnRoot @ C:\Users\USER\OneDrive\Desktop\PUP\node_modules\react-dom\cjs\react-dom-client.development.js:16231
flushSyncWorkAcrossRoots_impl @ C:\Users\USER\OneDrive\Desktop\PUP\node_modules\react-dom\cjs\react-dom-client.development.js:16079
flushPassiveEffects @ C:\Users\USER\OneDrive\Desktop\PUP\node_modules\react-dom\cjs\react-dom-client.development.js:15749
(anonymous) @ C:\Users\USER\OneDrive\Desktop\PUP\node_modules\react-dom\cjs\react-dom-client.development.js:15379
performWorkUntilDeadline @ C:\Users\USER\OneDrive\Desktop\PUP\node_modules\scheduler\cjs\scheduler.development.js:45
<SlotNavigator>
exports.jsxDEV @ C:\Users\USER\OneDrive\Desktop\PUP\node_modules\react\cjs\react-jsx-dev-runtime.development.js:346
Slot @ C:\Users\USER\OneDrive\Desktop\PUP\node_modules\expo-router\build\views\Navigator.js:130
react-stack-bottom-frame @ C:\Users\USER\OneDrive\Desktop\PUP\node_modules\react-dom\cjs\react-dom-client.development.js:23863
renderWithHooks @ C:\Users\USER\OneDrive\Desktop\PUP\node_modules\react-dom\cjs\react-dom-client.development.js:5529
updateFunctionComponent @ C:\Users\USER\OneDrive\Desktop\PUP\node_modules\react-dom\cjs\react-dom-client.development.js:8897
beginWork @ C:\Users\USER\OneDrive\Desktop\PUP\node_modules\react-dom\cjs\react-dom-client.development.js:10522
runWithFiberInDEV @ C:\Users\USER\OneDrive\Desktop\PUP\node_modules\react-dom\cjs\react-dom-client.development.js:1519
performUnitOfWork @ C:\Users\USER\OneDrive\Desktop\PUP\node_modules\react-dom\cjs\react-dom-client.development.js:15132
workLoopConcurrentByScheduler @ C:\Users\USER\OneDrive\Desktop\PUP\node_modules\react-dom\cjs\react-dom-client.development.js:15126
renderRootConcurrent @ C:\Users\USER\OneDrive\Desktop\PUP\node_modules\react-dom\cjs\react-dom-client.development.js:15101
performWorkOnRoot @ C:\Users\USER\OneDrive\Desktop\PUP\node_modules\react-dom\cjs\react-dom-client.development.js:14418
performWorkOnRootViaSchedulerTask @ C:\Users\USER\OneDrive\Desktop\PUP\node_modules\react-dom\cjs\react-dom-client.development.js:16216
performWorkUntilDeadline @ C:\Users\USER\OneDrive\Desktop\PUP\node_modules\scheduler\cjs\scheduler.development.js:45
<Slot>
exports.jsxDEV @ C:\Users\USER\OneDrive\Desktop\PUP\node_modules\react\cjs\react-jsx-dev-runtime.development.js:346
RootLayout @ C:\Users\USER\OneDrive\Desktop\PUP\app\_layout.tsx:86
react-stack-bottom-frame @ C:\Users\USER\OneDrive\Desktop\PUP\node_modules\react-dom\cjs\react-dom-client.development.js:23863
renderWithHooks @ C:\Users\USER\OneDrive\Desktop\PUP\node_modules\react-dom\cjs\react-dom-client.development.js:5529
updateFunctionComponent @ C:\Users\USER\OneDrive\Desktop\PUP\node_modules\react-dom\cjs\react-dom-client.development.js:8897
beginWork @ C:\Users\USER\OneDrive\Desktop\PUP\node_modules\react-dom\cjs\react-dom-client.development.js:10522
runWithFiberInDEV @ C:\Users\USER\OneDrive\Desktop\PUP\node_modules\react-dom\cjs\react-dom-client.development.js:1519
performUnitOfWork @ C:\Users\USER\OneDrive\Desktop\PUP\node_modules\react-dom\cjs\react-dom-client.development.js:15132
workLoopConcurrentByScheduler @ C:\Users\USER\OneDrive\Desktop\PUP\node_modules\react-dom\cjs\react-dom-client.development.js:15126
renderRootConcurrent @ C:\Users\USER\OneDrive\Desktop\PUP\node_modules\react-dom\cjs\react-dom-client.development.js:15101
performWorkOnRoot @ C:\Users\USER\OneDrive\Desktop\PUP\node_modules\react-dom\cjs\react-dom-client.development.js:14418
performWorkOnRootViaSchedulerTask @ C:\Users\USER\OneDrive\Desktop\PUP\node_modules\react-dom\cjs\react-dom-client.development.js:16216
performWorkUntilDeadline @ C:\Users\USER\OneDrive\Desktop\PUP\node_modules\scheduler\cjs\scheduler.development.js:45
<RootLayout(./_layout.tsx)>
exports.jsxDEV @ C:\Users\USER\OneDrive\Desktop\PUP\node_modules\react\cjs\react-jsx-dev-runtime.development.js:346
BaseRoute @ C:\Users\USER\OneDrive\Desktop\PUP\node_modules\expo-router\build\useScreens.js:213
react-stack-bottom-frame @ C:\Users\USER\OneDrive\Desktop\PUP\node_modules\react-dom\cjs\react-dom-client.development.js:23863
renderWithHooks @ C:\Users\USER\OneDrive\Desktop\PUP\node_modules\react-dom\cjs\react-dom-client.development.js:5529
updateFunctionComponent @ C:\Users\USER\OneDrive\Desktop\PUP\node_modules\react-dom\cjs\react-dom-client.development.js:8897
beginWork @ C:\Users\USER\OneDrive\Desktop\PUP\node_modules\react-dom\cjs\react-dom-client.development.js:10522
runWithFiberInDEV @ C:\Users\USER\OneDrive\Desktop\PUP\node_modules\react-dom\cjs\react-dom-client.development.js:1519
performUnitOfWork @ C:\Users\USER\OneDrive\Desktop\PUP\node_modules\react-dom\cjs\react-dom-client.development.js:15132
workLoopConcurrentByScheduler @ C:\Users\USER\OneDrive\Desktop\PUP\node_modules\react-dom\cjs\react-dom-client.development.js:15126
renderRootConcurrent @ C:\Users\USER\OneDrive\Desktop\PUP\node_modules\react-dom\cjs\react-dom-client.development.js:15101
performWorkOnRoot @ C:\Users\USER\OneDrive\Desktop\PUP\node_modules\react-dom\cjs\react-dom-client.development.js:14418
performWorkOnRootViaSchedulerTask @ C:\Users\USER\OneDrive\Desktop\PUP\node_modules\react-dom\cjs\react-dom-client.development.js:16216
performWorkUntilDeadline @ C:\Users\USER\OneDrive\Desktop\PUP\node_modules\scheduler\cjs\scheduler.development.js:45
<Route()>
exports.jsx @ C:\Users\USER\OneDrive\Desktop\PUP\node_modules\react\cjs\react-jsx-runtime.development.js:339
SceneView @ C:\Users\USER\OneDrive\Desktop\PUP\node_modules\@react-navigation\core\lib\module\SceneView.js:125
react-stack-bottom-frame @ C:\Users\USER\OneDrive\Desktop\PUP\node_modules\react-dom\cjs\react-dom-client.development.js:23863
renderWithHooks @ C:\Users\USER\OneDrive\Desktop\PUP\node_modules\react-dom\cjs\react-dom-client.development.js:5529
updateFunctionComponent @ C:\Users\USER\OneDrive\Desktop\PUP\node_modules\react-dom\cjs\react-dom-client.development.js:8897
beginWork @ C:\Users\USER\OneDrive\Desktop\PUP\node_modules\react-dom\cjs\react-dom-client.development.js:10522
runWithFiberInDEV @ C:\Users\USER\OneDrive\Desktop\PUP\node_modules\react-dom\cjs\react-dom-client.development.js:1519
performUnitOfWork @ C:\Users\USER\OneDrive\Desktop\PUP\node_modules\react-dom\cjs\react-dom-client.development.js:15132
workLoopConcurrentByScheduler @ C:\Users\USER\OneDrive\Desktop\PUP\node_modules\react-dom\cjs\react-dom-client.development.js:15126
renderRootConcurrent @ C:\Users\USER\OneDrive\Desktop\PUP\node_modules\react-dom\cjs\react-dom-client.development.js:15101
performWorkOnRoot @ C:\Users\USER\OneDrive\Desktop\PUP\node_modules\react-dom\cjs\react-dom-client.development.js:14418
performWorkOnRootViaSchedulerTask @ C:\Users\USER\OneDrive\Desktop\PUP\node_modules\react-dom\cjs\react-dom-client.development.js:16216
performWorkUntilDeadline @ C:\Users\USER\OneDrive\Desktop\PUP\node_modules\scheduler\cjs\scheduler.development.js:45
<SceneView>
exports.jsx @ C:\Users\USER\OneDrive\Desktop\PUP\node_modules\react\cjs\react-jsx-runtime.development.js:339
render @ C:\Users\USER\OneDrive\Desktop\PUP\node_modules\@react-navigation\core\lib\module\useDescriptors.js:108
(anonymous) @ C:\Users\USER\OneDrive\Desktop\PUP\node_modules\@react-navigation\core\lib\module\useDescriptors.js:140
useDescriptors @ C:\Users\USER\OneDrive\Desktop\PUP\node_modules\@react-navigation\core\lib\module\useDescriptors.js:137
useNavigationBuilder @ C:\Users\USER\OneDrive\Desktop\PUP\node_modules\@react-navigation\core\lib\module\useNavigationBuilder.js:562
Content @ C:\Users\USER\OneDrive\Desktop\PUP\node_modules\expo-router\build\ExpoRoot.js:161
react-stack-bottom-frame @ C:\Users\USER\OneDrive\Desktop\PUP\node_modules\react-dom\cjs\react-dom-client.development.js:23863
renderWithHooks @ C:\Users\USER\OneDrive\Desktop\PUP\node_modules\react-dom\cjs\react-dom-client.development.js:5529
updateFunctionComponent @ C:\Users\USER\OneDrive\Desktop\PUP\node_modules\react-dom\cjs\react-dom-client.development.js:8897
beginWork @ C:\Users\USER\OneDrive\Desktop\PUP\node_modules\react-dom\cjs\react-dom-client.development.js:10522
runWithFiberInDEV @ C:\Users\USER\OneDrive\Desktop\PUP\node_modules\react-dom\cjs\react-dom-client.development.js:1519
performUnitOfWork @ C:\Users\USER\OneDrive\Desktop\PUP\node_modules\react-dom\cjs\react-dom-client.development.js:15132
workLoopConcurrentByScheduler @ C:\Users\USER\OneDrive\Desktop\PUP\node_modules\react-dom\cjs\react-dom-client.development.js:15126
renderRootConcurrent @ C:\Users\USER\OneDrive\Desktop\PUP\node_modules\react-dom\cjs\react-dom-client.development.js:15101
performWorkOnRoot @ C:\Users\USER\OneDrive\Desktop\PUP\node_modules\react-dom\cjs\react-dom-client.development.js:14418
performWorkOnRootViaSchedulerTask @ C:\Users\USER\OneDrive\Desktop\PUP\node_modules\react-dom\cjs\react-dom-client.development.js:16216
performWorkUntilDeadline @ C:\Users\USER\OneDrive\Desktop\PUP\node_modules\scheduler\cjs\scheduler.development.js:45
<Content>
exports.jsxDEV @ C:\Users\USER\OneDrive\Desktop\PUP\node_modules\react\cjs\react-jsx-dev-runtime.development.js:346
ContextNavigator @ C:\Users\USER\OneDrive\Desktop\PUP\node_modules\expo-router\build\ExpoRoot.js:147
react-stack-bottom-frame @ C:\Users\USER\OneDrive\Desktop\PUP\node_modules\react-dom\cjs\react-dom-client.development.js:23863
renderWithHooks @ C:\Users\USER\OneDrive\Desktop\PUP\node_modules\react-dom\cjs\react-dom-client.development.js:5529
updateFunctionComponent @ C:\Users\USER\OneDrive\Desktop\PUP\node_modules\react-dom\cjs\react-dom-client.development.js:8897
beginWork @ C:\Users\USER\OneDrive\Desktop\PUP\node_modules\react-dom\cjs\react-dom-client.development.js:10522
runWithFiberInDEV @ C:\Users\USER\OneDrive\Desktop\PUP\node_modules\react-dom\cjs\react-dom-client.development.js:1519
performUnitOfWork @ C:\Users\USER\OneDrive\Desktop\PUP\node_modules\react-dom\cjs\react-dom-client.development.js:15132
workLoopConcurrentByScheduler @ C:\Users\USER\OneDrive\Desktop\PUP\node_modules\react-dom\cjs\react-dom-client.development.js:15126
renderRootConcurrent @ C:\Users\USER\OneDrive\Desktop\PUP\node_modules\react-dom\cjs\react-dom-client.development.js:15101
performWorkOnRoot @ C:\Users\USER\OneDrive\Desktop\PUP\node_modules\react-dom\cjs\react-dom-client.development.js:14418
performWorkOnRootViaSchedulerTask @ C:\Users\USER\OneDrive\Desktop\PUP\node_modules\react-dom\cjs\react-dom-client.development.js:16216
performWorkUntilDeadline @ C:\Users\USER\OneDrive\Desktop\PUP\node_modules\scheduler\cjs\scheduler.development.js:45
<ContextNavigator>
exports.jsxDEV @ C:\Users\USER\OneDrive\Desktop\PUP\node_modules\react\cjs\react-jsx-dev-runtime.development.js:346
ExpoRoot @ C:\Users\USER\OneDrive\Desktop\PUP\node_modules\expo-router\build\ExpoRoot.js:87
react-stack-bottom-frame @ C:\Users\USER\OneDrive\Desktop\PUP\node_modules\react-dom\cjs\react-dom-client.development.js:23863
renderWithHooks @ C:\Users\USER\OneDrive\Desktop\PUP\node_modules\react-dom\cjs\react-dom-client.development.js:5529
updateFunctionComponent @ C:\Users\USER\OneDrive\Desktop\PUP\node_modules\react-dom\cjs\react-dom-client.development.js:8897
beginWork @ C:\Users\USER\OneDrive\Desktop\PUP\node_modules\react-dom\cjs\react-dom-client.development.js:10522
runWithFiberInDEV @ C:\Users\USER\OneDrive\Desktop\PUP\node_modules\react-dom\cjs\react-dom-client.development.js:1519
performUnitOfWork @ C:\Users\USER\OneDrive\Desktop\PUP\node_modules\react-dom\cjs\react-dom-client.development.js:15132
workLoopConcurrentByScheduler @ C:\Users\USER\OneDrive\Desktop\PUP\node_modules\react-dom\cjs\react-dom-client.development.js:15126
renderRootConcurrent @ C:\Users\USER\OneDrive\Desktop\PUP\node_modules\react-dom\cjs\react-dom-client.development.js:15101
performWorkOnRoot @ C:\Users\USER\OneDrive\Desktop\PUP\node_modules\react-dom\cjs\react-dom-client.development.js:14418
performWorkOnRootViaSchedulerTask @ C:\Users\USER\OneDrive\Desktop\PUP\node_modules\react-dom\cjs\react-dom-client.development.js:16216
performWorkUntilDeadline @ C:\Users\USER\OneDrive\Desktop\PUP\node_modules\scheduler\cjs\scheduler.development.js:45
<ExpoRoot>
exports.jsxDEV @ C:\Users\USER\OneDrive\Desktop\PUP\node_modules\react\cjs\react-jsx-dev-runtime.development.js:346
App @ C:\Users\USER\OneDrive\Desktop\PUP\node_modules\expo-router\build\qualified-entry.js:21
react-stack-bottom-frame @ C:\Users\USER\OneDrive\Desktop\PUP\node_modules\react-dom\cjs\react-dom-client.development.js:23863
renderWithHooks @ C:\Users\USER\OneDrive\Desktop\PUP\node_modules\react-dom\cjs\react-dom-client.development.js:5529
updateFunctionComponent @ C:\Users\USER\OneDrive\Desktop\PUP\node_modules\react-dom\cjs\react-dom-client.development.js:8897
beginWork @ C:\Users\USER\OneDrive\Desktop\PUP\node_modules\react-dom\cjs\react-dom-client.development.js:10522
runWithFiberInDEV @ C:\Users\USER\OneDrive\Desktop\PUP\node_modules\react-dom\cjs\react-dom-client.development.js:1519
performUnitOfWork @ C:\Users\USER\OneDrive\Desktop\PUP\node_modules\react-dom\cjs\react-dom-client.development.js:15132
workLoopConcurrentByScheduler @ C:\Users\USER\OneDrive\Desktop\PUP\node_modules\react-dom\cjs\react-dom-client.development.js:15126
renderRootConcurrent @ C:\Users\USER\OneDrive\Desktop\PUP\node_modules\react-dom\cjs\react-dom-client.development.js:15101
performWorkOnRoot @ C:\Users\USER\OneDrive\Desktop\PUP\node_modules\react-dom\cjs\react-dom-client.development.js:14418
performWorkOnRootViaSchedulerTask @ C:\Users\USER\OneDrive\Desktop\PUP\node_modules\react-dom\cjs\react-dom-client.development.js:16216
performWorkUntilDeadline @ C:\Users\USER\OneDrive\Desktop\PUP\node_modules\scheduler\cjs\scheduler.development.js:45
<App>
exports.jsxDEV @ C:\Users\USER\OneDrive\Desktop\PUP\node_modules\react\cjs\react-jsx-dev-runtime.development.js:346
ErrorOverlay @ C:\Users\USER\OneDrive\Desktop\PUP\node_modules\@expo\metro-runtime\src\error-overlay\index.tsx:19
react-stack-bottom-frame @ C:\Users\USER\OneDrive\Desktop\PUP\node_modules\react-dom\cjs\react-dom-client.development.js:23863
renderWithHooks @ C:\Users\USER\OneDrive\Desktop\PUP\node_modules\react-dom\cjs\react-dom-client.development.js:5529
updateFunctionComponent @ C:\Users\USER\OneDrive\Desktop\PUP\node_modules\react-dom\cjs\react-dom-client.development.js:8897
beginWork @ C:\Users\USER\OneDrive\Desktop\PUP\node_modules\react-dom\cjs\react-dom-client.development.js:10522
runWithFiberInDEV @ C:\Users\USER\OneDrive\Desktop\PUP\node_modules\react-dom\cjs\react-dom-client.development.js:1519
performUnitOfWork @ C:\Users\USER\OneDrive\Desktop\PUP\node_modules\react-dom\cjs\react-dom-client.development.js:15132
workLoopConcurrentByScheduler @ C:\Users\USER\OneDrive\Desktop\PUP\node_modules\react-dom\cjs\react-dom-client.development.js:15126
renderRootConcurrent @ C:\Users\USER\OneDrive\Desktop\PUP\node_modules\react-dom\cjs\react-dom-client.development.js:15101
performWorkOnRoot @ C:\Users\USER\OneDrive\Desktop\PUP\node_modules\react-dom\cjs\react-dom-client.development.js:14418
performWorkOnRootViaSchedulerTask @ C:\Users\USER\OneDrive\Desktop\PUP\node_modules\react-dom\cjs\react-dom-client.development.js:16216
performWorkUntilDeadline @ C:\Users\USER\OneDrive\Desktop\PUP\node_modules\scheduler\cjs\scheduler.development.js:45
<ErrorOverlay>
exports.jsxDEV @ C:\Users\USER\OneDrive\Desktop\PUP\node_modules\react\cjs\react-jsx-dev-runtime.development.js:346
WithDevTools @ C:\Users\USER\OneDrive\Desktop\PUP\node_modules\expo\src\launch\withDevTools.web.tsx:11
react-stack-bottom-frame @ C:\Users\USER\OneDrive\Desktop\PUP\node_modules\react-dom\cjs\react-dom-client.development.js:23863
renderWithHooks @ C:\Users\USER\OneDrive\Desktop\PUP\node_modules\react-dom\cjs\react-dom-client.development.js:5529
updateFunctionComponent @ C:\Users\USER\OneDrive\Desktop\PUP\node_modules\react-dom\cjs\react-dom-client.development.js:8897
beginWork @ C:\Users\USER\OneDrive\Desktop\PUP\node_modules\react-dom\cjs\react-dom-client.development.js:10522
runWithFiberInDEV @ C:\Users\USER\OneDrive\Desktop\PUP\node_modules\react-dom\cjs\react-dom-client.development.js:1519
performUnitOfWork @ C:\Users\USER\OneDrive\Desktop\PUP\node_modules\react-dom\cjs\react-dom-client.development.js:15132
workLoopConcurrentByScheduler @ C:\Users\USER\OneDrive\Desktop\PUP\node_modules\react-dom\cjs\react-dom-client.development.js:15126
renderRootConcurrent @ C:\Users\USER\OneDrive\Desktop\PUP\node_modules\react-dom\cjs\react-dom-client.development.js:15101
performWorkOnRoot @ C:\Users\USER\OneDrive\Desktop\PUP\node_modules\react-dom\cjs\react-dom-client.development.js:14418
performWorkOnRootViaSchedulerTask @ C:\Users\USER\OneDrive\Desktop\PUP\node_modules\react-dom\cjs\react-dom-client.development.js:16216
performWorkUntilDeadline @ C:\Users\USER\OneDrive\Desktop\PUP\node_modules\scheduler\cjs\scheduler.development.js:45
<withDevTools(ErrorOverlay)>
exports.createElement @ C:\Users\USER\OneDrive\Desktop\PUP\node_modules\react\cjs\react.development.js:1033
renderApplication @ C:\Users\USER\OneDrive\Desktop\PUP\node_modules\react-native-web\dist\exports\AppRegistry\renderApplication.js:27
run @ C:\Users\USER\OneDrive\Desktop\PUP\node_modules\react-native-web\dist\exports\AppRegistry\index.js:36
runApplication @ C:\Users\USER\OneDrive\Desktop\PUP\node_modules\react-native-web\dist\exports\AppRegistry\index.js:74
registerRootComponent @ C:\Users\USER\OneDrive\Desktop\PUP\node_modules\expo\src\launch\registerRootComponent.tsx:58
(anonymous) @ C:\Users\USER\OneDrive\Desktop\PUP\node_modules\expo-router\build\renderRootComponent.js:88
exports.startTransition @ C:\Users\USER\OneDrive\Desktop\PUP\node_modules\react\cjs\react.development.js:1124
renderRootComponent @ C:\Users\USER\OneDrive\Desktop\PUP\node_modules\expo-router\build\renderRootComponent.js:85
(anonymous) @ C:\Users\USER\OneDrive\Desktop\PUP\node_modules\expo-router\entry-classic.js:10
loadModuleImplementation @ C:\Users\USER\OneDrive\Desktop\PUP\node_modules\expo\node_modules\@expo\cli\build\metro-require\require.js:248
guardedLoadModule @ C:\Users\USER\OneDrive\Desktop\PUP\node_modules\expo\node_modules\@expo\cli\build\metro-require\require.js:163
metroRequire @ C:\Users\USER\OneDrive\Desktop\PUP\node_modules\expo\node_modules\@expo\cli\build\metro-require\require.js:74
(anonymous) @ C:\Users\USER\OneDrive\Desktop\PUP\node_modules\expo-router\entry.js:3
loadModuleImplementation @ C:\Users\USER\OneDrive\Desktop\PUP\node_modules\expo\node_modules\@expo\cli\build\metro-require\require.js:248
guardedLoadModule @ C:\Users\USER\OneDrive\Desktop\PUP\node_modules\expo\node_modules\@expo\cli\build\metro-require\require.js:156
metroRequire @ C:\Users\USER\OneDrive\Desktop\PUP\node_modules\expo\node_modules\@expo\cli\build\metro-require\require.js:74
(anonymous) @ entry.bundle?platform=web&dev=true&hot=false&lazy=true&transform.routerRoot=app&transform.reactCompiler=true:196749
C:\Users\USER\OneDrive\Desktop\PUP\lib\firestore-rest.ts:197 [REST] getCollection request: {collection: 'regions', url: 'https://firestore.googleapis.com/v1/projects/lasan…aSyAZ36rq3scKZDT5SsETJ_SYIOEB9Gcbkyk&orderBy=name', hasAuth: true}
C:\Users\USER\OneDrive\Desktop\PUP\lib\firestore-rest.ts:197 [REST] getCollection request: {collection: 'recipes', url: 'https://firestore.googleapis.com/v1/projects/lasan…6rq3scKZDT5SsETJ_SYIOEB9Gcbkyk&orderBy=created_at', hasAuth: true}
C:\Users\USER\OneDrive\Desktop\PUP\lib\firestore-rest.ts:197 [REST] getCollection request: {collection: 'recipes', url: 'https://firestore.googleapis.com/v1/projects/lasan…6rq3scKZDT5SsETJ_SYIOEB9Gcbkyk&orderBy=created_at', hasAuth: true}
C:\Users\USER\OneDrive\Desktop\PUP\lib\firestore-rest.ts:133  GET https://firestore.googleapis.com/v1/projects/lasangpinoy-mobile/databases/(default)/documents/regions?key=AIzaSyAZ36rq3scKZDT5SsETJ_SYIOEB9Gcbkyk&orderBy=name 404 (Not Found)
fetchWithTimeout @ C:\Users\USER\OneDrive\Desktop\PUP\lib\firestore-rest.ts:133
getCollection @ C:\Users\USER\OneDrive\Desktop\PUP\lib\firestore-rest.ts:199
await in getCollection
getRegions @ C:\Users\USER\OneDrive\Desktop\PUP\lib\firebase.ts:525
fetchRegionsData @ C:\Users\USER\OneDrive\Desktop\PUP\app\(tabs)\index.tsx:67
(anonymous) @ C:\Users\USER\OneDrive\Desktop\PUP\app\(tabs)\index.tsx:48
react-stack-bottom-frame @ C:\Users\USER\OneDrive\Desktop\PUP\node_modules\react-dom\cjs\react-dom-client.development.js:23949
runWithFiberInDEV @ C:\Users\USER\OneDrive\Desktop\PUP\node_modules\react-dom\cjs\react-dom-client.development.js:1519
commitHookEffectListMount @ C:\Users\USER\OneDrive\Desktop\PUP\node_modules\react-dom\cjs\react-dom-client.development.js:11905
commitHookPassiveMountEffects @ C:\Users\USER\OneDrive\Desktop\PUP\node_modules\react-dom\cjs\react-dom-client.development.js:12026
reconnectPassiveEffects @ C:\Users\USER\OneDrive\Desktop\PUP\node_modules\react-dom\cjs\react-dom-client.development.js:14004
recursivelyTraverseReconnectPassiveEffects @ C:\Users\USER\OneDrive\Desktop\PUP\node_modules\react-dom\cjs\react-dom-client.development.js:13976
reconnectPassiveEffects @ C:\Users\USER\OneDrive\Desktop\PUP\node_modules\react-dom\cjs\react-dom-client.development.js:14024
recursivelyTraverseReconnectPassiveEffects @ C:\Users\USER\OneDrive\Desktop\PUP\node_modules\react-dom\cjs\react-dom-client.development.js:13976
reconnectPassiveEffects @ C:\Users\USER\OneDrive\Desktop\PUP\node_modules\react-dom\cjs\react-dom-client.development.js:14051
recursivelyTraverseReconnectPassiveEffects @ C:\Users\USER\OneDrive\Desktop\PUP\node_modules\react-dom\cjs\react-dom-client.development.js:13976
reconnectPassiveEffects @ C:\Users\USER\OneDrive\Desktop\PUP\node_modules\react-dom\cjs\react-dom-client.development.js:14051
recursivelyTraverseReconnectPassiveEffects @ C:\Users\USER\OneDrive\Desktop\PUP\node_modules\react-dom\cjs\react-dom-client.development.js:13976
reconnectPassiveEffects @ C:\Users\USER\OneDrive\Desktop\PUP\node_modules\react-dom\cjs\react-dom-client.development.js:14051
recursivelyTraverseReconnectPassiveEffects @ C:\Users\USER\OneDrive\Desktop\PUP\node_modules\react-dom\cjs\react-dom-client.development.js:13976
reconnectPassiveEffects @ C:\Users\USER\OneDrive\Desktop\PUP\node_modules\react-dom\cjs\react-dom-client.development.js:13997
recursivelyTraverseReconnectPassiveEffects @ C:\Users\USER\OneDrive\Desktop\PUP\node_modules\react-dom\cjs\react-dom-client.development.js:13976
reconnectPassiveEffects @ C:\Users\USER\OneDrive\Desktop\PUP\node_modules\react-dom\cjs\react-dom-client.development.js:13997
recursivelyTraverseReconnectPassiveEffects @ C:\Users\USER\OneDrive\Desktop\PUP\node_modules\react-dom\cjs\react-dom-client.development.js:13976
reconnectPassiveEffects @ C:\Users\USER\OneDrive\Desktop\PUP\node_modules\react-dom\cjs\react-dom-client.development.js:13997
recursivelyTraverseReconnectPassiveEffects @ C:\Users\USER\OneDrive\Desktop\PUP\node_modules\react-dom\cjs\react-dom-client.development.js:13976
reconnectPassiveEffects @ C:\Users\USER\OneDrive\Desktop\PUP\node_modules\react-dom\cjs\react-dom-client.development.js:14051
recursivelyTraverseReconnectPassiveEffects @ C:\Users\USER\OneDrive\Desktop\PUP\node_modules\react-dom\cjs\react-dom-client.development.js:13976
reconnectPassiveEffects @ C:\Users\USER\OneDrive\Desktop\PUP\node_modules\react-dom\cjs\react-dom-client.development.js:14051
recursivelyTraverseReconnectPassiveEffects @ C:\Users\USER\OneDrive\Desktop\PUP\node_modules\react-dom\cjs\react-dom-client.development.js:13976
reconnectPassiveEffects @ C:\Users\USER\OneDrive\Desktop\PUP\node_modules\react-dom\cjs\react-dom-client.development.js:13997
recursivelyTraverseReconnectPassiveEffects @ C:\Users\USER\OneDrive\Desktop\PUP\node_modules\react-dom\cjs\react-dom-client.development.js:13976
reconnectPassiveEffects @ C:\Users\USER\OneDrive\Desktop\PUP\node_modules\react-dom\cjs\react-dom-client.development.js:14051
recursivelyTraverseReconnectPassiveEffects @ C:\Users\USER\OneDrive\Desktop\PUP\node_modules\react-dom\cjs\react-dom-client.development.js:13976
reconnectPassiveEffects @ C:\Users\USER\OneDrive\Desktop\PUP\node_modules\react-dom\cjs\react-dom-client.development.js:14051
recursivelyTraverseReconnectPassiveEffects @ C:\Users\USER\OneDrive\Desktop\PUP\node_modules\react-dom\cjs\react-dom-client.development.js:13976
reconnectPassiveEffects @ C:\Users\USER\OneDrive\Desktop\PUP\node_modules\react-dom\cjs\react-dom-client.development.js:14051
recursivelyTraverseReconnectPassiveEffects @ C:\Users\USER\OneDrive\Desktop\PUP\node_modules\react-dom\cjs\react-dom-client.development.js:13976
reconnectPassiveEffects @ C:\Users\USER\OneDrive\Desktop\PUP\node_modules\react-dom\cjs\react-dom-client.development.js:13997
recursivelyTraverseReconnectPassiveEffects @ C:\Users\USER\OneDrive\Desktop\PUP\node_modules\react-dom\cjs\react-dom-client.development.js:13976
reconnectPassiveEffects @ C:\Users\USER\OneDrive\Desktop\PUP\node_modules\react-dom\cjs\react-dom-client.development.js:14051
recursivelyTraverseReconnectPassiveEffects @ C:\Users\USER\OneDrive\Desktop\PUP\node_modules\react-dom\cjs\react-dom-client.development.js:13976
reconnectPassiveEffects @ C:\Users\USER\OneDrive\Desktop\PUP\node_modules\react-dom\cjs\react-dom-client.development.js:14051
recursivelyTraverseReconnectPassiveEffects @ C:\Users\USER\OneDrive\Desktop\PUP\node_modules\react-dom\cjs\react-dom-client.development.js:13976
reconnectPassiveEffects @ C:\Users\USER\OneDrive\Desktop\PUP\node_modules\react-dom\cjs\react-dom-client.development.js:14051
recursivelyTraverseReconnectPassiveEffects @ C:\Users\USER\OneDrive\Desktop\PUP\node_modules\react-dom\cjs\react-dom-client.development.js:13976
reconnectPassiveEffects @ C:\Users\USER\OneDrive\Desktop\PUP\node_modules\react-dom\cjs\react-dom-client.development.js:13997
recursivelyTraverseReconnectPassiveEffects @ C:\Users\USER\OneDrive\Desktop\PUP\node_modules\react-dom\cjs\react-dom-client.development.js:13976
reconnectPassiveEffects @ C:\Users\USER\OneDrive\Desktop\PUP\node_modules\react-dom\cjs\react-dom-client.development.js:14051
recursivelyTraverseReconnectPassiveEffects @ C:\Users\USER\OneDrive\Desktop\PUP\node_modules\react-dom\cjs\react-dom-client.development.js:13976
reconnectPassiveEffects @ C:\Users\USER\OneDrive\Desktop\PUP\node_modules\react-dom\cjs\react-dom-client.development.js:14051
recursivelyTraverseReconnectPassiveEffects @ C:\Users\USER\OneDrive\Desktop\PUP\node_modules\react-dom\cjs\react-dom-client.development.js:13976
reconnectPassiveEffects @ C:\Users\USER\OneDrive\Desktop\PUP\node_modules\react-dom\cjs\react-dom-client.development.js:14051
recursivelyTraverseReconnectPassiveEffects @ C:\Users\USER\OneDrive\Desktop\PUP\node_modules\react-dom\cjs\react-dom-client.development.js:13976
reconnectPassiveEffects @ C:\Users\USER\OneDrive\Desktop\PUP\node_modules\react-dom\cjs\react-dom-client.development.js:14051
recursivelyTraverseReconnectPassiveEffects @ C:\Users\USER\OneDrive\Desktop\PUP\node_modules\react-dom\cjs\react-dom-client.development.js:13976
reconnectPassiveEffects @ C:\Users\USER\OneDrive\Desktop\PUP\node_modules\react-dom\cjs\react-dom-client.development.js:13997
recursivelyTraverseReconnectPassiveEffects @ C:\Users\USER\OneDrive\Desktop\PUP\node_modules\react-dom\cjs\react-dom-client.development.js:13976
reconnectPassiveEffects @ C:\Users\USER\OneDrive\Desktop\PUP\node_modules\react-dom\cjs\react-dom-client.development.js:14051
recursivelyTraverseReconnectPassiveEffects @ C:\Users\USER\OneDrive\Desktop\PUP\node_modules\react-dom\cjs\react-dom-client.development.js:13976
reconnectPassiveEffects @ C:\Users\USER\OneDrive\Desktop\PUP\node_modules\react-dom\cjs\react-dom-client.development.js:13997
recursivelyTraverseReconnectPassiveEffects @ C:\Users\USER\OneDrive\Desktop\PUP\node_modules\react-dom\cjs\react-dom-client.development.js:13976
reconnectPassiveEffects @ C:\Users\USER\OneDrive\Desktop\PUP\node_modules\react-dom\cjs\react-dom-client.development.js:13997
recursivelyTraverseReconnectPassiveEffects @ C:\Users\USER\OneDrive\Desktop\PUP\node_modules\react-dom\cjs\react-dom-client.development.js:13976
reconnectPassiveEffects @ C:\Users\USER\OneDrive\Desktop\PUP\node_modules\react-dom\cjs\react-dom-client.development.js:13997
recursivelyTraverseReconnectPassiveEffects @ C:\Users\USER\OneDrive\Desktop\PUP\node_modules\react-dom\cjs\react-dom-client.development.js:13976
reconnectPassiveEffects @ C:\Users\USER\OneDrive\Desktop\PUP\node_modules\react-dom\cjs\react-dom-client.development.js:13997
recursivelyTraverseReconnectPassiveEffects @ C:\Users\USER\OneDrive\Desktop\PUP\node_modules\react-dom\cjs\react-dom-client.development.js:13976
reconnectPassiveEffects @ C:\Users\USER\OneDrive\Desktop\PUP\node_modules\react-dom\cjs\react-dom-client.development.js:14051
recursivelyTraverseReconnectPassiveEffects @ C:\Users\USER\OneDrive\Desktop\PUP\node_modules\react-dom\cjs\react-dom-client.development.js:13976
reconnectPassiveEffects @ C:\Users\USER\OneDrive\Desktop\PUP\node_modules\react-dom\cjs\react-dom-client.development.js:14051
recursivelyTraverseReconnectPassiveEffects @ C:\Users\USER\OneDrive\Desktop\PUP\node_modules\react-dom\cjs\react-dom-client.development.js:13976
reconnectPassiveEffects @ C:\Users\USER\OneDrive\Desktop\PUP\node_modules\react-dom\cjs\react-dom-client.development.js:13997
recursivelyTraverseReconnectPassiveEffects @ C:\Users\USER\OneDrive\Desktop\PUP\node_modules\react-dom\cjs\react-dom-client.development.js:13976
reconnectPassiveEffects @ C:\Users\USER\OneDrive\Desktop\PUP\node_modules\react-dom\cjs\react-dom-client.development.js:13997
recursivelyTraverseReconnectPassiveEffects @ C:\Users\USER\OneDrive\Desktop\PUP\node_modules\react-dom\cjs\react-dom-client.development.js:13976
reconnectPassiveEffects @ C:\Users\USER\OneDrive\Desktop\PUP\node_modules\react-dom\cjs\react-dom-client.development.js:14051
recursivelyTraverseReconnectPassiveEffects @ C:\Users\USER\OneDrive\Desktop\PUP\node_modules\react-dom\cjs\react-dom-client.development.js:13976
reconnectPassiveEffects @ C:\Users\USER\OneDrive\Desktop\PUP\node_modules\react-dom\cjs\react-dom-client.development.js:13997
recursivelyTraverseReconnectPassiveEffects @ C:\Users\USER\OneDrive\Desktop\PUP\node_modules\react-dom\cjs\react-dom-client.development.js:13976
reconnectPassiveEffects @ C:\Users\USER\OneDrive\Desktop\PUP\node_modules\react-dom\cjs\react-dom-client.development.js:13997
recursivelyTraverseReconnectPassiveEffects @ C:\Users\USER\OneDrive\Desktop\PUP\node_modules\react-dom\cjs\react-dom-client.development.js:13976
reconnectPassiveEffects @ C:\Users\USER\OneDrive\Desktop\PUP\node_modules\react-dom\cjs\react-dom-client.development.js:14051
recursivelyTraverseReconnectPassiveEffects @ C:\Users\USER\OneDrive\Desktop\PUP\node_modules\react-dom\cjs\react-dom-client.development.js:13976
reconnectPassiveEffects @ C:\Users\USER\OneDrive\Desktop\PUP\node_modules\react-dom\cjs\react-dom-client.development.js:13997
recursivelyTraverseReconnectPassiveEffects @ C:\Users\USER\OneDrive\Desktop\PUP\node_modules\react-dom\cjs\react-dom-client.development.js:13976
reconnectPassiveEffects @ C:\Users\USER\OneDrive\Desktop\PUP\node_modules\react-dom\cjs\react-dom-client.development.js:14051
recursivelyTraverseReconnectPassiveEffects @ C:\Users\USER\OneDrive\Desktop\PUP\node_modules\react-dom\cjs\react-dom-client.development.js:13976
reconnectPassiveEffects @ C:\Users\USER\OneDrive\Desktop\PUP\node_modules\react-dom\cjs\react-dom-client.development.js:13997
recursivelyTraverseReconnectPassiveEffects @ C:\Users\USER\OneDrive\Desktop\PUP\node_modules\react-dom\cjs\react-dom-client.development.js:13976
reconnectPassiveEffects @ C:\Users\USER\OneDrive\Desktop\PUP\node_modules\react-dom\cjs\react-dom-client.development.js:13997
recursivelyTraverseReconnectPassiveEffects @ C:\Users\USER\OneDrive\Desktop\PUP\node_modules\react-dom\cjs\react-dom-client.development.js:13976
reconnectPassiveEffects @ C:\Users\USER\OneDrive\Desktop\PUP\node_modules\react-dom\cjs\react-dom-client.development.js:13997
recursivelyTraverseReconnectPassiveEffects @ C:\Users\USER\OneDrive\Desktop\PUP\node_modules\react-dom\cjs\react-dom-client.development.js:13976
reconnectPassiveEffects @ C:\Users\USER\OneDrive\Desktop\PUP\node_modules\react-dom\cjs\react-dom-client.development.js:14051
recursivelyTraverseReconnectPassiveEffects @ C:\Users\USER\OneDrive\Desktop\PUP\node_modules\react-dom\cjs\react-dom-client.development.js:13976
reconnectPassiveEffects @ C:\Users\USER\OneDrive\Desktop\PUP\node_modules\react-dom\cjs\react-dom-client.development.js:13997
recursivelyTraverseReconnectPassiveEffects @ C:\Users\USER\OneDrive\Desktop\PUP\node_modules\react-dom\cjs\react-dom-client.development.js:13976
reconnectPassiveEffects @ C:\Users\USER\OneDrive\Desktop\PUP\node_modules\react-dom\cjs\react-dom-client.development.js:14051
recursivelyTraverseReconnectPassiveEffects @ C:\Users\USER\OneDrive\Desktop\PUP\node_modules\react-dom\cjs\react-dom-client.development.js:13976
reconnectPassiveEffects @ C:\Users\USER\OneDrive\Desktop\PUP\node_modules\react-dom\cjs\react-dom-client.development.js:14051
recursivelyTraverseReconnectPassiveEffects @ C:\Users\USER\OneDrive\Desktop\PUP\node_modules\react-dom\cjs\react-dom-client.development.js:13976
reconnectPassiveEffects @ C:\Users\USER\OneDrive\Desktop\PUP\node_modules\react-dom\cjs\react-dom-client.development.js:13997
recursivelyTraverseReconnectPassiveEffects @ C:\Users\USER\OneDrive\Desktop\PUP\node_modules\react-dom\cjs\react-dom-client.development.js:13976
reconnectPassiveEffects @ C:\Users\USER\OneDrive\Desktop\PUP\node_modules\react-dom\cjs\react-dom-client.development.js:14051
recursivelyTraverseReconnectPassiveEffects @ C:\Users\USER\OneDrive\Desktop\PUP\node_modules\react-dom\cjs\react-dom-client.development.js:13976
reconnectPassiveEffects @ C:\Users\USER\OneDrive\Desktop\PUP\node_modules\react-dom\cjs\react-dom-client.development.js:14051
recursivelyTraverseReconnectPassiveEffects @ C:\Users\USER\OneDrive\Desktop\PUP\node_modules\react-dom\cjs\react-dom-client.development.js:13976
reconnectPassiveEffects @ C:\Users\USER\OneDrive\Desktop\PUP\node_modules\react-dom\cjs\react-dom-client.development.js:13997
recursivelyTraverseReconnectPassiveEffects @ C:\Users\USER\OneDrive\Desktop\PUP\node_modules\react-dom\cjs\react-dom-client.development.js:13976
reconnectPassiveEffects @ C:\Users\USER\OneDrive\Desktop\PUP\node_modules\react-dom\cjs\react-dom-client.development.js:13997
recursivelyTraverseReconnectPassiveEffects @ C:\Users\USER\OneDrive\Desktop\PUP\node_modules\react-dom\cjs\react-dom-client.development.js:13976
reconnectPassiveEffects @ C:\Users\USER\OneDrive\Desktop\PUP\node_modules\react-dom\cjs\react-dom-client.development.js:13997
recursivelyTraverseReconnectPassiveEffects @ C:\Users\USER\OneDrive\Desktop\PUP\node_modules\react-dom\cjs\react-dom-client.development.js:13976
reconnectPassiveEffects @ C:\Users\USER\OneDrive\Desktop\PUP\node_modules\react-dom\cjs\react-dom-client.development.js:13997
recursivelyTraverseReconnectPassiveEffects @ C:\Users\USER\OneDrive\Desktop\PUP\node_modules\react-dom\cjs\react-dom-client.development.js:13976
reconnectPassiveEffects @ C:\Users\USER\OneDrive\Desktop\PUP\node_modules\react-dom\cjs\react-dom-client.development.js:13997
recursivelyTraverseReconnectPassiveEffects @ C:\Users\USER\OneDrive\Desktop\PUP\node_modules\react-dom\cjs\react-dom-client.development.js:13976
reconnectPassiveEffects @ C:\Users\USER\OneDrive\Desktop\PUP\node_modules\react-dom\cjs\react-dom-client.development.js:13997
recursivelyTraverseReconnectPassiveEffects @ C:\Users\USER\OneDrive\Desktop\PUP\node_modules\react-dom\cjs\react-dom-client.development.js:13976
commitPassiveMountOnFiber @ C:\Users\USER\OneDrive\Desktop\PUP\node_modules\react-dom\cjs\react-dom-client.development.js:13936
recursivelyTraversePassiveMountEffects @ C:\Users\USER\OneDrive\Desktop\PUP\node_modules\react-dom\cjs\react-dom-client.development.js:13815
commitPassiveMountOnFiber @ C:\Users\USER\OneDrive\Desktop\PUP\node_modules\react-dom\cjs\react-dom-client.development.js:13903
recursivelyTraversePassiveMountEffects @ C:\Users\USER\OneDrive\Desktop\PUP\node_modules\react-dom\cjs\react-dom-client.development.js:13815
commitPassiveMountOnFiber @ C:\Users\USER\OneDrive\Desktop\PUP\node_modules\react-dom\cjs\react-dom-client.development.js:13957
recursivelyTraversePassiveMountEffects @ C:\Users\USER\OneDrive\Desktop\PUP\node_modules\react-dom\cjs\react-dom-client.development.js:13815
commitPassiveMountOnFiber @ C:\Users\USER\OneDrive\Desktop\PUP\node_modules\react-dom\cjs\react-dom-client.development.js:13957
recursivelyTraversePassiveMountEffects @ C:\Users\USER\OneDrive\Desktop\PUP\node_modules\react-dom\cjs\react-dom-client.development.js:13815
commitPassiveMountOnFiber @ C:\Users\USER\OneDrive\Desktop\PUP\node_modules\react-dom\cjs\react-dom-client.development.js:13834
recursivelyTraversePassiveMountEffects @ C:\Users\USER\OneDrive\Desktop\PUP\node_modules\react-dom\cjs\react-dom-client.development.js:13815
commitPassiveMountOnFiber @ C:\Users\USER\OneDrive\Desktop\PUP\node_modules\react-dom\cjs\react-dom-client.development.js:13834
recursivelyTraversePassiveMountEffects @ C:\Users\USER\OneDrive\Desktop\PUP\node_modules\react-dom\cjs\react-dom-client.development.js:13815
commitPassiveMountOnFiber @ C:\Users\USER\OneDrive\Desktop\PUP\node_modules\react-dom\cjs\react-dom-client.development.js:13834
recursivelyTraversePassiveMountEffects @ C:\Users\USER\OneDrive\Desktop\PUP\node_modules\react-dom\cjs\react-dom-client.development.js:13815
commitPassiveMountOnFiber @ C:\Users\USER\OneDrive\Desktop\PUP\node_modules\react-dom\cjs\react-dom-client.development.js:13957
recursivelyTraversePassiveMountEffects @ C:\Users\USER\OneDrive\Desktop\PUP\node_modules\react-dom\cjs\react-dom-client.development.js:13815
commitPassiveMountOnFiber @ C:\Users\USER\OneDrive\Desktop\PUP\node_modules\react-dom\cjs\react-dom-client.development.js:13957
recursivelyTraversePassiveMountEffects @ C:\Users\USER\OneDrive\Desktop\PUP\node_modules\react-dom\cjs\react-dom-client.development.js:13815
commitPassiveMountOnFiber @ C:\Users\USER\OneDrive\Desktop\PUP\node_modules\react-dom\cjs\react-dom-client.development.js:13834
recursivelyTraversePassiveMountEffects @ C:\Users\USER\OneDrive\Desktop\PUP\node_modules\react-dom\cjs\react-dom-client.development.js:13815
commitPassiveMountOnFiber @ C:\Users\USER\OneDrive\Desktop\PUP\node_modules\react-dom\cjs\react-dom-client.development.js:13957
recursivelyTraversePassiveMountEffects @ C:\Users\USER\OneDrive\Desktop\PUP\node_modules\react-dom\cjs\react-dom-client.development.js:13815
commitPassiveMountOnFiber @ C:\Users\USER\OneDrive\Desktop\PUP\node_modules\react-dom\cjs\react-dom-client.development.js:13957
recursivelyTraversePassiveMountEffects @ C:\Users\USER\OneDrive\Desktop\PUP\node_modules\react-dom\cjs\react-dom-client.development.js:13815
commitPassiveMountOnFiber @ C:\Users\USER\OneDrive\Desktop\PUP\node_modules\react-dom\cjs\react-dom-client.development.js:13957
recursivelyTraversePassiveMountEffects @ C:\Users\USER\OneDrive\Desktop\PUP\node_modules\react-dom\cjs\react-dom-client.development.js:13815
commitPassiveMountOnFiber @ C:\Users\USER\OneDrive\Desktop\PUP\node_modules\react-dom\cjs\react-dom-client.development.js:13834
recursivelyTraversePassiveMountEffects @ C:\Users\USER\OneDrive\Desktop\PUP\node_modules\react-dom\cjs\react-dom-client.development.js:13815
commitPassiveMountOnFiber @ C:\Users\USER\OneDrive\Desktop\PUP\node_modules\react-dom\cjs\react-dom-client.development.js:13957
recursivelyTraversePassiveMountEffects @ C:\Users\USER\OneDrive\Desktop\PUP\node_modules\react-dom\cjs\react-dom-client.development.js:13815
commitPassiveMountOnFiber @ C:\Users\USER\OneDrive\Desktop\PUP\node_modules\react-dom\cjs\react-dom-client.development.js:13957
recursivelyTraversePassiveMountEffects @ C:\Users\USER\OneDrive\Desktop\PUP\node_modules\react-dom\cjs\react-dom-client.development.js:13815
commitPassiveMountOnFiber @ C:\Users\USER\OneDrive\Desktop\PUP\node_modules\react-dom\cjs\react-dom-client.development.js:13957
recursivelyTraversePassiveMountEffects @ C:\Users\USER\OneDrive\Desktop\PUP\node_modules\react-dom\cjs\react-dom-client.development.js:13815
commitPassiveMountOnFiber @ C:\Users\USER\OneDrive\Desktop\PUP\node_modules\react-dom\cjs\react-dom-client.development.js:13834
recursivelyTraversePassiveMountEffects @ C:\Users\USER\OneDrive\Desktop\PUP\node_modules\react-dom\cjs\react-dom-client.development.js:13815
commitPassiveMountOnFiber @ C:\Users\USER\OneDrive\Desktop\PUP\node_modules\react-dom\cjs\react-dom-client.development.js:13957
recursivelyTraversePassiveMountEffects @ C:\Users\USER\OneDrive\Desktop\PUP\node_modules\react-dom\cjs\react-dom-client.development.js:13815
commitPassiveMountOnFiber @ C:\Users\USER\OneDrive\Desktop\PUP\node_modules\react-dom\cjs\react-dom-client.development.js:13957
recursivelyTraversePassiveMountEffects @ C:\Users\USER\OneDrive\Desktop\PUP\node_modules\react-dom\cjs\react-dom-client.development.js:13815
commitPassiveMountOnFiber @ C:\Users\USER\OneDrive\Desktop\PUP\node_modules\react-dom\cjs\react-dom-client.development.js:13834
recursivelyTraversePassiveMountEffects @ C:\Users\USER\OneDrive\Desktop\PUP\node_modules\react-dom\cjs\react-dom-client.development.js:13815
commitPassiveMountOnFiber @ C:\Users\USER\OneDrive\Desktop\PUP\node_modules\react-dom\cjs\react-dom-client.development.js:13957
recursivelyTraversePassiveMountEffects @ C:\Users\USER\OneDrive\Desktop\PUP\node_modules\react-dom\cjs\react-dom-client.development.js:13815
commitPassiveMountOnFiber @ C:\Users\USER\OneDrive\Desktop\PUP\node_modules\react-dom\cjs\react-dom-client.development.js:13957
recursivelyTraversePassiveMountEffects @ C:\Users\USER\OneDrive\Desktop\PUP\node_modules\react-dom\cjs\react-dom-client.development.js:13815
commitPassiveMountOnFiber @ C:\Users\USER\OneDrive\Desktop\PUP\node_modules\react-dom\cjs\react-dom-client.development.js:13834
recursivelyTraversePassiveMountEffects @ C:\Users\USER\OneDrive\Desktop\PUP\node_modules\react-dom\cjs\react-dom-client.development.js:13815
commitPassiveMountOnFiber @ C:\Users\USER\OneDrive\Desktop\PUP\node_modules\react-dom\cjs\react-dom-client.development.js:13957
recursivelyTraversePassiveMountEffects @ C:\Users\USER\OneDrive\Desktop\PUP\node_modules\react-dom\cjs\react-dom-client.development.js:13815
commitPassiveMountOnFiber @ C:\Users\USER\OneDrive\Desktop\PUP\node_modules\react-dom\cjs\react-dom-client.development.js:13957
recursivelyTraversePassiveMountEffects @ C:\Users\USER\OneDrive\Desktop\PUP\node_modules\react-dom\cjs\react-dom-client.development.js:13815
commitPassiveMountOnFiber @ C:\Users\USER\OneDrive\Desktop\PUP\node_modules\react-dom\cjs\react-dom-client.development.js:13834
recursivelyTraversePassiveMountEffects @ C:\Users\USER\OneDrive\Desktop\PUP\node_modules\react-dom\cjs\react-dom-client.development.js:13815
commitPassiveMountOnFiber @ C:\Users\USER\OneDrive\Desktop\PUP\node_modules\react-dom\cjs\react-dom-client.development.js:13834
recursivelyTraversePassiveMountEffects @ C:\Users\USER\OneDrive\Desktop\PUP\node_modules\react-dom\cjs\react-dom-client.development.js:13815
commitPassiveMountOnFiber @ C:\Users\USER\OneDrive\Desktop\PUP\node_modules\react-dom\cjs\react-dom-client.development.js:13834
recursivelyTraversePassiveMountEffects @ C:\Users\USER\OneDrive\Desktop\PUP\node_modules\react-dom\cjs\react-dom-client.development.js:13815
commitPassiveMountOnFiber @ C:\Users\USER\OneDrive\Desktop\PUP\node_modules\react-dom\cjs\react-dom-client.development.js:13834
recursivelyTraversePassiveMountEffects @ C:\Users\USER\OneDrive\Desktop\PUP\node_modules\react-dom\cjs\react-dom-client.development.js:13815
commitPassiveMountOnFiber @ C:\Users\USER\OneDrive\Desktop\PUP\node_modules\react-dom\cjs\react-dom-client.development.js:13957
recursivelyTraversePassiveMountEffects @ C:\Users\USER\OneDrive\Desktop\PUP\node_modules\react-dom\cjs\react-dom-client.development.js:13815
commitPassiveMountOnFiber @ C:\Users\USER\OneDrive\Desktop\PUP\node_modules\react-dom\cjs\react-dom-client.development.js:13834
recursivelyTraversePassiveMountEffects @ C:\Users\USER\OneDrive\Desktop\PUP\node_modules\react-dom\cjs\react-dom-client.development.js:13815
commitPassiveMountOnFiber @ C:\Users\USER\OneDrive\Desktop\PUP\node_modules\react-dom\cjs\react-dom-client.development.js:13834
recursivelyTraversePassiveMountEffects @ C:\Users\USER\OneDrive\Desktop\PUP\node_modules\react-dom\cjs\react-dom-client.development.js:13815
commitPassiveMountOnFiber @ C:\Users\USER\OneDrive\Desktop\PUP\node_modules\react-dom\cjs\react-dom-client.development.js:13928
recursivelyTraversePassiveMountEffects @ C:\Users\USER\OneDrive\Desktop\PUP\node_modules\react-dom\cjs\react-dom-client.development.js:13815
commitPassiveMountOnFiber @ C:\Users\USER\OneDrive\Desktop\PUP\node_modules\react-dom\cjs\react-dom-client.development.js:13903
recursivelyTraversePassiveMountEffects @ C:\Users\USER\OneDrive\Desktop\PUP\node_modules\react-dom\cjs\react-dom-client.development.js:13815
commitPassiveMountOnFiber @ C:\Users\USER\OneDrive\Desktop\PUP\node_modules\react-dom\cjs\react-dom-client.development.js:13957
recursivelyTraversePassiveMountEffects @ C:\Users\USER\OneDrive\Desktop\PUP\node_modules\react-dom\cjs\react-dom-client.development.js:13815
commitPassiveMountOnFiber @ C:\Users\USER\OneDrive\Desktop\PUP\node_modules\react-dom\cjs\react-dom-client.development.js:13957
recursivelyTraversePassiveMountEffects @ C:\Users\USER\OneDrive\Desktop\PUP\node_modules\react-dom\cjs\react-dom-client.development.js:13815
commitPassiveMountOnFiber @ C:\Users\USER\OneDrive\Desktop\PUP\node_modules\react-dom\cjs\react-dom-client.development.js:13834
recursivelyTraversePassiveMountEffects @ C:\Users\USER\OneDrive\Desktop\PUP\node_modules\react-dom\cjs\react-dom-client.development.js:13815
commitPassiveMountOnFiber @ C:\Users\USER\OneDrive\Desktop\PUP\node_modules\react-dom\cjs\react-dom-client.development.js:13834
recursivelyTraversePassiveMountEffects @ C:\Users\USER\OneDrive\Desktop\PUP\node_modules\react-dom\cjs\react-dom-client.development.js:13815
commitPassiveMountOnFiber @ C:\Users\USER\OneDrive\Desktop\PUP\node_modules\react-dom\cjs\react-dom-client.development.js:13834
recursivelyTraversePassiveMountEffects @ C:\Users\USER\OneDrive\Desktop\PUP\node_modules\react-dom\cjs\react-dom-client.development.js:13815
commitPassiveMountOnFiber @ C:\Users\USER\OneDrive\Desktop\PUP\node_modules\react-dom\cjs\react-dom-client.development.js:13957
recursivelyTraversePassiveMountEffects @ C:\Users\USER\OneDrive\Desktop\PUP\node_modules\react-dom\cjs\react-dom-client.development.js:13815
<HomeScreen(./(tabs)/index.tsx)>
exports.jsxDEV @ C:\Users\USER\OneDrive\Desktop\PUP\node_modules\react\cjs\react-jsx-dev-runtime.development.js:346
BaseRoute @ C:\Users\USER\OneDrive\Desktop\PUP\node_modules\expo-router\build\useScreens.js:213
react-stack-bottom-frame @ C:\Users\USER\OneDrive\Desktop\PUP\node_modules\react-dom\cjs\react-dom-client.development.js:23863
renderWithHooks @ C:\Users\USER\OneDrive\Desktop\PUP\node_modules\react-dom\cjs\react-dom-client.development.js:5529
updateFunctionComponent @ C:\Users\USER\OneDrive\Desktop\PUP\node_modules\react-dom\cjs\react-dom-client.development.js:8897
beginWork @ C:\Users\USER\OneDrive\Desktop\PUP\node_modules\react-dom\cjs\react-dom-client.development.js:10522
runWithFiberInDEV @ C:\Users\USER\OneDrive\Desktop\PUP\node_modules\react-dom\cjs\react-dom-client.development.js:1519
performUnitOfWork @ C:\Users\USER\OneDrive\Desktop\PUP\node_modules\react-dom\cjs\react-dom-client.development.js:15132
workLoopSync @ C:\Users\USER\OneDrive\Desktop\PUP\node_modules\react-dom\cjs\react-dom-client.development.js:14956
renderRootSync @ C:\Users\USER\OneDrive\Desktop\PUP\node_modules\react-dom\cjs\react-dom-client.development.js:14936
performWorkOnRoot @ C:\Users\USER\OneDrive\Desktop\PUP\node_modules\react-dom\cjs\react-dom-client.development.js:14419
performSyncWorkOnRoot @ C:\Users\USER\OneDrive\Desktop\PUP\node_modules\react-dom\cjs\react-dom-client.development.js:16231
flushSyncWorkAcrossRoots_impl @ C:\Users\USER\OneDrive\Desktop\PUP\node_modules\react-dom\cjs\react-dom-client.development.js:16079
flushPassiveEffects @ C:\Users\USER\OneDrive\Desktop\PUP\node_modules\react-dom\cjs\react-dom-client.development.js:15749
(anonymous) @ C:\Users\USER\OneDrive\Desktop\PUP\node_modules\react-dom\cjs\react-dom-client.development.js:15379
performWorkUntilDeadline @ C:\Users\USER\OneDrive\Desktop\PUP\node_modules\scheduler\cjs\scheduler.development.js:45
<Route(index)>
exports.jsx @ C:\Users\USER\OneDrive\Desktop\PUP\node_modules\react\cjs\react-jsx-runtime.development.js:339
SceneView @ C:\Users\USER\OneDrive\Desktop\PUP\node_modules\@react-navigation\core\lib\module\SceneView.js:125
react-stack-bottom-frame @ C:\Users\USER\OneDrive\Desktop\PUP\node_modules\react-dom\cjs\react-dom-client.development.js:23863
renderWithHooks @ C:\Users\USER\OneDrive\Desktop\PUP\node_modules\react-dom\cjs\react-dom-client.development.js:5529
updateFunctionComponent @ C:\Users\USER\OneDrive\Desktop\PUP\node_modules\react-dom\cjs\react-dom-client.development.js:8897
beginWork @ C:\Users\USER\OneDrive\Desktop\PUP\node_modules\react-dom\cjs\react-dom-client.development.js:10522
runWithFiberInDEV @ C:\Users\USER\OneDrive\Desktop\PUP\node_modules\react-dom\cjs\react-dom-client.development.js:1519
performUnitOfWork @ C:\Users\USER\OneDrive\Desktop\PUP\node_modules\react-dom\cjs\react-dom-client.development.js:15132
workLoopSync @ C:\Users\USER\OneDrive\Desktop\PUP\node_modules\react-dom\cjs\react-dom-client.development.js:14956
renderRootSync @ C:\Users\USER\OneDrive\Desktop\PUP\node_modules\react-dom\cjs\react-dom-client.development.js:14936
performWorkOnRoot @ C:\Users\USER\OneDrive\Desktop\PUP\node_modules\react-dom\cjs\react-dom-client.development.js:14419
performSyncWorkOnRoot @ C:\Users\USER\OneDrive\Desktop\PUP\node_modules\react-dom\cjs\react-dom-client.development.js:16231
flushSyncWorkAcrossRoots_impl @ C:\Users\USER\OneDrive\Desktop\PUP\node_modules\react-dom\cjs\react-dom-client.development.js:16079
flushPassiveEffects @ C:\Users\USER\OneDrive\Desktop\PUP\node_modules\react-dom\cjs\react-dom-client.development.js:15749
(anonymous) @ C:\Users\USER\OneDrive\Desktop\PUP\node_modules\react-dom\cjs\react-dom-client.development.js:15379
performWorkUntilDeadline @ C:\Users\USER\OneDrive\Desktop\PUP\node_modules\scheduler\cjs\scheduler.development.js:45
<SceneView>
exports.jsx @ C:\Users\USER\OneDrive\Desktop\PUP\node_modules\react\cjs\react-jsx-runtime.development.js:339
render @ C:\Users\USER\OneDrive\Desktop\PUP\node_modules\@react-navigation\core\lib\module\useDescriptors.js:108
(anonymous) @ C:\Users\USER\OneDrive\Desktop\PUP\node_modules\@react-navigation\core\lib\module\useDescriptors.js:140
useDescriptors @ C:\Users\USER\OneDrive\Desktop\PUP\node_modules\@react-navigation\core\lib\module\useDescriptors.js:137
useNavigationBuilder @ C:\Users\USER\OneDrive\Desktop\PUP\node_modules\@react-navigation\core\lib\module\useNavigationBuilder.js:562
BottomTabNavigator @ C:\Users\USER\OneDrive\Desktop\PUP\node_modules\@react-navigation\bottom-tabs\lib\module\navigators\createBottomTabNavigator.js:24
react-stack-bottom-frame @ C:\Users\USER\OneDrive\Desktop\PUP\node_modules\react-dom\cjs\react-dom-client.development.js:23863
renderWithHooks @ C:\Users\USER\OneDrive\Desktop\PUP\node_modules\react-dom\cjs\react-dom-client.development.js:5529
updateFunctionComponent @ C:\Users\USER\OneDrive\Desktop\PUP\node_modules\react-dom\cjs\react-dom-client.development.js:8897
beginWork @ C:\Users\USER\OneDrive\Desktop\PUP\node_modules\react-dom\cjs\react-dom-client.development.js:10522
runWithFiberInDEV @ C:\Users\USER\OneDrive\Desktop\PUP\node_modules\react-dom\cjs\react-dom-client.development.js:1519
performUnitOfWork @ C:\Users\USER\OneDrive\Desktop\PUP\node_modules\react-dom\cjs\react-dom-client.development.js:15132
workLoopSync @ C:\Users\USER\OneDrive\Desktop\PUP\node_modules\react-dom\cjs\react-dom-client.development.js:14956
renderRootSync @ C:\Users\USER\OneDrive\Desktop\PUP\node_modules\react-dom\cjs\react-dom-client.development.js:14936
performWorkOnRoot @ C:\Users\USER\OneDrive\Desktop\PUP\node_modules\react-dom\cjs\react-dom-client.development.js:14419
performSyncWorkOnRoot @ C:\Users\USER\OneDrive\Desktop\PUP\node_modules\react-dom\cjs\react-dom-client.development.js:16231
flushSyncWorkAcrossRoots_impl @ C:\Users\USER\OneDrive\Desktop\PUP\node_modules\react-dom\cjs\react-dom-client.development.js:16079
flushPassiveEffects @ C:\Users\USER\OneDrive\Desktop\PUP\node_modules\react-dom\cjs\react-dom-client.development.js:15749
(anonymous) @ C:\Users\USER\OneDrive\Desktop\PUP\node_modules\react-dom\cjs\react-dom-client.development.js:15379
performWorkUntilDeadline @ C:\Users\USER\OneDrive\Desktop\PUP\node_modules\scheduler\cjs\scheduler.development.js:45
<BottomTabNavigator>
exports.jsxDEV @ C:\Users\USER\OneDrive\Desktop\PUP\node_modules\react\cjs\react-jsx-dev-runtime.development.js:346
(anonymous) @ C:\Users\USER\OneDrive\Desktop\PUP\node_modules\expo-router\build\layouts\withLayoutContext.js:156
react-stack-bottom-frame @ C:\Users\USER\OneDrive\Desktop\PUP\node_modules\react-dom\cjs\react-dom-client.development.js:23863
renderWithHooks @ C:\Users\USER\OneDrive\Desktop\PUP\node_modules\react-dom\cjs\react-dom-client.development.js:5529
updateForwardRef @ C:\Users\USER\OneDrive\Desktop\PUP\node_modules\react-dom\cjs\react-dom-client.development.js:8645
beginWork @ C:\Users\USER\OneDrive\Desktop\PUP\node_modules\react-dom\cjs\react-dom-client.development.js:10861
runWithFiberInDEV @ C:\Users\USER\OneDrive\Desktop\PUP\node_modules\react-dom\cjs\react-dom-client.development.js:1519
performUnitOfWork @ C:\Users\USER\OneDrive\Desktop\PUP\node_modules\react-dom\cjs\react-dom-client.development.js:15132
workLoopSync @ C:\Users\USER\OneDrive\Desktop\PUP\node_modules\react-dom\cjs\react-dom-client.development.js:14956
renderRootSync @ C:\Users\USER\OneDrive\Desktop\PUP\node_modules\react-dom\cjs\react-dom-client.development.js:14936
performWorkOnRoot @ C:\Users\USER\OneDrive\Desktop\PUP\node_modules\react-dom\cjs\react-dom-client.development.js:14419
performSyncWorkOnRoot @ C:\Users\USER\OneDrive\Desktop\PUP\node_modules\react-dom\cjs\react-dom-client.development.js:16231
flushSyncWorkAcrossRoots_impl @ C:\Users\USER\OneDrive\Desktop\PUP\node_modules\react-dom\cjs\react-dom-client.development.js:16079
flushPassiveEffects @ C:\Users\USER\OneDrive\Desktop\PUP\node_modules\react-dom\cjs\react-dom-client.development.js:15749
(anonymous) @ C:\Users\USER\OneDrive\Desktop\PUP\node_modules\react-dom\cjs\react-dom-client.development.js:15379
performWorkUntilDeadline @ C:\Users\USER\OneDrive\Desktop\PUP\node_modules\scheduler\cjs\scheduler.development.js:45
<ForwardRef>
exports.jsxDEV @ C:\Users\USER\OneDrive\Desktop\PUP\node_modules\react\cjs\react-jsx-dev-runtime.development.js:346
Object.assign.Screen @ C:\Users\USER\OneDrive\Desktop\PUP\node_modules\expo-router\build\layouts\TabsClient.js:46
react-stack-bottom-frame @ C:\Users\USER\OneDrive\Desktop\PUP\node_modules\react-dom\cjs\react-dom-client.development.js:23863
renderWithHooks @ C:\Users\USER\OneDrive\Desktop\PUP\node_modules\react-dom\cjs\react-dom-client.development.js:5529
updateFunctionComponent @ C:\Users\USER\OneDrive\Desktop\PUP\node_modules\react-dom\cjs\react-dom-client.development.js:8897
beginWork @ C:\Users\USER\OneDrive\Desktop\PUP\node_modules\react-dom\cjs\react-dom-client.development.js:10522
runWithFiberInDEV @ C:\Users\USER\OneDrive\Desktop\PUP\node_modules\react-dom\cjs\react-dom-client.development.js:1519
performUnitOfWork @ C:\Users\USER\OneDrive\Desktop\PUP\node_modules\react-dom\cjs\react-dom-client.development.js:15132
workLoopSync @ C:\Users\USER\OneDrive\Desktop\PUP\node_modules\react-dom\cjs\react-dom-client.development.js:14956
renderRootSync @ C:\Users\USER\OneDrive\Desktop\PUP\node_modules\react-dom\cjs\react-dom-client.development.js:14936
performWorkOnRoot @ C:\Users\USER\OneDrive\Desktop\PUP\node_modules\react-dom\cjs\react-dom-client.development.js:14419
performSyncWorkOnRoot @ C:\Users\USER\OneDrive\Desktop\PUP\node_modules\react-dom\cjs\react-dom-client.development.js:16231
flushSyncWorkAcrossRoots_impl @ C:\Users\USER\OneDrive\Desktop\PUP\node_modules\react-dom\cjs\react-dom-client.development.js:16079
flushPassiveEffects @ C:\Users\USER\OneDrive\Desktop\PUP\node_modules\react-dom\cjs\react-dom-client.development.js:15749
(anonymous) @ C:\Users\USER\OneDrive\Desktop\PUP\node_modules\react-dom\cjs\react-dom-client.development.js:15379
performWorkUntilDeadline @ C:\Users\USER\OneDrive\Desktop\PUP\node_modules\scheduler\cjs\scheduler.development.js:45
<...>
exports.jsxDEV @ C:\Users\USER\OneDrive\Desktop\PUP\node_modules\react\cjs\react-jsx-dev-runtime.development.js:346
TabLayout @ C:\Users\USER\OneDrive\Desktop\PUP\app\(tabs)\_layout.tsx:6
react-stack-bottom-frame @ C:\Users\USER\OneDrive\Desktop\PUP\node_modules\react-dom\cjs\react-dom-client.development.js:23863
renderWithHooks @ C:\Users\USER\OneDrive\Desktop\PUP\node_modules\react-dom\cjs\react-dom-client.development.js:5529
updateFunctionComponent @ C:\Users\USER\OneDrive\Desktop\PUP\node_modules\react-dom\cjs\react-dom-client.development.js:8897
beginWork @ C:\Users\USER\OneDrive\Desktop\PUP\node_modules\react-dom\cjs\react-dom-client.development.js:10522
runWithFiberInDEV @ C:\Users\USER\OneDrive\Desktop\PUP\node_modules\react-dom\cjs\react-dom-client.development.js:1519
performUnitOfWork @ C:\Users\USER\OneDrive\Desktop\PUP\node_modules\react-dom\cjs\react-dom-client.development.js:15132
workLoopSync @ C:\Users\USER\OneDrive\Desktop\PUP\node_modules\react-dom\cjs\react-dom-client.development.js:14956
renderRootSync @ C:\Users\USER\OneDrive\Desktop\PUP\node_modules\react-dom\cjs\react-dom-client.development.js:14936
performWorkOnRoot @ C:\Users\USER\OneDrive\Desktop\PUP\node_modules\react-dom\cjs\react-dom-client.development.js:14419
performSyncWorkOnRoot @ C:\Users\USER\OneDrive\Desktop\PUP\node_modules\react-dom\cjs\react-dom-client.development.js:16231
flushSyncWorkAcrossRoots_impl @ C:\Users\USER\OneDrive\Desktop\PUP\node_modules\react-dom\cjs\react-dom-client.development.js:16079
flushPassiveEffects @ C:\Users\USER\OneDrive\Desktop\PUP\node_modules\react-dom\cjs\react-dom-client.development.js:15749
(anonymous) @ C:\Users\USER\OneDrive\Desktop\PUP\node_modules\react-dom\cjs\react-dom-client.development.js:15379
performWorkUntilDeadline @ C:\Users\USER\OneDrive\Desktop\PUP\node_modules\scheduler\cjs\scheduler.development.js:45
<TabLayout(./(tabs)/_layout.tsx)>
exports.jsxDEV @ C:\Users\USER\OneDrive\Desktop\PUP\node_modules\react\cjs\react-jsx-dev-runtime.development.js:346
BaseRoute @ C:\Users\USER\OneDrive\Desktop\PUP\node_modules\expo-router\build\useScreens.js:213
react-stack-bottom-frame @ C:\Users\USER\OneDrive\Desktop\PUP\node_modules\react-dom\cjs\react-dom-client.development.js:23863
renderWithHooks @ C:\Users\USER\OneDrive\Desktop\PUP\node_modules\react-dom\cjs\react-dom-client.development.js:5529
updateFunctionComponent @ C:\Users\USER\OneDrive\Desktop\PUP\node_modules\react-dom\cjs\react-dom-client.development.js:8897
beginWork @ C:\Users\USER\OneDrive\Desktop\PUP\node_modules\react-dom\cjs\react-dom-client.development.js:10522
runWithFiberInDEV @ C:\Users\USER\OneDrive\Desktop\PUP\node_modules\react-dom\cjs\react-dom-client.development.js:1519
performUnitOfWork @ C:\Users\USER\OneDrive\Desktop\PUP\node_modules\react-dom\cjs\react-dom-client.development.js:15132
workLoopSync @ C:\Users\USER\OneDrive\Desktop\PUP\node_modules\react-dom\cjs\react-dom-client.development.js:14956
renderRootSync @ C:\Users\USER\OneDrive\Desktop\PUP\node_modules\react-dom\cjs\react-dom-client.development.js:14936
performWorkOnRoot @ C:\Users\USER\OneDrive\Desktop\PUP\node_modules\react-dom\cjs\react-dom-client.development.js:14419
performSyncWorkOnRoot @ C:\Users\USER\OneDrive\Desktop\PUP\node_modules\react-dom\cjs\react-dom-client.development.js:16231
flushSyncWorkAcrossRoots_impl @ C:\Users\USER\OneDrive\Desktop\PUP\node_modules\react-dom\cjs\react-dom-client.development.js:16079
flushPassiveEffects @ C:\Users\USER\OneDrive\Desktop\PUP\node_modules\react-dom\cjs\react-dom-client.development.js:15749
(anonymous) @ C:\Users\USER\OneDrive\Desktop\PUP\node_modules\react-dom\cjs\react-dom-client.development.js:15379
performWorkUntilDeadline @ C:\Users\USER\OneDrive\Desktop\PUP\node_modules\scheduler\cjs\scheduler.development.js:45
<Route((tabs))>
exports.jsx @ C:\Users\USER\OneDrive\Desktop\PUP\node_modules\react\cjs\react-jsx-runtime.development.js:339
SceneView @ C:\Users\USER\OneDrive\Desktop\PUP\node_modules\@react-navigation\core\lib\module\SceneView.js:125
react-stack-bottom-frame @ C:\Users\USER\OneDrive\Desktop\PUP\node_modules\react-dom\cjs\react-dom-client.development.js:23863
renderWithHooks @ C:\Users\USER\OneDrive\Desktop\PUP\node_modules\react-dom\cjs\react-dom-client.development.js:5529
updateFunctionComponent @ C:\Users\USER\OneDrive\Desktop\PUP\node_modules\react-dom\cjs\react-dom-client.development.js:8897
beginWork @ C:\Users\USER\OneDrive\Desktop\PUP\node_modules\react-dom\cjs\react-dom-client.development.js:10522
runWithFiberInDEV @ C:\Users\USER\OneDrive\Desktop\PUP\node_modules\react-dom\cjs\react-dom-client.development.js:1519
performUnitOfWork @ C:\Users\USER\OneDrive\Desktop\PUP\node_modules\react-dom\cjs\react-dom-client.development.js:15132
workLoopSync @ C:\Users\USER\OneDrive\Desktop\PUP\node_modules\react-dom\cjs\react-dom-client.development.js:14956
renderRootSync @ C:\Users\USER\OneDrive\Desktop\PUP\node_modules\react-dom\cjs\react-dom-client.development.js:14936
performWorkOnRoot @ C:\Users\USER\OneDrive\Desktop\PUP\node_modules\react-dom\cjs\react-dom-client.development.js:14419
performSyncWorkOnRoot @ C:\Users\USER\OneDrive\Desktop\PUP\node_modules\react-dom\cjs\react-dom-client.development.js:16231
flushSyncWorkAcrossRoots_impl @ C:\Users\USER\OneDrive\Desktop\PUP\node_modules\react-dom\cjs\react-dom-client.development.js:16079
flushPassiveEffects @ C:\Users\USER\OneDrive\Desktop\PUP\node_modules\react-dom\cjs\react-dom-client.development.js:15749
(anonymous) @ C:\Users\USER\OneDrive\Desktop\PUP\node_modules\react-dom\cjs\react-dom-client.development.js:15379
performWorkUntilDeadline @ C:\Users\USER\OneDrive\Desktop\PUP\node_modules\scheduler\cjs\scheduler.development.js:45
<SceneView>
exports.jsx @ C:\Users\USER\OneDrive\Desktop\PUP\node_modules\react\cjs\react-jsx-runtime.development.js:339
render @ C:\Users\USER\OneDrive\Desktop\PUP\node_modules\@react-navigation\core\lib\module\useDescriptors.js:108
(anonymous) @ C:\Users\USER\OneDrive\Desktop\PUP\node_modules\@react-navigation\core\lib\module\useDescriptors.js:140
useDescriptors @ C:\Users\USER\OneDrive\Desktop\PUP\node_modules\@react-navigation\core\lib\module\useDescriptors.js:137
useNavigationBuilder @ C:\Users\USER\OneDrive\Desktop\PUP\node_modules\@react-navigation\core\lib\module\useNavigationBuilder.js:562
SlotNavigator @ C:\Users\USER\OneDrive\Desktop\PUP\node_modules\expo-router\build\views\Navigator.js:107
react-stack-bottom-frame @ C:\Users\USER\OneDrive\Desktop\PUP\node_modules\react-dom\cjs\react-dom-client.development.js:23863
renderWithHooks @ C:\Users\USER\OneDrive\Desktop\PUP\node_modules\react-dom\cjs\react-dom-client.development.js:5529
updateFunctionComponent @ C:\Users\USER\OneDrive\Desktop\PUP\node_modules\react-dom\cjs\react-dom-client.development.js:8897
beginWork @ C:\Users\USER\OneDrive\Desktop\PUP\node_modules\react-dom\cjs\react-dom-client.development.js:10522
runWithFiberInDEV @ C:\Users\USER\OneDrive\Desktop\PUP\node_modules\react-dom\cjs\react-dom-client.development.js:1519
performUnitOfWork @ C:\Users\USER\OneDrive\Desktop\PUP\node_modules\react-dom\cjs\react-dom-client.development.js:15132
workLoopSync @ C:\Users\USER\OneDrive\Desktop\PUP\node_modules\react-dom\cjs\react-dom-client.development.js:14956
renderRootSync @ C:\Users\USER\OneDrive\Desktop\PUP\node_modules\react-dom\cjs\react-dom-client.development.js:14936
performWorkOnRoot @ C:\Users\USER\OneDrive\Desktop\PUP\node_modules\react-dom\cjs\react-dom-client.development.js:14419
performSyncWorkOnRoot @ C:\Users\USER\OneDrive\Desktop\PUP\node_modules\react-dom\cjs\react-dom-client.development.js:16231
flushSyncWorkAcrossRoots_impl @ C:\Users\USER\OneDrive\Desktop\PUP\node_modules\react-dom\cjs\react-dom-client.development.js:16079
flushPassiveEffects @ C:\Users\USER\OneDrive\Desktop\PUP\node_modules\react-dom\cjs\react-dom-client.development.js:15749
(anonymous) @ C:\Users\USER\OneDrive\Desktop\PUP\node_modules\react-dom\cjs\react-dom-client.development.js:15379
performWorkUntilDeadline @ C:\Users\USER\OneDrive\Desktop\PUP\node_modules\scheduler\cjs\scheduler.development.js:45
<SlotNavigator>
exports.jsxDEV @ C:\Users\USER\OneDrive\Desktop\PUP\node_modules\react\cjs\react-jsx-dev-runtime.development.js:346
Slot @ C:\Users\USER\OneDrive\Desktop\PUP\node_modules\expo-router\build\views\Navigator.js:130
react-stack-bottom-frame @ C:\Users\USER\OneDrive\Desktop\PUP\node_modules\react-dom\cjs\react-dom-client.development.js:23863
renderWithHooks @ C:\Users\USER\OneDrive\Desktop\PUP\node_modules\react-dom\cjs\react-dom-client.development.js:5529
updateFunctionComponent @ C:\Users\USER\OneDrive\Desktop\PUP\node_modules\react-dom\cjs\react-dom-client.development.js:8897
beginWork @ C:\Users\USER\OneDrive\Desktop\PUP\node_modules\react-dom\cjs\react-dom-client.development.js:10522
runWithFiberInDEV @ C:\Users\USER\OneDrive\Desktop\PUP\node_modules\react-dom\cjs\react-dom-client.development.js:1519
performUnitOfWork @ C:\Users\USER\OneDrive\Desktop\PUP\node_modules\react-dom\cjs\react-dom-client.development.js:15132
workLoopConcurrentByScheduler @ C:\Users\USER\OneDrive\Desktop\PUP\node_modules\react-dom\cjs\react-dom-client.development.js:15126
renderRootConcurrent @ C:\Users\USER\OneDrive\Desktop\PUP\node_modules\react-dom\cjs\react-dom-client.development.js:15101
performWorkOnRoot @ C:\Users\USER\OneDrive\Desktop\PUP\node_modules\react-dom\cjs\react-dom-client.development.js:14418
performWorkOnRootViaSchedulerTask @ C:\Users\USER\OneDrive\Desktop\PUP\node_modules\react-dom\cjs\react-dom-client.development.js:16216
performWorkUntilDeadline @ C:\Users\USER\OneDrive\Desktop\PUP\node_modules\scheduler\cjs\scheduler.development.js:45
<Slot>
exports.jsxDEV @ C:\Users\USER\OneDrive\Desktop\PUP\node_modules\react\cjs\react-jsx-dev-runtime.development.js:346
RootLayout @ C:\Users\USER\OneDrive\Desktop\PUP\app\_layout.tsx:86
react-stack-bottom-frame @ C:\Users\USER\OneDrive\Desktop\PUP\node_modules\react-dom\cjs\react-dom-client.development.js:23863
renderWithHooks @ C:\Users\USER\OneDrive\Desktop\PUP\node_modules\react-dom\cjs\react-dom-client.development.js:5529
updateFunctionComponent @ C:\Users\USER\OneDrive\Desktop\PUP\node_modules\react-dom\cjs\react-dom-client.development.js:8897
beginWork @ C:\Users\USER\OneDrive\Desktop\PUP\node_modules\react-dom\cjs\react-dom-client.development.js:10522
runWithFiberInDEV @ C:\Users\USER\OneDrive\Desktop\PUP\node_modules\react-dom\cjs\react-dom-client.development.js:1519
performUnitOfWork @ C:\Users\USER\OneDrive\Desktop\PUP\node_modules\react-dom\cjs\react-dom-client.development.js:15132
workLoopConcurrentByScheduler @ C:\Users\USER\OneDrive\Desktop\PUP\node_modules\react-dom\cjs\react-dom-client.development.js:15126
renderRootConcurrent @ C:\Users\USER\OneDrive\Desktop\PUP\node_modules\react-dom\cjs\react-dom-client.development.js:15101
performWorkOnRoot @ C:\Users\USER\OneDrive\Desktop\PUP\node_modules\react-dom\cjs\react-dom-client.development.js:14418
performWorkOnRootViaSchedulerTask @ C:\Users\USER\OneDrive\Desktop\PUP\node_modules\react-dom\cjs\react-dom-client.development.js:16216
performWorkUntilDeadline @ C:\Users\USER\OneDrive\Desktop\PUP\node_modules\scheduler\cjs\scheduler.development.js:45
<RootLayout(./_layout.tsx)>
exports.jsxDEV @ C:\Users\USER\OneDrive\Desktop\PUP\node_modules\react\cjs\react-jsx-dev-runtime.development.js:346
BaseRoute @ C:\Users\USER\OneDrive\Desktop\PUP\node_modules\expo-router\build\useScreens.js:213
react-stack-bottom-frame @ C:\Users\USER\OneDrive\Desktop\PUP\node_modules\react-dom\cjs\react-dom-client.development.js:23863
renderWithHooks @ C:\Users\USER\OneDrive\Desktop\PUP\node_modules\react-dom\cjs\react-dom-client.development.js:5529
updateFunctionComponent @ C:\Users\USER\OneDrive\Desktop\PUP\node_modules\react-dom\cjs\react-dom-client.development.js:8897
beginWork @ C:\Users\USER\OneDrive\Desktop\PUP\node_modules\react-dom\cjs\react-dom-client.development.js:10522
runWithFiberInDEV @ C:\Users\USER\OneDrive\Desktop\PUP\node_modules\react-dom\cjs\react-dom-client.development.js:1519
performUnitOfWork @ C:\Users\USER\OneDrive\Desktop\PUP\node_modules\react-dom\cjs\react-dom-client.development.js:15132
workLoopConcurrentByScheduler @ C:\Users\USER\OneDrive\Desktop\PUP\node_modules\react-dom\cjs\react-dom-client.development.js:15126
renderRootConcurrent @ C:\Users\USER\OneDrive\Desktop\PUP\node_modules\react-dom\cjs\react-dom-client.development.js:15101
performWorkOnRoot @ C:\Users\USER\OneDrive\Desktop\PUP\node_modules\react-dom\cjs\react-dom-client.development.js:14418
performWorkOnRootViaSchedulerTask @ C:\Users\USER\OneDrive\Desktop\PUP\node_modules\react-dom\cjs\react-dom-client.development.js:16216
performWorkUntilDeadline @ C:\Users\USER\OneDrive\Desktop\PUP\node_modules\scheduler\cjs\scheduler.development.js:45
<Route()>
exports.jsx @ C:\Users\USER\OneDrive\Desktop\PUP\node_modules\react\cjs\react-jsx-runtime.development.js:339
SceneView @ C:\Users\USER\OneDrive\Desktop\PUP\node_modules\@react-navigation\core\lib\module\SceneView.js:125
react-stack-bottom-frame @ C:\Users\USER\OneDrive\Desktop\PUP\node_modules\react-dom\cjs\react-dom-client.development.js:23863
renderWithHooks @ C:\Users\USER\OneDrive\Desktop\PUP\node_modules\react-dom\cjs\react-dom-client.development.js:5529
updateFunctionComponent @ C:\Users\USER\OneDrive\Desktop\PUP\node_modules\react-dom\cjs\react-dom-client.development.js:8897
beginWork @ C:\Users\USER\OneDrive\Desktop\PUP\node_modules\react-dom\cjs\react-dom-client.development.js:10522
runWithFiberInDEV @ C:\Users\USER\OneDrive\Desktop\PUP\node_modules\react-dom\cjs\react-dom-client.development.js:1519
performUnitOfWork @ C:\Users\USER\OneDrive\Desktop\PUP\node_modules\react-dom\cjs\react-dom-client.development.js:15132
workLoopConcurrentByScheduler @ C:\Users\USER\OneDrive\Desktop\PUP\node_modules\react-dom\cjs\react-dom-client.development.js:15126
renderRootConcurrent @ C:\Users\USER\OneDrive\Desktop\PUP\node_modules\react-dom\cjs\react-dom-client.development.js:15101
performWorkOnRoot @ C:\Users\USER\OneDrive\Desktop\PUP\node_modules\react-dom\cjs\react-dom-client.development.js:14418
performWorkOnRootViaSchedulerTask @ C:\Users\USER\OneDrive\Desktop\PUP\node_modules\react-dom\cjs\react-dom-client.development.js:16216
performWorkUntilDeadline @ C:\Users\USER\OneDrive\Desktop\PUP\node_modules\scheduler\cjs\scheduler.development.js:45
<SceneView>
exports.jsx @ C:\Users\USER\OneDrive\Desktop\PUP\node_modules\react\cjs\react-jsx-runtime.development.js:339
render @ C:\Users\USER\OneDrive\Desktop\PUP\node_modules\@react-navigation\core\lib\module\useDescriptors.js:108
(anonymous) @ C:\Users\USER\OneDrive\Desktop\PUP\node_modules\@react-navigation\core\lib\module\useDescriptors.js:140
useDescriptors @ C:\Users\USER\OneDrive\Desktop\PUP\node_modules\@react-navigation\core\lib\module\useDescriptors.js:137
useNavigationBuilder @ C:\Users\USER\OneDrive\Desktop\PUP\node_modules\@react-navigation\core\lib\module\useNavigationBuilder.js:562
Content @ C:\Users\USER\OneDrive\Desktop\PUP\node_modules\expo-router\build\ExpoRoot.js:161
react-stack-bottom-frame @ C:\Users\USER\OneDrive\Desktop\PUP\node_modules\react-dom\cjs\react-dom-client.development.js:23863
renderWithHooks @ C:\Users\USER\OneDrive\Desktop\PUP\node_modules\react-dom\cjs\react-dom-client.development.js:5529
updateFunctionComponent @ C:\Users\USER\OneDrive\Desktop\PUP\node_modules\react-dom\cjs\react-dom-client.development.js:8897
beginWork @ C:\Users\USER\OneDrive\Desktop\PUP\node_modules\react-dom\cjs\react-dom-client.development.js:10522
runWithFiberInDEV @ C:\Users\USER\OneDrive\Desktop\PUP\node_modules\react-dom\cjs\react-dom-client.development.js:1519
performUnitOfWork @ C:\Users\USER\OneDrive\Desktop\PUP\node_modules\react-dom\cjs\react-dom-client.development.js:15132
workLoopConcurrentByScheduler @ C:\Users\USER\OneDrive\Desktop\PUP\node_modules\react-dom\cjs\react-dom-client.development.js:15126
renderRootConcurrent @ C:\Users\USER\OneDrive\Desktop\PUP\node_modules\react-dom\cjs\react-dom-client.development.js:15101
performWorkOnRoot @ C:\Users\USER\OneDrive\Desktop\PUP\node_modules\react-dom\cjs\react-dom-client.development.js:14418
performWorkOnRootViaSchedulerTask @ C:\Users\USER\OneDrive\Desktop\PUP\node_modules\react-dom\cjs\react-dom-client.development.js:16216
performWorkUntilDeadline @ C:\Users\USER\OneDrive\Desktop\PUP\node_modules\scheduler\cjs\scheduler.development.js:45
<Content>
exports.jsxDEV @ C:\Users\USER\OneDrive\Desktop\PUP\node_modules\react\cjs\react-jsx-dev-runtime.development.js:346
ContextNavigator @ C:\Users\USER\OneDrive\Desktop\PUP\node_modules\expo-router\build\ExpoRoot.js:147
react-stack-bottom-frame @ C:\Users\USER\OneDrive\Desktop\PUP\node_modules\react-dom\cjs\react-dom-client.development.js:23863
renderWithHooks @ C:\Users\USER\OneDrive\Desktop\PUP\node_modules\react-dom\cjs\react-dom-client.development.js:5529
updateFunctionComponent @ C:\Users\USER\OneDrive\Desktop\PUP\node_modules\react-dom\cjs\react-dom-client.development.js:8897
beginWork @ C:\Users\USER\OneDrive\Desktop\PUP\node_modules\react-dom\cjs\react-dom-client.development.js:10522
runWithFiberInDEV @ C:\Users\USER\OneDrive\Desktop\PUP\node_modules\react-dom\cjs\react-dom-client.development.js:1519
performUnitOfWork @ C:\Users\USER\OneDrive\Desktop\PUP\node_modules\react-dom\cjs\react-dom-client.development.js:15132
workLoopConcurrentByScheduler @ C:\Users\USER\OneDrive\Desktop\PUP\node_modules\react-dom\cjs\react-dom-client.development.js:15126
renderRootConcurrent @ C:\Users\USER\OneDrive\Desktop\PUP\node_modules\react-dom\cjs\react-dom-client.development.js:15101
performWorkOnRoot @ C:\Users\USER\OneDrive\Desktop\PUP\node_modules\react-dom\cjs\react-dom-client.development.js:14418
performWorkOnRootViaSchedulerTask @ C:\Users\USER\OneDrive\Desktop\PUP\node_modules\react-dom\cjs\react-dom-client.development.js:16216
performWorkUntilDeadline @ C:\Users\USER\OneDrive\Desktop\PUP\node_modules\scheduler\cjs\scheduler.development.js:45
<ContextNavigator>
exports.jsxDEV @ C:\Users\USER\OneDrive\Desktop\PUP\node_modules\react\cjs\react-jsx-dev-runtime.development.js:346
ExpoRoot @ C:\Users\USER\OneDrive\Desktop\PUP\node_modules\expo-router\build\ExpoRoot.js:87
react-stack-bottom-frame @ C:\Users\USER\OneDrive\Desktop\PUP\node_modules\react-dom\cjs\react-dom-client.development.js:23863
renderWithHooks @ C:\Users\USER\OneDrive\Desktop\PUP\node_modules\react-dom\cjs\react-dom-client.development.js:5529
updateFunctionComponent @ C:\Users\USER\OneDrive\Desktop\PUP\node_modules\react-dom\cjs\react-dom-client.development.js:8897
beginWork @ C:\Users\USER\OneDrive\Desktop\PUP\node_modules\react-dom\cjs\react-dom-client.development.js:10522
runWithFiberInDEV @ C:\Users\USER\OneDrive\Desktop\PUP\node_modules\react-dom\cjs\react-dom-client.development.js:1519
performUnitOfWork @ C:\Users\USER\OneDrive\Desktop\PUP\node_modules\react-dom\cjs\react-dom-client.development.js:15132
workLoopConcurrentByScheduler @ C:\Users\USER\OneDrive\Desktop\PUP\node_modules\react-dom\cjs\react-dom-client.development.js:15126
renderRootConcurrent @ C:\Users\USER\OneDrive\Desktop\PUP\node_modules\react-dom\cjs\react-dom-client.development.js:15101
performWorkOnRoot @ C:\Users\USER\OneDrive\Desktop\PUP\node_modules\react-dom\cjs\react-dom-client.development.js:14418
performWorkOnRootViaSchedulerTask @ C:\Users\USER\OneDrive\Desktop\PUP\node_modules\react-dom\cjs\react-dom-client.development.js:16216
performWorkUntilDeadline @ C:\Users\USER\OneDrive\Desktop\PUP\node_modules\scheduler\cjs\scheduler.development.js:45
<ExpoRoot>
exports.jsxDEV @ C:\Users\USER\OneDrive\Desktop\PUP\node_modules\react\cjs\react-jsx-dev-runtime.development.js:346
App @ C:\Users\USER\OneDrive\Desktop\PUP\node_modules\expo-router\build\qualified-entry.js:21
react-stack-bottom-frame @ C:\Users\USER\OneDrive\Desktop\PUP\node_modules\react-dom\cjs\react-dom-client.development.js:23863
renderWithHooks @ C:\Users\USER\OneDrive\Desktop\PUP\node_modules\react-dom\cjs\react-dom-client.development.js:5529
updateFunctionComponent @ C:\Users\USER\OneDrive\Desktop\PUP\node_modules\react-dom\cjs\react-dom-client.development.js:8897
beginWork @ C:\Users\USER\OneDrive\Desktop\PUP\node_modules\react-dom\cjs\react-dom-client.development.js:10522
runWithFiberInDEV @ C:\Users\USER\OneDrive\Desktop\PUP\node_modules\react-dom\cjs\react-dom-client.development.js:1519
performUnitOfWork @ C:\Users\USER\OneDrive\Desktop\PUP\node_modules\react-dom\cjs\react-dom-client.development.js:15132
workLoopConcurrentByScheduler @ C:\Users\USER\OneDrive\Desktop\PUP\node_modules\react-dom\cjs\react-dom-client.development.js:15126
renderRootConcurrent @ C:\Users\USER\OneDrive\Desktop\PUP\node_modules\react-dom\cjs\react-dom-client.development.js:15101
performWorkOnRoot @ C:\Users\USER\OneDrive\Desktop\PUP\node_modules\react-dom\cjs\react-dom-client.development.js:14418
performWorkOnRootViaSchedulerTask @ C:\Users\USER\OneDrive\Desktop\PUP\node_modules\react-dom\cjs\react-dom-client.development.js:16216
performWorkUntilDeadline @ C:\Users\USER\OneDrive\Desktop\PUP\node_modules\scheduler\cjs\scheduler.development.js:45
<App>
exports.jsxDEV @ C:\Users\USER\OneDrive\Desktop\PUP\node_modules\react\cjs\react-jsx-dev-runtime.development.js:346
ErrorOverlay @ C:\Users\USER\OneDrive\Desktop\PUP\node_modules\@expo\metro-runtime\src\error-overlay\index.tsx:19
react-stack-bottom-frame @ C:\Users\USER\OneDrive\Desktop\PUP\node_modules\react-dom\cjs\react-dom-client.development.js:23863
renderWithHooks @ C:\Users\USER\OneDrive\Desktop\PUP\node_modules\react-dom\cjs\react-dom-client.development.js:5529
updateFunctionComponent @ C:\Users\USER\OneDrive\Desktop\PUP\node_modules\react-dom\cjs\react-dom-client.development.js:8897
beginWork @ C:\Users\USER\OneDrive\Desktop\PUP\node_modules\react-dom\cjs\react-dom-client.development.js:10522
runWithFiberInDEV @ C:\Users\USER\OneDrive\Desktop\PUP\node_modules\react-dom\cjs\react-dom-client.development.js:1519
performUnitOfWork @ C:\Users\USER\OneDrive\Desktop\PUP\node_modules\react-dom\cjs\react-dom-client.development.js:15132
workLoopConcurrentByScheduler @ C:\Users\USER\OneDrive\Desktop\PUP\node_modules\react-dom\cjs\react-dom-client.development.js:15126
renderRootConcurrent @ C:\Users\USER\OneDrive\Desktop\PUP\node_modules\react-dom\cjs\react-dom-client.development.js:15101
performWorkOnRoot @ C:\Users\USER\OneDrive\Desktop\PUP\node_modules\react-dom\cjs\react-dom-client.development.js:14418
performWorkOnRootViaSchedulerTask @ C:\Users\USER\OneDrive\Desktop\PUP\node_modules\react-dom\cjs\react-dom-client.development.js:16216
performWorkUntilDeadline @ C:\Users\USER\OneDrive\Desktop\PUP\node_modules\scheduler\cjs\scheduler.development.js:45
<ErrorOverlay>
exports.jsxDEV @ C:\Users\USER\OneDrive\Desktop\PUP\node_modules\react\cjs\react-jsx-dev-runtime.development.js:346
WithDevTools @ C:\Users\USER\OneDrive\Desktop\PUP\node_modules\expo\src\launch\withDevTools.web.tsx:11
react-stack-bottom-frame @ C:\Users\USER\OneDrive\Desktop\PUP\node_modules\react-dom\cjs\react-dom-client.development.js:23863
renderWithHooks @ C:\Users\USER\OneDrive\Desktop\PUP\node_modules\react-dom\cjs\react-dom-client.development.js:5529
updateFunctionComponent @ C:\Users\USER\OneDrive\Desktop\PUP\node_modules\react-dom\cjs\react-dom-client.development.js:8897
beginWork @ C:\Users\USER\OneDrive\Desktop\PUP\node_modules\react-dom\cjs\react-dom-client.development.js:10522
runWithFiberInDEV @ C:\Users\USER\OneDrive\Desktop\PUP\node_modules\react-dom\cjs\react-dom-client.development.js:1519
performUnitOfWork @ C:\Users\USER\OneDrive\Desktop\PUP\node_modules\react-dom\cjs\react-dom-client.development.js:15132
workLoopConcurrentByScheduler @ C:\Users\USER\OneDrive\Desktop\PUP\node_modules\react-dom\cjs\react-dom-client.development.js:15126
renderRootConcurrent @ C:\Users\USER\OneDrive\Desktop\PUP\node_modules\react-dom\cjs\react-dom-client.development.js:15101
performWorkOnRoot @ C:\Users\USER\OneDrive\Desktop\PUP\node_modules\react-dom\cjs\react-dom-client.development.js:14418
performWorkOnRootViaSchedulerTask @ C:\Users\USER\OneDrive\Desktop\PUP\node_modules\react-dom\cjs\react-dom-client.development.js:16216
performWorkUntilDeadline @ C:\Users\USER\OneDrive\Desktop\PUP\node_modules\scheduler\cjs\scheduler.development.js:45
<withDevTools(ErrorOverlay)>
exports.createElement @ C:\Users\USER\OneDrive\Desktop\PUP\node_modules\react\cjs\react.development.js:1033
renderApplication @ C:\Users\USER\OneDrive\Desktop\PUP\node_modules\react-native-web\dist\exports\AppRegistry\renderApplication.js:27
run @ C:\Users\USER\OneDrive\Desktop\PUP\node_modules\react-native-web\dist\exports\AppRegistry\index.js:36
runApplication @ C:\Users\USER\OneDrive\Desktop\PUP\node_modules\react-native-web\dist\exports\AppRegistry\index.js:74
registerRootComponent @ C:\Users\USER\OneDrive\Desktop\PUP\node_modules\expo\src\launch\registerRootComponent.tsx:58
(anonymous) @ C:\Users\USER\OneDrive\Desktop\PUP\node_modules\expo-router\build\renderRootComponent.js:88
exports.startTransition @ C:\Users\USER\OneDrive\Desktop\PUP\node_modules\react\cjs\react.development.js:1124
renderRootComponent @ C:\Users\USER\OneDrive\Desktop\PUP\node_modules\expo-router\build\renderRootComponent.js:85
(anonymous) @ C:\Users\USER\OneDrive\Desktop\PUP\node_modules\expo-router\entry-classic.js:10
loadModuleImplementation @ C:\Users\USER\OneDrive\Desktop\PUP\node_modules\expo\node_modules\@expo\cli\build\metro-require\require.js:248
guardedLoadModule @ C:\Users\USER\OneDrive\Desktop\PUP\node_modules\expo\node_modules\@expo\cli\build\metro-require\require.js:163
metroRequire @ C:\Users\USER\OneDrive\Desktop\PUP\node_modules\expo\node_modules\@expo\cli\build\metro-require\require.js:74
(anonymous) @ C:\Users\USER\OneDrive\Desktop\PUP\node_modules\expo-router\entry.js:3
loadModuleImplementation @ C:\Users\USER\OneDrive\Desktop\PUP\node_modules\expo\node_modules\@expo\cli\build\metro-require\require.js:248
guardedLoadModule @ C:\Users\USER\OneDrive\Desktop\PUP\node_modules\expo\node_modules\@expo\cli\build\metro-require\require.js:156
metroRequire @ C:\Users\USER\OneDrive\Desktop\PUP\node_modules\expo\node_modules\@expo\cli\build\metro-require\require.js:74
(anonymous) @ entry.bundle?platform=web&dev=true&hot=false&lazy=true&transform.routerRoot=app&transform.reactCompiler=true:196749
C:\Users\USER\OneDrive\Desktop\PUP\node_modules\@expo\metro-runtime\src\error-overlay\LogBox.web.ts:134 [REST] getCollection error: 404 {
  "error": {
    "code": 404,
    "message": "The database (default) does not exist for project lasangpinoy-mobile Please visit https://console.cloud.google.com/datastore/setup?project=lasangpinoy-mobile to add a Cloud Datastore or Cloud Firestore database. ",
    "status": "NOT_FOUND"
  }
}

registerError @ C:\Users\USER\OneDrive\Desktop\PUP\node_modules\@expo\metro-runtime\src\error-overlay\LogBox.web.ts:134
console.error @ C:\Users\USER\OneDrive\Desktop\PUP\node_modules\@expo\metro-runtime\src\error-overlay\LogBox.web.ts:59
getCollection @ C:\Users\USER\OneDrive\Desktop\PUP\lib\firestore-rest.ts:203
await in getCollection
getRegions @ C:\Users\USER\OneDrive\Desktop\PUP\lib\firebase.ts:525
fetchRegionsData @ C:\Users\USER\OneDrive\Desktop\PUP\app\(tabs)\index.tsx:67
(anonymous) @ C:\Users\USER\OneDrive\Desktop\PUP\app\(tabs)\index.tsx:48
react-stack-bottom-frame @ C:\Users\USER\OneDrive\Desktop\PUP\node_modules\react-dom\cjs\react-dom-client.development.js:23949
runWithFiberInDEV @ C:\Users\USER\OneDrive\Desktop\PUP\node_modules\react-dom\cjs\react-dom-client.development.js:1519
commitHookEffectListMount @ C:\Users\USER\OneDrive\Desktop\PUP\node_modules\react-dom\cjs\react-dom-client.development.js:11905
commitHookPassiveMountEffects @ C:\Users\USER\OneDrive\Desktop\PUP\node_modules\react-dom\cjs\react-dom-client.development.js:12026
reconnectPassiveEffects @ C:\Users\USER\OneDrive\Desktop\PUP\node_modules\react-dom\cjs\react-dom-client.development.js:14004
recursivelyTraverseReconnectPassiveEffects @ C:\Users\USER\OneDrive\Desktop\PUP\node_modules\react-dom\cjs\react-dom-client.development.js:13976
reconnectPassiveEffects @ C:\Users\USER\OneDrive\Desktop\PUP\node_modules\react-dom\cjs\react-dom-client.development.js:14024
recursivelyTraverseReconnectPassiveEffects @ C:\Users\USER\OneDrive\Desktop\PUP\node_modules\react-dom\cjs\react-dom-client.development.js:13976
reconnectPassiveEffects @ C:\Users\USER\OneDrive\Desktop\PUP\node_modules\react-dom\cjs\react-dom-client.development.js:14051
recursivelyTraverseReconnectPassiveEffects @ C:\Users\USER\OneDrive\Desktop\PUP\node_modules\react-dom\cjs\react-dom-client.development.js:13976
reconnectPassiveEffects @ C:\Users\USER\OneDrive\Desktop\PUP\node_modules\react-dom\cjs\react-dom-client.development.js:14051
recursivelyTraverseReconnectPassiveEffects @ C:\Users\USER\OneDrive\Desktop\PUP\node_modules\react-dom\cjs\react-dom-client.development.js:13976
reconnectPassiveEffects @ C:\Users\USER\OneDrive\Desktop\PUP\node_modules\react-dom\cjs\react-dom-client.development.js:14051
recursivelyTraverseReconnectPassiveEffects @ C:\Users\USER\OneDrive\Desktop\PUP\node_modules\react-dom\cjs\react-dom-client.development.js:13976
reconnectPassiveEffects @ C:\Users\USER\OneDrive\Desktop\PUP\node_modules\react-dom\cjs\react-dom-client.development.js:13997
recursivelyTraverseReconnectPassiveEffects @ C:\Users\USER\OneDrive\Desktop\PUP\node_modules\react-dom\cjs\react-dom-client.development.js:13976
reconnectPassiveEffects @ C:\Users\USER\OneDrive\Desktop\PUP\node_modules\react-dom\cjs\react-dom-client.development.js:13997
recursivelyTraverseReconnectPassiveEffects @ C:\Users\USER\OneDrive\Desktop\PUP\node_modules\react-dom\cjs\react-dom-client.development.js:13976
reconnectPassiveEffects @ C:\Users\USER\OneDrive\Desktop\PUP\node_modules\react-dom\cjs\react-dom-client.development.js:13997
recursivelyTraverseReconnectPassiveEffects @ C:\Users\USER\OneDrive\Desktop\PUP\node_modules\react-dom\cjs\react-dom-client.development.js:13976
reconnectPassiveEffects @ C:\Users\USER\OneDrive\Desktop\PUP\node_modules\react-dom\cjs\react-dom-client.development.js:14051
recursivelyTraverseReconnectPassiveEffects @ C:\Users\USER\OneDrive\Desktop\PUP\node_modules\react-dom\cjs\react-dom-client.development.js:13976
reconnectPassiveEffects @ C:\Users\USER\OneDrive\Desktop\PUP\node_modules\react-dom\cjs\react-dom-client.development.js:14051
recursivelyTraverseReconnectPassiveEffects @ C:\Users\USER\OneDrive\Desktop\PUP\node_modules\react-dom\cjs\react-dom-client.development.js:13976
reconnectPassiveEffects @ C:\Users\USER\OneDrive\Desktop\PUP\node_modules\react-dom\cjs\react-dom-client.development.js:13997
recursivelyTraverseReconnectPassiveEffects @ C:\Users\USER\OneDrive\Desktop\PUP\node_modules\react-dom\cjs\react-dom-client.development.js:13976
reconnectPassiveEffects @ C:\Users\USER\OneDrive\Desktop\PUP\node_modules\react-dom\cjs\react-dom-client.development.js:14051
recursivelyTraverseReconnectPassiveEffects @ C:\Users\USER\OneDrive\Desktop\PUP\node_modules\react-dom\cjs\react-dom-client.development.js:13976
reconnectPassiveEffects @ C:\Users\USER\OneDrive\Desktop\PUP\node_modules\react-dom\cjs\react-dom-client.development.js:14051
recursivelyTraverseReconnectPassiveEffects @ C:\Users\USER\OneDrive\Desktop\PUP\node_modules\react-dom\cjs\react-dom-client.development.js:13976
reconnectPassiveEffects @ C:\Users\USER\OneDrive\Desktop\PUP\node_modules\react-dom\cjs\react-dom-client.development.js:14051
recursivelyTraverseReconnectPassiveEffects @ C:\Users\USER\OneDrive\Desktop\PUP\node_modules\react-dom\cjs\react-dom-client.development.js:13976
reconnectPassiveEffects @ C:\Users\USER\OneDrive\Desktop\PUP\node_modules\react-dom\cjs\react-dom-client.development.js:13997
recursivelyTraverseReconnectPassiveEffects @ C:\Users\USER\OneDrive\Desktop\PUP\node_modules\react-dom\cjs\react-dom-client.development.js:13976
reconnectPassiveEffects @ C:\Users\USER\OneDrive\Desktop\PUP\node_modules\react-dom\cjs\react-dom-client.development.js:14051
recursivelyTraverseReconnectPassiveEffects @ C:\Users\USER\OneDrive\Desktop\PUP\node_modules\react-dom\cjs\react-dom-client.development.js:13976
reconnectPassiveEffects @ C:\Users\USER\OneDrive\Desktop\PUP\node_modules\react-dom\cjs\react-dom-client.development.js:14051
recursivelyTraverseReconnectPassiveEffects @ C:\Users\USER\OneDrive\Desktop\PUP\node_modules\react-dom\cjs\react-dom-client.development.js:13976
reconnectPassiveEffects @ C:\Users\USER\OneDrive\Desktop\PUP\node_modules\react-dom\cjs\react-dom-client.development.js:14051
recursivelyTraverseReconnectPassiveEffects @ C:\Users\USER\OneDrive\Desktop\PUP\node_modules\react-dom\cjs\react-dom-client.development.js:13976
reconnectPassiveEffects @ C:\Users\USER\OneDrive\Desktop\PUP\node_modules\react-dom\cjs\react-dom-client.development.js:13997
recursivelyTraverseReconnectPassiveEffects @ C:\Users\USER\OneDrive\Desktop\PUP\node_modules\react-dom\cjs\react-dom-client.development.js:13976
reconnectPassiveEffects @ C:\Users\USER\OneDrive\Desktop\PUP\node_modules\react-dom\cjs\react-dom-client.development.js:14051
recursivelyTraverseReconnectPassiveEffects @ C:\Users\USER\OneDrive\Desktop\PUP\node_modules\react-dom\cjs\react-dom-client.development.js:13976
reconnectPassiveEffects @ C:\Users\USER\OneDrive\Desktop\PUP\node_modules\react-dom\cjs\react-dom-client.development.js:14051
recursivelyTraverseReconnectPassiveEffects @ C:\Users\USER\OneDrive\Desktop\PUP\node_modules\react-dom\cjs\react-dom-client.development.js:13976
reconnectPassiveEffects @ C:\Users\USER\OneDrive\Desktop\PUP\node_modules\react-dom\cjs\react-dom-client.development.js:14051
recursivelyTraverseReconnectPassiveEffects @ C:\Users\USER\OneDrive\Desktop\PUP\node_modules\react-dom\cjs\react-dom-client.development.js:13976
reconnectPassiveEffects @ C:\Users\USER\OneDrive\Desktop\PUP\node_modules\react-dom\cjs\react-dom-client.development.js:14051
recursivelyTraverseReconnectPassiveEffects @ C:\Users\USER\OneDrive\Desktop\PUP\node_modules\react-dom\cjs\react-dom-client.development.js:13976
reconnectPassiveEffects @ C:\Users\USER\OneDrive\Desktop\PUP\node_modules\react-dom\cjs\react-dom-client.development.js:13997
recursivelyTraverseReconnectPassiveEffects @ C:\Users\USER\OneDrive\Desktop\PUP\node_modules\react-dom\cjs\react-dom-client.development.js:13976
reconnectPassiveEffects @ C:\Users\USER\OneDrive\Desktop\PUP\node_modules\react-dom\cjs\react-dom-client.development.js:14051
recursivelyTraverseReconnectPassiveEffects @ C:\Users\USER\OneDrive\Desktop\PUP\node_modules\react-dom\cjs\react-dom-client.development.js:13976
reconnectPassiveEffects @ C:\Users\USER\OneDrive\Desktop\PUP\node_modules\react-dom\cjs\react-dom-client.development.js:13997
recursivelyTraverseReconnectPassiveEffects @ C:\Users\USER\OneDrive\Desktop\PUP\node_modules\react-dom\cjs\react-dom-client.development.js:13976
reconnectPassiveEffects @ C:\Users\USER\OneDrive\Desktop\PUP\node_modules\react-dom\cjs\react-dom-client.development.js:13997
recursivelyTraverseReconnectPassiveEffects @ C:\Users\USER\OneDrive\Desktop\PUP\node_modules\react-dom\cjs\react-dom-client.development.js:13976
reconnectPassiveEffects @ C:\Users\USER\OneDrive\Desktop\PUP\node_modules\react-dom\cjs\react-dom-client.development.js:13997
recursivelyTraverseReconnectPassiveEffects @ C:\Users\USER\OneDrive\Desktop\PUP\node_modules\react-dom\cjs\react-dom-client.development.js:13976
reconnectPassiveEffects @ C:\Users\USER\OneDrive\Desktop\PUP\node_modules\react-dom\cjs\react-dom-client.development.js:13997
recursivelyTraverseReconnectPassiveEffects @ C:\Users\USER\OneDrive\Desktop\PUP\node_modules\react-dom\cjs\react-dom-client.development.js:13976
reconnectPassiveEffects @ C:\Users\USER\OneDrive\Desktop\PUP\node_modules\react-dom\cjs\react-dom-client.development.js:14051
recursivelyTraverseReconnectPassiveEffects @ C:\Users\USER\OneDrive\Desktop\PUP\node_modules\react-dom\cjs\react-dom-client.development.js:13976
reconnectPassiveEffects @ C:\Users\USER\OneDrive\Desktop\PUP\node_modules\react-dom\cjs\react-dom-client.development.js:14051
recursivelyTraverseReconnectPassiveEffects @ C:\Users\USER\OneDrive\Desktop\PUP\node_modules\react-dom\cjs\react-dom-client.development.js:13976
reconnectPassiveEffects @ C:\Users\USER\OneDrive\Desktop\PUP\node_modules\react-dom\cjs\react-dom-client.development.js:13997
recursivelyTraverseReconnectPassiveEffects @ C:\Users\USER\OneDrive\Desktop\PUP\node_modules\react-dom\cjs\react-dom-client.development.js:13976
reconnectPassiveEffects @ C:\Users\USER\OneDrive\Desktop\PUP\node_modules\react-dom\cjs\react-dom-client.development.js:13997
recursivelyTraverseReconnectPassiveEffects @ C:\Users\USER\OneDrive\Desktop\PUP\node_modules\react-dom\cjs\react-dom-client.development.js:13976
reconnectPassiveEffects @ C:\Users\USER\OneDrive\Desktop\PUP\node_modules\react-dom\cjs\react-dom-client.development.js:14051
recursivelyTraverseReconnectPassiveEffects @ C:\Users\USER\OneDrive\Desktop\PUP\node_modules\react-dom\cjs\react-dom-client.development.js:13976
reconnectPassiveEffects @ C:\Users\USER\OneDrive\Desktop\PUP\node_modules\react-dom\cjs\react-dom-client.development.js:13997
recursivelyTraverseReconnectPassiveEffects @ C:\Users\USER\OneDrive\Desktop\PUP\node_modules\react-dom\cjs\react-dom-client.development.js:13976
reconnectPassiveEffects @ C:\Users\USER\OneDrive\Desktop\PUP\node_modules\react-dom\cjs\react-dom-client.development.js:13997
recursivelyTraverseReconnectPassiveEffects @ C:\Users\USER\OneDrive\Desktop\PUP\node_modules\react-dom\cjs\react-dom-client.development.js:13976
reconnectPassiveEffects @ C:\Users\USER\OneDrive\Desktop\PUP\node_modules\react-dom\cjs\react-dom-client.development.js:14051
recursivelyTraverseReconnectPassiveEffects @ C:\Users\USER\OneDrive\Desktop\PUP\node_modules\react-dom\cjs\react-dom-client.development.js:13976
reconnectPassiveEffects @ C:\Users\USER\OneDrive\Desktop\PUP\node_modules\react-dom\cjs\react-dom-client.development.js:13997
recursivelyTraverseReconnectPassiveEffects @ C:\Users\USER\OneDrive\Desktop\PUP\node_modules\react-dom\cjs\react-dom-client.development.js:13976
reconnectPassiveEffects @ C:\Users\USER\OneDrive\Desktop\PUP\node_modules\react-dom\cjs\react-dom-client.development.js:14051
recursivelyTraverseReconnectPassiveEffects @ C:\Users\USER\OneDrive\Desktop\PUP\node_modules\react-dom\cjs\react-dom-client.development.js:13976
reconnectPassiveEffects @ C:\Users\USER\OneDrive\Desktop\PUP\node_modules\react-dom\cjs\react-dom-client.development.js:13997
recursivelyTraverseReconnectPassiveEffects @ C:\Users\USER\OneDrive\Desktop\PUP\node_modules\react-dom\cjs\react-dom-client.development.js:13976
reconnectPassiveEffects @ C:\Users\USER\OneDrive\Desktop\PUP\node_modules\react-dom\cjs\react-dom-client.development.js:13997
recursivelyTraverseReconnectPassiveEffects @ C:\Users\USER\OneDrive\Desktop\PUP\node_modules\react-dom\cjs\react-dom-client.development.js:13976
reconnectPassiveEffects @ C:\Users\USER\OneDrive\Desktop\PUP\node_modules\react-dom\cjs\react-dom-client.development.js:13997
recursivelyTraverseReconnectPassiveEffects @ C:\Users\USER\OneDrive\Desktop\PUP\node_modules\react-dom\cjs\react-dom-client.development.js:13976
reconnectPassiveEffects @ C:\Users\USER\OneDrive\Desktop\PUP\node_modules\react-dom\cjs\react-dom-client.development.js:14051
recursivelyTraverseReconnectPassiveEffects @ C:\Users\USER\OneDrive\Desktop\PUP\node_modules\react-dom\cjs\react-dom-client.development.js:13976
reconnectPassiveEffects @ C:\Users\USER\OneDrive\Desktop\PUP\node_modules\react-dom\cjs\react-dom-client.development.js:13997
recursivelyTraverseReconnectPassiveEffects @ C:\Users\USER\OneDrive\Desktop\PUP\node_modules\react-dom\cjs\react-dom-client.development.js:13976
reconnectPassiveEffects @ C:\Users\USER\OneDrive\Desktop\PUP\node_modules\react-dom\cjs\react-dom-client.development.js:14051
recursivelyTraverseReconnectPassiveEffects @ C:\Users\USER\OneDrive\Desktop\PUP\node_modules\react-dom\cjs\react-dom-client.development.js:13976
reconnectPassiveEffects @ C:\Users\USER\OneDrive\Desktop\PUP\node_modules\react-dom\cjs\react-dom-client.development.js:14051
recursivelyTraverseReconnectPassiveEffects @ C:\Users\USER\OneDrive\Desktop\PUP\node_modules\react-dom\cjs\react-dom-client.development.js:13976
reconnectPassiveEffects @ C:\Users\USER\OneDrive\Desktop\PUP\node_modules\react-dom\cjs\react-dom-client.development.js:13997
recursivelyTraverseReconnectPassiveEffects @ C:\Users\USER\OneDrive\Desktop\PUP\node_modules\react-dom\cjs\react-dom-client.development.js:13976
reconnectPassiveEffects @ C:\Users\USER\OneDrive\Desktop\PUP\node_modules\react-dom\cjs\react-dom-client.development.js:14051
recursivelyTraverseReconnectPassiveEffects @ C:\Users\USER\OneDrive\Desktop\PUP\node_modules\react-dom\cjs\react-dom-client.development.js:13976
reconnectPassiveEffects @ C:\Users\USER\OneDrive\Desktop\PUP\node_modules\react-dom\cjs\react-dom-client.development.js:14051
recursivelyTraverseReconnectPassiveEffects @ C:\Users\USER\OneDrive\Desktop\PUP\node_modules\react-dom\cjs\react-dom-client.development.js:13976
reconnectPassiveEffects @ C:\Users\USER\OneDrive\Desktop\PUP\node_modules\react-dom\cjs\react-dom-client.development.js:13997
recursivelyTraverseReconnectPassiveEffects @ C:\Users\USER\OneDrive\Desktop\PUP\node_modules\react-dom\cjs\react-dom-client.development.js:13976
reconnectPassiveEffects @ C:\Users\USER\OneDrive\Desktop\PUP\node_modules\react-dom\cjs\react-dom-client.development.js:13997
recursivelyTraverseReconnectPassiveEffects @ C:\Users\USER\OneDrive\Desktop\PUP\node_modules\react-dom\cjs\react-dom-client.development.js:13976
reconnectPassiveEffects @ C:\Users\USER\OneDrive\Desktop\PUP\node_modules\react-dom\cjs\react-dom-client.development.js:13997
recursivelyTraverseReconnectPassiveEffects @ C:\Users\USER\OneDrive\Desktop\PUP\node_modules\react-dom\cjs\react-dom-client.development.js:13976
reconnectPassiveEffects @ C:\Users\USER\OneDrive\Desktop\PUP\node_modules\react-dom\cjs\react-dom-client.development.js:13997
recursivelyTraverseReconnectPassiveEffects @ C:\Users\USER\OneDrive\Desktop\PUP\node_modules\react-dom\cjs\react-dom-client.development.js:13976
reconnectPassiveEffects @ C:\Users\USER\OneDrive\Desktop\PUP\node_modules\react-dom\cjs\react-dom-client.development.js:13997
recursivelyTraverseReconnectPassiveEffects @ C:\Users\USER\OneDrive\Desktop\PUP\node_modules\react-dom\cjs\react-dom-client.development.js:13976
reconnectPassiveEffects @ C:\Users\USER\OneDrive\Desktop\PUP\node_modules\react-dom\cjs\react-dom-client.development.js:13997
recursivelyTraverseReconnectPassiveEffects @ C:\Users\USER\OneDrive\Desktop\PUP\node_modules\react-dom\cjs\react-dom-client.development.js:13976
commitPassiveMountOnFiber @ C:\Users\USER\OneDrive\Desktop\PUP\node_modules\react-dom\cjs\react-dom-client.development.js:13936
recursivelyTraversePassiveMountEffects @ C:\Users\USER\OneDrive\Desktop\PUP\node_modules\react-dom\cjs\react-dom-client.development.js:13815
commitPassiveMountOnFiber @ C:\Users\USER\OneDrive\Desktop\PUP\node_modules\react-dom\cjs\react-dom-client.development.js:13903
recursivelyTraversePassiveMountEffects @ C:\Users\USER\OneDrive\Desktop\PUP\node_modules\react-dom\cjs\react-dom-client.development.js:13815
commitPassiveMountOnFiber @ C:\Users\USER\OneDrive\Desktop\PUP\node_modules\react-dom\cjs\react-dom-client.development.js:13957
recursivelyTraversePassiveMountEffects @ C:\Users\USER\OneDrive\Desktop\PUP\node_modules\react-dom\cjs\react-dom-client.development.js:13815
commitPassiveMountOnFiber @ C:\Users\USER\OneDrive\Desktop\PUP\node_modules\react-dom\cjs\react-dom-client.development.js:13957
recursivelyTraversePassiveMountEffects @ C:\Users\USER\OneDrive\Desktop\PUP\node_modules\react-dom\cjs\react-dom-client.development.js:13815
commitPassiveMountOnFiber @ C:\Users\USER\OneDrive\Desktop\PUP\node_modules\react-dom\cjs\react-dom-client.development.js:13834
recursivelyTraversePassiveMountEffects @ C:\Users\USER\OneDrive\Desktop\PUP\node_modules\react-dom\cjs\react-dom-client.development.js:13815
commitPassiveMountOnFiber @ C:\Users\USER\OneDrive\Desktop\PUP\node_modules\react-dom\cjs\react-dom-client.development.js:13834
recursivelyTraversePassiveMountEffects @ C:\Users\USER\OneDrive\Desktop\PUP\node_modules\react-dom\cjs\react-dom-client.development.js:13815
commitPassiveMountOnFiber @ C:\Users\USER\OneDrive\Desktop\PUP\node_modules\react-dom\cjs\react-dom-client.development.js:13834
recursivelyTraversePassiveMountEffects @ C:\Users\USER\OneDrive\Desktop\PUP\node_modules\react-dom\cjs\react-dom-client.development.js:13815
commitPassiveMountOnFiber @ C:\Users\USER\OneDrive\Desktop\PUP\node_modules\react-dom\cjs\react-dom-client.development.js:13957
recursivelyTraversePassiveMountEffects @ C:\Users\USER\OneDrive\Desktop\PUP\node_modules\react-dom\cjs\react-dom-client.development.js:13815
commitPassiveMountOnFiber @ C:\Users\USER\OneDrive\Desktop\PUP\node_modules\react-dom\cjs\react-dom-client.development.js:13957
recursivelyTraversePassiveMountEffects @ C:\Users\USER\OneDrive\Desktop\PUP\node_modules\react-dom\cjs\react-dom-client.development.js:13815
commitPassiveMountOnFiber @ C:\Users\USER\OneDrive\Desktop\PUP\node_modules\react-dom\cjs\react-dom-client.development.js:13834
recursivelyTraversePassiveMountEffects @ C:\Users\USER\OneDrive\Desktop\PUP\node_modules\react-dom\cjs\react-dom-client.development.js:13815
commitPassiveMountOnFiber @ C:\Users\USER\OneDrive\Desktop\PUP\node_modules\react-dom\cjs\react-dom-client.development.js:13957
recursivelyTraversePassiveMountEffects @ C:\Users\USER\OneDrive\Desktop\PUP\node_modules\react-dom\cjs\react-dom-client.development.js:13815
commitPassiveMountOnFiber @ C:\Users\USER\OneDrive\Desktop\PUP\node_modules\react-dom\cjs\react-dom-client.development.js:13957
recursivelyTraversePassiveMountEffects @ C:\Users\USER\OneDrive\Desktop\PUP\node_modules\react-dom\cjs\react-dom-client.development.js:13815
commitPassiveMountOnFiber @ C:\Users\USER\OneDrive\Desktop\PUP\node_modules\react-dom\cjs\react-dom-client.development.js:13957
recursivelyTraversePassiveMountEffects @ C:\Users\USER\OneDrive\Desktop\PUP\node_modules\react-dom\cjs\react-dom-client.development.js:13815
commitPassiveMountOnFiber @ C:\Users\USER\OneDrive\Desktop\PUP\node_modules\react-dom\cjs\react-dom-client.development.js:13834
recursivelyTraversePassiveMountEffects @ C:\Users\USER\OneDrive\Desktop\PUP\node_modules\react-dom\cjs\react-dom-client.development.js:13815
commitPassiveMountOnFiber @ C:\Users\USER\OneDrive\Desktop\PUP\node_modules\react-dom\cjs\react-dom-client.development.js:13957
recursivelyTraversePassiveMountEffects @ C:\Users\USER\OneDrive\Desktop\PUP\node_modules\react-dom\cjs\react-dom-client.development.js:13815
commitPassiveMountOnFiber @ C:\Users\USER\OneDrive\Desktop\PUP\node_modules\react-dom\cjs\react-dom-client.development.js:13957
recursivelyTraversePassiveMountEffects @ C:\Users\USER\OneDrive\Desktop\PUP\node_modules\react-dom\cjs\react-dom-client.development.js:13815
commitPassiveMountOnFiber @ C:\Users\USER\OneDrive\Desktop\PUP\node_modules\react-dom\cjs\react-dom-client.development.js:13957
recursivelyTraversePassiveMountEffects @ C:\Users\USER\OneDrive\Desktop\PUP\node_modules\react-dom\cjs\react-dom-client.development.js:13815
commitPassiveMountOnFiber @ C:\Users\USER\OneDrive\Desktop\PUP\node_modules\react-dom\cjs\react-dom-client.development.js:13834
recursivelyTraversePassiveMountEffects @ C:\Users\USER\OneDrive\Desktop\PUP\node_modules\react-dom\cjs\react-dom-client.development.js:13815
commitPassiveMountOnFiber @ C:\Users\USER\OneDrive\Desktop\PUP\node_modules\react-dom\cjs\react-dom-client.development.js:13957
recursivelyTraversePassiveMountEffects @ C:\Users\USER\OneDrive\Desktop\PUP\node_modules\react-dom\cjs\react-dom-client.development.js:13815
commitPassiveMountOnFiber @ C:\Users\USER\OneDrive\Desktop\PUP\node_modules\react-dom\cjs\react-dom-client.development.js:13957
recursivelyTraversePassiveMountEffects @ C:\Users\USER\OneDrive\Desktop\PUP\node_modules\react-dom\cjs\react-dom-client.development.js:13815
commitPassiveMountOnFiber @ C:\Users\USER\OneDrive\Desktop\PUP\node_modules\react-dom\cjs\react-dom-client.development.js:13834
recursivelyTraversePassiveMountEffects @ C:\Users\USER\OneDrive\Desktop\PUP\node_modules\react-dom\cjs\react-dom-client.development.js:13815
commitPassiveMountOnFiber @ C:\Users\USER\OneDrive\Desktop\PUP\node_modules\react-dom\cjs\react-dom-client.development.js:13957
recursivelyTraversePassiveMountEffects @ C:\Users\USER\OneDrive\Desktop\PUP\node_modules\react-dom\cjs\react-dom-client.development.js:13815
commitPassiveMountOnFiber @ C:\Users\USER\OneDrive\Desktop\PUP\node_modules\react-dom\cjs\react-dom-client.development.js:13957
recursivelyTraversePassiveMountEffects @ C:\Users\USER\OneDrive\Desktop\PUP\node_modules\react-dom\cjs\react-dom-client.development.js:13815
commitPassiveMountOnFiber @ C:\Users\USER\OneDrive\Desktop\PUP\node_modules\react-dom\cjs\react-dom-client.development.js:13834
recursivelyTraversePassiveMountEffects @ C:\Users\USER\OneDrive\Desktop\PUP\node_modules\react-dom\cjs\react-dom-client.development.js:13815
commitPassiveMountOnFiber @ C:\Users\USER\OneDrive\Desktop\PUP\node_modules\react-dom\cjs\react-dom-client.development.js:13957
recursivelyTraversePassiveMountEffects @ C:\Users\USER\OneDrive\Desktop\PUP\node_modules\react-dom\cjs\react-dom-client.development.js:13815
commitPassiveMountOnFiber @ C:\Users\USER\OneDrive\Desktop\PUP\node_modules\react-dom\cjs\react-dom-client.development.js:13957
recursivelyTraversePassiveMountEffects @ C:\Users\USER\OneDrive\Desktop\PUP\node_modules\react-dom\cjs\react-dom-client.development.js:13815
commitPassiveMountOnFiber @ C:\Users\USER\OneDrive\Desktop\PUP\node_modules\react-dom\cjs\react-dom-client.development.js:13834
recursivelyTraversePassiveMountEffects @ C:\Users\USER\OneDrive\Desktop\PUP\node_modules\react-dom\cjs\react-dom-client.development.js:13815
commitPassiveMountOnFiber @ C:\Users\USER\OneDrive\Desktop\PUP\node_modules\react-dom\cjs\react-dom-client.development.js:13834
recursivelyTraversePassiveMountEffects @ C:\Users\USER\OneDrive\Desktop\PUP\node_modules\react-dom\cjs\react-dom-client.development.js:13815
commitPassiveMountOnFiber @ C:\Users\USER\OneDrive\Desktop\PUP\node_modules\react-dom\cjs\react-dom-client.development.js:13834
recursivelyTraversePassiveMountEffects @ C:\Users\USER\OneDrive\Desktop\PUP\node_modules\react-dom\cjs\react-dom-client.development.js:13815
commitPassiveMountOnFiber @ C:\Users\USER\OneDrive\Desktop\PUP\node_modules\react-dom\cjs\react-dom-client.development.js:13834
recursivelyTraversePassiveMountEffects @ C:\Users\USER\OneDrive\Desktop\PUP\node_modules\react-dom\cjs\react-dom-client.development.js:13815
commitPassiveMountOnFiber @ C:\Users\USER\OneDrive\Desktop\PUP\node_modules\react-dom\cjs\react-dom-client.development.js:13957
recursivelyTraversePassiveMountEffects @ C:\Users\USER\OneDrive\Desktop\PUP\node_modules\react-dom\cjs\react-dom-client.development.js:13815
commitPassiveMountOnFiber @ C:\Users\USER\OneDrive\Desktop\PUP\node_modules\react-dom\cjs\react-dom-client.development.js:13834
recursivelyTraversePassiveMountEffects @ C:\Users\USER\OneDrive\Desktop\PUP\node_modules\react-dom\cjs\react-dom-client.development.js:13815
commitPassiveMountOnFiber @ C:\Users\USER\OneDrive\Desktop\PUP\node_modules\react-dom\cjs\react-dom-client.development.js:13834
recursivelyTraversePassiveMountEffects @ C:\Users\USER\OneDrive\Desktop\PUP\node_modules\react-dom\cjs\react-dom-client.development.js:13815
commitPassiveMountOnFiber @ C:\Users\USER\OneDrive\Desktop\PUP\node_modules\react-dom\cjs\react-dom-client.development.js:13928
recursivelyTraversePassiveMountEffects @ C:\Users\USER\OneDrive\Desktop\PUP\node_modules\react-dom\cjs\react-dom-client.development.js:13815
commitPassiveMountOnFiber @ C:\Users\USER\OneDrive\Desktop\PUP\node_modules\react-dom\cjs\react-dom-client.development.js:13903
recursivelyTraversePassiveMountEffects @ C:\Users\USER\OneDrive\Desktop\PUP\node_modules\react-dom\cjs\react-dom-client.development.js:13815
commitPassiveMountOnFiber @ C:\Users\USER\OneDrive\Desktop\PUP\node_modules\react-dom\cjs\react-dom-client.development.js:13957
recursivelyTraversePassiveMountEffects @ C:\Users\USER\OneDrive\Desktop\PUP\node_modules\react-dom\cjs\react-dom-client.development.js:13815
commitPassiveMountOnFiber @ C:\Users\USER\OneDrive\Desktop\PUP\node_modules\react-dom\cjs\react-dom-client.development.js:13957
recursivelyTraversePassiveMountEffects @ C:\Users\USER\OneDrive\Desktop\PUP\node_modules\react-dom\cjs\react-dom-client.development.js:13815
commitPassiveMountOnFiber @ C:\Users\USER\OneDrive\Desktop\PUP\node_modules\react-dom\cjs\react-dom-client.development.js:13834
recursivelyTraversePassiveMountEffects @ C:\Users\USER\OneDrive\Desktop\PUP\node_modules\react-dom\cjs\react-dom-client.development.js:13815
commitPassiveMountOnFiber @ C:\Users\USER\OneDrive\Desktop\PUP\node_modules\react-dom\cjs\react-dom-client.development.js:13834
recursivelyTraversePassiveMountEffects @ C:\Users\USER\OneDrive\Desktop\PUP\node_modules\react-dom\cjs\react-dom-client.development.js:13815
commitPassiveMountOnFiber @ C:\Users\USER\OneDrive\Desktop\PUP\node_modules\react-dom\cjs\react-dom-client.development.js:13834
recursivelyTraversePassiveMountEffects @ C:\Users\USER\OneDrive\Desktop\PUP\node_modules\react-dom\cjs\react-dom-client.development.js:13815
commitPassiveMountOnFiber @ C:\Users\USER\OneDrive\Desktop\PUP\node_modules\react-dom\cjs\react-dom-client.development.js:13957
recursivelyTraversePassiveMountEffects @ C:\Users\USER\OneDrive\Desktop\PUP\node_modules\react-dom\cjs\react-dom-client.development.js:13815
<HomeScreen(./(tabs)/index.tsx)>
exports.jsxDEV @ C:\Users\USER\OneDrive\Desktop\PUP\node_modules\react\cjs\react-jsx-dev-runtime.development.js:346
BaseRoute @ C:\Users\USER\OneDrive\Desktop\PUP\node_modules\expo-router\build\useScreens.js:213
react-stack-bottom-frame @ C:\Users\USER\OneDrive\Desktop\PUP\node_modules\react-dom\cjs\react-dom-client.development.js:23863
renderWithHooks @ C:\Users\USER\OneDrive\Desktop\PUP\node_modules\react-dom\cjs\react-dom-client.development.js:5529
updateFunctionComponent @ C:\Users\USER\OneDrive\Desktop\PUP\node_modules\react-dom\cjs\react-dom-client.development.js:8897
beginWork @ C:\Users\USER\OneDrive\Desktop\PUP\node_modules\react-dom\cjs\react-dom-client.development.js:10522
runWithFiberInDEV @ C:\Users\USER\OneDrive\Desktop\PUP\node_modules\react-dom\cjs\react-dom-client.development.js:1519
performUnitOfWork @ C:\Users\USER\OneDrive\Desktop\PUP\node_modules\react-dom\cjs\react-dom-client.development.js:15132
workLoopSync @ C:\Users\USER\OneDrive\Desktop\PUP\node_modules\react-dom\cjs\react-dom-client.development.js:14956
renderRootSync @ C:\Users\USER\OneDrive\Desktop\PUP\node_modules\react-dom\cjs\react-dom-client.development.js:14936
performWorkOnRoot @ C:\Users\USER\OneDrive\Desktop\PUP\node_modules\react-dom\cjs\react-dom-client.development.js:14419
performSyncWorkOnRoot @ C:\Users\USER\OneDrive\Desktop\PUP\node_modules\react-dom\cjs\react-dom-client.development.js:16231
flushSyncWorkAcrossRoots_impl @ C:\Users\USER\OneDrive\Desktop\PUP\node_modules\react-dom\cjs\react-dom-client.development.js:16079
flushPassiveEffects @ C:\Users\USER\OneDrive\Desktop\PUP\node_modules\react-dom\cjs\react-dom-client.development.js:15749
(anonymous) @ C:\Users\USER\OneDrive\Desktop\PUP\node_modules\react-dom\cjs\react-dom-client.development.js:15379
performWorkUntilDeadline @ C:\Users\USER\OneDrive\Desktop\PUP\node_modules\scheduler\cjs\scheduler.development.js:45
<Route(index)>
exports.jsx @ C:\Users\USER\OneDrive\Desktop\PUP\node_modules\react\cjs\react-jsx-runtime.development.js:339
SceneView @ C:\Users\USER\OneDrive\Desktop\PUP\node_modules\@react-navigation\core\lib\module\SceneView.js:125
react-stack-bottom-frame @ C:\Users\USER\OneDrive\Desktop\PUP\node_modules\react-dom\cjs\react-dom-client.development.js:23863
renderWithHooks @ C:\Users\USER\OneDrive\Desktop\PUP\node_modules\react-dom\cjs\react-dom-client.development.js:5529
updateFunctionComponent @ C:\Users\USER\OneDrive\Desktop\PUP\node_modules\react-dom\cjs\react-dom-client.development.js:8897
beginWork @ C:\Users\USER\OneDrive\Desktop\PUP\node_modules\react-dom\cjs\react-dom-client.development.js:10522
runWithFiberInDEV @ C:\Users\USER\OneDrive\Desktop\PUP\node_modules\react-dom\cjs\react-dom-client.development.js:1519
performUnitOfWork @ C:\Users\USER\OneDrive\Desktop\PUP\node_modules\react-dom\cjs\react-dom-client.development.js:15132
workLoopSync @ C:\Users\USER\OneDrive\Desktop\PUP\node_modules\react-dom\cjs\react-dom-client.development.js:14956
renderRootSync @ C:\Users\USER\OneDrive\Desktop\PUP\node_modules\react-dom\cjs\react-dom-client.development.js:14936
performWorkOnRoot @ C:\Users\USER\OneDrive\Desktop\PUP\node_modules\react-dom\cjs\react-dom-client.development.js:14419
performSyncWorkOnRoot @ C:\Users\USER\OneDrive\Desktop\PUP\node_modules\react-dom\cjs\react-dom-client.development.js:16231
flushSyncWorkAcrossRoots_impl @ C:\Users\USER\OneDrive\Desktop\PUP\node_modules\react-dom\cjs\react-dom-client.development.js:16079
flushPassiveEffects @ C:\Users\USER\OneDrive\Desktop\PUP\node_modules\react-dom\cjs\react-dom-client.development.js:15749
(anonymous) @ C:\Users\USER\OneDrive\Desktop\PUP\node_modules\react-dom\cjs\react-dom-client.development.js:15379
performWorkUntilDeadline @ C:\Users\USER\OneDrive\Desktop\PUP\node_modules\scheduler\cjs\scheduler.development.js:45
<SceneView>
exports.jsx @ C:\Users\USER\OneDrive\Desktop\PUP\node_modules\react\cjs\react-jsx-runtime.development.js:339
render @ C:\Users\USER\OneDrive\Desktop\PUP\node_modules\@react-navigation\core\lib\module\useDescriptors.js:108
(anonymous) @ C:\Users\USER\OneDrive\Desktop\PUP\node_modules\@react-navigation\core\lib\module\useDescriptors.js:140
useDescriptors @ C:\Users\USER\OneDrive\Desktop\PUP\node_modules\@react-navigation\core\lib\module\useDescriptors.js:137
useNavigationBuilder @ C:\Users\USER\OneDrive\Desktop\PUP\node_modules\@react-navigation\core\lib\module\useNavigationBuilder.js:562
BottomTabNavigator @ C:\Users\USER\OneDrive\Desktop\PUP\node_modules\@react-navigation\bottom-tabs\lib\module\navigators\createBottomTabNavigator.js:24
react-stack-bottom-frame @ C:\Users\USER\OneDrive\Desktop\PUP\node_modules\react-dom\cjs\react-dom-client.development.js:23863
renderWithHooks @ C:\Users\USER\OneDrive\Desktop\PUP\node_modules\react-dom\cjs\react-dom-client.development.js:5529
updateFunctionComponent @ C:\Users\USER\OneDrive\Desktop\PUP\node_modules\react-dom\cjs\react-dom-client.development.js:8897
beginWork @ C:\Users\USER\OneDrive\Desktop\PUP\node_modules\react-dom\cjs\react-dom-client.development.js:10522
runWithFiberInDEV @ C:\Users\USER\OneDrive\Desktop\PUP\node_modules\react-dom\cjs\react-dom-client.development.js:1519
performUnitOfWork @ C:\Users\USER\OneDrive\Desktop\PUP\node_modules\react-dom\cjs\react-dom-client.development.js:15132
workLoopSync @ C:\Users\USER\OneDrive\Desktop\PUP\node_modules\react-dom\cjs\react-dom-client.development.js:14956
renderRootSync @ C:\Users\USER\OneDrive\Desktop\PUP\node_modules\react-dom\cjs\react-dom-client.development.js:14936
performWorkOnRoot @ C:\Users\USER\OneDrive\Desktop\PUP\node_modules\react-dom\cjs\react-dom-client.development.js:14419
performSyncWorkOnRoot @ C:\Users\USER\OneDrive\Desktop\PUP\node_modules\react-dom\cjs\react-dom-client.development.js:16231
flushSyncWorkAcrossRoots_impl @ C:\Users\USER\OneDrive\Desktop\PUP\node_modules\react-dom\cjs\react-dom-client.development.js:16079
flushPassiveEffects @ C:\Users\USER\OneDrive\Desktop\PUP\node_modules\react-dom\cjs\react-dom-client.development.js:15749
(anonymous) @ C:\Users\USER\OneDrive\Desktop\PUP\node_modules\react-dom\cjs\react-dom-client.development.js:15379
performWorkUntilDeadline @ C:\Users\USER\OneDrive\Desktop\PUP\node_modules\scheduler\cjs\scheduler.development.js:45
<BottomTabNavigator>
exports.jsxDEV @ C:\Users\USER\OneDrive\Desktop\PUP\node_modules\react\cjs\react-jsx-dev-runtime.development.js:346
(anonymous) @ C:\Users\USER\OneDrive\Desktop\PUP\node_modules\expo-router\build\layouts\withLayoutContext.js:156
react-stack-bottom-frame @ C:\Users\USER\OneDrive\Desktop\PUP\node_modules\react-dom\cjs\react-dom-client.development.js:23863
renderWithHooks @ C:\Users\USER\OneDrive\Desktop\PUP\node_modules\react-dom\cjs\react-dom-client.development.js:5529
updateForwardRef @ C:\Users\USER\OneDrive\Desktop\PUP\node_modules\react-dom\cjs\react-dom-client.development.js:8645
beginWork @ C:\Users\USER\OneDrive\Desktop\PUP\node_modules\react-dom\cjs\react-dom-client.development.js:10861
runWithFiberInDEV @ C:\Users\USER\OneDrive\Desktop\PUP\node_modules\react-dom\cjs\react-dom-client.development.js:1519
performUnitOfWork @ C:\Users\USER\OneDrive\Desktop\PUP\node_modules\react-dom\cjs\react-dom-client.development.js:15132
workLoopSync @ C:\Users\USER\OneDrive\Desktop\PUP\node_modules\react-dom\cjs\react-dom-client.development.js:14956
renderRootSync @ C:\Users\USER\OneDrive\Desktop\PUP\node_modules\react-dom\cjs\react-dom-client.development.js:14936
performWorkOnRoot @ C:\Users\USER\OneDrive\Desktop\PUP\node_modules\react-dom\cjs\react-dom-client.development.js:14419
performSyncWorkOnRoot @ C:\Users\USER\OneDrive\Desktop\PUP\node_modules\react-dom\cjs\react-dom-client.development.js:16231
flushSyncWorkAcrossRoots_impl @ C:\Users\USER\OneDrive\Desktop\PUP\node_modules\react-dom\cjs\react-dom-client.development.js:16079
flushPassiveEffects @ C:\Users\USER\OneDrive\Desktop\PUP\node_modules\react-dom\cjs\react-dom-client.development.js:15749
(anonymous) @ C:\Users\USER\OneDrive\Desktop\PUP\node_modules\react-dom\cjs\react-dom-client.development.js:15379
performWorkUntilDeadline @ C:\Users\USER\OneDrive\Desktop\PUP\node_modules\scheduler\cjs\scheduler.development.js:45
<ForwardRef>
exports.jsxDEV @ C:\Users\USER\OneDrive\Desktop\PUP\node_modules\react\cjs\react-jsx-dev-runtime.development.js:346
Object.assign.Screen @ C:\Users\USER\OneDrive\Desktop\PUP\node_modules\expo-router\build\layouts\TabsClient.js:46
react-stack-bottom-frame @ C:\Users\USER\OneDrive\Desktop\PUP\node_modules\react-dom\cjs\react-dom-client.development.js:23863
renderWithHooks @ C:\Users\USER\OneDrive\Desktop\PUP\node_modules\react-dom\cjs\react-dom-client.development.js:5529
updateFunctionComponent @ C:\Users\USER\OneDrive\Desktop\PUP\node_modules\react-dom\cjs\react-dom-client.development.js:8897
beginWork @ C:\Users\USER\OneDrive\Desktop\PUP\node_modules\react-dom\cjs\react-dom-client.development.js:10522
runWithFiberInDEV @ C:\Users\USER\OneDrive\Desktop\PUP\node_modules\react-dom\cjs\react-dom-client.development.js:1519
performUnitOfWork @ C:\Users\USER\OneDrive\Desktop\PUP\node_modules\react-dom\cjs\react-dom-client.development.js:15132
workLoopSync @ C:\Users\USER\OneDrive\Desktop\PUP\node_modules\react-dom\cjs\react-dom-client.development.js:14956
renderRootSync @ C:\Users\USER\OneDrive\Desktop\PUP\node_modules\react-dom\cjs\react-dom-client.development.js:14936
performWorkOnRoot @ C:\Users\USER\OneDrive\Desktop\PUP\node_modules\react-dom\cjs\react-dom-client.development.js:14419
performSyncWorkOnRoot @ C:\Users\USER\OneDrive\Desktop\PUP\node_modules\react-dom\cjs\react-dom-client.development.js:16231
flushSyncWorkAcrossRoots_impl @ C:\Users\USER\OneDrive\Desktop\PUP\node_modules\react-dom\cjs\react-dom-client.development.js:16079
flushPassiveEffects @ C:\Users\USER\OneDrive\Desktop\PUP\node_modules\react-dom\cjs\react-dom-client.development.js:15749
(anonymous) @ C:\Users\USER\OneDrive\Desktop\PUP\node_modules\react-dom\cjs\react-dom-client.development.js:15379
performWorkUntilDeadline @ C:\Users\USER\OneDrive\Desktop\PUP\node_modules\scheduler\cjs\scheduler.development.js:45
<...>
exports.jsxDEV @ C:\Users\USER\OneDrive\Desktop\PUP\node_modules\react\cjs\react-jsx-dev-runtime.development.js:346
TabLayout @ C:\Users\USER\OneDrive\Desktop\PUP\app\(tabs)\_layout.tsx:6
react-stack-bottom-frame @ C:\Users\USER\OneDrive\Desktop\PUP\node_modules\react-dom\cjs\react-dom-client.development.js:23863
renderWithHooks @ C:\Users\USER\OneDrive\Desktop\PUP\node_modules\react-dom\cjs\react-dom-client.development.js:5529
updateFunctionComponent @ C:\Users\USER\OneDrive\Desktop\PUP\node_modules\react-dom\cjs\react-dom-client.development.js:8897
beginWork @ C:\Users\USER\OneDrive\Desktop\PUP\node_modules\react-dom\cjs\react-dom-client.development.js:10522
runWithFiberInDEV @ C:\Users\USER\OneDrive\Desktop\PUP\node_modules\react-dom\cjs\react-dom-client.development.js:1519
performUnitOfWork @ C:\Users\USER\OneDrive\Desktop\PUP\node_modules\react-dom\cjs\react-dom-client.development.js:15132
workLoopSync @ C:\Users\USER\OneDrive\Desktop\PUP\node_modules\react-dom\cjs\react-dom-client.development.js:14956
renderRootSync @ C:\Users\USER\OneDrive\Desktop\PUP\node_modules\react-dom\cjs\react-dom-client.development.js:14936
performWorkOnRoot @ C:\Users\USER\OneDrive\Desktop\PUP\node_modules\react-dom\cjs\react-dom-client.development.js:14419
performSyncWorkOnRoot @ C:\Users\USER\OneDrive\Desktop\PUP\node_modules\react-dom\cjs\react-dom-client.development.js:16231
flushSyncWorkAcrossRoots_impl @ C:\Users\USER\OneDrive\Desktop\PUP\node_modules\react-dom\cjs\react-dom-client.development.js:16079
flushPassiveEffects @ C:\Users\USER\OneDrive\Desktop\PUP\node_modules\react-dom\cjs\react-dom-client.development.js:15749
(anonymous) @ C:\Users\USER\OneDrive\Desktop\PUP\node_modules\react-dom\cjs\react-dom-client.development.js:15379
performWorkUntilDeadline @ C:\Users\USER\OneDrive\Desktop\PUP\node_modules\scheduler\cjs\scheduler.development.js:45
<TabLayout(./(tabs)/_layout.tsx)>
exports.jsxDEV @ C:\Users\USER\OneDrive\Desktop\PUP\node_modules\react\cjs\react-jsx-dev-runtime.development.js:346
BaseRoute @ C:\Users\USER\OneDrive\Desktop\PUP\node_modules\expo-router\build\useScreens.js:213
react-stack-bottom-frame @ C:\Users\USER\OneDrive\Desktop\PUP\node_modules\react-dom\cjs\react-dom-client.development.js:23863
renderWithHooks @ C:\Users\USER\OneDrive\Desktop\PUP\node_modules\react-dom\cjs\react-dom-client.development.js:5529
updateFunctionComponent @ C:\Users\USER\OneDrive\Desktop\PUP\node_modules\react-dom\cjs\react-dom-client.development.js:8897
beginWork @ C:\Users\USER\OneDrive\Desktop\PUP\node_modules\react-dom\cjs\react-dom-client.development.js:10522
runWithFiberInDEV @ C:\Users\USER\OneDrive\Desktop\PUP\node_modules\react-dom\cjs\react-dom-client.development.js:1519
performUnitOfWork @ C:\Users\USER\OneDrive\Desktop\PUP\node_modules\react-dom\cjs\react-dom-client.development.js:15132
workLoopSync @ C:\Users\USER\OneDrive\Desktop\PUP\node_modules\react-dom\cjs\react-dom-client.development.js:14956
renderRootSync @ C:\Users\USER\OneDrive\Desktop\PUP\node_modules\react-dom\cjs\react-dom-client.development.js:14936
performWorkOnRoot @ C:\Users\USER\OneDrive\Desktop\PUP\node_modules\react-dom\cjs\react-dom-client.development.js:14419
performSyncWorkOnRoot @ C:\Users\USER\OneDrive\Desktop\PUP\node_modules\react-dom\cjs\react-dom-client.development.js:16231
flushSyncWorkAcrossRoots_impl @ C:\Users\USER\OneDrive\Desktop\PUP\node_modules\react-dom\cjs\react-dom-client.development.js:16079
flushPassiveEffects @ C:\Users\USER\OneDrive\Desktop\PUP\node_modules\react-dom\cjs\react-dom-client.development.js:15749
(anonymous) @ C:\Users\USER\OneDrive\Desktop\PUP\node_modules\react-dom\cjs\react-dom-client.development.js:15379
performWorkUntilDeadline @ C:\Users\USER\OneDrive\Desktop\PUP\node_modules\scheduler\cjs\scheduler.development.js:45
<Route((tabs))>
exports.jsx @ C:\Users\USER\OneDrive\Desktop\PUP\node_modules\react\cjs\react-jsx-runtime.development.js:339
SceneView @ C:\Users\USER\OneDrive\Desktop\PUP\node_modules\@react-navigation\core\lib\module\SceneView.js:125
react-stack-bottom-frame @ C:\Users\USER\OneDrive\Desktop\PUP\node_modules\react-dom\cjs\react-dom-client.development.js:23863
renderWithHooks @ C:\Users\USER\OneDrive\Desktop\PUP\node_modules\react-dom\cjs\react-dom-client.development.js:5529
updateFunctionComponent @ C:\Users\USER\OneDrive\Desktop\PUP\node_modules\react-dom\cjs\react-dom-client.development.js:8897
beginWork @ C:\Users\USER\OneDrive\Desktop\PUP\node_modules\react-dom\cjs\react-dom-client.development.js:10522
runWithFiberInDEV @ C:\Users\USER\OneDrive\Desktop\PUP\node_modules\react-dom\cjs\react-dom-client.development.js:1519
performUnitOfWork @ C:\Users\USER\OneDrive\Desktop\PUP\node_modules\react-dom\cjs\react-dom-client.development.js:15132
workLoopSync @ C:\Users\USER\OneDrive\Desktop\PUP\node_modules\react-dom\cjs\react-dom-client.development.js:14956
renderRootSync @ C:\Users\USER\OneDrive\Desktop\PUP\node_modules\react-dom\cjs\react-dom-client.development.js:14936
performWorkOnRoot @ C:\Users\USER\OneDrive\Desktop\PUP\node_modules\react-dom\cjs\react-dom-client.development.js:14419
performSyncWorkOnRoot @ C:\Users\USER\OneDrive\Desktop\PUP\node_modules\react-dom\cjs\react-dom-client.development.js:16231
flushSyncWorkAcrossRoots_impl @ C:\Users\USER\OneDrive\Desktop\PUP\node_modules\react-dom\cjs\react-dom-client.development.js:16079
flushPassiveEffects @ C:\Users\USER\OneDrive\Desktop\PUP\node_modules\react-dom\cjs\react-dom-client.development.js:15749
(anonymous) @ C:\Users\USER\OneDrive\Desktop\PUP\node_modules\react-dom\cjs\react-dom-client.development.js:15379
performWorkUntilDeadline @ C:\Users\USER\OneDrive\Desktop\PUP\node_modules\scheduler\cjs\scheduler.development.js:45
<SceneView>
exports.jsx @ C:\Users\USER\OneDrive\Desktop\PUP\node_modules\react\cjs\react-jsx-runtime.development.js:339
render @ C:\Users\USER\OneDrive\Desktop\PUP\node_modules\@react-navigation\core\lib\module\useDescriptors.js:108
(anonymous) @ C:\Users\USER\OneDrive\Desktop\PUP\node_modules\@react-navigation\core\lib\module\useDescriptors.js:140
useDescriptors @ C:\Users\USER\OneDrive\Desktop\PUP\node_modules\@react-navigation\core\lib\module\useDescriptors.js:137
useNavigationBuilder @ C:\Users\USER\OneDrive\Desktop\PUP\node_modules\@react-navigation\core\lib\module\useNavigationBuilder.js:562
SlotNavigator @ C:\Users\USER\OneDrive\Desktop\PUP\node_modules\expo-router\build\views\Navigator.js:107
react-stack-bottom-frame @ C:\Users\USER\OneDrive\Desktop\PUP\node_modules\react-dom\cjs\react-dom-client.development.js:23863
renderWithHooks @ C:\Users\USER\OneDrive\Desktop\PUP\node_modules\react-dom\cjs\react-dom-client.development.js:5529
updateFunctionComponent @ C:\Users\USER\OneDrive\Desktop\PUP\node_modules\react-dom\cjs\react-dom-client.development.js:8897
beginWork @ C:\Users\USER\OneDrive\Desktop\PUP\node_modules\react-dom\cjs\react-dom-client.development.js:10522
runWithFiberInDEV @ C:\Users\USER\OneDrive\Desktop\PUP\node_modules\react-dom\cjs\react-dom-client.development.js:1519
performUnitOfWork @ C:\Users\USER\OneDrive\Desktop\PUP\node_modules\react-dom\cjs\react-dom-client.development.js:15132
workLoopSync @ C:\Users\USER\OneDrive\Desktop\PUP\node_modules\react-dom\cjs\react-dom-client.development.js:14956
renderRootSync @ C:\Users\USER\OneDrive\Desktop\PUP\node_modules\react-dom\cjs\react-dom-client.development.js:14936
performWorkOnRoot @ C:\Users\USER\OneDrive\Desktop\PUP\node_modules\react-dom\cjs\react-dom-client.development.js:14419
performSyncWorkOnRoot @ C:\Users\USER\OneDrive\Desktop\PUP\node_modules\react-dom\cjs\react-dom-client.development.js:16231
flushSyncWorkAcrossRoots_impl @ C:\Users\USER\OneDrive\Desktop\PUP\node_modules\react-dom\cjs\react-dom-client.development.js:16079
flushPassiveEffects @ C:\Users\USER\OneDrive\Desktop\PUP\node_modules\react-dom\cjs\react-dom-client.development.js:15749
(anonymous) @ C:\Users\USER\OneDrive\Desktop\PUP\node_modules\react-dom\cjs\react-dom-client.development.js:15379
performWorkUntilDeadline @ C:\Users\USER\OneDrive\Desktop\PUP\node_modules\scheduler\cjs\scheduler.development.js:45
<SlotNavigator>
exports.jsxDEV @ C:\Users\USER\OneDrive\Desktop\PUP\node_modules\react\cjs\react-jsx-dev-runtime.development.js:346
Slot @ C:\Users\USER\OneDrive\Desktop\PUP\node_modules\expo-router\build\views\Navigator.js:130
react-stack-bottom-frame @ C:\Users\USER\OneDrive\Desktop\PUP\node_modules\react-dom\cjs\react-dom-client.development.js:23863
renderWithHooks @ C:\Users\USER\OneDrive\Desktop\PUP\node_modules\react-dom\cjs\react-dom-client.development.js:5529
updateFunctionComponent @ C:\Users\USER\OneDrive\Desktop\PUP\node_modules\react-dom\cjs\react-dom-client.development.js:8897
beginWork @ C:\Users\USER\OneDrive\Desktop\PUP\node_modules\react-dom\cjs\react-dom-client.development.js:10522
runWithFiberInDEV @ C:\Users\USER\OneDrive\Desktop\PUP\node_modules\react-dom\cjs\react-dom-client.development.js:1519
performUnitOfWork @ C:\Users\USER\OneDrive\Desktop\PUP\node_modules\react-dom\cjs\react-dom-client.development.js:15132
workLoopConcurrentByScheduler @ C:\Users\USER\OneDrive\Desktop\PUP\node_modules\react-dom\cjs\react-dom-client.development.js:15126
renderRootConcurrent @ C:\Users\USER\OneDrive\Desktop\PUP\node_modules\react-dom\cjs\react-dom-client.development.js:15101
performWorkOnRoot @ C:\Users\USER\OneDrive\Desktop\PUP\node_modules\react-dom\cjs\react-dom-client.development.js:14418
performWorkOnRootViaSchedulerTask @ C:\Users\USER\OneDrive\Desktop\PUP\node_modules\react-dom\cjs\react-dom-client.development.js:16216
performWorkUntilDeadline @ C:\Users\USER\OneDrive\Desktop\PUP\node_modules\scheduler\cjs\scheduler.development.js:45
<Slot>
exports.jsxDEV @ C:\Users\USER\OneDrive\Desktop\PUP\node_modules\react\cjs\react-jsx-dev-runtime.development.js:346
RootLayout @ C:\Users\USER\OneDrive\Desktop\PUP\app\_layout.tsx:86
react-stack-bottom-frame @ C:\Users\USER\OneDrive\Desktop\PUP\node_modules\react-dom\cjs\react-dom-client.development.js:23863
renderWithHooks @ C:\Users\USER\OneDrive\Desktop\PUP\node_modules\react-dom\cjs\react-dom-client.development.js:5529
updateFunctionComponent @ C:\Users\USER\OneDrive\Desktop\PUP\node_modules\react-dom\cjs\react-dom-client.development.js:8897
beginWork @ C:\Users\USER\OneDrive\Desktop\PUP\node_modules\react-dom\cjs\react-dom-client.development.js:10522
runWithFiberInDEV @ C:\Users\USER\OneDrive\Desktop\PUP\node_modules\react-dom\cjs\react-dom-client.development.js:1519
performUnitOfWork @ C:\Users\USER\OneDrive\Desktop\PUP\node_modules\react-dom\cjs\react-dom-client.development.js:15132
workLoopConcurrentByScheduler @ C:\Users\USER\OneDrive\Desktop\PUP\node_modules\react-dom\cjs\react-dom-client.development.js:15126
renderRootConcurrent @ C:\Users\USER\OneDrive\Desktop\PUP\node_modules\react-dom\cjs\react-dom-client.development.js:15101
performWorkOnRoot @ C:\Users\USER\OneDrive\Desktop\PUP\node_modules\react-dom\cjs\react-dom-client.development.js:14418
performWorkOnRootViaSchedulerTask @ C:\Users\USER\OneDrive\Desktop\PUP\node_modules\react-dom\cjs\react-dom-client.development.js:16216
performWorkUntilDeadline @ C:\Users\USER\OneDrive\Desktop\PUP\node_modules\scheduler\cjs\scheduler.development.js:45
<RootLayout(./_layout.tsx)>
exports.jsxDEV @ C:\Users\USER\OneDrive\Desktop\PUP\node_modules\react\cjs\react-jsx-dev-runtime.development.js:346
BaseRoute @ C:\Users\USER\OneDrive\Desktop\PUP\node_modules\expo-router\build\useScreens.js:213
react-stack-bottom-frame @ C:\Users\USER\OneDrive\Desktop\PUP\node_modules\react-dom\cjs\react-dom-client.development.js:23863
renderWithHooks @ C:\Users\USER\OneDrive\Desktop\PUP\node_modules\react-dom\cjs\react-dom-client.development.js:5529
updateFunctionComponent @ C:\Users\USER\OneDrive\Desktop\PUP\node_modules\react-dom\cjs\react-dom-client.development.js:8897
beginWork @ C:\Users\USER\OneDrive\Desktop\PUP\node_modules\react-dom\cjs\react-dom-client.development.js:10522
runWithFiberInDEV @ C:\Users\USER\OneDrive\Desktop\PUP\node_modules\react-dom\cjs\react-dom-client.development.js:1519
performUnitOfWork @ C:\Users\USER\OneDrive\Desktop\PUP\node_modules\react-dom\cjs\react-dom-client.development.js:15132
workLoopConcurrentByScheduler @ C:\Users\USER\OneDrive\Desktop\PUP\node_modules\react-dom\cjs\react-dom-client.development.js:15126
renderRootConcurrent @ C:\Users\USER\OneDrive\Desktop\PUP\node_modules\react-dom\cjs\react-dom-client.development.js:15101
performWorkOnRoot @ C:\Users\USER\OneDrive\Desktop\PUP\node_modules\react-dom\cjs\react-dom-client.development.js:14418
performWorkOnRootViaSchedulerTask @ C:\Users\USER\OneDrive\Desktop\PUP\node_modules\react-dom\cjs\react-dom-client.development.js:16216
performWorkUntilDeadline @ C:\Users\USER\OneDrive\Desktop\PUP\node_modules\scheduler\cjs\scheduler.development.js:45
<Route()>
exports.jsx @ C:\Users\USER\OneDrive\Desktop\PUP\node_modules\react\cjs\react-jsx-runtime.development.js:339
SceneView @ C:\Users\USER\OneDrive\Desktop\PUP\node_modules\@react-navigation\core\lib\module\SceneView.js:125
react-stack-bottom-frame @ C:\Users\USER\OneDrive\Desktop\PUP\node_modules\react-dom\cjs\react-dom-client.development.js:23863
renderWithHooks @ C:\Users\USER\OneDrive\Desktop\PUP\node_modules\react-dom\cjs\react-dom-client.development.js:5529
updateFunctionComponent @ C:\Users\USER\OneDrive\Desktop\PUP\node_modules\react-dom\cjs\react-dom-client.development.js:8897
beginWork @ C:\Users\USER\OneDrive\Desktop\PUP\node_modules\react-dom\cjs\react-dom-client.development.js:10522
runWithFiberInDEV @ C:\Users\USER\OneDrive\Desktop\PUP\node_modules\react-dom\cjs\react-dom-client.development.js:1519
performUnitOfWork @ C:\Users\USER\OneDrive\Desktop\PUP\node_modules\react-dom\cjs\react-dom-client.development.js:15132
workLoopConcurrentByScheduler @ C:\Users\USER\OneDrive\Desktop\PUP\node_modules\react-dom\cjs\react-dom-client.development.js:15126
renderRootConcurrent @ C:\Users\USER\OneDrive\Desktop\PUP\node_modules\react-dom\cjs\react-dom-client.development.js:15101
performWorkOnRoot @ C:\Users\USER\OneDrive\Desktop\PUP\node_modules\react-dom\cjs\react-dom-client.development.js:14418
performWorkOnRootViaSchedulerTask @ C:\Users\USER\OneDrive\Desktop\PUP\node_modules\react-dom\cjs\react-dom-client.development.js:16216
performWorkUntilDeadline @ C:\Users\USER\OneDrive\Desktop\PUP\node_modules\scheduler\cjs\scheduler.development.js:45
<SceneView>
exports.jsx @ C:\Users\USER\OneDrive\Desktop\PUP\node_modules\react\cjs\react-jsx-runtime.development.js:339
render @ C:\Users\USER\OneDrive\Desktop\PUP\node_modules\@react-navigation\core\lib\module\useDescriptors.js:108
(anonymous) @ C:\Users\USER\OneDrive\Desktop\PUP\node_modules\@react-navigation\core\lib\module\useDescriptors.js:140
useDescriptors @ C:\Users\USER\OneDrive\Desktop\PUP\node_modules\@react-navigation\core\lib\module\useDescriptors.js:137
useNavigationBuilder @ C:\Users\USER\OneDrive\Desktop\PUP\node_modules\@react-navigation\core\lib\module\useNavigationBuilder.js:562
Content @ C:\Users\USER\OneDrive\Desktop\PUP\node_modules\expo-router\build\ExpoRoot.js:161
react-stack-bottom-frame @ C:\Users\USER\OneDrive\Desktop\PUP\node_modules\react-dom\cjs\react-dom-client.development.js:23863
renderWithHooks @ C:\Users\USER\OneDrive\Desktop\PUP\node_modules\react-dom\cjs\react-dom-client.development.js:5529
updateFunctionComponent @ C:\Users\USER\OneDrive\Desktop\PUP\node_modules\react-dom\cjs\react-dom-client.development.js:8897
beginWork @ C:\Users\USER\OneDrive\Desktop\PUP\node_modules\react-dom\cjs\react-dom-client.development.js:10522
runWithFiberInDEV @ C:\Users\USER\OneDrive\Desktop\PUP\node_modules\react-dom\cjs\react-dom-client.development.js:1519
performUnitOfWork @ C:\Users\USER\OneDrive\Desktop\PUP\node_modules\react-dom\cjs\react-dom-client.development.js:15132
workLoopConcurrentByScheduler @ C:\Users\USER\OneDrive\Desktop\PUP\node_modules\react-dom\cjs\react-dom-client.development.js:15126
renderRootConcurrent @ C:\Users\USER\OneDrive\Desktop\PUP\node_modules\react-dom\cjs\react-dom-client.development.js:15101
performWorkOnRoot @ C:\Users\USER\OneDrive\Desktop\PUP\node_modules\react-dom\cjs\react-dom-client.development.js:14418
performWorkOnRootViaSchedulerTask @ C:\Users\USER\OneDrive\Desktop\PUP\node_modules\react-dom\cjs\react-dom-client.development.js:16216
performWorkUntilDeadline @ C:\Users\USER\OneDrive\Desktop\PUP\node_modules\scheduler\cjs\scheduler.development.js:45
<Content>
exports.jsxDEV @ C:\Users\USER\OneDrive\Desktop\PUP\node_modules\react\cjs\react-jsx-dev-runtime.development.js:346
ContextNavigator @ C:\Users\USER\OneDrive\Desktop\PUP\node_modules\expo-router\build\ExpoRoot.js:147
react-stack-bottom-frame @ C:\Users\USER\OneDrive\Desktop\PUP\node_modules\react-dom\cjs\react-dom-client.development.js:23863
renderWithHooks @ C:\Users\USER\OneDrive\Desktop\PUP\node_modules\react-dom\cjs\react-dom-client.development.js:5529
updateFunctionComponent @ C:\Users\USER\OneDrive\Desktop\PUP\node_modules\react-dom\cjs\react-dom-client.development.js:8897
beginWork @ C:\Users\USER\OneDrive\Desktop\PUP\node_modules\react-dom\cjs\react-dom-client.development.js:10522
runWithFiberInDEV @ C:\Users\USER\OneDrive\Desktop\PUP\node_modules\react-dom\cjs\react-dom-client.development.js:1519
performUnitOfWork @ C:\Users\USER\OneDrive\Desktop\PUP\node_modules\react-dom\cjs\react-dom-client.development.js:15132
workLoopConcurrentByScheduler @ C:\Users\USER\OneDrive\Desktop\PUP\node_modules\react-dom\cjs\react-dom-client.development.js:15126
renderRootConcurrent @ C:\Users\USER\OneDrive\Desktop\PUP\node_modules\react-dom\cjs\react-dom-client.development.js:15101
performWorkOnRoot @ C:\Users\USER\OneDrive\Desktop\PUP\node_modules\react-dom\cjs\react-dom-client.development.js:14418
performWorkOnRootViaSchedulerTask @ C:\Users\USER\OneDrive\Desktop\PUP\node_modules\react-dom\cjs\react-dom-client.development.js:16216
performWorkUntilDeadline @ C:\Users\USER\OneDrive\Desktop\PUP\node_modules\scheduler\cjs\scheduler.development.js:45
<ContextNavigator>
exports.jsxDEV @ C:\Users\USER\OneDrive\Desktop\PUP\node_modules\react\cjs\react-jsx-dev-runtime.development.js:346
ExpoRoot @ C:\Users\USER\OneDrive\Desktop\PUP\node_modules\expo-router\build\ExpoRoot.js:87
react-stack-bottom-frame @ C:\Users\USER\OneDrive\Desktop\PUP\node_modules\react-dom\cjs\react-dom-client.development.js:23863
renderWithHooks @ C:\Users\USER\OneDrive\Desktop\PUP\node_modules\react-dom\cjs\react-dom-client.development.js:5529
updateFunctionComponent @ C:\Users\USER\OneDrive\Desktop\PUP\node_modules\react-dom\cjs\react-dom-client.development.js:8897
beginWork @ C:\Users\USER\OneDrive\Desktop\PUP\node_modules\react-dom\cjs\react-dom-client.development.js:10522
runWithFiberInDEV @ C:\Users\USER\OneDrive\Desktop\PUP\node_modules\react-dom\cjs\react-dom-client.development.js:1519
performUnitOfWork @ C:\Users\USER\OneDrive\Desktop\PUP\node_modules\react-dom\cjs\react-dom-client.development.js:15132
workLoopConcurrentByScheduler @ C:\Users\USER\OneDrive\Desktop\PUP\node_modules\react-dom\cjs\react-dom-client.development.js:15126
renderRootConcurrent @ C:\Users\USER\OneDrive\Desktop\PUP\node_modules\react-dom\cjs\react-dom-client.development.js:15101
performWorkOnRoot @ C:\Users\USER\OneDrive\Desktop\PUP\node_modules\react-dom\cjs\react-dom-client.development.js:14418
performWorkOnRootViaSchedulerTask @ C:\Users\USER\OneDrive\Desktop\PUP\node_modules\react-dom\cjs\react-dom-client.development.js:16216
performWorkUntilDeadline @ C:\Users\USER\OneDrive\Desktop\PUP\node_modules\scheduler\cjs\scheduler.development.js:45
<ExpoRoot>
exports.jsxDEV @ C:\Users\USER\OneDrive\Desktop\PUP\node_modules\react\cjs\react-jsx-dev-runtime.development.js:346
App @ C:\Users\USER\OneDrive\Desktop\PUP\node_modules\expo-router\build\qualified-entry.js:21
react-stack-bottom-frame @ C:\Users\USER\OneDrive\Desktop\PUP\node_modules\react-dom\cjs\react-dom-client.development.js:23863
renderWithHooks @ C:\Users\USER\OneDrive\Desktop\PUP\node_modules\react-dom\cjs\react-dom-client.development.js:5529
updateFunctionComponent @ C:\Users\USER\OneDrive\Desktop\PUP\node_modules\react-dom\cjs\react-dom-client.development.js:8897
beginWork @ C:\Users\USER\OneDrive\Desktop\PUP\node_modules\react-dom\cjs\react-dom-client.development.js:10522
runWithFiberInDEV @ C:\Users\USER\OneDrive\Desktop\PUP\node_modules\react-dom\cjs\react-dom-client.development.js:1519
performUnitOfWork @ C:\Users\USER\OneDrive\Desktop\PUP\node_modules\react-dom\cjs\react-dom-client.development.js:15132
workLoopConcurrentByScheduler @ C:\Users\USER\OneDrive\Desktop\PUP\node_modules\react-dom\cjs\react-dom-client.development.js:15126
renderRootConcurrent @ C:\Users\USER\OneDrive\Desktop\PUP\node_modules\react-dom\cjs\react-dom-client.development.js:15101
performWorkOnRoot @ C:\Users\USER\OneDrive\Desktop\PUP\node_modules\react-dom\cjs\react-dom-client.development.js:14418
performWorkOnRootViaSchedulerTask @ C:\Users\USER\OneDrive\Desktop\PUP\node_modules\react-dom\cjs\react-dom-client.development.js:16216
performWorkUntilDeadline @ C:\Users\USER\OneDrive\Desktop\PUP\node_modules\scheduler\cjs\scheduler.development.js:45
<App>
exports.jsxDEV @ C:\Users\USER\OneDrive\Desktop\PUP\node_modules\react\cjs\react-jsx-dev-runtime.development.js:346
ErrorOverlay @ C:\Users\USER\OneDrive\Desktop\PUP\node_modules\@expo\metro-runtime\src\error-overlay\index.tsx:19
react-stack-bottom-frame @ C:\Users\USER\OneDrive\Desktop\PUP\node_modules\react-dom\cjs\react-dom-client.development.js:23863
renderWithHooks @ C:\Users\USER\OneDrive\Desktop\PUP\node_modules\react-dom\cjs\react-dom-client.development.js:5529
updateFunctionComponent @ C:\Users\USER\OneDrive\Desktop\PUP\node_modules\react-dom\cjs\react-dom-client.development.js:8897
beginWork @ C:\Users\USER\OneDrive\Desktop\PUP\node_modules\react-dom\cjs\react-dom-client.development.js:10522
runWithFiberInDEV @ C:\Users\USER\OneDrive\Desktop\PUP\node_modules\react-dom\cjs\react-dom-client.development.js:1519
performUnitOfWork @ C:\Users\USER\OneDrive\Desktop\PUP\node_modules\react-dom\cjs\react-dom-client.development.js:15132
workLoopConcurrentByScheduler @ C:\Users\USER\OneDrive\Desktop\PUP\node_modules\react-dom\cjs\react-dom-client.development.js:15126
renderRootConcurrent @ C:\Users\USER\OneDrive\Desktop\PUP\node_modules\react-dom\cjs\react-dom-client.development.js:15101
performWorkOnRoot @ C:\Users\USER\OneDrive\Desktop\PUP\node_modules\react-dom\cjs\react-dom-client.development.js:14418
performWorkOnRootViaSchedulerTask @ C:\Users\USER\OneDrive\Desktop\PUP\node_modules\react-dom\cjs\react-dom-client.development.js:16216
performWorkUntilDeadline @ C:\Users\USER\OneDrive\Desktop\PUP\node_modules\scheduler\cjs\scheduler.development.js:45
<ErrorOverlay>
exports.jsxDEV @ C:\Users\USER\OneDrive\Desktop\PUP\node_modules\react\cjs\react-jsx-dev-runtime.development.js:346
WithDevTools @ C:\Users\USER\OneDrive\Desktop\PUP\node_modules\expo\src\launch\withDevTools.web.tsx:11
react-stack-bottom-frame @ C:\Users\USER\OneDrive\Desktop\PUP\node_modules\react-dom\cjs\react-dom-client.development.js:23863
renderWithHooks @ C:\Users\USER\OneDrive\Desktop\PUP\node_modules\react-dom\cjs\react-dom-client.development.js:5529
updateFunctionComponent @ C:\Users\USER\OneDrive\Desktop\PUP\node_modules\react-dom\cjs\react-dom-client.development.js:8897
beginWork @ C:\Users\USER\OneDrive\Desktop\PUP\node_modules\react-dom\cjs\react-dom-client.development.js:10522
runWithFiberInDEV @ C:\Users\USER\OneDrive\Desktop\PUP\node_modules\react-dom\cjs\react-dom-client.development.js:1519
performUnitOfWork @ C:\Users\USER\OneDrive\Desktop\PUP\node_modules\react-dom\cjs\react-dom-client.development.js:15132
workLoopConcurrentByScheduler @ C:\Users\USER\OneDrive\Desktop\PUP\node_modules\react-dom\cjs\react-dom-client.development.js:15126
renderRootConcurrent @ C:\Users\USER\OneDrive\Desktop\PUP\node_modules\react-dom\cjs\react-dom-client.development.js:15101
performWorkOnRoot @ C:\Users\USER\OneDrive\Desktop\PUP\node_modules\react-dom\cjs\react-dom-client.development.js:14418
performWorkOnRootViaSchedulerTask @ C:\Users\USER\OneDrive\Desktop\PUP\node_modules\react-dom\cjs\react-dom-client.development.js:16216
performWorkUntilDeadline @ C:\Users\USER\OneDrive\Desktop\PUP\node_modules\scheduler\cjs\scheduler.development.js:45
<withDevTools(ErrorOverlay)>
exports.createElement @ C:\Users\USER\OneDrive\Desktop\PUP\node_modules\react\cjs\react.development.js:1033
renderApplication @ C:\Users\USER\OneDrive\Desktop\PUP\node_modules\react-native-web\dist\exports\AppRegistry\renderApplication.js:27
run @ C:\Users\USER\OneDrive\Desktop\PUP\node_modules\react-native-web\dist\exports\AppRegistry\index.js:36
runApplication @ C:\Users\USER\OneDrive\Desktop\PUP\node_modules\react-native-web\dist\exports\AppRegistry\index.js:74
registerRootComponent @ C:\Users\USER\OneDrive\Desktop\PUP\node_modules\expo\src\launch\registerRootComponent.tsx:58
(anonymous) @ C:\Users\USER\OneDrive\Desktop\PUP\node_modules\expo-router\build\renderRootComponent.js:88
exports.startTransition @ C:\Users\USER\OneDrive\Desktop\PUP\node_modules\react\cjs\react.development.js:1124
renderRootComponent @ C:\Users\USER\OneDrive\Desktop\PUP\node_modules\expo-router\build\renderRootComponent.js:85
(anonymous) @ C:\Users\USER\OneDrive\Desktop\PUP\node_modules\expo-router\entry-classic.js:10
loadModuleImplementation @ C:\Users\USER\OneDrive\Desktop\PUP\node_modules\expo\node_modules\@expo\cli\build\metro-require\require.js:248
guardedLoadModule @ C:\Users\USER\OneDrive\Desktop\PUP\node_modules\expo\node_modules\@expo\cli\build\metro-require\require.js:163
metroRequire @ C:\Users\USER\OneDrive\Desktop\PUP\node_modules\expo\node_modules\@expo\cli\build\metro-require\require.js:74
(anonymous) @ C:\Users\USER\OneDrive\Desktop\PUP\node_modules\expo-router\entry.js:3
loadModuleImplementation @ C:\Users\USER\OneDrive\Desktop\PUP\node_modules\expo\node_modules\@expo\cli\build\metro-require\require.js:248
guardedLoadModule @ C:\Users\USER\OneDrive\Desktop\PUP\node_modules\expo\node_modules\@expo\cli\build\metro-require\require.js:156
metroRequire @ C:\Users\USER\OneDrive\Desktop\PUP\node_modules\expo\node_modules\@expo\cli\build\metro-require\require.js:74
(anonymous) @ entry.bundle?platform=web&dev=true&hot=false&lazy=true&transform.routerRoot=app&transform.reactCompiler=true:196749
C:\Users\USER\OneDrive\Desktop\PUP\node_modules\@expo\metro-runtime\src\error-overlay\LogBox.web.ts:134 [REST] getCollection failed: The database (default) does not exist for project lasangpinoy-mobile Please visit https://console.cloud.google.com/datastore/setup?project=lasangpinoy-mobile to add a Cloud Datastore or Cloud Firestore database. 
registerError @ C:\Users\USER\OneDrive\Desktop\PUP\node_modules\@expo\metro-runtime\src\error-overlay\LogBox.web.ts:134
console.error @ C:\Users\USER\OneDrive\Desktop\PUP\node_modules\@expo\metro-runtime\src\error-overlay\LogBox.web.ts:59
getCollection @ C:\Users\USER\OneDrive\Desktop\PUP\lib\firestore-rest.ts:235
await in getCollection
getRegions @ C:\Users\USER\OneDrive\Desktop\PUP\lib\firebase.ts:525
fetchRegionsData @ C:\Users\USER\OneDrive\Desktop\PUP\app\(tabs)\index.tsx:67
(anonymous) @ C:\Users\USER\OneDrive\Desktop\PUP\app\(tabs)\index.tsx:48
react-stack-bottom-frame @ C:\Users\USER\OneDrive\Desktop\PUP\node_modules\react-dom\cjs\react-dom-client.development.js:23949
runWithFiberInDEV @ C:\Users\USER\OneDrive\Desktop\PUP\node_modules\react-dom\cjs\react-dom-client.development.js:1519
commitHookEffectListMount @ C:\Users\USER\OneDrive\Desktop\PUP\node_modules\react-dom\cjs\react-dom-client.development.js:11905
commitHookPassiveMountEffects @ C:\Users\USER\OneDrive\Desktop\PUP\node_modules\react-dom\cjs\react-dom-client.development.js:12026
reconnectPassiveEffects @ C:\Users\USER\OneDrive\Desktop\PUP\node_modules\react-dom\cjs\react-dom-client.development.js:14004
recursivelyTraverseReconnectPassiveEffects @ C:\Users\USER\OneDrive\Desktop\PUP\node_modules\react-dom\cjs\react-dom-client.development.js:13976
reconnectPassiveEffects @ C:\Users\USER\OneDrive\Desktop\PUP\node_modules\react-dom\cjs\react-dom-client.development.js:14024
recursivelyTraverseReconnectPassiveEffects @ C:\Users\USER\OneDrive\Desktop\PUP\node_modules\react-dom\cjs\react-dom-client.development.js:13976
reconnectPassiveEffects @ C:\Users\USER\OneDrive\Desktop\PUP\node_modules\react-dom\cjs\react-dom-client.development.js:14051
recursivelyTraverseReconnectPassiveEffects @ C:\Users\USER\OneDrive\Desktop\PUP\node_modules\react-dom\cjs\react-dom-client.development.js:13976
reconnectPassiveEffects @ C:\Users\USER\OneDrive\Desktop\PUP\node_modules\react-dom\cjs\react-dom-client.development.js:14051
recursivelyTraverseReconnectPassiveEffects @ C:\Users\USER\OneDrive\Desktop\PUP\node_modules\react-dom\cjs\react-dom-client.development.js:13976
reconnectPassiveEffects @ C:\Users\USER\OneDrive\Desktop\PUP\node_modules\react-dom\cjs\react-dom-client.development.js:14051
recursivelyTraverseReconnectPassiveEffects @ C:\Users\USER\OneDrive\Desktop\PUP\node_modules\react-dom\cjs\react-dom-client.development.js:13976
reconnectPassiveEffects @ C:\Users\USER\OneDrive\Desktop\PUP\node_modules\react-dom\cjs\react-dom-client.development.js:13997
recursivelyTraverseReconnectPassiveEffects @ C:\Users\USER\OneDrive\Desktop\PUP\node_modules\react-dom\cjs\react-dom-client.development.js:13976
reconnectPassiveEffects @ C:\Users\USER\OneDrive\Desktop\PUP\node_modules\react-dom\cjs\react-dom-client.development.js:13997
recursivelyTraverseReconnectPassiveEffects @ C:\Users\USER\OneDrive\Desktop\PUP\node_modules\react-dom\cjs\react-dom-client.development.js:13976
reconnectPassiveEffects @ C:\Users\USER\OneDrive\Desktop\PUP\node_modules\react-dom\cjs\react-dom-client.development.js:13997
recursivelyTraverseReconnectPassiveEffects @ C:\Users\USER\OneDrive\Desktop\PUP\node_modules\react-dom\cjs\react-dom-client.development.js:13976
reconnectPassiveEffects @ C:\Users\USER\OneDrive\Desktop\PUP\node_modules\react-dom\cjs\react-dom-client.development.js:14051
recursivelyTraverseReconnectPassiveEffects @ C:\Users\USER\OneDrive\Desktop\PUP\node_modules\react-dom\cjs\react-dom-client.development.js:13976
reconnectPassiveEffects @ C:\Users\USER\OneDrive\Desktop\PUP\node_modules\react-dom\cjs\react-dom-client.development.js:14051
recursivelyTraverseReconnectPassiveEffects @ C:\Users\USER\OneDrive\Desktop\PUP\node_modules\react-dom\cjs\react-dom-client.development.js:13976
reconnectPassiveEffects @ C:\Users\USER\OneDrive\Desktop\PUP\node_modules\react-dom\cjs\react-dom-client.development.js:13997
recursivelyTraverseReconnectPassiveEffects @ C:\Users\USER\OneDrive\Desktop\PUP\node_modules\react-dom\cjs\react-dom-client.development.js:13976
reconnectPassiveEffects @ C:\Users\USER\OneDrive\Desktop\PUP\node_modules\react-dom\cjs\react-dom-client.development.js:14051
recursivelyTraverseReconnectPassiveEffects @ C:\Users\USER\OneDrive\Desktop\PUP\node_modules\react-dom\cjs\react-dom-client.development.js:13976
reconnectPassiveEffects @ C:\Users\USER\OneDrive\Desktop\PUP\node_modules\react-dom\cjs\react-dom-client.development.js:14051
recursivelyTraverseReconnectPassiveEffects @ C:\Users\USER\OneDrive\Desktop\PUP\node_modules\react-dom\cjs\react-dom-client.development.js:13976
reconnectPassiveEffects @ C:\Users\USER\OneDrive\Desktop\PUP\node_modules\react-dom\cjs\react-dom-client.development.js:14051
recursivelyTraverseReconnectPassiveEffects @ C:\Users\USER\OneDrive\Desktop\PUP\node_modules\react-dom\cjs\react-dom-client.development.js:13976
reconnectPassiveEffects @ C:\Users\USER\OneDrive\Desktop\PUP\node_modules\react-dom\cjs\react-dom-client.development.js:13997
recursivelyTraverseReconnectPassiveEffects @ C:\Users\USER\OneDrive\Desktop\PUP\node_modules\react-dom\cjs\react-dom-client.development.js:13976
reconnectPassiveEffects @ C:\Users\USER\OneDrive\Desktop\PUP\node_modules\react-dom\cjs\react-dom-client.development.js:14051
recursivelyTraverseReconnectPassiveEffects @ C:\Users\USER\OneDrive\Desktop\PUP\node_modules\react-dom\cjs\react-dom-client.development.js:13976
reconnectPassiveEffects @ C:\Users\USER\OneDrive\Desktop\PUP\node_modules\react-dom\cjs\react-dom-client.development.js:14051
recursivelyTraverseReconnectPassiveEffects @ C:\Users\USER\OneDrive\Desktop\PUP\node_modules\react-dom\cjs\react-dom-client.development.js:13976
reconnectPassiveEffects @ C:\Users\USER\OneDrive\Desktop\PUP\node_modules\react-dom\cjs\react-dom-client.development.js:14051
recursivelyTraverseReconnectPassiveEffects @ C:\Users\USER\OneDrive\Desktop\PUP\node_modules\react-dom\cjs\react-dom-client.development.js:13976
reconnectPassiveEffects @ C:\Users\USER\OneDrive\Desktop\PUP\node_modules\react-dom\cjs\react-dom-client.development.js:13997
recursivelyTraverseReconnectPassiveEffects @ C:\Users\USER\OneDrive\Desktop\PUP\node_modules\react-dom\cjs\react-dom-client.development.js:13976
reconnectPassiveEffects @ C:\Users\USER\OneDrive\Desktop\PUP\node_modules\react-dom\cjs\react-dom-client.development.js:14051
recursivelyTraverseReconnectPassiveEffects @ C:\Users\USER\OneDrive\Desktop\PUP\node_modules\react-dom\cjs\react-dom-client.development.js:13976
reconnectPassiveEffects @ C:\Users\USER\OneDrive\Desktop\PUP\node_modules\react-dom\cjs\react-dom-client.development.js:14051
recursivelyTraverseReconnectPassiveEffects @ C:\Users\USER\OneDrive\Desktop\PUP\node_modules\react-dom\cjs\react-dom-client.development.js:13976
reconnectPassiveEffects @ C:\Users\USER\OneDrive\Desktop\PUP\node_modules\react-dom\cjs\react-dom-client.development.js:14051
recursivelyTraverseReconnectPassiveEffects @ C:\Users\USER\OneDrive\Desktop\PUP\node_modules\react-dom\cjs\react-dom-client.development.js:13976
reconnectPassiveEffects @ C:\Users\USER\OneDrive\Desktop\PUP\node_modules\react-dom\cjs\react-dom-client.development.js:14051
recursivelyTraverseReconnectPassiveEffects @ C:\Users\USER\OneDrive\Desktop\PUP\node_modules\react-dom\cjs\react-dom-client.development.js:13976
reconnectPassiveEffects @ C:\Users\USER\OneDrive\Desktop\PUP\node_modules\react-dom\cjs\react-dom-client.development.js:13997
recursivelyTraverseReconnectPassiveEffects @ C:\Users\USER\OneDrive\Desktop\PUP\node_modules\react-dom\cjs\react-dom-client.development.js:13976
reconnectPassiveEffects @ C:\Users\USER\OneDrive\Desktop\PUP\node_modules\react-dom\cjs\react-dom-client.development.js:14051
recursivelyTraverseReconnectPassiveEffects @ C:\Users\USER\OneDrive\Desktop\PUP\node_modules\react-dom\cjs\react-dom-client.development.js:13976
reconnectPassiveEffects @ C:\Users\USER\OneDrive\Desktop\PUP\node_modules\react-dom\cjs\react-dom-client.development.js:13997
recursivelyTraverseReconnectPassiveEffects @ C:\Users\USER\OneDrive\Desktop\PUP\node_modules\react-dom\cjs\react-dom-client.development.js:13976
reconnectPassiveEffects @ C:\Users\USER\OneDrive\Desktop\PUP\node_modules\react-dom\cjs\react-dom-client.development.js:13997
recursivelyTraverseReconnectPassiveEffects @ C:\Users\USER\OneDrive\Desktop\PUP\node_modules\react-dom\cjs\react-dom-client.development.js:13976
reconnectPassiveEffects @ C:\Users\USER\OneDrive\Desktop\PUP\node_modules\react-dom\cjs\react-dom-client.development.js:13997
recursivelyTraverseReconnectPassiveEffects @ C:\Users\USER\OneDrive\Desktop\PUP\node_modules\react-dom\cjs\react-dom-client.development.js:13976
reconnectPassiveEffects @ C:\Users\USER\OneDrive\Desktop\PUP\node_modules\react-dom\cjs\react-dom-client.development.js:13997
recursivelyTraverseReconnectPassiveEffects @ C:\Users\USER\OneDrive\Desktop\PUP\node_modules\react-dom\cjs\react-dom-client.development.js:13976
reconnectPassiveEffects @ C:\Users\USER\OneDrive\Desktop\PUP\node_modules\react-dom\cjs\react-dom-client.development.js:14051
recursivelyTraverseReconnectPassiveEffects @ C:\Users\USER\OneDrive\Desktop\PUP\node_modules\react-dom\cjs\react-dom-client.development.js:13976
reconnectPassiveEffects @ C:\Users\USER\OneDrive\Desktop\PUP\node_modules\react-dom\cjs\react-dom-client.development.js:14051
recursivelyTraverseReconnectPassiveEffects @ C:\Users\USER\OneDrive\Desktop\PUP\node_modules\react-dom\cjs\react-dom-client.development.js:13976
reconnectPassiveEffects @ C:\Users\USER\OneDrive\Desktop\PUP\node_modules\react-dom\cjs\react-dom-client.development.js:13997
recursivelyTraverseReconnectPassiveEffects @ C:\Users\USER\OneDrive\Desktop\PUP\node_modules\react-dom\cjs\react-dom-client.development.js:13976
reconnectPassiveEffects @ C:\Users\USER\OneDrive\Desktop\PUP\node_modules\react-dom\cjs\react-dom-client.development.js:13997
recursivelyTraverseReconnectPassiveEffects @ C:\Users\USER\OneDrive\Desktop\PUP\node_modules\react-dom\cjs\react-dom-client.development.js:13976
reconnectPassiveEffects @ C:\Users\USER\OneDrive\Desktop\PUP\node_modules\react-dom\cjs\react-dom-client.development.js:14051
recursivelyTraverseReconnectPassiveEffects @ C:\Users\USER\OneDrive\Desktop\PUP\node_modules\react-dom\cjs\react-dom-client.development.js:13976
reconnectPassiveEffects @ C:\Users\USER\OneDrive\Desktop\PUP\node_modules\react-dom\cjs\react-dom-client.development.js:13997
recursivelyTraverseReconnectPassiveEffects @ C:\Users\USER\OneDrive\Desktop\PUP\node_modules\react-dom\cjs\react-dom-client.development.js:13976
reconnectPassiveEffects @ C:\Users\USER\OneDrive\Desktop\PUP\node_modules\react-dom\cjs\react-dom-client.development.js:13997
recursivelyTraverseReconnectPassiveEffects @ C:\Users\USER\OneDrive\Desktop\PUP\node_modules\react-dom\cjs\react-dom-client.development.js:13976
reconnectPassiveEffects @ C:\Users\USER\OneDrive\Desktop\PUP\node_modules\react-dom\cjs\react-dom-client.development.js:14051
recursivelyTraverseReconnectPassiveEffects @ C:\Users\USER\OneDrive\Desktop\PUP\node_modules\react-dom\cjs\react-dom-client.development.js:13976
reconnectPassiveEffects @ C:\Users\USER\OneDrive\Desktop\PUP\node_modules\react-dom\cjs\react-dom-client.development.js:13997
recursivelyTraverseReconnectPassiveEffects @ C:\Users\USER\OneDrive\Desktop\PUP\node_modules\react-dom\cjs\react-dom-client.development.js:13976
reconnectPassiveEffects @ C:\Users\USER\OneDrive\Desktop\PUP\node_modules\react-dom\cjs\react-dom-client.development.js:14051
recursivelyTraverseReconnectPassiveEffects @ C:\Users\USER\OneDrive\Desktop\PUP\node_modules\react-dom\cjs\react-dom-client.development.js:13976
reconnectPassiveEffects @ C:\Users\USER\OneDrive\Desktop\PUP\node_modules\react-dom\cjs\react-dom-client.development.js:13997
recursivelyTraverseReconnectPassiveEffects @ C:\Users\USER\OneDrive\Desktop\PUP\node_modules\react-dom\cjs\react-dom-client.development.js:13976
reconnectPassiveEffects @ C:\Users\USER\OneDrive\Desktop\PUP\node_modules\react-dom\cjs\react-dom-client.development.js:13997
recursivelyTraverseReconnectPassiveEffects @ C:\Users\USER\OneDrive\Desktop\PUP\node_modules\react-dom\cjs\react-dom-client.development.js:13976
reconnectPassiveEffects @ C:\Users\USER\OneDrive\Desktop\PUP\node_modules\react-dom\cjs\react-dom-client.development.js:13997
recursivelyTraverseReconnectPassiveEffects @ C:\Users\USER\OneDrive\Desktop\PUP\node_modules\react-dom\cjs\react-dom-client.development.js:13976
reconnectPassiveEffects @ C:\Users\USER\OneDrive\Desktop\PUP\node_modules\react-dom\cjs\react-dom-client.development.js:14051
recursivelyTraverseReconnectPassiveEffects @ C:\Users\USER\OneDrive\Desktop\PUP\node_modules\react-dom\cjs\react-dom-client.development.js:13976
reconnectPassiveEffects @ C:\Users\USER\OneDrive\Desktop\PUP\node_modules\react-dom\cjs\react-dom-client.development.js:13997
recursivelyTraverseReconnectPassiveEffects @ C:\Users\USER\OneDrive\Desktop\PUP\node_modules\react-dom\cjs\react-dom-client.development.js:13976
reconnectPassiveEffects @ C:\Users\USER\OneDrive\Desktop\PUP\node_modules\react-dom\cjs\react-dom-client.development.js:14051
recursivelyTraverseReconnectPassiveEffects @ C:\Users\USER\OneDrive\Desktop\PUP\node_modules\react-dom\cjs\react-dom-client.development.js:13976
reconnectPassiveEffects @ C:\Users\USER\OneDrive\Desktop\PUP\node_modules\react-dom\cjs\react-dom-client.development.js:14051
recursivelyTraverseReconnectPassiveEffects @ C:\Users\USER\OneDrive\Desktop\PUP\node_modules\react-dom\cjs\react-dom-client.development.js:13976
reconnectPassiveEffects @ C:\Users\USER\OneDrive\Desktop\PUP\node_modules\react-dom\cjs\react-dom-client.development.js:13997
recursivelyTraverseReconnectPassiveEffects @ C:\Users\USER\OneDrive\Desktop\PUP\node_modules\react-dom\cjs\react-dom-client.development.js:13976
reconnectPassiveEffects @ C:\Users\USER\OneDrive\Desktop\PUP\node_modules\react-dom\cjs\react-dom-client.development.js:14051
recursivelyTraverseReconnectPassiveEffects @ C:\Users\USER\OneDrive\Desktop\PUP\node_modules\react-dom\cjs\react-dom-client.development.js:13976
reconnectPassiveEffects @ C:\Users\USER\OneDrive\Desktop\PUP\node_modules\react-dom\cjs\react-dom-client.development.js:14051
recursivelyTraverseReconnectPassiveEffects @ C:\Users\USER\OneDrive\Desktop\PUP\node_modules\react-dom\cjs\react-dom-client.development.js:13976
reconnectPassiveEffects @ C:\Users\USER\OneDrive\Desktop\PUP\node_modules\react-dom\cjs\react-dom-client.development.js:13997
recursivelyTraverseReconnectPassiveEffects @ C:\Users\USER\OneDrive\Desktop\PUP\node_modules\react-dom\cjs\react-dom-client.development.js:13976
reconnectPassiveEffects @ C:\Users\USER\OneDrive\Desktop\PUP\node_modules\react-dom\cjs\react-dom-client.development.js:13997
recursivelyTraverseReconnectPassiveEffects @ C:\Users\USER\OneDrive\Desktop\PUP\node_modules\react-dom\cjs\react-dom-client.development.js:13976
reconnectPassiveEffects @ C:\Users\USER\OneDrive\Desktop\PUP\node_modules\react-dom\cjs\react-dom-client.development.js:13997
recursivelyTraverseReconnectPassiveEffects @ C:\Users\USER\OneDrive\Desktop\PUP\node_modules\react-dom\cjs\react-dom-client.development.js:13976
reconnectPassiveEffects @ C:\Users\USER\OneDrive\Desktop\PUP\node_modules\react-dom\cjs\react-dom-client.development.js:13997
recursivelyTraverseReconnectPassiveEffects @ C:\Users\USER\OneDrive\Desktop\PUP\node_modules\react-dom\cjs\react-dom-client.development.js:13976
reconnectPassiveEffects @ C:\Users\USER\OneDrive\Desktop\PUP\node_modules\react-dom\cjs\react-dom-client.development.js:13997
recursivelyTraverseReconnectPassiveEffects @ C:\Users\USER\OneDrive\Desktop\PUP\node_modules\react-dom\cjs\react-dom-client.development.js:13976
reconnectPassiveEffects @ C:\Users\USER\OneDrive\Desktop\PUP\node_modules\react-dom\cjs\react-dom-client.development.js:13997
recursivelyTraverseReconnectPassiveEffects @ C:\Users\USER\OneDrive\Desktop\PUP\node_modules\react-dom\cjs\react-dom-client.development.js:13976
commitPassiveMountOnFiber @ C:\Users\USER\OneDrive\Desktop\PUP\node_modules\react-dom\cjs\react-dom-client.development.js:13936
recursivelyTraversePassiveMountEffects @ C:\Users\USER\OneDrive\Desktop\PUP\node_modules\react-dom\cjs\react-dom-client.development.js:13815
commitPassiveMountOnFiber @ C:\Users\USER\OneDrive\Desktop\PUP\node_modules\react-dom\cjs\react-dom-client.development.js:13903
recursivelyTraversePassiveMountEffects @ C:\Users\USER\OneDrive\Desktop\PUP\node_modules\react-dom\cjs\react-dom-client.development.js:13815
commitPassiveMountOnFiber @ C:\Users\USER\OneDrive\Desktop\PUP\node_modules\react-dom\cjs\react-dom-client.development.js:13957
recursivelyTraversePassiveMountEffects @ C:\Users\USER\OneDrive\Desktop\PUP\node_modules\react-dom\cjs\react-dom-client.development.js:13815
commitPassiveMountOnFiber @ C:\Users\USER\OneDrive\Desktop\PUP\node_modules\react-dom\cjs\react-dom-client.development.js:13957
recursivelyTraversePassiveMountEffects @ C:\Users\USER\OneDrive\Desktop\PUP\node_modules\react-dom\cjs\react-dom-client.development.js:13815
commitPassiveMountOnFiber @ C:\Users\USER\OneDrive\Desktop\PUP\node_modules\react-dom\cjs\react-dom-client.development.js:13834
recursivelyTraversePassiveMountEffects @ C:\Users\USER\OneDrive\Desktop\PUP\node_modules\react-dom\cjs\react-dom-client.development.js:13815
commitPassiveMountOnFiber @ C:\Users\USER\OneDrive\Desktop\PUP\node_modules\react-dom\cjs\react-dom-client.development.js:13834
recursivelyTraversePassiveMountEffects @ C:\Users\USER\OneDrive\Desktop\PUP\node_modules\react-dom\cjs\react-dom-client.development.js:13815
commitPassiveMountOnFiber @ C:\Users\USER\OneDrive\Desktop\PUP\node_modules\react-dom\cjs\react-dom-client.development.js:13834
recursivelyTraversePassiveMountEffects @ C:\Users\USER\OneDrive\Desktop\PUP\node_modules\react-dom\cjs\react-dom-client.development.js:13815
commitPassiveMountOnFiber @ C:\Users\USER\OneDrive\Desktop\PUP\node_modules\react-dom\cjs\react-dom-client.development.js:13957
recursivelyTraversePassiveMountEffects @ C:\Users\USER\OneDrive\Desktop\PUP\node_modules\react-dom\cjs\react-dom-client.development.js:13815
commitPassiveMountOnFiber @ C:\Users\USER\OneDrive\Desktop\PUP\node_modules\react-dom\cjs\react-dom-client.development.js:13957
recursivelyTraversePassiveMountEffects @ C:\Users\USER\OneDrive\Desktop\PUP\node_modules\react-dom\cjs\react-dom-client.development.js:13815
commitPassiveMountOnFiber @ C:\Users\USER\OneDrive\Desktop\PUP\node_modules\react-dom\cjs\react-dom-client.development.js:13834
recursivelyTraversePassiveMountEffects @ C:\Users\USER\OneDrive\Desktop\PUP\node_modules\react-dom\cjs\react-dom-client.development.js:13815
commitPassiveMountOnFiber @ C:\Users\USER\OneDrive\Desktop\PUP\node_modules\react-dom\cjs\react-dom-client.development.js:13957
recursivelyTraversePassiveMountEffects @ C:\Users\USER\OneDrive\Desktop\PUP\node_modules\react-dom\cjs\react-dom-client.development.js:13815
commitPassiveMountOnFiber @ C:\Users\USER\OneDrive\Desktop\PUP\node_modules\react-dom\cjs\react-dom-client.development.js:13957
recursivelyTraversePassiveMountEffects @ C:\Users\USER\OneDrive\Desktop\PUP\node_modules\react-dom\cjs\react-dom-client.development.js:13815
commitPassiveMountOnFiber @ C:\Users\USER\OneDrive\Desktop\PUP\node_modules\react-dom\cjs\react-dom-client.development.js:13957
recursivelyTraversePassiveMountEffects @ C:\Users\USER\OneDrive\Desktop\PUP\node_modules\react-dom\cjs\react-dom-client.development.js:13815
commitPassiveMountOnFiber @ C:\Users\USER\OneDrive\Desktop\PUP\node_modules\react-dom\cjs\react-dom-client.development.js:13834
recursivelyTraversePassiveMountEffects @ C:\Users\USER\OneDrive\Desktop\PUP\node_modules\react-dom\cjs\react-dom-client.development.js:13815
commitPassiveMountOnFiber @ C:\Users\USER\OneDrive\Desktop\PUP\node_modules\react-dom\cjs\react-dom-client.development.js:13957
recursivelyTraversePassiveMountEffects @ C:\Users\USER\OneDrive\Desktop\PUP\node_modules\react-dom\cjs\react-dom-client.development.js:13815
commitPassiveMountOnFiber @ C:\Users\USER\OneDrive\Desktop\PUP\node_modules\react-dom\cjs\react-dom-client.development.js:13957
recursivelyTraversePassiveMountEffects @ C:\Users\USER\OneDrive\Desktop\PUP\node_modules\react-dom\cjs\react-dom-client.development.js:13815
commitPassiveMountOnFiber @ C:\Users\USER\OneDrive\Desktop\PUP\node_modules\react-dom\cjs\react-dom-client.development.js:13957
recursivelyTraversePassiveMountEffects @ C:\Users\USER\OneDrive\Desktop\PUP\node_modules\react-dom\cjs\react-dom-client.development.js:13815
commitPassiveMountOnFiber @ C:\Users\USER\OneDrive\Desktop\PUP\node_modules\react-dom\cjs\react-dom-client.development.js:13834
recursivelyTraversePassiveMountEffects @ C:\Users\USER\OneDrive\Desktop\PUP\node_modules\react-dom\cjs\react-dom-client.development.js:13815
commitPassiveMountOnFiber @ C:\Users\USER\OneDrive\Desktop\PUP\node_modules\react-dom\cjs\react-dom-client.development.js:13957
recursivelyTraversePassiveMountEffects @ C:\Users\USER\OneDrive\Desktop\PUP\node_modules\react-dom\cjs\react-dom-client.development.js:13815
commitPassiveMountOnFiber @ C:\Users\USER\OneDrive\Desktop\PUP\node_modules\react-dom\cjs\react-dom-client.development.js:13957
recursivelyTraversePassiveMountEffects @ C:\Users\USER\OneDrive\Desktop\PUP\node_modules\react-dom\cjs\react-dom-client.development.js:13815
commitPassiveMountOnFiber @ C:\Users\USER\OneDrive\Desktop\PUP\node_modules\react-dom\cjs\react-dom-client.development.js:13834
recursivelyTraversePassiveMountEffects @ C:\Users\USER\OneDrive\Desktop\PUP\node_modules\react-dom\cjs\react-dom-client.development.js:13815
commitPassiveMountOnFiber @ C:\Users\USER\OneDrive\Desktop\PUP\node_modules\react-dom\cjs\react-dom-client.development.js:13957
recursivelyTraversePassiveMountEffects @ C:\Users\USER\OneDrive\Desktop\PUP\node_modules\react-dom\cjs\react-dom-client.development.js:13815
commitPassiveMountOnFiber @ C:\Users\USER\OneDrive\Desktop\PUP\node_modules\react-dom\cjs\react-dom-client.development.js:13957
recursivelyTraversePassiveMountEffects @ C:\Users\USER\OneDrive\Desktop\PUP\node_modules\react-dom\cjs\react-dom-client.development.js:13815
commitPassiveMountOnFiber @ C:\Users\USER\OneDrive\Desktop\PUP\node_modules\react-dom\cjs\react-dom-client.development.js:13834
recursivelyTraversePassiveMountEffects @ C:\Users\USER\OneDrive\Desktop\PUP\node_modules\react-dom\cjs\react-dom-client.development.js:13815
commitPassiveMountOnFiber @ C:\Users\USER\OneDrive\Desktop\PUP\node_modules\react-dom\cjs\react-dom-client.development.js:13957
recursivelyTraversePassiveMountEffects @ C:\Users\USER\OneDrive\Desktop\PUP\node_modules\react-dom\cjs\react-dom-client.development.js:13815
commitPassiveMountOnFiber @ C:\Users\USER\OneDrive\Desktop\PUP\node_modules\react-dom\cjs\react-dom-client.development.js:13957
recursivelyTraversePassiveMountEffects @ C:\Users\USER\OneDrive\Desktop\PUP\node_modules\react-dom\cjs\react-dom-client.development.js:13815
commitPassiveMountOnFiber @ C:\Users\USER\OneDrive\Desktop\PUP\node_modules\react-dom\cjs\react-dom-client.development.js:13834
recursivelyTraversePassiveMountEffects @ C:\Users\USER\OneDrive\Desktop\PUP\node_modules\react-dom\cjs\react-dom-client.development.js:13815
commitPassiveMountOnFiber @ C:\Users\USER\OneDrive\Desktop\PUP\node_modules\react-dom\cjs\react-dom-client.development.js:13834
recursivelyTraversePassiveMountEffects @ C:\Users\USER\OneDrive\Desktop\PUP\node_modules\react-dom\cjs\react-dom-client.development.js:13815
commitPassiveMountOnFiber @ C:\Users\USER\OneDrive\Desktop\PUP\node_modules\react-dom\cjs\react-dom-client.development.js:13834
recursivelyTraversePassiveMountEffects @ C:\Users\USER\OneDrive\Desktop\PUP\node_modules\react-dom\cjs\react-dom-client.development.js:13815
commitPassiveMountOnFiber @ C:\Users\USER\OneDrive\Desktop\PUP\node_modules\react-dom\cjs\react-dom-client.development.js:13834
recursivelyTraversePassiveMountEffects @ C:\Users\USER\OneDrive\Desktop\PUP\node_modules\react-dom\cjs\react-dom-client.development.js:13815
commitPassiveMountOnFiber @ C:\Users\USER\OneDrive\Desktop\PUP\node_modules\react-dom\cjs\react-dom-client.development.js:13957
recursivelyTraversePassiveMountEffects @ C:\Users\USER\OneDrive\Desktop\PUP\node_modules\react-dom\cjs\react-dom-client.development.js:13815
commitPassiveMountOnFiber @ C:\Users\USER\OneDrive\Desktop\PUP\node_modules\react-dom\cjs\react-dom-client.development.js:13834
recursivelyTraversePassiveMountEffects @ C:\Users\USER\OneDrive\Desktop\PUP\node_modules\react-dom\cjs\react-dom-client.development.js:13815
commitPassiveMountOnFiber @ C:\Users\USER\OneDrive\Desktop\PUP\node_modules\react-dom\cjs\react-dom-client.development.js:13834
recursivelyTraversePassiveMountEffects @ C:\Users\USER\OneDrive\Desktop\PUP\node_modules\react-dom\cjs\react-dom-client.development.js:13815
commitPassiveMountOnFiber @ C:\Users\USER\OneDrive\Desktop\PUP\node_modules\react-dom\cjs\react-dom-client.development.js:13928
recursivelyTraversePassiveMountEffects @ C:\Users\USER\OneDrive\Desktop\PUP\node_modules\react-dom\cjs\react-dom-client.development.js:13815
commitPassiveMountOnFiber @ C:\Users\USER\OneDrive\Desktop\PUP\node_modules\react-dom\cjs\react-dom-client.development.js:13903
recursivelyTraversePassiveMountEffects @ C:\Users\USER\OneDrive\Desktop\PUP\node_modules\react-dom\cjs\react-dom-client.development.js:13815
commitPassiveMountOnFiber @ C:\Users\USER\OneDrive\Desktop\PUP\node_modules\react-dom\cjs\react-dom-client.development.js:13957
recursivelyTraversePassiveMountEffects @ C:\Users\USER\OneDrive\Desktop\PUP\node_modules\react-dom\cjs\react-dom-client.development.js:13815
commitPassiveMountOnFiber @ C:\Users\USER\OneDrive\Desktop\PUP\node_modules\react-dom\cjs\react-dom-client.development.js:13957
recursivelyTraversePassiveMountEffects @ C:\Users\USER\OneDrive\Desktop\PUP\node_modules\react-dom\cjs\react-dom-client.development.js:13815
commitPassiveMountOnFiber @ C:\Users\USER\OneDrive\Desktop\PUP\node_modules\react-dom\cjs\react-dom-client.development.js:13834
recursivelyTraversePassiveMountEffects @ C:\Users\USER\OneDrive\Desktop\PUP\node_modules\react-dom\cjs\react-dom-client.development.js:13815
commitPassiveMountOnFiber @ C:\Users\USER\OneDrive\Desktop\PUP\node_modules\react-dom\cjs\react-dom-client.development.js:13834
recursivelyTraversePassiveMountEffects @ C:\Users\USER\OneDrive\Desktop\PUP\node_modules\react-dom\cjs\react-dom-client.development.js:13815
commitPassiveMountOnFiber @ C:\Users\USER\OneDrive\Desktop\PUP\node_modules\react-dom\cjs\react-dom-client.development.js:13834
recursivelyTraversePassiveMountEffects @ C:\Users\USER\OneDrive\Desktop\PUP\node_modules\react-dom\cjs\react-dom-client.development.js:13815
commitPassiveMountOnFiber @ C:\Users\USER\OneDrive\Desktop\PUP\node_modules\react-dom\cjs\react-dom-client.development.js:13957
recursivelyTraversePassiveMountEffects @ C:\Users\USER\OneDrive\Desktop\PUP\node_modules\react-dom\cjs\react-dom-client.development.js:13815
<HomeScreen(./(tabs)/index.tsx)>
exports.jsxDEV @ C:\Users\USER\OneDrive\Desktop\PUP\node_modules\react\cjs\react-jsx-dev-runtime.development.js:346
BaseRoute @ C:\Users\USER\OneDrive\Desktop\PUP\node_modules\expo-router\build\useScreens.js:213
react-stack-bottom-frame @ C:\Users\USER\OneDrive\Desktop\PUP\node_modules\react-dom\cjs\react-dom-client.development.js:23863
renderWithHooks @ C:\Users\USER\OneDrive\Desktop\PUP\node_modules\react-dom\cjs\react-dom-client.development.js:5529
updateFunctionComponent @ C:\Users\USER\OneDrive\Desktop\PUP\node_modules\react-dom\cjs\react-dom-client.development.js:8897
beginWork @ C:\Users\USER\OneDrive\Desktop\PUP\node_modules\react-dom\cjs\react-dom-client.development.js:10522
runWithFiberInDEV @ C:\Users\USER\OneDrive\Desktop\PUP\node_modules\react-dom\cjs\react-dom-client.development.js:1519
performUnitOfWork @ C:\Users\USER\OneDrive\Desktop\PUP\node_modules\react-dom\cjs\react-dom-client.development.js:15132
workLoopSync @ C:\Users\USER\OneDrive\Desktop\PUP\node_modules\react-dom\cjs\react-dom-client.development.js:14956
renderRootSync @ C:\Users\USER\OneDrive\Desktop\PUP\node_modules\react-dom\cjs\react-dom-client.development.js:14936
performWorkOnRoot @ C:\Users\USER\OneDrive\Desktop\PUP\node_modules\react-dom\cjs\react-dom-client.development.js:14419
performSyncWorkOnRoot @ C:\Users\USER\OneDrive\Desktop\PUP\node_modules\react-dom\cjs\react-dom-client.development.js:16231
flushSyncWorkAcrossRoots_impl @ C:\Users\USER\OneDrive\Desktop\PUP\node_modules\react-dom\cjs\react-dom-client.development.js:16079
flushPassiveEffects @ C:\Users\USER\OneDrive\Desktop\PUP\node_modules\react-dom\cjs\react-dom-client.development.js:15749
(anonymous) @ C:\Users\USER\OneDrive\Desktop\PUP\node_modules\react-dom\cjs\react-dom-client.development.js:15379
performWorkUntilDeadline @ C:\Users\USER\OneDrive\Desktop\PUP\node_modules\scheduler\cjs\scheduler.development.js:45
<Route(index)>
exports.jsx @ C:\Users\USER\OneDrive\Desktop\PUP\node_modules\react\cjs\react-jsx-runtime.development.js:339
SceneView @ C:\Users\USER\OneDrive\Desktop\PUP\node_modules\@react-navigation\core\lib\module\SceneView.js:125
react-stack-bottom-frame @ C:\Users\USER\OneDrive\Desktop\PUP\node_modules\react-dom\cjs\react-dom-client.development.js:23863
renderWithHooks @ C:\Users\USER\OneDrive\Desktop\PUP\node_modules\react-dom\cjs\react-dom-client.development.js:5529
updateFunctionComponent @ C:\Users\USER\OneDrive\Desktop\PUP\node_modules\react-dom\cjs\react-dom-client.development.js:8897
beginWork @ C:\Users\USER\OneDrive\Desktop\PUP\node_modules\react-dom\cjs\react-dom-client.development.js:10522
runWithFiberInDEV @ C:\Users\USER\OneDrive\Desktop\PUP\node_modules\react-dom\cjs\react-dom-client.development.js:1519
performUnitOfWork @ C:\Users\USER\OneDrive\Desktop\PUP\node_modules\react-dom\cjs\react-dom-client.development.js:15132
workLoopSync @ C:\Users\USER\OneDrive\Desktop\PUP\node_modules\react-dom\cjs\react-dom-client.development.js:14956
renderRootSync @ C:\Users\USER\OneDrive\Desktop\PUP\node_modules\react-dom\cjs\react-dom-client.development.js:14936
performWorkOnRoot @ C:\Users\USER\OneDrive\Desktop\PUP\node_modules\react-dom\cjs\react-dom-client.development.js:14419
performSyncWorkOnRoot @ C:\Users\USER\OneDrive\Desktop\PUP\node_modules\react-dom\cjs\react-dom-client.development.js:16231
flushSyncWorkAcrossRoots_impl @ C:\Users\USER\OneDrive\Desktop\PUP\node_modules\react-dom\cjs\react-dom-client.development.js:16079
flushPassiveEffects @ C:\Users\USER\OneDrive\Desktop\PUP\node_modules\react-dom\cjs\react-dom-client.development.js:15749
(anonymous) @ C:\Users\USER\OneDrive\Desktop\PUP\node_modules\react-dom\cjs\react-dom-client.development.js:15379
performWorkUntilDeadline @ C:\Users\USER\OneDrive\Desktop\PUP\node_modules\scheduler\cjs\scheduler.development.js:45
<SceneView>
exports.jsx @ C:\Users\USER\OneDrive\Desktop\PUP\node_modules\react\cjs\react-jsx-runtime.development.js:339
render @ C:\Users\USER\OneDrive\Desktop\PUP\node_modules\@react-navigation\core\lib\module\useDescriptors.js:108
(anonymous) @ C:\Users\USER\OneDrive\Desktop\PUP\node_modules\@react-navigation\core\lib\module\useDescriptors.js:140
useDescriptors @ C:\Users\USER\OneDrive\Desktop\PUP\node_modules\@react-navigation\core\lib\module\useDescriptors.js:137
useNavigationBuilder @ C:\Users\USER\OneDrive\Desktop\PUP\node_modules\@react-navigation\core\lib\module\useNavigationBuilder.js:562
BottomTabNavigator @ C:\Users\USER\OneDrive\Desktop\PUP\node_modules\@react-navigation\bottom-tabs\lib\module\navigators\createBottomTabNavigator.js:24
react-stack-bottom-frame @ C:\Users\USER\OneDrive\Desktop\PUP\node_modules\react-dom\cjs\react-dom-client.development.js:23863
renderWithHooks @ C:\Users\USER\OneDrive\Desktop\PUP\node_modules\react-dom\cjs\react-dom-client.development.js:5529
updateFunctionComponent @ C:\Users\USER\OneDrive\Desktop\PUP\node_modules\react-dom\cjs\react-dom-client.development.js:8897
beginWork @ C:\Users\USER\OneDrive\Desktop\PUP\node_modules\react-dom\cjs\react-dom-client.development.js:10522
runWithFiberInDEV @ C:\Users\USER\OneDrive\Desktop\PUP\node_modules\react-dom\cjs\react-dom-client.development.js:1519
performUnitOfWork @ C:\Users\USER\OneDrive\Desktop\PUP\node_modules\react-dom\cjs\react-dom-client.development.js:15132
workLoopSync @ C:\Users\USER\OneDrive\Desktop\PUP\node_modules\react-dom\cjs\react-dom-client.development.js:14956
renderRootSync @ C:\Users\USER\OneDrive\Desktop\PUP\node_modules\react-dom\cjs\react-dom-client.development.js:14936
performWorkOnRoot @ C:\Users\USER\OneDrive\Desktop\PUP\node_modules\react-dom\cjs\react-dom-client.development.js:14419
performSyncWorkOnRoot @ C:\Users\USER\OneDrive\Desktop\PUP\node_modules\react-dom\cjs\react-dom-client.development.js:16231
flushSyncWorkAcrossRoots_impl @ C:\Users\USER\OneDrive\Desktop\PUP\node_modules\react-dom\cjs\react-dom-client.development.js:16079
flushPassiveEffects @ C:\Users\USER\OneDrive\Desktop\PUP\node_modules\react-dom\cjs\react-dom-client.development.js:15749
(anonymous) @ C:\Users\USER\OneDrive\Desktop\PUP\node_modules\react-dom\cjs\react-dom-client.development.js:15379
performWorkUntilDeadline @ C:\Users\USER\OneDrive\Desktop\PUP\node_modules\scheduler\cjs\scheduler.development.js:45
<BottomTabNavigator>
exports.jsxDEV @ C:\Users\USER\OneDrive\Desktop\PUP\node_modules\react\cjs\react-jsx-dev-runtime.development.js:346
(anonymous) @ C:\Users\USER\OneDrive\Desktop\PUP\node_modules\expo-router\build\layouts\withLayoutContext.js:156
react-stack-bottom-frame @ C:\Users\USER\OneDrive\Desktop\PUP\node_modules\react-dom\cjs\react-dom-client.development.js:23863
renderWithHooks @ C:\Users\USER\OneDrive\Desktop\PUP\node_modules\react-dom\cjs\react-dom-client.development.js:5529
updateForwardRef @ C:\Users\USER\OneDrive\Desktop\PUP\node_modules\react-dom\cjs\react-dom-client.development.js:8645
beginWork @ C:\Users\USER\OneDrive\Desktop\PUP\node_modules\react-dom\cjs\react-dom-client.development.js:10861
runWithFiberInDEV @ C:\Users\USER\OneDrive\Desktop\PUP\node_modules\react-dom\cjs\react-dom-client.development.js:1519
performUnitOfWork @ C:\Users\USER\OneDrive\Desktop\PUP\node_modules\react-dom\cjs\react-dom-client.development.js:15132
workLoopSync @ C:\Users\USER\OneDrive\Desktop\PUP\node_modules\react-dom\cjs\react-dom-client.development.js:14956
renderRootSync @ C:\Users\USER\OneDrive\Desktop\PUP\node_modules\react-dom\cjs\react-dom-client.development.js:14936
performWorkOnRoot @ C:\Users\USER\OneDrive\Desktop\PUP\node_modules\react-dom\cjs\react-dom-client.development.js:14419
performSyncWorkOnRoot @ C:\Users\USER\OneDrive\Desktop\PUP\node_modules\react-dom\cjs\react-dom-client.development.js:16231
flushSyncWorkAcrossRoots_impl @ C:\Users\USER\OneDrive\Desktop\PUP\node_modules\react-dom\cjs\react-dom-client.development.js:16079
flushPassiveEffects @ C:\Users\USER\OneDrive\Desktop\PUP\node_modules\react-dom\cjs\react-dom-client.development.js:15749
(anonymous) @ C:\Users\USER\OneDrive\Desktop\PUP\node_modules\react-dom\cjs\react-dom-client.development.js:15379
performWorkUntilDeadline @ C:\Users\USER\OneDrive\Desktop\PUP\node_modules\scheduler\cjs\scheduler.development.js:45
<ForwardRef>
exports.jsxDEV @ C:\Users\USER\OneDrive\Desktop\PUP\node_modules\react\cjs\react-jsx-dev-runtime.development.js:346
Object.assign.Screen @ C:\Users\USER\OneDrive\Desktop\PUP\node_modules\expo-router\build\layouts\TabsClient.js:46
react-stack-bottom-frame @ C:\Users\USER\OneDrive\Desktop\PUP\node_modules\react-dom\cjs\react-dom-client.development.js:23863
renderWithHooks @ C:\Users\USER\OneDrive\Desktop\PUP\node_modules\react-dom\cjs\react-dom-client.development.js:5529
updateFunctionComponent @ C:\Users\USER\OneDrive\Desktop\PUP\node_modules\react-dom\cjs\react-dom-client.development.js:8897
beginWork @ C:\Users\USER\OneDrive\Desktop\PUP\node_modules\react-dom\cjs\react-dom-client.development.js:10522
runWithFiberInDEV @ C:\Users\USER\OneDrive\Desktop\PUP\node_modules\react-dom\cjs\react-dom-client.development.js:1519
performUnitOfWork @ C:\Users\USER\OneDrive\Desktop\PUP\node_modules\react-dom\cjs\react-dom-client.development.js:15132
workLoopSync @ C:\Users\USER\OneDrive\Desktop\PUP\node_modules\react-dom\cjs\react-dom-client.development.js:14956
renderRootSync @ C:\Users\USER\OneDrive\Desktop\PUP\node_modules\react-dom\cjs\react-dom-client.development.js:14936
performWorkOnRoot @ C:\Users\USER\OneDrive\Desktop\PUP\node_modules\react-dom\cjs\react-dom-client.development.js:14419
performSyncWorkOnRoot @ C:\Users\USER\OneDrive\Desktop\PUP\node_modules\react-dom\cjs\react-dom-client.development.js:16231
flushSyncWorkAcrossRoots_impl @ C:\Users\USER\OneDrive\Desktop\PUP\node_modules\react-dom\cjs\react-dom-client.development.js:16079
flushPassiveEffects @ C:\Users\USER\OneDrive\Desktop\PUP\node_modules\react-dom\cjs\react-dom-client.development.js:15749
(anonymous) @ C:\Users\USER\OneDrive\Desktop\PUP\node_modules\react-dom\cjs\react-dom-client.development.js:15379
performWorkUntilDeadline @ C:\Users\USER\OneDrive\Desktop\PUP\node_modules\scheduler\cjs\scheduler.development.js:45
<...>
exports.jsxDEV @ C:\Users\USER\OneDrive\Desktop\PUP\node_modules\react\cjs\react-jsx-dev-runtime.development.js:346
TabLayout @ C:\Users\USER\OneDrive\Desktop\PUP\app\(tabs)\_layout.tsx:6
react-stack-bottom-frame @ C:\Users\USER\OneDrive\Desktop\PUP\node_modules\react-dom\cjs\react-dom-client.development.js:23863
renderWithHooks @ C:\Users\USER\OneDrive\Desktop\PUP\node_modules\react-dom\cjs\react-dom-client.development.js:5529
updateFunctionComponent @ C:\Users\USER\OneDrive\Desktop\PUP\node_modules\react-dom\cjs\react-dom-client.development.js:8897
beginWork @ C:\Users\USER\OneDrive\Desktop\PUP\node_modules\react-dom\cjs\react-dom-client.development.js:10522
runWithFiberInDEV @ C:\Users\USER\OneDrive\Desktop\PUP\node_modules\react-dom\cjs\react-dom-client.development.js:1519
performUnitOfWork @ C:\Users\USER\OneDrive\Desktop\PUP\node_modules\react-dom\cjs\react-dom-client.development.js:15132
workLoopSync @ C:\Users\USER\OneDrive\Desktop\PUP\node_modules\react-dom\cjs\react-dom-client.development.js:14956
renderRootSync @ C:\Users\USER\OneDrive\Desktop\PUP\node_modules\react-dom\cjs\react-dom-client.development.js:14936
performWorkOnRoot @ C:\Users\USER\OneDrive\Desktop\PUP\node_modules\react-dom\cjs\react-dom-client.development.js:14419
performSyncWorkOnRoot @ C:\Users\USER\OneDrive\Desktop\PUP\node_modules\react-dom\cjs\react-dom-client.development.js:16231
flushSyncWorkAcrossRoots_impl @ C:\Users\USER\OneDrive\Desktop\PUP\node_modules\react-dom\cjs\react-dom-client.development.js:16079
flushPassiveEffects @ C:\Users\USER\OneDrive\Desktop\PUP\node_modules\react-dom\cjs\react-dom-client.development.js:15749
(anonymous) @ C:\Users\USER\OneDrive\Desktop\PUP\node_modules\react-dom\cjs\react-dom-client.development.js:15379
performWorkUntilDeadline @ C:\Users\USER\OneDrive\Desktop\PUP\node_modules\scheduler\cjs\scheduler.development.js:45
<TabLayout(./(tabs)/_layout.tsx)>
exports.jsxDEV @ C:\Users\USER\OneDrive\Desktop\PUP\node_modules\react\cjs\react-jsx-dev-runtime.development.js:346
BaseRoute @ C:\Users\USER\OneDrive\Desktop\PUP\node_modules\expo-router\build\useScreens.js:213
react-stack-bottom-frame @ C:\Users\USER\OneDrive\Desktop\PUP\node_modules\react-dom\cjs\react-dom-client.development.js:23863
renderWithHooks @ C:\Users\USER\OneDrive\Desktop\PUP\node_modules\react-dom\cjs\react-dom-client.development.js:5529
updateFunctionComponent @ C:\Users\USER\OneDrive\Desktop\PUP\node_modules\react-dom\cjs\react-dom-client.development.js:8897
beginWork @ C:\Users\USER\OneDrive\Desktop\PUP\node_modules\react-dom\cjs\react-dom-client.development.js:10522
runWithFiberInDEV @ C:\Users\USER\OneDrive\Desktop\PUP\node_modules\react-dom\cjs\react-dom-client.development.js:1519
performUnitOfWork @ C:\Users\USER\OneDrive\Desktop\PUP\node_modules\react-dom\cjs\react-dom-client.development.js:15132
workLoopSync @ C:\Users\USER\OneDrive\Desktop\PUP\node_modules\react-dom\cjs\react-dom-client.development.js:14956
renderRootSync @ C:\Users\USER\OneDrive\Desktop\PUP\node_modules\react-dom\cjs\react-dom-client.development.js:14936
performWorkOnRoot @ C:\Users\USER\OneDrive\Desktop\PUP\node_modules\react-dom\cjs\react-dom-client.development.js:14419
performSyncWorkOnRoot @ C:\Users\USER\OneDrive\Desktop\PUP\node_modules\react-dom\cjs\react-dom-client.development.js:16231
flushSyncWorkAcrossRoots_impl @ C:\Users\USER\OneDrive\Desktop\PUP\node_modules\react-dom\cjs\react-dom-client.development.js:16079
flushPassiveEffects @ C:\Users\USER\OneDrive\Desktop\PUP\node_modules\react-dom\cjs\react-dom-client.development.js:15749
(anonymous) @ C:\Users\USER\OneDrive\Desktop\PUP\node_modules\react-dom\cjs\react-dom-client.development.js:15379
performWorkUntilDeadline @ C:\Users\USER\OneDrive\Desktop\PUP\node_modules\scheduler\cjs\scheduler.development.js:45
<Route((tabs))>
exports.jsx @ C:\Users\USER\OneDrive\Desktop\PUP\node_modules\react\cjs\react-jsx-runtime.development.js:339
SceneView @ C:\Users\USER\OneDrive\Desktop\PUP\node_modules\@react-navigation\core\lib\module\SceneView.js:125
react-stack-bottom-frame @ C:\Users\USER\OneDrive\Desktop\PUP\node_modules\react-dom\cjs\react-dom-client.development.js:23863
renderWithHooks @ C:\Users\USER\OneDrive\Desktop\PUP\node_modules\react-dom\cjs\react-dom-client.development.js:5529
updateFunctionComponent @ C:\Users\USER\OneDrive\Desktop\PUP\node_modules\react-dom\cjs\react-dom-client.development.js:8897
beginWork @ C:\Users\USER\OneDrive\Desktop\PUP\node_modules\react-dom\cjs\react-dom-client.development.js:10522
runWithFiberInDEV @ C:\Users\USER\OneDrive\Desktop\PUP\node_modules\react-dom\cjs\react-dom-client.development.js:1519
performUnitOfWork @ C:\Users\USER\OneDrive\Desktop\PUP\node_modules\react-dom\cjs\react-dom-client.development.js:15132
workLoopSync @ C:\Users\USER\OneDrive\Desktop\PUP\node_modules\react-dom\cjs\react-dom-client.development.js:14956
renderRootSync @ C:\Users\USER\OneDrive\Desktop\PUP\node_modules\react-dom\cjs\react-dom-client.development.js:14936
performWorkOnRoot @ C:\Users\USER\OneDrive\Desktop\PUP\node_modules\react-dom\cjs\react-dom-client.development.js:14419
performSyncWorkOnRoot @ C:\Users\USER\OneDrive\Desktop\PUP\node_modules\react-dom\cjs\react-dom-client.development.js:16231
flushSyncWorkAcrossRoots_impl @ C:\Users\USER\OneDrive\Desktop\PUP\node_modules\react-dom\cjs\react-dom-client.development.js:16079
flushPassiveEffects @ C:\Users\USER\OneDrive\Desktop\PUP\node_modules\react-dom\cjs\react-dom-client.development.js:15749
(anonymous) @ C:\Users\USER\OneDrive\Desktop\PUP\node_modules\react-dom\cjs\react-dom-client.development.js:15379
performWorkUntilDeadline @ C:\Users\USER\OneDrive\Desktop\PUP\node_modules\scheduler\cjs\scheduler.development.js:45
<SceneView>
exports.jsx @ C:\Users\USER\OneDrive\Desktop\PUP\node_modules\react\cjs\react-jsx-runtime.development.js:339
render @ C:\Users\USER\OneDrive\Desktop\PUP\node_modules\@react-navigation\core\lib\module\useDescriptors.js:108
(anonymous) @ C:\Users\USER\OneDrive\Desktop\PUP\node_modules\@react-navigation\core\lib\module\useDescriptors.js:140
useDescriptors @ C:\Users\USER\OneDrive\Desktop\PUP\node_modules\@react-navigation\core\lib\module\useDescriptors.js:137
useNavigationBuilder @ C:\Users\USER\OneDrive\Desktop\PUP\node_modules\@react-navigation\core\lib\module\useNavigationBuilder.js:562
SlotNavigator @ C:\Users\USER\OneDrive\Desktop\PUP\node_modules\expo-router\build\views\Navigator.js:107
react-stack-bottom-frame @ C:\Users\USER\OneDrive\Desktop\PUP\node_modules\react-dom\cjs\react-dom-client.development.js:23863
renderWithHooks @ C:\Users\USER\OneDrive\Desktop\PUP\node_modules\react-dom\cjs\react-dom-client.development.js:5529
updateFunctionComponent @ C:\Users\USER\OneDrive\Desktop\PUP\node_modules\react-dom\cjs\react-dom-client.development.js:8897
beginWork @ C:\Users\USER\OneDrive\Desktop\PUP\node_modules\react-dom\cjs\react-dom-client.development.js:10522
runWithFiberInDEV @ C:\Users\USER\OneDrive\Desktop\PUP\node_modules\react-dom\cjs\react-dom-client.development.js:1519
performUnitOfWork @ C:\Users\USER\OneDrive\Desktop\PUP\node_modules\react-dom\cjs\react-dom-client.development.js:15132
workLoopSync @ C:\Users\USER\OneDrive\Desktop\PUP\node_modules\react-dom\cjs\react-dom-client.development.js:14956
renderRootSync @ C:\Users\USER\OneDrive\Desktop\PUP\node_modules\react-dom\cjs\react-dom-client.development.js:14936
performWorkOnRoot @ C:\Users\USER\OneDrive\Desktop\PUP\node_modules\react-dom\cjs\react-dom-client.development.js:14419
performSyncWorkOnRoot @ C:\Users\USER\OneDrive\Desktop\PUP\node_modules\react-dom\cjs\react-dom-client.development.js:16231
flushSyncWorkAcrossRoots_impl @ C:\Users\USER\OneDrive\Desktop\PUP\node_modules\react-dom\cjs\react-dom-client.development.js:16079
flushPassiveEffects @ C:\Users\USER\OneDrive\Desktop\PUP\node_modules\react-dom\cjs\react-dom-client.development.js:15749
(anonymous) @ C:\Users\USER\OneDrive\Desktop\PUP\node_modules\react-dom\cjs\react-dom-client.development.js:15379
performWorkUntilDeadline @ C:\Users\USER\OneDrive\Desktop\PUP\node_modules\scheduler\cjs\scheduler.development.js:45
<SlotNavigator>
exports.jsxDEV @ C:\Users\USER\OneDrive\Desktop\PUP\node_modules\react\cjs\react-jsx-dev-runtime.development.js:346
Slot @ C:\Users\USER\OneDrive\Desktop\PUP\node_modules\expo-router\build\views\Navigator.js:130
react-stack-bottom-frame @ C:\Users\USER\OneDrive\Desktop\PUP\node_modules\react-dom\cjs\react-dom-client.development.js:23863
renderWithHooks @ C:\Users\USER\OneDrive\Desktop\PUP\node_modules\react-dom\cjs\react-dom-client.development.js:5529
updateFunctionComponent @ C:\Users\USER\OneDrive\Desktop\PUP\node_modules\react-dom\cjs\react-dom-client.development.js:8897
beginWork @ C:\Users\USER\OneDrive\Desktop\PUP\node_modules\react-dom\cjs\react-dom-client.development.js:10522
runWithFiberInDEV @ C:\Users\USER\OneDrive\Desktop\PUP\node_modules\react-dom\cjs\react-dom-client.development.js:1519
performUnitOfWork @ C:\Users\USER\OneDrive\Desktop\PUP\node_modules\react-dom\cjs\react-dom-client.development.js:15132
workLoopConcurrentByScheduler @ C:\Users\USER\OneDrive\Desktop\PUP\node_modules\react-dom\cjs\react-dom-client.development.js:15126
renderRootConcurrent @ C:\Users\USER\OneDrive\Desktop\PUP\node_modules\react-dom\cjs\react-dom-client.development.js:15101
performWorkOnRoot @ C:\Users\USER\OneDrive\Desktop\PUP\node_modules\react-dom\cjs\react-dom-client.development.js:14418
performWorkOnRootViaSchedulerTask @ C:\Users\USER\OneDrive\Desktop\PUP\node_modules\react-dom\cjs\react-dom-client.development.js:16216
performWorkUntilDeadline @ C:\Users\USER\OneDrive\Desktop\PUP\node_modules\scheduler\cjs\scheduler.development.js:45
<Slot>
exports.jsxDEV @ C:\Users\USER\OneDrive\Desktop\PUP\node_modules\react\cjs\react-jsx-dev-runtime.development.js:346
RootLayout @ C:\Users\USER\OneDrive\Desktop\PUP\app\_layout.tsx:86
react-stack-bottom-frame @ C:\Users\USER\OneDrive\Desktop\PUP\node_modules\react-dom\cjs\react-dom-client.development.js:23863
renderWithHooks @ C:\Users\USER\OneDrive\Desktop\PUP\node_modules\react-dom\cjs\react-dom-client.development.js:5529
updateFunctionComponent @ C:\Users\USER\OneDrive\Desktop\PUP\node_modules\react-dom\cjs\react-dom-client.development.js:8897
beginWork @ C:\Users\USER\OneDrive\Desktop\PUP\node_modules\react-dom\cjs\react-dom-client.development.js:10522
runWithFiberInDEV @ C:\Users\USER\OneDrive\Desktop\PUP\node_modules\react-dom\cjs\react-dom-client.development.js:1519
performUnitOfWork @ C:\Users\USER\OneDrive\Desktop\PUP\node_modules\react-dom\cjs\react-dom-client.development.js:15132
workLoopConcurrentByScheduler @ C:\Users\USER\OneDrive\Desktop\PUP\node_modules\react-dom\cjs\react-dom-client.development.js:15126
renderRootConcurrent @ C:\Users\USER\OneDrive\Desktop\PUP\node_modules\react-dom\cjs\react-dom-client.development.js:15101
performWorkOnRoot @ C:\Users\USER\OneDrive\Desktop\PUP\node_modules\react-dom\cjs\react-dom-client.development.js:14418
performWorkOnRootViaSchedulerTask @ C:\Users\USER\OneDrive\Desktop\PUP\node_modules\react-dom\cjs\react-dom-client.development.js:16216
performWorkUntilDeadline @ C:\Users\USER\OneDrive\Desktop\PUP\node_modules\scheduler\cjs\scheduler.development.js:45
<RootLayout(./_layout.tsx)>
exports.jsxDEV @ C:\Users\USER\OneDrive\Desktop\PUP\node_modules\react\cjs\react-jsx-dev-runtime.development.js:346
BaseRoute @ C:\Users\USER\OneDrive\Desktop\PUP\node_modules\expo-router\build\useScreens.js:213
react-stack-bottom-frame @ C:\Users\USER\OneDrive\Desktop\PUP\node_modules\react-dom\cjs\react-dom-client.development.js:23863
renderWithHooks @ C:\Users\USER\OneDrive\Desktop\PUP\node_modules\react-dom\cjs\react-dom-client.development.js:5529
updateFunctionComponent @ C:\Users\USER\OneDrive\Desktop\PUP\node_modules\react-dom\cjs\react-dom-client.development.js:8897
beginWork @ C:\Users\USER\OneDrive\Desktop\PUP\node_modules\react-dom\cjs\react-dom-client.development.js:10522
runWithFiberInDEV @ C:\Users\USER\OneDrive\Desktop\PUP\node_modules\react-dom\cjs\react-dom-client.development.js:1519
performUnitOfWork @ C:\Users\USER\OneDrive\Desktop\PUP\node_modules\react-dom\cjs\react-dom-client.development.js:15132
workLoopConcurrentByScheduler @ C:\Users\USER\OneDrive\Desktop\PUP\node_modules\react-dom\cjs\react-dom-client.development.js:15126
renderRootConcurrent @ C:\Users\USER\OneDrive\Desktop\PUP\node_modules\react-dom\cjs\react-dom-client.development.js:15101
performWorkOnRoot @ C:\Users\USER\OneDrive\Desktop\PUP\node_modules\react-dom\cjs\react-dom-client.development.js:14418
performWorkOnRootViaSchedulerTask @ C:\Users\USER\OneDrive\Desktop\PUP\node_modules\react-dom\cjs\react-dom-client.development.js:16216
performWorkUntilDeadline @ C:\Users\USER\OneDrive\Desktop\PUP\node_modules\scheduler\cjs\scheduler.development.js:45
<Route()>
exports.jsx @ C:\Users\USER\OneDrive\Desktop\PUP\node_modules\react\cjs\react-jsx-runtime.development.js:339
SceneView @ C:\Users\USER\OneDrive\Desktop\PUP\node_modules\@react-navigation\core\lib\module\SceneView.js:125
react-stack-bottom-frame @ C:\Users\USER\OneDrive\Desktop\PUP\node_modules\react-dom\cjs\react-dom-client.development.js:23863
renderWithHooks @ C:\Users\USER\OneDrive\Desktop\PUP\node_modules\react-dom\cjs\react-dom-client.development.js:5529
updateFunctionComponent @ C:\Users\USER\OneDrive\Desktop\PUP\node_modules\react-dom\cjs\react-dom-client.development.js:8897
beginWork @ C:\Users\USER\OneDrive\Desktop\PUP\node_modules\react-dom\cjs\react-dom-client.development.js:10522
runWithFiberInDEV @ C:\Users\USER\OneDrive\Desktop\PUP\node_modules\react-dom\cjs\react-dom-client.development.js:1519
performUnitOfWork @ C:\Users\USER\OneDrive\Desktop\PUP\node_modules\react-dom\cjs\react-dom-client.development.js:15132
workLoopConcurrentByScheduler @ C:\Users\USER\OneDrive\Desktop\PUP\node_modules\react-dom\cjs\react-dom-client.development.js:15126
renderRootConcurrent @ C:\Users\USER\OneDrive\Desktop\PUP\node_modules\react-dom\cjs\react-dom-client.development.js:15101
performWorkOnRoot @ C:\Users\USER\OneDrive\Desktop\PUP\node_modules\react-dom\cjs\react-dom-client.development.js:14418
performWorkOnRootViaSchedulerTask @ C:\Users\USER\OneDrive\Desktop\PUP\node_modules\react-dom\cjs\react-dom-client.development.js:16216
performWorkUntilDeadline @ C:\Users\USER\OneDrive\Desktop\PUP\node_modules\scheduler\cjs\scheduler.development.js:45
<SceneView>
exports.jsx @ C:\Users\USER\OneDrive\Desktop\PUP\node_modules\react\cjs\react-jsx-runtime.development.js:339
render @ C:\Users\USER\OneDrive\Desktop\PUP\node_modules\@react-navigation\core\lib\module\useDescriptors.js:108
(anonymous) @ C:\Users\USER\OneDrive\Desktop\PUP\node_modules\@react-navigation\core\lib\module\useDescriptors.js:140
useDescriptors @ C:\Users\USER\OneDrive\Desktop\PUP\node_modules\@react-navigation\core\lib\module\useDescriptors.js:137
useNavigationBuilder @ C:\Users\USER\OneDrive\Desktop\PUP\node_modules\@react-navigation\core\lib\module\useNavigationBuilder.js:562
Content @ C:\Users\USER\OneDrive\Desktop\PUP\node_modules\expo-router\build\ExpoRoot.js:161
react-stack-bottom-frame @ C:\Users\USER\OneDrive\Desktop\PUP\node_modules\react-dom\cjs\react-dom-client.development.js:23863
renderWithHooks @ C:\Users\USER\OneDrive\Desktop\PUP\node_modules\react-dom\cjs\react-dom-client.development.js:5529
updateFunctionComponent @ C:\Users\USER\OneDrive\Desktop\PUP\node_modules\react-dom\cjs\react-dom-client.development.js:8897
beginWork @ C:\Users\USER\OneDrive\Desktop\PUP\node_modules\react-dom\cjs\react-dom-client.development.js:10522
runWithFiberInDEV @ C:\Users\USER\OneDrive\Desktop\PUP\node_modules\react-dom\cjs\react-dom-client.development.js:1519
performUnitOfWork @ C:\Users\USER\OneDrive\Desktop\PUP\node_modules\react-dom\cjs\react-dom-client.development.js:15132
workLoopConcurrentByScheduler @ C:\Users\USER\OneDrive\Desktop\PUP\node_modules\react-dom\cjs\react-dom-client.development.js:15126
renderRootConcurrent @ C:\Users\USER\OneDrive\Desktop\PUP\node_modules\react-dom\cjs\react-dom-client.development.js:15101
performWorkOnRoot @ C:\Users\USER\OneDrive\Desktop\PUP\node_modules\react-dom\cjs\react-dom-client.development.js:14418
performWorkOnRootViaSchedulerTask @ C:\Users\USER\OneDrive\Desktop\PUP\node_modules\react-dom\cjs\react-dom-client.development.js:16216
performWorkUntilDeadline @ C:\Users\USER\OneDrive\Desktop\PUP\node_modules\scheduler\cjs\scheduler.development.js:45
<Content>
exports.jsxDEV @ C:\Users\USER\OneDrive\Desktop\PUP\node_modules\react\cjs\react-jsx-dev-runtime.development.js:346
ContextNavigator @ C:\Users\USER\OneDrive\Desktop\PUP\node_modules\expo-router\build\ExpoRoot.js:147
react-stack-bottom-frame @ C:\Users\USER\OneDrive\Desktop\PUP\node_modules\react-dom\cjs\react-dom-client.development.js:23863
renderWithHooks @ C:\Users\USER\OneDrive\Desktop\PUP\node_modules\react-dom\cjs\react-dom-client.development.js:5529
updateFunctionComponent @ C:\Users\USER\OneDrive\Desktop\PUP\node_modules\react-dom\cjs\react-dom-client.development.js:8897
beginWork @ C:\Users\USER\OneDrive\Desktop\PUP\node_modules\react-dom\cjs\react-dom-client.development.js:10522
runWithFiberInDEV @ C:\Users\USER\OneDrive\Desktop\PUP\node_modules\react-dom\cjs\react-dom-client.development.js:1519
performUnitOfWork @ C:\Users\USER\OneDrive\Desktop\PUP\node_modules\react-dom\cjs\react-dom-client.development.js:15132
workLoopConcurrentByScheduler @ C:\Users\USER\OneDrive\Desktop\PUP\node_modules\react-dom\cjs\react-dom-client.development.js:15126
renderRootConcurrent @ C:\Users\USER\OneDrive\Desktop\PUP\node_modules\react-dom\cjs\react-dom-client.development.js:15101
performWorkOnRoot @ C:\Users\USER\OneDrive\Desktop\PUP\node_modules\react-dom\cjs\react-dom-client.development.js:14418
performWorkOnRootViaSchedulerTask @ C:\Users\USER\OneDrive\Desktop\PUP\node_modules\react-dom\cjs\react-dom-client.development.js:16216
performWorkUntilDeadline @ C:\Users\USER\OneDrive\Desktop\PUP\node_modules\scheduler\cjs\scheduler.development.js:45
<ContextNavigator>
exports.jsxDEV @ C:\Users\USER\OneDrive\Desktop\PUP\node_modules\react\cjs\react-jsx-dev-runtime.development.js:346
ExpoRoot @ C:\Users\USER\OneDrive\Desktop\PUP\node_modules\expo-router\build\ExpoRoot.js:87
react-stack-bottom-frame @ C:\Users\USER\OneDrive\Desktop\PUP\node_modules\react-dom\cjs\react-dom-client.development.js:23863
renderWithHooks @ C:\Users\USER\OneDrive\Desktop\PUP\node_modules\react-dom\cjs\react-dom-client.development.js:5529
updateFunctionComponent @ C:\Users\USER\OneDrive\Desktop\PUP\node_modules\react-dom\cjs\react-dom-client.development.js:8897
beginWork @ C:\Users\USER\OneDrive\Desktop\PUP\node_modules\react-dom\cjs\react-dom-client.development.js:10522
runWithFiberInDEV @ C:\Users\USER\OneDrive\Desktop\PUP\node_modules\react-dom\cjs\react-dom-client.development.js:1519
performUnitOfWork @ C:\Users\USER\OneDrive\Desktop\PUP\node_modules\react-dom\cjs\react-dom-client.development.js:15132
workLoopConcurrentByScheduler @ C:\Users\USER\OneDrive\Desktop\PUP\node_modules\react-dom\cjs\react-dom-client.development.js:15126
renderRootConcurrent @ C:\Users\USER\OneDrive\Desktop\PUP\node_modules\react-dom\cjs\react-dom-client.development.js:15101
performWorkOnRoot @ C:\Users\USER\OneDrive\Desktop\PUP\node_modules\react-dom\cjs\react-dom-client.development.js:14418
performWorkOnRootViaSchedulerTask @ C:\Users\USER\OneDrive\Desktop\PUP\node_modules\react-dom\cjs\react-dom-client.development.js:16216
performWorkUntilDeadline @ C:\Users\USER\OneDrive\Desktop\PUP\node_modules\scheduler\cjs\scheduler.development.js:45
<ExpoRoot>
exports.jsxDEV @ C:\Users\USER\OneDrive\Desktop\PUP\node_modules\react\cjs\react-jsx-dev-runtime.development.js:346
App @ C:\Users\USER\OneDrive\Desktop\PUP\node_modules\expo-router\build\qualified-entry.js:21
react-stack-bottom-frame @ C:\Users\USER\OneDrive\Desktop\PUP\node_modules\react-dom\cjs\react-dom-client.development.js:23863
renderWithHooks @ C:\Users\USER\OneDrive\Desktop\PUP\node_modules\react-dom\cjs\react-dom-client.development.js:5529
updateFunctionComponent @ C:\Users\USER\OneDrive\Desktop\PUP\node_modules\react-dom\cjs\react-dom-client.development.js:8897
beginWork @ C:\Users\USER\OneDrive\Desktop\PUP\node_modules\react-dom\cjs\react-dom-client.development.js:10522
runWithFiberInDEV @ C:\Users\USER\OneDrive\Desktop\PUP\node_modules\react-dom\cjs\react-dom-client.development.js:1519
performUnitOfWork @ C:\Users\USER\OneDrive\Desktop\PUP\node_modules\react-dom\cjs\react-dom-client.development.js:15132
workLoopConcurrentByScheduler @ C:\Users\USER\OneDrive\Desktop\PUP\node_modules\react-dom\cjs\react-dom-client.development.js:15126
renderRootConcurrent @ C:\Users\USER\OneDrive\Desktop\PUP\node_modules\react-dom\cjs\react-dom-client.development.js:15101
performWorkOnRoot @ C:\Users\USER\OneDrive\Desktop\PUP\node_modules\react-dom\cjs\react-dom-client.development.js:14418
performWorkOnRootViaSchedulerTask @ C:\Users\USER\OneDrive\Desktop\PUP\node_modules\react-dom\cjs\react-dom-client.development.js:16216
performWorkUntilDeadline @ C:\Users\USER\OneDrive\Desktop\PUP\node_modules\scheduler\cjs\scheduler.development.js:45
<App>
exports.jsxDEV @ C:\Users\USER\OneDrive\Desktop\PUP\node_modules\react\cjs\react-jsx-dev-runtime.development.js:346
ErrorOverlay @ C:\Users\USER\OneDrive\Desktop\PUP\node_modules\@expo\metro-runtime\src\error-overlay\index.tsx:19
react-stack-bottom-frame @ C:\Users\USER\OneDrive\Desktop\PUP\node_modules\react-dom\cjs\react-dom-client.development.js:23863
renderWithHooks @ C:\Users\USER\OneDrive\Desktop\PUP\node_modules\react-dom\cjs\react-dom-client.development.js:5529
updateFunctionComponent @ C:\Users\USER\OneDrive\Desktop\PUP\node_modules\react-dom\cjs\react-dom-client.development.js:8897
beginWork @ C:\Users\USER\OneDrive\Desktop\PUP\node_modules\react-dom\cjs\react-dom-client.development.js:10522
runWithFiberInDEV @ C:\Users\USER\OneDrive\Desktop\PUP\node_modules\react-dom\cjs\react-dom-client.development.js:1519
performUnitOfWork @ C:\Users\USER\OneDrive\Desktop\PUP\node_modules\react-dom\cjs\react-dom-client.development.js:15132
workLoopConcurrentByScheduler @ C:\Users\USER\OneDrive\Desktop\PUP\node_modules\react-dom\cjs\react-dom-client.development.js:15126
renderRootConcurrent @ C:\Users\USER\OneDrive\Desktop\PUP\node_modules\react-dom\cjs\react-dom-client.development.js:15101
performWorkOnRoot @ C:\Users\USER\OneDrive\Desktop\PUP\node_modules\react-dom\cjs\react-dom-client.development.js:14418
performWorkOnRootViaSchedulerTask @ C:\Users\USER\OneDrive\Desktop\PUP\node_modules\react-dom\cjs\react-dom-client.development.js:16216
performWorkUntilDeadline @ C:\Users\USER\OneDrive\Desktop\PUP\node_modules\scheduler\cjs\scheduler.development.js:45
<ErrorOverlay>
exports.jsxDEV @ C:\Users\USER\OneDrive\Desktop\PUP\node_modules\react\cjs\react-jsx-dev-runtime.development.js:346
WithDevTools @ C:\Users\USER\OneDrive\Desktop\PUP\node_modules\expo\src\launch\withDevTools.web.tsx:11
react-stack-bottom-frame @ C:\Users\USER\OneDrive\Desktop\PUP\node_modules\react-dom\cjs\react-dom-client.development.js:23863
renderWithHooks @ C:\Users\USER\OneDrive\Desktop\PUP\node_modules\react-dom\cjs\react-dom-client.development.js:5529
updateFunctionComponent @ C:\Users\USER\OneDrive\Desktop\PUP\node_modules\react-dom\cjs\react-dom-client.development.js:8897
beginWork @ C:\Users\USER\OneDrive\Desktop\PUP\node_modules\react-dom\cjs\react-dom-client.development.js:10522
runWithFiberInDEV @ C:\Users\USER\OneDrive\Desktop\PUP\node_modules\react-dom\cjs\react-dom-client.development.js:1519
performUnitOfWork @ C:\Users\USER\OneDrive\Desktop\PUP\node_modules\react-dom\cjs\react-dom-client.development.js:15132
workLoopConcurrentByScheduler @ C:\Users\USER\OneDrive\Desktop\PUP\node_modules\react-dom\cjs\react-dom-client.development.js:15126
renderRootConcurrent @ C:\Users\USER\OneDrive\Desktop\PUP\node_modules\react-dom\cjs\react-dom-client.development.js:15101
performWorkOnRoot @ C:\Users\USER\OneDrive\Desktop\PUP\node_modules\react-dom\cjs\react-dom-client.development.js:14418
performWorkOnRootViaSchedulerTask @ C:\Users\USER\OneDrive\Desktop\PUP\node_modules\react-dom\cjs\react-dom-client.development.js:16216
performWorkUntilDeadline @ C:\Users\USER\OneDrive\Desktop\PUP\node_modules\scheduler\cjs\scheduler.development.js:45
<withDevTools(ErrorOverlay)>
exports.createElement @ C:\Users\USER\OneDrive\Desktop\PUP\node_modules\react\cjs\react.development.js:1033
renderApplication @ C:\Users\USER\OneDrive\Desktop\PUP\node_modules\react-native-web\dist\exports\AppRegistry\renderApplication.js:27
run @ C:\Users\USER\OneDrive\Desktop\PUP\node_modules\react-native-web\dist\exports\AppRegistry\index.js:36
runApplication @ C:\Users\USER\OneDrive\Desktop\PUP\node_modules\react-native-web\dist\exports\AppRegistry\index.js:74
registerRootComponent @ C:\Users\USER\OneDrive\Desktop\PUP\node_modules\expo\src\launch\registerRootComponent.tsx:58
(anonymous) @ C:\Users\USER\OneDrive\Desktop\PUP\node_modules\expo-router\build\renderRootComponent.js:88
exports.startTransition @ C:\Users\USER\OneDrive\Desktop\PUP\node_modules\react\cjs\react.development.js:1124
renderRootComponent @ C:\Users\USER\OneDrive\Desktop\PUP\node_modules\expo-router\build\renderRootComponent.js:85
(anonymous) @ C:\Users\USER\OneDrive\Desktop\PUP\node_modules\expo-router\entry-classic.js:10
loadModuleImplementation @ C:\Users\USER\OneDrive\Desktop\PUP\node_modules\expo\node_modules\@expo\cli\build\metro-require\require.js:248
guardedLoadModule @ C:\Users\USER\OneDrive\Desktop\PUP\node_modules\expo\node_modules\@expo\cli\build\metro-require\require.js:163
metroRequire @ C:\Users\USER\OneDrive\Desktop\PUP\node_modules\expo\node_modules\@expo\cli\build\metro-require\require.js:74
(anonymous) @ C:\Users\USER\OneDrive\Desktop\PUP\node_modules\expo-router\entry.js:3
loadModuleImplementation @ C:\Users\USER\OneDrive\Desktop\PUP\node_modules\expo\node_modules\@expo\cli\build\metro-require\require.js:248
guardedLoadModule @ C:\Users\USER\OneDrive\Desktop\PUP\node_modules\expo\node_modules\@expo\cli\build\metro-require\require.js:156
metroRequire @ C:\Users\USER\OneDrive\Desktop\PUP\node_modules\expo\node_modules\@expo\cli\build\metro-require\require.js:74
(anonymous) @ entry.bundle?platform=web&dev=true&hot=false&lazy=true&transform.routerRoot=app&transform.reactCompiler=true:196749
C:\Users\USER\OneDrive\Desktop\PUP\node_modules\@expo\metro-runtime\src\error-overlay\LogBox.web.ts:134 [10:26:59.864] [Firebase] ✖ REST getRegions failed Error: The database (default) does not exist for project lasangpinoy-mobile Please visit https://console.cloud.google.com/datastore/setup?project=lasangpinoy-mobile to add a Cloud Datastore or Cloud Firestore database. 
    at Object.getCollection (C:\Users\USER\OneDrive\Desktop\PUP\lib\firestore-rest.ts:211:13)
    at async getRegions (C:\Users\USER\OneDrive\Desktop\PUP\lib\firebase.ts:525:20)
    at async fetchRegionsData (C:\Users\USER\OneDrive\Desktop\PUP\app\(tabs)\index.tsx:67:20)
registerError @ C:\Users\USER\OneDrive\Desktop\PUP\node_modules\@expo\metro-runtime\src\error-overlay\LogBox.web.ts:134
console.error @ C:\Users\USER\OneDrive\Desktop\PUP\node_modules\@expo\metro-runtime\src\error-overlay\LogBox.web.ts:59
_log @ C:\Users\USER\OneDrive\Desktop\PUP\lib\logger.ts:74
error @ C:\Users\USER\OneDrive\Desktop\PUP\lib\logger.ts:93
getRegions @ C:\Users\USER\OneDrive\Desktop\PUP\lib\firebase.ts:529
await in getRegions
fetchRegionsData @ C:\Users\USER\OneDrive\Desktop\PUP\app\(tabs)\index.tsx:67
(anonymous) @ C:\Users\USER\OneDrive\Desktop\PUP\app\(tabs)\index.tsx:48
react-stack-bottom-frame @ C:\Users\USER\OneDrive\Desktop\PUP\node_modules\react-dom\cjs\react-dom-client.development.js:23949
runWithFiberInDEV @ C:\Users\USER\OneDrive\Desktop\PUP\node_modules\react-dom\cjs\react-dom-client.development.js:1519
commitHookEffectListMount @ C:\Users\USER\OneDrive\Desktop\PUP\node_modules\react-dom\cjs\react-dom-client.development.js:11905
commitHookPassiveMountEffects @ C:\Users\USER\OneDrive\Desktop\PUP\node_modules\react-dom\cjs\react-dom-client.development.js:12026
reconnectPassiveEffects @ C:\Users\USER\OneDrive\Desktop\PUP\node_modules\react-dom\cjs\react-dom-client.development.js:14004
recursivelyTraverseReconnectPassiveEffects @ C:\Users\USER\OneDrive\Desktop\PUP\node_modules\react-dom\cjs\react-dom-client.development.js:13976
reconnectPassiveEffects @ C:\Users\USER\OneDrive\Desktop\PUP\node_modules\react-dom\cjs\react-dom-client.development.js:14024
recursivelyTraverseReconnectPassiveEffects @ C:\Users\USER\OneDrive\Desktop\PUP\node_modules\react-dom\cjs\react-dom-client.development.js:13976
reconnectPassiveEffects @ C:\Users\USER\OneDrive\Desktop\PUP\node_modules\react-dom\cjs\react-dom-client.development.js:14051
recursivelyTraverseReconnectPassiveEffects @ C:\Users\USER\OneDrive\Desktop\PUP\node_modules\react-dom\cjs\react-dom-client.development.js:13976
reconnectPassiveEffects @ C:\Users\USER\OneDrive\Desktop\PUP\node_modules\react-dom\cjs\react-dom-client.development.js:14051
recursivelyTraverseReconnectPassiveEffects @ C:\Users\USER\OneDrive\Desktop\PUP\node_modules\react-dom\cjs\react-dom-client.development.js:13976
reconnectPassiveEffects @ C:\Users\USER\OneDrive\Desktop\PUP\node_modules\react-dom\cjs\react-dom-client.development.js:14051
recursivelyTraverseReconnectPassiveEffects @ C:\Users\USER\OneDrive\Desktop\PUP\node_modules\react-dom\cjs\react-dom-client.development.js:13976
reconnectPassiveEffects @ C:\Users\USER\OneDrive\Desktop\PUP\node_modules\react-dom\cjs\react-dom-client.development.js:13997
recursivelyTraverseReconnectPassiveEffects @ C:\Users\USER\OneDrive\Desktop\PUP\node_modules\react-dom\cjs\react-dom-client.development.js:13976
reconnectPassiveEffects @ C:\Users\USER\OneDrive\Desktop\PUP\node_modules\react-dom\cjs\react-dom-client.development.js:13997
recursivelyTraverseReconnectPassiveEffects @ C:\Users\USER\OneDrive\Desktop\PUP\node_modules\react-dom\cjs\react-dom-client.development.js:13976
reconnectPassiveEffects @ C:\Users\USER\OneDrive\Desktop\PUP\node_modules\react-dom\cjs\react-dom-client.development.js:13997
recursivelyTraverseReconnectPassiveEffects @ C:\Users\USER\OneDrive\Desktop\PUP\node_modules\react-dom\cjs\react-dom-client.development.js:13976
reconnectPassiveEffects @ C:\Users\USER\OneDrive\Desktop\PUP\node_modules\react-dom\cjs\react-dom-client.development.js:14051
recursivelyTraverseReconnectPassiveEffects @ C:\Users\USER\OneDrive\Desktop\PUP\node_modules\react-dom\cjs\react-dom-client.development.js:13976
reconnectPassiveEffects @ C:\Users\USER\OneDrive\Desktop\PUP\node_modules\react-dom\cjs\react-dom-client.development.js:14051
recursivelyTraverseReconnectPassiveEffects @ C:\Users\USER\OneDrive\Desktop\PUP\node_modules\react-dom\cjs\react-dom-client.development.js:13976
reconnectPassiveEffects @ C:\Users\USER\OneDrive\Desktop\PUP\node_modules\react-dom\cjs\react-dom-client.development.js:13997
recursivelyTraverseReconnectPassiveEffects @ C:\Users\USER\OneDrive\Desktop\PUP\node_modules\react-dom\cjs\react-dom-client.development.js:13976
reconnectPassiveEffects @ C:\Users\USER\OneDrive\Desktop\PUP\node_modules\react-dom\cjs\react-dom-client.development.js:14051
recursivelyTraverseReconnectPassiveEffects @ C:\Users\USER\OneDrive\Desktop\PUP\node_modules\react-dom\cjs\react-dom-client.development.js:13976
reconnectPassiveEffects @ C:\Users\USER\OneDrive\Desktop\PUP\node_modules\react-dom\cjs\react-dom-client.development.js:14051
recursivelyTraverseReconnectPassiveEffects @ C:\Users\USER\OneDrive\Desktop\PUP\node_modules\react-dom\cjs\react-dom-client.development.js:13976
reconnectPassiveEffects @ C:\Users\USER\OneDrive\Desktop\PUP\node_modules\react-dom\cjs\react-dom-client.development.js:14051
recursivelyTraverseReconnectPassiveEffects @ C:\Users\USER\OneDrive\Desktop\PUP\node_modules\react-dom\cjs\react-dom-client.development.js:13976
reconnectPassiveEffects @ C:\Users\USER\OneDrive\Desktop\PUP\node_modules\react-dom\cjs\react-dom-client.development.js:13997
recursivelyTraverseReconnectPassiveEffects @ C:\Users\USER\OneDrive\Desktop\PUP\node_modules\react-dom\cjs\react-dom-client.development.js:13976
reconnectPassiveEffects @ C:\Users\USER\OneDrive\Desktop\PUP\node_modules\react-dom\cjs\react-dom-client.development.js:14051
recursivelyTraverseReconnectPassiveEffects @ C:\Users\USER\OneDrive\Desktop\PUP\node_modules\react-dom\cjs\react-dom-client.development.js:13976
reconnectPassiveEffects @ C:\Users\USER\OneDrive\Desktop\PUP\node_modules\react-dom\cjs\react-dom-client.development.js:14051
recursivelyTraverseReconnectPassiveEffects @ C:\Users\USER\OneDrive\Desktop\PUP\node_modules\react-dom\cjs\react-dom-client.development.js:13976
reconnectPassiveEffects @ C:\Users\USER\OneDrive\Desktop\PUP\node_modules\react-dom\cjs\react-dom-client.development.js:14051
recursivelyTraverseReconnectPassiveEffects @ C:\Users\USER\OneDrive\Desktop\PUP\node_modules\react-dom\cjs\react-dom-client.development.js:13976
reconnectPassiveEffects @ C:\Users\USER\OneDrive\Desktop\PUP\node_modules\react-dom\cjs\react-dom-client.development.js:13997
recursivelyTraverseReconnectPassiveEffects @ C:\Users\USER\OneDrive\Desktop\PUP\node_modules\react-dom\cjs\react-dom-client.development.js:13976
reconnectPassiveEffects @ C:\Users\USER\OneDrive\Desktop\PUP\node_modules\react-dom\cjs\react-dom-client.development.js:14051
recursivelyTraverseReconnectPassiveEffects @ C:\Users\USER\OneDrive\Desktop\PUP\node_modules\react-dom\cjs\react-dom-client.development.js:13976
reconnectPassiveEffects @ C:\Users\USER\OneDrive\Desktop\PUP\node_modules\react-dom\cjs\react-dom-client.development.js:14051
recursivelyTraverseReconnectPassiveEffects @ C:\Users\USER\OneDrive\Desktop\PUP\node_modules\react-dom\cjs\react-dom-client.development.js:13976
reconnectPassiveEffects @ C:\Users\USER\OneDrive\Desktop\PUP\node_modules\react-dom\cjs\react-dom-client.development.js:14051
recursivelyTraverseReconnectPassiveEffects @ C:\Users\USER\OneDrive\Desktop\PUP\node_modules\react-dom\cjs\react-dom-client.development.js:13976
reconnectPassiveEffects @ C:\Users\USER\OneDrive\Desktop\PUP\node_modules\react-dom\cjs\react-dom-client.development.js:14051
recursivelyTraverseReconnectPassiveEffects @ C:\Users\USER\OneDrive\Desktop\PUP\node_modules\react-dom\cjs\react-dom-client.development.js:13976
reconnectPassiveEffects @ C:\Users\USER\OneDrive\Desktop\PUP\node_modules\react-dom\cjs\react-dom-client.development.js:13997
recursivelyTraverseReconnectPassiveEffects @ C:\Users\USER\OneDrive\Desktop\PUP\node_modules\react-dom\cjs\react-dom-client.development.js:13976
reconnectPassiveEffects @ C:\Users\USER\OneDrive\Desktop\PUP\node_modules\react-dom\cjs\react-dom-client.development.js:14051
recursivelyTraverseReconnectPassiveEffects @ C:\Users\USER\OneDrive\Desktop\PUP\node_modules\react-dom\cjs\react-dom-client.development.js:13976
reconnectPassiveEffects @ C:\Users\USER\OneDrive\Desktop\PUP\node_modules\react-dom\cjs\react-dom-client.development.js:13997
recursivelyTraverseReconnectPassiveEffects @ C:\Users\USER\OneDrive\Desktop\PUP\node_modules\react-dom\cjs\react-dom-client.development.js:13976
reconnectPassiveEffects @ C:\Users\USER\OneDrive\Desktop\PUP\node_modules\react-dom\cjs\react-dom-client.development.js:13997
recursivelyTraverseReconnectPassiveEffects @ C:\Users\USER\OneDrive\Desktop\PUP\node_modules\react-dom\cjs\react-dom-client.development.js:13976
reconnectPassiveEffects @ C:\Users\USER\OneDrive\Desktop\PUP\node_modules\react-dom\cjs\react-dom-client.development.js:13997
recursivelyTraverseReconnectPassiveEffects @ C:\Users\USER\OneDrive\Desktop\PUP\node_modules\react-dom\cjs\react-dom-client.development.js:13976
reconnectPassiveEffects @ C:\Users\USER\OneDrive\Desktop\PUP\node_modules\react-dom\cjs\react-dom-client.development.js:13997
recursivelyTraverseReconnectPassiveEffects @ C:\Users\USER\OneDrive\Desktop\PUP\node_modules\react-dom\cjs\react-dom-client.development.js:13976
reconnectPassiveEffects @ C:\Users\USER\OneDrive\Desktop\PUP\node_modules\react-dom\cjs\react-dom-client.development.js:14051
recursivelyTraverseReconnectPassiveEffects @ C:\Users\USER\OneDrive\Desktop\PUP\node_modules\react-dom\cjs\react-dom-client.development.js:13976
reconnectPassiveEffects @ C:\Users\USER\OneDrive\Desktop\PUP\node_modules\react-dom\cjs\react-dom-client.development.js:14051
recursivelyTraverseReconnectPassiveEffects @ C:\Users\USER\OneDrive\Desktop\PUP\node_modules\react-dom\cjs\react-dom-client.development.js:13976
reconnectPassiveEffects @ C:\Users\USER\OneDrive\Desktop\PUP\node_modules\react-dom\cjs\react-dom-client.development.js:13997
recursivelyTraverseReconnectPassiveEffects @ C:\Users\USER\OneDrive\Desktop\PUP\node_modules\react-dom\cjs\react-dom-client.development.js:13976
reconnectPassiveEffects @ C:\Users\USER\OneDrive\Desktop\PUP\node_modules\react-dom\cjs\react-dom-client.development.js:13997
recursivelyTraverseReconnectPassiveEffects @ C:\Users\USER\OneDrive\Desktop\PUP\node_modules\react-dom\cjs\react-dom-client.development.js:13976
reconnectPassiveEffects @ C:\Users\USER\OneDrive\Desktop\PUP\node_modules\react-dom\cjs\react-dom-client.development.js:14051
recursivelyTraverseReconnectPassiveEffects @ C:\Users\USER\OneDrive\Desktop\PUP\node_modules\react-dom\cjs\react-dom-client.development.js:13976
reconnectPassiveEffects @ C:\Users\USER\OneDrive\Desktop\PUP\node_modules\react-dom\cjs\react-dom-client.development.js:13997
recursivelyTraverseReconnectPassiveEffects @ C:\Users\USER\OneDrive\Desktop\PUP\node_modules\react-dom\cjs\react-dom-client.development.js:13976
reconnectPassiveEffects @ C:\Users\USER\OneDrive\Desktop\PUP\node_modules\react-dom\cjs\react-dom-client.development.js:13997
recursivelyTraverseReconnectPassiveEffects @ C:\Users\USER\OneDrive\Desktop\PUP\node_modules\react-dom\cjs\react-dom-client.development.js:13976
reconnectPassiveEffects @ C:\Users\USER\OneDrive\Desktop\PUP\node_modules\react-dom\cjs\react-dom-client.development.js:14051
recursivelyTraverseReconnectPassiveEffects @ C:\Users\USER\OneDrive\Desktop\PUP\node_modules\react-dom\cjs\react-dom-client.development.js:13976
reconnectPassiveEffects @ C:\Users\USER\OneDrive\Desktop\PUP\node_modules\react-dom\cjs\react-dom-client.development.js:13997
recursivelyTraverseReconnectPassiveEffects @ C:\Users\USER\OneDrive\Desktop\PUP\node_modules\react-dom\cjs\react-dom-client.development.js:13976
reconnectPassiveEffects @ C:\Users\USER\OneDrive\Desktop\PUP\node_modules\react-dom\cjs\react-dom-client.development.js:14051
recursivelyTraverseReconnectPassiveEffects @ C:\Users\USER\OneDrive\Desktop\PUP\node_modules\react-dom\cjs\react-dom-client.development.js:13976
reconnectPassiveEffects @ C:\Users\USER\OneDrive\Desktop\PUP\node_modules\react-dom\cjs\react-dom-client.development.js:13997
recursivelyTraverseReconnectPassiveEffects @ C:\Users\USER\OneDrive\Desktop\PUP\node_modules\react-dom\cjs\react-dom-client.development.js:13976
reconnectPassiveEffects @ C:\Users\USER\OneDrive\Desktop\PUP\node_modules\react-dom\cjs\react-dom-client.development.js:13997
recursivelyTraverseReconnectPassiveEffects @ C:\Users\USER\OneDrive\Desktop\PUP\node_modules\react-dom\cjs\react-dom-client.development.js:13976
reconnectPassiveEffects @ C:\Users\USER\OneDrive\Desktop\PUP\node_modules\react-dom\cjs\react-dom-client.development.js:13997
recursivelyTraverseReconnectPassiveEffects @ C:\Users\USER\OneDrive\Desktop\PUP\node_modules\react-dom\cjs\react-dom-client.development.js:13976
reconnectPassiveEffects @ C:\Users\USER\OneDrive\Desktop\PUP\node_modules\react-dom\cjs\react-dom-client.development.js:14051
recursivelyTraverseReconnectPassiveEffects @ C:\Users\USER\OneDrive\Desktop\PUP\node_modules\react-dom\cjs\react-dom-client.development.js:13976
reconnectPassiveEffects @ C:\Users\USER\OneDrive\Desktop\PUP\node_modules\react-dom\cjs\react-dom-client.development.js:13997
recursivelyTraverseReconnectPassiveEffects @ C:\Users\USER\OneDrive\Desktop\PUP\node_modules\react-dom\cjs\react-dom-client.development.js:13976
reconnectPassiveEffects @ C:\Users\USER\OneDrive\Desktop\PUP\node_modules\react-dom\cjs\react-dom-client.development.js:14051
recursivelyTraverseReconnectPassiveEffects @ C:\Users\USER\OneDrive\Desktop\PUP\node_modules\react-dom\cjs\react-dom-client.development.js:13976
reconnectPassiveEffects @ C:\Users\USER\OneDrive\Desktop\PUP\node_modules\react-dom\cjs\react-dom-client.development.js:14051
recursivelyTraverseReconnectPassiveEffects @ C:\Users\USER\OneDrive\Desktop\PUP\node_modules\react-dom\cjs\react-dom-client.development.js:13976
reconnectPassiveEffects @ C:\Users\USER\OneDrive\Desktop\PUP\node_modules\react-dom\cjs\react-dom-client.development.js:13997
recursivelyTraverseReconnectPassiveEffects @ C:\Users\USER\OneDrive\Desktop\PUP\node_modules\react-dom\cjs\react-dom-client.development.js:13976
reconnectPassiveEffects @ C:\Users\USER\OneDrive\Desktop\PUP\node_modules\react-dom\cjs\react-dom-client.development.js:14051
recursivelyTraverseReconnectPassiveEffects @ C:\Users\USER\OneDrive\Desktop\PUP\node_modules\react-dom\cjs\react-dom-client.development.js:13976
reconnectPassiveEffects @ C:\Users\USER\OneDrive\Desktop\PUP\node_modules\react-dom\cjs\react-dom-client.development.js:14051
recursivelyTraverseReconnectPassiveEffects @ C:\Users\USER\OneDrive\Desktop\PUP\node_modules\react-dom\cjs\react-dom-client.development.js:13976
reconnectPassiveEffects @ C:\Users\USER\OneDrive\Desktop\PUP\node_modules\react-dom\cjs\react-dom-client.development.js:13997
recursivelyTraverseReconnectPassiveEffects @ C:\Users\USER\OneDrive\Desktop\PUP\node_modules\react-dom\cjs\react-dom-client.development.js:13976
reconnectPassiveEffects @ C:\Users\USER\OneDrive\Desktop\PUP\node_modules\react-dom\cjs\react-dom-client.development.js:13997
recursivelyTraverseReconnectPassiveEffects @ C:\Users\USER\OneDrive\Desktop\PUP\node_modules\react-dom\cjs\react-dom-client.development.js:13976
reconnectPassiveEffects @ C:\Users\USER\OneDrive\Desktop\PUP\node_modules\react-dom\cjs\react-dom-client.development.js:13997
recursivelyTraverseReconnectPassiveEffects @ C:\Users\USER\OneDrive\Desktop\PUP\node_modules\react-dom\cjs\react-dom-client.development.js:13976
reconnectPassiveEffects @ C:\Users\USER\OneDrive\Desktop\PUP\node_modules\react-dom\cjs\react-dom-client.development.js:13997
recursivelyTraverseReconnectPassiveEffects @ C:\Users\USER\OneDrive\Desktop\PUP\node_modules\react-dom\cjs\react-dom-client.development.js:13976
reconnectPassiveEffects @ C:\Users\USER\OneDrive\Desktop\PUP\node_modules\react-dom\cjs\react-dom-client.development.js:13997
recursivelyTraverseReconnectPassiveEffects @ C:\Users\USER\OneDrive\Desktop\PUP\node_modules\react-dom\cjs\react-dom-client.development.js:13976
reconnectPassiveEffects @ C:\Users\USER\OneDrive\Desktop\PUP\node_modules\react-dom\cjs\react-dom-client.development.js:13997
recursivelyTraverseReconnectPassiveEffects @ C:\Users\USER\OneDrive\Desktop\PUP\node_modules\react-dom\cjs\react-dom-client.development.js:13976
commitPassiveMountOnFiber @ C:\Users\USER\OneDrive\Desktop\PUP\node_modules\react-dom\cjs\react-dom-client.development.js:13936
recursivelyTraversePassiveMountEffects @ C:\Users\USER\OneDrive\Desktop\PUP\node_modules\react-dom\cjs\react-dom-client.development.js:13815
commitPassiveMountOnFiber @ C:\Users\USER\OneDrive\Desktop\PUP\node_modules\react-dom\cjs\react-dom-client.development.js:13903
recursivelyTraversePassiveMountEffects @ C:\Users\USER\OneDrive\Desktop\PUP\node_modules\react-dom\cjs\react-dom-client.development.js:13815
commitPassiveMountOnFiber @ C:\Users\USER\OneDrive\Desktop\PUP\node_modules\react-dom\cjs\react-dom-client.development.js:13957
recursivelyTraversePassiveMountEffects @ C:\Users\USER\OneDrive\Desktop\PUP\node_modules\react-dom\cjs\react-dom-client.development.js:13815
commitPassiveMountOnFiber @ C:\Users\USER\OneDrive\Desktop\PUP\node_modules\react-dom\cjs\react-dom-client.development.js:13957
recursivelyTraversePassiveMountEffects @ C:\Users\USER\OneDrive\Desktop\PUP\node_modules\react-dom\cjs\react-dom-client.development.js:13815
commitPassiveMountOnFiber @ C:\Users\USER\OneDrive\Desktop\PUP\node_modules\react-dom\cjs\react-dom-client.development.js:13834
recursivelyTraversePassiveMountEffects @ C:\Users\USER\OneDrive\Desktop\PUP\node_modules\react-dom\cjs\react-dom-client.development.js:13815
commitPassiveMountOnFiber @ C:\Users\USER\OneDrive\Desktop\PUP\node_modules\react-dom\cjs\react-dom-client.development.js:13834
recursivelyTraversePassiveMountEffects @ C:\Users\USER\OneDrive\Desktop\PUP\node_modules\react-dom\cjs\react-dom-client.development.js:13815
commitPassiveMountOnFiber @ C:\Users\USER\OneDrive\Desktop\PUP\node_modules\react-dom\cjs\react-dom-client.development.js:13834
recursivelyTraversePassiveMountEffects @ C:\Users\USER\OneDrive\Desktop\PUP\node_modules\react-dom\cjs\react-dom-client.development.js:13815
commitPassiveMountOnFiber @ C:\Users\USER\OneDrive\Desktop\PUP\node_modules\react-dom\cjs\react-dom-client.development.js:13957
recursivelyTraversePassiveMountEffects @ C:\Users\USER\OneDrive\Desktop\PUP\node_modules\react-dom\cjs\react-dom-client.development.js:13815
commitPassiveMountOnFiber @ C:\Users\USER\OneDrive\Desktop\PUP\node_modules\react-dom\cjs\react-dom-client.development.js:13957
recursivelyTraversePassiveMountEffects @ C:\Users\USER\OneDrive\Desktop\PUP\node_modules\react-dom\cjs\react-dom-client.development.js:13815
commitPassiveMountOnFiber @ C:\Users\USER\OneDrive\Desktop\PUP\node_modules\react-dom\cjs\react-dom-client.development.js:13834
recursivelyTraversePassiveMountEffects @ C:\Users\USER\OneDrive\Desktop\PUP\node_modules\react-dom\cjs\react-dom-client.development.js:13815
commitPassiveMountOnFiber @ C:\Users\USER\OneDrive\Desktop\PUP\node_modules\react-dom\cjs\react-dom-client.development.js:13957
recursivelyTraversePassiveMountEffects @ C:\Users\USER\OneDrive\Desktop\PUP\node_modules\react-dom\cjs\react-dom-client.development.js:13815
commitPassiveMountOnFiber @ C:\Users\USER\OneDrive\Desktop\PUP\node_modules\react-dom\cjs\react-dom-client.development.js:13957
recursivelyTraversePassiveMountEffects @ C:\Users\USER\OneDrive\Desktop\PUP\node_modules\react-dom\cjs\react-dom-client.development.js:13815
commitPassiveMountOnFiber @ C:\Users\USER\OneDrive\Desktop\PUP\node_modules\react-dom\cjs\react-dom-client.development.js:13957
recursivelyTraversePassiveMountEffects @ C:\Users\USER\OneDrive\Desktop\PUP\node_modules\react-dom\cjs\react-dom-client.development.js:13815
commitPassiveMountOnFiber @ C:\Users\USER\OneDrive\Desktop\PUP\node_modules\react-dom\cjs\react-dom-client.development.js:13834
recursivelyTraversePassiveMountEffects @ C:\Users\USER\OneDrive\Desktop\PUP\node_modules\react-dom\cjs\react-dom-client.development.js:13815
commitPassiveMountOnFiber @ C:\Users\USER\OneDrive\Desktop\PUP\node_modules\react-dom\cjs\react-dom-client.development.js:13957
recursivelyTraversePassiveMountEffects @ C:\Users\USER\OneDrive\Desktop\PUP\node_modules\react-dom\cjs\react-dom-client.development.js:13815
commitPassiveMountOnFiber @ C:\Users\USER\OneDrive\Desktop\PUP\node_modules\react-dom\cjs\react-dom-client.development.js:13957
recursivelyTraversePassiveMountEffects @ C:\Users\USER\OneDrive\Desktop\PUP\node_modules\react-dom\cjs\react-dom-client.development.js:13815
commitPassiveMountOnFiber @ C:\Users\USER\OneDrive\Desktop\PUP\node_modules\react-dom\cjs\react-dom-client.development.js:13957
recursivelyTraversePassiveMountEffects @ C:\Users\USER\OneDrive\Desktop\PUP\node_modules\react-dom\cjs\react-dom-client.development.js:13815
commitPassiveMountOnFiber @ C:\Users\USER\OneDrive\Desktop\PUP\node_modules\react-dom\cjs\react-dom-client.development.js:13834
recursivelyTraversePassiveMountEffects @ C:\Users\USER\OneDrive\Desktop\PUP\node_modules\react-dom\cjs\react-dom-client.development.js:13815
commitPassiveMountOnFiber @ C:\Users\USER\OneDrive\Desktop\PUP\node_modules\react-dom\cjs\react-dom-client.development.js:13957
recursivelyTraversePassiveMountEffects @ C:\Users\USER\OneDrive\Desktop\PUP\node_modules\react-dom\cjs\react-dom-client.development.js:13815
commitPassiveMountOnFiber @ C:\Users\USER\OneDrive\Desktop\PUP\node_modules\react-dom\cjs\react-dom-client.development.js:13957
recursivelyTraversePassiveMountEffects @ C:\Users\USER\OneDrive\Desktop\PUP\node_modules\react-dom\cjs\react-dom-client.development.js:13815
commitPassiveMountOnFiber @ C:\Users\USER\OneDrive\Desktop\PUP\node_modules\react-dom\cjs\react-dom-client.development.js:13834
recursivelyTraversePassiveMountEffects @ C:\Users\USER\OneDrive\Desktop\PUP\node_modules\react-dom\cjs\react-dom-client.development.js:13815
commitPassiveMountOnFiber @ C:\Users\USER\OneDrive\Desktop\PUP\node_modules\react-dom\cjs\react-dom-client.development.js:13957
recursivelyTraversePassiveMountEffects @ C:\Users\USER\OneDrive\Desktop\PUP\node_modules\react-dom\cjs\react-dom-client.development.js:13815
commitPassiveMountOnFiber @ C:\Users\USER\OneDrive\Desktop\PUP\node_modules\react-dom\cjs\react-dom-client.development.js:13957
recursivelyTraversePassiveMountEffects @ C:\Users\USER\OneDrive\Desktop\PUP\node_modules\react-dom\cjs\react-dom-client.development.js:13815
commitPassiveMountOnFiber @ C:\Users\USER\OneDrive\Desktop\PUP\node_modules\react-dom\cjs\react-dom-client.development.js:13834
recursivelyTraversePassiveMountEffects @ C:\Users\USER\OneDrive\Desktop\PUP\node_modules\react-dom\cjs\react-dom-client.development.js:13815
commitPassiveMountOnFiber @ C:\Users\USER\OneDrive\Desktop\PUP\node_modules\react-dom\cjs\react-dom-client.development.js:13957
recursivelyTraversePassiveMountEffects @ C:\Users\USER\OneDrive\Desktop\PUP\node_modules\react-dom\cjs\react-dom-client.development.js:13815
commitPassiveMountOnFiber @ C:\Users\USER\OneDrive\Desktop\PUP\node_modules\react-dom\cjs\react-dom-client.development.js:13957
recursivelyTraversePassiveMountEffects @ C:\Users\USER\OneDrive\Desktop\PUP\node_modules\react-dom\cjs\react-dom-client.development.js:13815
commitPassiveMountOnFiber @ C:\Users\USER\OneDrive\Desktop\PUP\node_modules\react-dom\cjs\react-dom-client.development.js:13834
recursivelyTraversePassiveMountEffects @ C:\Users\USER\OneDrive\Desktop\PUP\node_modules\react-dom\cjs\react-dom-client.development.js:13815
commitPassiveMountOnFiber @ C:\Users\USER\OneDrive\Desktop\PUP\node_modules\react-dom\cjs\react-dom-client.development.js:13834
recursivelyTraversePassiveMountEffects @ C:\Users\USER\OneDrive\Desktop\PUP\node_modules\react-dom\cjs\react-dom-client.development.js:13815
commitPassiveMountOnFiber @ C:\Users\USER\OneDrive\Desktop\PUP\node_modules\react-dom\cjs\react-dom-client.development.js:13834
recursivelyTraversePassiveMountEffects @ C:\Users\USER\OneDrive\Desktop\PUP\node_modules\react-dom\cjs\react-dom-client.development.js:13815
commitPassiveMountOnFiber @ C:\Users\USER\OneDrive\Desktop\PUP\node_modules\react-dom\cjs\react-dom-client.development.js:13834
recursivelyTraversePassiveMountEffects @ C:\Users\USER\OneDrive\Desktop\PUP\node_modules\react-dom\cjs\react-dom-client.development.js:13815
commitPassiveMountOnFiber @ C:\Users\USER\OneDrive\Desktop\PUP\node_modules\react-dom\cjs\react-dom-client.development.js:13957
recursivelyTraversePassiveMountEffects @ C:\Users\USER\OneDrive\Desktop\PUP\node_modules\react-dom\cjs\react-dom-client.development.js:13815
commitPassiveMountOnFiber @ C:\Users\USER\OneDrive\Desktop\PUP\node_modules\react-dom\cjs\react-dom-client.development.js:13834
recursivelyTraversePassiveMountEffects @ C:\Users\USER\OneDrive\Desktop\PUP\node_modules\react-dom\cjs\react-dom-client.development.js:13815
commitPassiveMountOnFiber @ C:\Users\USER\OneDrive\Desktop\PUP\node_modules\react-dom\cjs\react-dom-client.development.js:13834
recursivelyTraversePassiveMountEffects @ C:\Users\USER\OneDrive\Desktop\PUP\node_modules\react-dom\cjs\react-dom-client.development.js:13815
commitPassiveMountOnFiber @ C:\Users\USER\OneDrive\Desktop\PUP\node_modules\react-dom\cjs\react-dom-client.development.js:13928
recursivelyTraversePassiveMountEffects @ C:\Users\USER\OneDrive\Desktop\PUP\node_modules\react-dom\cjs\react-dom-client.development.js:13815
commitPassiveMountOnFiber @ C:\Users\USER\OneDrive\Desktop\PUP\node_modules\react-dom\cjs\react-dom-client.development.js:13903
recursivelyTraversePassiveMountEffects @ C:\Users\USER\OneDrive\Desktop\PUP\node_modules\react-dom\cjs\react-dom-client.development.js:13815
commitPassiveMountOnFiber @ C:\Users\USER\OneDrive\Desktop\PUP\node_modules\react-dom\cjs\react-dom-client.development.js:13957
recursivelyTraversePassiveMountEffects @ C:\Users\USER\OneDrive\Desktop\PUP\node_modules\react-dom\cjs\react-dom-client.development.js:13815
commitPassiveMountOnFiber @ C:\Users\USER\OneDrive\Desktop\PUP\node_modules\react-dom\cjs\react-dom-client.development.js:13957
recursivelyTraversePassiveMountEffects @ C:\Users\USER\OneDrive\Desktop\PUP\node_modules\react-dom\cjs\react-dom-client.development.js:13815
commitPassiveMountOnFiber @ C:\Users\USER\OneDrive\Desktop\PUP\node_modules\react-dom\cjs\react-dom-client.development.js:13834
recursivelyTraversePassiveMountEffects @ C:\Users\USER\OneDrive\Desktop\PUP\node_modules\react-dom\cjs\react-dom-client.development.js:13815
commitPassiveMountOnFiber @ C:\Users\USER\OneDrive\Desktop\PUP\node_modules\react-dom\cjs\react-dom-client.development.js:13834
recursivelyTraversePassiveMountEffects @ C:\Users\USER\OneDrive\Desktop\PUP\node_modules\react-dom\cjs\react-dom-client.development.js:13815
commitPassiveMountOnFiber @ C:\Users\USER\OneDrive\Desktop\PUP\node_modules\react-dom\cjs\react-dom-client.development.js:13834
recursivelyTraversePassiveMountEffects @ C:\Users\USER\OneDrive\Desktop\PUP\node_modules\react-dom\cjs\react-dom-client.development.js:13815
commitPassiveMountOnFiber @ C:\Users\USER\OneDrive\Desktop\PUP\node_modules\react-dom\cjs\react-dom-client.development.js:13957
recursivelyTraversePassiveMountEffects @ C:\Users\USER\OneDrive\Desktop\PUP\node_modules\react-dom\cjs\react-dom-client.development.js:13815
commitPassiveMountOnFiber @ C:\Users\USER\OneDrive\Desktop\PUP\node_modules\react-dom\cjs\react-dom-client.development.js:13957
<HomeScreen(./(tabs)/index.tsx)>
exports.jsxDEV @ C:\Users\USER\OneDrive\Desktop\PUP\node_modules\react\cjs\react-jsx-dev-runtime.development.js:346
BaseRoute @ C:\Users\USER\OneDrive\Desktop\PUP\node_modules\expo-router\build\useScreens.js:213
react-stack-bottom-frame @ C:\Users\USER\OneDrive\Desktop\PUP\node_modules\react-dom\cjs\react-dom-client.development.js:23863
renderWithHooks @ C:\Users\USER\OneDrive\Desktop\PUP\node_modules\react-dom\cjs\react-dom-client.development.js:5529
updateFunctionComponent @ C:\Users\USER\OneDrive\Desktop\PUP\node_modules\react-dom\cjs\react-dom-client.development.js:8897
beginWork @ C:\Users\USER\OneDrive\Desktop\PUP\node_modules\react-dom\cjs\react-dom-client.development.js:10522
runWithFiberInDEV @ C:\Users\USER\OneDrive\Desktop\PUP\node_modules\react-dom\cjs\react-dom-client.development.js:1519
performUnitOfWork @ C:\Users\USER\OneDrive\Desktop\PUP\node_modules\react-dom\cjs\react-dom-client.development.js:15132
workLoopSync @ C:\Users\USER\OneDrive\Desktop\PUP\node_modules\react-dom\cjs\react-dom-client.development.js:14956
renderRootSync @ C:\Users\USER\OneDrive\Desktop\PUP\node_modules\react-dom\cjs\react-dom-client.development.js:14936
performWorkOnRoot @ C:\Users\USER\OneDrive\Desktop\PUP\node_modules\react-dom\cjs\react-dom-client.development.js:14419
performSyncWorkOnRoot @ C:\Users\USER\OneDrive\Desktop\PUP\node_modules\react-dom\cjs\react-dom-client.development.js:16231
flushSyncWorkAcrossRoots_impl @ C:\Users\USER\OneDrive\Desktop\PUP\node_modules\react-dom\cjs\react-dom-client.development.js:16079
flushPassiveEffects @ C:\Users\USER\OneDrive\Desktop\PUP\node_modules\react-dom\cjs\react-dom-client.development.js:15749
(anonymous) @ C:\Users\USER\OneDrive\Desktop\PUP\node_modules\react-dom\cjs\react-dom-client.development.js:15379
performWorkUntilDeadline @ C:\Users\USER\OneDrive\Desktop\PUP\node_modules\scheduler\cjs\scheduler.development.js:45
<Route(index)>
exports.jsx @ C:\Users\USER\OneDrive\Desktop\PUP\node_modules\react\cjs\react-jsx-runtime.development.js:339
SceneView @ C:\Users\USER\OneDrive\Desktop\PUP\node_modules\@react-navigation\core\lib\module\SceneView.js:125
react-stack-bottom-frame @ C:\Users\USER\OneDrive\Desktop\PUP\node_modules\react-dom\cjs\react-dom-client.development.js:23863
renderWithHooks @ C:\Users\USER\OneDrive\Desktop\PUP\node_modules\react-dom\cjs\react-dom-client.development.js:5529
updateFunctionComponent @ C:\Users\USER\OneDrive\Desktop\PUP\node_modules\react-dom\cjs\react-dom-client.development.js:8897
beginWork @ C:\Users\USER\OneDrive\Desktop\PUP\node_modules\react-dom\cjs\react-dom-client.development.js:10522
runWithFiberInDEV @ C:\Users\USER\OneDrive\Desktop\PUP\node_modules\react-dom\cjs\react-dom-client.development.js:1519
performUnitOfWork @ C:\Users\USER\OneDrive\Desktop\PUP\node_modules\react-dom\cjs\react-dom-client.development.js:15132
workLoopSync @ C:\Users\USER\OneDrive\Desktop\PUP\node_modules\react-dom\cjs\react-dom-client.development.js:14956
renderRootSync @ C:\Users\USER\OneDrive\Desktop\PUP\node_modules\react-dom\cjs\react-dom-client.development.js:14936
performWorkOnRoot @ C:\Users\USER\OneDrive\Desktop\PUP\node_modules\react-dom\cjs\react-dom-client.development.js:14419
performSyncWorkOnRoot @ C:\Users\USER\OneDrive\Desktop\PUP\node_modules\react-dom\cjs\react-dom-client.development.js:16231
flushSyncWorkAcrossRoots_impl @ C:\Users\USER\OneDrive\Desktop\PUP\node_modules\react-dom\cjs\react-dom-client.development.js:16079
flushPassiveEffects @ C:\Users\USER\OneDrive\Desktop\PUP\node_modules\react-dom\cjs\react-dom-client.development.js:15749
(anonymous) @ C:\Users\USER\OneDrive\Desktop\PUP\node_modules\react-dom\cjs\react-dom-client.development.js:15379
performWorkUntilDeadline @ C:\Users\USER\OneDrive\Desktop\PUP\node_modules\scheduler\cjs\scheduler.development.js:45
<SceneView>
exports.jsx @ C:\Users\USER\OneDrive\Desktop\PUP\node_modules\react\cjs\react-jsx-runtime.development.js:339
render @ C:\Users\USER\OneDrive\Desktop\PUP\node_modules\@react-navigation\core\lib\module\useDescriptors.js:108
(anonymous) @ C:\Users\USER\OneDrive\Desktop\PUP\node_modules\@react-navigation\core\lib\module\useDescriptors.js:140
useDescriptors @ C:\Users\USER\OneDrive\Desktop\PUP\node_modules\@react-navigation\core\lib\module\useDescriptors.js:137
useNavigationBuilder @ C:\Users\USER\OneDrive\Desktop\PUP\node_modules\@react-navigation\core\lib\module\useNavigationBuilder.js:562
BottomTabNavigator @ C:\Users\USER\OneDrive\Desktop\PUP\node_modules\@react-navigation\bottom-tabs\lib\module\navigators\createBottomTabNavigator.js:24
react-stack-bottom-frame @ C:\Users\USER\OneDrive\Desktop\PUP\node_modules\react-dom\cjs\react-dom-client.development.js:23863
renderWithHooks @ C:\Users\USER\OneDrive\Desktop\PUP\node_modules\react-dom\cjs\react-dom-client.development.js:5529
updateFunctionComponent @ C:\Users\USER\OneDrive\Desktop\PUP\node_modules\react-dom\cjs\react-dom-client.development.js:8897
beginWork @ C:\Users\USER\OneDrive\Desktop\PUP\node_modules\react-dom\cjs\react-dom-client.development.js:10522
runWithFiberInDEV @ C:\Users\USER\OneDrive\Desktop\PUP\node_modules\react-dom\cjs\react-dom-client.development.js:1519
performUnitOfWork @ C:\Users\USER\OneDrive\Desktop\PUP\node_modules\react-dom\cjs\react-dom-client.development.js:15132
workLoopSync @ C:\Users\USER\OneDrive\Desktop\PUP\node_modules\react-dom\cjs\react-dom-client.development.js:14956
renderRootSync @ C:\Users\USER\OneDrive\Desktop\PUP\node_modules\react-dom\cjs\react-dom-client.development.js:14936
performWorkOnRoot @ C:\Users\USER\OneDrive\Desktop\PUP\node_modules\react-dom\cjs\react-dom-client.development.js:14419
performSyncWorkOnRoot @ C:\Users\USER\OneDrive\Desktop\PUP\node_modules\react-dom\cjs\react-dom-client.development.js:16231
flushSyncWorkAcrossRoots_impl @ C:\Users\USER\OneDrive\Desktop\PUP\node_modules\react-dom\cjs\react-dom-client.development.js:16079
flushPassiveEffects @ C:\Users\USER\OneDrive\Desktop\PUP\node_modules\react-dom\cjs\react-dom-client.development.js:15749
(anonymous) @ C:\Users\USER\OneDrive\Desktop\PUP\node_modules\react-dom\cjs\react-dom-client.development.js:15379
performWorkUntilDeadline @ C:\Users\USER\OneDrive\Desktop\PUP\node_modules\scheduler\cjs\scheduler.development.js:45
<BottomTabNavigator>
exports.jsxDEV @ C:\Users\USER\OneDrive\Desktop\PUP\node_modules\react\cjs\react-jsx-dev-runtime.development.js:346
(anonymous) @ C:\Users\USER\OneDrive\Desktop\PUP\node_modules\expo-router\build\layouts\withLayoutContext.js:156
react-stack-bottom-frame @ C:\Users\USER\OneDrive\Desktop\PUP\node_modules\react-dom\cjs\react-dom-client.development.js:23863
renderWithHooks @ C:\Users\USER\OneDrive\Desktop\PUP\node_modules\react-dom\cjs\react-dom-client.development.js:5529
updateForwardRef @ C:\Users\USER\OneDrive\Desktop\PUP\node_modules\react-dom\cjs\react-dom-client.development.js:8645
beginWork @ C:\Users\USER\OneDrive\Desktop\PUP\node_modules\react-dom\cjs\react-dom-client.development.js:10861
runWithFiberInDEV @ C:\Users\USER\OneDrive\Desktop\PUP\node_modules\react-dom\cjs\react-dom-client.development.js:1519
performUnitOfWork @ C:\Users\USER\OneDrive\Desktop\PUP\node_modules\react-dom\cjs\react-dom-client.development.js:15132
workLoopSync @ C:\Users\USER\OneDrive\Desktop\PUP\node_modules\react-dom\cjs\react-dom-client.development.js:14956
renderRootSync @ C:\Users\USER\OneDrive\Desktop\PUP\node_modules\react-dom\cjs\react-dom-client.development.js:14936
performWorkOnRoot @ C:\Users\USER\OneDrive\Desktop\PUP\node_modules\react-dom\cjs\react-dom-client.development.js:14419
performSyncWorkOnRoot @ C:\Users\USER\OneDrive\Desktop\PUP\node_modules\react-dom\cjs\react-dom-client.development.js:16231
flushSyncWorkAcrossRoots_impl @ C:\Users\USER\OneDrive\Desktop\PUP\node_modules\react-dom\cjs\react-dom-client.development.js:16079
flushPassiveEffects @ C:\Users\USER\OneDrive\Desktop\PUP\node_modules\react-dom\cjs\react-dom-client.development.js:15749
(anonymous) @ C:\Users\USER\OneDrive\Desktop\PUP\node_modules\react-dom\cjs\react-dom-client.development.js:15379
performWorkUntilDeadline @ C:\Users\USER\OneDrive\Desktop\PUP\node_modules\scheduler\cjs\scheduler.development.js:45
<ForwardRef>
exports.jsxDEV @ C:\Users\USER\OneDrive\Desktop\PUP\node_modules\react\cjs\react-jsx-dev-runtime.development.js:346
Object.assign.Screen @ C:\Users\USER\OneDrive\Desktop\PUP\node_modules\expo-router\build\layouts\TabsClient.js:46
react-stack-bottom-frame @ C:\Users\USER\OneDrive\Desktop\PUP\node_modules\react-dom\cjs\react-dom-client.development.js:23863
renderWithHooks @ C:\Users\USER\OneDrive\Desktop\PUP\node_modules\react-dom\cjs\react-dom-client.development.js:5529
updateFunctionComponent @ C:\Users\USER\OneDrive\Desktop\PUP\node_modules\react-dom\cjs\react-dom-client.development.js:8897
beginWork @ C:\Users\USER\OneDrive\Desktop\PUP\node_modules\react-dom\cjs\react-dom-client.development.js:10522
runWithFiberInDEV @ C:\Users\USER\OneDrive\Desktop\PUP\node_modules\react-dom\cjs\react-dom-client.development.js:1519
performUnitOfWork @ C:\Users\USER\OneDrive\Desktop\PUP\node_modules\react-dom\cjs\react-dom-client.development.js:15132
workLoopSync @ C:\Users\USER\OneDrive\Desktop\PUP\node_modules\react-dom\cjs\react-dom-client.development.js:14956
renderRootSync @ C:\Users\USER\OneDrive\Desktop\PUP\node_modules\react-dom\cjs\react-dom-client.development.js:14936
performWorkOnRoot @ C:\Users\USER\OneDrive\Desktop\PUP\node_modules\react-dom\cjs\react-dom-client.development.js:14419
performSyncWorkOnRoot @ C:\Users\USER\OneDrive\Desktop\PUP\node_modules\react-dom\cjs\react-dom-client.development.js:16231
flushSyncWorkAcrossRoots_impl @ C:\Users\USER\OneDrive\Desktop\PUP\node_modules\react-dom\cjs\react-dom-client.development.js:16079
flushPassiveEffects @ C:\Users\USER\OneDrive\Desktop\PUP\node_modules\react-dom\cjs\react-dom-client.development.js:15749
(anonymous) @ C:\Users\USER\OneDrive\Desktop\PUP\node_modules\react-dom\cjs\react-dom-client.development.js:15379
performWorkUntilDeadline @ C:\Users\USER\OneDrive\Desktop\PUP\node_modules\scheduler\cjs\scheduler.development.js:45
<...>
exports.jsxDEV @ C:\Users\USER\OneDrive\Desktop\PUP\node_modules\react\cjs\react-jsx-dev-runtime.development.js:346
TabLayout @ C:\Users\USER\OneDrive\Desktop\PUP\app\(tabs)\_layout.tsx:6
react-stack-bottom-frame @ C:\Users\USER\OneDrive\Desktop\PUP\node_modules\react-dom\cjs\react-dom-client.development.js:23863
renderWithHooks @ C:\Users\USER\OneDrive\Desktop\PUP\node_modules\react-dom\cjs\react-dom-client.development.js:5529
updateFunctionComponent @ C:\Users\USER\OneDrive\Desktop\PUP\node_modules\react-dom\cjs\react-dom-client.development.js:8897
beginWork @ C:\Users\USER\OneDrive\Desktop\PUP\node_modules\react-dom\cjs\react-dom-client.development.js:10522
runWithFiberInDEV @ C:\Users\USER\OneDrive\Desktop\PUP\node_modules\react-dom\cjs\react-dom-client.development.js:1519
performUnitOfWork @ C:\Users\USER\OneDrive\Desktop\PUP\node_modules\react-dom\cjs\react-dom-client.development.js:15132
workLoopSync @ C:\Users\USER\OneDrive\Desktop\PUP\node_modules\react-dom\cjs\react-dom-client.development.js:14956
renderRootSync @ C:\Users\USER\OneDrive\Desktop\PUP\node_modules\react-dom\cjs\react-dom-client.development.js:14936
performWorkOnRoot @ C:\Users\USER\OneDrive\Desktop\PUP\node_modules\react-dom\cjs\react-dom-client.development.js:14419
performSyncWorkOnRoot @ C:\Users\USER\OneDrive\Desktop\PUP\node_modules\react-dom\cjs\react-dom-client.development.js:16231
flushSyncWorkAcrossRoots_impl @ C:\Users\USER\OneDrive\Desktop\PUP\node_modules\react-dom\cjs\react-dom-client.development.js:16079
flushPassiveEffects @ C:\Users\USER\OneDrive\Desktop\PUP\node_modules\react-dom\cjs\react-dom-client.development.js:15749
(anonymous) @ C:\Users\USER\OneDrive\Desktop\PUP\node_modules\react-dom\cjs\react-dom-client.development.js:15379
performWorkUntilDeadline @ C:\Users\USER\OneDrive\Desktop\PUP\node_modules\scheduler\cjs\scheduler.development.js:45
<TabLayout(./(tabs)/_layout.tsx)>
exports.jsxDEV @ C:\Users\USER\OneDrive\Desktop\PUP\node_modules\react\cjs\react-jsx-dev-runtime.development.js:346
BaseRoute @ C:\Users\USER\OneDrive\Desktop\PUP\node_modules\expo-router\build\useScreens.js:213
react-stack-bottom-frame @ C:\Users\USER\OneDrive\Desktop\PUP\node_modules\react-dom\cjs\react-dom-client.development.js:23863
renderWithHooks @ C:\Users\USER\OneDrive\Desktop\PUP\node_modules\react-dom\cjs\react-dom-client.development.js:5529
updateFunctionComponent @ C:\Users\USER\OneDrive\Desktop\PUP\node_modules\react-dom\cjs\react-dom-client.development.js:8897
beginWork @ C:\Users\USER\OneDrive\Desktop\PUP\node_modules\react-dom\cjs\react-dom-client.development.js:10522
runWithFiberInDEV @ C:\Users\USER\OneDrive\Desktop\PUP\node_modules\react-dom\cjs\react-dom-client.development.js:1519
performUnitOfWork @ C:\Users\USER\OneDrive\Desktop\PUP\node_modules\react-dom\cjs\react-dom-client.development.js:15132
workLoopSync @ C:\Users\USER\OneDrive\Desktop\PUP\node_modules\react-dom\cjs\react-dom-client.development.js:14956
renderRootSync @ C:\Users\USER\OneDrive\Desktop\PUP\node_modules\react-dom\cjs\react-dom-client.development.js:14936
performWorkOnRoot @ C:\Users\USER\OneDrive\Desktop\PUP\node_modules\react-dom\cjs\react-dom-client.development.js:14419
performSyncWorkOnRoot @ C:\Users\USER\OneDrive\Desktop\PUP\node_modules\react-dom\cjs\react-dom-client.development.js:16231
flushSyncWorkAcrossRoots_impl @ C:\Users\USER\OneDrive\Desktop\PUP\node_modules\react-dom\cjs\react-dom-client.development.js:16079
flushPassiveEffects @ C:\Users\USER\OneDrive\Desktop\PUP\node_modules\react-dom\cjs\react-dom-client.development.js:15749
(anonymous) @ C:\Users\USER\OneDrive\Desktop\PUP\node_modules\react-dom\cjs\react-dom-client.development.js:15379
performWorkUntilDeadline @ C:\Users\USER\OneDrive\Desktop\PUP\node_modules\scheduler\cjs\scheduler.development.js:45
<Route((tabs))>
exports.jsx @ C:\Users\USER\OneDrive\Desktop\PUP\node_modules\react\cjs\react-jsx-runtime.development.js:339
SceneView @ C:\Users\USER\OneDrive\Desktop\PUP\node_modules\@react-navigation\core\lib\module\SceneView.js:125
react-stack-bottom-frame @ C:\Users\USER\OneDrive\Desktop\PUP\node_modules\react-dom\cjs\react-dom-client.development.js:23863
renderWithHooks @ C:\Users\USER\OneDrive\Desktop\PUP\node_modules\react-dom\cjs\react-dom-client.development.js:5529
updateFunctionComponent @ C:\Users\USER\OneDrive\Desktop\PUP\node_modules\react-dom\cjs\react-dom-client.development.js:8897
beginWork @ C:\Users\USER\OneDrive\Desktop\PUP\node_modules\react-dom\cjs\react-dom-client.development.js:10522
runWithFiberInDEV @ C:\Users\USER\OneDrive\Desktop\PUP\node_modules\react-dom\cjs\react-dom-client.development.js:1519
performUnitOfWork @ C:\Users\USER\OneDrive\Desktop\PUP\node_modules\react-dom\cjs\react-dom-client.development.js:15132
workLoopSync @ C:\Users\USER\OneDrive\Desktop\PUP\node_modules\react-dom\cjs\react-dom-client.development.js:14956
renderRootSync @ C:\Users\USER\OneDrive\Desktop\PUP\node_modules\react-dom\cjs\react-dom-client.development.js:14936
performWorkOnRoot @ C:\Users\USER\OneDrive\Desktop\PUP\node_modules\react-dom\cjs\react-dom-client.development.js:14419
performSyncWorkOnRoot @ C:\Users\USER\OneDrive\Desktop\PUP\node_modules\react-dom\cjs\react-dom-client.development.js:16231
flushSyncWorkAcrossRoots_impl @ C:\Users\USER\OneDrive\Desktop\PUP\node_modules\react-dom\cjs\react-dom-client.development.js:16079
flushPassiveEffects @ C:\Users\USER\OneDrive\Desktop\PUP\node_modules\react-dom\cjs\react-dom-client.development.js:15749
(anonymous) @ C:\Users\USER\OneDrive\Desktop\PUP\node_modules\react-dom\cjs\react-dom-client.development.js:15379
performWorkUntilDeadline @ C:\Users\USER\OneDrive\Desktop\PUP\node_modules\scheduler\cjs\scheduler.development.js:45
<SceneView>
exports.jsx @ C:\Users\USER\OneDrive\Desktop\PUP\node_modules\react\cjs\react-jsx-runtime.development.js:339
render @ C:\Users\USER\OneDrive\Desktop\PUP\node_modules\@react-navigation\core\lib\module\useDescriptors.js:108
(anonymous) @ C:\Users\USER\OneDrive\Desktop\PUP\node_modules\@react-navigation\core\lib\module\useDescriptors.js:140
useDescriptors @ C:\Users\USER\OneDrive\Desktop\PUP\node_modules\@react-navigation\core\lib\module\useDescriptors.js:137
useNavigationBuilder @ C:\Users\USER\OneDrive\Desktop\PUP\node_modules\@react-navigation\core\lib\module\useNavigationBuilder.js:562
SlotNavigator @ C:\Users\USER\OneDrive\Desktop\PUP\node_modules\expo-router\build\views\Navigator.js:107
react-stack-bottom-frame @ C:\Users\USER\OneDrive\Desktop\PUP\node_modules\react-dom\cjs\react-dom-client.development.js:23863
renderWithHooks @ C:\Users\USER\OneDrive\Desktop\PUP\node_modules\react-dom\cjs\react-dom-client.development.js:5529
updateFunctionComponent @ C:\Users\USER\OneDrive\Desktop\PUP\node_modules\react-dom\cjs\react-dom-client.development.js:8897
beginWork @ C:\Users\USER\OneDrive\Desktop\PUP\node_modules\react-dom\cjs\react-dom-client.development.js:10522
runWithFiberInDEV @ C:\Users\USER\OneDrive\Desktop\PUP\node_modules\react-dom\cjs\react-dom-client.development.js:1519
performUnitOfWork @ C:\Users\USER\OneDrive\Desktop\PUP\node_modules\react-dom\cjs\react-dom-client.development.js:15132
workLoopSync @ C:\Users\USER\OneDrive\Desktop\PUP\node_modules\react-dom\cjs\react-dom-client.development.js:14956
renderRootSync @ C:\Users\USER\OneDrive\Desktop\PUP\node_modules\react-dom\cjs\react-dom-client.development.js:14936
performWorkOnRoot @ C:\Users\USER\OneDrive\Desktop\PUP\node_modules\react-dom\cjs\react-dom-client.development.js:14419
performSyncWorkOnRoot @ C:\Users\USER\OneDrive\Desktop\PUP\node_modules\react-dom\cjs\react-dom-client.development.js:16231
flushSyncWorkAcrossRoots_impl @ C:\Users\USER\OneDrive\Desktop\PUP\node_modules\react-dom\cjs\react-dom-client.development.js:16079
flushPassiveEffects @ C:\Users\USER\OneDrive\Desktop\PUP\node_modules\react-dom\cjs\react-dom-client.development.js:15749
(anonymous) @ C:\Users\USER\OneDrive\Desktop\PUP\node_modules\react-dom\cjs\react-dom-client.development.js:15379
performWorkUntilDeadline @ C:\Users\USER\OneDrive\Desktop\PUP\node_modules\scheduler\cjs\scheduler.development.js:45
<SlotNavigator>
exports.jsxDEV @ C:\Users\USER\OneDrive\Desktop\PUP\node_modules\react\cjs\react-jsx-dev-runtime.development.js:346
Slot @ C:\Users\USER\OneDrive\Desktop\PUP\node_modules\expo-router\build\views\Navigator.js:130
react-stack-bottom-frame @ C:\Users\USER\OneDrive\Desktop\PUP\node_modules\react-dom\cjs\react-dom-client.development.js:23863
renderWithHooks @ C:\Users\USER\OneDrive\Desktop\PUP\node_modules\react-dom\cjs\react-dom-client.development.js:5529
updateFunctionComponent @ C:\Users\USER\OneDrive\Desktop\PUP\node_modules\react-dom\cjs\react-dom-client.development.js:8897
beginWork @ C:\Users\USER\OneDrive\Desktop\PUP\node_modules\react-dom\cjs\react-dom-client.development.js:10522
runWithFiberInDEV @ C:\Users\USER\OneDrive\Desktop\PUP\node_modules\react-dom\cjs\react-dom-client.development.js:1519
performUnitOfWork @ C:\Users\USER\OneDrive\Desktop\PUP\node_modules\react-dom\cjs\react-dom-client.development.js:15132
workLoopConcurrentByScheduler @ C:\Users\USER\OneDrive\Desktop\PUP\node_modules\react-dom\cjs\react-dom-client.development.js:15126
renderRootConcurrent @ C:\Users\USER\OneDrive\Desktop\PUP\node_modules\react-dom\cjs\react-dom-client.development.js:15101
performWorkOnRoot @ C:\Users\USER\OneDrive\Desktop\PUP\node_modules\react-dom\cjs\react-dom-client.development.js:14418
performWorkOnRootViaSchedulerTask @ C:\Users\USER\OneDrive\Desktop\PUP\node_modules\react-dom\cjs\react-dom-client.development.js:16216
performWorkUntilDeadline @ C:\Users\USER\OneDrive\Desktop\PUP\node_modules\scheduler\cjs\scheduler.development.js:45
<Slot>
exports.jsxDEV @ C:\Users\USER\OneDrive\Desktop\PUP\node_modules\react\cjs\react-jsx-dev-runtime.development.js:346
RootLayout @ C:\Users\USER\OneDrive\Desktop\PUP\app\_layout.tsx:86
react-stack-bottom-frame @ C:\Users\USER\OneDrive\Desktop\PUP\node_modules\react-dom\cjs\react-dom-client.development.js:23863
renderWithHooks @ C:\Users\USER\OneDrive\Desktop\PUP\node_modules\react-dom\cjs\react-dom-client.development.js:5529
updateFunctionComponent @ C:\Users\USER\OneDrive\Desktop\PUP\node_modules\react-dom\cjs\react-dom-client.development.js:8897
beginWork @ C:\Users\USER\OneDrive\Desktop\PUP\node_modules\react-dom\cjs\react-dom-client.development.js:10522
runWithFiberInDEV @ C:\Users\USER\OneDrive\Desktop\PUP\node_modules\react-dom\cjs\react-dom-client.development.js:1519
performUnitOfWork @ C:\Users\USER\OneDrive\Desktop\PUP\node_modules\react-dom\cjs\react-dom-client.development.js:15132
workLoopConcurrentByScheduler @ C:\Users\USER\OneDrive\Desktop\PUP\node_modules\react-dom\cjs\react-dom-client.development.js:15126
renderRootConcurrent @ C:\Users\USER\OneDrive\Desktop\PUP\node_modules\react-dom\cjs\react-dom-client.development.js:15101
performWorkOnRoot @ C:\Users\USER\OneDrive\Desktop\PUP\node_modules\react-dom\cjs\react-dom-client.development.js:14418
performWorkOnRootViaSchedulerTask @ C:\Users\USER\OneDrive\Desktop\PUP\node_modules\react-dom\cjs\react-dom-client.development.js:16216
performWorkUntilDeadline @ C:\Users\USER\OneDrive\Desktop\PUP\node_modules\scheduler\cjs\scheduler.development.js:45
<RootLayout(./_layout.tsx)>
exports.jsxDEV @ C:\Users\USER\OneDrive\Desktop\PUP\node_modules\react\cjs\react-jsx-dev-runtime.development.js:346
BaseRoute @ C:\Users\USER\OneDrive\Desktop\PUP\node_modules\expo-router\build\useScreens.js:213
react-stack-bottom-frame @ C:\Users\USER\OneDrive\Desktop\PUP\node_modules\react-dom\cjs\react-dom-client.development.js:23863
renderWithHooks @ C:\Users\USER\OneDrive\Desktop\PUP\node_modules\react-dom\cjs\react-dom-client.development.js:5529
updateFunctionComponent @ C:\Users\USER\OneDrive\Desktop\PUP\node_modules\react-dom\cjs\react-dom-client.development.js:8897
beginWork @ C:\Users\USER\OneDrive\Desktop\PUP\node_modules\react-dom\cjs\react-dom-client.development.js:10522
runWithFiberInDEV @ C:\Users\USER\OneDrive\Desktop\PUP\node_modules\react-dom\cjs\react-dom-client.development.js:1519
performUnitOfWork @ C:\Users\USER\OneDrive\Desktop\PUP\node_modules\react-dom\cjs\react-dom-client.development.js:15132
workLoopConcurrentByScheduler @ C:\Users\USER\OneDrive\Desktop\PUP\node_modules\react-dom\cjs\react-dom-client.development.js:15126
renderRootConcurrent @ C:\Users\USER\OneDrive\Desktop\PUP\node_modules\react-dom\cjs\react-dom-client.development.js:15101
performWorkOnRoot @ C:\Users\USER\OneDrive\Desktop\PUP\node_modules\react-dom\cjs\react-dom-client.development.js:14418
performWorkOnRootViaSchedulerTask @ C:\Users\USER\OneDrive\Desktop\PUP\node_modules\react-dom\cjs\react-dom-client.development.js:16216
performWorkUntilDeadline @ C:\Users\USER\OneDrive\Desktop\PUP\node_modules\scheduler\cjs\scheduler.development.js:45
<Route()>
exports.jsx @ C:\Users\USER\OneDrive\Desktop\PUP\node_modules\react\cjs\react-jsx-runtime.development.js:339
SceneView @ C:\Users\USER\OneDrive\Desktop\PUP\node_modules\@react-navigation\core\lib\module\SceneView.js:125
react-stack-bottom-frame @ C:\Users\USER\OneDrive\Desktop\PUP\node_modules\react-dom\cjs\react-dom-client.development.js:23863
renderWithHooks @ C:\Users\USER\OneDrive\Desktop\PUP\node_modules\react-dom\cjs\react-dom-client.development.js:5529
updateFunctionComponent @ C:\Users\USER\OneDrive\Desktop\PUP\node_modules\react-dom\cjs\react-dom-client.development.js:8897
beginWork @ C:\Users\USER\OneDrive\Desktop\PUP\node_modules\react-dom\cjs\react-dom-client.development.js:10522
runWithFiberInDEV @ C:\Users\USER\OneDrive\Desktop\PUP\node_modules\react-dom\cjs\react-dom-client.development.js:1519
performUnitOfWork @ C:\Users\USER\OneDrive\Desktop\PUP\node_modules\react-dom\cjs\react-dom-client.development.js:15132
workLoopConcurrentByScheduler @ C:\Users\USER\OneDrive\Desktop\PUP\node_modules\react-dom\cjs\react-dom-client.development.js:15126
renderRootConcurrent @ C:\Users\USER\OneDrive\Desktop\PUP\node_modules\react-dom\cjs\react-dom-client.development.js:15101
performWorkOnRoot @ C:\Users\USER\OneDrive\Desktop\PUP\node_modules\react-dom\cjs\react-dom-client.development.js:14418
performWorkOnRootViaSchedulerTask @ C:\Users\USER\OneDrive\Desktop\PUP\node_modules\react-dom\cjs\react-dom-client.development.js:16216
performWorkUntilDeadline @ C:\Users\USER\OneDrive\Desktop\PUP\node_modules\scheduler\cjs\scheduler.development.js:45
<SceneView>
exports.jsx @ C:\Users\USER\OneDrive\Desktop\PUP\node_modules\react\cjs\react-jsx-runtime.development.js:339
render @ C:\Users\USER\OneDrive\Desktop\PUP\node_modules\@react-navigation\core\lib\module\useDescriptors.js:108
(anonymous) @ C:\Users\USER\OneDrive\Desktop\PUP\node_modules\@react-navigation\core\lib\module\useDescriptors.js:140
useDescriptors @ C:\Users\USER\OneDrive\Desktop\PUP\node_modules\@react-navigation\core\lib\module\useDescriptors.js:137
useNavigationBuilder @ C:\Users\USER\OneDrive\Desktop\PUP\node_modules\@react-navigation\core\lib\module\useNavigationBuilder.js:562
Content @ C:\Users\USER\OneDrive\Desktop\PUP\node_modules\expo-router\build\ExpoRoot.js:161
react-stack-bottom-frame @ C:\Users\USER\OneDrive\Desktop\PUP\node_modules\react-dom\cjs\react-dom-client.development.js:23863
renderWithHooks @ C:\Users\USER\OneDrive\Desktop\PUP\node_modules\react-dom\cjs\react-dom-client.development.js:5529
updateFunctionComponent @ C:\Users\USER\OneDrive\Desktop\PUP\node_modules\react-dom\cjs\react-dom-client.development.js:8897
beginWork @ C:\Users\USER\OneDrive\Desktop\PUP\node_modules\react-dom\cjs\react-dom-client.development.js:10522
runWithFiberInDEV @ C:\Users\USER\OneDrive\Desktop\PUP\node_modules\react-dom\cjs\react-dom-client.development.js:1519
performUnitOfWork @ C:\Users\USER\OneDrive\Desktop\PUP\node_modules\react-dom\cjs\react-dom-client.development.js:15132
workLoopConcurrentByScheduler @ C:\Users\USER\OneDrive\Desktop\PUP\node_modules\react-dom\cjs\react-dom-client.development.js:15126
renderRootConcurrent @ C:\Users\USER\OneDrive\Desktop\PUP\node_modules\react-dom\cjs\react-dom-client.development.js:15101
performWorkOnRoot @ C:\Users\USER\OneDrive\Desktop\PUP\node_modules\react-dom\cjs\react-dom-client.development.js:14418
performWorkOnRootViaSchedulerTask @ C:\Users\USER\OneDrive\Desktop\PUP\node_modules\react-dom\cjs\react-dom-client.development.js:16216
performWorkUntilDeadline @ C:\Users\USER\OneDrive\Desktop\PUP\node_modules\scheduler\cjs\scheduler.development.js:45
<Content>
exports.jsxDEV @ C:\Users\USER\OneDrive\Desktop\PUP\node_modules\react\cjs\react-jsx-dev-runtime.development.js:346
ContextNavigator @ C:\Users\USER\OneDrive\Desktop\PUP\node_modules\expo-router\build\ExpoRoot.js:147
react-stack-bottom-frame @ C:\Users\USER\OneDrive\Desktop\PUP\node_modules\react-dom\cjs\react-dom-client.development.js:23863
renderWithHooks @ C:\Users\USER\OneDrive\Desktop\PUP\node_modules\react-dom\cjs\react-dom-client.development.js:5529
updateFunctionComponent @ C:\Users\USER\OneDrive\Desktop\PUP\node_modules\react-dom\cjs\react-dom-client.development.js:8897
beginWork @ C:\Users\USER\OneDrive\Desktop\PUP\node_modules\react-dom\cjs\react-dom-client.development.js:10522
runWithFiberInDEV @ C:\Users\USER\OneDrive\Desktop\PUP\node_modules\react-dom\cjs\react-dom-client.development.js:1519
performUnitOfWork @ C:\Users\USER\OneDrive\Desktop\PUP\node_modules\react-dom\cjs\react-dom-client.development.js:15132
workLoopConcurrentByScheduler @ C:\Users\USER\OneDrive\Desktop\PUP\node_modules\react-dom\cjs\react-dom-client.development.js:15126
renderRootConcurrent @ C:\Users\USER\OneDrive\Desktop\PUP\node_modules\react-dom\cjs\react-dom-client.development.js:15101
performWorkOnRoot @ C:\Users\USER\OneDrive\Desktop\PUP\node_modules\react-dom\cjs\react-dom-client.development.js:14418
performWorkOnRootViaSchedulerTask @ C:\Users\USER\OneDrive\Desktop\PUP\node_modules\react-dom\cjs\react-dom-client.development.js:16216
performWorkUntilDeadline @ C:\Users\USER\OneDrive\Desktop\PUP\node_modules\scheduler\cjs\scheduler.development.js:45
<ContextNavigator>
exports.jsxDEV @ C:\Users\USER\OneDrive\Desktop\PUP\node_modules\react\cjs\react-jsx-dev-runtime.development.js:346
ExpoRoot @ C:\Users\USER\OneDrive\Desktop\PUP\node_modules\expo-router\build\ExpoRoot.js:87
react-stack-bottom-frame @ C:\Users\USER\OneDrive\Desktop\PUP\node_modules\react-dom\cjs\react-dom-client.development.js:23863
renderWithHooks @ C:\Users\USER\OneDrive\Desktop\PUP\node_modules\react-dom\cjs\react-dom-client.development.js:5529
updateFunctionComponent @ C:\Users\USER\OneDrive\Desktop\PUP\node_modules\react-dom\cjs\react-dom-client.development.js:8897
beginWork @ C:\Users\USER\OneDrive\Desktop\PUP\node_modules\react-dom\cjs\react-dom-client.development.js:10522
runWithFiberInDEV @ C:\Users\USER\OneDrive\Desktop\PUP\node_modules\react-dom\cjs\react-dom-client.development.js:1519
performUnitOfWork @ C:\Users\USER\OneDrive\Desktop\PUP\node_modules\react-dom\cjs\react-dom-client.development.js:15132
workLoopConcurrentByScheduler @ C:\Users\USER\OneDrive\Desktop\PUP\node_modules\react-dom\cjs\react-dom-client.development.js:15126
renderRootConcurrent @ C:\Users\USER\OneDrive\Desktop\PUP\node_modules\react-dom\cjs\react-dom-client.development.js:15101
performWorkOnRoot @ C:\Users\USER\OneDrive\Desktop\PUP\node_modules\react-dom\cjs\react-dom-client.development.js:14418
performWorkOnRootViaSchedulerTask @ C:\Users\USER\OneDrive\Desktop\PUP\node_modules\react-dom\cjs\react-dom-client.development.js:16216
performWorkUntilDeadline @ C:\Users\USER\OneDrive\Desktop\PUP\node_modules\scheduler\cjs\scheduler.development.js:45
<ExpoRoot>
exports.jsxDEV @ C:\Users\USER\OneDrive\Desktop\PUP\node_modules\react\cjs\react-jsx-dev-runtime.development.js:346
App @ C:\Users\USER\OneDrive\Desktop\PUP\node_modules\expo-router\build\qualified-entry.js:21
react-stack-bottom-frame @ C:\Users\USER\OneDrive\Desktop\PUP\node_modules\react-dom\cjs\react-dom-client.development.js:23863
renderWithHooks @ C:\Users\USER\OneDrive\Desktop\PUP\node_modules\react-dom\cjs\react-dom-client.development.js:5529
updateFunctionComponent @ C:\Users\USER\OneDrive\Desktop\PUP\node_modules\react-dom\cjs\react-dom-client.development.js:8897
beginWork @ C:\Users\USER\OneDrive\Desktop\PUP\node_modules\react-dom\cjs\react-dom-client.development.js:10522
runWithFiberInDEV @ C:\Users\USER\OneDrive\Desktop\PUP\node_modules\react-dom\cjs\react-dom-client.development.js:1519
performUnitOfWork @ C:\Users\USER\OneDrive\Desktop\PUP\node_modules\react-dom\cjs\react-dom-client.development.js:15132
workLoopConcurrentByScheduler @ C:\Users\USER\OneDrive\Desktop\PUP\node_modules\react-dom\cjs\react-dom-client.development.js:15126
renderRootConcurrent @ C:\Users\USER\OneDrive\Desktop\PUP\node_modules\react-dom\cjs\react-dom-client.development.js:15101
performWorkOnRoot @ C:\Users\USER\OneDrive\Desktop\PUP\node_modules\react-dom\cjs\react-dom-client.development.js:14418
performWorkOnRootViaSchedulerTask @ C:\Users\USER\OneDrive\Desktop\PUP\node_modules\react-dom\cjs\react-dom-client.development.js:16216
performWorkUntilDeadline @ C:\Users\USER\OneDrive\Desktop\PUP\node_modules\scheduler\cjs\scheduler.development.js:45
<App>
exports.jsxDEV @ C:\Users\USER\OneDrive\Desktop\PUP\node_modules\react\cjs\react-jsx-dev-runtime.development.js:346
ErrorOverlay @ C:\Users\USER\OneDrive\Desktop\PUP\node_modules\@expo\metro-runtime\src\error-overlay\index.tsx:19
react-stack-bottom-frame @ C:\Users\USER\OneDrive\Desktop\PUP\node_modules\react-dom\cjs\react-dom-client.development.js:23863
renderWithHooks @ C:\Users\USER\OneDrive\Desktop\PUP\node_modules\react-dom\cjs\react-dom-client.development.js:5529
updateFunctionComponent @ C:\Users\USER\OneDrive\Desktop\PUP\node_modules\react-dom\cjs\react-dom-client.development.js:8897
beginWork @ C:\Users\USER\OneDrive\Desktop\PUP\node_modules\react-dom\cjs\react-dom-client.development.js:10522
runWithFiberInDEV @ C:\Users\USER\OneDrive\Desktop\PUP\node_modules\react-dom\cjs\react-dom-client.development.js:1519
performUnitOfWork @ C:\Users\USER\OneDrive\Desktop\PUP\node_modules\react-dom\cjs\react-dom-client.development.js:15132
workLoopConcurrentByScheduler @ C:\Users\USER\OneDrive\Desktop\PUP\node_modules\react-dom\cjs\react-dom-client.development.js:15126
renderRootConcurrent @ C:\Users\USER\OneDrive\Desktop\PUP\node_modules\react-dom\cjs\react-dom-client.development.js:15101
performWorkOnRoot @ C:\Users\USER\OneDrive\Desktop\PUP\node_modules\react-dom\cjs\react-dom-client.development.js:14418
performWorkOnRootViaSchedulerTask @ C:\Users\USER\OneDrive\Desktop\PUP\node_modules\react-dom\cjs\react-dom-client.development.js:16216
performWorkUntilDeadline @ C:\Users\USER\OneDrive\Desktop\PUP\node_modules\scheduler\cjs\scheduler.development.js:45
<ErrorOverlay>
exports.jsxDEV @ C:\Users\USER\OneDrive\Desktop\PUP\node_modules\react\cjs\react-jsx-dev-runtime.development.js:346
WithDevTools @ C:\Users\USER\OneDrive\Desktop\PUP\node_modules\expo\src\launch\withDevTools.web.tsx:11
react-stack-bottom-frame @ C:\Users\USER\OneDrive\Desktop\PUP\node_modules\react-dom\cjs\react-dom-client.development.js:23863
renderWithHooks @ C:\Users\USER\OneDrive\Desktop\PUP\node_modules\react-dom\cjs\react-dom-client.development.js:5529
updateFunctionComponent @ C:\Users\USER\OneDrive\Desktop\PUP\node_modules\react-dom\cjs\react-dom-client.development.js:8897
beginWork @ C:\Users\USER\OneDrive\Desktop\PUP\node_modules\react-dom\cjs\react-dom-client.development.js:10522
runWithFiberInDEV @ C:\Users\USER\OneDrive\Desktop\PUP\node_modules\react-dom\cjs\react-dom-client.development.js:1519
performUnitOfWork @ C:\Users\USER\OneDrive\Desktop\PUP\node_modules\react-dom\cjs\react-dom-client.development.js:15132
workLoopConcurrentByScheduler @ C:\Users\USER\OneDrive\Desktop\PUP\node_modules\react-dom\cjs\react-dom-client.development.js:15126
renderRootConcurrent @ C:\Users\USER\OneDrive\Desktop\PUP\node_modules\react-dom\cjs\react-dom-client.development.js:15101
performWorkOnRoot @ C:\Users\USER\OneDrive\Desktop\PUP\node_modules\react-dom\cjs\react-dom-client.development.js:14418
performWorkOnRootViaSchedulerTask @ C:\Users\USER\OneDrive\Desktop\PUP\node_modules\react-dom\cjs\react-dom-client.development.js:16216
performWorkUntilDeadline @ C:\Users\USER\OneDrive\Desktop\PUP\node_modules\scheduler\cjs\scheduler.development.js:45
<withDevTools(ErrorOverlay)>
exports.createElement @ C:\Users\USER\OneDrive\Desktop\PUP\node_modules\react\cjs\react.development.js:1033
renderApplication @ C:\Users\USER\OneDrive\Desktop\PUP\node_modules\react-native-web\dist\exports\AppRegistry\renderApplication.js:27
run @ C:\Users\USER\OneDrive\Desktop\PUP\node_modules\react-native-web\dist\exports\AppRegistry\index.js:36
runApplication @ C:\Users\USER\OneDrive\Desktop\PUP\node_modules\react-native-web\dist\exports\AppRegistry\index.js:74
registerRootComponent @ C:\Users\USER\OneDrive\Desktop\PUP\node_modules\expo\src\launch\registerRootComponent.tsx:58
(anonymous) @ C:\Users\USER\OneDrive\Desktop\PUP\node_modules\expo-router\build\renderRootComponent.js:88
exports.startTransition @ C:\Users\USER\OneDrive\Desktop\PUP\node_modules\react\cjs\react.development.js:1124
renderRootComponent @ C:\Users\USER\OneDrive\Desktop\PUP\node_modules\expo-router\build\renderRootComponent.js:85
(anonymous) @ C:\Users\USER\OneDrive\Desktop\PUP\node_modules\expo-router\entry-classic.js:10
loadModuleImplementation @ C:\Users\USER\OneDrive\Desktop\PUP\node_modules\expo\node_modules\@expo\cli\build\metro-require\require.js:248
guardedLoadModule @ C:\Users\USER\OneDrive\Desktop\PUP\node_modules\expo\node_modules\@expo\cli\build\metro-require\require.js:163
metroRequire @ C:\Users\USER\OneDrive\Desktop\PUP\node_modules\expo\node_modules\@expo\cli\build\metro-require\require.js:74
(anonymous) @ C:\Users\USER\OneDrive\Desktop\PUP\node_modules\expo-router\entry.js:3
loadModuleImplementation @ C:\Users\USER\OneDrive\Desktop\PUP\node_modules\expo\node_modules\@expo\cli\build\metro-require\require.js:248
guardedLoadModule @ C:\Users\USER\OneDrive\Desktop\PUP\node_modules\expo\node_modules\@expo\cli\build\metro-require\require.js:156
metroRequire @ C:\Users\USER\OneDrive\Desktop\PUP\node_modules\expo\node_modules\@expo\cli\build\metro-require\require.js:74
(anonymous) @ entry.bundle?platform=web&dev=true&hot=false&lazy=true&transform.routerRoot=app&transform.reactCompiler=true:196749
C:\Users\USER\OneDrive\Desktop\PUP\node_modules\@expo\metro-runtime\src\error-overlay\LogBox.web.ts:134 Unexpected text node: . A text node cannot be a child of a <View>.
registerError @ C:\Users\USER\OneDrive\Desktop\PUP\node_modules\@expo\metro-runtime\src\error-overlay\LogBox.web.ts:134
console.error @ C:\Users\USER\OneDrive\Desktop\PUP\node_modules\@expo\metro-runtime\src\error-overlay\LogBox.web.ts:59
(anonymous) @ C:\Users\USER\OneDrive\Desktop\PUP\node_modules\react-native-web\dist\exports\View\index.js:57
View @ C:\Users\USER\OneDrive\Desktop\PUP\node_modules\react-native-web\dist\exports\View\index.js:55
react-stack-bottom-frame @ C:\Users\USER\OneDrive\Desktop\PUP\node_modules\react-dom\cjs\react-dom-client.development.js:23863
renderWithHooks @ C:\Users\USER\OneDrive\Desktop\PUP\node_modules\react-dom\cjs\react-dom-client.development.js:5529
updateForwardRef @ C:\Users\USER\OneDrive\Desktop\PUP\node_modules\react-dom\cjs\react-dom-client.development.js:8645
beginWork @ C:\Users\USER\OneDrive\Desktop\PUP\node_modules\react-dom\cjs\react-dom-client.development.js:10861
runWithFiberInDEV @ C:\Users\USER\OneDrive\Desktop\PUP\node_modules\react-dom\cjs\react-dom-client.development.js:1519
performUnitOfWork @ C:\Users\USER\OneDrive\Desktop\PUP\node_modules\react-dom\cjs\react-dom-client.development.js:15132
workLoopSync @ C:\Users\USER\OneDrive\Desktop\PUP\node_modules\react-dom\cjs\react-dom-client.development.js:14956
renderRootSync @ C:\Users\USER\OneDrive\Desktop\PUP\node_modules\react-dom\cjs\react-dom-client.development.js:14936
performWorkOnRoot @ C:\Users\USER\OneDrive\Desktop\PUP\node_modules\react-dom\cjs\react-dom-client.development.js:14419
performWorkOnRootViaSchedulerTask @ C:\Users\USER\OneDrive\Desktop\PUP\node_modules\react-dom\cjs\react-dom-client.development.js:16216
performWorkUntilDeadline @ C:\Users\USER\OneDrive\Desktop\PUP\node_modules\scheduler\cjs\scheduler.development.js:45
<View>
exports.jsxDEV @ C:\Users\USER\OneDrive\Desktop\PUP\node_modules\react\cjs\react-jsx-dev-runtime.development.js:346
HomeScreen @ C:\Users\USER\OneDrive\Desktop\PUP\app\(tabs)\index.tsx:253
react-stack-bottom-frame @ C:\Users\USER\OneDrive\Desktop\PUP\node_modules\react-dom\cjs\react-dom-client.development.js:23863
renderWithHooks @ C:\Users\USER\OneDrive\Desktop\PUP\node_modules\react-dom\cjs\react-dom-client.development.js:5529
updateFunctionComponent @ C:\Users\USER\OneDrive\Desktop\PUP\node_modules\react-dom\cjs\react-dom-client.development.js:8897
beginWork @ C:\Users\USER\OneDrive\Desktop\PUP\node_modules\react-dom\cjs\react-dom-client.development.js:10522
runWithFiberInDEV @ C:\Users\USER\OneDrive\Desktop\PUP\node_modules\react-dom\cjs\react-dom-client.development.js:1519
performUnitOfWork @ C:\Users\USER\OneDrive\Desktop\PUP\node_modules\react-dom\cjs\react-dom-client.development.js:15132
workLoopSync @ C:\Users\USER\OneDrive\Desktop\PUP\node_modules\react-dom\cjs\react-dom-client.development.js:14956
renderRootSync @ C:\Users\USER\OneDrive\Desktop\PUP\node_modules\react-dom\cjs\react-dom-client.development.js:14936
performWorkOnRoot @ C:\Users\USER\OneDrive\Desktop\PUP\node_modules\react-dom\cjs\react-dom-client.development.js:14419
performSyncWorkOnRoot @ C:\Users\USER\OneDrive\Desktop\PUP\node_modules\react-dom\cjs\react-dom-client.development.js:16231
flushSyncWorkAcrossRoots_impl @ C:\Users\USER\OneDrive\Desktop\PUP\node_modules\react-dom\cjs\react-dom-client.development.js:16079
flushPassiveEffects @ C:\Users\USER\OneDrive\Desktop\PUP\node_modules\react-dom\cjs\react-dom-client.development.js:15749
(anonymous) @ C:\Users\USER\OneDrive\Desktop\PUP\node_modules\react-dom\cjs\react-dom-client.development.js:15379
performWorkUntilDeadline @ C:\Users\USER\OneDrive\Desktop\PUP\node_modules\scheduler\cjs\scheduler.development.js:45
<HomeScreen(./(tabs)/index.tsx)>
exports.jsxDEV @ C:\Users\USER\OneDrive\Desktop\PUP\node_modules\react\cjs\react-jsx-dev-runtime.development.js:346
BaseRoute @ C:\Users\USER\OneDrive\Desktop\PUP\node_modules\expo-router\build\useScreens.js:213
react-stack-bottom-frame @ C:\Users\USER\OneDrive\Desktop\PUP\node_modules\react-dom\cjs\react-dom-client.development.js:23863
renderWithHooks @ C:\Users\USER\OneDrive\Desktop\PUP\node_modules\react-dom\cjs\react-dom-client.development.js:5529
updateFunctionComponent @ C:\Users\USER\OneDrive\Desktop\PUP\node_modules\react-dom\cjs\react-dom-client.development.js:8897
beginWork @ C:\Users\USER\OneDrive\Desktop\PUP\node_modules\react-dom\cjs\react-dom-client.development.js:10522
runWithFiberInDEV @ C:\Users\USER\OneDrive\Desktop\PUP\node_modules\react-dom\cjs\react-dom-client.development.js:1519
performUnitOfWork @ C:\Users\USER\OneDrive\Desktop\PUP\node_modules\react-dom\cjs\react-dom-client.development.js:15132
workLoopSync @ C:\Users\USER\OneDrive\Desktop\PUP\node_modules\react-dom\cjs\react-dom-client.development.js:14956
renderRootSync @ C:\Users\USER\OneDrive\Desktop\PUP\node_modules\react-dom\cjs\react-dom-client.development.js:14936
performWorkOnRoot @ C:\Users\USER\OneDrive\Desktop\PUP\node_modules\react-dom\cjs\react-dom-client.development.js:14419
performSyncWorkOnRoot @ C:\Users\USER\OneDrive\Desktop\PUP\node_modules\react-dom\cjs\react-dom-client.development.js:16231
flushSyncWorkAcrossRoots_impl @ C:\Users\USER\OneDrive\Desktop\PUP\node_modules\react-dom\cjs\react-dom-client.development.js:16079
flushPassiveEffects @ C:\Users\USER\OneDrive\Desktop\PUP\node_modules\react-dom\cjs\react-dom-client.development.js:15749
(anonymous) @ C:\Users\USER\OneDrive\Desktop\PUP\node_modules\react-dom\cjs\react-dom-client.development.js:15379
performWorkUntilDeadline @ C:\Users\USER\OneDrive\Desktop\PUP\node_modules\scheduler\cjs\scheduler.development.js:45
<Route(index)>
exports.jsx @ C:\Users\USER\OneDrive\Desktop\PUP\node_modules\react\cjs\react-jsx-runtime.development.js:339
SceneView @ C:\Users\USER\OneDrive\Desktop\PUP\node_modules\@react-navigation\core\lib\module\SceneView.js:125
react-stack-bottom-frame @ C:\Users\USER\OneDrive\Desktop\PUP\node_modules\react-dom\cjs\react-dom-client.development.js:23863
renderWithHooks @ C:\Users\USER\OneDrive\Desktop\PUP\node_modules\react-dom\cjs\react-dom-client.development.js:5529
updateFunctionComponent @ C:\Users\USER\OneDrive\Desktop\PUP\node_modules\react-dom\cjs\react-dom-client.development.js:8897
beginWork @ C:\Users\USER\OneDrive\Desktop\PUP\node_modules\react-dom\cjs\react-dom-client.development.js:10522
runWithFiberInDEV @ C:\Users\USER\OneDrive\Desktop\PUP\node_modules\react-dom\cjs\react-dom-client.development.js:1519
performUnitOfWork @ C:\Users\USER\OneDrive\Desktop\PUP\node_modules\react-dom\cjs\react-dom-client.development.js:15132
workLoopSync @ C:\Users\USER\OneDrive\Desktop\PUP\node_modules\react-dom\cjs\react-dom-client.development.js:14956
renderRootSync @ C:\Users\USER\OneDrive\Desktop\PUP\node_modules\react-dom\cjs\react-dom-client.development.js:14936
performWorkOnRoot @ C:\Users\USER\OneDrive\Desktop\PUP\node_modules\react-dom\cjs\react-dom-client.development.js:14419
performSyncWorkOnRoot @ C:\Users\USER\OneDrive\Desktop\PUP\node_modules\react-dom\cjs\react-dom-client.development.js:16231
flushSyncWorkAcrossRoots_impl @ C:\Users\USER\OneDrive\Desktop\PUP\node_modules\react-dom\cjs\react-dom-client.development.js:16079
flushPassiveEffects @ C:\Users\USER\OneDrive\Desktop\PUP\node_modules\react-dom\cjs\react-dom-client.development.js:15749
(anonymous) @ C:\Users\USER\OneDrive\Desktop\PUP\node_modules\react-dom\cjs\react-dom-client.development.js:15379
performWorkUntilDeadline @ C:\Users\USER\OneDrive\Desktop\PUP\node_modules\scheduler\cjs\scheduler.development.js:45
<SceneView>
exports.jsx @ C:\Users\USER\OneDrive\Desktop\PUP\node_modules\react\cjs\react-jsx-runtime.development.js:339
render @ C:\Users\USER\OneDrive\Desktop\PUP\node_modules\@react-navigation\core\lib\module\useDescriptors.js:108
(anonymous) @ C:\Users\USER\OneDrive\Desktop\PUP\node_modules\@react-navigation\core\lib\module\useDescriptors.js:140
useDescriptors @ C:\Users\USER\OneDrive\Desktop\PUP\node_modules\@react-navigation\core\lib\module\useDescriptors.js:137
useNavigationBuilder @ C:\Users\USER\OneDrive\Desktop\PUP\node_modules\@react-navigation\core\lib\module\useNavigationBuilder.js:562
BottomTabNavigator @ C:\Users\USER\OneDrive\Desktop\PUP\node_modules\@react-navigation\bottom-tabs\lib\module\navigators\createBottomTabNavigator.js:24
react-stack-bottom-frame @ C:\Users\USER\OneDrive\Desktop\PUP\node_modules\react-dom\cjs\react-dom-client.development.js:23863
renderWithHooks @ C:\Users\USER\OneDrive\Desktop\PUP\node_modules\react-dom\cjs\react-dom-client.development.js:5529
updateFunctionComponent @ C:\Users\USER\OneDrive\Desktop\PUP\node_modules\react-dom\cjs\react-dom-client.development.js:8897
beginWork @ C:\Users\USER\OneDrive\Desktop\PUP\node_modules\react-dom\cjs\react-dom-client.development.js:10522
runWithFiberInDEV @ C:\Users\USER\OneDrive\Desktop\PUP\node_modules\react-dom\cjs\react-dom-client.development.js:1519
performUnitOfWork @ C:\Users\USER\OneDrive\Desktop\PUP\node_modules\react-dom\cjs\react-dom-client.development.js:15132
workLoopSync @ C:\Users\USER\OneDrive\Desktop\PUP\node_modules\react-dom\cjs\react-dom-client.development.js:14956
renderRootSync @ C:\Users\USER\OneDrive\Desktop\PUP\node_modules\react-dom\cjs\react-dom-client.development.js:14936
performWorkOnRoot @ C:\Users\USER\OneDrive\Desktop\PUP\node_modules\react-dom\cjs\react-dom-client.development.js:14419
performSyncWorkOnRoot @ C:\Users\USER\OneDrive\Desktop\PUP\node_modules\react-dom\cjs\react-dom-client.development.js:16231
flushSyncWorkAcrossRoots_impl @ C:\Users\USER\OneDrive\Desktop\PUP\node_modules\react-dom\cjs\react-dom-client.development.js:16079
flushPassiveEffects @ C:\Users\USER\OneDrive\Desktop\PUP\node_modules\react-dom\cjs\react-dom-client.development.js:15749
(anonymous) @ C:\Users\USER\OneDrive\Desktop\PUP\node_modules\react-dom\cjs\react-dom-client.development.js:15379
performWorkUntilDeadline @ C:\Users\USER\OneDrive\Desktop\PUP\node_modules\scheduler\cjs\scheduler.development.js:45
<BottomTabNavigator>
exports.jsxDEV @ C:\Users\USER\OneDrive\Desktop\PUP\node_modules\react\cjs\react-jsx-dev-runtime.development.js:346
(anonymous) @ C:\Users\USER\OneDrive\Desktop\PUP\node_modules\expo-router\build\layouts\withLayoutContext.js:156
react-stack-bottom-frame @ C:\Users\USER\OneDrive\Desktop\PUP\node_modules\react-dom\cjs\react-dom-client.development.js:23863
renderWithHooks @ C:\Users\USER\OneDrive\Desktop\PUP\node_modules\react-dom\cjs\react-dom-client.development.js:5529
updateForwardRef @ C:\Users\USER\OneDrive\Desktop\PUP\node_modules\react-dom\cjs\react-dom-client.development.js:8645
beginWork @ C:\Users\USER\OneDrive\Desktop\PUP\node_modules\react-dom\cjs\react-dom-client.development.js:10861
runWithFiberInDEV @ C:\Users\USER\OneDrive\Desktop\PUP\node_modules\react-dom\cjs\react-dom-client.development.js:1519
performUnitOfWork @ C:\Users\USER\OneDrive\Desktop\PUP\node_modules\react-dom\cjs\react-dom-client.development.js:15132
workLoopSync @ C:\Users\USER\OneDrive\Desktop\PUP\node_modules\react-dom\cjs\react-dom-client.development.js:14956
renderRootSync @ C:\Users\USER\OneDrive\Desktop\PUP\node_modules\react-dom\cjs\react-dom-client.development.js:14936
performWorkOnRoot @ C:\Users\USER\OneDrive\Desktop\PUP\node_modules\react-dom\cjs\react-dom-client.development.js:14419
performSyncWorkOnRoot @ C:\Users\USER\OneDrive\Desktop\PUP\node_modules\react-dom\cjs\react-dom-client.development.js:16231
flushSyncWorkAcrossRoots_impl @ C:\Users\USER\OneDrive\Desktop\PUP\node_modules\react-dom\cjs\react-dom-client.development.js:16079
flushPassiveEffects @ C:\Users\USER\OneDrive\Desktop\PUP\node_modules\react-dom\cjs\react-dom-client.development.js:15749
(anonymous) @ C:\Users\USER\OneDrive\Desktop\PUP\node_modules\react-dom\cjs\react-dom-client.development.js:15379
performWorkUntilDeadline @ C:\Users\USER\OneDrive\Desktop\PUP\node_modules\scheduler\cjs\scheduler.development.js:45
<ForwardRef>
exports.jsxDEV @ C:\Users\USER\OneDrive\Desktop\PUP\node_modules\react\cjs\react-jsx-dev-runtime.development.js:346
Object.assign.Screen @ C:\Users\USER\OneDrive\Desktop\PUP\node_modules\expo-router\build\layouts\TabsClient.js:46
react-stack-bottom-frame @ C:\Users\USER\OneDrive\Desktop\PUP\node_modules\react-dom\cjs\react-dom-client.development.js:23863
renderWithHooks @ C:\Users\USER\OneDrive\Desktop\PUP\node_modules\react-dom\cjs\react-dom-client.development.js:5529
updateFunctionComponent @ C:\Users\USER\OneDrive\Desktop\PUP\node_modules\react-dom\cjs\react-dom-client.development.js:8897
beginWork @ C:\Users\USER\OneDrive\Desktop\PUP\node_modules\react-dom\cjs\react-dom-client.development.js:10522
runWithFiberInDEV @ C:\Users\USER\OneDrive\Desktop\PUP\node_modules\react-dom\cjs\react-dom-client.development.js:1519
performUnitOfWork @ C:\Users\USER\OneDrive\Desktop\PUP\node_modules\react-dom\cjs\react-dom-client.development.js:15132
workLoopSync @ C:\Users\USER\OneDrive\Desktop\PUP\node_modules\react-dom\cjs\react-dom-client.development.js:14956
renderRootSync @ C:\Users\USER\OneDrive\Desktop\PUP\node_modules\react-dom\cjs\react-dom-client.development.js:14936
performWorkOnRoot @ C:\Users\USER\OneDrive\Desktop\PUP\node_modules\react-dom\cjs\react-dom-client.development.js:14419
performSyncWorkOnRoot @ C:\Users\USER\OneDrive\Desktop\PUP\node_modules\react-dom\cjs\react-dom-client.development.js:16231
flushSyncWorkAcrossRoots_impl @ C:\Users\USER\OneDrive\Desktop\PUP\node_modules\react-dom\cjs\react-dom-client.development.js:16079
flushPassiveEffects @ C:\Users\USER\OneDrive\Desktop\PUP\node_modules\react-dom\cjs\react-dom-client.development.js:15749
(anonymous) @ C:\Users\USER\OneDrive\Desktop\PUP\node_modules\react-dom\cjs\react-dom-client.development.js:15379
performWorkUntilDeadline @ C:\Users\USER\OneDrive\Desktop\PUP\node_modules\scheduler\cjs\scheduler.development.js:45
<...>
exports.jsxDEV @ C:\Users\USER\OneDrive\Desktop\PUP\node_modules\react\cjs\react-jsx-dev-runtime.development.js:346
TabLayout @ C:\Users\USER\OneDrive\Desktop\PUP\app\(tabs)\_layout.tsx:6
react-stack-bottom-frame @ C:\Users\USER\OneDrive\Desktop\PUP\node_modules\react-dom\cjs\react-dom-client.development.js:23863
renderWithHooks @ C:\Users\USER\OneDrive\Desktop\PUP\node_modules\react-dom\cjs\react-dom-client.development.js:5529
updateFunctionComponent @ C:\Users\USER\OneDrive\Desktop\PUP\node_modules\react-dom\cjs\react-dom-client.development.js:8897
beginWork @ C:\Users\USER\OneDrive\Desktop\PUP\node_modules\react-dom\cjs\react-dom-client.development.js:10522
runWithFiberInDEV @ C:\Users\USER\OneDrive\Desktop\PUP\node_modules\react-dom\cjs\react-dom-client.development.js:1519
performUnitOfWork @ C:\Users\USER\OneDrive\Desktop\PUP\node_modules\react-dom\cjs\react-dom-client.development.js:15132
workLoopSync @ C:\Users\USER\OneDrive\Desktop\PUP\node_modules\react-dom\cjs\react-dom-client.development.js:14956
renderRootSync @ C:\Users\USER\OneDrive\Desktop\PUP\node_modules\react-dom\cjs\react-dom-client.development.js:14936
performWorkOnRoot @ C:\Users\USER\OneDrive\Desktop\PUP\node_modules\react-dom\cjs\react-dom-client.development.js:14419
performSyncWorkOnRoot @ C:\Users\USER\OneDrive\Desktop\PUP\node_modules\react-dom\cjs\react-dom-client.development.js:16231
flushSyncWorkAcrossRoots_impl @ C:\Users\USER\OneDrive\Desktop\PUP\node_modules\react-dom\cjs\react-dom-client.development.js:16079
flushPassiveEffects @ C:\Users\USER\OneDrive\Desktop\PUP\node_modules\react-dom\cjs\react-dom-client.development.js:15749
(anonymous) @ C:\Users\USER\OneDrive\Desktop\PUP\node_modules\react-dom\cjs\react-dom-client.development.js:15379
performWorkUntilDeadline @ C:\Users\USER\OneDrive\Desktop\PUP\node_modules\scheduler\cjs\scheduler.development.js:45
<TabLayout(./(tabs)/_layout.tsx)>
exports.jsxDEV @ C:\Users\USER\OneDrive\Desktop\PUP\node_modules\react\cjs\react-jsx-dev-runtime.development.js:346
BaseRoute @ C:\Users\USER\OneDrive\Desktop\PUP\node_modules\expo-router\build\useScreens.js:213
react-stack-bottom-frame @ C:\Users\USER\OneDrive\Desktop\PUP\node_modules\react-dom\cjs\react-dom-client.development.js:23863
renderWithHooks @ C:\Users\USER\OneDrive\Desktop\PUP\node_modules\react-dom\cjs\react-dom-client.development.js:5529
updateFunctionComponent @ C:\Users\USER\OneDrive\Desktop\PUP\node_modules\react-dom\cjs\react-dom-client.development.js:8897
beginWork @ C:\Users\USER\OneDrive\Desktop\PUP\node_modules\react-dom\cjs\react-dom-client.development.js:10522
runWithFiberInDEV @ C:\Users\USER\OneDrive\Desktop\PUP\node_modules\react-dom\cjs\react-dom-client.development.js:1519
performUnitOfWork @ C:\Users\USER\OneDrive\Desktop\PUP\node_modules\react-dom\cjs\react-dom-client.development.js:15132
workLoopSync @ C:\Users\USER\OneDrive\Desktop\PUP\node_modules\react-dom\cjs\react-dom-client.development.js:14956
renderRootSync @ C:\Users\USER\OneDrive\Desktop\PUP\node_modules\react-dom\cjs\react-dom-client.development.js:14936
performWorkOnRoot @ C:\Users\USER\OneDrive\Desktop\PUP\node_modules\react-dom\cjs\react-dom-client.development.js:14419
performSyncWorkOnRoot @ C:\Users\USER\OneDrive\Desktop\PUP\node_modules\react-dom\cjs\react-dom-client.development.js:16231
flushSyncWorkAcrossRoots_impl @ C:\Users\USER\OneDrive\Desktop\PUP\node_modules\react-dom\cjs\react-dom-client.development.js:16079
flushPassiveEffects @ C:\Users\USER\OneDrive\Desktop\PUP\node_modules\react-dom\cjs\react-dom-client.development.js:15749
(anonymous) @ C:\Users\USER\OneDrive\Desktop\PUP\node_modules\react-dom\cjs\react-dom-client.development.js:15379
performWorkUntilDeadline @ C:\Users\USER\OneDrive\Desktop\PUP\node_modules\scheduler\cjs\scheduler.development.js:45
<Route((tabs))>
exports.jsx @ C:\Users\USER\OneDrive\Desktop\PUP\node_modules\react\cjs\react-jsx-runtime.development.js:339
SceneView @ C:\Users\USER\OneDrive\Desktop\PUP\node_modules\@react-navigation\core\lib\module\SceneView.js:125
react-stack-bottom-frame @ C:\Users\USER\OneDrive\Desktop\PUP\node_modules\react-dom\cjs\react-dom-client.development.js:23863
renderWithHooks @ C:\Users\USER\OneDrive\Desktop\PUP\node_modules\react-dom\cjs\react-dom-client.development.js:5529
updateFunctionComponent @ C:\Users\USER\OneDrive\Desktop\PUP\node_modules\react-dom\cjs\react-dom-client.development.js:8897
beginWork @ C:\Users\USER\OneDrive\Desktop\PUP\node_modules\react-dom\cjs\react-dom-client.development.js:10522
runWithFiberInDEV @ C:\Users\USER\OneDrive\Desktop\PUP\node_modules\react-dom\cjs\react-dom-client.development.js:1519
performUnitOfWork @ C:\Users\USER\OneDrive\Desktop\PUP\node_modules\react-dom\cjs\react-dom-client.development.js:15132
workLoopSync @ C:\Users\USER\OneDrive\Desktop\PUP\node_modules\react-dom\cjs\react-dom-client.development.js:14956
renderRootSync @ C:\Users\USER\OneDrive\Desktop\PUP\node_modules\react-dom\cjs\react-dom-client.development.js:14936
performWorkOnRoot @ C:\Users\USER\OneDrive\Desktop\PUP\node_modules\react-dom\cjs\react-dom-client.development.js:14419
performSyncWorkOnRoot @ C:\Users\USER\OneDrive\Desktop\PUP\node_modules\react-dom\cjs\react-dom-client.development.js:16231
flushSyncWorkAcrossRoots_impl @ C:\Users\USER\OneDrive\Desktop\PUP\node_modules\react-dom\cjs\react-dom-client.development.js:16079
flushPassiveEffects @ C:\Users\USER\OneDrive\Desktop\PUP\node_modules\react-dom\cjs\react-dom-client.development.js:15749
(anonymous) @ C:\Users\USER\OneDrive\Desktop\PUP\node_modules\react-dom\cjs\react-dom-client.development.js:15379
performWorkUntilDeadline @ C:\Users\USER\OneDrive\Desktop\PUP\node_modules\scheduler\cjs\scheduler.development.js:45
<SceneView>
exports.jsx @ C:\Users\USER\OneDrive\Desktop\PUP\node_modules\react\cjs\react-jsx-runtime.development.js:339
render @ C:\Users\USER\OneDrive\Desktop\PUP\node_modules\@react-navigation\core\lib\module\useDescriptors.js:108
(anonymous) @ C:\Users\USER\OneDrive\Desktop\PUP\node_modules\@react-navigation\core\lib\module\useDescriptors.js:140
useDescriptors @ C:\Users\USER\OneDrive\Desktop\PUP\node_modules\@react-navigation\core\lib\module\useDescriptors.js:137
useNavigationBuilder @ C:\Users\USER\OneDrive\Desktop\PUP\node_modules\@react-navigation\core\lib\module\useNavigationBuilder.js:562
SlotNavigator @ C:\Users\USER\OneDrive\Desktop\PUP\node_modules\expo-router\build\views\Navigator.js:107
react-stack-bottom-frame @ C:\Users\USER\OneDrive\Desktop\PUP\node_modules\react-dom\cjs\react-dom-client.development.js:23863
renderWithHooks @ C:\Users\USER\OneDrive\Desktop\PUP\node_modules\react-dom\cjs\react-dom-client.development.js:5529
updateFunctionComponent @ C:\Users\USER\OneDrive\Desktop\PUP\node_modules\react-dom\cjs\react-dom-client.development.js:8897
beginWork @ C:\Users\USER\OneDrive\Desktop\PUP\node_modules\react-dom\cjs\react-dom-client.development.js:10522
runWithFiberInDEV @ C:\Users\USER\OneDrive\Desktop\PUP\node_modules\react-dom\cjs\react-dom-client.development.js:1519
performUnitOfWork @ C:\Users\USER\OneDrive\Desktop\PUP\node_modules\react-dom\cjs\react-dom-client.development.js:15132
workLoopSync @ C:\Users\USER\OneDrive\Desktop\PUP\node_modules\react-dom\cjs\react-dom-client.development.js:14956
renderRootSync @ C:\Users\USER\OneDrive\Desktop\PUP\node_modules\react-dom\cjs\react-dom-client.development.js:14936
performWorkOnRoot @ C:\Users\USER\OneDrive\Desktop\PUP\node_modules\react-dom\cjs\react-dom-client.development.js:14419
performSyncWorkOnRoot @ C:\Users\USER\OneDrive\Desktop\PUP\node_modules\react-dom\cjs\react-dom-client.development.js:16231
flushSyncWorkAcrossRoots_impl @ C:\Users\USER\OneDrive\Desktop\PUP\node_modules\react-dom\cjs\react-dom-client.development.js:16079
flushPassiveEffects @ C:\Users\USER\OneDrive\Desktop\PUP\node_modules\react-dom\cjs\react-dom-client.development.js:15749
(anonymous) @ C:\Users\USER\OneDrive\Desktop\PUP\node_modules\react-dom\cjs\react-dom-client.development.js:15379
performWorkUntilDeadline @ C:\Users\USER\OneDrive\Desktop\PUP\node_modules\scheduler\cjs\scheduler.development.js:45
<SlotNavigator>
exports.jsxDEV @ C:\Users\USER\OneDrive\Desktop\PUP\node_modules\react\cjs\react-jsx-dev-runtime.development.js:346
Slot @ C:\Users\USER\OneDrive\Desktop\PUP\node_modules\expo-router\build\views\Navigator.js:130
react-stack-bottom-frame @ C:\Users\USER\OneDrive\Desktop\PUP\node_modules\react-dom\cjs\react-dom-client.development.js:23863
renderWithHooks @ C:\Users\USER\OneDrive\Desktop\PUP\node_modules\react-dom\cjs\react-dom-client.development.js:5529
updateFunctionComponent @ C:\Users\USER\OneDrive\Desktop\PUP\node_modules\react-dom\cjs\react-dom-client.development.js:8897
beginWork @ C:\Users\USER\OneDrive\Desktop\PUP\node_modules\react-dom\cjs\react-dom-client.development.js:10522
runWithFiberInDEV @ C:\Users\USER\OneDrive\Desktop\PUP\node_modules\react-dom\cjs\react-dom-client.development.js:1519
performUnitOfWork @ C:\Users\USER\OneDrive\Desktop\PUP\node_modules\react-dom\cjs\react-dom-client.development.js:15132
workLoopConcurrentByScheduler @ C:\Users\USER\OneDrive\Desktop\PUP\node_modules\react-dom\cjs\react-dom-client.development.js:15126
renderRootConcurrent @ C:\Users\USER\OneDrive\Desktop\PUP\node_modules\react-dom\cjs\react-dom-client.development.js:15101
performWorkOnRoot @ C:\Users\USER\OneDrive\Desktop\PUP\node_modules\react-dom\cjs\react-dom-client.development.js:14418
performWorkOnRootViaSchedulerTask @ C:\Users\USER\OneDrive\Desktop\PUP\node_modules\react-dom\cjs\react-dom-client.development.js:16216
performWorkUntilDeadline @ C:\Users\USER\OneDrive\Desktop\PUP\node_modules\scheduler\cjs\scheduler.development.js:45
<Slot>
exports.jsxDEV @ C:\Users\USER\OneDrive\Desktop\PUP\node_modules\react\cjs\react-jsx-dev-runtime.development.js:346
RootLayout @ C:\Users\USER\OneDrive\Desktop\PUP\app\_layout.tsx:86
react-stack-bottom-frame @ C:\Users\USER\OneDrive\Desktop\PUP\node_modules\react-dom\cjs\react-dom-client.development.js:23863
renderWithHooks @ C:\Users\USER\OneDrive\Desktop\PUP\node_modules\react-dom\cjs\react-dom-client.development.js:5529
updateFunctionComponent @ C:\Users\USER\OneDrive\Desktop\PUP\node_modules\react-dom\cjs\react-dom-client.development.js:8897
beginWork @ C:\Users\USER\OneDrive\Desktop\PUP\node_modules\react-dom\cjs\react-dom-client.development.js:10522
runWithFiberInDEV @ C:\Users\USER\OneDrive\Desktop\PUP\node_modules\react-dom\cjs\react-dom-client.development.js:1519
performUnitOfWork @ C:\Users\USER\OneDrive\Desktop\PUP\node_modules\react-dom\cjs\react-dom-client.development.js:15132
workLoopConcurrentByScheduler @ C:\Users\USER\OneDrive\Desktop\PUP\node_modules\react-dom\cjs\react-dom-client.development.js:15126
renderRootConcurrent @ C:\Users\USER\OneDrive\Desktop\PUP\node_modules\react-dom\cjs\react-dom-client.development.js:15101
performWorkOnRoot @ C:\Users\USER\OneDrive\Desktop\PUP\node_modules\react-dom\cjs\react-dom-client.development.js:14418
performWorkOnRootViaSchedulerTask @ C:\Users\USER\OneDrive\Desktop\PUP\node_modules\react-dom\cjs\react-dom-client.development.js:16216
performWorkUntilDeadline @ C:\Users\USER\OneDrive\Desktop\PUP\node_modules\scheduler\cjs\scheduler.development.js:45
<RootLayout(./_layout.tsx)>
exports.jsxDEV @ C:\Users\USER\OneDrive\Desktop\PUP\node_modules\react\cjs\react-jsx-dev-runtime.development.js:346
BaseRoute @ C:\Users\USER\OneDrive\Desktop\PUP\node_modules\expo-router\build\useScreens.js:213
react-stack-bottom-frame @ C:\Users\USER\OneDrive\Desktop\PUP\node_modules\react-dom\cjs\react-dom-client.development.js:23863
renderWithHooks @ C:\Users\USER\OneDrive\Desktop\PUP\node_modules\react-dom\cjs\react-dom-client.development.js:5529
updateFunctionComponent @ C:\Users\USER\OneDrive\Desktop\PUP\node_modules\react-dom\cjs\react-dom-client.development.js:8897
beginWork @ C:\Users\USER\OneDrive\Desktop\PUP\node_modules\react-dom\cjs\react-dom-client.development.js:10522
runWithFiberInDEV @ C:\Users\USER\OneDrive\Desktop\PUP\node_modules\react-dom\cjs\react-dom-client.development.js:1519
performUnitOfWork @ C:\Users\USER\OneDrive\Desktop\PUP\node_modules\react-dom\cjs\react-dom-client.development.js:15132
workLoopConcurrentByScheduler @ C:\Users\USER\OneDrive\Desktop\PUP\node_modules\react-dom\cjs\react-dom-client.development.js:15126
renderRootConcurrent @ C:\Users\USER\OneDrive\Desktop\PUP\node_modules\react-dom\cjs\react-dom-client.development.js:15101
performWorkOnRoot @ C:\Users\USER\OneDrive\Desktop\PUP\node_modules\react-dom\cjs\react-dom-client.development.js:14418
performWorkOnRootViaSchedulerTask @ C:\Users\USER\OneDrive\Desktop\PUP\node_modules\react-dom\cjs\react-dom-client.development.js:16216
performWorkUntilDeadline @ C:\Users\USER\OneDrive\Desktop\PUP\node_modules\scheduler\cjs\scheduler.development.js:45
<Route()>
exports.jsx @ C:\Users\USER\OneDrive\Desktop\PUP\node_modules\react\cjs\react-jsx-runtime.development.js:339
SceneView @ C:\Users\USER\OneDrive\Desktop\PUP\node_modules\@react-navigation\core\lib\module\SceneView.js:125
react-stack-bottom-frame @ C:\Users\USER\OneDrive\Desktop\PUP\node_modules\react-dom\cjs\react-dom-client.development.js:23863
renderWithHooks @ C:\Users\USER\OneDrive\Desktop\PUP\node_modules\react-dom\cjs\react-dom-client.development.js:5529
updateFunctionComponent @ C:\Users\USER\OneDrive\Desktop\PUP\node_modules\react-dom\cjs\react-dom-client.development.js:8897
beginWork @ C:\Users\USER\OneDrive\Desktop\PUP\node_modules\react-dom\cjs\react-dom-client.development.js:10522
runWithFiberInDEV @ C:\Users\USER\OneDrive\Desktop\PUP\node_modules\react-dom\cjs\react-dom-client.development.js:1519
performUnitOfWork @ C:\Users\USER\OneDrive\Desktop\PUP\node_modules\react-dom\cjs\react-dom-client.development.js:15132
workLoopConcurrentByScheduler @ C:\Users\USER\OneDrive\Desktop\PUP\node_modules\react-dom\cjs\react-dom-client.development.js:15126
renderRootConcurrent @ C:\Users\USER\OneDrive\Desktop\PUP\node_modules\react-dom\cjs\react-dom-client.development.js:15101
performWorkOnRoot @ C:\Users\USER\OneDrive\Desktop\PUP\node_modules\react-dom\cjs\react-dom-client.development.js:14418
performWorkOnRootViaSchedulerTask @ C:\Users\USER\OneDrive\Desktop\PUP\node_modules\react-dom\cjs\react-dom-client.development.js:16216
performWorkUntilDeadline @ C:\Users\USER\OneDrive\Desktop\PUP\node_modules\scheduler\cjs\scheduler.development.js:45
<SceneView>
exports.jsx @ C:\Users\USER\OneDrive\Desktop\PUP\node_modules\react\cjs\react-jsx-runtime.development.js:339
render @ C:\Users\USER\OneDrive\Desktop\PUP\node_modules\@react-navigation\core\lib\module\useDescriptors.js:108
(anonymous) @ C:\Users\USER\OneDrive\Desktop\PUP\node_modules\@react-navigation\core\lib\module\useDescriptors.js:140
useDescriptors @ C:\Users\USER\OneDrive\Desktop\PUP\node_modules\@react-navigation\core\lib\module\useDescriptors.js:137
useNavigationBuilder @ C:\Users\USER\OneDrive\Desktop\PUP\node_modules\@react-navigation\core\lib\module\useNavigationBuilder.js:562
Content @ C:\Users\USER\OneDrive\Desktop\PUP\node_modules\expo-router\build\ExpoRoot.js:161
react-stack-bottom-frame @ C:\Users\USER\OneDrive\Desktop\PUP\node_modules\react-dom\cjs\react-dom-client.development.js:23863
renderWithHooks @ C:\Users\USER\OneDrive\Desktop\PUP\node_modules\react-dom\cjs\react-dom-client.development.js:5529
updateFunctionComponent @ C:\Users\USER\OneDrive\Desktop\PUP\node_modules\react-dom\cjs\react-dom-client.development.js:8897
beginWork @ C:\Users\USER\OneDrive\Desktop\PUP\node_modules\react-dom\cjs\react-dom-client.development.js:10522
runWithFiberInDEV @ C:\Users\USER\OneDrive\Desktop\PUP\node_modules\react-dom\cjs\react-dom-client.development.js:1519
performUnitOfWork @ C:\Users\USER\OneDrive\Desktop\PUP\node_modules\react-dom\cjs\react-dom-client.development.js:15132
workLoopConcurrentByScheduler @ C:\Users\USER\OneDrive\Desktop\PUP\node_modules\react-dom\cjs\react-dom-client.development.js:15126
renderRootConcurrent @ C:\Users\USER\OneDrive\Desktop\PUP\node_modules\react-dom\cjs\react-dom-client.development.js:15101
performWorkOnRoot @ C:\Users\USER\OneDrive\Desktop\PUP\node_modules\react-dom\cjs\react-dom-client.development.js:14418
performWorkOnRootViaSchedulerTask @ C:\Users\USER\OneDrive\Desktop\PUP\node_modules\react-dom\cjs\react-dom-client.development.js:16216
performWorkUntilDeadline @ C:\Users\USER\OneDrive\Desktop\PUP\node_modules\scheduler\cjs\scheduler.development.js:45
<Content>
exports.jsxDEV @ C:\Users\USER\OneDrive\Desktop\PUP\node_modules\react\cjs\react-jsx-dev-runtime.development.js:346
ContextNavigator @ C:\Users\USER\OneDrive\Desktop\PUP\node_modules\expo-router\build\ExpoRoot.js:147
react-stack-bottom-frame @ C:\Users\USER\OneDrive\Desktop\PUP\node_modules\react-dom\cjs\react-dom-client.development.js:23863
renderWithHooks @ C:\Users\USER\OneDrive\Desktop\PUP\node_modules\react-dom\cjs\react-dom-client.development.js:5529
updateFunctionComponent @ C:\Users\USER\OneDrive\Desktop\PUP\node_modules\react-dom\cjs\react-dom-client.development.js:8897
beginWork @ C:\Users\USER\OneDrive\Desktop\PUP\node_modules\react-dom\cjs\react-dom-client.development.js:10522
runWithFiberInDEV @ C:\Users\USER\OneDrive\Desktop\PUP\node_modules\react-dom\cjs\react-dom-client.development.js:1519
performUnitOfWork @ C:\Users\USER\OneDrive\Desktop\PUP\node_modules\react-dom\cjs\react-dom-client.development.js:15132
workLoopConcurrentByScheduler @ C:\Users\USER\OneDrive\Desktop\PUP\node_modules\react-dom\cjs\react-dom-client.development.js:15126
renderRootConcurrent @ C:\Users\USER\OneDrive\Desktop\PUP\node_modules\react-dom\cjs\react-dom-client.development.js:15101
performWorkOnRoot @ C:\Users\USER\OneDrive\Desktop\PUP\node_modules\react-dom\cjs\react-dom-client.development.js:14418
performWorkOnRootViaSchedulerTask @ C:\Users\USER\OneDrive\Desktop\PUP\node_modules\react-dom\cjs\react-dom-client.development.js:16216
performWorkUntilDeadline @ C:\Users\USER\OneDrive\Desktop\PUP\node_modules\scheduler\cjs\scheduler.development.js:45
<ContextNavigator>
exports.jsxDEV @ C:\Users\USER\OneDrive\Desktop\PUP\node_modules\react\cjs\react-jsx-dev-runtime.development.js:346
ExpoRoot @ C:\Users\USER\OneDrive\Desktop\PUP\node_modules\expo-router\build\ExpoRoot.js:87
react-stack-bottom-frame @ C:\Users\USER\OneDrive\Desktop\PUP\node_modules\react-dom\cjs\react-dom-client.development.js:23863
renderWithHooks @ C:\Users\USER\OneDrive\Desktop\PUP\node_modules\react-dom\cjs\react-dom-client.development.js:5529
updateFunctionComponent @ C:\Users\USER\OneDrive\Desktop\PUP\node_modules\react-dom\cjs\react-dom-client.development.js:8897
beginWork @ C:\Users\USER\OneDrive\Desktop\PUP\node_modules\react-dom\cjs\react-dom-client.development.js:10522
runWithFiberInDEV @ C:\Users\USER\OneDrive\Desktop\PUP\node_modules\react-dom\cjs\react-dom-client.development.js:1519
performUnitOfWork @ C:\Users\USER\OneDrive\Desktop\PUP\node_modules\react-dom\cjs\react-dom-client.development.js:15132
workLoopConcurrentByScheduler @ C:\Users\USER\OneDrive\Desktop\PUP\node_modules\react-dom\cjs\react-dom-client.development.js:15126
renderRootConcurrent @ C:\Users\USER\OneDrive\Desktop\PUP\node_modules\react-dom\cjs\react-dom-client.development.js:15101
performWorkOnRoot @ C:\Users\USER\OneDrive\Desktop\PUP\node_modules\react-dom\cjs\react-dom-client.development.js:14418
performWorkOnRootViaSchedulerTask @ C:\Users\USER\OneDrive\Desktop\PUP\node_modules\react-dom\cjs\react-dom-client.development.js:16216
performWorkUntilDeadline @ C:\Users\USER\OneDrive\Desktop\PUP\node_modules\scheduler\cjs\scheduler.development.js:45
<ExpoRoot>
exports.jsxDEV @ C:\Users\USER\OneDrive\Desktop\PUP\node_modules\react\cjs\react-jsx-dev-runtime.development.js:346
App @ C:\Users\USER\OneDrive\Desktop\PUP\node_modules\expo-router\build\qualified-entry.js:21
react-stack-bottom-frame @ C:\Users\USER\OneDrive\Desktop\PUP\node_modules\react-dom\cjs\react-dom-client.development.js:23863
renderWithHooks @ C:\Users\USER\OneDrive\Desktop\PUP\node_modules\react-dom\cjs\react-dom-client.development.js:5529
updateFunctionComponent @ C:\Users\USER\OneDrive\Desktop\PUP\node_modules\react-dom\cjs\react-dom-client.development.js:8897
beginWork @ C:\Users\USER\OneDrive\Desktop\PUP\node_modules\react-dom\cjs\react-dom-client.development.js:10522
runWithFiberInDEV @ C:\Users\USER\OneDrive\Desktop\PUP\node_modules\react-dom\cjs\react-dom-client.development.js:1519
performUnitOfWork @ C:\Users\USER\OneDrive\Desktop\PUP\node_modules\react-dom\cjs\react-dom-client.development.js:15132
workLoopConcurrentByScheduler @ C:\Users\USER\OneDrive\Desktop\PUP\node_modules\react-dom\cjs\react-dom-client.development.js:15126
renderRootConcurrent @ C:\Users\USER\OneDrive\Desktop\PUP\node_modules\react-dom\cjs\react-dom-client.development.js:15101
performWorkOnRoot @ C:\Users\USER\OneDrive\Desktop\PUP\node_modules\react-dom\cjs\react-dom-client.development.js:14418
performWorkOnRootViaSchedulerTask @ C:\Users\USER\OneDrive\Desktop\PUP\node_modules\react-dom\cjs\react-dom-client.development.js:16216
performWorkUntilDeadline @ C:\Users\USER\OneDrive\Desktop\PUP\node_modules\scheduler\cjs\scheduler.development.js:45
<App>
exports.jsxDEV @ C:\Users\USER\OneDrive\Desktop\PUP\node_modules\react\cjs\react-jsx-dev-runtime.development.js:346
ErrorOverlay @ C:\Users\USER\OneDrive\Desktop\PUP\node_modules\@expo\metro-runtime\src\error-overlay\index.tsx:19
react-stack-bottom-frame @ C:\Users\USER\OneDrive\Desktop\PUP\node_modules\react-dom\cjs\react-dom-client.development.js:23863
renderWithHooks @ C:\Users\USER\OneDrive\Desktop\PUP\node_modules\react-dom\cjs\react-dom-client.development.js:5529
updateFunctionComponent @ C:\Users\USER\OneDrive\Desktop\PUP\node_modules\react-dom\cjs\react-dom-client.development.js:8897
beginWork @ C:\Users\USER\OneDrive\Desktop\PUP\node_modules\react-dom\cjs\react-dom-client.development.js:10522
runWithFiberInDEV @ C:\Users\USER\OneDrive\Desktop\PUP\node_modules\react-dom\cjs\react-dom-client.development.js:1519
performUnitOfWork @ C:\Users\USER\OneDrive\Desktop\PUP\node_modules\react-dom\cjs\react-dom-client.development.js:15132
workLoopConcurrentByScheduler @ C:\Users\USER\OneDrive\Desktop\PUP\node_modules\react-dom\cjs\react-dom-client.development.js:15126
renderRootConcurrent @ C:\Users\USER\OneDrive\Desktop\PUP\node_modules\react-dom\cjs\react-dom-client.development.js:15101
performWorkOnRoot @ C:\Users\USER\OneDrive\Desktop\PUP\node_modules\react-dom\cjs\react-dom-client.development.js:14418
performWorkOnRootViaSchedulerTask @ C:\Users\USER\OneDrive\Desktop\PUP\node_modules\react-dom\cjs\react-dom-client.development.js:16216
performWorkUntilDeadline @ C:\Users\USER\OneDrive\Desktop\PUP\node_modules\scheduler\cjs\scheduler.development.js:45
<ErrorOverlay>
exports.jsxDEV @ C:\Users\USER\OneDrive\Desktop\PUP\node_modules\react\cjs\react-jsx-dev-runtime.development.js:346
WithDevTools @ C:\Users\USER\OneDrive\Desktop\PUP\node_modules\expo\src\launch\withDevTools.web.tsx:11
react-stack-bottom-frame @ C:\Users\USER\OneDrive\Desktop\PUP\node_modules\react-dom\cjs\react-dom-client.development.js:23863
renderWithHooks @ C:\Users\USER\OneDrive\Desktop\PUP\node_modules\react-dom\cjs\react-dom-client.development.js:5529
updateFunctionComponent @ C:\Users\USER\OneDrive\Desktop\PUP\node_modules\react-dom\cjs\react-dom-client.development.js:8897
beginWork @ C:\Users\USER\OneDrive\Desktop\PUP\node_modules\react-dom\cjs\react-dom-client.development.js:10522
runWithFiberInDEV @ C:\Users\USER\OneDrive\Desktop\PUP\node_modules\react-dom\cjs\react-dom-client.development.js:1519
performUnitOfWork @ C:\Users\USER\OneDrive\Desktop\PUP\node_modules\react-dom\cjs\react-dom-client.development.js:15132
workLoopConcurrentByScheduler @ C:\Users\USER\OneDrive\Desktop\PUP\node_modules\react-dom\cjs\react-dom-client.development.js:15126
renderRootConcurrent @ C:\Users\USER\OneDrive\Desktop\PUP\node_modules\react-dom\cjs\react-dom-client.development.js:15101
performWorkOnRoot @ C:\Users\USER\OneDrive\Desktop\PUP\node_modules\react-dom\cjs\react-dom-client.development.js:14418
performWorkOnRootViaSchedulerTask @ C:\Users\USER\OneDrive\Desktop\PUP\node_modules\react-dom\cjs\react-dom-client.development.js:16216
performWorkUntilDeadline @ C:\Users\USER\OneDrive\Desktop\PUP\node_modules\scheduler\cjs\scheduler.development.js:45
<withDevTools(ErrorOverlay)>
exports.createElement @ C:\Users\USER\OneDrive\Desktop\PUP\node_modules\react\cjs\react.development.js:1033
renderApplication @ C:\Users\USER\OneDrive\Desktop\PUP\node_modules\react-native-web\dist\exports\AppRegistry\renderApplication.js:27
run @ C:\Users\USER\OneDrive\Desktop\PUP\node_modules\react-native-web\dist\exports\AppRegistry\index.js:36
runApplication @ C:\Users\USER\OneDrive\Desktop\PUP\node_modules\react-native-web\dist\exports\AppRegistry\index.js:74
registerRootComponent @ C:\Users\USER\OneDrive\Desktop\PUP\node_modules\expo\src\launch\registerRootComponent.tsx:58
(anonymous) @ C:\Users\USER\OneDrive\Desktop\PUP\node_modules\expo-router\build\renderRootComponent.js:88
exports.startTransition @ C:\Users\USER\OneDrive\Desktop\PUP\node_modules\react\cjs\react.development.js:1124
renderRootComponent @ C:\Users\USER\OneDrive\Desktop\PUP\node_modules\expo-router\build\renderRootComponent.js:85
(anonymous) @ C:\Users\USER\OneDrive\Desktop\PUP\node_modules\expo-router\entry-classic.js:10
loadModuleImplementation @ C:\Users\USER\OneDrive\Desktop\PUP\node_modules\expo\node_modules\@expo\cli\build\metro-require\require.js:248
guardedLoadModule @ C:\Users\USER\OneDrive\Desktop\PUP\node_modules\expo\node_modules\@expo\cli\build\metro-require\require.js:163
metroRequire @ C:\Users\USER\OneDrive\Desktop\PUP\node_modules\expo\node_modules\@expo\cli\build\metro-require\require.js:74
(anonymous) @ C:\Users\USER\OneDrive\Desktop\PUP\node_modules\expo-router\entry.js:3
loadModuleImplementation @ C:\Users\USER\OneDrive\Desktop\PUP\node_modules\expo\node_modules\@expo\cli\build\metro-require\require.js:248
guardedLoadModule @ C:\Users\USER\OneDrive\Desktop\PUP\node_modules\expo\node_modules\@expo\cli\build\metro-require\require.js:156
metroRequire @ C:\Users\USER\OneDrive\Desktop\PUP\node_modules\expo\node_modules\@expo\cli\build\metro-require\require.js:74
(anonymous) @ entry.bundle?platform=web&dev=true&hot=false&lazy=true&transform.routerRoot=app&transform.reactCompiler=true:196749
C:\Users\USER\OneDrive\Desktop\PUP\lib\firestore-rest.ts:133  GET https://firestore.googleapis.com/v1/projects/lasangpinoy-mobile/databases/(default)/documents/recipes?key=AIzaSyAZ36rq3scKZDT5SsETJ_SYIOEB9Gcbkyk&orderBy=created_at 404 (Not Found)
fetchWithTimeout @ C:\Users\USER\OneDrive\Desktop\PUP\lib\firestore-rest.ts:133
getCollection @ C:\Users\USER\OneDrive\Desktop\PUP\lib\firestore-rest.ts:199
await in getCollection
getRecipes @ C:\Users\USER\OneDrive\Desktop\PUP\lib\firebase.ts:339
fetchRecipesData @ C:\Users\USER\OneDrive\Desktop\PUP\app\(tabs)\index.tsx:77
(anonymous) @ C:\Users\USER\OneDrive\Desktop\PUP\app\(tabs)\index.tsx:51
react-stack-bottom-frame @ C:\Users\USER\OneDrive\Desktop\PUP\node_modules\react-dom\cjs\react-dom-client.development.js:23949
runWithFiberInDEV @ C:\Users\USER\OneDrive\Desktop\PUP\node_modules\react-dom\cjs\react-dom-client.development.js:1519
commitHookEffectListMount @ C:\Users\USER\OneDrive\Desktop\PUP\node_modules\react-dom\cjs\react-dom-client.development.js:11905
commitHookPassiveMountEffects @ C:\Users\USER\OneDrive\Desktop\PUP\node_modules\react-dom\cjs\react-dom-client.development.js:12026
reconnectPassiveEffects @ C:\Users\USER\OneDrive\Desktop\PUP\node_modules\react-dom\cjs\react-dom-client.development.js:14004
recursivelyTraverseReconnectPassiveEffects @ C:\Users\USER\OneDrive\Desktop\PUP\node_modules\react-dom\cjs\react-dom-client.development.js:13976
reconnectPassiveEffects @ C:\Users\USER\OneDrive\Desktop\PUP\node_modules\react-dom\cjs\react-dom-client.development.js:14024
recursivelyTraverseReconnectPassiveEffects @ C:\Users\USER\OneDrive\Desktop\PUP\node_modules\react-dom\cjs\react-dom-client.development.js:13976
reconnectPassiveEffects @ C:\Users\USER\OneDrive\Desktop\PUP\node_modules\react-dom\cjs\react-dom-client.development.js:14051
recursivelyTraverseReconnectPassiveEffects @ C:\Users\USER\OneDrive\Desktop\PUP\node_modules\react-dom\cjs\react-dom-client.development.js:13976
reconnectPassiveEffects @ C:\Users\USER\OneDrive\Desktop\PUP\node_modules\react-dom\cjs\react-dom-client.development.js:14051
recursivelyTraverseReconnectPassiveEffects @ C:\Users\USER\OneDrive\Desktop\PUP\node_modules\react-dom\cjs\react-dom-client.development.js:13976
reconnectPassiveEffects @ C:\Users\USER\OneDrive\Desktop\PUP\node_modules\react-dom\cjs\react-dom-client.development.js:14051
recursivelyTraverseReconnectPassiveEffects @ C:\Users\USER\OneDrive\Desktop\PUP\node_modules\react-dom\cjs\react-dom-client.development.js:13976
reconnectPassiveEffects @ C:\Users\USER\OneDrive\Desktop\PUP\node_modules\react-dom\cjs\react-dom-client.development.js:13997
recursivelyTraverseReconnectPassiveEffects @ C:\Users\USER\OneDrive\Desktop\PUP\node_modules\react-dom\cjs\react-dom-client.development.js:13976
reconnectPassiveEffects @ C:\Users\USER\OneDrive\Desktop\PUP\node_modules\react-dom\cjs\react-dom-client.development.js:13997
recursivelyTraverseReconnectPassiveEffects @ C:\Users\USER\OneDrive\Desktop\PUP\node_modules\react-dom\cjs\react-dom-client.development.js:13976
reconnectPassiveEffects @ C:\Users\USER\OneDrive\Desktop\PUP\node_modules\react-dom\cjs\react-dom-client.development.js:13997
recursivelyTraverseReconnectPassiveEffects @ C:\Users\USER\OneDrive\Desktop\PUP\node_modules\react-dom\cjs\react-dom-client.development.js:13976
reconnectPassiveEffects @ C:\Users\USER\OneDrive\Desktop\PUP\node_modules\react-dom\cjs\react-dom-client.development.js:14051
recursivelyTraverseReconnectPassiveEffects @ C:\Users\USER\OneDrive\Desktop\PUP\node_modules\react-dom\cjs\react-dom-client.development.js:13976
reconnectPassiveEffects @ C:\Users\USER\OneDrive\Desktop\PUP\node_modules\react-dom\cjs\react-dom-client.development.js:14051
recursivelyTraverseReconnectPassiveEffects @ C:\Users\USER\OneDrive\Desktop\PUP\node_modules\react-dom\cjs\react-dom-client.development.js:13976
reconnectPassiveEffects @ C:\Users\USER\OneDrive\Desktop\PUP\node_modules\react-dom\cjs\react-dom-client.development.js:13997
recursivelyTraverseReconnectPassiveEffects @ C:\Users\USER\OneDrive\Desktop\PUP\node_modules\react-dom\cjs\react-dom-client.development.js:13976
reconnectPassiveEffects @ C:\Users\USER\OneDrive\Desktop\PUP\node_modules\react-dom\cjs\react-dom-client.development.js:14051
recursivelyTraverseReconnectPassiveEffects @ C:\Users\USER\OneDrive\Desktop\PUP\node_modules\react-dom\cjs\react-dom-client.development.js:13976
reconnectPassiveEffects @ C:\Users\USER\OneDrive\Desktop\PUP\node_modules\react-dom\cjs\react-dom-client.development.js:14051
recursivelyTraverseReconnectPassiveEffects @ C:\Users\USER\OneDrive\Desktop\PUP\node_modules\react-dom\cjs\react-dom-client.development.js:13976
reconnectPassiveEffects @ C:\Users\USER\OneDrive\Desktop\PUP\node_modules\react-dom\cjs\react-dom-client.development.js:14051
recursivelyTraverseReconnectPassiveEffects @ C:\Users\USER\OneDrive\Desktop\PUP\node_modules\react-dom\cjs\react-dom-client.development.js:13976
reconnectPassiveEffects @ C:\Users\USER\OneDrive\Desktop\PUP\node_modules\react-dom\cjs\react-dom-client.development.js:13997
recursivelyTraverseReconnectPassiveEffects @ C:\Users\USER\OneDrive\Desktop\PUP\node_modules\react-dom\cjs\react-dom-client.development.js:13976
reconnectPassiveEffects @ C:\Users\USER\OneDrive\Desktop\PUP\node_modules\react-dom\cjs\react-dom-client.development.js:14051
recursivelyTraverseReconnectPassiveEffects @ C:\Users\USER\OneDrive\Desktop\PUP\node_modules\react-dom\cjs\react-dom-client.development.js:13976
reconnectPassiveEffects @ C:\Users\USER\OneDrive\Desktop\PUP\node_modules\react-dom\cjs\react-dom-client.development.js:14051
recursivelyTraverseReconnectPassiveEffects @ C:\Users\USER\OneDrive\Desktop\PUP\node_modules\react-dom\cjs\react-dom-client.development.js:13976
reconnectPassiveEffects @ C:\Users\USER\OneDrive\Desktop\PUP\node_modules\react-dom\cjs\react-dom-client.development.js:14051
recursivelyTraverseReconnectPassiveEffects @ C:\Users\USER\OneDrive\Desktop\PUP\node_modules\react-dom\cjs\react-dom-client.development.js:13976
reconnectPassiveEffects @ C:\Users\USER\OneDrive\Desktop\PUP\node_modules\react-dom\cjs\react-dom-client.development.js:13997
recursivelyTraverseReconnectPassiveEffects @ C:\Users\USER\OneDrive\Desktop\PUP\node_modules\react-dom\cjs\react-dom-client.development.js:13976
reconnectPassiveEffects @ C:\Users\USER\OneDrive\Desktop\PUP\node_modules\react-dom\cjs\react-dom-client.development.js:14051
recursivelyTraverseReconnectPassiveEffects @ C:\Users\USER\OneDrive\Desktop\PUP\node_modules\react-dom\cjs\react-dom-client.development.js:13976
reconnectPassiveEffects @ C:\Users\USER\OneDrive\Desktop\PUP\node_modules\react-dom\cjs\react-dom-client.development.js:14051
recursivelyTraverseReconnectPassiveEffects @ C:\Users\USER\OneDrive\Desktop\PUP\node_modules\react-dom\cjs\react-dom-client.development.js:13976
reconnectPassiveEffects @ C:\Users\USER\OneDrive\Desktop\PUP\node_modules\react-dom\cjs\react-dom-client.development.js:14051
recursivelyTraverseReconnectPassiveEffects @ C:\Users\USER\OneDrive\Desktop\PUP\node_modules\react-dom\cjs\react-dom-client.development.js:13976
reconnectPassiveEffects @ C:\Users\USER\OneDrive\Desktop\PUP\node_modules\react-dom\cjs\react-dom-client.development.js:14051
recursivelyTraverseReconnectPassiveEffects @ C:\Users\USER\OneDrive\Desktop\PUP\node_modules\react-dom\cjs\react-dom-client.development.js:13976
reconnectPassiveEffects @ C:\Users\USER\OneDrive\Desktop\PUP\node_modules\react-dom\cjs\react-dom-client.development.js:13997
recursivelyTraverseReconnectPassiveEffects @ C:\Users\USER\OneDrive\Desktop\PUP\node_modules\react-dom\cjs\react-dom-client.development.js:13976
reconnectPassiveEffects @ C:\Users\USER\OneDrive\Desktop\PUP\node_modules\react-dom\cjs\react-dom-client.development.js:14051
recursivelyTraverseReconnectPassiveEffects @ C:\Users\USER\OneDrive\Desktop\PUP\node_modules\react-dom\cjs\react-dom-client.development.js:13976
reconnectPassiveEffects @ C:\Users\USER\OneDrive\Desktop\PUP\node_modules\react-dom\cjs\react-dom-client.development.js:13997
recursivelyTraverseReconnectPassiveEffects @ C:\Users\USER\OneDrive\Desktop\PUP\node_modules\react-dom\cjs\react-dom-client.development.js:13976
reconnectPassiveEffects @ C:\Users\USER\OneDrive\Desktop\PUP\node_modules\react-dom\cjs\react-dom-client.development.js:13997
recursivelyTraverseReconnectPassiveEffects @ C:\Users\USER\OneDrive\Desktop\PUP\node_modules\react-dom\cjs\react-dom-client.development.js:13976
reconnectPassiveEffects @ C:\Users\USER\OneDrive\Desktop\PUP\node_modules\react-dom\cjs\react-dom-client.development.js:13997
recursivelyTraverseReconnectPassiveEffects @ C:\Users\USER\OneDrive\Desktop\PUP\node_modules\react-dom\cjs\react-dom-client.development.js:13976
reconnectPassiveEffects @ C:\Users\USER\OneDrive\Desktop\PUP\node_modules\react-dom\cjs\react-dom-client.development.js:13997
recursivelyTraverseReconnectPassiveEffects @ C:\Users\USER\OneDrive\Desktop\PUP\node_modules\react-dom\cjs\react-dom-client.development.js:13976
reconnectPassiveEffects @ C:\Users\USER\OneDrive\Desktop\PUP\node_modules\react-dom\cjs\react-dom-client.development.js:14051
recursivelyTraverseReconnectPassiveEffects @ C:\Users\USER\OneDrive\Desktop\PUP\node_modules\react-dom\cjs\react-dom-client.development.js:13976
reconnectPassiveEffects @ C:\Users\USER\OneDrive\Desktop\PUP\node_modules\react-dom\cjs\react-dom-client.development.js:14051
recursivelyTraverseReconnectPassiveEffects @ C:\Users\USER\OneDrive\Desktop\PUP\node_modules\react-dom\cjs\react-dom-client.development.js:13976
reconnectPassiveEffects @ C:\Users\USER\OneDrive\Desktop\PUP\node_modules\react-dom\cjs\react-dom-client.development.js:13997
recursivelyTraverseReconnectPassiveEffects @ C:\Users\USER\OneDrive\Desktop\PUP\node_modules\react-dom\cjs\react-dom-client.development.js:13976
reconnectPassiveEffects @ C:\Users\USER\OneDrive\Desktop\PUP\node_modules\react-dom\cjs\react-dom-client.development.js:13997
recursivelyTraverseReconnectPassiveEffects @ C:\Users\USER\OneDrive\Desktop\PUP\node_modules\react-dom\cjs\react-dom-client.development.js:13976
reconnectPassiveEffects @ C:\Users\USER\OneDrive\Desktop\PUP\node_modules\react-dom\cjs\react-dom-client.development.js:14051
recursivelyTraverseReconnectPassiveEffects @ C:\Users\USER\OneDrive\Desktop\PUP\node_modules\react-dom\cjs\react-dom-client.development.js:13976
reconnectPassiveEffects @ C:\Users\USER\OneDrive\Desktop\PUP\node_modules\react-dom\cjs\react-dom-client.development.js:13997
recursivelyTraverseReconnectPassiveEffects @ C:\Users\USER\OneDrive\Desktop\PUP\node_modules\react-dom\cjs\react-dom-client.development.js:13976
reconnectPassiveEffects @ C:\Users\USER\OneDrive\Desktop\PUP\node_modules\react-dom\cjs\react-dom-client.development.js:13997
recursivelyTraverseReconnectPassiveEffects @ C:\Users\USER\OneDrive\Desktop\PUP\node_modules\react-dom\cjs\react-dom-client.development.js:13976
reconnectPassiveEffects @ C:\Users\USER\OneDrive\Desktop\PUP\node_modules\react-dom\cjs\react-dom-client.development.js:14051
recursivelyTraverseReconnectPassiveEffects @ C:\Users\USER\OneDrive\Desktop\PUP\node_modules\react-dom\cjs\react-dom-client.development.js:13976
reconnectPassiveEffects @ C:\Users\USER\OneDrive\Desktop\PUP\node_modules\react-dom\cjs\react-dom-client.development.js:13997
recursivelyTraverseReconnectPassiveEffects @ C:\Users\USER\OneDrive\Desktop\PUP\node_modules\react-dom\cjs\react-dom-client.development.js:13976
reconnectPassiveEffects @ C:\Users\USER\OneDrive\Desktop\PUP\node_modules\react-dom\cjs\react-dom-client.development.js:14051
recursivelyTraverseReconnectPassiveEffects @ C:\Users\USER\OneDrive\Desktop\PUP\node_modules\react-dom\cjs\react-dom-client.development.js:13976
reconnectPassiveEffects @ C:\Users\USER\OneDrive\Desktop\PUP\node_modules\react-dom\cjs\react-dom-client.development.js:13997
recursivelyTraverseReconnectPassiveEffects @ C:\Users\USER\OneDrive\Desktop\PUP\node_modules\react-dom\cjs\react-dom-client.development.js:13976
reconnectPassiveEffects @ C:\Users\USER\OneDrive\Desktop\PUP\node_modules\react-dom\cjs\react-dom-client.development.js:13997
recursivelyTraverseReconnectPassiveEffects @ C:\Users\USER\OneDrive\Desktop\PUP\node_modules\react-dom\cjs\react-dom-client.development.js:13976
reconnectPassiveEffects @ C:\Users\USER\OneDrive\Desktop\PUP\node_modules\react-dom\cjs\react-dom-client.development.js:13997
recursivelyTraverseReconnectPassiveEffects @ C:\Users\USER\OneDrive\Desktop\PUP\node_modules\react-dom\cjs\react-dom-client.development.js:13976
reconnectPassiveEffects @ C:\Users\USER\OneDrive\Desktop\PUP\node_modules\react-dom\cjs\react-dom-client.development.js:14051
recursivelyTraverseReconnectPassiveEffects @ C:\Users\USER\OneDrive\Desktop\PUP\node_modules\react-dom\cjs\react-dom-client.development.js:13976
reconnectPassiveEffects @ C:\Users\USER\OneDrive\Desktop\PUP\node_modules\react-dom\cjs\react-dom-client.development.js:13997
recursivelyTraverseReconnectPassiveEffects @ C:\Users\USER\OneDrive\Desktop\PUP\node_modules\react-dom\cjs\react-dom-client.development.js:13976
reconnectPassiveEffects @ C:\Users\USER\OneDrive\Desktop\PUP\node_modules\react-dom\cjs\react-dom-client.development.js:14051
recursivelyTraverseReconnectPassiveEffects @ C:\Users\USER\OneDrive\Desktop\PUP\node_modules\react-dom\cjs\react-dom-client.development.js:13976
reconnectPassiveEffects @ C:\Users\USER\OneDrive\Desktop\PUP\node_modules\react-dom\cjs\react-dom-client.development.js:14051
recursivelyTraverseReconnectPassiveEffects @ C:\Users\USER\OneDrive\Desktop\PUP\node_modules\react-dom\cjs\react-dom-client.development.js:13976
reconnectPassiveEffects @ C:\Users\USER\OneDrive\Desktop\PUP\node_modules\react-dom\cjs\react-dom-client.development.js:13997
recursivelyTraverseReconnectPassiveEffects @ C:\Users\USER\OneDrive\Desktop\PUP\node_modules\react-dom\cjs\react-dom-client.development.js:13976
reconnectPassiveEffects @ C:\Users\USER\OneDrive\Desktop\PUP\node_modules\react-dom\cjs\react-dom-client.development.js:14051
recursivelyTraverseReconnectPassiveEffects @ C:\Users\USER\OneDrive\Desktop\PUP\node_modules\react-dom\cjs\react-dom-client.development.js:13976
reconnectPassiveEffects @ C:\Users\USER\OneDrive\Desktop\PUP\node_modules\react-dom\cjs\react-dom-client.development.js:14051
recursivelyTraverseReconnectPassiveEffects @ C:\Users\USER\OneDrive\Desktop\PUP\node_modules\react-dom\cjs\react-dom-client.development.js:13976
reconnectPassiveEffects @ C:\Users\USER\OneDrive\Desktop\PUP\node_modules\react-dom\cjs\react-dom-client.development.js:13997
recursivelyTraverseReconnectPassiveEffects @ C:\Users\USER\OneDrive\Desktop\PUP\node_modules\react-dom\cjs\react-dom-client.development.js:13976
reconnectPassiveEffects @ C:\Users\USER\OneDrive\Desktop\PUP\node_modules\react-dom\cjs\react-dom-client.development.js:13997
recursivelyTraverseReconnectPassiveEffects @ C:\Users\USER\OneDrive\Desktop\PUP\node_modules\react-dom\cjs\react-dom-client.development.js:13976
reconnectPassiveEffects @ C:\Users\USER\OneDrive\Desktop\PUP\node_modules\react-dom\cjs\react-dom-client.development.js:13997
recursivelyTraverseReconnectPassiveEffects @ C:\Users\USER\OneDrive\Desktop\PUP\node_modules\react-dom\cjs\react-dom-client.development.js:13976
reconnectPassiveEffects @ C:\Users\USER\OneDrive\Desktop\PUP\node_modules\react-dom\cjs\react-dom-client.development.js:13997
recursivelyTraverseReconnectPassiveEffects @ C:\Users\USER\OneDrive\Desktop\PUP\node_modules\react-dom\cjs\react-dom-client.development.js:13976
reconnectPassiveEffects @ C:\Users\USER\OneDrive\Desktop\PUP\node_modules\react-dom\cjs\react-dom-client.development.js:13997
recursivelyTraverseReconnectPassiveEffects @ C:\Users\USER\OneDrive\Desktop\PUP\node_modules\react-dom\cjs\react-dom-client.development.js:13976
reconnectPassiveEffects @ C:\Users\USER\OneDrive\Desktop\PUP\node_modules\react-dom\cjs\react-dom-client.development.js:13997
recursivelyTraverseReconnectPassiveEffects @ C:\Users\USER\OneDrive\Desktop\PUP\node_modules\react-dom\cjs\react-dom-client.development.js:13976
commitPassiveMountOnFiber @ C:\Users\USER\OneDrive\Desktop\PUP\node_modules\react-dom\cjs\react-dom-client.development.js:13936
recursivelyTraversePassiveMountEffects @ C:\Users\USER\OneDrive\Desktop\PUP\node_modules\react-dom\cjs\react-dom-client.development.js:13815
commitPassiveMountOnFiber @ C:\Users\USER\OneDrive\Desktop\PUP\node_modules\react-dom\cjs\react-dom-client.development.js:13903
recursivelyTraversePassiveMountEffects @ C:\Users\USER\OneDrive\Desktop\PUP\node_modules\react-dom\cjs\react-dom-client.development.js:13815
commitPassiveMountOnFiber @ C:\Users\USER\OneDrive\Desktop\PUP\node_modules\react-dom\cjs\react-dom-client.development.js:13957
recursivelyTraversePassiveMountEffects @ C:\Users\USER\OneDrive\Desktop\PUP\node_modules\react-dom\cjs\react-dom-client.development.js:13815
commitPassiveMountOnFiber @ C:\Users\USER\OneDrive\Desktop\PUP\node_modules\react-dom\cjs\react-dom-client.development.js:13957
recursivelyTraversePassiveMountEffects @ C:\Users\USER\OneDrive\Desktop\PUP\node_modules\react-dom\cjs\react-dom-client.development.js:13815
commitPassiveMountOnFiber @ C:\Users\USER\OneDrive\Desktop\PUP\node_modules\react-dom\cjs\react-dom-client.development.js:13834
recursivelyTraversePassiveMountEffects @ C:\Users\USER\OneDrive\Desktop\PUP\node_modules\react-dom\cjs\react-dom-client.development.js:13815
commitPassiveMountOnFiber @ C:\Users\USER\OneDrive\Desktop\PUP\node_modules\react-dom\cjs\react-dom-client.development.js:13834
recursivelyTraversePassiveMountEffects @ C:\Users\USER\OneDrive\Desktop\PUP\node_modules\react-dom\cjs\react-dom-client.development.js:13815
commitPassiveMountOnFiber @ C:\Users\USER\OneDrive\Desktop\PUP\node_modules\react-dom\cjs\react-dom-client.development.js:13834
recursivelyTraversePassiveMountEffects @ C:\Users\USER\OneDrive\Desktop\PUP\node_modules\react-dom\cjs\react-dom-client.development.js:13815
commitPassiveMountOnFiber @ C:\Users\USER\OneDrive\Desktop\PUP\node_modules\react-dom\cjs\react-dom-client.development.js:13957
recursivelyTraversePassiveMountEffects @ C:\Users\USER\OneDrive\Desktop\PUP\node_modules\react-dom\cjs\react-dom-client.development.js:13815
commitPassiveMountOnFiber @ C:\Users\USER\OneDrive\Desktop\PUP\node_modules\react-dom\cjs\react-dom-client.development.js:13957
recursivelyTraversePassiveMountEffects @ C:\Users\USER\OneDrive\Desktop\PUP\node_modules\react-dom\cjs\react-dom-client.development.js:13815
commitPassiveMountOnFiber @ C:\Users\USER\OneDrive\Desktop\PUP\node_modules\react-dom\cjs\react-dom-client.development.js:13834
recursivelyTraversePassiveMountEffects @ C:\Users\USER\OneDrive\Desktop\PUP\node_modules\react-dom\cjs\react-dom-client.development.js:13815
commitPassiveMountOnFiber @ C:\Users\USER\OneDrive\Desktop\PUP\node_modules\react-dom\cjs\react-dom-client.development.js:13957
recursivelyTraversePassiveMountEffects @ C:\Users\USER\OneDrive\Desktop\PUP\node_modules\react-dom\cjs\react-dom-client.development.js:13815
commitPassiveMountOnFiber @ C:\Users\USER\OneDrive\Desktop\PUP\node_modules\react-dom\cjs\react-dom-client.development.js:13957
recursivelyTraversePassiveMountEffects @ C:\Users\USER\OneDrive\Desktop\PUP\node_modules\react-dom\cjs\react-dom-client.development.js:13815
commitPassiveMountOnFiber @ C:\Users\USER\OneDrive\Desktop\PUP\node_modules\react-dom\cjs\react-dom-client.development.js:13957
recursivelyTraversePassiveMountEffects @ C:\Users\USER\OneDrive\Desktop\PUP\node_modules\react-dom\cjs\react-dom-client.development.js:13815
commitPassiveMountOnFiber @ C:\Users\USER\OneDrive\Desktop\PUP\node_modules\react-dom\cjs\react-dom-client.development.js:13834
recursivelyTraversePassiveMountEffects @ C:\Users\USER\OneDrive\Desktop\PUP\node_modules\react-dom\cjs\react-dom-client.development.js:13815
commitPassiveMountOnFiber @ C:\Users\USER\OneDrive\Desktop\PUP\node_modules\react-dom\cjs\react-dom-client.development.js:13957
recursivelyTraversePassiveMountEffects @ C:\Users\USER\OneDrive\Desktop\PUP\node_modules\react-dom\cjs\react-dom-client.development.js:13815
commitPassiveMountOnFiber @ C:\Users\USER\OneDrive\Desktop\PUP\node_modules\react-dom\cjs\react-dom-client.development.js:13957
recursivelyTraversePassiveMountEffects @ C:\Users\USER\OneDrive\Desktop\PUP\node_modules\react-dom\cjs\react-dom-client.development.js:13815
commitPassiveMountOnFiber @ C:\Users\USER\OneDrive\Desktop\PUP\node_modules\react-dom\cjs\react-dom-client.development.js:13957
recursivelyTraversePassiveMountEffects @ C:\Users\USER\OneDrive\Desktop\PUP\node_modules\react-dom\cjs\react-dom-client.development.js:13815
commitPassiveMountOnFiber @ C:\Users\USER\OneDrive\Desktop\PUP\node_modules\react-dom\cjs\react-dom-client.development.js:13834
recursivelyTraversePassiveMountEffects @ C:\Users\USER\OneDrive\Desktop\PUP\node_modules\react-dom\cjs\react-dom-client.development.js:13815
commitPassiveMountOnFiber @ C:\Users\USER\OneDrive\Desktop\PUP\node_modules\react-dom\cjs\react-dom-client.development.js:13957
recursivelyTraversePassiveMountEffects @ C:\Users\USER\OneDrive\Desktop\PUP\node_modules\react-dom\cjs\react-dom-client.development.js:13815
commitPassiveMountOnFiber @ C:\Users\USER\OneDrive\Desktop\PUP\node_modules\react-dom\cjs\react-dom-client.development.js:13957
recursivelyTraversePassiveMountEffects @ C:\Users\USER\OneDrive\Desktop\PUP\node_modules\react-dom\cjs\react-dom-client.development.js:13815
commitPassiveMountOnFiber @ C:\Users\USER\OneDrive\Desktop\PUP\node_modules\react-dom\cjs\react-dom-client.development.js:13834
recursivelyTraversePassiveMountEffects @ C:\Users\USER\OneDrive\Desktop\PUP\node_modules\react-dom\cjs\react-dom-client.development.js:13815
commitPassiveMountOnFiber @ C:\Users\USER\OneDrive\Desktop\PUP\node_modules\react-dom\cjs\react-dom-client.development.js:13957
recursivelyTraversePassiveMountEffects @ C:\Users\USER\OneDrive\Desktop\PUP\node_modules\react-dom\cjs\react-dom-client.development.js:13815
commitPassiveMountOnFiber @ C:\Users\USER\OneDrive\Desktop\PUP\node_modules\react-dom\cjs\react-dom-client.development.js:13957
recursivelyTraversePassiveMountEffects @ C:\Users\USER\OneDrive\Desktop\PUP\node_modules\react-dom\cjs\react-dom-client.development.js:13815
commitPassiveMountOnFiber @ C:\Users\USER\OneDrive\Desktop\PUP\node_modules\react-dom\cjs\react-dom-client.development.js:13834
recursivelyTraversePassiveMountEffects @ C:\Users\USER\OneDrive\Desktop\PUP\node_modules\react-dom\cjs\react-dom-client.development.js:13815
commitPassiveMountOnFiber @ C:\Users\USER\OneDrive\Desktop\PUP\node_modules\react-dom\cjs\react-dom-client.development.js:13957
recursivelyTraversePassiveMountEffects @ C:\Users\USER\OneDrive\Desktop\PUP\node_modules\react-dom\cjs\react-dom-client.development.js:13815
commitPassiveMountOnFiber @ C:\Users\USER\OneDrive\Desktop\PUP\node_modules\react-dom\cjs\react-dom-client.development.js:13957
recursivelyTraversePassiveMountEffects @ C:\Users\USER\OneDrive\Desktop\PUP\node_modules\react-dom\cjs\react-dom-client.development.js:13815
commitPassiveMountOnFiber @ C:\Users\USER\OneDrive\Desktop\PUP\node_modules\react-dom\cjs\react-dom-client.development.js:13834
recursivelyTraversePassiveMountEffects @ C:\Users\USER\OneDrive\Desktop\PUP\node_modules\react-dom\cjs\react-dom-client.development.js:13815
commitPassiveMountOnFiber @ C:\Users\USER\OneDrive\Desktop\PUP\node_modules\react-dom\cjs\react-dom-client.development.js:13834
recursivelyTraversePassiveMountEffects @ C:\Users\USER\OneDrive\Desktop\PUP\node_modules\react-dom\cjs\react-dom-client.development.js:13815
commitPassiveMountOnFiber @ C:\Users\USER\OneDrive\Desktop\PUP\node_modules\react-dom\cjs\react-dom-client.development.js:13834
recursivelyTraversePassiveMountEffects @ C:\Users\USER\OneDrive\Desktop\PUP\node_modules\react-dom\cjs\react-dom-client.development.js:13815
commitPassiveMountOnFiber @ C:\Users\USER\OneDrive\Desktop\PUP\node_modules\react-dom\cjs\react-dom-client.development.js:13834
recursivelyTraversePassiveMountEffects @ C:\Users\USER\OneDrive\Desktop\PUP\node_modules\react-dom\cjs\react-dom-client.development.js:13815
commitPassiveMountOnFiber @ C:\Users\USER\OneDrive\Desktop\PUP\node_modules\react-dom\cjs\react-dom-client.development.js:13957
recursivelyTraversePassiveMountEffects @ C:\Users\USER\OneDrive\Desktop\PUP\node_modules\react-dom\cjs\react-dom-client.development.js:13815
commitPassiveMountOnFiber @ C:\Users\USER\OneDrive\Desktop\PUP\node_modules\react-dom\cjs\react-dom-client.development.js:13834
recursivelyTraversePassiveMountEffects @ C:\Users\USER\OneDrive\Desktop\PUP\node_modules\react-dom\cjs\react-dom-client.development.js:13815
commitPassiveMountOnFiber @ C:\Users\USER\OneDrive\Desktop\PUP\node_modules\react-dom\cjs\react-dom-client.development.js:13834
recursivelyTraversePassiveMountEffects @ C:\Users\USER\OneDrive\Desktop\PUP\node_modules\react-dom\cjs\react-dom-client.development.js:13815
commitPassiveMountOnFiber @ C:\Users\USER\OneDrive\Desktop\PUP\node_modules\react-dom\cjs\react-dom-client.development.js:13928
recursivelyTraversePassiveMountEffects @ C:\Users\USER\OneDrive\Desktop\PUP\node_modules\react-dom\cjs\react-dom-client.development.js:13815
commitPassiveMountOnFiber @ C:\Users\USER\OneDrive\Desktop\PUP\node_modules\react-dom\cjs\react-dom-client.development.js:13903
recursivelyTraversePassiveMountEffects @ C:\Users\USER\OneDrive\Desktop\PUP\node_modules\react-dom\cjs\react-dom-client.development.js:13815
commitPassiveMountOnFiber @ C:\Users\USER\OneDrive\Desktop\PUP\node_modules\react-dom\cjs\react-dom-client.development.js:13957
recursivelyTraversePassiveMountEffects @ C:\Users\USER\OneDrive\Desktop\PUP\node_modules\react-dom\cjs\react-dom-client.development.js:13815
commitPassiveMountOnFiber @ C:\Users\USER\OneDrive\Desktop\PUP\node_modules\react-dom\cjs\react-dom-client.development.js:13957
recursivelyTraversePassiveMountEffects @ C:\Users\USER\OneDrive\Desktop\PUP\node_modules\react-dom\cjs\react-dom-client.development.js:13815
commitPassiveMountOnFiber @ C:\Users\USER\OneDrive\Desktop\PUP\node_modules\react-dom\cjs\react-dom-client.development.js:13834
recursivelyTraversePassiveMountEffects @ C:\Users\USER\OneDrive\Desktop\PUP\node_modules\react-dom\cjs\react-dom-client.development.js:13815
commitPassiveMountOnFiber @ C:\Users\USER\OneDrive\Desktop\PUP\node_modules\react-dom\cjs\react-dom-client.development.js:13834
recursivelyTraversePassiveMountEffects @ C:\Users\USER\OneDrive\Desktop\PUP\node_modules\react-dom\cjs\react-dom-client.development.js:13815
commitPassiveMountOnFiber @ C:\Users\USER\OneDrive\Desktop\PUP\node_modules\react-dom\cjs\react-dom-client.development.js:13834
recursivelyTraversePassiveMountEffects @ C:\Users\USER\OneDrive\Desktop\PUP\node_modules\react-dom\cjs\react-dom-client.development.js:13815
commitPassiveMountOnFiber @ C:\Users\USER\OneDrive\Desktop\PUP\node_modules\react-dom\cjs\react-dom-client.development.js:13957
recursivelyTraversePassiveMountEffects @ C:\Users\USER\OneDrive\Desktop\PUP\node_modules\react-dom\cjs\react-dom-client.development.js:13815
<HomeScreen(./(tabs)/index.tsx)>
exports.jsxDEV @ C:\Users\USER\OneDrive\Desktop\PUP\node_modules\react\cjs\react-jsx-dev-runtime.development.js:346
BaseRoute @ C:\Users\USER\OneDrive\Desktop\PUP\node_modules\expo-router\build\useScreens.js:213
react-stack-bottom-frame @ C:\Users\USER\OneDrive\Desktop\PUP\node_modules\react-dom\cjs\react-dom-client.development.js:23863
renderWithHooks @ C:\Users\USER\OneDrive\Desktop\PUP\node_modules\react-dom\cjs\react-dom-client.development.js:5529
updateFunctionComponent @ C:\Users\USER\OneDrive\Desktop\PUP\node_modules\react-dom\cjs\react-dom-client.development.js:8897
beginWork @ C:\Users\USER\OneDrive\Desktop\PUP\node_modules\react-dom\cjs\react-dom-client.development.js:10522
runWithFiberInDEV @ C:\Users\USER\OneDrive\Desktop\PUP\node_modules\react-dom\cjs\react-dom-client.development.js:1519
performUnitOfWork @ C:\Users\USER\OneDrive\Desktop\PUP\node_modules\react-dom\cjs\react-dom-client.development.js:15132
workLoopSync @ C:\Users\USER\OneDrive\Desktop\PUP\node_modules\react-dom\cjs\react-dom-client.development.js:14956
renderRootSync @ C:\Users\USER\OneDrive\Desktop\PUP\node_modules\react-dom\cjs\react-dom-client.development.js:14936
performWorkOnRoot @ C:\Users\USER\OneDrive\Desktop\PUP\node_modules\react-dom\cjs\react-dom-client.development.js:14419
performSyncWorkOnRoot @ C:\Users\USER\OneDrive\Desktop\PUP\node_modules\react-dom\cjs\react-dom-client.development.js:16231
flushSyncWorkAcrossRoots_impl @ C:\Users\USER\OneDrive\Desktop\PUP\node_modules\react-dom\cjs\react-dom-client.development.js:16079
flushPassiveEffects @ C:\Users\USER\OneDrive\Desktop\PUP\node_modules\react-dom\cjs\react-dom-client.development.js:15749
(anonymous) @ C:\Users\USER\OneDrive\Desktop\PUP\node_modules\react-dom\cjs\react-dom-client.development.js:15379
performWorkUntilDeadline @ C:\Users\USER\OneDrive\Desktop\PUP\node_modules\scheduler\cjs\scheduler.development.js:45
<Route(index)>
exports.jsx @ C:\Users\USER\OneDrive\Desktop\PUP\node_modules\react\cjs\react-jsx-runtime.development.js:339
SceneView @ C:\Users\USER\OneDrive\Desktop\PUP\node_modules\@react-navigation\core\lib\module\SceneView.js:125
react-stack-bottom-frame @ C:\Users\USER\OneDrive\Desktop\PUP\node_modules\react-dom\cjs\react-dom-client.development.js:23863
renderWithHooks @ C:\Users\USER\OneDrive\Desktop\PUP\node_modules\react-dom\cjs\react-dom-client.development.js:5529
updateFunctionComponent @ C:\Users\USER\OneDrive\Desktop\PUP\node_modules\react-dom\cjs\react-dom-client.development.js:8897
beginWork @ C:\Users\USER\OneDrive\Desktop\PUP\node_modules\react-dom\cjs\react-dom-client.development.js:10522
runWithFiberInDEV @ C:\Users\USER\OneDrive\Desktop\PUP\node_modules\react-dom\cjs\react-dom-client.development.js:1519
performUnitOfWork @ C:\Users\USER\OneDrive\Desktop\PUP\node_modules\react-dom\cjs\react-dom-client.development.js:15132
workLoopSync @ C:\Users\USER\OneDrive\Desktop\PUP\node_modules\react-dom\cjs\react-dom-client.development.js:14956
renderRootSync @ C:\Users\USER\OneDrive\Desktop\PUP\node_modules\react-dom\cjs\react-dom-client.development.js:14936
performWorkOnRoot @ C:\Users\USER\OneDrive\Desktop\PUP\node_modules\react-dom\cjs\react-dom-client.development.js:14419
performSyncWorkOnRoot @ C:\Users\USER\OneDrive\Desktop\PUP\node_modules\react-dom\cjs\react-dom-client.development.js:16231
flushSyncWorkAcrossRoots_impl @ C:\Users\USER\OneDrive\Desktop\PUP\node_modules\react-dom\cjs\react-dom-client.development.js:16079
flushPassiveEffects @ C:\Users\USER\OneDrive\Desktop\PUP\node_modules\react-dom\cjs\react-dom-client.development.js:15749
(anonymous) @ C:\Users\USER\OneDrive\Desktop\PUP\node_modules\react-dom\cjs\react-dom-client.development.js:15379
performWorkUntilDeadline @ C:\Users\USER\OneDrive\Desktop\PUP\node_modules\scheduler\cjs\scheduler.development.js:45
<SceneView>
exports.jsx @ C:\Users\USER\OneDrive\Desktop\PUP\node_modules\react\cjs\react-jsx-runtime.development.js:339
render @ C:\Users\USER\OneDrive\Desktop\PUP\node_modules\@react-navigation\core\lib\module\useDescriptors.js:108
(anonymous) @ C:\Users\USER\OneDrive\Desktop\PUP\node_modules\@react-navigation\core\lib\module\useDescriptors.js:140
useDescriptors @ C:\Users\USER\OneDrive\Desktop\PUP\node_modules\@react-navigation\core\lib\module\useDescriptors.js:137
useNavigationBuilder @ C:\Users\USER\OneDrive\Desktop\PUP\node_modules\@react-navigation\core\lib\module\useNavigationBuilder.js:562
BottomTabNavigator @ C:\Users\USER\OneDrive\Desktop\PUP\node_modules\@react-navigation\bottom-tabs\lib\module\navigators\createBottomTabNavigator.js:24
react-stack-bottom-frame @ C:\Users\USER\OneDrive\Desktop\PUP\node_modules\react-dom\cjs\react-dom-client.development.js:23863
renderWithHooks @ C:\Users\USER\OneDrive\Desktop\PUP\node_modules\react-dom\cjs\react-dom-client.development.js:5529
updateFunctionComponent @ C:\Users\USER\OneDrive\Desktop\PUP\node_modules\react-dom\cjs\react-dom-client.development.js:8897
beginWork @ C:\Users\USER\OneDrive\Desktop\PUP\node_modules\react-dom\cjs\react-dom-client.development.js:10522
runWithFiberInDEV @ C:\Users\USER\OneDrive\Desktop\PUP\node_modules\react-dom\cjs\react-dom-client.development.js:1519
performUnitOfWork @ C:\Users\USER\OneDrive\Desktop\PUP\node_modules\react-dom\cjs\react-dom-client.development.js:15132
workLoopSync @ C:\Users\USER\OneDrive\Desktop\PUP\node_modules\react-dom\cjs\react-dom-client.development.js:14956
renderRootSync @ C:\Users\USER\OneDrive\Desktop\PUP\node_modules\react-dom\cjs\react-dom-client.development.js:14936
performWorkOnRoot @ C:\Users\USER\OneDrive\Desktop\PUP\node_modules\react-dom\cjs\react-dom-client.development.js:14419
performSyncWorkOnRoot @ C:\Users\USER\OneDrive\Desktop\PUP\node_modules\react-dom\cjs\react-dom-client.development.js:16231
flushSyncWorkAcrossRoots_impl @ C:\Users\USER\OneDrive\Desktop\PUP\node_modules\react-dom\cjs\react-dom-client.development.js:16079
flushPassiveEffects @ C:\Users\USER\OneDrive\Desktop\PUP\node_modules\react-dom\cjs\react-dom-client.development.js:15749
(anonymous) @ C:\Users\USER\OneDrive\Desktop\PUP\node_modules\react-dom\cjs\react-dom-client.development.js:15379
performWorkUntilDeadline @ C:\Users\USER\OneDrive\Desktop\PUP\node_modules\scheduler\cjs\scheduler.development.js:45
<BottomTabNavigator>
exports.jsxDEV @ C:\Users\USER\OneDrive\Desktop\PUP\node_modules\react\cjs\react-jsx-dev-runtime.development.js:346
(anonymous) @ C:\Users\USER\OneDrive\Desktop\PUP\node_modules\expo-router\build\layouts\withLayoutContext.js:156
react-stack-bottom-frame @ C:\Users\USER\OneDrive\Desktop\PUP\node_modules\react-dom\cjs\react-dom-client.development.js:23863
renderWithHooks @ C:\Users\USER\OneDrive\Desktop\PUP\node_modules\react-dom\cjs\react-dom-client.development.js:5529
updateForwardRef @ C:\Users\USER\OneDrive\Desktop\PUP\node_modules\react-dom\cjs\react-dom-client.development.js:8645
beginWork @ C:\Users\USER\OneDrive\Desktop\PUP\node_modules\react-dom\cjs\react-dom-client.development.js:10861
runWithFiberInDEV @ C:\Users\USER\OneDrive\Desktop\PUP\node_modules\react-dom\cjs\react-dom-client.development.js:1519
performUnitOfWork @ C:\Users\USER\OneDrive\Desktop\PUP\node_modules\react-dom\cjs\react-dom-client.development.js:15132
workLoopSync @ C:\Users\USER\OneDrive\Desktop\PUP\node_modules\react-dom\cjs\react-dom-client.development.js:14956
renderRootSync @ C:\Users\USER\OneDrive\Desktop\PUP\node_modules\react-dom\cjs\react-dom-client.development.js:14936
performWorkOnRoot @ C:\Users\USER\OneDrive\Desktop\PUP\node_modules\react-dom\cjs\react-dom-client.development.js:14419
performSyncWorkOnRoot @ C:\Users\USER\OneDrive\Desktop\PUP\node_modules\react-dom\cjs\react-dom-client.development.js:16231
flushSyncWorkAcrossRoots_impl @ C:\Users\USER\OneDrive\Desktop\PUP\node_modules\react-dom\cjs\react-dom-client.development.js:16079
flushPassiveEffects @ C:\Users\USER\OneDrive\Desktop\PUP\node_modules\react-dom\cjs\react-dom-client.development.js:15749
(anonymous) @ C:\Users\USER\OneDrive\Desktop\PUP\node_modules\react-dom\cjs\react-dom-client.development.js:15379
performWorkUntilDeadline @ C:\Users\USER\OneDrive\Desktop\PUP\node_modules\scheduler\cjs\scheduler.development.js:45
<ForwardRef>
exports.jsxDEV @ C:\Users\USER\OneDrive\Desktop\PUP\node_modules\react\cjs\react-jsx-dev-runtime.development.js:346
Object.assign.Screen @ C:\Users\USER\OneDrive\Desktop\PUP\node_modules\expo-router\build\layouts\TabsClient.js:46
react-stack-bottom-frame @ C:\Users\USER\OneDrive\Desktop\PUP\node_modules\react-dom\cjs\react-dom-client.development.js:23863
renderWithHooks @ C:\Users\USER\OneDrive\Desktop\PUP\node_modules\react-dom\cjs\react-dom-client.development.js:5529
updateFunctionComponent @ C:\Users\USER\OneDrive\Desktop\PUP\node_modules\react-dom\cjs\react-dom-client.development.js:8897
beginWork @ C:\Users\USER\OneDrive\Desktop\PUP\node_modules\react-dom\cjs\react-dom-client.development.js:10522
runWithFiberInDEV @ C:\Users\USER\OneDrive\Desktop\PUP\node_modules\react-dom\cjs\react-dom-client.development.js:1519
performUnitOfWork @ C:\Users\USER\OneDrive\Desktop\PUP\node_modules\react-dom\cjs\react-dom-client.development.js:15132
workLoopSync @ C:\Users\USER\OneDrive\Desktop\PUP\node_modules\react-dom\cjs\react-dom-client.development.js:14956
renderRootSync @ C:\Users\USER\OneDrive\Desktop\PUP\node_modules\react-dom\cjs\react-dom-client.development.js:14936
performWorkOnRoot @ C:\Users\USER\OneDrive\Desktop\PUP\node_modules\react-dom\cjs\react-dom-client.development.js:14419
performSyncWorkOnRoot @ C:\Users\USER\OneDrive\Desktop\PUP\node_modules\react-dom\cjs\react-dom-client.development.js:16231
flushSyncWorkAcrossRoots_impl @ C:\Users\USER\OneDrive\Desktop\PUP\node_modules\react-dom\cjs\react-dom-client.development.js:16079
flushPassiveEffects @ C:\Users\USER\OneDrive\Desktop\PUP\node_modules\react-dom\cjs\react-dom-client.development.js:15749
(anonymous) @ C:\Users\USER\OneDrive\Desktop\PUP\node_modules\react-dom\cjs\react-dom-client.development.js:15379
performWorkUntilDeadline @ C:\Users\USER\OneDrive\Desktop\PUP\node_modules\scheduler\cjs\scheduler.development.js:45
<...>
exports.jsxDEV @ C:\Users\USER\OneDrive\Desktop\PUP\node_modules\react\cjs\react-jsx-dev-runtime.development.js:346
TabLayout @ C:\Users\USER\OneDrive\Desktop\PUP\app\(tabs)\_layout.tsx:6
react-stack-bottom-frame @ C:\Users\USER\OneDrive\Desktop\PUP\node_modules\react-dom\cjs\react-dom-client.development.js:23863
renderWithHooks @ C:\Users\USER\OneDrive\Desktop\PUP\node_modules\react-dom\cjs\react-dom-client.development.js:5529
updateFunctionComponent @ C:\Users\USER\OneDrive\Desktop\PUP\node_modules\react-dom\cjs\react-dom-client.development.js:8897
beginWork @ C:\Users\USER\OneDrive\Desktop\PUP\node_modules\react-dom\cjs\react-dom-client.development.js:10522
runWithFiberInDEV @ C:\Users\USER\OneDrive\Desktop\PUP\node_modules\react-dom\cjs\react-dom-client.development.js:1519
performUnitOfWork @ C:\Users\USER\OneDrive\Desktop\PUP\node_modules\react-dom\cjs\react-dom-client.development.js:15132
workLoopSync @ C:\Users\USER\OneDrive\Desktop\PUP\node_modules\react-dom\cjs\react-dom-client.development.js:14956
renderRootSync @ C:\Users\USER\OneDrive\Desktop\PUP\node_modules\react-dom\cjs\react-dom-client.development.js:14936
performWorkOnRoot @ C:\Users\USER\OneDrive\Desktop\PUP\node_modules\react-dom\cjs\react-dom-client.development.js:14419
performSyncWorkOnRoot @ C:\Users\USER\OneDrive\Desktop\PUP\node_modules\react-dom\cjs\react-dom-client.development.js:16231
flushSyncWorkAcrossRoots_impl @ C:\Users\USER\OneDrive\Desktop\PUP\node_modules\react-dom\cjs\react-dom-client.development.js:16079
flushPassiveEffects @ C:\Users\USER\OneDrive\Desktop\PUP\node_modules\react-dom\cjs\react-dom-client.development.js:15749
(anonymous) @ C:\Users\USER\OneDrive\Desktop\PUP\node_modules\react-dom\cjs\react-dom-client.development.js:15379
performWorkUntilDeadline @ C:\Users\USER\OneDrive\Desktop\PUP\node_modules\scheduler\cjs\scheduler.development.js:45
<TabLayout(./(tabs)/_layout.tsx)>
exports.jsxDEV @ C:\Users\USER\OneDrive\Desktop\PUP\node_modules\react\cjs\react-jsx-dev-runtime.development.js:346
BaseRoute @ C:\Users\USER\OneDrive\Desktop\PUP\node_modules\expo-router\build\useScreens.js:213
react-stack-bottom-frame @ C:\Users\USER\OneDrive\Desktop\PUP\node_modules\react-dom\cjs\react-dom-client.development.js:23863
renderWithHooks @ C:\Users\USER\OneDrive\Desktop\PUP\node_modules\react-dom\cjs\react-dom-client.development.js:5529
updateFunctionComponent @ C:\Users\USER\OneDrive\Desktop\PUP\node_modules\react-dom\cjs\react-dom-client.development.js:8897
beginWork @ C:\Users\USER\OneDrive\Desktop\PUP\node_modules\react-dom\cjs\react-dom-client.development.js:10522
runWithFiberInDEV @ C:\Users\USER\OneDrive\Desktop\PUP\node_modules\react-dom\cjs\react-dom-client.development.js:1519
performUnitOfWork @ C:\Users\USER\OneDrive\Desktop\PUP\node_modules\react-dom\cjs\react-dom-client.development.js:15132
workLoopSync @ C:\Users\USER\OneDrive\Desktop\PUP\node_modules\react-dom\cjs\react-dom-client.development.js:14956
renderRootSync @ C:\Users\USER\OneDrive\Desktop\PUP\node_modules\react-dom\cjs\react-dom-client.development.js:14936
performWorkOnRoot @ C:\Users\USER\OneDrive\Desktop\PUP\node_modules\react-dom\cjs\react-dom-client.development.js:14419
performSyncWorkOnRoot @ C:\Users\USER\OneDrive\Desktop\PUP\node_modules\react-dom\cjs\react-dom-client.development.js:16231
flushSyncWorkAcrossRoots_impl @ C:\Users\USER\OneDrive\Desktop\PUP\node_modules\react-dom\cjs\react-dom-client.development.js:16079
flushPassiveEffects @ C:\Users\USER\OneDrive\Desktop\PUP\node_modules\react-dom\cjs\react-dom-client.development.js:15749
(anonymous) @ C:\Users\USER\OneDrive\Desktop\PUP\node_modules\react-dom\cjs\react-dom-client.development.js:15379
performWorkUntilDeadline @ C:\Users\USER\OneDrive\Desktop\PUP\node_modules\scheduler\cjs\scheduler.development.js:45
<Route((tabs))>
exports.jsx @ C:\Users\USER\OneDrive\Desktop\PUP\node_modules\react\cjs\react-jsx-runtime.development.js:339
SceneView @ C:\Users\USER\OneDrive\Desktop\PUP\node_modules\@react-navigation\core\lib\module\SceneView.js:125
react-stack-bottom-frame @ C:\Users\USER\OneDrive\Desktop\PUP\node_modules\react-dom\cjs\react-dom-client.development.js:23863
renderWithHooks @ C:\Users\USER\OneDrive\Desktop\PUP\node_modules\react-dom\cjs\react-dom-client.development.js:5529
updateFunctionComponent @ C:\Users\USER\OneDrive\Desktop\PUP\node_modules\react-dom\cjs\react-dom-client.development.js:8897
beginWork @ C:\Users\USER\OneDrive\Desktop\PUP\node_modules\react-dom\cjs\react-dom-client.development.js:10522
runWithFiberInDEV @ C:\Users\USER\OneDrive\Desktop\PUP\node_modules\react-dom\cjs\react-dom-client.development.js:1519
performUnitOfWork @ C:\Users\USER\OneDrive\Desktop\PUP\node_modules\react-dom\cjs\react-dom-client.development.js:15132
workLoopSync @ C:\Users\USER\OneDrive\Desktop\PUP\node_modules\react-dom\cjs\react-dom-client.development.js:14956
renderRootSync @ C:\Users\USER\OneDrive\Desktop\PUP\node_modules\react-dom\cjs\react-dom-client.development.js:14936
performWorkOnRoot @ C:\Users\USER\OneDrive\Desktop\PUP\node_modules\react-dom\cjs\react-dom-client.development.js:14419
performSyncWorkOnRoot @ C:\Users\USER\OneDrive\Desktop\PUP\node_modules\react-dom\cjs\react-dom-client.development.js:16231
flushSyncWorkAcrossRoots_impl @ C:\Users\USER\OneDrive\Desktop\PUP\node_modules\react-dom\cjs\react-dom-client.development.js:16079
flushPassiveEffects @ C:\Users\USER\OneDrive\Desktop\PUP\node_modules\react-dom\cjs\react-dom-client.development.js:15749
(anonymous) @ C:\Users\USER\OneDrive\Desktop\PUP\node_modules\react-dom\cjs\react-dom-client.development.js:15379
performWorkUntilDeadline @ C:\Users\USER\OneDrive\Desktop\PUP\node_modules\scheduler\cjs\scheduler.development.js:45
<SceneView>
exports.jsx @ C:\Users\USER\OneDrive\Desktop\PUP\node_modules\react\cjs\react-jsx-runtime.development.js:339
render @ C:\Users\USER\OneDrive\Desktop\PUP\node_modules\@react-navigation\core\lib\module\useDescriptors.js:108
(anonymous) @ C:\Users\USER\OneDrive\Desktop\PUP\node_modules\@react-navigation\core\lib\module\useDescriptors.js:140
useDescriptors @ C:\Users\USER\OneDrive\Desktop\PUP\node_modules\@react-navigation\core\lib\module\useDescriptors.js:137
useNavigationBuilder @ C:\Users\USER\OneDrive\Desktop\PUP\node_modules\@react-navigation\core\lib\module\useNavigationBuilder.js:562
SlotNavigator @ C:\Users\USER\OneDrive\Desktop\PUP\node_modules\expo-router\build\views\Navigator.js:107
react-stack-bottom-frame @ C:\Users\USER\OneDrive\Desktop\PUP\node_modules\react-dom\cjs\react-dom-client.development.js:23863
renderWithHooks @ C:\Users\USER\OneDrive\Desktop\PUP\node_modules\react-dom\cjs\react-dom-client.development.js:5529
updateFunctionComponent @ C:\Users\USER\OneDrive\Desktop\PUP\node_modules\react-dom\cjs\react-dom-client.development.js:8897
beginWork @ C:\Users\USER\OneDrive\Desktop\PUP\node_modules\react-dom\cjs\react-dom-client.development.js:10522
runWithFiberInDEV @ C:\Users\USER\OneDrive\Desktop\PUP\node_modules\react-dom\cjs\react-dom-client.development.js:1519
performUnitOfWork @ C:\Users\USER\OneDrive\Desktop\PUP\node_modules\react-dom\cjs\react-dom-client.development.js:15132
workLoopSync @ C:\Users\USER\OneDrive\Desktop\PUP\node_modules\react-dom\cjs\react-dom-client.development.js:14956
renderRootSync @ C:\Users\USER\OneDrive\Desktop\PUP\node_modules\react-dom\cjs\react-dom-client.development.js:14936
performWorkOnRoot @ C:\Users\USER\OneDrive\Desktop\PUP\node_modules\react-dom\cjs\react-dom-client.development.js:14419
performSyncWorkOnRoot @ C:\Users\USER\OneDrive\Desktop\PUP\node_modules\react-dom\cjs\react-dom-client.development.js:16231
flushSyncWorkAcrossRoots_impl @ C:\Users\USER\OneDrive\Desktop\PUP\node_modules\react-dom\cjs\react-dom-client.development.js:16079
flushPassiveEffects @ C:\Users\USER\OneDrive\Desktop\PUP\node_modules\react-dom\cjs\react-dom-client.development.js:15749
(anonymous) @ C:\Users\USER\OneDrive\Desktop\PUP\node_modules\react-dom\cjs\react-dom-client.development.js:15379
performWorkUntilDeadline @ C:\Users\USER\OneDrive\Desktop\PUP\node_modules\scheduler\cjs\scheduler.development.js:45
<SlotNavigator>
exports.jsxDEV @ C:\Users\USER\OneDrive\Desktop\PUP\node_modules\react\cjs\react-jsx-dev-runtime.development.js:346
Slot @ C:\Users\USER\OneDrive\Desktop\PUP\node_modules\expo-router\build\views\Navigator.js:130
react-stack-bottom-frame @ C:\Users\USER\OneDrive\Desktop\PUP\node_modules\react-dom\cjs\react-dom-client.development.js:23863
renderWithHooks @ C:\Users\USER\OneDrive\Desktop\PUP\node_modules\react-dom\cjs\react-dom-client.development.js:5529
updateFunctionComponent @ C:\Users\USER\OneDrive\Desktop\PUP\node_modules\react-dom\cjs\react-dom-client.development.js:8897
beginWork @ C:\Users\USER\OneDrive\Desktop\PUP\node_modules\react-dom\cjs\react-dom-client.development.js:10522
runWithFiberInDEV @ C:\Users\USER\OneDrive\Desktop\PUP\node_modules\react-dom\cjs\react-dom-client.development.js:1519
performUnitOfWork @ C:\Users\USER\OneDrive\Desktop\PUP\node_modules\react-dom\cjs\react-dom-client.development.js:15132
workLoopConcurrentByScheduler @ C:\Users\USER\OneDrive\Desktop\PUP\node_modules\react-dom\cjs\react-dom-client.development.js:15126
renderRootConcurrent @ C:\Users\USER\OneDrive\Desktop\PUP\node_modules\react-dom\cjs\react-dom-client.development.js:15101
performWorkOnRoot @ C:\Users\USER\OneDrive\Desktop\PUP\node_modules\react-dom\cjs\react-dom-client.development.js:14418
performWorkOnRootViaSchedulerTask @ C:\Users\USER\OneDrive\Desktop\PUP\node_modules\react-dom\cjs\react-dom-client.development.js:16216
performWorkUntilDeadline @ C:\Users\USER\OneDrive\Desktop\PUP\node_modules\scheduler\cjs\scheduler.development.js:45
<Slot>
exports.jsxDEV @ C:\Users\USER\OneDrive\Desktop\PUP\node_modules\react\cjs\react-jsx-dev-runtime.development.js:346
RootLayout @ C:\Users\USER\OneDrive\Desktop\PUP\app\_layout.tsx:86
react-stack-bottom-frame @ C:\Users\USER\OneDrive\Desktop\PUP\node_modules\react-dom\cjs\react-dom-client.development.js:23863
renderWithHooks @ C:\Users\USER\OneDrive\Desktop\PUP\node_modules\react-dom\cjs\react-dom-client.development.js:5529
updateFunctionComponent @ C:\Users\USER\OneDrive\Desktop\PUP\node_modules\react-dom\cjs\react-dom-client.development.js:8897
beginWork @ C:\Users\USER\OneDrive\Desktop\PUP\node_modules\react-dom\cjs\react-dom-client.development.js:10522
runWithFiberInDEV @ C:\Users\USER\OneDrive\Desktop\PUP\node_modules\react-dom\cjs\react-dom-client.development.js:1519
performUnitOfWork @ C:\Users\USER\OneDrive\Desktop\PUP\node_modules\react-dom\cjs\react-dom-client.development.js:15132
workLoopConcurrentByScheduler @ C:\Users\USER\OneDrive\Desktop\PUP\node_modules\react-dom\cjs\react-dom-client.development.js:15126
renderRootConcurrent @ C:\Users\USER\OneDrive\Desktop\PUP\node_modules\react-dom\cjs\react-dom-client.development.js:15101
performWorkOnRoot @ C:\Users\USER\OneDrive\Desktop\PUP\node_modules\react-dom\cjs\react-dom-client.development.js:14418
performWorkOnRootViaSchedulerTask @ C:\Users\USER\OneDrive\Desktop\PUP\node_modules\react-dom\cjs\react-dom-client.development.js:16216
performWorkUntilDeadline @ C:\Users\USER\OneDrive\Desktop\PUP\node_modules\scheduler\cjs\scheduler.development.js:45
<RootLayout(./_layout.tsx)>
exports.jsxDEV @ C:\Users\USER\OneDrive\Desktop\PUP\node_modules\react\cjs\react-jsx-dev-runtime.development.js:346
BaseRoute @ C:\Users\USER\OneDrive\Desktop\PUP\node_modules\expo-router\build\useScreens.js:213
react-stack-bottom-frame @ C:\Users\USER\OneDrive\Desktop\PUP\node_modules\react-dom\cjs\react-dom-client.development.js:23863
renderWithHooks @ C:\Users\USER\OneDrive\Desktop\PUP\node_modules\react-dom\cjs\react-dom-client.development.js:5529
updateFunctionComponent @ C:\Users\USER\OneDrive\Desktop\PUP\node_modules\react-dom\cjs\react-dom-client.development.js:8897
beginWork @ C:\Users\USER\OneDrive\Desktop\PUP\node_modules\react-dom\cjs\react-dom-client.development.js:10522
runWithFiberInDEV @ C:\Users\USER\OneDrive\Desktop\PUP\node_modules\react-dom\cjs\react-dom-client.development.js:1519
performUnitOfWork @ C:\Users\USER\OneDrive\Desktop\PUP\node_modules\react-dom\cjs\react-dom-client.development.js:15132
workLoopConcurrentByScheduler @ C:\Users\USER\OneDrive\Desktop\PUP\node_modules\react-dom\cjs\react-dom-client.development.js:15126
renderRootConcurrent @ C:\Users\USER\OneDrive\Desktop\PUP\node_modules\react-dom\cjs\react-dom-client.development.js:15101
performWorkOnRoot @ C:\Users\USER\OneDrive\Desktop\PUP\node_modules\react-dom\cjs\react-dom-client.development.js:14418
performWorkOnRootViaSchedulerTask @ C:\Users\USER\OneDrive\Desktop\PUP\node_modules\react-dom\cjs\react-dom-client.development.js:16216
performWorkUntilDeadline @ C:\Users\USER\OneDrive\Desktop\PUP\node_modules\scheduler\cjs\scheduler.development.js:45
<Route()>
exports.jsx @ C:\Users\USER\OneDrive\Desktop\PUP\node_modules\react\cjs\react-jsx-runtime.development.js:339
SceneView @ C:\Users\USER\OneDrive\Desktop\PUP\node_modules\@react-navigation\core\lib\module\SceneView.js:125
react-stack-bottom-frame @ C:\Users\USER\OneDrive\Desktop\PUP\node_modules\react-dom\cjs\react-dom-client.development.js:23863
renderWithHooks @ C:\Users\USER\OneDrive\Desktop\PUP\node_modules\react-dom\cjs\react-dom-client.development.js:5529
updateFunctionComponent @ C:\Users\USER\OneDrive\Desktop\PUP\node_modules\react-dom\cjs\react-dom-client.development.js:8897
beginWork @ C:\Users\USER\OneDrive\Desktop\PUP\node_modules\react-dom\cjs\react-dom-client.development.js:10522
runWithFiberInDEV @ C:\Users\USER\OneDrive\Desktop\PUP\node_modules\react-dom\cjs\react-dom-client.development.js:1519
performUnitOfWork @ C:\Users\USER\OneDrive\Desktop\PUP\node_modules\react-dom\cjs\react-dom-client.development.js:15132
workLoopConcurrentByScheduler @ C:\Users\USER\OneDrive\Desktop\PUP\node_modules\react-dom\cjs\react-dom-client.development.js:15126
renderRootConcurrent @ C:\Users\USER\OneDrive\Desktop\PUP\node_modules\react-dom\cjs\react-dom-client.development.js:15101
performWorkOnRoot @ C:\Users\USER\OneDrive\Desktop\PUP\node_modules\react-dom\cjs\react-dom-client.development.js:14418
performWorkOnRootViaSchedulerTask @ C:\Users\USER\OneDrive\Desktop\PUP\node_modules\react-dom\cjs\react-dom-client.development.js:16216
performWorkUntilDeadline @ C:\Users\USER\OneDrive\Desktop\PUP\node_modules\scheduler\cjs\scheduler.development.js:45
<SceneView>
exports.jsx @ C:\Users\USER\OneDrive\Desktop\PUP\node_modules\react\cjs\react-jsx-runtime.development.js:339
render @ C:\Users\USER\OneDrive\Desktop\PUP\node_modules\@react-navigation\core\lib\module\useDescriptors.js:108
(anonymous) @ C:\Users\USER\OneDrive\Desktop\PUP\node_modules\@react-navigation\core\lib\module\useDescriptors.js:140
useDescriptors @ C:\Users\USER\OneDrive\Desktop\PUP\node_modules\@react-navigation\core\lib\module\useDescriptors.js:137
useNavigationBuilder @ C:\Users\USER\OneDrive\Desktop\PUP\node_modules\@react-navigation\core\lib\module\useNavigationBuilder.js:562
Content @ C:\Users\USER\OneDrive\Desktop\PUP\node_modules\expo-router\build\ExpoRoot.js:161
react-stack-bottom-frame @ C:\Users\USER\OneDrive\Desktop\PUP\node_modules\react-dom\cjs\react-dom-client.development.js:23863
renderWithHooks @ C:\Users\USER\OneDrive\Desktop\PUP\node_modules\react-dom\cjs\react-dom-client.development.js:5529
updateFunctionComponent @ C:\Users\USER\OneDrive\Desktop\PUP\node_modules\react-dom\cjs\react-dom-client.development.js:8897
beginWork @ C:\Users\USER\OneDrive\Desktop\PUP\node_modules\react-dom\cjs\react-dom-client.development.js:10522
runWithFiberInDEV @ C:\Users\USER\OneDrive\Desktop\PUP\node_modules\react-dom\cjs\react-dom-client.development.js:1519
performUnitOfWork @ C:\Users\USER\OneDrive\Desktop\PUP\node_modules\react-dom\cjs\react-dom-client.development.js:15132
workLoopConcurrentByScheduler @ C:\Users\USER\OneDrive\Desktop\PUP\node_modules\react-dom\cjs\react-dom-client.development.js:15126
renderRootConcurrent @ C:\Users\USER\OneDrive\Desktop\PUP\node_modules\react-dom\cjs\react-dom-client.development.js:15101
performWorkOnRoot @ C:\Users\USER\OneDrive\Desktop\PUP\node_modules\react-dom\cjs\react-dom-client.development.js:14418
performWorkOnRootViaSchedulerTask @ C:\Users\USER\OneDrive\Desktop\PUP\node_modules\react-dom\cjs\react-dom-client.development.js:16216
performWorkUntilDeadline @ C:\Users\USER\OneDrive\Desktop\PUP\node_modules\scheduler\cjs\scheduler.development.js:45
<Content>
exports.jsxDEV @ C:\Users\USER\OneDrive\Desktop\PUP\node_modules\react\cjs\react-jsx-dev-runtime.development.js:346
ContextNavigator @ C:\Users\USER\OneDrive\Desktop\PUP\node_modules\expo-router\build\ExpoRoot.js:147
react-stack-bottom-frame @ C:\Users\USER\OneDrive\Desktop\PUP\node_modules\react-dom\cjs\react-dom-client.development.js:23863
renderWithHooks @ C:\Users\USER\OneDrive\Desktop\PUP\node_modules\react-dom\cjs\react-dom-client.development.js:5529
updateFunctionComponent @ C:\Users\USER\OneDrive\Desktop\PUP\node_modules\react-dom\cjs\react-dom-client.development.js:8897
beginWork @ C:\Users\USER\OneDrive\Desktop\PUP\node_modules\react-dom\cjs\react-dom-client.development.js:10522
runWithFiberInDEV @ C:\Users\USER\OneDrive\Desktop\PUP\node_modules\react-dom\cjs\react-dom-client.development.js:1519
performUnitOfWork @ C:\Users\USER\OneDrive\Desktop\PUP\node_modules\react-dom\cjs\react-dom-client.development.js:15132
workLoopConcurrentByScheduler @ C:\Users\USER\OneDrive\Desktop\PUP\node_modules\react-dom\cjs\react-dom-client.development.js:15126
renderRootConcurrent @ C:\Users\USER\OneDrive\Desktop\PUP\node_modules\react-dom\cjs\react-dom-client.development.js:15101
performWorkOnRoot @ C:\Users\USER\OneDrive\Desktop\PUP\node_modules\react-dom\cjs\react-dom-client.development.js:14418
performWorkOnRootViaSchedulerTask @ C:\Users\USER\OneDrive\Desktop\PUP\node_modules\react-dom\cjs\react-dom-client.development.js:16216
performWorkUntilDeadline @ C:\Users\USER\OneDrive\Desktop\PUP\node_modules\scheduler\cjs\scheduler.development.js:45
<ContextNavigator>
exports.jsxDEV @ C:\Users\USER\OneDrive\Desktop\PUP\node_modules\react\cjs\react-jsx-dev-runtime.development.js:346
ExpoRoot @ C:\Users\USER\OneDrive\Desktop\PUP\node_modules\expo-router\build\ExpoRoot.js:87
react-stack-bottom-frame @ C:\Users\USER\OneDrive\Desktop\PUP\node_modules\react-dom\cjs\react-dom-client.development.js:23863
renderWithHooks @ C:\Users\USER\OneDrive\Desktop\PUP\node_modules\react-dom\cjs\react-dom-client.development.js:5529
updateFunctionComponent @ C:\Users\USER\OneDrive\Desktop\PUP\node_modules\react-dom\cjs\react-dom-client.development.js:8897
beginWork @ C:\Users\USER\OneDrive\Desktop\PUP\node_modules\react-dom\cjs\react-dom-client.development.js:10522
runWithFiberInDEV @ C:\Users\USER\OneDrive\Desktop\PUP\node_modules\react-dom\cjs\react-dom-client.development.js:1519
performUnitOfWork @ C:\Users\USER\OneDrive\Desktop\PUP\node_modules\react-dom\cjs\react-dom-client.development.js:15132
workLoopConcurrentByScheduler @ C:\Users\USER\OneDrive\Desktop\PUP\node_modules\react-dom\cjs\react-dom-client.development.js:15126
renderRootConcurrent @ C:\Users\USER\OneDrive\Desktop\PUP\node_modules\react-dom\cjs\react-dom-client.development.js:15101
performWorkOnRoot @ C:\Users\USER\OneDrive\Desktop\PUP\node_modules\react-dom\cjs\react-dom-client.development.js:14418
performWorkOnRootViaSchedulerTask @ C:\Users\USER\OneDrive\Desktop\PUP\node_modules\react-dom\cjs\react-dom-client.development.js:16216
performWorkUntilDeadline @ C:\Users\USER\OneDrive\Desktop\PUP\node_modules\scheduler\cjs\scheduler.development.js:45
<ExpoRoot>
exports.jsxDEV @ C:\Users\USER\OneDrive\Desktop\PUP\node_modules\react\cjs\react-jsx-dev-runtime.development.js:346
App @ C:\Users\USER\OneDrive\Desktop\PUP\node_modules\expo-router\build\qualified-entry.js:21
react-stack-bottom-frame @ C:\Users\USER\OneDrive\Desktop\PUP\node_modules\react-dom\cjs\react-dom-client.development.js:23863
renderWithHooks @ C:\Users\USER\OneDrive\Desktop\PUP\node_modules\react-dom\cjs\react-dom-client.development.js:5529
updateFunctionComponent @ C:\Users\USER\OneDrive\Desktop\PUP\node_modules\react-dom\cjs\react-dom-client.development.js:8897
beginWork @ C:\Users\USER\OneDrive\Desktop\PUP\node_modules\react-dom\cjs\react-dom-client.development.js:10522
runWithFiberInDEV @ C:\Users\USER\OneDrive\Desktop\PUP\node_modules\react-dom\cjs\react-dom-client.development.js:1519
performUnitOfWork @ C:\Users\USER\OneDrive\Desktop\PUP\node_modules\react-dom\cjs\react-dom-client.development.js:15132
workLoopConcurrentByScheduler @ C:\Users\USER\OneDrive\Desktop\PUP\node_modules\react-dom\cjs\react-dom-client.development.js:15126
renderRootConcurrent @ C:\Users\USER\OneDrive\Desktop\PUP\node_modules\react-dom\cjs\react-dom-client.development.js:15101
performWorkOnRoot @ C:\Users\USER\OneDrive\Desktop\PUP\node_modules\react-dom\cjs\react-dom-client.development.js:14418
performWorkOnRootViaSchedulerTask @ C:\Users\USER\OneDrive\Desktop\PUP\node_modules\react-dom\cjs\react-dom-client.development.js:16216
performWorkUntilDeadline @ C:\Users\USER\OneDrive\Desktop\PUP\node_modules\scheduler\cjs\scheduler.development.js:45
<App>
exports.jsxDEV @ C:\Users\USER\OneDrive\Desktop\PUP\node_modules\react\cjs\react-jsx-dev-runtime.development.js:346
ErrorOverlay @ C:\Users\USER\OneDrive\Desktop\PUP\node_modules\@expo\metro-runtime\src\error-overlay\index.tsx:19
react-stack-bottom-frame @ C:\Users\USER\OneDrive\Desktop\PUP\node_modules\react-dom\cjs\react-dom-client.development.js:23863
renderWithHooks @ C:\Users\USER\OneDrive\Desktop\PUP\node_modules\react-dom\cjs\react-dom-client.development.js:5529
updateFunctionComponent @ C:\Users\USER\OneDrive\Desktop\PUP\node_modules\react-dom\cjs\react-dom-client.development.js:8897
beginWork @ C:\Users\USER\OneDrive\Desktop\PUP\node_modules\react-dom\cjs\react-dom-client.development.js:10522
runWithFiberInDEV @ C:\Users\USER\OneDrive\Desktop\PUP\node_modules\react-dom\cjs\react-dom-client.development.js:1519
performUnitOfWork @ C:\Users\USER\OneDrive\Desktop\PUP\node_modules\react-dom\cjs\react-dom-client.development.js:15132
workLoopConcurrentByScheduler @ C:\Users\USER\OneDrive\Desktop\PUP\node_modules\react-dom\cjs\react-dom-client.development.js:15126
renderRootConcurrent @ C:\Users\USER\OneDrive\Desktop\PUP\node_modules\react-dom\cjs\react-dom-client.development.js:15101
performWorkOnRoot @ C:\Users\USER\OneDrive\Desktop\PUP\node_modules\react-dom\cjs\react-dom-client.development.js:14418
performWorkOnRootViaSchedulerTask @ C:\Users\USER\OneDrive\Desktop\PUP\node_modules\react-dom\cjs\react-dom-client.development.js:16216
performWorkUntilDeadline @ C:\Users\USER\OneDrive\Desktop\PUP\node_modules\scheduler\cjs\scheduler.development.js:45
<ErrorOverlay>
exports.jsxDEV @ C:\Users\USER\OneDrive\Desktop\PUP\node_modules\react\cjs\react-jsx-dev-runtime.development.js:346
WithDevTools @ C:\Users\USER\OneDrive\Desktop\PUP\node_modules\expo\src\launch\withDevTools.web.tsx:11
react-stack-bottom-frame @ C:\Users\USER\OneDrive\Desktop\PUP\node_modules\react-dom\cjs\react-dom-client.development.js:23863
renderWithHooks @ C:\Users\USER\OneDrive\Desktop\PUP\node_modules\react-dom\cjs\react-dom-client.development.js:5529
updateFunctionComponent @ C:\Users\USER\OneDrive\Desktop\PUP\node_modules\react-dom\cjs\react-dom-client.development.js:8897
beginWork @ C:\Users\USER\OneDrive\Desktop\PUP\node_modules\react-dom\cjs\react-dom-client.development.js:10522
runWithFiberInDEV @ C:\Users\USER\OneDrive\Desktop\PUP\node_modules\react-dom\cjs\react-dom-client.development.js:1519
performUnitOfWork @ C:\Users\USER\OneDrive\Desktop\PUP\node_modules\react-dom\cjs\react-dom-client.development.js:15132
workLoopConcurrentByScheduler @ C:\Users\USER\OneDrive\Desktop\PUP\node_modules\react-dom\cjs\react-dom-client.development.js:15126
renderRootConcurrent @ C:\Users\USER\OneDrive\Desktop\PUP\node_modules\react-dom\cjs\react-dom-client.development.js:15101
performWorkOnRoot @ C:\Users\USER\OneDrive\Desktop\PUP\node_modules\react-dom\cjs\react-dom-client.development.js:14418
performWorkOnRootViaSchedulerTask @ C:\Users\USER\OneDrive\Desktop\PUP\node_modules\react-dom\cjs\react-dom-client.development.js:16216
performWorkUntilDeadline @ C:\Users\USER\OneDrive\Desktop\PUP\node_modules\scheduler\cjs\scheduler.development.js:45
<withDevTools(ErrorOverlay)>
exports.createElement @ C:\Users\USER\OneDrive\Desktop\PUP\node_modules\react\cjs\react.development.js:1033
renderApplication @ C:\Users\USER\OneDrive\Desktop\PUP\node_modules\react-native-web\dist\exports\AppRegistry\renderApplication.js:27
run @ C:\Users\USER\OneDrive\Desktop\PUP\node_modules\react-native-web\dist\exports\AppRegistry\index.js:36
runApplication @ C:\Users\USER\OneDrive\Desktop\PUP\node_modules\react-native-web\dist\exports\AppRegistry\index.js:74
registerRootComponent @ C:\Users\USER\OneDrive\Desktop\PUP\node_modules\expo\src\launch\registerRootComponent.tsx:58
(anonymous) @ C:\Users\USER\OneDrive\Desktop\PUP\node_modules\expo-router\build\renderRootComponent.js:88
exports.startTransition @ C:\Users\USER\OneDrive\Desktop\PUP\node_modules\react\cjs\react.development.js:1124
renderRootComponent @ C:\Users\USER\OneDrive\Desktop\PUP\node_modules\expo-router\build\renderRootComponent.js:85
(anonymous) @ C:\Users\USER\OneDrive\Desktop\PUP\node_modules\expo-router\entry-classic.js:10
loadModuleImplementation @ C:\Users\USER\OneDrive\Desktop\PUP\node_modules\expo\node_modules\@expo\cli\build\metro-require\require.js:248
guardedLoadModule @ C:\Users\USER\OneDrive\Desktop\PUP\node_modules\expo\node_modules\@expo\cli\build\metro-require\require.js:163
metroRequire @ C:\Users\USER\OneDrive\Desktop\PUP\node_modules\expo\node_modules\@expo\cli\build\metro-require\require.js:74
(anonymous) @ C:\Users\USER\OneDrive\Desktop\PUP\node_modules\expo-router\entry.js:3
loadModuleImplementation @ C:\Users\USER\OneDrive\Desktop\PUP\node_modules\expo\node_modules\@expo\cli\build\metro-require\require.js:248
guardedLoadModule @ C:\Users\USER\OneDrive\Desktop\PUP\node_modules\expo\node_modules\@expo\cli\build\metro-require\require.js:156
metroRequire @ C:\Users\USER\OneDrive\Desktop\PUP\node_modules\expo\node_modules\@expo\cli\build\metro-require\require.js:74
(anonymous) @ entry.bundle?platform=web&dev=true&hot=false&lazy=true&transform.routerRoot=app&transform.reactCompiler=true:196749
C:\Users\USER\OneDrive\Desktop\PUP\node_modules\@expo\metro-runtime\src\error-overlay\LogBox.web.ts:134 [REST] getCollection error: 404 {
  "error": {
    "code": 404,
    "message": "The database (default) does not exist for project lasangpinoy-mobile Please visit https://console.cloud.google.com/datastore/setup?project=lasangpinoy-mobile to add a Cloud Datastore or Cloud Firestore database. ",
    "status": "NOT_FOUND"
  }
}

registerError @ C:\Users\USER\OneDrive\Desktop\PUP\node_modules\@expo\metro-runtime\src\error-overlay\LogBox.web.ts:134
console.error @ C:\Users\USER\OneDrive\Desktop\PUP\node_modules\@expo\metro-runtime\src\error-overlay\LogBox.web.ts:59
getCollection @ C:\Users\USER\OneDrive\Desktop\PUP\lib\firestore-rest.ts:203
await in getCollection
getRecipes @ C:\Users\USER\OneDrive\Desktop\PUP\lib\firebase.ts:339
fetchRecipesData @ C:\Users\USER\OneDrive\Desktop\PUP\app\(tabs)\index.tsx:77
(anonymous) @ C:\Users\USER\OneDrive\Desktop\PUP\app\(tabs)\index.tsx:51
react-stack-bottom-frame @ C:\Users\USER\OneDrive\Desktop\PUP\node_modules\react-dom\cjs\react-dom-client.development.js:23949
runWithFiberInDEV @ C:\Users\USER\OneDrive\Desktop\PUP\node_modules\react-dom\cjs\react-dom-client.development.js:1519
commitHookEffectListMount @ C:\Users\USER\OneDrive\Desktop\PUP\node_modules\react-dom\cjs\react-dom-client.development.js:11905
commitHookPassiveMountEffects @ C:\Users\USER\OneDrive\Desktop\PUP\node_modules\react-dom\cjs\react-dom-client.development.js:12026
reconnectPassiveEffects @ C:\Users\USER\OneDrive\Desktop\PUP\node_modules\react-dom\cjs\react-dom-client.development.js:14004
recursivelyTraverseReconnectPassiveEffects @ C:\Users\USER\OneDrive\Desktop\PUP\node_modules\react-dom\cjs\react-dom-client.development.js:13976
reconnectPassiveEffects @ C:\Users\USER\OneDrive\Desktop\PUP\node_modules\react-dom\cjs\react-dom-client.development.js:14024
recursivelyTraverseReconnectPassiveEffects @ C:\Users\USER\OneDrive\Desktop\PUP\node_modules\react-dom\cjs\react-dom-client.development.js:13976
reconnectPassiveEffects @ C:\Users\USER\OneDrive\Desktop\PUP\node_modules\react-dom\cjs\react-dom-client.development.js:14051
recursivelyTraverseReconnectPassiveEffects @ C:\Users\USER\OneDrive\Desktop\PUP\node_modules\react-dom\cjs\react-dom-client.development.js:13976
reconnectPassiveEffects @ C:\Users\USER\OneDrive\Desktop\PUP\node_modules\react-dom\cjs\react-dom-client.development.js:14051
recursivelyTraverseReconnectPassiveEffects @ C:\Users\USER\OneDrive\Desktop\PUP\node_modules\react-dom\cjs\react-dom-client.development.js:13976
reconnectPassiveEffects @ C:\Users\USER\OneDrive\Desktop\PUP\node_modules\react-dom\cjs\react-dom-client.development.js:14051
recursivelyTraverseReconnectPassiveEffects @ C:\Users\USER\OneDrive\Desktop\PUP\node_modules\react-dom\cjs\react-dom-client.development.js:13976
reconnectPassiveEffects @ C:\Users\USER\OneDrive\Desktop\PUP\node_modules\react-dom\cjs\react-dom-client.development.js:13997
recursivelyTraverseReconnectPassiveEffects @ C:\Users\USER\OneDrive\Desktop\PUP\node_modules\react-dom\cjs\react-dom-client.development.js:13976
reconnectPassiveEffects @ C:\Users\USER\OneDrive\Desktop\PUP\node_modules\react-dom\cjs\react-dom-client.development.js:13997
recursivelyTraverseReconnectPassiveEffects @ C:\Users\USER\OneDrive\Desktop\PUP\node_modules\react-dom\cjs\react-dom-client.development.js:13976
reconnectPassiveEffects @ C:\Users\USER\OneDrive\Desktop\PUP\node_modules\react-dom\cjs\react-dom-client.development.js:13997
recursivelyTraverseReconnectPassiveEffects @ C:\Users\USER\OneDrive\Desktop\PUP\node_modules\react-dom\cjs\react-dom-client.development.js:13976
reconnectPassiveEffects @ C:\Users\USER\OneDrive\Desktop\PUP\node_modules\react-dom\cjs\react-dom-client.development.js:14051
recursivelyTraverseReconnectPassiveEffects @ C:\Users\USER\OneDrive\Desktop\PUP\node_modules\react-dom\cjs\react-dom-client.development.js:13976
reconnectPassiveEffects @ C:\Users\USER\OneDrive\Desktop\PUP\node_modules\react-dom\cjs\react-dom-client.development.js:14051
recursivelyTraverseReconnectPassiveEffects @ C:\Users\USER\OneDrive\Desktop\PUP\node_modules\react-dom\cjs\react-dom-client.development.js:13976
reconnectPassiveEffects @ C:\Users\USER\OneDrive\Desktop\PUP\node_modules\react-dom\cjs\react-dom-client.development.js:13997
recursivelyTraverseReconnectPassiveEffects @ C:\Users\USER\OneDrive\Desktop\PUP\node_modules\react-dom\cjs\react-dom-client.development.js:13976
reconnectPassiveEffects @ C:\Users\USER\OneDrive\Desktop\PUP\node_modules\react-dom\cjs\react-dom-client.development.js:14051
recursivelyTraverseReconnectPassiveEffects @ C:\Users\USER\OneDrive\Desktop\PUP\node_modules\react-dom\cjs\react-dom-client.development.js:13976
reconnectPassiveEffects @ C:\Users\USER\OneDrive\Desktop\PUP\node_modules\react-dom\cjs\react-dom-client.development.js:14051
recursivelyTraverseReconnectPassiveEffects @ C:\Users\USER\OneDrive\Desktop\PUP\node_modules\react-dom\cjs\react-dom-client.development.js:13976
reconnectPassiveEffects @ C:\Users\USER\OneDrive\Desktop\PUP\node_modules\react-dom\cjs\react-dom-client.development.js:14051
recursivelyTraverseReconnectPassiveEffects @ C:\Users\USER\OneDrive\Desktop\PUP\node_modules\react-dom\cjs\react-dom-client.development.js:13976
reconnectPassiveEffects @ C:\Users\USER\OneDrive\Desktop\PUP\node_modules\react-dom\cjs\react-dom-client.development.js:13997
recursivelyTraverseReconnectPassiveEffects @ C:\Users\USER\OneDrive\Desktop\PUP\node_modules\react-dom\cjs\react-dom-client.development.js:13976
reconnectPassiveEffects @ C:\Users\USER\OneDrive\Desktop\PUP\node_modules\react-dom\cjs\react-dom-client.development.js:14051
recursivelyTraverseReconnectPassiveEffects @ C:\Users\USER\OneDrive\Desktop\PUP\node_modules\react-dom\cjs\react-dom-client.development.js:13976
reconnectPassiveEffects @ C:\Users\USER\OneDrive\Desktop\PUP\node_modules\react-dom\cjs\react-dom-client.development.js:14051
recursivelyTraverseReconnectPassiveEffects @ C:\Users\USER\OneDrive\Desktop\PUP\node_modules\react-dom\cjs\react-dom-client.development.js:13976
reconnectPassiveEffects @ C:\Users\USER\OneDrive\Desktop\PUP\node_modules\react-dom\cjs\react-dom-client.development.js:14051
recursivelyTraverseReconnectPassiveEffects @ C:\Users\USER\OneDrive\Desktop\PUP\node_modules\react-dom\cjs\react-dom-client.development.js:13976
reconnectPassiveEffects @ C:\Users\USER\OneDrive\Desktop\PUP\node_modules\react-dom\cjs\react-dom-client.development.js:13997
recursivelyTraverseReconnectPassiveEffects @ C:\Users\USER\OneDrive\Desktop\PUP\node_modules\react-dom\cjs\react-dom-client.development.js:13976
reconnectPassiveEffects @ C:\Users\USER\OneDrive\Desktop\PUP\node_modules\react-dom\cjs\react-dom-client.development.js:14051
recursivelyTraverseReconnectPassiveEffects @ C:\Users\USER\OneDrive\Desktop\PUP\node_modules\react-dom\cjs\react-dom-client.development.js:13976
reconnectPassiveEffects @ C:\Users\USER\OneDrive\Desktop\PUP\node_modules\react-dom\cjs\react-dom-client.development.js:14051
recursivelyTraverseReconnectPassiveEffects @ C:\Users\USER\OneDrive\Desktop\PUP\node_modules\react-dom\cjs\react-dom-client.development.js:13976
reconnectPassiveEffects @ C:\Users\USER\OneDrive\Desktop\PUP\node_modules\react-dom\cjs\react-dom-client.development.js:14051
recursivelyTraverseReconnectPassiveEffects @ C:\Users\USER\OneDrive\Desktop\PUP\node_modules\react-dom\cjs\react-dom-client.development.js:13976
reconnectPassiveEffects @ C:\Users\USER\OneDrive\Desktop\PUP\node_modules\react-dom\cjs\react-dom-client.development.js:14051
recursivelyTraverseReconnectPassiveEffects @ C:\Users\USER\OneDrive\Desktop\PUP\node_modules\react-dom\cjs\react-dom-client.development.js:13976
reconnectPassiveEffects @ C:\Users\USER\OneDrive\Desktop\PUP\node_modules\react-dom\cjs\react-dom-client.development.js:13997
recursivelyTraverseReconnectPassiveEffects @ C:\Users\USER\OneDrive\Desktop\PUP\node_modules\react-dom\cjs\react-dom-client.development.js:13976
reconnectPassiveEffects @ C:\Users\USER\OneDrive\Desktop\PUP\node_modules\react-dom\cjs\react-dom-client.development.js:14051
recursivelyTraverseReconnectPassiveEffects @ C:\Users\USER\OneDrive\Desktop\PUP\node_modules\react-dom\cjs\react-dom-client.development.js:13976
reconnectPassiveEffects @ C:\Users\USER\OneDrive\Desktop\PUP\node_modules\react-dom\cjs\react-dom-client.development.js:13997
recursivelyTraverseReconnectPassiveEffects @ C:\Users\USER\OneDrive\Desktop\PUP\node_modules\react-dom\cjs\react-dom-client.development.js:13976
reconnectPassiveEffects @ C:\Users\USER\OneDrive\Desktop\PUP\node_modules\react-dom\cjs\react-dom-client.development.js:13997
recursivelyTraverseReconnectPassiveEffects @ C:\Users\USER\OneDrive\Desktop\PUP\node_modules\react-dom\cjs\react-dom-client.development.js:13976
reconnectPassiveEffects @ C:\Users\USER\OneDrive\Desktop\PUP\node_modules\react-dom\cjs\react-dom-client.development.js:13997
recursivelyTraverseReconnectPassiveEffects @ C:\Users\USER\OneDrive\Desktop\PUP\node_modules\react-dom\cjs\react-dom-client.development.js:13976
reconnectPassiveEffects @ C:\Users\USER\OneDrive\Desktop\PUP\node_modules\react-dom\cjs\react-dom-client.development.js:13997
recursivelyTraverseReconnectPassiveEffects @ C:\Users\USER\OneDrive\Desktop\PUP\node_modules\react-dom\cjs\react-dom-client.development.js:13976
reconnectPassiveEffects @ C:\Users\USER\OneDrive\Desktop\PUP\node_modules\react-dom\cjs\react-dom-client.development.js:14051
recursivelyTraverseReconnectPassiveEffects @ C:\Users\USER\OneDrive\Desktop\PUP\node_modules\react-dom\cjs\react-dom-client.development.js:13976
reconnectPassiveEffects @ C:\Users\USER\OneDrive\Desktop\PUP\node_modules\react-dom\cjs\react-dom-client.development.js:14051
recursivelyTraverseReconnectPassiveEffects @ C:\Users\USER\OneDrive\Desktop\PUP\node_modules\react-dom\cjs\react-dom-client.development.js:13976
reconnectPassiveEffects @ C:\Users\USER\OneDrive\Desktop\PUP\node_modules\react-dom\cjs\react-dom-client.development.js:13997
recursivelyTraverseReconnectPassiveEffects @ C:\Users\USER\OneDrive\Desktop\PUP\node_modules\react-dom\cjs\react-dom-client.development.js:13976
reconnectPassiveEffects @ C:\Users\USER\OneDrive\Desktop\PUP\node_modules\react-dom\cjs\react-dom-client.development.js:13997
recursivelyTraverseReconnectPassiveEffects @ C:\Users\USER\OneDrive\Desktop\PUP\node_modules\react-dom\cjs\react-dom-client.development.js:13976
reconnectPassiveEffects @ C:\Users\USER\OneDrive\Desktop\PUP\node_modules\react-dom\cjs\react-dom-client.development.js:14051
recursivelyTraverseReconnectPassiveEffects @ C:\Users\USER\OneDrive\Desktop\PUP\node_modules\react-dom\cjs\react-dom-client.development.js:13976
reconnectPassiveEffects @ C:\Users\USER\OneDrive\Desktop\PUP\node_modules\react-dom\cjs\react-dom-client.development.js:13997
recursivelyTraverseReconnectPassiveEffects @ C:\Users\USER\OneDrive\Desktop\PUP\node_modules\react-dom\cjs\react-dom-client.development.js:13976
reconnectPassiveEffects @ C:\Users\USER\OneDrive\Desktop\PUP\node_modules\react-dom\cjs\react-dom-client.development.js:13997
recursivelyTraverseReconnectPassiveEffects @ C:\Users\USER\OneDrive\Desktop\PUP\node_modules\react-dom\cjs\react-dom-client.development.js:13976
reconnectPassiveEffects @ C:\Users\USER\OneDrive\Desktop\PUP\node_modules\react-dom\cjs\react-dom-client.development.js:14051
recursivelyTraverseReconnectPassiveEffects @ C:\Users\USER\OneDrive\Desktop\PUP\node_modules\react-dom\cjs\react-dom-client.development.js:13976
reconnectPassiveEffects @ C:\Users\USER\OneDrive\Desktop\PUP\node_modules\react-dom\cjs\react-dom-client.development.js:13997
recursivelyTraverseReconnectPassiveEffects @ C:\Users\USER\OneDrive\Desktop\PUP\node_modules\react-dom\cjs\react-dom-client.development.js:13976
reconnectPassiveEffects @ C:\Users\USER\OneDrive\Desktop\PUP\node_modules\react-dom\cjs\react-dom-client.development.js:14051
recursivelyTraverseReconnectPassiveEffects @ C:\Users\USER\OneDrive\Desktop\PUP\node_modules\react-dom\cjs\react-dom-client.development.js:13976
reconnectPassiveEffects @ C:\Users\USER\OneDrive\Desktop\PUP\node_modules\react-dom\cjs\react-dom-client.development.js:13997
recursivelyTraverseReconnectPassiveEffects @ C:\Users\USER\OneDrive\Desktop\PUP\node_modules\react-dom\cjs\react-dom-client.development.js:13976
reconnectPassiveEffects @ C:\Users\USER\OneDrive\Desktop\PUP\node_modules\react-dom\cjs\react-dom-client.development.js:13997
recursivelyTraverseReconnectPassiveEffects @ C:\Users\USER\OneDrive\Desktop\PUP\node_modules\react-dom\cjs\react-dom-client.development.js:13976
reconnectPassiveEffects @ C:\Users\USER\OneDrive\Desktop\PUP\node_modules\react-dom\cjs\react-dom-client.development.js:13997
recursivelyTraverseReconnectPassiveEffects @ C:\Users\USER\OneDrive\Desktop\PUP\node_modules\react-dom\cjs\react-dom-client.development.js:13976
reconnectPassiveEffects @ C:\Users\USER\OneDrive\Desktop\PUP\node_modules\react-dom\cjs\react-dom-client.development.js:14051
recursivelyTraverseReconnectPassiveEffects @ C:\Users\USER\OneDrive\Desktop\PUP\node_modules\react-dom\cjs\react-dom-client.development.js:13976
reconnectPassiveEffects @ C:\Users\USER\OneDrive\Desktop\PUP\node_modules\react-dom\cjs\react-dom-client.development.js:13997
recursivelyTraverseReconnectPassiveEffects @ C:\Users\USER\OneDrive\Desktop\PUP\node_modules\react-dom\cjs\react-dom-client.development.js:13976
reconnectPassiveEffects @ C:\Users\USER\OneDrive\Desktop\PUP\node_modules\react-dom\cjs\react-dom-client.development.js:14051
recursivelyTraverseReconnectPassiveEffects @ C:\Users\USER\OneDrive\Desktop\PUP\node_modules\react-dom\cjs\react-dom-client.development.js:13976
reconnectPassiveEffects @ C:\Users\USER\OneDrive\Desktop\PUP\node_modules\react-dom\cjs\react-dom-client.development.js:14051
recursivelyTraverseReconnectPassiveEffects @ C:\Users\USER\OneDrive\Desktop\PUP\node_modules\react-dom\cjs\react-dom-client.development.js:13976
reconnectPassiveEffects @ C:\Users\USER\OneDrive\Desktop\PUP\node_modules\react-dom\cjs\react-dom-client.development.js:13997
recursivelyTraverseReconnectPassiveEffects @ C:\Users\USER\OneDrive\Desktop\PUP\node_modules\react-dom\cjs\react-dom-client.development.js:13976
reconnectPassiveEffects @ C:\Users\USER\OneDrive\Desktop\PUP\node_modules\react-dom\cjs\react-dom-client.development.js:14051
recursivelyTraverseReconnectPassiveEffects @ C:\Users\USER\OneDrive\Desktop\PUP\node_modules\react-dom\cjs\react-dom-client.development.js:13976
reconnectPassiveEffects @ C:\Users\USER\OneDrive\Desktop\PUP\node_modules\react-dom\cjs\react-dom-client.development.js:14051
recursivelyTraverseReconnectPassiveEffects @ C:\Users\USER\OneDrive\Desktop\PUP\node_modules\react-dom\cjs\react-dom-client.development.js:13976
reconnectPassiveEffects @ C:\Users\USER\OneDrive\Desktop\PUP\node_modules\react-dom\cjs\react-dom-client.development.js:13997
recursivelyTraverseReconnectPassiveEffects @ C:\Users\USER\OneDrive\Desktop\PUP\node_modules\react-dom\cjs\react-dom-client.development.js:13976
reconnectPassiveEffects @ C:\Users\USER\OneDrive\Desktop\PUP\node_modules\react-dom\cjs\react-dom-client.development.js:13997
recursivelyTraverseReconnectPassiveEffects @ C:\Users\USER\OneDrive\Desktop\PUP\node_modules\react-dom\cjs\react-dom-client.development.js:13976
reconnectPassiveEffects @ C:\Users\USER\OneDrive\Desktop\PUP\node_modules\react-dom\cjs\react-dom-client.development.js:13997
recursivelyTraverseReconnectPassiveEffects @ C:\Users\USER\OneDrive\Desktop\PUP\node_modules\react-dom\cjs\react-dom-client.development.js:13976
reconnectPassiveEffects @ C:\Users\USER\OneDrive\Desktop\PUP\node_modules\react-dom\cjs\react-dom-client.development.js:13997
recursivelyTraverseReconnectPassiveEffects @ C:\Users\USER\OneDrive\Desktop\PUP\node_modules\react-dom\cjs\react-dom-client.development.js:13976
reconnectPassiveEffects @ C:\Users\USER\OneDrive\Desktop\PUP\node_modules\react-dom\cjs\react-dom-client.development.js:13997
recursivelyTraverseReconnectPassiveEffects @ C:\Users\USER\OneDrive\Desktop\PUP\node_modules\react-dom\cjs\react-dom-client.development.js:13976
reconnectPassiveEffects @ C:\Users\USER\OneDrive\Desktop\PUP\node_modules\react-dom\cjs\react-dom-client.development.js:13997
recursivelyTraverseReconnectPassiveEffects @ C:\Users\USER\OneDrive\Desktop\PUP\node_modules\react-dom\cjs\react-dom-client.development.js:13976
commitPassiveMountOnFiber @ C:\Users\USER\OneDrive\Desktop\PUP\node_modules\react-dom\cjs\react-dom-client.development.js:13936
recursivelyTraversePassiveMountEffects @ C:\Users\USER\OneDrive\Desktop\PUP\node_modules\react-dom\cjs\react-dom-client.development.js:13815
commitPassiveMountOnFiber @ C:\Users\USER\OneDrive\Desktop\PUP\node_modules\react-dom\cjs\react-dom-client.development.js:13903
recursivelyTraversePassiveMountEffects @ C:\Users\USER\OneDrive\Desktop\PUP\node_modules\react-dom\cjs\react-dom-client.development.js:13815
commitPassiveMountOnFiber @ C:\Users\USER\OneDrive\Desktop\PUP\node_modules\react-dom\cjs\react-dom-client.development.js:13957
recursivelyTraversePassiveMountEffects @ C:\Users\USER\OneDrive\Desktop\PUP\node_modules\react-dom\cjs\react-dom-client.development.js:13815
commitPassiveMountOnFiber @ C:\Users\USER\OneDrive\Desktop\PUP\node_modules\react-dom\cjs\react-dom-client.development.js:13957
recursivelyTraversePassiveMountEffects @ C:\Users\USER\OneDrive\Desktop\PUP\node_modules\react-dom\cjs\react-dom-client.development.js:13815
commitPassiveMountOnFiber @ C:\Users\USER\OneDrive\Desktop\PUP\node_modules\react-dom\cjs\react-dom-client.development.js:13834
recursivelyTraversePassiveMountEffects @ C:\Users\USER\OneDrive\Desktop\PUP\node_modules\react-dom\cjs\react-dom-client.development.js:13815
commitPassiveMountOnFiber @ C:\Users\USER\OneDrive\Desktop\PUP\node_modules\react-dom\cjs\react-dom-client.development.js:13834
recursivelyTraversePassiveMountEffects @ C:\Users\USER\OneDrive\Desktop\PUP\node_modules\react-dom\cjs\react-dom-client.development.js:13815
commitPassiveMountOnFiber @ C:\Users\USER\OneDrive\Desktop\PUP\node_modules\react-dom\cjs\react-dom-client.development.js:13834
recursivelyTraversePassiveMountEffects @ C:\Users\USER\OneDrive\Desktop\PUP\node_modules\react-dom\cjs\react-dom-client.development.js:13815
commitPassiveMountOnFiber @ C:\Users\USER\OneDrive\Desktop\PUP\node_modules\react-dom\cjs\react-dom-client.development.js:13957
recursivelyTraversePassiveMountEffects @ C:\Users\USER\OneDrive\Desktop\PUP\node_modules\react-dom\cjs\react-dom-client.development.js:13815
commitPassiveMountOnFiber @ C:\Users\USER\OneDrive\Desktop\PUP\node_modules\react-dom\cjs\react-dom-client.development.js:13957
recursivelyTraversePassiveMountEffects @ C:\Users\USER\OneDrive\Desktop\PUP\node_modules\react-dom\cjs\react-dom-client.development.js:13815
commitPassiveMountOnFiber @ C:\Users\USER\OneDrive\Desktop\PUP\node_modules\react-dom\cjs\react-dom-client.development.js:13834
recursivelyTraversePassiveMountEffects @ C:\Users\USER\OneDrive\Desktop\PUP\node_modules\react-dom\cjs\react-dom-client.development.js:13815
commitPassiveMountOnFiber @ C:\Users\USER\OneDrive\Desktop\PUP\node_modules\react-dom\cjs\react-dom-client.development.js:13957
recursivelyTraversePassiveMountEffects @ C:\Users\USER\OneDrive\Desktop\PUP\node_modules\react-dom\cjs\react-dom-client.development.js:13815
commitPassiveMountOnFiber @ C:\Users\USER\OneDrive\Desktop\PUP\node_modules\react-dom\cjs\react-dom-client.development.js:13957
recursivelyTraversePassiveMountEffects @ C:\Users\USER\OneDrive\Desktop\PUP\node_modules\react-dom\cjs\react-dom-client.development.js:13815
commitPassiveMountOnFiber @ C:\Users\USER\OneDrive\Desktop\PUP\node_modules\react-dom\cjs\react-dom-client.development.js:13957
recursivelyTraversePassiveMountEffects @ C:\Users\USER\OneDrive\Desktop\PUP\node_modules\react-dom\cjs\react-dom-client.development.js:13815
commitPassiveMountOnFiber @ C:\Users\USER\OneDrive\Desktop\PUP\node_modules\react-dom\cjs\react-dom-client.development.js:13834
recursivelyTraversePassiveMountEffects @ C:\Users\USER\OneDrive\Desktop\PUP\node_modules\react-dom\cjs\react-dom-client.development.js:13815
commitPassiveMountOnFiber @ C:\Users\USER\OneDrive\Desktop\PUP\node_modules\react-dom\cjs\react-dom-client.development.js:13957
recursivelyTraversePassiveMountEffects @ C:\Users\USER\OneDrive\Desktop\PUP\node_modules\react-dom\cjs\react-dom-client.development.js:13815
commitPassiveMountOnFiber @ C:\Users\USER\OneDrive\Desktop\PUP\node_modules\react-dom\cjs\react-dom-client.development.js:13957
recursivelyTraversePassiveMountEffects @ C:\Users\USER\OneDrive\Desktop\PUP\node_modules\react-dom\cjs\react-dom-client.development.js:13815
commitPassiveMountOnFiber @ C:\Users\USER\OneDrive\Desktop\PUP\node_modules\react-dom\cjs\react-dom-client.development.js:13957
recursivelyTraversePassiveMountEffects @ C:\Users\USER\OneDrive\Desktop\PUP\node_modules\react-dom\cjs\react-dom-client.development.js:13815
commitPassiveMountOnFiber @ C:\Users\USER\OneDrive\Desktop\PUP\node_modules\react-dom\cjs\react-dom-client.development.js:13834
recursivelyTraversePassiveMountEffects @ C:\Users\USER\OneDrive\Desktop\PUP\node_modules\react-dom\cjs\react-dom-client.development.js:13815
commitPassiveMountOnFiber @ C:\Users\USER\OneDrive\Desktop\PUP\node_modules\react-dom\cjs\react-dom-client.development.js:13957
recursivelyTraversePassiveMountEffects @ C:\Users\USER\OneDrive\Desktop\PUP\node_modules\react-dom\cjs\react-dom-client.development.js:13815
commitPassiveMountOnFiber @ C:\Users\USER\OneDrive\Desktop\PUP\node_modules\react-dom\cjs\react-dom-client.development.js:13957
recursivelyTraversePassiveMountEffects @ C:\Users\USER\OneDrive\Desktop\PUP\node_modules\react-dom\cjs\react-dom-client.development.js:13815
commitPassiveMountOnFiber @ C:\Users\USER\OneDrive\Desktop\PUP\node_modules\react-dom\cjs\react-dom-client.development.js:13834
recursivelyTraversePassiveMountEffects @ C:\Users\USER\OneDrive\Desktop\PUP\node_modules\react-dom\cjs\react-dom-client.development.js:13815
commitPassiveMountOnFiber @ C:\Users\USER\OneDrive\Desktop\PUP\node_modules\react-dom\cjs\react-dom-client.development.js:13957
recursivelyTraversePassiveMountEffects @ C:\Users\USER\OneDrive\Desktop\PUP\node_modules\react-dom\cjs\react-dom-client.development.js:13815
commitPassiveMountOnFiber @ C:\Users\USER\OneDrive\Desktop\PUP\node_modules\react-dom\cjs\react-dom-client.development.js:13957
recursivelyTraversePassiveMountEffects @ C:\Users\USER\OneDrive\Desktop\PUP\node_modules\react-dom\cjs\react-dom-client.development.js:13815
commitPassiveMountOnFiber @ C:\Users\USER\OneDrive\Desktop\PUP\node_modules\react-dom\cjs\react-dom-client.development.js:13834
recursivelyTraversePassiveMountEffects @ C:\Users\USER\OneDrive\Desktop\PUP\node_modules\react-dom\cjs\react-dom-client.development.js:13815
commitPassiveMountOnFiber @ C:\Users\USER\OneDrive\Desktop\PUP\node_modules\react-dom\cjs\react-dom-client.development.js:13957
recursivelyTraversePassiveMountEffects @ C:\Users\USER\OneDrive\Desktop\PUP\node_modules\react-dom\cjs\react-dom-client.development.js:13815
commitPassiveMountOnFiber @ C:\Users\USER\OneDrive\Desktop\PUP\node_modules\react-dom\cjs\react-dom-client.development.js:13957
recursivelyTraversePassiveMountEffects @ C:\Users\USER\OneDrive\Desktop\PUP\node_modules\react-dom\cjs\react-dom-client.development.js:13815
commitPassiveMountOnFiber @ C:\Users\USER\OneDrive\Desktop\PUP\node_modules\react-dom\cjs\react-dom-client.development.js:13834
recursivelyTraversePassiveMountEffects @ C:\Users\USER\OneDrive\Desktop\PUP\node_modules\react-dom\cjs\react-dom-client.development.js:13815
commitPassiveMountOnFiber @ C:\Users\USER\OneDrive\Desktop\PUP\node_modules\react-dom\cjs\react-dom-client.development.js:13834
recursivelyTraversePassiveMountEffects @ C:\Users\USER\OneDrive\Desktop\PUP\node_modules\react-dom\cjs\react-dom-client.development.js:13815
commitPassiveMountOnFiber @ C:\Users\USER\OneDrive\Desktop\PUP\node_modules\react-dom\cjs\react-dom-client.development.js:13834
recursivelyTraversePassiveMountEffects @ C:\Users\USER\OneDrive\Desktop\PUP\node_modules\react-dom\cjs\react-dom-client.development.js:13815
commitPassiveMountOnFiber @ C:\Users\USER\OneDrive\Desktop\PUP\node_modules\react-dom\cjs\react-dom-client.development.js:13834
recursivelyTraversePassiveMountEffects @ C:\Users\USER\OneDrive\Desktop\PUP\node_modules\react-dom\cjs\react-dom-client.development.js:13815
commitPassiveMountOnFiber @ C:\Users\USER\OneDrive\Desktop\PUP\node_modules\react-dom\cjs\react-dom-client.development.js:13957
recursivelyTraversePassiveMountEffects @ C:\Users\USER\OneDrive\Desktop\PUP\node_modules\react-dom\cjs\react-dom-client.development.js:13815
commitPassiveMountOnFiber @ C:\Users\USER\OneDrive\Desktop\PUP\node_modules\react-dom\cjs\react-dom-client.development.js:13834
recursivelyTraversePassiveMountEffects @ C:\Users\USER\OneDrive\Desktop\PUP\node_modules\react-dom\cjs\react-dom-client.development.js:13815
commitPassiveMountOnFiber @ C:\Users\USER\OneDrive\Desktop\PUP\node_modules\react-dom\cjs\react-dom-client.development.js:13834
recursivelyTraversePassiveMountEffects @ C:\Users\USER\OneDrive\Desktop\PUP\node_modules\react-dom\cjs\react-dom-client.development.js:13815
commitPassiveMountOnFiber @ C:\Users\USER\OneDrive\Desktop\PUP\node_modules\react-dom\cjs\react-dom-client.development.js:13928
recursivelyTraversePassiveMountEffects @ C:\Users\USER\OneDrive\Desktop\PUP\node_modules\react-dom\cjs\react-dom-client.development.js:13815
commitPassiveMountOnFiber @ C:\Users\USER\OneDrive\Desktop\PUP\node_modules\react-dom\cjs\react-dom-client.development.js:13903
recursivelyTraversePassiveMountEffects @ C:\Users\USER\OneDrive\Desktop\PUP\node_modules\react-dom\cjs\react-dom-client.development.js:13815
commitPassiveMountOnFiber @ C:\Users\USER\OneDrive\Desktop\PUP\node_modules\react-dom\cjs\react-dom-client.development.js:13957
recursivelyTraversePassiveMountEffects @ C:\Users\USER\OneDrive\Desktop\PUP\node_modules\react-dom\cjs\react-dom-client.development.js:13815
commitPassiveMountOnFiber @ C:\Users\USER\OneDrive\Desktop\PUP\node_modules\react-dom\cjs\react-dom-client.development.js:13957
recursivelyTraversePassiveMountEffects @ C:\Users\USER\OneDrive\Desktop\PUP\node_modules\react-dom\cjs\react-dom-client.development.js:13815
commitPassiveMountOnFiber @ C:\Users\USER\OneDrive\Desktop\PUP\node_modules\react-dom\cjs\react-dom-client.development.js:13834
recursivelyTraversePassiveMountEffects @ C:\Users\USER\OneDrive\Desktop\PUP\node_modules\react-dom\cjs\react-dom-client.development.js:13815
commitPassiveMountOnFiber @ C:\Users\USER\OneDrive\Desktop\PUP\node_modules\react-dom\cjs\react-dom-client.development.js:13834
recursivelyTraversePassiveMountEffects @ C:\Users\USER\OneDrive\Desktop\PUP\node_modules\react-dom\cjs\react-dom-client.development.js:13815
commitPassiveMountOnFiber @ C:\Users\USER\OneDrive\Desktop\PUP\node_modules\react-dom\cjs\react-dom-client.development.js:13834
recursivelyTraversePassiveMountEffects @ C:\Users\USER\OneDrive\Desktop\PUP\node_modules\react-dom\cjs\react-dom-client.development.js:13815
commitPassiveMountOnFiber @ C:\Users\USER\OneDrive\Desktop\PUP\node_modules\react-dom\cjs\react-dom-client.development.js:13957
recursivelyTraversePassiveMountEffects @ C:\Users\USER\OneDrive\Desktop\PUP\node_modules\react-dom\cjs\react-dom-client.development.js:13815
<HomeScreen(./(tabs)/index.tsx)>
exports.jsxDEV @ C:\Users\USER\OneDrive\Desktop\PUP\node_modules\react\cjs\react-jsx-dev-runtime.development.js:346
BaseRoute @ C:\Users\USER\OneDrive\Desktop\PUP\node_modules\expo-router\build\useScreens.js:213
react-stack-bottom-frame @ C:\Users\USER\OneDrive\Desktop\PUP\node_modules\react-dom\cjs\react-dom-client.development.js:23863
renderWithHooks @ C:\Users\USER\OneDrive\Desktop\PUP\node_modules\react-dom\cjs\react-dom-client.development.js:5529
updateFunctionComponent @ C:\Users\USER\OneDrive\Desktop\PUP\node_modules\react-dom\cjs\react-dom-client.development.js:8897
beginWork @ C:\Users\USER\OneDrive\Desktop\PUP\node_modules\react-dom\cjs\react-dom-client.development.js:10522
runWithFiberInDEV @ C:\Users\USER\OneDrive\Desktop\PUP\node_modules\react-dom\cjs\react-dom-client.development.js:1519
performUnitOfWork @ C:\Users\USER\OneDrive\Desktop\PUP\node_modules\react-dom\cjs\react-dom-client.development.js:15132
workLoopSync @ C:\Users\USER\OneDrive\Desktop\PUP\node_modules\react-dom\cjs\react-dom-client.development.js:14956
renderRootSync @ C:\Users\USER\OneDrive\Desktop\PUP\node_modules\react-dom\cjs\react-dom-client.development.js:14936
performWorkOnRoot @ C:\Users\USER\OneDrive\Desktop\PUP\node_modules\react-dom\cjs\react-dom-client.development.js:14419
performSyncWorkOnRoot @ C:\Users\USER\OneDrive\Desktop\PUP\node_modules\react-dom\cjs\react-dom-client.development.js:16231
flushSyncWorkAcrossRoots_impl @ C:\Users\USER\OneDrive\Desktop\PUP\node_modules\react-dom\cjs\react-dom-client.development.js:16079
flushPassiveEffects @ C:\Users\USER\OneDrive\Desktop\PUP\node_modules\react-dom\cjs\react-dom-client.development.js:15749
(anonymous) @ C:\Users\USER\OneDrive\Desktop\PUP\node_modules\react-dom\cjs\react-dom-client.development.js:15379
performWorkUntilDeadline @ C:\Users\USER\OneDrive\Desktop\PUP\node_modules\scheduler\cjs\scheduler.development.js:45
<Route(index)>
exports.jsx @ C:\Users\USER\OneDrive\Desktop\PUP\node_modules\react\cjs\react-jsx-runtime.development.js:339
SceneView @ C:\Users\USER\OneDrive\Desktop\PUP\node_modules\@react-navigation\core\lib\module\SceneView.js:125
react-stack-bottom-frame @ C:\Users\USER\OneDrive\Desktop\PUP\node_modules\react-dom\cjs\react-dom-client.development.js:23863
renderWithHooks @ C:\Users\USER\OneDrive\Desktop\PUP\node_modules\react-dom\cjs\react-dom-client.development.js:5529
updateFunctionComponent @ C:\Users\USER\OneDrive\Desktop\PUP\node_modules\react-dom\cjs\react-dom-client.development.js:8897
beginWork @ C:\Users\USER\OneDrive\Desktop\PUP\node_modules\react-dom\cjs\react-dom-client.development.js:10522
runWithFiberInDEV @ C:\Users\USER\OneDrive\Desktop\PUP\node_modules\react-dom\cjs\react-dom-client.development.js:1519
performUnitOfWork @ C:\Users\USER\OneDrive\Desktop\PUP\node_modules\react-dom\cjs\react-dom-client.development.js:15132
workLoopSync @ C:\Users\USER\OneDrive\Desktop\PUP\node_modules\react-dom\cjs\react-dom-client.development.js:14956
renderRootSync @ C:\Users\USER\OneDrive\Desktop\PUP\node_modules\react-dom\cjs\react-dom-client.development.js:14936
performWorkOnRoot @ C:\Users\USER\OneDrive\Desktop\PUP\node_modules\react-dom\cjs\react-dom-client.development.js:14419
performSyncWorkOnRoot @ C:\Users\USER\OneDrive\Desktop\PUP\node_modules\react-dom\cjs\react-dom-client.development.js:16231
flushSyncWorkAcrossRoots_impl @ C:\Users\USER\OneDrive\Desktop\PUP\node_modules\react-dom\cjs\react-dom-client.development.js:16079
flushPassiveEffects @ C:\Users\USER\OneDrive\Desktop\PUP\node_modules\react-dom\cjs\react-dom-client.development.js:15749
(anonymous) @ C:\Users\USER\OneDrive\Desktop\PUP\node_modules\react-dom\cjs\react-dom-client.development.js:15379
performWorkUntilDeadline @ C:\Users\USER\OneDrive\Desktop\PUP\node_modules\scheduler\cjs\scheduler.development.js:45
<SceneView>
exports.jsx @ C:\Users\USER\OneDrive\Desktop\PUP\node_modules\react\cjs\react-jsx-runtime.development.js:339
render @ C:\Users\USER\OneDrive\Desktop\PUP\node_modules\@react-navigation\core\lib\module\useDescriptors.js:108
(anonymous) @ C:\Users\USER\OneDrive\Desktop\PUP\node_modules\@react-navigation\core\lib\module\useDescriptors.js:140
useDescriptors @ C:\Users\USER\OneDrive\Desktop\PUP\node_modules\@react-navigation\core\lib\module\useDescriptors.js:137
useNavigationBuilder @ C:\Users\USER\OneDrive\Desktop\PUP\node_modules\@react-navigation\core\lib\module\useNavigationBuilder.js:562
BottomTabNavigator @ C:\Users\USER\OneDrive\Desktop\PUP\node_modules\@react-navigation\bottom-tabs\lib\module\navigators\createBottomTabNavigator.js:24
react-stack-bottom-frame @ C:\Users\USER\OneDrive\Desktop\PUP\node_modules\react-dom\cjs\react-dom-client.development.js:23863
renderWithHooks @ C:\Users\USER\OneDrive\Desktop\PUP\node_modules\react-dom\cjs\react-dom-client.development.js:5529
updateFunctionComponent @ C:\Users\USER\OneDrive\Desktop\PUP\node_modules\react-dom\cjs\react-dom-client.development.js:8897
beginWork @ C:\Users\USER\OneDrive\Desktop\PUP\node_modules\react-dom\cjs\react-dom-client.development.js:10522
runWithFiberInDEV @ C:\Users\USER\OneDrive\Desktop\PUP\node_modules\react-dom\cjs\react-dom-client.development.js:1519
performUnitOfWork @ C:\Users\USER\OneDrive\Desktop\PUP\node_modules\react-dom\cjs\react-dom-client.development.js:15132
workLoopSync @ C:\Users\USER\OneDrive\Desktop\PUP\node_modules\react-dom\cjs\react-dom-client.development.js:14956
renderRootSync @ C:\Users\USER\OneDrive\Desktop\PUP\node_modules\react-dom\cjs\react-dom-client.development.js:14936
performWorkOnRoot @ C:\Users\USER\OneDrive\Desktop\PUP\node_modules\react-dom\cjs\react-dom-client.development.js:14419
performSyncWorkOnRoot @ C:\Users\USER\OneDrive\Desktop\PUP\node_modules\react-dom\cjs\react-dom-client.development.js:16231
flushSyncWorkAcrossRoots_impl @ C:\Users\USER\OneDrive\Desktop\PUP\node_modules\react-dom\cjs\react-dom-client.development.js:16079
flushPassiveEffects @ C:\Users\USER\OneDrive\Desktop\PUP\node_modules\react-dom\cjs\react-dom-client.development.js:15749
(anonymous) @ C:\Users\USER\OneDrive\Desktop\PUP\node_modules\react-dom\cjs\react-dom-client.development.js:15379
performWorkUntilDeadline @ C:\Users\USER\OneDrive\Desktop\PUP\node_modules\scheduler\cjs\scheduler.development.js:45
<BottomTabNavigator>
exports.jsxDEV @ C:\Users\USER\OneDrive\Desktop\PUP\node_modules\react\cjs\react-jsx-dev-runtime.development.js:346
(anonymous) @ C:\Users\USER\OneDrive\Desktop\PUP\node_modules\expo-router\build\layouts\withLayoutContext.js:156
react-stack-bottom-frame @ C:\Users\USER\OneDrive\Desktop\PUP\node_modules\react-dom\cjs\react-dom-client.development.js:23863
renderWithHooks @ C:\Users\USER\OneDrive\Desktop\PUP\node_modules\react-dom\cjs\react-dom-client.development.js:5529
updateForwardRef @ C:\Users\USER\OneDrive\Desktop\PUP\node_modules\react-dom\cjs\react-dom-client.development.js:8645
beginWork @ C:\Users\USER\OneDrive\Desktop\PUP\node_modules\react-dom\cjs\react-dom-client.development.js:10861
runWithFiberInDEV @ C:\Users\USER\OneDrive\Desktop\PUP\node_modules\react-dom\cjs\react-dom-client.development.js:1519
performUnitOfWork @ C:\Users\USER\OneDrive\Desktop\PUP\node_modules\react-dom\cjs\react-dom-client.development.js:15132
workLoopSync @ C:\Users\USER\OneDrive\Desktop\PUP\node_modules\react-dom\cjs\react-dom-client.development.js:14956
renderRootSync @ C:\Users\USER\OneDrive\Desktop\PUP\node_modules\react-dom\cjs\react-dom-client.development.js:14936
performWorkOnRoot @ C:\Users\USER\OneDrive\Desktop\PUP\node_modules\react-dom\cjs\react-dom-client.development.js:14419
performSyncWorkOnRoot @ C:\Users\USER\OneDrive\Desktop\PUP\node_modules\react-dom\cjs\react-dom-client.development.js:16231
flushSyncWorkAcrossRoots_impl @ C:\Users\USER\OneDrive\Desktop\PUP\node_modules\react-dom\cjs\react-dom-client.development.js:16079
flushPassiveEffects @ C:\Users\USER\OneDrive\Desktop\PUP\node_modules\react-dom\cjs\react-dom-client.development.js:15749
(anonymous) @ C:\Users\USER\OneDrive\Desktop\PUP\node_modules\react-dom\cjs\react-dom-client.development.js:15379
performWorkUntilDeadline @ C:\Users\USER\OneDrive\Desktop\PUP\node_modules\scheduler\cjs\scheduler.development.js:45
<ForwardRef>
exports.jsxDEV @ C:\Users\USER\OneDrive\Desktop\PUP\node_modules\react\cjs\react-jsx-dev-runtime.development.js:346
Object.assign.Screen @ C:\Users\USER\OneDrive\Desktop\PUP\node_modules\expo-router\build\layouts\TabsClient.js:46
react-stack-bottom-frame @ C:\Users\USER\OneDrive\Desktop\PUP\node_modules\react-dom\cjs\react-dom-client.development.js:23863
renderWithHooks @ C:\Users\USER\OneDrive\Desktop\PUP\node_modules\react-dom\cjs\react-dom-client.development.js:5529
updateFunctionComponent @ C:\Users\USER\OneDrive\Desktop\PUP\node_modules\react-dom\cjs\react-dom-client.development.js:8897
beginWork @ C:\Users\USER\OneDrive\Desktop\PUP\node_modules\react-dom\cjs\react-dom-client.development.js:10522
runWithFiberInDEV @ C:\Users\USER\OneDrive\Desktop\PUP\node_modules\react-dom\cjs\react-dom-client.development.js:1519
performUnitOfWork @ C:\Users\USER\OneDrive\Desktop\PUP\node_modules\react-dom\cjs\react-dom-client.development.js:15132
workLoopSync @ C:\Users\USER\OneDrive\Desktop\PUP\node_modules\react-dom\cjs\react-dom-client.development.js:14956
renderRootSync @ C:\Users\USER\OneDrive\Desktop\PUP\node_modules\react-dom\cjs\react-dom-client.development.js:14936
performWorkOnRoot @ C:\Users\USER\OneDrive\Desktop\PUP\node_modules\react-dom\cjs\react-dom-client.development.js:14419
performSyncWorkOnRoot @ C:\Users\USER\OneDrive\Desktop\PUP\node_modules\react-dom\cjs\react-dom-client.development.js:16231
flushSyncWorkAcrossRoots_impl @ C:\Users\USER\OneDrive\Desktop\PUP\node_modules\react-dom\cjs\react-dom-client.development.js:16079
flushPassiveEffects @ C:\Users\USER\OneDrive\Desktop\PUP\node_modules\react-dom\cjs\react-dom-client.development.js:15749
(anonymous) @ C:\Users\USER\OneDrive\Desktop\PUP\node_modules\react-dom\cjs\react-dom-client.development.js:15379
performWorkUntilDeadline @ C:\Users\USER\OneDrive\Desktop\PUP\node_modules\scheduler\cjs\scheduler.development.js:45
<...>
exports.jsxDEV @ C:\Users\USER\OneDrive\Desktop\PUP\node_modules\react\cjs\react-jsx-dev-runtime.development.js:346
TabLayout @ C:\Users\USER\OneDrive\Desktop\PUP\app\(tabs)\_layout.tsx:6
react-stack-bottom-frame @ C:\Users\USER\OneDrive\Desktop\PUP\node_modules\react-dom\cjs\react-dom-client.development.js:23863
renderWithHooks @ C:\Users\USER\OneDrive\Desktop\PUP\node_modules\react-dom\cjs\react-dom-client.development.js:5529
updateFunctionComponent @ C:\Users\USER\OneDrive\Desktop\PUP\node_modules\react-dom\cjs\react-dom-client.development.js:8897
beginWork @ C:\Users\USER\OneDrive\Desktop\PUP\node_modules\react-dom\cjs\react-dom-client.development.js:10522
runWithFiberInDEV @ C:\Users\USER\OneDrive\Desktop\PUP\node_modules\react-dom\cjs\react-dom-client.development.js:1519
performUnitOfWork @ C:\Users\USER\OneDrive\Desktop\PUP\node_modules\react-dom\cjs\react-dom-client.development.js:15132
workLoopSync @ C:\Users\USER\OneDrive\Desktop\PUP\node_modules\react-dom\cjs\react-dom-client.development.js:14956
renderRootSync @ C:\Users\USER\OneDrive\Desktop\PUP\node_modules\react-dom\cjs\react-dom-client.development.js:14936
performWorkOnRoot @ C:\Users\USER\OneDrive\Desktop\PUP\node_modules\react-dom\cjs\react-dom-client.development.js:14419
performSyncWorkOnRoot @ C:\Users\USER\OneDrive\Desktop\PUP\node_modules\react-dom\cjs\react-dom-client.development.js:16231
flushSyncWorkAcrossRoots_impl @ C:\Users\USER\OneDrive\Desktop\PUP\node_modules\react-dom\cjs\react-dom-client.development.js:16079
flushPassiveEffects @ C:\Users\USER\OneDrive\Desktop\PUP\node_modules\react-dom\cjs\react-dom-client.development.js:15749
(anonymous) @ C:\Users\USER\OneDrive\Desktop\PUP\node_modules\react-dom\cjs\react-dom-client.development.js:15379
performWorkUntilDeadline @ C:\Users\USER\OneDrive\Desktop\PUP\node_modules\scheduler\cjs\scheduler.development.js:45
<TabLayout(./(tabs)/_layout.tsx)>
exports.jsxDEV @ C:\Users\USER\OneDrive\Desktop\PUP\node_modules\react\cjs\react-jsx-dev-runtime.development.js:346
BaseRoute @ C:\Users\USER\OneDrive\Desktop\PUP\node_modules\expo-router\build\useScreens.js:213
react-stack-bottom-frame @ C:\Users\USER\OneDrive\Desktop\PUP\node_modules\react-dom\cjs\react-dom-client.development.js:23863
renderWithHooks @ C:\Users\USER\OneDrive\Desktop\PUP\node_modules\react-dom\cjs\react-dom-client.development.js:5529
updateFunctionComponent @ C:\Users\USER\OneDrive\Desktop\PUP\node_modules\react-dom\cjs\react-dom-client.development.js:8897
beginWork @ C:\Users\USER\OneDrive\Desktop\PUP\node_modules\react-dom\cjs\react-dom-client.development.js:10522
runWithFiberInDEV @ C:\Users\USER\OneDrive\Desktop\PUP\node_modules\react-dom\cjs\react-dom-client.development.js:1519
performUnitOfWork @ C:\Users\USER\OneDrive\Desktop\PUP\node_modules\react-dom\cjs\react-dom-client.development.js:15132
workLoopSync @ C:\Users\USER\OneDrive\Desktop\PUP\node_modules\react-dom\cjs\react-dom-client.development.js:14956
renderRootSync @ C:\Users\USER\OneDrive\Desktop\PUP\node_modules\react-dom\cjs\react-dom-client.development.js:14936
performWorkOnRoot @ C:\Users\USER\OneDrive\Desktop\PUP\node_modules\react-dom\cjs\react-dom-client.development.js:14419
performSyncWorkOnRoot @ C:\Users\USER\OneDrive\Desktop\PUP\node_modules\react-dom\cjs\react-dom-client.development.js:16231
flushSyncWorkAcrossRoots_impl @ C:\Users\USER\OneDrive\Desktop\PUP\node_modules\react-dom\cjs\react-dom-client.development.js:16079
flushPassiveEffects @ C:\Users\USER\OneDrive\Desktop\PUP\node_modules\react-dom\cjs\react-dom-client.development.js:15749
(anonymous) @ C:\Users\USER\OneDrive\Desktop\PUP\node_modules\react-dom\cjs\react-dom-client.development.js:15379
performWorkUntilDeadline @ C:\Users\USER\OneDrive\Desktop\PUP\node_modules\scheduler\cjs\scheduler.development.js:45
<Route((tabs))>
exports.jsx @ C:\Users\USER\OneDrive\Desktop\PUP\node_modules\react\cjs\react-jsx-runtime.development.js:339
SceneView @ C:\Users\USER\OneDrive\Desktop\PUP\node_modules\@react-navigation\core\lib\module\SceneView.js:125
react-stack-bottom-frame @ C:\Users\USER\OneDrive\Desktop\PUP\node_modules\react-dom\cjs\react-dom-client.development.js:23863
renderWithHooks @ C:\Users\USER\OneDrive\Desktop\PUP\node_modules\react-dom\cjs\react-dom-client.development.js:5529
updateFunctionComponent @ C:\Users\USER\OneDrive\Desktop\PUP\node_modules\react-dom\cjs\react-dom-client.development.js:8897
beginWork @ C:\Users\USER\OneDrive\Desktop\PUP\node_modules\react-dom\cjs\react-dom-client.development.js:10522
runWithFiberInDEV @ C:\Users\USER\OneDrive\Desktop\PUP\node_modules\react-dom\cjs\react-dom-client.development.js:1519
performUnitOfWork @ C:\Users\USER\OneDrive\Desktop\PUP\node_modules\react-dom\cjs\react-dom-client.development.js:15132
workLoopSync @ C:\Users\USER\OneDrive\Desktop\PUP\node_modules\react-dom\cjs\react-dom-client.development.js:14956
renderRootSync @ C:\Users\USER\OneDrive\Desktop\PUP\node_modules\react-dom\cjs\react-dom-client.development.js:14936
performWorkOnRoot @ C:\Users\USER\OneDrive\Desktop\PUP\node_modules\react-dom\cjs\react-dom-client.development.js:14419
performSyncWorkOnRoot @ C:\Users\USER\OneDrive\Desktop\PUP\node_modules\react-dom\cjs\react-dom-client.development.js:16231
flushSyncWorkAcrossRoots_impl @ C:\Users\USER\OneDrive\Desktop\PUP\node_modules\react-dom\cjs\react-dom-client.development.js:16079
flushPassiveEffects @ C:\Users\USER\OneDrive\Desktop\PUP\node_modules\react-dom\cjs\react-dom-client.development.js:15749
(anonymous) @ C:\Users\USER\OneDrive\Desktop\PUP\node_modules\react-dom\cjs\react-dom-client.development.js:15379
performWorkUntilDeadline @ C:\Users\USER\OneDrive\Desktop\PUP\node_modules\scheduler\cjs\scheduler.development.js:45
<SceneView>
exports.jsx @ C:\Users\USER\OneDrive\Desktop\PUP\node_modules\react\cjs\react-jsx-runtime.development.js:339
render @ C:\Users\USER\OneDrive\Desktop\PUP\node_modules\@react-navigation\core\lib\module\useDescriptors.js:108
(anonymous) @ C:\Users\USER\OneDrive\Desktop\PUP\node_modules\@react-navigation\core\lib\module\useDescriptors.js:140
useDescriptors @ C:\Users\USER\OneDrive\Desktop\PUP\node_modules\@react-navigation\core\lib\module\useDescriptors.js:137
useNavigationBuilder @ C:\Users\USER\OneDrive\Desktop\PUP\node_modules\@react-navigation\core\lib\module\useNavigationBuilder.js:562
SlotNavigator @ C:\Users\USER\OneDrive\Desktop\PUP\node_modules\expo-router\build\views\Navigator.js:107
react-stack-bottom-frame @ C:\Users\USER\OneDrive\Desktop\PUP\node_modules\react-dom\cjs\react-dom-client.development.js:23863
renderWithHooks @ C:\Users\USER\OneDrive\Desktop\PUP\node_modules\react-dom\cjs\react-dom-client.development.js:5529
updateFunctionComponent @ C:\Users\USER\OneDrive\Desktop\PUP\node_modules\react-dom\cjs\react-dom-client.development.js:8897
beginWork @ C:\Users\USER\OneDrive\Desktop\PUP\node_modules\react-dom\cjs\react-dom-client.development.js:10522
runWithFiberInDEV @ C:\Users\USER\OneDrive\Desktop\PUP\node_modules\react-dom\cjs\react-dom-client.development.js:1519
performUnitOfWork @ C:\Users\USER\OneDrive\Desktop\PUP\node_modules\react-dom\cjs\react-dom-client.development.js:15132
workLoopSync @ C:\Users\USER\OneDrive\Desktop\PUP\node_modules\react-dom\cjs\react-dom-client.development.js:14956
renderRootSync @ C:\Users\USER\OneDrive\Desktop\PUP\node_modules\react-dom\cjs\react-dom-client.development.js:14936
performWorkOnRoot @ C:\Users\USER\OneDrive\Desktop\PUP\node_modules\react-dom\cjs\react-dom-client.development.js:14419
performSyncWorkOnRoot @ C:\Users\USER\OneDrive\Desktop\PUP\node_modules\react-dom\cjs\react-dom-client.development.js:16231
flushSyncWorkAcrossRoots_impl @ C:\Users\USER\OneDrive\Desktop\PUP\node_modules\react-dom\cjs\react-dom-client.development.js:16079
flushPassiveEffects @ C:\Users\USER\OneDrive\Desktop\PUP\node_modules\react-dom\cjs\react-dom-client.development.js:15749
(anonymous) @ C:\Users\USER\OneDrive\Desktop\PUP\node_modules\react-dom\cjs\react-dom-client.development.js:15379
performWorkUntilDeadline @ C:\Users\USER\OneDrive\Desktop\PUP\node_modules\scheduler\cjs\scheduler.development.js:45
<SlotNavigator>
exports.jsxDEV @ C:\Users\USER\OneDrive\Desktop\PUP\node_modules\react\cjs\react-jsx-dev-runtime.development.js:346
Slot @ C:\Users\USER\OneDrive\Desktop\PUP\node_modules\expo-router\build\views\Navigator.js:130
react-stack-bottom-frame @ C:\Users\USER\OneDrive\Desktop\PUP\node_modules\react-dom\cjs\react-dom-client.development.js:23863
renderWithHooks @ C:\Users\USER\OneDrive\Desktop\PUP\node_modules\react-dom\cjs\react-dom-client.development.js:5529
updateFunctionComponent @ C:\Users\USER\OneDrive\Desktop\PUP\node_modules\react-dom\cjs\react-dom-client.development.js:8897
beginWork @ C:\Users\USER\OneDrive\Desktop\PUP\node_modules\react-dom\cjs\react-dom-client.development.js:10522
runWithFiberInDEV @ C:\Users\USER\OneDrive\Desktop\PUP\node_modules\react-dom\cjs\react-dom-client.development.js:1519
performUnitOfWork @ C:\Users\USER\OneDrive\Desktop\PUP\node_modules\react-dom\cjs\react-dom-client.development.js:15132
workLoopConcurrentByScheduler @ C:\Users\USER\OneDrive\Desktop\PUP\node_modules\react-dom\cjs\react-dom-client.development.js:15126
renderRootConcurrent @ C:\Users\USER\OneDrive\Desktop\PUP\node_modules\react-dom\cjs\react-dom-client.development.js:15101
performWorkOnRoot @ C:\Users\USER\OneDrive\Desktop\PUP\node_modules\react-dom\cjs\react-dom-client.development.js:14418
performWorkOnRootViaSchedulerTask @ C:\Users\USER\OneDrive\Desktop\PUP\node_modules\react-dom\cjs\react-dom-client.development.js:16216
performWorkUntilDeadline @ C:\Users\USER\OneDrive\Desktop\PUP\node_modules\scheduler\cjs\scheduler.development.js:45
<Slot>
exports.jsxDEV @ C:\Users\USER\OneDrive\Desktop\PUP\node_modules\react\cjs\react-jsx-dev-runtime.development.js:346
RootLayout @ C:\Users\USER\OneDrive\Desktop\PUP\app\_layout.tsx:86
react-stack-bottom-frame @ C:\Users\USER\OneDrive\Desktop\PUP\node_modules\react-dom\cjs\react-dom-client.development.js:23863
renderWithHooks @ C:\Users\USER\OneDrive\Desktop\PUP\node_modules\react-dom\cjs\react-dom-client.development.js:5529
updateFunctionComponent @ C:\Users\USER\OneDrive\Desktop\PUP\node_modules\react-dom\cjs\react-dom-client.development.js:8897
beginWork @ C:\Users\USER\OneDrive\Desktop\PUP\node_modules\react-dom\cjs\react-dom-client.development.js:10522
runWithFiberInDEV @ C:\Users\USER\OneDrive\Desktop\PUP\node_modules\react-dom\cjs\react-dom-client.development.js:1519
performUnitOfWork @ C:\Users\USER\OneDrive\Desktop\PUP\node_modules\react-dom\cjs\react-dom-client.development.js:15132
workLoopConcurrentByScheduler @ C:\Users\USER\OneDrive\Desktop\PUP\node_modules\react-dom\cjs\react-dom-client.development.js:15126
renderRootConcurrent @ C:\Users\USER\OneDrive\Desktop\PUP\node_modules\react-dom\cjs\react-dom-client.development.js:15101
performWorkOnRoot @ C:\Users\USER\OneDrive\Desktop\PUP\node_modules\react-dom\cjs\react-dom-client.development.js:14418
performWorkOnRootViaSchedulerTask @ C:\Users\USER\OneDrive\Desktop\PUP\node_modules\react-dom\cjs\react-dom-client.development.js:16216
performWorkUntilDeadline @ C:\Users\USER\OneDrive\Desktop\PUP\node_modules\scheduler\cjs\scheduler.development.js:45
<RootLayout(./_layout.tsx)>
exports.jsxDEV @ C:\Users\USER\OneDrive\Desktop\PUP\node_modules\react\cjs\react-jsx-dev-runtime.development.js:346
BaseRoute @ C:\Users\USER\OneDrive\Desktop\PUP\node_modules\expo-router\build\useScreens.js:213
react-stack-bottom-frame @ C:\Users\USER\OneDrive\Desktop\PUP\node_modules\react-dom\cjs\react-dom-client.development.js:23863
renderWithHooks @ C:\Users\USER\OneDrive\Desktop\PUP\node_modules\react-dom\cjs\react-dom-client.development.js:5529
updateFunctionComponent @ C:\Users\USER\OneDrive\Desktop\PUP\node_modules\react-dom\cjs\react-dom-client.development.js:8897
beginWork @ C:\Users\USER\OneDrive\Desktop\PUP\node_modules\react-dom\cjs\react-dom-client.development.js:10522
runWithFiberInDEV @ C:\Users\USER\OneDrive\Desktop\PUP\node_modules\react-dom\cjs\react-dom-client.development.js:1519
performUnitOfWork @ C:\Users\USER\OneDrive\Desktop\PUP\node_modules\react-dom\cjs\react-dom-client.development.js:15132
workLoopConcurrentByScheduler @ C:\Users\USER\OneDrive\Desktop\PUP\node_modules\react-dom\cjs\react-dom-client.development.js:15126
renderRootConcurrent @ C:\Users\USER\OneDrive\Desktop\PUP\node_modules\react-dom\cjs\react-dom-client.development.js:15101
performWorkOnRoot @ C:\Users\USER\OneDrive\Desktop\PUP\node_modules\react-dom\cjs\react-dom-client.development.js:14418
performWorkOnRootViaSchedulerTask @ C:\Users\USER\OneDrive\Desktop\PUP\node_modules\react-dom\cjs\react-dom-client.development.js:16216
performWorkUntilDeadline @ C:\Users\USER\OneDrive\Desktop\PUP\node_modules\scheduler\cjs\scheduler.development.js:45
<Route()>
exports.jsx @ C:\Users\USER\OneDrive\Desktop\PUP\node_modules\react\cjs\react-jsx-runtime.development.js:339
SceneView @ C:\Users\USER\OneDrive\Desktop\PUP\node_modules\@react-navigation\core\lib\module\SceneView.js:125
react-stack-bottom-frame @ C:\Users\USER\OneDrive\Desktop\PUP\node_modules\react-dom\cjs\react-dom-client.development.js:23863
renderWithHooks @ C:\Users\USER\OneDrive\Desktop\PUP\node_modules\react-dom\cjs\react-dom-client.development.js:5529
updateFunctionComponent @ C:\Users\USER\OneDrive\Desktop\PUP\node_modules\react-dom\cjs\react-dom-client.development.js:8897
beginWork @ C:\Users\USER\OneDrive\Desktop\PUP\node_modules\react-dom\cjs\react-dom-client.development.js:10522
runWithFiberInDEV @ C:\Users\USER\OneDrive\Desktop\PUP\node_modules\react-dom\cjs\react-dom-client.development.js:1519
performUnitOfWork @ C:\Users\USER\OneDrive\Desktop\PUP\node_modules\react-dom\cjs\react-dom-client.development.js:15132
workLoopConcurrentByScheduler @ C:\Users\USER\OneDrive\Desktop\PUP\node_modules\react-dom\cjs\react-dom-client.development.js:15126
renderRootConcurrent @ C:\Users\USER\OneDrive\Desktop\PUP\node_modules\react-dom\cjs\react-dom-client.development.js:15101
performWorkOnRoot @ C:\Users\USER\OneDrive\Desktop\PUP\node_modules\react-dom\cjs\react-dom-client.development.js:14418
performWorkOnRootViaSchedulerTask @ C:\Users\USER\OneDrive\Desktop\PUP\node_modules\react-dom\cjs\react-dom-client.development.js:16216
performWorkUntilDeadline @ C:\Users\USER\OneDrive\Desktop\PUP\node_modules\scheduler\cjs\scheduler.development.js:45
<SceneView>
exports.jsx @ C:\Users\USER\OneDrive\Desktop\PUP\node_modules\react\cjs\react-jsx-runtime.development.js:339
render @ C:\Users\USER\OneDrive\Desktop\PUP\node_modules\@react-navigation\core\lib\module\useDescriptors.js:108
(anonymous) @ C:\Users\USER\OneDrive\Desktop\PUP\node_modules\@react-navigation\core\lib\module\useDescriptors.js:140
useDescriptors @ C:\Users\USER\OneDrive\Desktop\PUP\node_modules\@react-navigation\core\lib\module\useDescriptors.js:137
useNavigationBuilder @ C:\Users\USER\OneDrive\Desktop\PUP\node_modules\@react-navigation\core\lib\module\useNavigationBuilder.js:562
Content @ C:\Users\USER\OneDrive\Desktop\PUP\node_modules\expo-router\build\ExpoRoot.js:161
react-stack-bottom-frame @ C:\Users\USER\OneDrive\Desktop\PUP\node_modules\react-dom\cjs\react-dom-client.development.js:23863
renderWithHooks @ C:\Users\USER\OneDrive\Desktop\PUP\node_modules\react-dom\cjs\react-dom-client.development.js:5529
updateFunctionComponent @ C:\Users\USER\OneDrive\Desktop\PUP\node_modules\react-dom\cjs\react-dom-client.development.js:8897
beginWork @ C:\Users\USER\OneDrive\Desktop\PUP\node_modules\react-dom\cjs\react-dom-client.development.js:10522
runWithFiberInDEV @ C:\Users\USER\OneDrive\Desktop\PUP\node_modules\react-dom\cjs\react-dom-client.development.js:1519
performUnitOfWork @ C:\Users\USER\OneDrive\Desktop\PUP\node_modules\react-dom\cjs\react-dom-client.development.js:15132
workLoopConcurrentByScheduler @ C:\Users\USER\OneDrive\Desktop\PUP\node_modules\react-dom\cjs\react-dom-client.development.js:15126
renderRootConcurrent @ C:\Users\USER\OneDrive\Desktop\PUP\node_modules\react-dom\cjs\react-dom-client.development.js:15101
performWorkOnRoot @ C:\Users\USER\OneDrive\Desktop\PUP\node_modules\react-dom\cjs\react-dom-client.development.js:14418
performWorkOnRootViaSchedulerTask @ C:\Users\USER\OneDrive\Desktop\PUP\node_modules\react-dom\cjs\react-dom-client.development.js:16216
performWorkUntilDeadline @ C:\Users\USER\OneDrive\Desktop\PUP\node_modules\scheduler\cjs\scheduler.development.js:45
<Content>
exports.jsxDEV @ C:\Users\USER\OneDrive\Desktop\PUP\node_modules\react\cjs\react-jsx-dev-runtime.development.js:346
ContextNavigator @ C:\Users\USER\OneDrive\Desktop\PUP\node_modules\expo-router\build\ExpoRoot.js:147
react-stack-bottom-frame @ C:\Users\USER\OneDrive\Desktop\PUP\node_modules\react-dom\cjs\react-dom-client.development.js:23863
renderWithHooks @ C:\Users\USER\OneDrive\Desktop\PUP\node_modules\react-dom\cjs\react-dom-client.development.js:5529
updateFunctionComponent @ C:\Users\USER\OneDrive\Desktop\PUP\node_modules\react-dom\cjs\react-dom-client.development.js:8897
beginWork @ C:\Users\USER\OneDrive\Desktop\PUP\node_modules\react-dom\cjs\react-dom-client.development.js:10522
runWithFiberInDEV @ C:\Users\USER\OneDrive\Desktop\PUP\node_modules\react-dom\cjs\react-dom-client.development.js:1519
performUnitOfWork @ C:\Users\USER\OneDrive\Desktop\PUP\node_modules\react-dom\cjs\react-dom-client.development.js:15132
workLoopConcurrentByScheduler @ C:\Users\USER\OneDrive\Desktop\PUP\node_modules\react-dom\cjs\react-dom-client.development.js:15126
renderRootConcurrent @ C:\Users\USER\OneDrive\Desktop\PUP\node_modules\react-dom\cjs\react-dom-client.development.js:15101
performWorkOnRoot @ C:\Users\USER\OneDrive\Desktop\PUP\node_modules\react-dom\cjs\react-dom-client.development.js:14418
performWorkOnRootViaSchedulerTask @ C:\Users\USER\OneDrive\Desktop\PUP\node_modules\react-dom\cjs\react-dom-client.development.js:16216
performWorkUntilDeadline @ C:\Users\USER\OneDrive\Desktop\PUP\node_modules\scheduler\cjs\scheduler.development.js:45
<ContextNavigator>
exports.jsxDEV @ C:\Users\USER\OneDrive\Desktop\PUP\node_modules\react\cjs\react-jsx-dev-runtime.development.js:346
ExpoRoot @ C:\Users\USER\OneDrive\Desktop\PUP\node_modules\expo-router\build\ExpoRoot.js:87
react-stack-bottom-frame @ C:\Users\USER\OneDrive\Desktop\PUP\node_modules\react-dom\cjs\react-dom-client.development.js:23863
renderWithHooks @ C:\Users\USER\OneDrive\Desktop\PUP\node_modules\react-dom\cjs\react-dom-client.development.js:5529
updateFunctionComponent @ C:\Users\USER\OneDrive\Desktop\PUP\node_modules\react-dom\cjs\react-dom-client.development.js:8897
beginWork @ C:\Users\USER\OneDrive\Desktop\PUP\node_modules\react-dom\cjs\react-dom-client.development.js:10522
runWithFiberInDEV @ C:\Users\USER\OneDrive\Desktop\PUP\node_modules\react-dom\cjs\react-dom-client.development.js:1519
performUnitOfWork @ C:\Users\USER\OneDrive\Desktop\PUP\node_modules\react-dom\cjs\react-dom-client.development.js:15132
workLoopConcurrentByScheduler @ C:\Users\USER\OneDrive\Desktop\PUP\node_modules\react-dom\cjs\react-dom-client.development.js:15126
renderRootConcurrent @ C:\Users\USER\OneDrive\Desktop\PUP\node_modules\react-dom\cjs\react-dom-client.development.js:15101
performWorkOnRoot @ C:\Users\USER\OneDrive\Desktop\PUP\node_modules\react-dom\cjs\react-dom-client.development.js:14418
performWorkOnRootViaSchedulerTask @ C:\Users\USER\OneDrive\Desktop\PUP\node_modules\react-dom\cjs\react-dom-client.development.js:16216
performWorkUntilDeadline @ C:\Users\USER\OneDrive\Desktop\PUP\node_modules\scheduler\cjs\scheduler.development.js:45
<ExpoRoot>
exports.jsxDEV @ C:\Users\USER\OneDrive\Desktop\PUP\node_modules\react\cjs\react-jsx-dev-runtime.development.js:346
App @ C:\Users\USER\OneDrive\Desktop\PUP\node_modules\expo-router\build\qualified-entry.js:21
react-stack-bottom-frame @ C:\Users\USER\OneDrive\Desktop\PUP\node_modules\react-dom\cjs\react-dom-client.development.js:23863
renderWithHooks @ C:\Users\USER\OneDrive\Desktop\PUP\node_modules\react-dom\cjs\react-dom-client.development.js:5529
updateFunctionComponent @ C:\Users\USER\OneDrive\Desktop\PUP\node_modules\react-dom\cjs\react-dom-client.development.js:8897
beginWork @ C:\Users\USER\OneDrive\Desktop\PUP\node_modules\react-dom\cjs\react-dom-client.development.js:10522
runWithFiberInDEV @ C:\Users\USER\OneDrive\Desktop\PUP\node_modules\react-dom\cjs\react-dom-client.development.js:1519
performUnitOfWork @ C:\Users\USER\OneDrive\Desktop\PUP\node_modules\react-dom\cjs\react-dom-client.development.js:15132
workLoopConcurrentByScheduler @ C:\Users\USER\OneDrive\Desktop\PUP\node_modules\react-dom\cjs\react-dom-client.development.js:15126
renderRootConcurrent @ C:\Users\USER\OneDrive\Desktop\PUP\node_modules\react-dom\cjs\react-dom-client.development.js:15101
performWorkOnRoot @ C:\Users\USER\OneDrive\Desktop\PUP\node_modules\react-dom\cjs\react-dom-client.development.js:14418
performWorkOnRootViaSchedulerTask @ C:\Users\USER\OneDrive\Desktop\PUP\node_modules\react-dom\cjs\react-dom-client.development.js:16216
performWorkUntilDeadline @ C:\Users\USER\OneDrive\Desktop\PUP\node_modules\scheduler\cjs\scheduler.development.js:45
<App>
exports.jsxDEV @ C:\Users\USER\OneDrive\Desktop\PUP\node_modules\react\cjs\react-jsx-dev-runtime.development.js:346
ErrorOverlay @ C:\Users\USER\OneDrive\Desktop\PUP\node_modules\@expo\metro-runtime\src\error-overlay\index.tsx:19
react-stack-bottom-frame @ C:\Users\USER\OneDrive\Desktop\PUP\node_modules\react-dom\cjs\react-dom-client.development.js:23863
renderWithHooks @ C:\Users\USER\OneDrive\Desktop\PUP\node_modules\react-dom\cjs\react-dom-client.development.js:5529
updateFunctionComponent @ C:\Users\USER\OneDrive\Desktop\PUP\node_modules\react-dom\cjs\react-dom-client.development.js:8897
beginWork @ C:\Users\USER\OneDrive\Desktop\PUP\node_modules\react-dom\cjs\react-dom-client.development.js:10522
runWithFiberInDEV @ C:\Users\USER\OneDrive\Desktop\PUP\node_modules\react-dom\cjs\react-dom-client.development.js:1519
performUnitOfWork @ C:\Users\USER\OneDrive\Desktop\PUP\node_modules\react-dom\cjs\react-dom-client.development.js:15132
workLoopConcurrentByScheduler @ C:\Users\USER\OneDrive\Desktop\PUP\node_modules\react-dom\cjs\react-dom-client.development.js:15126
renderRootConcurrent @ C:\Users\USER\OneDrive\Desktop\PUP\node_modules\react-dom\cjs\react-dom-client.development.js:15101
performWorkOnRoot @ C:\Users\USER\OneDrive\Desktop\PUP\node_modules\react-dom\cjs\react-dom-client.development.js:14418
performWorkOnRootViaSchedulerTask @ C:\Users\USER\OneDrive\Desktop\PUP\node_modules\react-dom\cjs\react-dom-client.development.js:16216
performWorkUntilDeadline @ C:\Users\USER\OneDrive\Desktop\PUP\node_modules\scheduler\cjs\scheduler.development.js:45
<ErrorOverlay>
exports.jsxDEV @ C:\Users\USER\OneDrive\Desktop\PUP\node_modules\react\cjs\react-jsx-dev-runtime.development.js:346
WithDevTools @ C:\Users\USER\OneDrive\Desktop\PUP\node_modules\expo\src\launch\withDevTools.web.tsx:11
react-stack-bottom-frame @ C:\Users\USER\OneDrive\Desktop\PUP\node_modules\react-dom\cjs\react-dom-client.development.js:23863
renderWithHooks @ C:\Users\USER\OneDrive\Desktop\PUP\node_modules\react-dom\cjs\react-dom-client.development.js:5529
updateFunctionComponent @ C:\Users\USER\OneDrive\Desktop\PUP\node_modules\react-dom\cjs\react-dom-client.development.js:8897
beginWork @ C:\Users\USER\OneDrive\Desktop\PUP\node_modules\react-dom\cjs\react-dom-client.development.js:10522
runWithFiberInDEV @ C:\Users\USER\OneDrive\Desktop\PUP\node_modules\react-dom\cjs\react-dom-client.development.js:1519
performUnitOfWork @ C:\Users\USER\OneDrive\Desktop\PUP\node_modules\react-dom\cjs\react-dom-client.development.js:15132
workLoopConcurrentByScheduler @ C:\Users\USER\OneDrive\Desktop\PUP\node_modules\react-dom\cjs\react-dom-client.development.js:15126
renderRootConcurrent @ C:\Users\USER\OneDrive\Desktop\PUP\node_modules\react-dom\cjs\react-dom-client.development.js:15101
performWorkOnRoot @ C:\Users\USER\OneDrive\Desktop\PUP\node_modules\react-dom\cjs\react-dom-client.development.js:14418
performWorkOnRootViaSchedulerTask @ C:\Users\USER\OneDrive\Desktop\PUP\node_modules\react-dom\cjs\react-dom-client.development.js:16216
performWorkUntilDeadline @ C:\Users\USER\OneDrive\Desktop\PUP\node_modules\scheduler\cjs\scheduler.development.js:45
<withDevTools(ErrorOverlay)>
exports.createElement @ C:\Users\USER\OneDrive\Desktop\PUP\node_modules\react\cjs\react.development.js:1033
renderApplication @ C:\Users\USER\OneDrive\Desktop\PUP\node_modules\react-native-web\dist\exports\AppRegistry\renderApplication.js:27
run @ C:\Users\USER\OneDrive\Desktop\PUP\node_modules\react-native-web\dist\exports\AppRegistry\index.js:36
runApplication @ C:\Users\USER\OneDrive\Desktop\PUP\node_modules\react-native-web\dist\exports\AppRegistry\index.js:74
registerRootComponent @ C:\Users\USER\OneDrive\Desktop\PUP\node_modules\expo\src\launch\registerRootComponent.tsx:58
(anonymous) @ C:\Users\USER\OneDrive\Desktop\PUP\node_modules\expo-router\build\renderRootComponent.js:88
exports.startTransition @ C:\Users\USER\OneDrive\Desktop\PUP\node_modules\react\cjs\react.development.js:1124
renderRootComponent @ C:\Users\USER\OneDrive\Desktop\PUP\node_modules\expo-router\build\renderRootComponent.js:85
(anonymous) @ C:\Users\USER\OneDrive\Desktop\PUP\node_modules\expo-router\entry-classic.js:10
loadModuleImplementation @ C:\Users\USER\OneDrive\Desktop\PUP\node_modules\expo\node_modules\@expo\cli\build\metro-require\require.js:248
guardedLoadModule @ C:\Users\USER\OneDrive\Desktop\PUP\node_modules\expo\node_modules\@expo\cli\build\metro-require\require.js:163
metroRequire @ C:\Users\USER\OneDrive\Desktop\PUP\node_modules\expo\node_modules\@expo\cli\build\metro-require\require.js:74
(anonymous) @ C:\Users\USER\OneDrive\Desktop\PUP\node_modules\expo-router\entry.js:3
loadModuleImplementation @ C:\Users\USER\OneDrive\Desktop\PUP\node_modules\expo\node_modules\@expo\cli\build\metro-require\require.js:248
guardedLoadModule @ C:\Users\USER\OneDrive\Desktop\PUP\node_modules\expo\node_modules\@expo\cli\build\metro-require\require.js:156
metroRequire @ C:\Users\USER\OneDrive\Desktop\PUP\node_modules\expo\node_modules\@expo\cli\build\metro-require\require.js:74
(anonymous) @ entry.bundle?platform=web&dev=true&hot=false&lazy=true&transform.routerRoot=app&transform.reactCompiler=true:196749
C:\Users\USER\OneDrive\Desktop\PUP\node_modules\@expo\metro-runtime\src\error-overlay\LogBox.web.ts:134 [REST] getCollection failed: The database (default) does not exist for project lasangpinoy-mobile Please visit https://console.cloud.google.com/datastore/setup?project=lasangpinoy-mobile to add a Cloud Datastore or Cloud Firestore database. 
registerError @ C:\Users\USER\OneDrive\Desktop\PUP\node_modules\@expo\metro-runtime\src\error-overlay\LogBox.web.ts:134
console.error @ C:\Users\USER\OneDrive\Desktop\PUP\node_modules\@expo\metro-runtime\src\error-overlay\LogBox.web.ts:59
getCollection @ C:\Users\USER\OneDrive\Desktop\PUP\lib\firestore-rest.ts:235
await in getCollection
getRecipes @ C:\Users\USER\OneDrive\Desktop\PUP\lib\firebase.ts:339
fetchRecipesData @ C:\Users\USER\OneDrive\Desktop\PUP\app\(tabs)\index.tsx:77
(anonymous) @ C:\Users\USER\OneDrive\Desktop\PUP\app\(tabs)\index.tsx:51
react-stack-bottom-frame @ C:\Users\USER\OneDrive\Desktop\PUP\node_modules\react-dom\cjs\react-dom-client.development.js:23949
runWithFiberInDEV @ C:\Users\USER\OneDrive\Desktop\PUP\node_modules\react-dom\cjs\react-dom-client.development.js:1519
commitHookEffectListMount @ C:\Users\USER\OneDrive\Desktop\PUP\node_modules\react-dom\cjs\react-dom-client.development.js:11905
commitHookPassiveMountEffects @ C:\Users\USER\OneDrive\Desktop\PUP\node_modules\react-dom\cjs\react-dom-client.development.js:12026
reconnectPassiveEffects @ C:\Users\USER\OneDrive\Desktop\PUP\node_modules\react-dom\cjs\react-dom-client.development.js:14004
recursivelyTraverseReconnectPassiveEffects @ C:\Users\USER\OneDrive\Desktop\PUP\node_modules\react-dom\cjs\react-dom-client.development.js:13976
reconnectPassiveEffects @ C:\Users\USER\OneDrive\Desktop\PUP\node_modules\react-dom\cjs\react-dom-client.development.js:14024
recursivelyTraverseReconnectPassiveEffects @ C:\Users\USER\OneDrive\Desktop\PUP\node_modules\react-dom\cjs\react-dom-client.development.js:13976
reconnectPassiveEffects @ C:\Users\USER\OneDrive\Desktop\PUP\node_modules\react-dom\cjs\react-dom-client.development.js:14051
recursivelyTraverseReconnectPassiveEffects @ C:\Users\USER\OneDrive\Desktop\PUP\node_modules\react-dom\cjs\react-dom-client.development.js:13976
reconnectPassiveEffects @ C:\Users\USER\OneDrive\Desktop\PUP\node_modules\react-dom\cjs\react-dom-client.development.js:14051
recursivelyTraverseReconnectPassiveEffects @ C:\Users\USER\OneDrive\Desktop\PUP\node_modules\react-dom\cjs\react-dom-client.development.js:13976
reconnectPassiveEffects @ C:\Users\USER\OneDrive\Desktop\PUP\node_modules\react-dom\cjs\react-dom-client.development.js:14051
recursivelyTraverseReconnectPassiveEffects @ C:\Users\USER\OneDrive\Desktop\PUP\node_modules\react-dom\cjs\react-dom-client.development.js:13976
reconnectPassiveEffects @ C:\Users\USER\OneDrive\Desktop\PUP\node_modules\react-dom\cjs\react-dom-client.development.js:13997
recursivelyTraverseReconnectPassiveEffects @ C:\Users\USER\OneDrive\Desktop\PUP\node_modules\react-dom\cjs\react-dom-client.development.js:13976
reconnectPassiveEffects @ C:\Users\USER\OneDrive\Desktop\PUP\node_modules\react-dom\cjs\react-dom-client.development.js:13997
recursivelyTraverseReconnectPassiveEffects @ C:\Users\USER\OneDrive\Desktop\PUP\node_modules\react-dom\cjs\react-dom-client.development.js:13976
reconnectPassiveEffects @ C:\Users\USER\OneDrive\Desktop\PUP\node_modules\react-dom\cjs\react-dom-client.development.js:13997
recursivelyTraverseReconnectPassiveEffects @ C:\Users\USER\OneDrive\Desktop\PUP\node_modules\react-dom\cjs\react-dom-client.development.js:13976
reconnectPassiveEffects @ C:\Users\USER\OneDrive\Desktop\PUP\node_modules\react-dom\cjs\react-dom-client.development.js:14051
recursivelyTraverseReconnectPassiveEffects @ C:\Users\USER\OneDrive\Desktop\PUP\node_modules\react-dom\cjs\react-dom-client.development.js:13976
reconnectPassiveEffects @ C:\Users\USER\OneDrive\Desktop\PUP\node_modules\react-dom\cjs\react-dom-client.development.js:14051
recursivelyTraverseReconnectPassiveEffects @ C:\Users\USER\OneDrive\Desktop\PUP\node_modules\react-dom\cjs\react-dom-client.development.js:13976
reconnectPassiveEffects @ C:\Users\USER\OneDrive\Desktop\PUP\node_modules\react-dom\cjs\react-dom-client.development.js:13997
recursivelyTraverseReconnectPassiveEffects @ C:\Users\USER\OneDrive\Desktop\PUP\node_modules\react-dom\cjs\react-dom-client.development.js:13976
reconnectPassiveEffects @ C:\Users\USER\OneDrive\Desktop\PUP\node_modules\react-dom\cjs\react-dom-client.development.js:14051
recursivelyTraverseReconnectPassiveEffects @ C:\Users\USER\OneDrive\Desktop\PUP\node_modules\react-dom\cjs\react-dom-client.development.js:13976
reconnectPassiveEffects @ C:\Users\USER\OneDrive\Desktop\PUP\node_modules\react-dom\cjs\react-dom-client.development.js:14051
recursivelyTraverseReconnectPassiveEffects @ C:\Users\USER\OneDrive\Desktop\PUP\node_modules\react-dom\cjs\react-dom-client.development.js:13976
reconnectPassiveEffects @ C:\Users\USER\OneDrive\Desktop\PUP\node_modules\react-dom\cjs\react-dom-client.development.js:14051
recursivelyTraverseReconnectPassiveEffects @ C:\Users\USER\OneDrive\Desktop\PUP\node_modules\react-dom\cjs\react-dom-client.development.js:13976
reconnectPassiveEffects @ C:\Users\USER\OneDrive\Desktop\PUP\node_modules\react-dom\cjs\react-dom-client.development.js:13997
recursivelyTraverseReconnectPassiveEffects @ C:\Users\USER\OneDrive\Desktop\PUP\node_modules\react-dom\cjs\react-dom-client.development.js:13976
reconnectPassiveEffects @ C:\Users\USER\OneDrive\Desktop\PUP\node_modules\react-dom\cjs\react-dom-client.development.js:14051
recursivelyTraverseReconnectPassiveEffects @ C:\Users\USER\OneDrive\Desktop\PUP\node_modules\react-dom\cjs\react-dom-client.development.js:13976
reconnectPassiveEffects @ C:\Users\USER\OneDrive\Desktop\PUP\node_modules\react-dom\cjs\react-dom-client.development.js:14051
recursivelyTraverseReconnectPassiveEffects @ C:\Users\USER\OneDrive\Desktop\PUP\node_modules\react-dom\cjs\react-dom-client.development.js:13976
reconnectPassiveEffects @ C:\Users\USER\OneDrive\Desktop\PUP\node_modules\react-dom\cjs\react-dom-client.development.js:14051
recursivelyTraverseReconnectPassiveEffects @ C:\Users\USER\OneDrive\Desktop\PUP\node_modules\react-dom\cjs\react-dom-client.development.js:13976
reconnectPassiveEffects @ C:\Users\USER\OneDrive\Desktop\PUP\node_modules\react-dom\cjs\react-dom-client.development.js:13997
recursivelyTraverseReconnectPassiveEffects @ C:\Users\USER\OneDrive\Desktop\PUP\node_modules\react-dom\cjs\react-dom-client.development.js:13976
reconnectPassiveEffects @ C:\Users\USER\OneDrive\Desktop\PUP\node_modules\react-dom\cjs\react-dom-client.development.js:14051
recursivelyTraverseReconnectPassiveEffects @ C:\Users\USER\OneDrive\Desktop\PUP\node_modules\react-dom\cjs\react-dom-client.development.js:13976
reconnectPassiveEffects @ C:\Users\USER\OneDrive\Desktop\PUP\node_modules\react-dom\cjs\react-dom-client.development.js:14051
recursivelyTraverseReconnectPassiveEffects @ C:\Users\USER\OneDrive\Desktop\PUP\node_modules\react-dom\cjs\react-dom-client.development.js:13976
reconnectPassiveEffects @ C:\Users\USER\OneDrive\Desktop\PUP\node_modules\react-dom\cjs\react-dom-client.development.js:14051
recursivelyTraverseReconnectPassiveEffects @ C:\Users\USER\OneDrive\Desktop\PUP\node_modules\react-dom\cjs\react-dom-client.development.js:13976
reconnectPassiveEffects @ C:\Users\USER\OneDrive\Desktop\PUP\node_modules\react-dom\cjs\react-dom-client.development.js:14051
recursivelyTraverseReconnectPassiveEffects @ C:\Users\USER\OneDrive\Desktop\PUP\node_modules\react-dom\cjs\react-dom-client.development.js:13976
reconnectPassiveEffects @ C:\Users\USER\OneDrive\Desktop\PUP\node_modules\react-dom\cjs\react-dom-client.development.js:13997
recursivelyTraverseReconnectPassiveEffects @ C:\Users\USER\OneDrive\Desktop\PUP\node_modules\react-dom\cjs\react-dom-client.development.js:13976
reconnectPassiveEffects @ C:\Users\USER\OneDrive\Desktop\PUP\node_modules\react-dom\cjs\react-dom-client.development.js:14051
recursivelyTraverseReconnectPassiveEffects @ C:\Users\USER\OneDrive\Desktop\PUP\node_modules\react-dom\cjs\react-dom-client.development.js:13976
reconnectPassiveEffects @ C:\Users\USER\OneDrive\Desktop\PUP\node_modules\react-dom\cjs\react-dom-client.development.js:13997
recursivelyTraverseReconnectPassiveEffects @ C:\Users\USER\OneDrive\Desktop\PUP\node_modules\react-dom\cjs\react-dom-client.development.js:13976
reconnectPassiveEffects @ C:\Users\USER\OneDrive\Desktop\PUP\node_modules\react-dom\cjs\react-dom-client.development.js:13997
recursivelyTraverseReconnectPassiveEffects @ C:\Users\USER\OneDrive\Desktop\PUP\node_modules\react-dom\cjs\react-dom-client.development.js:13976
reconnectPassiveEffects @ C:\Users\USER\OneDrive\Desktop\PUP\node_modules\react-dom\cjs\react-dom-client.development.js:13997
recursivelyTraverseReconnectPassiveEffects @ C:\Users\USER\OneDrive\Desktop\PUP\node_modules\react-dom\cjs\react-dom-client.development.js:13976
reconnectPassiveEffects @ C:\Users\USER\OneDrive\Desktop\PUP\node_modules\react-dom\cjs\react-dom-client.development.js:13997
recursivelyTraverseReconnectPassiveEffects @ C:\Users\USER\OneDrive\Desktop\PUP\node_modules\react-dom\cjs\react-dom-client.development.js:13976
reconnectPassiveEffects @ C:\Users\USER\OneDrive\Desktop\PUP\node_modules\react-dom\cjs\react-dom-client.development.js:14051
recursivelyTraverseReconnectPassiveEffects @ C:\Users\USER\OneDrive\Desktop\PUP\node_modules\react-dom\cjs\react-dom-client.development.js:13976
reconnectPassiveEffects @ C:\Users\USER\OneDrive\Desktop\PUP\node_modules\react-dom\cjs\react-dom-client.development.js:14051
recursivelyTraverseReconnectPassiveEffects @ C:\Users\USER\OneDrive\Desktop\PUP\node_modules\react-dom\cjs\react-dom-client.development.js:13976
reconnectPassiveEffects @ C:\Users\USER\OneDrive\Desktop\PUP\node_modules\react-dom\cjs\react-dom-client.development.js:13997
recursivelyTraverseReconnectPassiveEffects @ C:\Users\USER\OneDrive\Desktop\PUP\node_modules\react-dom\cjs\react-dom-client.development.js:13976
reconnectPassiveEffects @ C:\Users\USER\OneDrive\Desktop\PUP\node_modules\react-dom\cjs\react-dom-client.development.js:13997
recursivelyTraverseReconnectPassiveEffects @ C:\Users\USER\OneDrive\Desktop\PUP\node_modules\react-dom\cjs\react-dom-client.development.js:13976
reconnectPassiveEffects @ C:\Users\USER\OneDrive\Desktop\PUP\node_modules\react-dom\cjs\react-dom-client.development.js:14051
recursivelyTraverseReconnectPassiveEffects @ C:\Users\USER\OneDrive\Desktop\PUP\node_modules\react-dom\cjs\react-dom-client.development.js:13976
reconnectPassiveEffects @ C:\Users\USER\OneDrive\Desktop\PUP\node_modules\react-dom\cjs\react-dom-client.development.js:13997
recursivelyTraverseReconnectPassiveEffects @ C:\Users\USER\OneDrive\Desktop\PUP\node_modules\react-dom\cjs\react-dom-client.development.js:13976
reconnectPassiveEffects @ C:\Users\USER\OneDrive\Desktop\PUP\node_modules\react-dom\cjs\react-dom-client.development.js:13997
recursivelyTraverseReconnectPassiveEffects @ C:\Users\USER\OneDrive\Desktop\PUP\node_modules\react-dom\cjs\react-dom-client.development.js:13976
reconnectPassiveEffects @ C:\Users\USER\OneDrive\Desktop\PUP\node_modules\react-dom\cjs\react-dom-client.development.js:14051
recursivelyTraverseReconnectPassiveEffects @ C:\Users\USER\OneDrive\Desktop\PUP\node_modules\react-dom\cjs\react-dom-client.development.js:13976
reconnectPassiveEffects @ C:\Users\USER\OneDrive\Desktop\PUP\node_modules\react-dom\cjs\react-dom-client.development.js:13997
recursivelyTraverseReconnectPassiveEffects @ C:\Users\USER\OneDrive\Desktop\PUP\node_modules\react-dom\cjs\react-dom-client.development.js:13976
reconnectPassiveEffects @ C:\Users\USER\OneDrive\Desktop\PUP\node_modules\react-dom\cjs\react-dom-client.development.js:14051
recursivelyTraverseReconnectPassiveEffects @ C:\Users\USER\OneDrive\Desktop\PUP\node_modules\react-dom\cjs\react-dom-client.development.js:13976
reconnectPassiveEffects @ C:\Users\USER\OneDrive\Desktop\PUP\node_modules\react-dom\cjs\react-dom-client.development.js:13997
recursivelyTraverseReconnectPassiveEffects @ C:\Users\USER\OneDrive\Desktop\PUP\node_modules\react-dom\cjs\react-dom-client.development.js:13976
reconnectPassiveEffects @ C:\Users\USER\OneDrive\Desktop\PUP\node_modules\react-dom\cjs\react-dom-client.development.js:13997
recursivelyTraverseReconnectPassiveEffects @ C:\Users\USER\OneDrive\Desktop\PUP\node_modules\react-dom\cjs\react-dom-client.development.js:13976
reconnectPassiveEffects @ C:\Users\USER\OneDrive\Desktop\PUP\node_modules\react-dom\cjs\react-dom-client.development.js:13997
recursivelyTraverseReconnectPassiveEffects @ C:\Users\USER\OneDrive\Desktop\PUP\node_modules\react-dom\cjs\react-dom-client.development.js:13976
reconnectPassiveEffects @ C:\Users\USER\OneDrive\Desktop\PUP\node_modules\react-dom\cjs\react-dom-client.development.js:14051
recursivelyTraverseReconnectPassiveEffects @ C:\Users\USER\OneDrive\Desktop\PUP\node_modules\react-dom\cjs\react-dom-client.development.js:13976
reconnectPassiveEffects @ C:\Users\USER\OneDrive\Desktop\PUP\node_modules\react-dom\cjs\react-dom-client.development.js:13997
recursivelyTraverseReconnectPassiveEffects @ C:\Users\USER\OneDrive\Desktop\PUP\node_modules\react-dom\cjs\react-dom-client.development.js:13976
reconnectPassiveEffects @ C:\Users\USER\OneDrive\Desktop\PUP\node_modules\react-dom\cjs\react-dom-client.development.js:14051
recursivelyTraverseReconnectPassiveEffects @ C:\Users\USER\OneDrive\Desktop\PUP\node_modules\react-dom\cjs\react-dom-client.development.js:13976
reconnectPassiveEffects @ C:\Users\USER\OneDrive\Desktop\PUP\node_modules\react-dom\cjs\react-dom-client.development.js:14051
recursivelyTraverseReconnectPassiveEffects @ C:\Users\USER\OneDrive\Desktop\PUP\node_modules\react-dom\cjs\react-dom-client.development.js:13976
reconnectPassiveEffects @ C:\Users\USER\OneDrive\Desktop\PUP\node_modules\react-dom\cjs\react-dom-client.development.js:13997
recursivelyTraverseReconnectPassiveEffects @ C:\Users\USER\OneDrive\Desktop\PUP\node_modules\react-dom\cjs\react-dom-client.development.js:13976
reconnectPassiveEffects @ C:\Users\USER\OneDrive\Desktop\PUP\node_modules\react-dom\cjs\react-dom-client.development.js:14051
recursivelyTraverseReconnectPassiveEffects @ C:\Users\USER\OneDrive\Desktop\PUP\node_modules\react-dom\cjs\react-dom-client.development.js:13976
reconnectPassiveEffects @ C:\Users\USER\OneDrive\Desktop\PUP\node_modules\react-dom\cjs\react-dom-client.development.js:14051
recursivelyTraverseReconnectPassiveEffects @ C:\Users\USER\OneDrive\Desktop\PUP\node_modules\react-dom\cjs\react-dom-client.development.js:13976
reconnectPassiveEffects @ C:\Users\USER\OneDrive\Desktop\PUP\node_modules\react-dom\cjs\react-dom-client.development.js:13997
recursivelyTraverseReconnectPassiveEffects @ C:\Users\USER\OneDrive\Desktop\PUP\node_modules\react-dom\cjs\react-dom-client.development.js:13976
reconnectPassiveEffects @ C:\Users\USER\OneDrive\Desktop\PUP\node_modules\react-dom\cjs\react-dom-client.development.js:13997
recursivelyTraverseReconnectPassiveEffects @ C:\Users\USER\OneDrive\Desktop\PUP\node_modules\react-dom\cjs\react-dom-client.development.js:13976
reconnectPassiveEffects @ C:\Users\USER\OneDrive\Desktop\PUP\node_modules\react-dom\cjs\react-dom-client.development.js:13997
recursivelyTraverseReconnectPassiveEffects @ C:\Users\USER\OneDrive\Desktop\PUP\node_modules\react-dom\cjs\react-dom-client.development.js:13976
reconnectPassiveEffects @ C:\Users\USER\OneDrive\Desktop\PUP\node_modules\react-dom\cjs\react-dom-client.development.js:13997
recursivelyTraverseReconnectPassiveEffects @ C:\Users\USER\OneDrive\Desktop\PUP\node_modules\react-dom\cjs\react-dom-client.development.js:13976
reconnectPassiveEffects @ C:\Users\USER\OneDrive\Desktop\PUP\node_modules\react-dom\cjs\react-dom-client.development.js:13997
recursivelyTraverseReconnectPassiveEffects @ C:\Users\USER\OneDrive\Desktop\PUP\node_modules\react-dom\cjs\react-dom-client.development.js:13976
reconnectPassiveEffects @ C:\Users\USER\OneDrive\Desktop\PUP\node_modules\react-dom\cjs\react-dom-client.development.js:13997
recursivelyTraverseReconnectPassiveEffects @ C:\Users\USER\OneDrive\Desktop\PUP\node_modules\react-dom\cjs\react-dom-client.development.js:13976
commitPassiveMountOnFiber @ C:\Users\USER\OneDrive\Desktop\PUP\node_modules\react-dom\cjs\react-dom-client.development.js:13936
recursivelyTraversePassiveMountEffects @ C:\Users\USER\OneDrive\Desktop\PUP\node_modules\react-dom\cjs\react-dom-client.development.js:13815
commitPassiveMountOnFiber @ C:\Users\USER\OneDrive\Desktop\PUP\node_modules\react-dom\cjs\react-dom-client.development.js:13903
recursivelyTraversePassiveMountEffects @ C:\Users\USER\OneDrive\Desktop\PUP\node_modules\react-dom\cjs\react-dom-client.development.js:13815
commitPassiveMountOnFiber @ C:\Users\USER\OneDrive\Desktop\PUP\node_modules\react-dom\cjs\react-dom-client.development.js:13957
recursivelyTraversePassiveMountEffects @ C:\Users\USER\OneDrive\Desktop\PUP\node_modules\react-dom\cjs\react-dom-client.development.js:13815
commitPassiveMountOnFiber @ C:\Users\USER\OneDrive\Desktop\PUP\node_modules\react-dom\cjs\react-dom-client.development.js:13957
recursivelyTraversePassiveMountEffects @ C:\Users\USER\OneDrive\Desktop\PUP\node_modules\react-dom\cjs\react-dom-client.development.js:13815
commitPassiveMountOnFiber @ C:\Users\USER\OneDrive\Desktop\PUP\node_modules\react-dom\cjs\react-dom-client.development.js:13834
recursivelyTraversePassiveMountEffects @ C:\Users\USER\OneDrive\Desktop\PUP\node_modules\react-dom\cjs\react-dom-client.development.js:13815
commitPassiveMountOnFiber @ C:\Users\USER\OneDrive\Desktop\PUP\node_modules\react-dom\cjs\react-dom-client.development.js:13834
recursivelyTraversePassiveMountEffects @ C:\Users\USER\OneDrive\Desktop\PUP\node_modules\react-dom\cjs\react-dom-client.development.js:13815
commitPassiveMountOnFiber @ C:\Users\USER\OneDrive\Desktop\PUP\node_modules\react-dom\cjs\react-dom-client.development.js:13834
recursivelyTraversePassiveMountEffects @ C:\Users\USER\OneDrive\Desktop\PUP\node_modules\react-dom\cjs\react-dom-client.development.js:13815
commitPassiveMountOnFiber @ C:\Users\USER\OneDrive\Desktop\PUP\node_modules\react-dom\cjs\react-dom-client.development.js:13957
recursivelyTraversePassiveMountEffects @ C:\Users\USER\OneDrive\Desktop\PUP\node_modules\react-dom\cjs\react-dom-client.development.js:13815
commitPassiveMountOnFiber @ C:\Users\USER\OneDrive\Desktop\PUP\node_modules\react-dom\cjs\react-dom-client.development.js:13957
recursivelyTraversePassiveMountEffects @ C:\Users\USER\OneDrive\Desktop\PUP\node_modules\react-dom\cjs\react-dom-client.development.js:13815
commitPassiveMountOnFiber @ C:\Users\USER\OneDrive\Desktop\PUP\node_modules\react-dom\cjs\react-dom-client.development.js:13834
recursivelyTraversePassiveMountEffects @ C:\Users\USER\OneDrive\Desktop\PUP\node_modules\react-dom\cjs\react-dom-client.development.js:13815
commitPassiveMountOnFiber @ C:\Users\USER\OneDrive\Desktop\PUP\node_modules\react-dom\cjs\react-dom-client.development.js:13957
recursivelyTraversePassiveMountEffects @ C:\Users\USER\OneDrive\Desktop\PUP\node_modules\react-dom\cjs\react-dom-client.development.js:13815
commitPassiveMountOnFiber @ C:\Users\USER\OneDrive\Desktop\PUP\node_modules\react-dom\cjs\react-dom-client.development.js:13957
recursivelyTraversePassiveMountEffects @ C:\Users\USER\OneDrive\Desktop\PUP\node_modules\react-dom\cjs\react-dom-client.development.js:13815
commitPassiveMountOnFiber @ C:\Users\USER\OneDrive\Desktop\PUP\node_modules\react-dom\cjs\react-dom-client.development.js:13957
recursivelyTraversePassiveMountEffects @ C:\Users\USER\OneDrive\Desktop\PUP\node_modules\react-dom\cjs\react-dom-client.development.js:13815
commitPassiveMountOnFiber @ C:\Users\USER\OneDrive\Desktop\PUP\node_modules\react-dom\cjs\react-dom-client.development.js:13834
recursivelyTraversePassiveMountEffects @ C:\Users\USER\OneDrive\Desktop\PUP\node_modules\react-dom\cjs\react-dom-client.development.js:13815
commitPassiveMountOnFiber @ C:\Users\USER\OneDrive\Desktop\PUP\node_modules\react-dom\cjs\react-dom-client.development.js:13957
recursivelyTraversePassiveMountEffects @ C:\Users\USER\OneDrive\Desktop\PUP\node_modules\react-dom\cjs\react-dom-client.development.js:13815
commitPassiveMountOnFiber @ C:\Users\USER\OneDrive\Desktop\PUP\node_modules\react-dom\cjs\react-dom-client.development.js:13957
recursivelyTraversePassiveMountEffects @ C:\Users\USER\OneDrive\Desktop\PUP\node_modules\react-dom\cjs\react-dom-client.development.js:13815
commitPassiveMountOnFiber @ C:\Users\USER\OneDrive\Desktop\PUP\node_modules\react-dom\cjs\react-dom-client.development.js:13957
recursivelyTraversePassiveMountEffects @ C:\Users\USER\OneDrive\Desktop\PUP\node_modules\react-dom\cjs\react-dom-client.development.js:13815
commitPassiveMountOnFiber @ C:\Users\USER\OneDrive\Desktop\PUP\node_modules\react-dom\cjs\react-dom-client.development.js:13834
recursivelyTraversePassiveMountEffects @ C:\Users\USER\OneDrive\Desktop\PUP\node_modules\react-dom\cjs\react-dom-client.development.js:13815
commitPassiveMountOnFiber @ C:\Users\USER\OneDrive\Desktop\PUP\node_modules\react-dom\cjs\react-dom-client.development.js:13957
recursivelyTraversePassiveMountEffects @ C:\Users\USER\OneDrive\Desktop\PUP\node_modules\react-dom\cjs\react-dom-client.development.js:13815
commitPassiveMountOnFiber @ C:\Users\USER\OneDrive\Desktop\PUP\node_modules\react-dom\cjs\react-dom-client.development.js:13957
recursivelyTraversePassiveMountEffects @ C:\Users\USER\OneDrive\Desktop\PUP\node_modules\react-dom\cjs\react-dom-client.development.js:13815
commitPassiveMountOnFiber @ C:\Users\USER\OneDrive\Desktop\PUP\node_modules\react-dom\cjs\react-dom-client.development.js:13834
recursivelyTraversePassiveMountEffects @ C:\Users\USER\OneDrive\Desktop\PUP\node_modules\react-dom\cjs\react-dom-client.development.js:13815
commitPassiveMountOnFiber @ C:\Users\USER\OneDrive\Desktop\PUP\node_modules\react-dom\cjs\react-dom-client.development.js:13957
recursivelyTraversePassiveMountEffects @ C:\Users\USER\OneDrive\Desktop\PUP\node_modules\react-dom\cjs\react-dom-client.development.js:13815
commitPassiveMountOnFiber @ C:\Users\USER\OneDrive\Desktop\PUP\node_modules\react-dom\cjs\react-dom-client.development.js:13957
recursivelyTraversePassiveMountEffects @ C:\Users\USER\OneDrive\Desktop\PUP\node_modules\react-dom\cjs\react-dom-client.development.js:13815
commitPassiveMountOnFiber @ C:\Users\USER\OneDrive\Desktop\PUP\node_modules\react-dom\cjs\react-dom-client.development.js:13834
recursivelyTraversePassiveMountEffects @ C:\Users\USER\OneDrive\Desktop\PUP\node_modules\react-dom\cjs\react-dom-client.development.js:13815
commitPassiveMountOnFiber @ C:\Users\USER\OneDrive\Desktop\PUP\node_modules\react-dom\cjs\react-dom-client.development.js:13957
recursivelyTraversePassiveMountEffects @ C:\Users\USER\OneDrive\Desktop\PUP\node_modules\react-dom\cjs\react-dom-client.development.js:13815
commitPassiveMountOnFiber @ C:\Users\USER\OneDrive\Desktop\PUP\node_modules\react-dom\cjs\react-dom-client.development.js:13957
recursivelyTraversePassiveMountEffects @ C:\Users\USER\OneDrive\Desktop\PUP\node_modules\react-dom\cjs\react-dom-client.development.js:13815
commitPassiveMountOnFiber @ C:\Users\USER\OneDrive\Desktop\PUP\node_modules\react-dom\cjs\react-dom-client.development.js:13834
recursivelyTraversePassiveMountEffects @ C:\Users\USER\OneDrive\Desktop\PUP\node_modules\react-dom\cjs\react-dom-client.development.js:13815
commitPassiveMountOnFiber @ C:\Users\USER\OneDrive\Desktop\PUP\node_modules\react-dom\cjs\react-dom-client.development.js:13834
recursivelyTraversePassiveMountEffects @ C:\Users\USER\OneDrive\Desktop\PUP\node_modules\react-dom\cjs\react-dom-client.development.js:13815
commitPassiveMountOnFiber @ C:\Users\USER\OneDrive\Desktop\PUP\node_modules\react-dom\cjs\react-dom-client.development.js:13834
recursivelyTraversePassiveMountEffects @ C:\Users\USER\OneDrive\Desktop\PUP\node_modules\react-dom\cjs\react-dom-client.development.js:13815
commitPassiveMountOnFiber @ C:\Users\USER\OneDrive\Desktop\PUP\node_modules\react-dom\cjs\react-dom-client.development.js:13834
recursivelyTraversePassiveMountEffects @ C:\Users\USER\OneDrive\Desktop\PUP\node_modules\react-dom\cjs\react-dom-client.development.js:13815
commitPassiveMountOnFiber @ C:\Users\USER\OneDrive\Desktop\PUP\node_modules\react-dom\cjs\react-dom-client.development.js:13957
recursivelyTraversePassiveMountEffects @ C:\Users\USER\OneDrive\Desktop\PUP\node_modules\react-dom\cjs\react-dom-client.development.js:13815
commitPassiveMountOnFiber @ C:\Users\USER\OneDrive\Desktop\PUP\node_modules\react-dom\cjs\react-dom-client.development.js:13834
recursivelyTraversePassiveMountEffects @ C:\Users\USER\OneDrive\Desktop\PUP\node_modules\react-dom\cjs\react-dom-client.development.js:13815
commitPassiveMountOnFiber @ C:\Users\USER\OneDrive\Desktop\PUP\node_modules\react-dom\cjs\react-dom-client.development.js:13834
recursivelyTraversePassiveMountEffects @ C:\Users\USER\OneDrive\Desktop\PUP\node_modules\react-dom\cjs\react-dom-client.development.js:13815
commitPassiveMountOnFiber @ C:\Users\USER\OneDrive\Desktop\PUP\node_modules\react-dom\cjs\react-dom-client.development.js:13928
recursivelyTraversePassiveMountEffects @ C:\Users\USER\OneDrive\Desktop\PUP\node_modules\react-dom\cjs\react-dom-client.development.js:13815
commitPassiveMountOnFiber @ C:\Users\USER\OneDrive\Desktop\PUP\node_modules\react-dom\cjs\react-dom-client.development.js:13903
recursivelyTraversePassiveMountEffects @ C:\Users\USER\OneDrive\Desktop\PUP\node_modules\react-dom\cjs\react-dom-client.development.js:13815
commitPassiveMountOnFiber @ C:\Users\USER\OneDrive\Desktop\PUP\node_modules\react-dom\cjs\react-dom-client.development.js:13957
recursivelyTraversePassiveMountEffects @ C:\Users\USER\OneDrive\Desktop\PUP\node_modules\react-dom\cjs\react-dom-client.development.js:13815
commitPassiveMountOnFiber @ C:\Users\USER\OneDrive\Desktop\PUP\node_modules\react-dom\cjs\react-dom-client.development.js:13957
recursivelyTraversePassiveMountEffects @ C:\Users\USER\OneDrive\Desktop\PUP\node_modules\react-dom\cjs\react-dom-client.development.js:13815
commitPassiveMountOnFiber @ C:\Users\USER\OneDrive\Desktop\PUP\node_modules\react-dom\cjs\react-dom-client.development.js:13834
recursivelyTraversePassiveMountEffects @ C:\Users\USER\OneDrive\Desktop\PUP\node_modules\react-dom\cjs\react-dom-client.development.js:13815
commitPassiveMountOnFiber @ C:\Users\USER\OneDrive\Desktop\PUP\node_modules\react-dom\cjs\react-dom-client.development.js:13834
recursivelyTraversePassiveMountEffects @ C:\Users\USER\OneDrive\Desktop\PUP\node_modules\react-dom\cjs\react-dom-client.development.js:13815
commitPassiveMountOnFiber @ C:\Users\USER\OneDrive\Desktop\PUP\node_modules\react-dom\cjs\react-dom-client.development.js:13834
recursivelyTraversePassiveMountEffects @ C:\Users\USER\OneDrive\Desktop\PUP\node_modules\react-dom\cjs\react-dom-client.development.js:13815
commitPassiveMountOnFiber @ C:\Users\USER\OneDrive\Desktop\PUP\node_modules\react-dom\cjs\react-dom-client.development.js:13957
recursivelyTraversePassiveMountEffects @ C:\Users\USER\OneDrive\Desktop\PUP\node_modules\react-dom\cjs\react-dom-client.development.js:13815
<HomeScreen(./(tabs)/index.tsx)>
exports.jsxDEV @ C:\Users\USER\OneDrive\Desktop\PUP\node_modules\react\cjs\react-jsx-dev-runtime.development.js:346
BaseRoute @ C:\Users\USER\OneDrive\Desktop\PUP\node_modules\expo-router\build\useScreens.js:213
react-stack-bottom-frame @ C:\Users\USER\OneDrive\Desktop\PUP\node_modules\react-dom\cjs\react-dom-client.development.js:23863
renderWithHooks @ C:\Users\USER\OneDrive\Desktop\PUP\node_modules\react-dom\cjs\react-dom-client.development.js:5529
updateFunctionComponent @ C:\Users\USER\OneDrive\Desktop\PUP\node_modules\react-dom\cjs\react-dom-client.development.js:8897
beginWork @ C:\Users\USER\OneDrive\Desktop\PUP\node_modules\react-dom\cjs\react-dom-client.development.js:10522
runWithFiberInDEV @ C:\Users\USER\OneDrive\Desktop\PUP\node_modules\react-dom\cjs\react-dom-client.development.js:1519
performUnitOfWork @ C:\Users\USER\OneDrive\Desktop\PUP\node_modules\react-dom\cjs\react-dom-client.development.js:15132
workLoopSync @ C:\Users\USER\OneDrive\Desktop\PUP\node_modules\react-dom\cjs\react-dom-client.development.js:14956
renderRootSync @ C:\Users\USER\OneDrive\Desktop\PUP\node_modules\react-dom\cjs\react-dom-client.development.js:14936
performWorkOnRoot @ C:\Users\USER\OneDrive\Desktop\PUP\node_modules\react-dom\cjs\react-dom-client.development.js:14419
performSyncWorkOnRoot @ C:\Users\USER\OneDrive\Desktop\PUP\node_modules\react-dom\cjs\react-dom-client.development.js:16231
flushSyncWorkAcrossRoots_impl @ C:\Users\USER\OneDrive\Desktop\PUP\node_modules\react-dom\cjs\react-dom-client.development.js:16079
flushPassiveEffects @ C:\Users\USER\OneDrive\Desktop\PUP\node_modules\react-dom\cjs\react-dom-client.development.js:15749
(anonymous) @ C:\Users\USER\OneDrive\Desktop\PUP\node_modules\react-dom\cjs\react-dom-client.development.js:15379
performWorkUntilDeadline @ C:\Users\USER\OneDrive\Desktop\PUP\node_modules\scheduler\cjs\scheduler.development.js:45
<Route(index)>
exports.jsx @ C:\Users\USER\OneDrive\Desktop\PUP\node_modules\react\cjs\react-jsx-runtime.development.js:339
SceneView @ C:\Users\USER\OneDrive\Desktop\PUP\node_modules\@react-navigation\core\lib\module\SceneView.js:125
react-stack-bottom-frame @ C:\Users\USER\OneDrive\Desktop\PUP\node_modules\react-dom\cjs\react-dom-client.development.js:23863
renderWithHooks @ C:\Users\USER\OneDrive\Desktop\PUP\node_modules\react-dom\cjs\react-dom-client.development.js:5529
updateFunctionComponent @ C:\Users\USER\OneDrive\Desktop\PUP\node_modules\react-dom\cjs\react-dom-client.development.js:8897
beginWork @ C:\Users\USER\OneDrive\Desktop\PUP\node_modules\react-dom\cjs\react-dom-client.development.js:10522
runWithFiberInDEV @ C:\Users\USER\OneDrive\Desktop\PUP\node_modules\react-dom\cjs\react-dom-client.development.js:1519
performUnitOfWork @ C:\Users\USER\OneDrive\Desktop\PUP\node_modules\react-dom\cjs\react-dom-client.development.js:15132
workLoopSync @ C:\Users\USER\OneDrive\Desktop\PUP\node_modules\react-dom\cjs\react-dom-client.development.js:14956
renderRootSync @ C:\Users\USER\OneDrive\Desktop\PUP\node_modules\react-dom\cjs\react-dom-client.development.js:14936
performWorkOnRoot @ C:\Users\USER\OneDrive\Desktop\PUP\node_modules\react-dom\cjs\react-dom-client.development.js:14419
performSyncWorkOnRoot @ C:\Users\USER\OneDrive\Desktop\PUP\node_modules\react-dom\cjs\react-dom-client.development.js:16231
flushSyncWorkAcrossRoots_impl @ C:\Users\USER\OneDrive\Desktop\PUP\node_modules\react-dom\cjs\react-dom-client.development.js:16079
flushPassiveEffects @ C:\Users\USER\OneDrive\Desktop\PUP\node_modules\react-dom\cjs\react-dom-client.development.js:15749
(anonymous) @ C:\Users\USER\OneDrive\Desktop\PUP\node_modules\react-dom\cjs\react-dom-client.development.js:15379
performWorkUntilDeadline @ C:\Users\USER\OneDrive\Desktop\PUP\node_modules\scheduler\cjs\scheduler.development.js:45
<SceneView>
exports.jsx @ C:\Users\USER\OneDrive\Desktop\PUP\node_modules\react\cjs\react-jsx-runtime.development.js:339
render @ C:\Users\USER\OneDrive\Desktop\PUP\node_modules\@react-navigation\core\lib\module\useDescriptors.js:108
(anonymous) @ C:\Users\USER\OneDrive\Desktop\PUP\node_modules\@react-navigation\core\lib\module\useDescriptors.js:140
useDescriptors @ C:\Users\USER\OneDrive\Desktop\PUP\node_modules\@react-navigation\core\lib\module\useDescriptors.js:137
useNavigationBuilder @ C:\Users\USER\OneDrive\Desktop\PUP\node_modules\@react-navigation\core\lib\module\useNavigationBuilder.js:562
BottomTabNavigator @ C:\Users\USER\OneDrive\Desktop\PUP\node_modules\@react-navigation\bottom-tabs\lib\module\navigators\createBottomTabNavigator.js:24
react-stack-bottom-frame @ C:\Users\USER\OneDrive\Desktop\PUP\node_modules\react-dom\cjs\react-dom-client.development.js:23863
renderWithHooks @ C:\Users\USER\OneDrive\Desktop\PUP\node_modules\react-dom\cjs\react-dom-client.development.js:5529
updateFunctionComponent @ C:\Users\USER\OneDrive\Desktop\PUP\node_modules\react-dom\cjs\react-dom-client.development.js:8897
beginWork @ C:\Users\USER\OneDrive\Desktop\PUP\node_modules\react-dom\cjs\react-dom-client.development.js:10522
runWithFiberInDEV @ C:\Users\USER\OneDrive\Desktop\PUP\node_modules\react-dom\cjs\react-dom-client.development.js:1519
performUnitOfWork @ C:\Users\USER\OneDrive\Desktop\PUP\node_modules\react-dom\cjs\react-dom-client.development.js:15132
workLoopSync @ C:\Users\USER\OneDrive\Desktop\PUP\node_modules\react-dom\cjs\react-dom-client.development.js:14956
renderRootSync @ C:\Users\USER\OneDrive\Desktop\PUP\node_modules\react-dom\cjs\react-dom-client.development.js:14936
performWorkOnRoot @ C:\Users\USER\OneDrive\Desktop\PUP\node_modules\react-dom\cjs\react-dom-client.development.js:14419
performSyncWorkOnRoot @ C:\Users\USER\OneDrive\Desktop\PUP\node_modules\react-dom\cjs\react-dom-client.development.js:16231
flushSyncWorkAcrossRoots_impl @ C:\Users\USER\OneDrive\Desktop\PUP\node_modules\react-dom\cjs\react-dom-client.development.js:16079
flushPassiveEffects @ C:\Users\USER\OneDrive\Desktop\PUP\node_modules\react-dom\cjs\react-dom-client.development.js:15749
(anonymous) @ C:\Users\USER\OneDrive\Desktop\PUP\node_modules\react-dom\cjs\react-dom-client.development.js:15379
performWorkUntilDeadline @ C:\Users\USER\OneDrive\Desktop\PUP\node_modules\scheduler\cjs\scheduler.development.js:45
<BottomTabNavigator>
exports.jsxDEV @ C:\Users\USER\OneDrive\Desktop\PUP\node_modules\react\cjs\react-jsx-dev-runtime.development.js:346
(anonymous) @ C:\Users\USER\OneDrive\Desktop\PUP\node_modules\expo-router\build\layouts\withLayoutContext.js:156
react-stack-bottom-frame @ C:\Users\USER\OneDrive\Desktop\PUP\node_modules\react-dom\cjs\react-dom-client.development.js:23863
renderWithHooks @ C:\Users\USER\OneDrive\Desktop\PUP\node_modules\react-dom\cjs\react-dom-client.development.js:5529
updateForwardRef @ C:\Users\USER\OneDrive\Desktop\PUP\node_modules\react-dom\cjs\react-dom-client.development.js:8645
beginWork @ C:\Users\USER\OneDrive\Desktop\PUP\node_modules\react-dom\cjs\react-dom-client.development.js:10861
runWithFiberInDEV @ C:\Users\USER\OneDrive\Desktop\PUP\node_modules\react-dom\cjs\react-dom-client.development.js:1519
performUnitOfWork @ C:\Users\USER\OneDrive\Desktop\PUP\node_modules\react-dom\cjs\react-dom-client.development.js:15132
workLoopSync @ C:\Users\USER\OneDrive\Desktop\PUP\node_modules\react-dom\cjs\react-dom-client.development.js:14956
renderRootSync @ C:\Users\USER\OneDrive\Desktop\PUP\node_modules\react-dom\cjs\react-dom-client.development.js:14936
performWorkOnRoot @ C:\Users\USER\OneDrive\Desktop\PUP\node_modules\react-dom\cjs\react-dom-client.development.js:14419
performSyncWorkOnRoot @ C:\Users\USER\OneDrive\Desktop\PUP\node_modules\react-dom\cjs\react-dom-client.development.js:16231
flushSyncWorkAcrossRoots_impl @ C:\Users\USER\OneDrive\Desktop\PUP\node_modules\react-dom\cjs\react-dom-client.development.js:16079
flushPassiveEffects @ C:\Users\USER\OneDrive\Desktop\PUP\node_modules\react-dom\cjs\react-dom-client.development.js:15749
(anonymous) @ C:\Users\USER\OneDrive\Desktop\PUP\node_modules\react-dom\cjs\react-dom-client.development.js:15379
performWorkUntilDeadline @ C:\Users\USER\OneDrive\Desktop\PUP\node_modules\scheduler\cjs\scheduler.development.js:45
<ForwardRef>
exports.jsxDEV @ C:\Users\USER\OneDrive\Desktop\PUP\node_modules\react\cjs\react-jsx-dev-runtime.development.js:346
Object.assign.Screen @ C:\Users\USER\OneDrive\Desktop\PUP\node_modules\expo-router\build\layouts\TabsClient.js:46
react-stack-bottom-frame @ C:\Users\USER\OneDrive\Desktop\PUP\node_modules\react-dom\cjs\react-dom-client.development.js:23863
renderWithHooks @ C:\Users\USER\OneDrive\Desktop\PUP\node_modules\react-dom\cjs\react-dom-client.development.js:5529
updateFunctionComponent @ C:\Users\USER\OneDrive\Desktop\PUP\node_modules\react-dom\cjs\react-dom-client.development.js:8897
beginWork @ C:\Users\USER\OneDrive\Desktop\PUP\node_modules\react-dom\cjs\react-dom-client.development.js:10522
runWithFiberInDEV @ C:\Users\USER\OneDrive\Desktop\PUP\node_modules\react-dom\cjs\react-dom-client.development.js:1519
performUnitOfWork @ C:\Users\USER\OneDrive\Desktop\PUP\node_modules\react-dom\cjs\react-dom-client.development.js:15132
workLoopSync @ C:\Users\USER\OneDrive\Desktop\PUP\node_modules\react-dom\cjs\react-dom-client.development.js:14956
renderRootSync @ C:\Users\USER\OneDrive\Desktop\PUP\node_modules\react-dom\cjs\react-dom-client.development.js:14936
performWorkOnRoot @ C:\Users\USER\OneDrive\Desktop\PUP\node_modules\react-dom\cjs\react-dom-client.development.js:14419
performSyncWorkOnRoot @ C:\Users\USER\OneDrive\Desktop\PUP\node_modules\react-dom\cjs\react-dom-client.development.js:16231
flushSyncWorkAcrossRoots_impl @ C:\Users\USER\OneDrive\Desktop\PUP\node_modules\react-dom\cjs\react-dom-client.development.js:16079
flushPassiveEffects @ C:\Users\USER\OneDrive\Desktop\PUP\node_modules\react-dom\cjs\react-dom-client.development.js:15749
(anonymous) @ C:\Users\USER\OneDrive\Desktop\PUP\node_modules\react-dom\cjs\react-dom-client.development.js:15379
performWorkUntilDeadline @ C:\Users\USER\OneDrive\Desktop\PUP\node_modules\scheduler\cjs\scheduler.development.js:45
<...>
exports.jsxDEV @ C:\Users\USER\OneDrive\Desktop\PUP\node_modules\react\cjs\react-jsx-dev-runtime.development.js:346
TabLayout @ C:\Users\USER\OneDrive\Desktop\PUP\app\(tabs)\_layout.tsx:6
react-stack-bottom-frame @ C:\Users\USER\OneDrive\Desktop\PUP\node_modules\react-dom\cjs\react-dom-client.development.js:23863
renderWithHooks @ C:\Users\USER\OneDrive\Desktop\PUP\node_modules\react-dom\cjs\react-dom-client.development.js:5529
updateFunctionComponent @ C:\Users\USER\OneDrive\Desktop\PUP\node_modules\react-dom\cjs\react-dom-client.development.js:8897
beginWork @ C:\Users\USER\OneDrive\Desktop\PUP\node_modules\react-dom\cjs\react-dom-client.development.js:10522
runWithFiberInDEV @ C:\Users\USER\OneDrive\Desktop\PUP\node_modules\react-dom\cjs\react-dom-client.development.js:1519
performUnitOfWork @ C:\Users\USER\OneDrive\Desktop\PUP\node_modules\react-dom\cjs\react-dom-client.development.js:15132
workLoopSync @ C:\Users\USER\OneDrive\Desktop\PUP\node_modules\react-dom\cjs\react-dom-client.development.js:14956
renderRootSync @ C:\Users\USER\OneDrive\Desktop\PUP\node_modules\react-dom\cjs\react-dom-client.development.js:14936
performWorkOnRoot @ C:\Users\USER\OneDrive\Desktop\PUP\node_modules\react-dom\cjs\react-dom-client.development.js:14419
performSyncWorkOnRoot @ C:\Users\USER\OneDrive\Desktop\PUP\node_modules\react-dom\cjs\react-dom-client.development.js:16231
flushSyncWorkAcrossRoots_impl @ C:\Users\USER\OneDrive\Desktop\PUP\node_modules\react-dom\cjs\react-dom-client.development.js:16079
flushPassiveEffects @ C:\Users\USER\OneDrive\Desktop\PUP\node_modules\react-dom\cjs\react-dom-client.development.js:15749
(anonymous) @ C:\Users\USER\OneDrive\Desktop\PUP\node_modules\react-dom\cjs\react-dom-client.development.js:15379
performWorkUntilDeadline @ C:\Users\USER\OneDrive\Desktop\PUP\node_modules\scheduler\cjs\scheduler.development.js:45
<TabLayout(./(tabs)/_layout.tsx)>
exports.jsxDEV @ C:\Users\USER\OneDrive\Desktop\PUP\node_modules\react\cjs\react-jsx-dev-runtime.development.js:346
BaseRoute @ C:\Users\USER\OneDrive\Desktop\PUP\node_modules\expo-router\build\useScreens.js:213
react-stack-bottom-frame @ C:\Users\USER\OneDrive\Desktop\PUP\node_modules\react-dom\cjs\react-dom-client.development.js:23863
renderWithHooks @ C:\Users\USER\OneDrive\Desktop\PUP\node_modules\react-dom\cjs\react-dom-client.development.js:5529
updateFunctionComponent @ C:\Users\USER\OneDrive\Desktop\PUP\node_modules\react-dom\cjs\react-dom-client.development.js:8897
beginWork @ C:\Users\USER\OneDrive\Desktop\PUP\node_modules\react-dom\cjs\react-dom-client.development.js:10522
runWithFiberInDEV @ C:\Users\USER\OneDrive\Desktop\PUP\node_modules\react-dom\cjs\react-dom-client.development.js:1519
performUnitOfWork @ C:\Users\USER\OneDrive\Desktop\PUP\node_modules\react-dom\cjs\react-dom-client.development.js:15132
workLoopSync @ C:\Users\USER\OneDrive\Desktop\PUP\node_modules\react-dom\cjs\react-dom-client.development.js:14956
renderRootSync @ C:\Users\USER\OneDrive\Desktop\PUP\node_modules\react-dom\cjs\react-dom-client.development.js:14936
performWorkOnRoot @ C:\Users\USER\OneDrive\Desktop\PUP\node_modules\react-dom\cjs\react-dom-client.development.js:14419
performSyncWorkOnRoot @ C:\Users\USER\OneDrive\Desktop\PUP\node_modules\react-dom\cjs\react-dom-client.development.js:16231
flushSyncWorkAcrossRoots_impl @ C:\Users\USER\OneDrive\Desktop\PUP\node_modules\react-dom\cjs\react-dom-client.development.js:16079
flushPassiveEffects @ C:\Users\USER\OneDrive\Desktop\PUP\node_modules\react-dom\cjs\react-dom-client.development.js:15749
(anonymous) @ C:\Users\USER\OneDrive\Desktop\PUP\node_modules\react-dom\cjs\react-dom-client.development.js:15379
performWorkUntilDeadline @ C:\Users\USER\OneDrive\Desktop\PUP\node_modules\scheduler\cjs\scheduler.development.js:45
<Route((tabs))>
exports.jsx @ C:\Users\USER\OneDrive\Desktop\PUP\node_modules\react\cjs\react-jsx-runtime.development.js:339
SceneView @ C:\Users\USER\OneDrive\Desktop\PUP\node_modules\@react-navigation\core\lib\module\SceneView.js:125
react-stack-bottom-frame @ C:\Users\USER\OneDrive\Desktop\PUP\node_modules\react-dom\cjs\react-dom-client.development.js:23863
renderWithHooks @ C:\Users\USER\OneDrive\Desktop\PUP\node_modules\react-dom\cjs\react-dom-client.development.js:5529
updateFunctionComponent @ C:\Users\USER\OneDrive\Desktop\PUP\node_modules\react-dom\cjs\react-dom-client.development.js:8897
beginWork @ C:\Users\USER\OneDrive\Desktop\PUP\node_modules\react-dom\cjs\react-dom-client.development.js:10522
runWithFiberInDEV @ C:\Users\USER\OneDrive\Desktop\PUP\node_modules\react-dom\cjs\react-dom-client.development.js:1519
performUnitOfWork @ C:\Users\USER\OneDrive\Desktop\PUP\node_modules\react-dom\cjs\react-dom-client.development.js:15132
workLoopSync @ C:\Users\USER\OneDrive\Desktop\PUP\node_modules\react-dom\cjs\react-dom-client.development.js:14956
renderRootSync @ C:\Users\USER\OneDrive\Desktop\PUP\node_modules\react-dom\cjs\react-dom-client.development.js:14936
performWorkOnRoot @ C:\Users\USER\OneDrive\Desktop\PUP\node_modules\react-dom\cjs\react-dom-client.development.js:14419
performSyncWorkOnRoot @ C:\Users\USER\OneDrive\Desktop\PUP\node_modules\react-dom\cjs\react-dom-client.development.js:16231
flushSyncWorkAcrossRoots_impl @ C:\Users\USER\OneDrive\Desktop\PUP\node_modules\react-dom\cjs\react-dom-client.development.js:16079
flushPassiveEffects @ C:\Users\USER\OneDrive\Desktop\PUP\node_modules\react-dom\cjs\react-dom-client.development.js:15749
(anonymous) @ C:\Users\USER\OneDrive\Desktop\PUP\node_modules\react-dom\cjs\react-dom-client.development.js:15379
performWorkUntilDeadline @ C:\Users\USER\OneDrive\Desktop\PUP\node_modules\scheduler\cjs\scheduler.development.js:45
<SceneView>
exports.jsx @ C:\Users\USER\OneDrive\Desktop\PUP\node_modules\react\cjs\react-jsx-runtime.development.js:339
render @ C:\Users\USER\OneDrive\Desktop\PUP\node_modules\@react-navigation\core\lib\module\useDescriptors.js:108
(anonymous) @ C:\Users\USER\OneDrive\Desktop\PUP\node_modules\@react-navigation\core\lib\module\useDescriptors.js:140
useDescriptors @ C:\Users\USER\OneDrive\Desktop\PUP\node_modules\@react-navigation\core\lib\module\useDescriptors.js:137
useNavigationBuilder @ C:\Users\USER\OneDrive\Desktop\PUP\node_modules\@react-navigation\core\lib\module\useNavigationBuilder.js:562
SlotNavigator @ C:\Users\USER\OneDrive\Desktop\PUP\node_modules\expo-router\build\views\Navigator.js:107
react-stack-bottom-frame @ C:\Users\USER\OneDrive\Desktop\PUP\node_modules\react-dom\cjs\react-dom-client.development.js:23863
renderWithHooks @ C:\Users\USER\OneDrive\Desktop\PUP\node_modules\react-dom\cjs\react-dom-client.development.js:5529
updateFunctionComponent @ C:\Users\USER\OneDrive\Desktop\PUP\node_modules\react-dom\cjs\react-dom-client.development.js:8897
beginWork @ C:\Users\USER\OneDrive\Desktop\PUP\node_modules\react-dom\cjs\react-dom-client.development.js:10522
runWithFiberInDEV @ C:\Users\USER\OneDrive\Desktop\PUP\node_modules\react-dom\cjs\react-dom-client.development.js:1519
performUnitOfWork @ C:\Users\USER\OneDrive\Desktop\PUP\node_modules\react-dom\cjs\react-dom-client.development.js:15132
workLoopSync @ C:\Users\USER\OneDrive\Desktop\PUP\node_modules\react-dom\cjs\react-dom-client.development.js:14956
renderRootSync @ C:\Users\USER\OneDrive\Desktop\PUP\node_modules\react-dom\cjs\react-dom-client.development.js:14936
performWorkOnRoot @ C:\Users\USER\OneDrive\Desktop\PUP\node_modules\react-dom\cjs\react-dom-client.development.js:14419
performSyncWorkOnRoot @ C:\Users\USER\OneDrive\Desktop\PUP\node_modules\react-dom\cjs\react-dom-client.development.js:16231
flushSyncWorkAcrossRoots_impl @ C:\Users\USER\OneDrive\Desktop\PUP\node_modules\react-dom\cjs\react-dom-client.development.js:16079
flushPassiveEffects @ C:\Users\USER\OneDrive\Desktop\PUP\node_modules\react-dom\cjs\react-dom-client.development.js:15749
(anonymous) @ C:\Users\USER\OneDrive\Desktop\PUP\node_modules\react-dom\cjs\react-dom-client.development.js:15379
performWorkUntilDeadline @ C:\Users\USER\OneDrive\Desktop\PUP\node_modules\scheduler\cjs\scheduler.development.js:45
<SlotNavigator>
exports.jsxDEV @ C:\Users\USER\OneDrive\Desktop\PUP\node_modules\react\cjs\react-jsx-dev-runtime.development.js:346
Slot @ C:\Users\USER\OneDrive\Desktop\PUP\node_modules\expo-router\build\views\Navigator.js:130
react-stack-bottom-frame @ C:\Users\USER\OneDrive\Desktop\PUP\node_modules\react-dom\cjs\react-dom-client.development.js:23863
renderWithHooks @ C:\Users\USER\OneDrive\Desktop\PUP\node_modules\react-dom\cjs\react-dom-client.development.js:5529
updateFunctionComponent @ C:\Users\USER\OneDrive\Desktop\PUP\node_modules\react-dom\cjs\react-dom-client.development.js:8897
beginWork @ C:\Users\USER\OneDrive\Desktop\PUP\node_modules\react-dom\cjs\react-dom-client.development.js:10522
runWithFiberInDEV @ C:\Users\USER\OneDrive\Desktop\PUP\node_modules\react-dom\cjs\react-dom-client.development.js:1519
performUnitOfWork @ C:\Users\USER\OneDrive\Desktop\PUP\node_modules\react-dom\cjs\react-dom-client.development.js:15132
workLoopConcurrentByScheduler @ C:\Users\USER\OneDrive\Desktop\PUP\node_modules\react-dom\cjs\react-dom-client.development.js:15126
renderRootConcurrent @ C:\Users\USER\OneDrive\Desktop\PUP\node_modules\react-dom\cjs\react-dom-client.development.js:15101
performWorkOnRoot @ C:\Users\USER\OneDrive\Desktop\PUP\node_modules\react-dom\cjs\react-dom-client.development.js:14418
performWorkOnRootViaSchedulerTask @ C:\Users\USER\OneDrive\Desktop\PUP\node_modules\react-dom\cjs\react-dom-client.development.js:16216
performWorkUntilDeadline @ C:\Users\USER\OneDrive\Desktop\PUP\node_modules\scheduler\cjs\scheduler.development.js:45
<Slot>
exports.jsxDEV @ C:\Users\USER\OneDrive\Desktop\PUP\node_modules\react\cjs\react-jsx-dev-runtime.development.js:346
RootLayout @ C:\Users\USER\OneDrive\Desktop\PUP\app\_layout.tsx:86
react-stack-bottom-frame @ C:\Users\USER\OneDrive\Desktop\PUP\node_modules\react-dom\cjs\react-dom-client.development.js:23863
renderWithHooks @ C:\Users\USER\OneDrive\Desktop\PUP\node_modules\react-dom\cjs\react-dom-client.development.js:5529
updateFunctionComponent @ C:\Users\USER\OneDrive\Desktop\PUP\node_modules\react-dom\cjs\react-dom-client.development.js:8897
beginWork @ C:\Users\USER\OneDrive\Desktop\PUP\node_modules\react-dom\cjs\react-dom-client.development.js:10522
runWithFiberInDEV @ C:\Users\USER\OneDrive\Desktop\PUP\node_modules\react-dom\cjs\react-dom-client.development.js:1519
performUnitOfWork @ C:\Users\USER\OneDrive\Desktop\PUP\node_modules\react-dom\cjs\react-dom-client.development.js:15132
workLoopConcurrentByScheduler @ C:\Users\USER\OneDrive\Desktop\PUP\node_modules\react-dom\cjs\react-dom-client.development.js:15126
renderRootConcurrent @ C:\Users\USER\OneDrive\Desktop\PUP\node_modules\react-dom\cjs\react-dom-client.development.js:15101
performWorkOnRoot @ C:\Users\USER\OneDrive\Desktop\PUP\node_modules\react-dom\cjs\react-dom-client.development.js:14418
performWorkOnRootViaSchedulerTask @ C:\Users\USER\OneDrive\Desktop\PUP\node_modules\react-dom\cjs\react-dom-client.development.js:16216
performWorkUntilDeadline @ C:\Users\USER\OneDrive\Desktop\PUP\node_modules\scheduler\cjs\scheduler.development.js:45
<RootLayout(./_layout.tsx)>
exports.jsxDEV @ C:\Users\USER\OneDrive\Desktop\PUP\node_modules\react\cjs\react-jsx-dev-runtime.development.js:346
BaseRoute @ C:\Users\USER\OneDrive\Desktop\PUP\node_modules\expo-router\build\useScreens.js:213
react-stack-bottom-frame @ C:\Users\USER\OneDrive\Desktop\PUP\node_modules\react-dom\cjs\react-dom-client.development.js:23863
renderWithHooks @ C:\Users\USER\OneDrive\Desktop\PUP\node_modules\react-dom\cjs\react-dom-client.development.js:5529
updateFunctionComponent @ C:\Users\USER\OneDrive\Desktop\PUP\node_modules\react-dom\cjs\react-dom-client.development.js:8897
beginWork @ C:\Users\USER\OneDrive\Desktop\PUP\node_modules\react-dom\cjs\react-dom-client.development.js:10522
runWithFiberInDEV @ C:\Users\USER\OneDrive\Desktop\PUP\node_modules\react-dom\cjs\react-dom-client.development.js:1519
performUnitOfWork @ C:\Users\USER\OneDrive\Desktop\PUP\node_modules\react-dom\cjs\react-dom-client.development.js:15132
workLoopConcurrentByScheduler @ C:\Users\USER\OneDrive\Desktop\PUP\node_modules\react-dom\cjs\react-dom-client.development.js:15126
renderRootConcurrent @ C:\Users\USER\OneDrive\Desktop\PUP\node_modules\react-dom\cjs\react-dom-client.development.js:15101
performWorkOnRoot @ C:\Users\USER\OneDrive\Desktop\PUP\node_modules\react-dom\cjs\react-dom-client.development.js:14418
performWorkOnRootViaSchedulerTask @ C:\Users\USER\OneDrive\Desktop\PUP\node_modules\react-dom\cjs\react-dom-client.development.js:16216
performWorkUntilDeadline @ C:\Users\USER\OneDrive\Desktop\PUP\node_modules\scheduler\cjs\scheduler.development.js:45
<Route()>
exports.jsx @ C:\Users\USER\OneDrive\Desktop\PUP\node_modules\react\cjs\react-jsx-runtime.development.js:339
SceneView @ C:\Users\USER\OneDrive\Desktop\PUP\node_modules\@react-navigation\core\lib\module\SceneView.js:125
react-stack-bottom-frame @ C:\Users\USER\OneDrive\Desktop\PUP\node_modules\react-dom\cjs\react-dom-client.development.js:23863
renderWithHooks @ C:\Users\USER\OneDrive\Desktop\PUP\node_modules\react-dom\cjs\react-dom-client.development.js:5529
updateFunctionComponent @ C:\Users\USER\OneDrive\Desktop\PUP\node_modules\react-dom\cjs\react-dom-client.development.js:8897
beginWork @ C:\Users\USER\OneDrive\Desktop\PUP\node_modules\react-dom\cjs\react-dom-client.development.js:10522
runWithFiberInDEV @ C:\Users\USER\OneDrive\Desktop\PUP\node_modules\react-dom\cjs\react-dom-client.development.js:1519
performUnitOfWork @ C:\Users\USER\OneDrive\Desktop\PUP\node_modules\react-dom\cjs\react-dom-client.development.js:15132
workLoopConcurrentByScheduler @ C:\Users\USER\OneDrive\Desktop\PUP\node_modules\react-dom\cjs\react-dom-client.development.js:15126
renderRootConcurrent @ C:\Users\USER\OneDrive\Desktop\PUP\node_modules\react-dom\cjs\react-dom-client.development.js:15101
performWorkOnRoot @ C:\Users\USER\OneDrive\Desktop\PUP\node_modules\react-dom\cjs\react-dom-client.development.js:14418
performWorkOnRootViaSchedulerTask @ C:\Users\USER\OneDrive\Desktop\PUP\node_modules\react-dom\cjs\react-dom-client.development.js:16216
performWorkUntilDeadline @ C:\Users\USER\OneDrive\Desktop\PUP\node_modules\scheduler\cjs\scheduler.development.js:45
<SceneView>
exports.jsx @ C:\Users\USER\OneDrive\Desktop\PUP\node_modules\react\cjs\react-jsx-runtime.development.js:339
render @ C:\Users\USER\OneDrive\Desktop\PUP\node_modules\@react-navigation\core\lib\module\useDescriptors.js:108
(anonymous) @ C:\Users\USER\OneDrive\Desktop\PUP\node_modules\@react-navigation\core\lib\module\useDescriptors.js:140
useDescriptors @ C:\Users\USER\OneDrive\Desktop\PUP\node_modules\@react-navigation\core\lib\module\useDescriptors.js:137
useNavigationBuilder @ C:\Users\USER\OneDrive\Desktop\PUP\node_modules\@react-navigation\core\lib\module\useNavigationBuilder.js:562
Content @ C:\Users\USER\OneDrive\Desktop\PUP\node_modules\expo-router\build\ExpoRoot.js:161
react-stack-bottom-frame @ C:\Users\USER\OneDrive\Desktop\PUP\node_modules\react-dom\cjs\react-dom-client.development.js:23863
renderWithHooks @ C:\Users\USER\OneDrive\Desktop\PUP\node_modules\react-dom\cjs\react-dom-client.development.js:5529
updateFunctionComponent @ C:\Users\USER\OneDrive\Desktop\PUP\node_modules\react-dom\cjs\react-dom-client.development.js:8897
beginWork @ C:\Users\USER\OneDrive\Desktop\PUP\node_modules\react-dom\cjs\react-dom-client.development.js:10522
runWithFiberInDEV @ C:\Users\USER\OneDrive\Desktop\PUP\node_modules\react-dom\cjs\react-dom-client.development.js:1519
performUnitOfWork @ C:\Users\USER\OneDrive\Desktop\PUP\node_modules\react-dom\cjs\react-dom-client.development.js:15132
workLoopConcurrentByScheduler @ C:\Users\USER\OneDrive\Desktop\PUP\node_modules\react-dom\cjs\react-dom-client.development.js:15126
renderRootConcurrent @ C:\Users\USER\OneDrive\Desktop\PUP\node_modules\react-dom\cjs\react-dom-client.development.js:15101
performWorkOnRoot @ C:\Users\USER\OneDrive\Desktop\PUP\node_modules\react-dom\cjs\react-dom-client.development.js:14418
performWorkOnRootViaSchedulerTask @ C:\Users\USER\OneDrive\Desktop\PUP\node_modules\react-dom\cjs\react-dom-client.development.js:16216
performWorkUntilDeadline @ C:\Users\USER\OneDrive\Desktop\PUP\node_modules\scheduler\cjs\scheduler.development.js:45
<Content>
exports.jsxDEV @ C:\Users\USER\OneDrive\Desktop\PUP\node_modules\react\cjs\react-jsx-dev-runtime.development.js:346
ContextNavigator @ C:\Users\USER\OneDrive\Desktop\PUP\node_modules\expo-router\build\ExpoRoot.js:147
react-stack-bottom-frame @ C:\Users\USER\OneDrive\Desktop\PUP\node_modules\react-dom\cjs\react-dom-client.development.js:23863
renderWithHooks @ C:\Users\USER\OneDrive\Desktop\PUP\node_modules\react-dom\cjs\react-dom-client.development.js:5529
updateFunctionComponent @ C:\Users\USER\OneDrive\Desktop\PUP\node_modules\react-dom\cjs\react-dom-client.development.js:8897
beginWork @ C:\Users\USER\OneDrive\Desktop\PUP\node_modules\react-dom\cjs\react-dom-client.development.js:10522
runWithFiberInDEV @ C:\Users\USER\OneDrive\Desktop\PUP\node_modules\react-dom\cjs\react-dom-client.development.js:1519
performUnitOfWork @ C:\Users\USER\OneDrive\Desktop\PUP\node_modules\react-dom\cjs\react-dom-client.development.js:15132
workLoopConcurrentByScheduler @ C:\Users\USER\OneDrive\Desktop\PUP\node_modules\react-dom\cjs\react-dom-client.development.js:15126
renderRootConcurrent @ C:\Users\USER\OneDrive\Desktop\PUP\node_modules\react-dom\cjs\react-dom-client.development.js:15101
performWorkOnRoot @ C:\Users\USER\OneDrive\Desktop\PUP\node_modules\react-dom\cjs\react-dom-client.development.js:14418
performWorkOnRootViaSchedulerTask @ C:\Users\USER\OneDrive\Desktop\PUP\node_modules\react-dom\cjs\react-dom-client.development.js:16216
performWorkUntilDeadline @ C:\Users\USER\OneDrive\Desktop\PUP\node_modules\scheduler\cjs\scheduler.development.js:45
<ContextNavigator>
exports.jsxDEV @ C:\Users\USER\OneDrive\Desktop\PUP\node_modules\react\cjs\react-jsx-dev-runtime.development.js:346
ExpoRoot @ C:\Users\USER\OneDrive\Desktop\PUP\node_modules\expo-router\build\ExpoRoot.js:87
react-stack-bottom-frame @ C:\Users\USER\OneDrive\Desktop\PUP\node_modules\react-dom\cjs\react-dom-client.development.js:23863
renderWithHooks @ C:\Users\USER\OneDrive\Desktop\PUP\node_modules\react-dom\cjs\react-dom-client.development.js:5529
updateFunctionComponent @ C:\Users\USER\OneDrive\Desktop\PUP\node_modules\react-dom\cjs\react-dom-client.development.js:8897
beginWork @ C:\Users\USER\OneDrive\Desktop\PUP\node_modules\react-dom\cjs\react-dom-client.development.js:10522
runWithFiberInDEV @ C:\Users\USER\OneDrive\Desktop\PUP\node_modules\react-dom\cjs\react-dom-client.development.js:1519
performUnitOfWork @ C:\Users\USER\OneDrive\Desktop\PUP\node_modules\react-dom\cjs\react-dom-client.development.js:15132
workLoopConcurrentByScheduler @ C:\Users\USER\OneDrive\Desktop\PUP\node_modules\react-dom\cjs\react-dom-client.development.js:15126
renderRootConcurrent @ C:\Users\USER\OneDrive\Desktop\PUP\node_modules\react-dom\cjs\react-dom-client.development.js:15101
performWorkOnRoot @ C:\Users\USER\OneDrive\Desktop\PUP\node_modules\react-dom\cjs\react-dom-client.development.js:14418
performWorkOnRootViaSchedulerTask @ C:\Users\USER\OneDrive\Desktop\PUP\node_modules\react-dom\cjs\react-dom-client.development.js:16216
performWorkUntilDeadline @ C:\Users\USER\OneDrive\Desktop\PUP\node_modules\scheduler\cjs\scheduler.development.js:45
<ExpoRoot>
exports.jsxDEV @ C:\Users\USER\OneDrive\Desktop\PUP\node_modules\react\cjs\react-jsx-dev-runtime.development.js:346
App @ C:\Users\USER\OneDrive\Desktop\PUP\node_modules\expo-router\build\qualified-entry.js:21
react-stack-bottom-frame @ C:\Users\USER\OneDrive\Desktop\PUP\node_modules\react-dom\cjs\react-dom-client.development.js:23863
renderWithHooks @ C:\Users\USER\OneDrive\Desktop\PUP\node_modules\react-dom\cjs\react-dom-client.development.js:5529
updateFunctionComponent @ C:\Users\USER\OneDrive\Desktop\PUP\node_modules\react-dom\cjs\react-dom-client.development.js:8897
beginWork @ C:\Users\USER\OneDrive\Desktop\PUP\node_modules\react-dom\cjs\react-dom-client.development.js:10522
runWithFiberInDEV @ C:\Users\USER\OneDrive\Desktop\PUP\node_modules\react-dom\cjs\react-dom-client.development.js:1519
performUnitOfWork @ C:\Users\USER\OneDrive\Desktop\PUP\node_modules\react-dom\cjs\react-dom-client.development.js:15132
workLoopConcurrentByScheduler @ C:\Users\USER\OneDrive\Desktop\PUP\node_modules\react-dom\cjs\react-dom-client.development.js:15126
renderRootConcurrent @ C:\Users\USER\OneDrive\Desktop\PUP\node_modules\react-dom\cjs\react-dom-client.development.js:15101
performWorkOnRoot @ C:\Users\USER\OneDrive\Desktop\PUP\node_modules\react-dom\cjs\react-dom-client.development.js:14418
performWorkOnRootViaSchedulerTask @ C:\Users\USER\OneDrive\Desktop\PUP\node_modules\react-dom\cjs\react-dom-client.development.js:16216
performWorkUntilDeadline @ C:\Users\USER\OneDrive\Desktop\PUP\node_modules\scheduler\cjs\scheduler.development.js:45
<App>
exports.jsxDEV @ C:\Users\USER\OneDrive\Desktop\PUP\node_modules\react\cjs\react-jsx-dev-runtime.development.js:346
ErrorOverlay @ C:\Users\USER\OneDrive\Desktop\PUP\node_modules\@expo\metro-runtime\src\error-overlay\index.tsx:19
react-stack-bottom-frame @ C:\Users\USER\OneDrive\Desktop\PUP\node_modules\react-dom\cjs\react-dom-client.development.js:23863
renderWithHooks @ C:\Users\USER\OneDrive\Desktop\PUP\node_modules\react-dom\cjs\react-dom-client.development.js:5529
updateFunctionComponent @ C:\Users\USER\OneDrive\Desktop\PUP\node_modules\react-dom\cjs\react-dom-client.development.js:8897
beginWork @ C:\Users\USER\OneDrive\Desktop\PUP\node_modules\react-dom\cjs\react-dom-client.development.js:10522
runWithFiberInDEV @ C:\Users\USER\OneDrive\Desktop\PUP\node_modules\react-dom\cjs\react-dom-client.development.js:1519
performUnitOfWork @ C:\Users\USER\OneDrive\Desktop\PUP\node_modules\react-dom\cjs\react-dom-client.development.js:15132
workLoopConcurrentByScheduler @ C:\Users\USER\OneDrive\Desktop\PUP\node_modules\react-dom\cjs\react-dom-client.development.js:15126
renderRootConcurrent @ C:\Users\USER\OneDrive\Desktop\PUP\node_modules\react-dom\cjs\react-dom-client.development.js:15101
performWorkOnRoot @ C:\Users\USER\OneDrive\Desktop\PUP\node_modules\react-dom\cjs\react-dom-client.development.js:14418
performWorkOnRootViaSchedulerTask @ C:\Users\USER\OneDrive\Desktop\PUP\node_modules\react-dom\cjs\react-dom-client.development.js:16216
performWorkUntilDeadline @ C:\Users\USER\OneDrive\Desktop\PUP\node_modules\scheduler\cjs\scheduler.development.js:45
<ErrorOverlay>
exports.jsxDEV @ C:\Users\USER\OneDrive\Desktop\PUP\node_modules\react\cjs\react-jsx-dev-runtime.development.js:346
WithDevTools @ C:\Users\USER\OneDrive\Desktop\PUP\node_modules\expo\src\launch\withDevTools.web.tsx:11
react-stack-bottom-frame @ C:\Users\USER\OneDrive\Desktop\PUP\node_modules\react-dom\cjs\react-dom-client.development.js:23863
renderWithHooks @ C:\Users\USER\OneDrive\Desktop\PUP\node_modules\react-dom\cjs\react-dom-client.development.js:5529
updateFunctionComponent @ C:\Users\USER\OneDrive\Desktop\PUP\node_modules\react-dom\cjs\react-dom-client.development.js:8897
beginWork @ C:\Users\USER\OneDrive\Desktop\PUP\node_modules\react-dom\cjs\react-dom-client.development.js:10522
runWithFiberInDEV @ C:\Users\USER\OneDrive\Desktop\PUP\node_modules\react-dom\cjs\react-dom-client.development.js:1519
performUnitOfWork @ C:\Users\USER\OneDrive\Desktop\PUP\node_modules\react-dom\cjs\react-dom-client.development.js:15132
workLoopConcurrentByScheduler @ C:\Users\USER\OneDrive\Desktop\PUP\node_modules\react-dom\cjs\react-dom-client.development.js:15126
renderRootConcurrent @ C:\Users\USER\OneDrive\Desktop\PUP\node_modules\react-dom\cjs\react-dom-client.development.js:15101
performWorkOnRoot @ C:\Users\USER\OneDrive\Desktop\PUP\node_modules\react-dom\cjs\react-dom-client.development.js:14418
performWorkOnRootViaSchedulerTask @ C:\Users\USER\OneDrive\Desktop\PUP\node_modules\react-dom\cjs\react-dom-client.development.js:16216
performWorkUntilDeadline @ C:\Users\USER\OneDrive\Desktop\PUP\node_modules\scheduler\cjs\scheduler.development.js:45
<withDevTools(ErrorOverlay)>
exports.createElement @ C:\Users\USER\OneDrive\Desktop\PUP\node_modules\react\cjs\react.development.js:1033
renderApplication @ C:\Users\USER\OneDrive\Desktop\PUP\node_modules\react-native-web\dist\exports\AppRegistry\renderApplication.js:27
run @ C:\Users\USER\OneDrive\Desktop\PUP\node_modules\react-native-web\dist\exports\AppRegistry\index.js:36
runApplication @ C:\Users\USER\OneDrive\Desktop\PUP\node_modules\react-native-web\dist\exports\AppRegistry\index.js:74
registerRootComponent @ C:\Users\USER\OneDrive\Desktop\PUP\node_modules\expo\src\launch\registerRootComponent.tsx:58
(anonymous) @ C:\Users\USER\OneDrive\Desktop\PUP\node_modules\expo-router\build\renderRootComponent.js:88
exports.startTransition @ C:\Users\USER\OneDrive\Desktop\PUP\node_modules\react\cjs\react.development.js:1124
renderRootComponent @ C:\Users\USER\OneDrive\Desktop\PUP\node_modules\expo-router\build\renderRootComponent.js:85
(anonymous) @ C:\Users\USER\OneDrive\Desktop\PUP\node_modules\expo-router\entry-classic.js:10
loadModuleImplementation @ C:\Users\USER\OneDrive\Desktop\PUP\node_modules\expo\node_modules\@expo\cli\build\metro-require\require.js:248
guardedLoadModule @ C:\Users\USER\OneDrive\Desktop\PUP\node_modules\expo\node_modules\@expo\cli\build\metro-require\require.js:163
metroRequire @ C:\Users\USER\OneDrive\Desktop\PUP\node_modules\expo\node_modules\@expo\cli\build\metro-require\require.js:74
(anonymous) @ C:\Users\USER\OneDrive\Desktop\PUP\node_modules\expo-router\entry.js:3
loadModuleImplementation @ C:\Users\USER\OneDrive\Desktop\PUP\node_modules\expo\node_modules\@expo\cli\build\metro-require\require.js:248
guardedLoadModule @ C:\Users\USER\OneDrive\Desktop\PUP\node_modules\expo\node_modules\@expo\cli\build\metro-require\require.js:156
metroRequire @ C:\Users\USER\OneDrive\Desktop\PUP\node_modules\expo\node_modules\@expo\cli\build\metro-require\require.js:74
(anonymous) @ entry.bundle?platform=web&dev=true&hot=false&lazy=true&transform.routerRoot=app&transform.reactCompiler=true:196749
C:\Users\USER\OneDrive\Desktop\PUP\node_modules\@expo\metro-runtime\src\error-overlay\LogBox.web.ts:134 [10:26:59.956] [Firebase] ✖ REST getRecipes failed Error: The database (default) does not exist for project lasangpinoy-mobile Please visit https://console.cloud.google.com/datastore/setup?project=lasangpinoy-mobile to add a Cloud Datastore or Cloud Firestore database. 
    at Object.getCollection (C:\Users\USER\OneDrive\Desktop\PUP\lib\firestore-rest.ts:211:13)
    at async getRecipes (C:\Users\USER\OneDrive\Desktop\PUP\lib\firebase.ts:339:20)
    at async fetchRecipesData (C:\Users\USER\OneDrive\Desktop\PUP\app\(tabs)\index.tsx:77:20)
registerError @ C:\Users\USER\OneDrive\Desktop\PUP\node_modules\@expo\metro-runtime\src\error-overlay\LogBox.web.ts:134
console.error @ C:\Users\USER\OneDrive\Desktop\PUP\node_modules\@expo\metro-runtime\src\error-overlay\LogBox.web.ts:59
_log @ C:\Users\USER\OneDrive\Desktop\PUP\lib\logger.ts:74
error @ C:\Users\USER\OneDrive\Desktop\PUP\lib\logger.ts:93
getRecipes @ C:\Users\USER\OneDrive\Desktop\PUP\lib\firebase.ts:343
await in getRecipes
fetchRecipesData @ C:\Users\USER\OneDrive\Desktop\PUP\app\(tabs)\index.tsx:77
(anonymous) @ C:\Users\USER\OneDrive\Desktop\PUP\app\(tabs)\index.tsx:51
react-stack-bottom-frame @ C:\Users\USER\OneDrive\Desktop\PUP\node_modules\react-dom\cjs\react-dom-client.development.js:23949
runWithFiberInDEV @ C:\Users\USER\OneDrive\Desktop\PUP\node_modules\react-dom\cjs\react-dom-client.development.js:1519
commitHookEffectListMount @ C:\Users\USER\OneDrive\Desktop\PUP\node_modules\react-dom\cjs\react-dom-client.development.js:11905
commitHookPassiveMountEffects @ C:\Users\USER\OneDrive\Desktop\PUP\node_modules\react-dom\cjs\react-dom-client.development.js:12026
reconnectPassiveEffects @ C:\Users\USER\OneDrive\Desktop\PUP\node_modules\react-dom\cjs\react-dom-client.development.js:14004
recursivelyTraverseReconnectPassiveEffects @ C:\Users\USER\OneDrive\Desktop\PUP\node_modules\react-dom\cjs\react-dom-client.development.js:13976
reconnectPassiveEffects @ C:\Users\USER\OneDrive\Desktop\PUP\node_modules\react-dom\cjs\react-dom-client.development.js:14024
recursivelyTraverseReconnectPassiveEffects @ C:\Users\USER\OneDrive\Desktop\PUP\node_modules\react-dom\cjs\react-dom-client.development.js:13976
reconnectPassiveEffects @ C:\Users\USER\OneDrive\Desktop\PUP\node_modules\react-dom\cjs\react-dom-client.development.js:14051
recursivelyTraverseReconnectPassiveEffects @ C:\Users\USER\OneDrive\Desktop\PUP\node_modules\react-dom\cjs\react-dom-client.development.js:13976
reconnectPassiveEffects @ C:\Users\USER\OneDrive\Desktop\PUP\node_modules\react-dom\cjs\react-dom-client.development.js:14051
recursivelyTraverseReconnectPassiveEffects @ C:\Users\USER\OneDrive\Desktop\PUP\node_modules\react-dom\cjs\react-dom-client.development.js:13976
reconnectPassiveEffects @ C:\Users\USER\OneDrive\Desktop\PUP\node_modules\react-dom\cjs\react-dom-client.development.js:14051
recursivelyTraverseReconnectPassiveEffects @ C:\Users\USER\OneDrive\Desktop\PUP\node_modules\react-dom\cjs\react-dom-client.development.js:13976
reconnectPassiveEffects @ C:\Users\USER\OneDrive\Desktop\PUP\node_modules\react-dom\cjs\react-dom-client.development.js:13997
recursivelyTraverseReconnectPassiveEffects @ C:\Users\USER\OneDrive\Desktop\PUP\node_modules\react-dom\cjs\react-dom-client.development.js:13976
reconnectPassiveEffects @ C:\Users\USER\OneDrive\Desktop\PUP\node_modules\react-dom\cjs\react-dom-client.development.js:13997
recursivelyTraverseReconnectPassiveEffects @ C:\Users\USER\OneDrive\Desktop\PUP\node_modules\react-dom\cjs\react-dom-client.development.js:13976
reconnectPassiveEffects @ C:\Users\USER\OneDrive\Desktop\PUP\node_modules\react-dom\cjs\react-dom-client.development.js:13997
recursivelyTraverseReconnectPassiveEffects @ C:\Users\USER\OneDrive\Desktop\PUP\node_modules\react-dom\cjs\react-dom-client.development.js:13976
reconnectPassiveEffects @ C:\Users\USER\OneDrive\Desktop\PUP\node_modules\react-dom\cjs\react-dom-client.development.js:14051
recursivelyTraverseReconnectPassiveEffects @ C:\Users\USER\OneDrive\Desktop\PUP\node_modules\react-dom\cjs\react-dom-client.development.js:13976
reconnectPassiveEffects @ C:\Users\USER\OneDrive\Desktop\PUP\node_modules\react-dom\cjs\react-dom-client.development.js:14051
recursivelyTraverseReconnectPassiveEffects @ C:\Users\USER\OneDrive\Desktop\PUP\node_modules\react-dom\cjs\react-dom-client.development.js:13976
reconnectPassiveEffects @ C:\Users\USER\OneDrive\Desktop\PUP\node_modules\react-dom\cjs\react-dom-client.development.js:13997
recursivelyTraverseReconnectPassiveEffects @ C:\Users\USER\OneDrive\Desktop\PUP\node_modules\react-dom\cjs\react-dom-client.development.js:13976
reconnectPassiveEffects @ C:\Users\USER\OneDrive\Desktop\PUP\node_modules\react-dom\cjs\react-dom-client.development.js:14051
recursivelyTraverseReconnectPassiveEffects @ C:\Users\USER\OneDrive\Desktop\PUP\node_modules\react-dom\cjs\react-dom-client.development.js:13976
reconnectPassiveEffects @ C:\Users\USER\OneDrive\Desktop\PUP\node_modules\react-dom\cjs\react-dom-client.development.js:14051
recursivelyTraverseReconnectPassiveEffects @ C:\Users\USER\OneDrive\Desktop\PUP\node_modules\react-dom\cjs\react-dom-client.development.js:13976
reconnectPassiveEffects @ C:\Users\USER\OneDrive\Desktop\PUP\node_modules\react-dom\cjs\react-dom-client.development.js:14051
recursivelyTraverseReconnectPassiveEffects @ C:\Users\USER\OneDrive\Desktop\PUP\node_modules\react-dom\cjs\react-dom-client.development.js:13976
reconnectPassiveEffects @ C:\Users\USER\OneDrive\Desktop\PUP\node_modules\react-dom\cjs\react-dom-client.development.js:13997
recursivelyTraverseReconnectPassiveEffects @ C:\Users\USER\OneDrive\Desktop\PUP\node_modules\react-dom\cjs\react-dom-client.development.js:13976
reconnectPassiveEffects @ C:\Users\USER\OneDrive\Desktop\PUP\node_modules\react-dom\cjs\react-dom-client.development.js:14051
recursivelyTraverseReconnectPassiveEffects @ C:\Users\USER\OneDrive\Desktop\PUP\node_modules\react-dom\cjs\react-dom-client.development.js:13976
reconnectPassiveEffects @ C:\Users\USER\OneDrive\Desktop\PUP\node_modules\react-dom\cjs\react-dom-client.development.js:14051
recursivelyTraverseReconnectPassiveEffects @ C:\Users\USER\OneDrive\Desktop\PUP\node_modules\react-dom\cjs\react-dom-client.development.js:13976
reconnectPassiveEffects @ C:\Users\USER\OneDrive\Desktop\PUP\node_modules\react-dom\cjs\react-dom-client.development.js:14051
recursivelyTraverseReconnectPassiveEffects @ C:\Users\USER\OneDrive\Desktop\PUP\node_modules\react-dom\cjs\react-dom-client.development.js:13976
reconnectPassiveEffects @ C:\Users\USER\OneDrive\Desktop\PUP\node_modules\react-dom\cjs\react-dom-client.development.js:13997
recursivelyTraverseReconnectPassiveEffects @ C:\Users\USER\OneDrive\Desktop\PUP\node_modules\react-dom\cjs\react-dom-client.development.js:13976
reconnectPassiveEffects @ C:\Users\USER\OneDrive\Desktop\PUP\node_modules\react-dom\cjs\react-dom-client.development.js:14051
recursivelyTraverseReconnectPassiveEffects @ C:\Users\USER\OneDrive\Desktop\PUP\node_modules\react-dom\cjs\react-dom-client.development.js:13976
reconnectPassiveEffects @ C:\Users\USER\OneDrive\Desktop\PUP\node_modules\react-dom\cjs\react-dom-client.development.js:14051
recursivelyTraverseReconnectPassiveEffects @ C:\Users\USER\OneDrive\Desktop\PUP\node_modules\react-dom\cjs\react-dom-client.development.js:13976
reconnectPassiveEffects @ C:\Users\USER\OneDrive\Desktop\PUP\node_modules\react-dom\cjs\react-dom-client.development.js:14051
recursivelyTraverseReconnectPassiveEffects @ C:\Users\USER\OneDrive\Desktop\PUP\node_modules\react-dom\cjs\react-dom-client.development.js:13976
reconnectPassiveEffects @ C:\Users\USER\OneDrive\Desktop\PUP\node_modules\react-dom\cjs\react-dom-client.development.js:14051
recursivelyTraverseReconnectPassiveEffects @ C:\Users\USER\OneDrive\Desktop\PUP\node_modules\react-dom\cjs\react-dom-client.development.js:13976
reconnectPassiveEffects @ C:\Users\USER\OneDrive\Desktop\PUP\node_modules\react-dom\cjs\react-dom-client.development.js:13997
recursivelyTraverseReconnectPassiveEffects @ C:\Users\USER\OneDrive\Desktop\PUP\node_modules\react-dom\cjs\react-dom-client.development.js:13976
reconnectPassiveEffects @ C:\Users\USER\OneDrive\Desktop\PUP\node_modules\react-dom\cjs\react-dom-client.development.js:14051
recursivelyTraverseReconnectPassiveEffects @ C:\Users\USER\OneDrive\Desktop\PUP\node_modules\react-dom\cjs\react-dom-client.development.js:13976
reconnectPassiveEffects @ C:\Users\USER\OneDrive\Desktop\PUP\node_modules\react-dom\cjs\react-dom-client.development.js:13997
recursivelyTraverseReconnectPassiveEffects @ C:\Users\USER\OneDrive\Desktop\PUP\node_modules\react-dom\cjs\react-dom-client.development.js:13976
reconnectPassiveEffects @ C:\Users\USER\OneDrive\Desktop\PUP\node_modules\react-dom\cjs\react-dom-client.development.js:13997
recursivelyTraverseReconnectPassiveEffects @ C:\Users\USER\OneDrive\Desktop\PUP\node_modules\react-dom\cjs\react-dom-client.development.js:13976
reconnectPassiveEffects @ C:\Users\USER\OneDrive\Desktop\PUP\node_modules\react-dom\cjs\react-dom-client.development.js:13997
recursivelyTraverseReconnectPassiveEffects @ C:\Users\USER\OneDrive\Desktop\PUP\node_modules\react-dom\cjs\react-dom-client.development.js:13976
reconnectPassiveEffects @ C:\Users\USER\OneDrive\Desktop\PUP\node_modules\react-dom\cjs\react-dom-client.development.js:13997
recursivelyTraverseReconnectPassiveEffects @ C:\Users\USER\OneDrive\Desktop\PUP\node_modules\react-dom\cjs\react-dom-client.development.js:13976
reconnectPassiveEffects @ C:\Users\USER\OneDrive\Desktop\PUP\node_modules\react-dom\cjs\react-dom-client.development.js:14051
recursivelyTraverseReconnectPassiveEffects @ C:\Users\USER\OneDrive\Desktop\PUP\node_modules\react-dom\cjs\react-dom-client.development.js:13976
reconnectPassiveEffects @ C:\Users\USER\OneDrive\Desktop\PUP\node_modules\react-dom\cjs\react-dom-client.development.js:14051
recursivelyTraverseReconnectPassiveEffects @ C:\Users\USER\OneDrive\Desktop\PUP\node_modules\react-dom\cjs\react-dom-client.development.js:13976
reconnectPassiveEffects @ C:\Users\USER\OneDrive\Desktop\PUP\node_modules\react-dom\cjs\react-dom-client.development.js:13997
recursivelyTraverseReconnectPassiveEffects @ C:\Users\USER\OneDrive\Desktop\PUP\node_modules\react-dom\cjs\react-dom-client.development.js:13976
reconnectPassiveEffects @ C:\Users\USER\OneDrive\Desktop\PUP\node_modules\react-dom\cjs\react-dom-client.development.js:13997
recursivelyTraverseReconnectPassiveEffects @ C:\Users\USER\OneDrive\Desktop\PUP\node_modules\react-dom\cjs\react-dom-client.development.js:13976
reconnectPassiveEffects @ C:\Users\USER\OneDrive\Desktop\PUP\node_modules\react-dom\cjs\react-dom-client.development.js:14051
recursivelyTraverseReconnectPassiveEffects @ C:\Users\USER\OneDrive\Desktop\PUP\node_modules\react-dom\cjs\react-dom-client.development.js:13976
reconnectPassiveEffects @ C:\Users\USER\OneDrive\Desktop\PUP\node_modules\react-dom\cjs\react-dom-client.development.js:13997
recursivelyTraverseReconnectPassiveEffects @ C:\Users\USER\OneDrive\Desktop\PUP\node_modules\react-dom\cjs\react-dom-client.development.js:13976
reconnectPassiveEffects @ C:\Users\USER\OneDrive\Desktop\PUP\node_modules\react-dom\cjs\react-dom-client.development.js:13997
recursivelyTraverseReconnectPassiveEffects @ C:\Users\USER\OneDrive\Desktop\PUP\node_modules\react-dom\cjs\react-dom-client.development.js:13976
reconnectPassiveEffects @ C:\Users\USER\OneDrive\Desktop\PUP\node_modules\react-dom\cjs\react-dom-client.development.js:14051
recursivelyTraverseReconnectPassiveEffects @ C:\Users\USER\OneDrive\Desktop\PUP\node_modules\react-dom\cjs\react-dom-client.development.js:13976
reconnectPassiveEffects @ C:\Users\USER\OneDrive\Desktop\PUP\node_modules\react-dom\cjs\react-dom-client.development.js:13997
recursivelyTraverseReconnectPassiveEffects @ C:\Users\USER\OneDrive\Desktop\PUP\node_modules\react-dom\cjs\react-dom-client.development.js:13976
reconnectPassiveEffects @ C:\Users\USER\OneDrive\Desktop\PUP\node_modules\react-dom\cjs\react-dom-client.development.js:14051
recursivelyTraverseReconnectPassiveEffects @ C:\Users\USER\OneDrive\Desktop\PUP\node_modules\react-dom\cjs\react-dom-client.development.js:13976
reconnectPassiveEffects @ C:\Users\USER\OneDrive\Desktop\PUP\node_modules\react-dom\cjs\react-dom-client.development.js:13997
recursivelyTraverseReconnectPassiveEffects @ C:\Users\USER\OneDrive\Desktop\PUP\node_modules\react-dom\cjs\react-dom-client.development.js:13976
reconnectPassiveEffects @ C:\Users\USER\OneDrive\Desktop\PUP\node_modules\react-dom\cjs\react-dom-client.development.js:13997
recursivelyTraverseReconnectPassiveEffects @ C:\Users\USER\OneDrive\Desktop\PUP\node_modules\react-dom\cjs\react-dom-client.development.js:13976
reconnectPassiveEffects @ C:\Users\USER\OneDrive\Desktop\PUP\node_modules\react-dom\cjs\react-dom-client.development.js:13997
recursivelyTraverseReconnectPassiveEffects @ C:\Users\USER\OneDrive\Desktop\PUP\node_modules\react-dom\cjs\react-dom-client.development.js:13976
reconnectPassiveEffects @ C:\Users\USER\OneDrive\Desktop\PUP\node_modules\react-dom\cjs\react-dom-client.development.js:14051
recursivelyTraverseReconnectPassiveEffects @ C:\Users\USER\OneDrive\Desktop\PUP\node_modules\react-dom\cjs\react-dom-client.development.js:13976
reconnectPassiveEffects @ C:\Users\USER\OneDrive\Desktop\PUP\node_modules\react-dom\cjs\react-dom-client.development.js:13997
recursivelyTraverseReconnectPassiveEffects @ C:\Users\USER\OneDrive\Desktop\PUP\node_modules\react-dom\cjs\react-dom-client.development.js:13976
reconnectPassiveEffects @ C:\Users\USER\OneDrive\Desktop\PUP\node_modules\react-dom\cjs\react-dom-client.development.js:14051
recursivelyTraverseReconnectPassiveEffects @ C:\Users\USER\OneDrive\Desktop\PUP\node_modules\react-dom\cjs\react-dom-client.development.js:13976
reconnectPassiveEffects @ C:\Users\USER\OneDrive\Desktop\PUP\node_modules\react-dom\cjs\react-dom-client.development.js:14051
recursivelyTraverseReconnectPassiveEffects @ C:\Users\USER\OneDrive\Desktop\PUP\node_modules\react-dom\cjs\react-dom-client.development.js:13976
reconnectPassiveEffects @ C:\Users\USER\OneDrive\Desktop\PUP\node_modules\react-dom\cjs\react-dom-client.development.js:13997
recursivelyTraverseReconnectPassiveEffects @ C:\Users\USER\OneDrive\Desktop\PUP\node_modules\react-dom\cjs\react-dom-client.development.js:13976
reconnectPassiveEffects @ C:\Users\USER\OneDrive\Desktop\PUP\node_modules\react-dom\cjs\react-dom-client.development.js:14051
recursivelyTraverseReconnectPassiveEffects @ C:\Users\USER\OneDrive\Desktop\PUP\node_modules\react-dom\cjs\react-dom-client.development.js:13976
reconnectPassiveEffects @ C:\Users\USER\OneDrive\Desktop\PUP\node_modules\react-dom\cjs\react-dom-client.development.js:14051
recursivelyTraverseReconnectPassiveEffects @ C:\Users\USER\OneDrive\Desktop\PUP\node_modules\react-dom\cjs\react-dom-client.development.js:13976
reconnectPassiveEffects @ C:\Users\USER\OneDrive\Desktop\PUP\node_modules\react-dom\cjs\react-dom-client.development.js:13997
recursivelyTraverseReconnectPassiveEffects @ C:\Users\USER\OneDrive\Desktop\PUP\node_modules\react-dom\cjs\react-dom-client.development.js:13976
reconnectPassiveEffects @ C:\Users\USER\OneDrive\Desktop\PUP\node_modules\react-dom\cjs\react-dom-client.development.js:13997
recursivelyTraverseReconnectPassiveEffects @ C:\Users\USER\OneDrive\Desktop\PUP\node_modules\react-dom\cjs\react-dom-client.development.js:13976
reconnectPassiveEffects @ C:\Users\USER\OneDrive\Desktop\PUP\node_modules\react-dom\cjs\react-dom-client.development.js:13997
recursivelyTraverseReconnectPassiveEffects @ C:\Users\USER\OneDrive\Desktop\PUP\node_modules\react-dom\cjs\react-dom-client.development.js:13976
reconnectPassiveEffects @ C:\Users\USER\OneDrive\Desktop\PUP\node_modules\react-dom\cjs\react-dom-client.development.js:13997
recursivelyTraverseReconnectPassiveEffects @ C:\Users\USER\OneDrive\Desktop\PUP\node_modules\react-dom\cjs\react-dom-client.development.js:13976
reconnectPassiveEffects @ C:\Users\USER\OneDrive\Desktop\PUP\node_modules\react-dom\cjs\react-dom-client.development.js:13997
recursivelyTraverseReconnectPassiveEffects @ C:\Users\USER\OneDrive\Desktop\PUP\node_modules\react-dom\cjs\react-dom-client.development.js:13976
reconnectPassiveEffects @ C:\Users\USER\OneDrive\Desktop\PUP\node_modules\react-dom\cjs\react-dom-client.development.js:13997
recursivelyTraverseReconnectPassiveEffects @ C:\Users\USER\OneDrive\Desktop\PUP\node_modules\react-dom\cjs\react-dom-client.development.js:13976
commitPassiveMountOnFiber @ C:\Users\USER\OneDrive\Desktop\PUP\node_modules\react-dom\cjs\react-dom-client.development.js:13936
recursivelyTraversePassiveMountEffects @ C:\Users\USER\OneDrive\Desktop\PUP\node_modules\react-dom\cjs\react-dom-client.development.js:13815
commitPassiveMountOnFiber @ C:\Users\USER\OneDrive\Desktop\PUP\node_modules\react-dom\cjs\react-dom-client.development.js:13903
recursivelyTraversePassiveMountEffects @ C:\Users\USER\OneDrive\Desktop\PUP\node_modules\react-dom\cjs\react-dom-client.development.js:13815
commitPassiveMountOnFiber @ C:\Users\USER\OneDrive\Desktop\PUP\node_modules\react-dom\cjs\react-dom-client.development.js:13957
recursivelyTraversePassiveMountEffects @ C:\Users\USER\OneDrive\Desktop\PUP\node_modules\react-dom\cjs\react-dom-client.development.js:13815
commitPassiveMountOnFiber @ C:\Users\USER\OneDrive\Desktop\PUP\node_modules\react-dom\cjs\react-dom-client.development.js:13957
recursivelyTraversePassiveMountEffects @ C:\Users\USER\OneDrive\Desktop\PUP\node_modules\react-dom\cjs\react-dom-client.development.js:13815
commitPassiveMountOnFiber @ C:\Users\USER\OneDrive\Desktop\PUP\node_modules\react-dom\cjs\react-dom-client.development.js:13834
recursivelyTraversePassiveMountEffects @ C:\Users\USER\OneDrive\Desktop\PUP\node_modules\react-dom\cjs\react-dom-client.development.js:13815
commitPassiveMountOnFiber @ C:\Users\USER\OneDrive\Desktop\PUP\node_modules\react-dom\cjs\react-dom-client.development.js:13834
recursivelyTraversePassiveMountEffects @ C:\Users\USER\OneDrive\Desktop\PUP\node_modules\react-dom\cjs\react-dom-client.development.js:13815
commitPassiveMountOnFiber @ C:\Users\USER\OneDrive\Desktop\PUP\node_modules\react-dom\cjs\react-dom-client.development.js:13834
recursivelyTraversePassiveMountEffects @ C:\Users\USER\OneDrive\Desktop\PUP\node_modules\react-dom\cjs\react-dom-client.development.js:13815
commitPassiveMountOnFiber @ C:\Users\USER\OneDrive\Desktop\PUP\node_modules\react-dom\cjs\react-dom-client.development.js:13957
recursivelyTraversePassiveMountEffects @ C:\Users\USER\OneDrive\Desktop\PUP\node_modules\react-dom\cjs\react-dom-client.development.js:13815
commitPassiveMountOnFiber @ C:\Users\USER\OneDrive\Desktop\PUP\node_modules\react-dom\cjs\react-dom-client.development.js:13957
recursivelyTraversePassiveMountEffects @ C:\Users\USER\OneDrive\Desktop\PUP\node_modules\react-dom\cjs\react-dom-client.development.js:13815
commitPassiveMountOnFiber @ C:\Users\USER\OneDrive\Desktop\PUP\node_modules\react-dom\cjs\react-dom-client.development.js:13834
recursivelyTraversePassiveMountEffects @ C:\Users\USER\OneDrive\Desktop\PUP\node_modules\react-dom\cjs\react-dom-client.development.js:13815
commitPassiveMountOnFiber @ C:\Users\USER\OneDrive\Desktop\PUP\node_modules\react-dom\cjs\react-dom-client.development.js:13957
recursivelyTraversePassiveMountEffects @ C:\Users\USER\OneDrive\Desktop\PUP\node_modules\react-dom\cjs\react-dom-client.development.js:13815
commitPassiveMountOnFiber @ C:\Users\USER\OneDrive\Desktop\PUP\node_modules\react-dom\cjs\react-dom-client.development.js:13957
recursivelyTraversePassiveMountEffects @ C:\Users\USER\OneDrive\Desktop\PUP\node_modules\react-dom\cjs\react-dom-client.development.js:13815
commitPassiveMountOnFiber @ C:\Users\USER\OneDrive\Desktop\PUP\node_modules\react-dom\cjs\react-dom-client.development.js:13957
recursivelyTraversePassiveMountEffects @ C:\Users\USER\OneDrive\Desktop\PUP\node_modules\react-dom\cjs\react-dom-client.development.js:13815
commitPassiveMountOnFiber @ C:\Users\USER\OneDrive\Desktop\PUP\node_modules\react-dom\cjs\react-dom-client.development.js:13834
recursivelyTraversePassiveMountEffects @ C:\Users\USER\OneDrive\Desktop\PUP\node_modules\react-dom\cjs\react-dom-client.development.js:13815
commitPassiveMountOnFiber @ C:\Users\USER\OneDrive\Desktop\PUP\node_modules\react-dom\cjs\react-dom-client.development.js:13957
recursivelyTraversePassiveMountEffects @ C:\Users\USER\OneDrive\Desktop\PUP\node_modules\react-dom\cjs\react-dom-client.development.js:13815
commitPassiveMountOnFiber @ C:\Users\USER\OneDrive\Desktop\PUP\node_modules\react-dom\cjs\react-dom-client.development.js:13957
recursivelyTraversePassiveMountEffects @ C:\Users\USER\OneDrive\Desktop\PUP\node_modules\react-dom\cjs\react-dom-client.development.js:13815
commitPassiveMountOnFiber @ C:\Users\USER\OneDrive\Desktop\PUP\node_modules\react-dom\cjs\react-dom-client.development.js:13957
recursivelyTraversePassiveMountEffects @ C:\Users\USER\OneDrive\Desktop\PUP\node_modules\react-dom\cjs\react-dom-client.development.js:13815
commitPassiveMountOnFiber @ C:\Users\USER\OneDrive\Desktop\PUP\node_modules\react-dom\cjs\react-dom-client.development.js:13834
recursivelyTraversePassiveMountEffects @ C:\Users\USER\OneDrive\Desktop\PUP\node_modules\react-dom\cjs\react-dom-client.development.js:13815
commitPassiveMountOnFiber @ C:\Users\USER\OneDrive\Desktop\PUP\node_modules\react-dom\cjs\react-dom-client.development.js:13957
recursivelyTraversePassiveMountEffects @ C:\Users\USER\OneDrive\Desktop\PUP\node_modules\react-dom\cjs\react-dom-client.development.js:13815
commitPassiveMountOnFiber @ C:\Users\USER\OneDrive\Desktop\PUP\node_modules\react-dom\cjs\react-dom-client.development.js:13957
recursivelyTraversePassiveMountEffects @ C:\Users\USER\OneDrive\Desktop\PUP\node_modules\react-dom\cjs\react-dom-client.development.js:13815
commitPassiveMountOnFiber @ C:\Users\USER\OneDrive\Desktop\PUP\node_modules\react-dom\cjs\react-dom-client.development.js:13834
recursivelyTraversePassiveMountEffects @ C:\Users\USER\OneDrive\Desktop\PUP\node_modules\react-dom\cjs\react-dom-client.development.js:13815
commitPassiveMountOnFiber @ C:\Users\USER\OneDrive\Desktop\PUP\node_modules\react-dom\cjs\react-dom-client.development.js:13957
recursivelyTraversePassiveMountEffects @ C:\Users\USER\OneDrive\Desktop\PUP\node_modules\react-dom\cjs\react-dom-client.development.js:13815
commitPassiveMountOnFiber @ C:\Users\USER\OneDrive\Desktop\PUP\node_modules\react-dom\cjs\react-dom-client.development.js:13957
recursivelyTraversePassiveMountEffects @ C:\Users\USER\OneDrive\Desktop\PUP\node_modules\react-dom\cjs\react-dom-client.development.js:13815
commitPassiveMountOnFiber @ C:\Users\USER\OneDrive\Desktop\PUP\node_modules\react-dom\cjs\react-dom-client.development.js:13834
recursivelyTraversePassiveMountEffects @ C:\Users\USER\OneDrive\Desktop\PUP\node_modules\react-dom\cjs\react-dom-client.development.js:13815
commitPassiveMountOnFiber @ C:\Users\USER\OneDrive\Desktop\PUP\node_modules\react-dom\cjs\react-dom-client.development.js:13957
recursivelyTraversePassiveMountEffects @ C:\Users\USER\OneDrive\Desktop\PUP\node_modules\react-dom\cjs\react-dom-client.development.js:13815
commitPassiveMountOnFiber @ C:\Users\USER\OneDrive\Desktop\PUP\node_modules\react-dom\cjs\react-dom-client.development.js:13957
recursivelyTraversePassiveMountEffects @ C:\Users\USER\OneDrive\Desktop\PUP\node_modules\react-dom\cjs\react-dom-client.development.js:13815
commitPassiveMountOnFiber @ C:\Users\USER\OneDrive\Desktop\PUP\node_modules\react-dom\cjs\react-dom-client.development.js:13834
recursivelyTraversePassiveMountEffects @ C:\Users\USER\OneDrive\Desktop\PUP\node_modules\react-dom\cjs\react-dom-client.development.js:13815
commitPassiveMountOnFiber @ C:\Users\USER\OneDrive\Desktop\PUP\node_modules\react-dom\cjs\react-dom-client.development.js:13834
recursivelyTraversePassiveMountEffects @ C:\Users\USER\OneDrive\Desktop\PUP\node_modules\react-dom\cjs\react-dom-client.development.js:13815
commitPassiveMountOnFiber @ C:\Users\USER\OneDrive\Desktop\PUP\node_modules\react-dom\cjs\react-dom-client.development.js:13834
recursivelyTraversePassiveMountEffects @ C:\Users\USER\OneDrive\Desktop\PUP\node_modules\react-dom\cjs\react-dom-client.development.js:13815
commitPassiveMountOnFiber @ C:\Users\USER\OneDrive\Desktop\PUP\node_modules\react-dom\cjs\react-dom-client.development.js:13834
recursivelyTraversePassiveMountEffects @ C:\Users\USER\OneDrive\Desktop\PUP\node_modules\react-dom\cjs\react-dom-client.development.js:13815
commitPassiveMountOnFiber @ C:\Users\USER\OneDrive\Desktop\PUP\node_modules\react-dom\cjs\react-dom-client.development.js:13957
recursivelyTraversePassiveMountEffects @ C:\Users\USER\OneDrive\Desktop\PUP\node_modules\react-dom\cjs\react-dom-client.development.js:13815
commitPassiveMountOnFiber @ C:\Users\USER\OneDrive\Desktop\PUP\node_modules\react-dom\cjs\react-dom-client.development.js:13834
recursivelyTraversePassiveMountEffects @ C:\Users\USER\OneDrive\Desktop\PUP\node_modules\react-dom\cjs\react-dom-client.development.js:13815
commitPassiveMountOnFiber @ C:\Users\USER\OneDrive\Desktop\PUP\node_modules\react-dom\cjs\react-dom-client.development.js:13834
recursivelyTraversePassiveMountEffects @ C:\Users\USER\OneDrive\Desktop\PUP\node_modules\react-dom\cjs\react-dom-client.development.js:13815
commitPassiveMountOnFiber @ C:\Users\USER\OneDrive\Desktop\PUP\node_modules\react-dom\cjs\react-dom-client.development.js:13928
recursivelyTraversePassiveMountEffects @ C:\Users\USER\OneDrive\Desktop\PUP\node_modules\react-dom\cjs\react-dom-client.development.js:13815
commitPassiveMountOnFiber @ C:\Users\USER\OneDrive\Desktop\PUP\node_modules\react-dom\cjs\react-dom-client.development.js:13903
recursivelyTraversePassiveMountEffects @ C:\Users\USER\OneDrive\Desktop\PUP\node_modules\react-dom\cjs\react-dom-client.development.js:13815
commitPassiveMountOnFiber @ C:\Users\USER\OneDrive\Desktop\PUP\node_modules\react-dom\cjs\react-dom-client.development.js:13957
recursivelyTraversePassiveMountEffects @ C:\Users\USER\OneDrive\Desktop\PUP\node_modules\react-dom\cjs\react-dom-client.development.js:13815
commitPassiveMountOnFiber @ C:\Users\USER\OneDrive\Desktop\PUP\node_modules\react-dom\cjs\react-dom-client.development.js:13957
recursivelyTraversePassiveMountEffects @ C:\Users\USER\OneDrive\Desktop\PUP\node_modules\react-dom\cjs\react-dom-client.development.js:13815
commitPassiveMountOnFiber @ C:\Users\USER\OneDrive\Desktop\PUP\node_modules\react-dom\cjs\react-dom-client.development.js:13834
recursivelyTraversePassiveMountEffects @ C:\Users\USER\OneDrive\Desktop\PUP\node_modules\react-dom\cjs\react-dom-client.development.js:13815
commitPassiveMountOnFiber @ C:\Users\USER\OneDrive\Desktop\PUP\node_modules\react-dom\cjs\react-dom-client.development.js:13834
recursivelyTraversePassiveMountEffects @ C:\Users\USER\OneDrive\Desktop\PUP\node_modules\react-dom\cjs\react-dom-client.development.js:13815
commitPassiveMountOnFiber @ C:\Users\USER\OneDrive\Desktop\PUP\node_modules\react-dom\cjs\react-dom-client.development.js:13834
recursivelyTraversePassiveMountEffects @ C:\Users\USER\OneDrive\Desktop\PUP\node_modules\react-dom\cjs\react-dom-client.development.js:13815
commitPassiveMountOnFiber @ C:\Users\USER\OneDrive\Desktop\PUP\node_modules\react-dom\cjs\react-dom-client.development.js:13957
recursivelyTraversePassiveMountEffects @ C:\Users\USER\OneDrive\Desktop\PUP\node_modules\react-dom\cjs\react-dom-client.development.js:13815
commitPassiveMountOnFiber @ C:\Users\USER\OneDrive\Desktop\PUP\node_modules\react-dom\cjs\react-dom-client.development.js:13957
<HomeScreen(./(tabs)/index.tsx)>
exports.jsxDEV @ C:\Users\USER\OneDrive\Desktop\PUP\node_modules\react\cjs\react-jsx-dev-runtime.development.js:346
BaseRoute @ C:\Users\USER\OneDrive\Desktop\PUP\node_modules\expo-router\build\useScreens.js:213
react-stack-bottom-frame @ C:\Users\USER\OneDrive\Desktop\PUP\node_modules\react-dom\cjs\react-dom-client.development.js:23863
renderWithHooks @ C:\Users\USER\OneDrive\Desktop\PUP\node_modules\react-dom\cjs\react-dom-client.development.js:5529
updateFunctionComponent @ C:\Users\USER\OneDrive\Desktop\PUP\node_modules\react-dom\cjs\react-dom-client.development.js:8897
beginWork @ C:\Users\USER\OneDrive\Desktop\PUP\node_modules\react-dom\cjs\react-dom-client.development.js:10522
runWithFiberInDEV @ C:\Users\USER\OneDrive\Desktop\PUP\node_modules\react-dom\cjs\react-dom-client.development.js:1519
performUnitOfWork @ C:\Users\USER\OneDrive\Desktop\PUP\node_modules\react-dom\cjs\react-dom-client.development.js:15132
workLoopSync @ C:\Users\USER\OneDrive\Desktop\PUP\node_modules\react-dom\cjs\react-dom-client.development.js:14956
renderRootSync @ C:\Users\USER\OneDrive\Desktop\PUP\node_modules\react-dom\cjs\react-dom-client.development.js:14936
performWorkOnRoot @ C:\Users\USER\OneDrive\Desktop\PUP\node_modules\react-dom\cjs\react-dom-client.development.js:14419
performSyncWorkOnRoot @ C:\Users\USER\OneDrive\Desktop\PUP\node_modules\react-dom\cjs\react-dom-client.development.js:16231
flushSyncWorkAcrossRoots_impl @ C:\Users\USER\OneDrive\Desktop\PUP\node_modules\react-dom\cjs\react-dom-client.development.js:16079
flushPassiveEffects @ C:\Users\USER\OneDrive\Desktop\PUP\node_modules\react-dom\cjs\react-dom-client.development.js:15749
(anonymous) @ C:\Users\USER\OneDrive\Desktop\PUP\node_modules\react-dom\cjs\react-dom-client.development.js:15379
performWorkUntilDeadline @ C:\Users\USER\OneDrive\Desktop\PUP\node_modules\scheduler\cjs\scheduler.development.js:45
<Route(index)>
exports.jsx @ C:\Users\USER\OneDrive\Desktop\PUP\node_modules\react\cjs\react-jsx-runtime.development.js:339
SceneView @ C:\Users\USER\OneDrive\Desktop\PUP\node_modules\@react-navigation\core\lib\module\SceneView.js:125
react-stack-bottom-frame @ C:\Users\USER\OneDrive\Desktop\PUP\node_modules\react-dom\cjs\react-dom-client.development.js:23863
renderWithHooks @ C:\Users\USER\OneDrive\Desktop\PUP\node_modules\react-dom\cjs\react-dom-client.development.js:5529
updateFunctionComponent @ C:\Users\USER\OneDrive\Desktop\PUP\node_modules\react-dom\cjs\react-dom-client.development.js:8897
beginWork @ C:\Users\USER\OneDrive\Desktop\PUP\node_modules\react-dom\cjs\react-dom-client.development.js:10522
runWithFiberInDEV @ C:\Users\USER\OneDrive\Desktop\PUP\node_modules\react-dom\cjs\react-dom-client.development.js:1519
performUnitOfWork @ C:\Users\USER\OneDrive\Desktop\PUP\node_modules\react-dom\cjs\react-dom-client.development.js:15132
workLoopSync @ C:\Users\USER\OneDrive\Desktop\PUP\node_modules\react-dom\cjs\react-dom-client.development.js:14956
renderRootSync @ C:\Users\USER\OneDrive\Desktop\PUP\node_modules\react-dom\cjs\react-dom-client.development.js:14936
performWorkOnRoot @ C:\Users\USER\OneDrive\Desktop\PUP\node_modules\react-dom\cjs\react-dom-client.development.js:14419
performSyncWorkOnRoot @ C:\Users\USER\OneDrive\Desktop\PUP\node_modules\react-dom\cjs\react-dom-client.development.js:16231
flushSyncWorkAcrossRoots_impl @ C:\Users\USER\OneDrive\Desktop\PUP\node_modules\react-dom\cjs\react-dom-client.development.js:16079
flushPassiveEffects @ C:\Users\USER\OneDrive\Desktop\PUP\node_modules\react-dom\cjs\react-dom-client.development.js:15749
(anonymous) @ C:\Users\USER\OneDrive\Desktop\PUP\node_modules\react-dom\cjs\react-dom-client.development.js:15379
performWorkUntilDeadline @ C:\Users\USER\OneDrive\Desktop\PUP\node_modules\scheduler\cjs\scheduler.development.js:45
<SceneView>
exports.jsx @ C:\Users\USER\OneDrive\Desktop\PUP\node_modules\react\cjs\react-jsx-runtime.development.js:339
render @ C:\Users\USER\OneDrive\Desktop\PUP\node_modules\@react-navigation\core\lib\module\useDescriptors.js:108
(anonymous) @ C:\Users\USER\OneDrive\Desktop\PUP\node_modules\@react-navigation\core\lib\module\useDescriptors.js:140
useDescriptors @ C:\Users\USER\OneDrive\Desktop\PUP\node_modules\@react-navigation\core\lib\module\useDescriptors.js:137
useNavigationBuilder @ C:\Users\USER\OneDrive\Desktop\PUP\node_modules\@react-navigation\core\lib\module\useNavigationBuilder.js:562
BottomTabNavigator @ C:\Users\USER\OneDrive\Desktop\PUP\node_modules\@react-navigation\bottom-tabs\lib\module\navigators\createBottomTabNavigator.js:24
react-stack-bottom-frame @ C:\Users\USER\OneDrive\Desktop\PUP\node_modules\react-dom\cjs\react-dom-client.development.js:23863
renderWithHooks @ C:\Users\USER\OneDrive\Desktop\PUP\node_modules\react-dom\cjs\react-dom-client.development.js:5529
updateFunctionComponent @ C:\Users\USER\OneDrive\Desktop\PUP\node_modules\react-dom\cjs\react-dom-client.development.js:8897
beginWork @ C:\Users\USER\OneDrive\Desktop\PUP\node_modules\react-dom\cjs\react-dom-client.development.js:10522
runWithFiberInDEV @ C:\Users\USER\OneDrive\Desktop\PUP\node_modules\react-dom\cjs\react-dom-client.development.js:1519
performUnitOfWork @ C:\Users\USER\OneDrive\Desktop\PUP\node_modules\react-dom\cjs\react-dom-client.development.js:15132
workLoopSync @ C:\Users\USER\OneDrive\Desktop\PUP\node_modules\react-dom\cjs\react-dom-client.development.js:14956
renderRootSync @ C:\Users\USER\OneDrive\Desktop\PUP\node_modules\react-dom\cjs\react-dom-client.development.js:14936
performWorkOnRoot @ C:\Users\USER\OneDrive\Desktop\PUP\node_modules\react-dom\cjs\react-dom-client.development.js:14419
performSyncWorkOnRoot @ C:\Users\USER\OneDrive\Desktop\PUP\node_modules\react-dom\cjs\react-dom-client.development.js:16231
flushSyncWorkAcrossRoots_impl @ C:\Users\USER\OneDrive\Desktop\PUP\node_modules\react-dom\cjs\react-dom-client.development.js:16079
flushPassiveEffects @ C:\Users\USER\OneDrive\Desktop\PUP\node_modules\react-dom\cjs\react-dom-client.development.js:15749
(anonymous) @ C:\Users\USER\OneDrive\Desktop\PUP\node_modules\react-dom\cjs\react-dom-client.development.js:15379
performWorkUntilDeadline @ C:\Users\USER\OneDrive\Desktop\PUP\node_modules\scheduler\cjs\scheduler.development.js:45
<BottomTabNavigator>
exports.jsxDEV @ C:\Users\USER\OneDrive\Desktop\PUP\node_modules\react\cjs\react-jsx-dev-runtime.development.js:346
(anonymous) @ C:\Users\USER\OneDrive\Desktop\PUP\node_modules\expo-router\build\layouts\withLayoutContext.js:156
react-stack-bottom-frame @ C:\Users\USER\OneDrive\Desktop\PUP\node_modules\react-dom\cjs\react-dom-client.development.js:23863
renderWithHooks @ C:\Users\USER\OneDrive\Desktop\PUP\node_modules\react-dom\cjs\react-dom-client.development.js:5529
updateForwardRef @ C:\Users\USER\OneDrive\Desktop\PUP\node_modules\react-dom\cjs\react-dom-client.development.js:8645
beginWork @ C:\Users\USER\OneDrive\Desktop\PUP\node_modules\react-dom\cjs\react-dom-client.development.js:10861
runWithFiberInDEV @ C:\Users\USER\OneDrive\Desktop\PUP\node_modules\react-dom\cjs\react-dom-client.development.js:1519
performUnitOfWork @ C:\Users\USER\OneDrive\Desktop\PUP\node_modules\react-dom\cjs\react-dom-client.development.js:15132
workLoopSync @ C:\Users\USER\OneDrive\Desktop\PUP\node_modules\react-dom\cjs\react-dom-client.development.js:14956
renderRootSync @ C:\Users\USER\OneDrive\Desktop\PUP\node_modules\react-dom\cjs\react-dom-client.development.js:14936
performWorkOnRoot @ C:\Users\USER\OneDrive\Desktop\PUP\node_modules\react-dom\cjs\react-dom-client.development.js:14419
performSyncWorkOnRoot @ C:\Users\USER\OneDrive\Desktop\PUP\node_modules\react-dom\cjs\react-dom-client.development.js:16231
flushSyncWorkAcrossRoots_impl @ C:\Users\USER\OneDrive\Desktop\PUP\node_modules\react-dom\cjs\react-dom-client.development.js:16079
flushPassiveEffects @ C:\Users\USER\OneDrive\Desktop\PUP\node_modules\react-dom\cjs\react-dom-client.development.js:15749
(anonymous) @ C:\Users\USER\OneDrive\Desktop\PUP\node_modules\react-dom\cjs\react-dom-client.development.js:15379
performWorkUntilDeadline @ C:\Users\USER\OneDrive\Desktop\PUP\node_modules\scheduler\cjs\scheduler.development.js:45
<ForwardRef>
exports.jsxDEV @ C:\Users\USER\OneDrive\Desktop\PUP\node_modules\react\cjs\react-jsx-dev-runtime.development.js:346
Object.assign.Screen @ C:\Users\USER\OneDrive\Desktop\PUP\node_modules\expo-router\build\layouts\TabsClient.js:46
react-stack-bottom-frame @ C:\Users\USER\OneDrive\Desktop\PUP\node_modules\react-dom\cjs\react-dom-client.development.js:23863
renderWithHooks @ C:\Users\USER\OneDrive\Desktop\PUP\node_modules\react-dom\cjs\react-dom-client.development.js:5529
updateFunctionComponent @ C:\Users\USER\OneDrive\Desktop\PUP\node_modules\react-dom\cjs\react-dom-client.development.js:8897
beginWork @ C:\Users\USER\OneDrive\Desktop\PUP\node_modules\react-dom\cjs\react-dom-client.development.js:10522
runWithFiberInDEV @ C:\Users\USER\OneDrive\Desktop\PUP\node_modules\react-dom\cjs\react-dom-client.development.js:1519
performUnitOfWork @ C:\Users\USER\OneDrive\Desktop\PUP\node_modules\react-dom\cjs\react-dom-client.development.js:15132
workLoopSync @ C:\Users\USER\OneDrive\Desktop\PUP\node_modules\react-dom\cjs\react-dom-client.development.js:14956
renderRootSync @ C:\Users\USER\OneDrive\Desktop\PUP\node_modules\react-dom\cjs\react-dom-client.development.js:14936
performWorkOnRoot @ C:\Users\USER\OneDrive\Desktop\PUP\node_modules\react-dom\cjs\react-dom-client.development.js:14419
performSyncWorkOnRoot @ C:\Users\USER\OneDrive\Desktop\PUP\node_modules\react-dom\cjs\react-dom-client.development.js:16231
flushSyncWorkAcrossRoots_impl @ C:\Users\USER\OneDrive\Desktop\PUP\node_modules\react-dom\cjs\react-dom-client.development.js:16079
flushPassiveEffects @ C:\Users\USER\OneDrive\Desktop\PUP\node_modules\react-dom\cjs\react-dom-client.development.js:15749
(anonymous) @ C:\Users\USER\OneDrive\Desktop\PUP\node_modules\react-dom\cjs\react-dom-client.development.js:15379
performWorkUntilDeadline @ C:\Users\USER\OneDrive\Desktop\PUP\node_modules\scheduler\cjs\scheduler.development.js:45
<...>
exports.jsxDEV @ C:\Users\USER\OneDrive\Desktop\PUP\node_modules\react\cjs\react-jsx-dev-runtime.development.js:346
TabLayout @ C:\Users\USER\OneDrive\Desktop\PUP\app\(tabs)\_layout.tsx:6
react-stack-bottom-frame @ C:\Users\USER\OneDrive\Desktop\PUP\node_modules\react-dom\cjs\react-dom-client.development.js:23863
renderWithHooks @ C:\Users\USER\OneDrive\Desktop\PUP\node_modules\react-dom\cjs\react-dom-client.development.js:5529
updateFunctionComponent @ C:\Users\USER\OneDrive\Desktop\PUP\node_modules\react-dom\cjs\react-dom-client.development.js:8897
beginWork @ C:\Users\USER\OneDrive\Desktop\PUP\node_modules\react-dom\cjs\react-dom-client.development.js:10522
runWithFiberInDEV @ C:\Users\USER\OneDrive\Desktop\PUP\node_modules\react-dom\cjs\react-dom-client.development.js:1519
performUnitOfWork @ C:\Users\USER\OneDrive\Desktop\PUP\node_modules\react-dom\cjs\react-dom-client.development.js:15132
workLoopSync @ C:\Users\USER\OneDrive\Desktop\PUP\node_modules\react-dom\cjs\react-dom-client.development.js:14956
renderRootSync @ C:\Users\USER\OneDrive\Desktop\PUP\node_modules\react-dom\cjs\react-dom-client.development.js:14936
performWorkOnRoot @ C:\Users\USER\OneDrive\Desktop\PUP\node_modules\react-dom\cjs\react-dom-client.development.js:14419
performSyncWorkOnRoot @ C:\Users\USER\OneDrive\Desktop\PUP\node_modules\react-dom\cjs\react-dom-client.development.js:16231
flushSyncWorkAcrossRoots_impl @ C:\Users\USER\OneDrive\Desktop\PUP\node_modules\react-dom\cjs\react-dom-client.development.js:16079
flushPassiveEffects @ C:\Users\USER\OneDrive\Desktop\PUP\node_modules\react-dom\cjs\react-dom-client.development.js:15749
(anonymous) @ C:\Users\USER\OneDrive\Desktop\PUP\node_modules\react-dom\cjs\react-dom-client.development.js:15379
performWorkUntilDeadline @ C:\Users\USER\OneDrive\Desktop\PUP\node_modules\scheduler\cjs\scheduler.development.js:45
<TabLayout(./(tabs)/_layout.tsx)>
exports.jsxDEV @ C:\Users\USER\OneDrive\Desktop\PUP\node_modules\react\cjs\react-jsx-dev-runtime.development.js:346
BaseRoute @ C:\Users\USER\OneDrive\Desktop\PUP\node_modules\expo-router\build\useScreens.js:213
react-stack-bottom-frame @ C:\Users\USER\OneDrive\Desktop\PUP\node_modules\react-dom\cjs\react-dom-client.development.js:23863
renderWithHooks @ C:\Users\USER\OneDrive\Desktop\PUP\node_modules\react-dom\cjs\react-dom-client.development.js:5529
updateFunctionComponent @ C:\Users\USER\OneDrive\Desktop\PUP\node_modules\react-dom\cjs\react-dom-client.development.js:8897
beginWork @ C:\Users\USER\OneDrive\Desktop\PUP\node_modules\react-dom\cjs\react-dom-client.development.js:10522
runWithFiberInDEV @ C:\Users\USER\OneDrive\Desktop\PUP\node_modules\react-dom\cjs\react-dom-client.development.js:1519
performUnitOfWork @ C:\Users\USER\OneDrive\Desktop\PUP\node_modules\react-dom\cjs\react-dom-client.development.js:15132
workLoopSync @ C:\Users\USER\OneDrive\Desktop\PUP\node_modules\react-dom\cjs\react-dom-client.development.js:14956
renderRootSync @ C:\Users\USER\OneDrive\Desktop\PUP\node_modules\react-dom\cjs\react-dom-client.development.js:14936
performWorkOnRoot @ C:\Users\USER\OneDrive\Desktop\PUP\node_modules\react-dom\cjs\react-dom-client.development.js:14419
performSyncWorkOnRoot @ C:\Users\USER\OneDrive\Desktop\PUP\node_modules\react-dom\cjs\react-dom-client.development.js:16231
flushSyncWorkAcrossRoots_impl @ C:\Users\USER\OneDrive\Desktop\PUP\node_modules\react-dom\cjs\react-dom-client.development.js:16079
flushPassiveEffects @ C:\Users\USER\OneDrive\Desktop\PUP\node_modules\react-dom\cjs\react-dom-client.development.js:15749
(anonymous) @ C:\Users\USER\OneDrive\Desktop\PUP\node_modules\react-dom\cjs\react-dom-client.development.js:15379
performWorkUntilDeadline @ C:\Users\USER\OneDrive\Desktop\PUP\node_modules\scheduler\cjs\scheduler.development.js:45
<Route((tabs))>
exports.jsx @ C:\Users\USER\OneDrive\Desktop\PUP\node_modules\react\cjs\react-jsx-runtime.development.js:339
SceneView @ C:\Users\USER\OneDrive\Desktop\PUP\node_modules\@react-navigation\core\lib\module\SceneView.js:125
react-stack-bottom-frame @ C:\Users\USER\OneDrive\Desktop\PUP\node_modules\react-dom\cjs\react-dom-client.development.js:23863
renderWithHooks @ C:\Users\USER\OneDrive\Desktop\PUP\node_modules\react-dom\cjs\react-dom-client.development.js:5529
updateFunctionComponent @ C:\Users\USER\OneDrive\Desktop\PUP\node_modules\react-dom\cjs\react-dom-client.development.js:8897
beginWork @ C:\Users\USER\OneDrive\Desktop\PUP\node_modules\react-dom\cjs\react-dom-client.development.js:10522
runWithFiberInDEV @ C:\Users\USER\OneDrive\Desktop\PUP\node_modules\react-dom\cjs\react-dom-client.development.js:1519
performUnitOfWork @ C:\Users\USER\OneDrive\Desktop\PUP\node_modules\react-dom\cjs\react-dom-client.development.js:15132
workLoopSync @ C:\Users\USER\OneDrive\Desktop\PUP\node_modules\react-dom\cjs\react-dom-client.development.js:14956
renderRootSync @ C:\Users\USER\OneDrive\Desktop\PUP\node_modules\react-dom\cjs\react-dom-client.development.js:14936
performWorkOnRoot @ C:\Users\USER\OneDrive\Desktop\PUP\node_modules\react-dom\cjs\react-dom-client.development.js:14419
performSyncWorkOnRoot @ C:\Users\USER\OneDrive\Desktop\PUP\node_modules\react-dom\cjs\react-dom-client.development.js:16231
flushSyncWorkAcrossRoots_impl @ C:\Users\USER\OneDrive\Desktop\PUP\node_modules\react-dom\cjs\react-dom-client.development.js:16079
flushPassiveEffects @ C:\Users\USER\OneDrive\Desktop\PUP\node_modules\react-dom\cjs\react-dom-client.development.js:15749
(anonymous) @ C:\Users\USER\OneDrive\Desktop\PUP\node_modules\react-dom\cjs\react-dom-client.development.js:15379
performWorkUntilDeadline @ C:\Users\USER\OneDrive\Desktop\PUP\node_modules\scheduler\cjs\scheduler.development.js:45
<SceneView>
exports.jsx @ C:\Users\USER\OneDrive\Desktop\PUP\node_modules\react\cjs\react-jsx-runtime.development.js:339
render @ C:\Users\USER\OneDrive\Desktop\PUP\node_modules\@react-navigation\core\lib\module\useDescriptors.js:108
(anonymous) @ C:\Users\USER\OneDrive\Desktop\PUP\node_modules\@react-navigation\core\lib\module\useDescriptors.js:140
useDescriptors @ C:\Users\USER\OneDrive\Desktop\PUP\node_modules\@react-navigation\core\lib\module\useDescriptors.js:137
useNavigationBuilder @ C:\Users\USER\OneDrive\Desktop\PUP\node_modules\@react-navigation\core\lib\module\useNavigationBuilder.js:562
SlotNavigator @ C:\Users\USER\OneDrive\Desktop\PUP\node_modules\expo-router\build\views\Navigator.js:107
react-stack-bottom-frame @ C:\Users\USER\OneDrive\Desktop\PUP\node_modules\react-dom\cjs\react-dom-client.development.js:23863
renderWithHooks @ C:\Users\USER\OneDrive\Desktop\PUP\node_modules\react-dom\cjs\react-dom-client.development.js:5529
updateFunctionComponent @ C:\Users\USER\OneDrive\Desktop\PUP\node_modules\react-dom\cjs\react-dom-client.development.js:8897
beginWork @ C:\Users\USER\OneDrive\Desktop\PUP\node_modules\react-dom\cjs\react-dom-client.development.js:10522
runWithFiberInDEV @ C:\Users\USER\OneDrive\Desktop\PUP\node_modules\react-dom\cjs\react-dom-client.development.js:1519
performUnitOfWork @ C:\Users\USER\OneDrive\Desktop\PUP\node_modules\react-dom\cjs\react-dom-client.development.js:15132
workLoopSync @ C:\Users\USER\OneDrive\Desktop\PUP\node_modules\react-dom\cjs\react-dom-client.development.js:14956
renderRootSync @ C:\Users\USER\OneDrive\Desktop\PUP\node_modules\react-dom\cjs\react-dom-client.development.js:14936
performWorkOnRoot @ C:\Users\USER\OneDrive\Desktop\PUP\node_modules\react-dom\cjs\react-dom-client.development.js:14419
performSyncWorkOnRoot @ C:\Users\USER\OneDrive\Desktop\PUP\node_modules\react-dom\cjs\react-dom-client.development.js:16231
flushSyncWorkAcrossRoots_impl @ C:\Users\USER\OneDrive\Desktop\PUP\node_modules\react-dom\cjs\react-dom-client.development.js:16079
flushPassiveEffects @ C:\Users\USER\OneDrive\Desktop\PUP\node_modules\react-dom\cjs\react-dom-client.development.js:15749
(anonymous) @ C:\Users\USER\OneDrive\Desktop\PUP\node_modules\react-dom\cjs\react-dom-client.development.js:15379
performWorkUntilDeadline @ C:\Users\USER\OneDrive\Desktop\PUP\node_modules\scheduler\cjs\scheduler.development.js:45
<SlotNavigator>
exports.jsxDEV @ C:\Users\USER\OneDrive\Desktop\PUP\node_modules\react\cjs\react-jsx-dev-runtime.development.js:346
Slot @ C:\Users\USER\OneDrive\Desktop\PUP\node_modules\expo-router\build\views\Navigator.js:130
react-stack-bottom-frame @ C:\Users\USER\OneDrive\Desktop\PUP\node_modules\react-dom\cjs\react-dom-client.development.js:23863
renderWithHooks @ C:\Users\USER\OneDrive\Desktop\PUP\node_modules\react-dom\cjs\react-dom-client.development.js:5529
updateFunctionComponent @ C:\Users\USER\OneDrive\Desktop\PUP\node_modules\react-dom\cjs\react-dom-client.development.js:8897
beginWork @ C:\Users\USER\OneDrive\Desktop\PUP\node_modules\react-dom\cjs\react-dom-client.development.js:10522
runWithFiberInDEV @ C:\Users\USER\OneDrive\Desktop\PUP\node_modules\react-dom\cjs\react-dom-client.development.js:1519
performUnitOfWork @ C:\Users\USER\OneDrive\Desktop\PUP\node_modules\react-dom\cjs\react-dom-client.development.js:15132
workLoopConcurrentByScheduler @ C:\Users\USER\OneDrive\Desktop\PUP\node_modules\react-dom\cjs\react-dom-client.development.js:15126
renderRootConcurrent @ C:\Users\USER\OneDrive\Desktop\PUP\node_modules\react-dom\cjs\react-dom-client.development.js:15101
performWorkOnRoot @ C:\Users\USER\OneDrive\Desktop\PUP\node_modules\react-dom\cjs\react-dom-client.development.js:14418
performWorkOnRootViaSchedulerTask @ C:\Users\USER\OneDrive\Desktop\PUP\node_modules\react-dom\cjs\react-dom-client.development.js:16216
performWorkUntilDeadline @ C:\Users\USER\OneDrive\Desktop\PUP\node_modules\scheduler\cjs\scheduler.development.js:45
<Slot>
exports.jsxDEV @ C:\Users\USER\OneDrive\Desktop\PUP\node_modules\react\cjs\react-jsx-dev-runtime.development.js:346
RootLayout @ C:\Users\USER\OneDrive\Desktop\PUP\app\_layout.tsx:86
react-stack-bottom-frame @ C:\Users\USER\OneDrive\Desktop\PUP\node_modules\react-dom\cjs\react-dom-client.development.js:23863
renderWithHooks @ C:\Users\USER\OneDrive\Desktop\PUP\node_modules\react-dom\cjs\react-dom-client.development.js:5529
updateFunctionComponent @ C:\Users\USER\OneDrive\Desktop\PUP\node_modules\react-dom\cjs\react-dom-client.development.js:8897
beginWork @ C:\Users\USER\OneDrive\Desktop\PUP\node_modules\react-dom\cjs\react-dom-client.development.js:10522
runWithFiberInDEV @ C:\Users\USER\OneDrive\Desktop\PUP\node_modules\react-dom\cjs\react-dom-client.development.js:1519
performUnitOfWork @ C:\Users\USER\OneDrive\Desktop\PUP\node_modules\react-dom\cjs\react-dom-client.development.js:15132
workLoopConcurrentByScheduler @ C:\Users\USER\OneDrive\Desktop\PUP\node_modules\react-dom\cjs\react-dom-client.development.js:15126
renderRootConcurrent @ C:\Users\USER\OneDrive\Desktop\PUP\node_modules\react-dom\cjs\react-dom-client.development.js:15101
performWorkOnRoot @ C:\Users\USER\OneDrive\Desktop\PUP\node_modules\react-dom\cjs\react-dom-client.development.js:14418
performWorkOnRootViaSchedulerTask @ C:\Users\USER\OneDrive\Desktop\PUP\node_modules\react-dom\cjs\react-dom-client.development.js:16216
performWorkUntilDeadline @ C:\Users\USER\OneDrive\Desktop\PUP\node_modules\scheduler\cjs\scheduler.development.js:45
<RootLayout(./_layout.tsx)>
exports.jsxDEV @ C:\Users\USER\OneDrive\Desktop\PUP\node_modules\react\cjs\react-jsx-dev-runtime.development.js:346
BaseRoute @ C:\Users\USER\OneDrive\Desktop\PUP\node_modules\expo-router\build\useScreens.js:213
react-stack-bottom-frame @ C:\Users\USER\OneDrive\Desktop\PUP\node_modules\react-dom\cjs\react-dom-client.development.js:23863
renderWithHooks @ C:\Users\USER\OneDrive\Desktop\PUP\node_modules\react-dom\cjs\react-dom-client.development.js:5529
updateFunctionComponent @ C:\Users\USER\OneDrive\Desktop\PUP\node_modules\react-dom\cjs\react-dom-client.development.js:8897
beginWork @ C:\Users\USER\OneDrive\Desktop\PUP\node_modules\react-dom\cjs\react-dom-client.development.js:10522
runWithFiberInDEV @ C:\Users\USER\OneDrive\Desktop\PUP\node_modules\react-dom\cjs\react-dom-client.development.js:1519
performUnitOfWork @ C:\Users\USER\OneDrive\Desktop\PUP\node_modules\react-dom\cjs\react-dom-client.development.js:15132
workLoopConcurrentByScheduler @ C:\Users\USER\OneDrive\Desktop\PUP\node_modules\react-dom\cjs\react-dom-client.development.js:15126
renderRootConcurrent @ C:\Users\USER\OneDrive\Desktop\PUP\node_modules\react-dom\cjs\react-dom-client.development.js:15101
performWorkOnRoot @ C:\Users\USER\OneDrive\Desktop\PUP\node_modules\react-dom\cjs\react-dom-client.development.js:14418
performWorkOnRootViaSchedulerTask @ C:\Users\USER\OneDrive\Desktop\PUP\node_modules\react-dom\cjs\react-dom-client.development.js:16216
performWorkUntilDeadline @ C:\Users\USER\OneDrive\Desktop\PUP\node_modules\scheduler\cjs\scheduler.development.js:45
<Route()>
exports.jsx @ C:\Users\USER\OneDrive\Desktop\PUP\node_modules\react\cjs\react-jsx-runtime.development.js:339
SceneView @ C:\Users\USER\OneDrive\Desktop\PUP\node_modules\@react-navigation\core\lib\module\SceneView.js:125
react-stack-bottom-frame @ C:\Users\USER\OneDrive\Desktop\PUP\node_modules\react-dom\cjs\react-dom-client.development.js:23863
renderWithHooks @ C:\Users\USER\OneDrive\Desktop\PUP\node_modules\react-dom\cjs\react-dom-client.development.js:5529
updateFunctionComponent @ C:\Users\USER\OneDrive\Desktop\PUP\node_modules\react-dom\cjs\react-dom-client.development.js:8897
beginWork @ C:\Users\USER\OneDrive\Desktop\PUP\node_modules\react-dom\cjs\react-dom-client.development.js:10522
runWithFiberInDEV @ C:\Users\USER\OneDrive\Desktop\PUP\node_modules\react-dom\cjs\react-dom-client.development.js:1519
performUnitOfWork @ C:\Users\USER\OneDrive\Desktop\PUP\node_modules\react-dom\cjs\react-dom-client.development.js:15132
workLoopConcurrentByScheduler @ C:\Users\USER\OneDrive\Desktop\PUP\node_modules\react-dom\cjs\react-dom-client.development.js:15126
renderRootConcurrent @ C:\Users\USER\OneDrive\Desktop\PUP\node_modules\react-dom\cjs\react-dom-client.development.js:15101
performWorkOnRoot @ C:\Users\USER\OneDrive\Desktop\PUP\node_modules\react-dom\cjs\react-dom-client.development.js:14418
performWorkOnRootViaSchedulerTask @ C:\Users\USER\OneDrive\Desktop\PUP\node_modules\react-dom\cjs\react-dom-client.development.js:16216
performWorkUntilDeadline @ C:\Users\USER\OneDrive\Desktop\PUP\node_modules\scheduler\cjs\scheduler.development.js:45
<SceneView>
exports.jsx @ C:\Users\USER\OneDrive\Desktop\PUP\node_modules\react\cjs\react-jsx-runtime.development.js:339
render @ C:\Users\USER\OneDrive\Desktop\PUP\node_modules\@react-navigation\core\lib\module\useDescriptors.js:108
(anonymous) @ C:\Users\USER\OneDrive\Desktop\PUP\node_modules\@react-navigation\core\lib\module\useDescriptors.js:140
useDescriptors @ C:\Users\USER\OneDrive\Desktop\PUP\node_modules\@react-navigation\core\lib\module\useDescriptors.js:137
useNavigationBuilder @ C:\Users\USER\OneDrive\Desktop\PUP\node_modules\@react-navigation\core\lib\module\useNavigationBuilder.js:562
Content @ C:\Users\USER\OneDrive\Desktop\PUP\node_modules\expo-router\build\ExpoRoot.js:161
react-stack-bottom-frame @ C:\Users\USER\OneDrive\Desktop\PUP\node_modules\react-dom\cjs\react-dom-client.development.js:23863
renderWithHooks @ C:\Users\USER\OneDrive\Desktop\PUP\node_modules\react-dom\cjs\react-dom-client.development.js:5529
updateFunctionComponent @ C:\Users\USER\OneDrive\Desktop\PUP\node_modules\react-dom\cjs\react-dom-client.development.js:8897
beginWork @ C:\Users\USER\OneDrive\Desktop\PUP\node_modules\react-dom\cjs\react-dom-client.development.js:10522
runWithFiberInDEV @ C:\Users\USER\OneDrive\Desktop\PUP\node_modules\react-dom\cjs\react-dom-client.development.js:1519
performUnitOfWork @ C:\Users\USER\OneDrive\Desktop\PUP\node_modules\react-dom\cjs\react-dom-client.development.js:15132
workLoopConcurrentByScheduler @ C:\Users\USER\OneDrive\Desktop\PUP\node_modules\react-dom\cjs\react-dom-client.development.js:15126
renderRootConcurrent @ C:\Users\USER\OneDrive\Desktop\PUP\node_modules\react-dom\cjs\react-dom-client.development.js:15101
performWorkOnRoot @ C:\Users\USER\OneDrive\Desktop\PUP\node_modules\react-dom\cjs\react-dom-client.development.js:14418
performWorkOnRootViaSchedulerTask @ C:\Users\USER\OneDrive\Desktop\PUP\node_modules\react-dom\cjs\react-dom-client.development.js:16216
performWorkUntilDeadline @ C:\Users\USER\OneDrive\Desktop\PUP\node_modules\scheduler\cjs\scheduler.development.js:45
<Content>
exports.jsxDEV @ C:\Users\USER\OneDrive\Desktop\PUP\node_modules\react\cjs\react-jsx-dev-runtime.development.js:346
ContextNavigator @ C:\Users\USER\OneDrive\Desktop\PUP\node_modules\expo-router\build\ExpoRoot.js:147
react-stack-bottom-frame @ C:\Users\USER\OneDrive\Desktop\PUP\node_modules\react-dom\cjs\react-dom-client.development.js:23863
renderWithHooks @ C:\Users\USER\OneDrive\Desktop\PUP\node_modules\react-dom\cjs\react-dom-client.development.js:5529
updateFunctionComponent @ C:\Users\USER\OneDrive\Desktop\PUP\node_modules\react-dom\cjs\react-dom-client.development.js:8897
beginWork @ C:\Users\USER\OneDrive\Desktop\PUP\node_modules\react-dom\cjs\react-dom-client.development.js:10522
runWithFiberInDEV @ C:\Users\USER\OneDrive\Desktop\PUP\node_modules\react-dom\cjs\react-dom-client.development.js:1519
performUnitOfWork @ C:\Users\USER\OneDrive\Desktop\PUP\node_modules\react-dom\cjs\react-dom-client.development.js:15132
workLoopConcurrentByScheduler @ C:\Users\USER\OneDrive\Desktop\PUP\node_modules\react-dom\cjs\react-dom-client.development.js:15126
renderRootConcurrent @ C:\Users\USER\OneDrive\Desktop\PUP\node_modules\react-dom\cjs\react-dom-client.development.js:15101
performWorkOnRoot @ C:\Users\USER\OneDrive\Desktop\PUP\node_modules\react-dom\cjs\react-dom-client.development.js:14418
performWorkOnRootViaSchedulerTask @ C:\Users\USER\OneDrive\Desktop\PUP\node_modules\react-dom\cjs\react-dom-client.development.js:16216
performWorkUntilDeadline @ C:\Users\USER\OneDrive\Desktop\PUP\node_modules\scheduler\cjs\scheduler.development.js:45
<ContextNavigator>
exports.jsxDEV @ C:\Users\USER\OneDrive\Desktop\PUP\node_modules\react\cjs\react-jsx-dev-runtime.development.js:346
ExpoRoot @ C:\Users\USER\OneDrive\Desktop\PUP\node_modules\expo-router\build\ExpoRoot.js:87
react-stack-bottom-frame @ C:\Users\USER\OneDrive\Desktop\PUP\node_modules\react-dom\cjs\react-dom-client.development.js:23863
renderWithHooks @ C:\Users\USER\OneDrive\Desktop\PUP\node_modules\react-dom\cjs\react-dom-client.development.js:5529
updateFunctionComponent @ C:\Users\USER\OneDrive\Desktop\PUP\node_modules\react-dom\cjs\react-dom-client.development.js:8897
beginWork @ C:\Users\USER\OneDrive\Desktop\PUP\node_modules\react-dom\cjs\react-dom-client.development.js:10522
runWithFiberInDEV @ C:\Users\USER\OneDrive\Desktop\PUP\node_modules\react-dom\cjs\react-dom-client.development.js:1519
performUnitOfWork @ C:\Users\USER\OneDrive\Desktop\PUP\node_modules\react-dom\cjs\react-dom-client.development.js:15132
workLoopConcurrentByScheduler @ C:\Users\USER\OneDrive\Desktop\PUP\node_modules\react-dom\cjs\react-dom-client.development.js:15126
renderRootConcurrent @ C:\Users\USER\OneDrive\Desktop\PUP\node_modules\react-dom\cjs\react-dom-client.development.js:15101
performWorkOnRoot @ C:\Users\USER\OneDrive\Desktop\PUP\node_modules\react-dom\cjs\react-dom-client.development.js:14418
performWorkOnRootViaSchedulerTask @ C:\Users\USER\OneDrive\Desktop\PUP\node_modules\react-dom\cjs\react-dom-client.development.js:16216
performWorkUntilDeadline @ C:\Users\USER\OneDrive\Desktop\PUP\node_modules\scheduler\cjs\scheduler.development.js:45
<ExpoRoot>
exports.jsxDEV @ C:\Users\USER\OneDrive\Desktop\PUP\node_modules\react\cjs\react-jsx-dev-runtime.development.js:346
App @ C:\Users\USER\OneDrive\Desktop\PUP\node_modules\expo-router\build\qualified-entry.js:21
react-stack-bottom-frame @ C:\Users\USER\OneDrive\Desktop\PUP\node_modules\react-dom\cjs\react-dom-client.development.js:23863
renderWithHooks @ C:\Users\USER\OneDrive\Desktop\PUP\node_modules\react-dom\cjs\react-dom-client.development.js:5529
updateFunctionComponent @ C:\Users\USER\OneDrive\Desktop\PUP\node_modules\react-dom\cjs\react-dom-client.development.js:8897
beginWork @ C:\Users\USER\OneDrive\Desktop\PUP\node_modules\react-dom\cjs\react-dom-client.development.js:10522
runWithFiberInDEV @ C:\Users\USER\OneDrive\Desktop\PUP\node_modules\react-dom\cjs\react-dom-client.development.js:1519
performUnitOfWork @ C:\Users\USER\OneDrive\Desktop\PUP\node_modules\react-dom\cjs\react-dom-client.development.js:15132
workLoopConcurrentByScheduler @ C:\Users\USER\OneDrive\Desktop\PUP\node_modules\react-dom\cjs\react-dom-client.development.js:15126
renderRootConcurrent @ C:\Users\USER\OneDrive\Desktop\PUP\node_modules\react-dom\cjs\react-dom-client.development.js:15101
performWorkOnRoot @ C:\Users\USER\OneDrive\Desktop\PUP\node_modules\react-dom\cjs\react-dom-client.development.js:14418
performWorkOnRootViaSchedulerTask @ C:\Users\USER\OneDrive\Desktop\PUP\node_modules\react-dom\cjs\react-dom-client.development.js:16216
performWorkUntilDeadline @ C:\Users\USER\OneDrive\Desktop\PUP\node_modules\scheduler\cjs\scheduler.development.js:45
<App>
exports.jsxDEV @ C:\Users\USER\OneDrive\Desktop\PUP\node_modules\react\cjs\react-jsx-dev-runtime.development.js:346
ErrorOverlay @ C:\Users\USER\OneDrive\Desktop\PUP\node_modules\@expo\metro-runtime\src\error-overlay\index.tsx:19
react-stack-bottom-frame @ C:\Users\USER\OneDrive\Desktop\PUP\node_modules\react-dom\cjs\react-dom-client.development.js:23863
renderWithHooks @ C:\Users\USER\OneDrive\Desktop\PUP\node_modules\react-dom\cjs\react-dom-client.development.js:5529
updateFunctionComponent @ C:\Users\USER\OneDrive\Desktop\PUP\node_modules\react-dom\cjs\react-dom-client.development.js:8897
beginWork @ C:\Users\USER\OneDrive\Desktop\PUP\node_modules\react-dom\cjs\react-dom-client.development.js:10522
runWithFiberInDEV @ C:\Users\USER\OneDrive\Desktop\PUP\node_modules\react-dom\cjs\react-dom-client.development.js:1519
performUnitOfWork @ C:\Users\USER\OneDrive\Desktop\PUP\node_modules\react-dom\cjs\react-dom-client.development.js:15132
workLoopConcurrentByScheduler @ C:\Users\USER\OneDrive\Desktop\PUP\node_modules\react-dom\cjs\react-dom-client.development.js:15126
renderRootConcurrent @ C:\Users\USER\OneDrive\Desktop\PUP\node_modules\react-dom\cjs\react-dom-client.development.js:15101
performWorkOnRoot @ C:\Users\USER\OneDrive\Desktop\PUP\node_modules\react-dom\cjs\react-dom-client.development.js:14418
performWorkOnRootViaSchedulerTask @ C:\Users\USER\OneDrive\Desktop\PUP\node_modules\react-dom\cjs\react-dom-client.development.js:16216
performWorkUntilDeadline @ C:\Users\USER\OneDrive\Desktop\PUP\node_modules\scheduler\cjs\scheduler.development.js:45
<ErrorOverlay>
exports.jsxDEV @ C:\Users\USER\OneDrive\Desktop\PUP\node_modules\react\cjs\react-jsx-dev-runtime.development.js:346
WithDevTools @ C:\Users\USER\OneDrive\Desktop\PUP\node_modules\expo\src\launch\withDevTools.web.tsx:11
react-stack-bottom-frame @ C:\Users\USER\OneDrive\Desktop\PUP\node_modules\react-dom\cjs\react-dom-client.development.js:23863
renderWithHooks @ C:\Users\USER\OneDrive\Desktop\PUP\node_modules\react-dom\cjs\react-dom-client.development.js:5529
updateFunctionComponent @ C:\Users\USER\OneDrive\Desktop\PUP\node_modules\react-dom\cjs\react-dom-client.development.js:8897
beginWork @ C:\Users\USER\OneDrive\Desktop\PUP\node_modules\react-dom\cjs\react-dom-client.development.js:10522
runWithFiberInDEV @ C:\Users\USER\OneDrive\Desktop\PUP\node_modules\react-dom\cjs\react-dom-client.development.js:1519
performUnitOfWork @ C:\Users\USER\OneDrive\Desktop\PUP\node_modules\react-dom\cjs\react-dom-client.development.js:15132
workLoopConcurrentByScheduler @ C:\Users\USER\OneDrive\Desktop\PUP\node_modules\react-dom\cjs\react-dom-client.development.js:15126
renderRootConcurrent @ C:\Users\USER\OneDrive\Desktop\PUP\node_modules\react-dom\cjs\react-dom-client.development.js:15101
performWorkOnRoot @ C:\Users\USER\OneDrive\Desktop\PUP\node_modules\react-dom\cjs\react-dom-client.development.js:14418
performWorkOnRootViaSchedulerTask @ C:\Users\USER\OneDrive\Desktop\PUP\node_modules\react-dom\cjs\react-dom-client.development.js:16216
performWorkUntilDeadline @ C:\Users\USER\OneDrive\Desktop\PUP\node_modules\scheduler\cjs\scheduler.development.js:45
<withDevTools(ErrorOverlay)>
exports.createElement @ C:\Users\USER\OneDrive\Desktop\PUP\node_modules\react\cjs\react.development.js:1033
renderApplication @ C:\Users\USER\OneDrive\Desktop\PUP\node_modules\react-native-web\dist\exports\AppRegistry\renderApplication.js:27
run @ C:\Users\USER\OneDrive\Desktop\PUP\node_modules\react-native-web\dist\exports\AppRegistry\index.js:36
runApplication @ C:\Users\USER\OneDrive\Desktop\PUP\node_modules\react-native-web\dist\exports\AppRegistry\index.js:74
registerRootComponent @ C:\Users\USER\OneDrive\Desktop\PUP\node_modules\expo\src\launch\registerRootComponent.tsx:58
(anonymous) @ C:\Users\USER\OneDrive\Desktop\PUP\node_modules\expo-router\build\renderRootComponent.js:88
exports.startTransition @ C:\Users\USER\OneDrive\Desktop\PUP\node_modules\react\cjs\react.development.js:1124
renderRootComponent @ C:\Users\USER\OneDrive\Desktop\PUP\node_modules\expo-router\build\renderRootComponent.js:85
(anonymous) @ C:\Users\USER\OneDrive\Desktop\PUP\node_modules\expo-router\entry-classic.js:10
loadModuleImplementation @ C:\Users\USER\OneDrive\Desktop\PUP\node_modules\expo\node_modules\@expo\cli\build\metro-require\require.js:248
guardedLoadModule @ C:\Users\USER\OneDrive\Desktop\PUP\node_modules\expo\node_modules\@expo\cli\build\metro-require\require.js:163
metroRequire @ C:\Users\USER\OneDrive\Desktop\PUP\node_modules\expo\node_modules\@expo\cli\build\metro-require\require.js:74
(anonymous) @ C:\Users\USER\OneDrive\Desktop\PUP\node_modules\expo-router\entry.js:3
loadModuleImplementation @ C:\Users\USER\OneDrive\Desktop\PUP\node_modules\expo\node_modules\@expo\cli\build\metro-require\require.js:248
guardedLoadModule @ C:\Users\USER\OneDrive\Desktop\PUP\node_modules\expo\node_modules\@expo\cli\build\metro-require\require.js:156
metroRequire @ C:\Users\USER\OneDrive\Desktop\PUP\node_modules\expo\node_modules\@expo\cli\build\metro-require\require.js:74
(anonymous) @ entry.bundle?platform=web&dev=true&hot=false&lazy=true&transform.routerRoot=app&transform.reactCompiler=true:196749
C:\Users\USER\OneDrive\Desktop\PUP\node_modules\@expo\metro-runtime\src\error-overlay\LogBox.web.ts:134 Unexpected text node: . A text node cannot be a child of a <View>.
registerError @ C:\Users\USER\OneDrive\Desktop\PUP\node_modules\@expo\metro-runtime\src\error-overlay\LogBox.web.ts:134
console.error @ C:\Users\USER\OneDrive\Desktop\PUP\node_modules\@expo\metro-runtime\src\error-overlay\LogBox.web.ts:59
(anonymous) @ C:\Users\USER\OneDrive\Desktop\PUP\node_modules\react-native-web\dist\exports\View\index.js:57
View @ C:\Users\USER\OneDrive\Desktop\PUP\node_modules\react-native-web\dist\exports\View\index.js:55
react-stack-bottom-frame @ C:\Users\USER\OneDrive\Desktop\PUP\node_modules\react-dom\cjs\react-dom-client.development.js:23863
renderWithHooks @ C:\Users\USER\OneDrive\Desktop\PUP\node_modules\react-dom\cjs\react-dom-client.development.js:5529
updateForwardRef @ C:\Users\USER\OneDrive\Desktop\PUP\node_modules\react-dom\cjs\react-dom-client.development.js:8645
beginWork @ C:\Users\USER\OneDrive\Desktop\PUP\node_modules\react-dom\cjs\react-dom-client.development.js:10861
runWithFiberInDEV @ C:\Users\USER\OneDrive\Desktop\PUP\node_modules\react-dom\cjs\react-dom-client.development.js:1519
performUnitOfWork @ C:\Users\USER\OneDrive\Desktop\PUP\node_modules\react-dom\cjs\react-dom-client.development.js:15132
workLoopSync @ C:\Users\USER\OneDrive\Desktop\PUP\node_modules\react-dom\cjs\react-dom-client.development.js:14956
renderRootSync @ C:\Users\USER\OneDrive\Desktop\PUP\node_modules\react-dom\cjs\react-dom-client.development.js:14936
performWorkOnRoot @ C:\Users\USER\OneDrive\Desktop\PUP\node_modules\react-dom\cjs\react-dom-client.development.js:14419
performWorkOnRootViaSchedulerTask @ C:\Users\USER\OneDrive\Desktop\PUP\node_modules\react-dom\cjs\react-dom-client.development.js:16216
performWorkUntilDeadline @ C:\Users\USER\OneDrive\Desktop\PUP\node_modules\scheduler\cjs\scheduler.development.js:45
<View>
exports.jsxDEV @ C:\Users\USER\OneDrive\Desktop\PUP\node_modules\react\cjs\react-jsx-dev-runtime.development.js:346
HomeScreen @ C:\Users\USER\OneDrive\Desktop\PUP\app\(tabs)\index.tsx:253
react-stack-bottom-frame @ C:\Users\USER\OneDrive\Desktop\PUP\node_modules\react-dom\cjs\react-dom-client.development.js:23863
renderWithHooks @ C:\Users\USER\OneDrive\Desktop\PUP\node_modules\react-dom\cjs\react-dom-client.development.js:5529
updateFunctionComponent @ C:\Users\USER\OneDrive\Desktop\PUP\node_modules\react-dom\cjs\react-dom-client.development.js:8897
beginWork @ C:\Users\USER\OneDrive\Desktop\PUP\node_modules\react-dom\cjs\react-dom-client.development.js:10522
runWithFiberInDEV @ C:\Users\USER\OneDrive\Desktop\PUP\node_modules\react-dom\cjs\react-dom-client.development.js:1519
performUnitOfWork @ C:\Users\USER\OneDrive\Desktop\PUP\node_modules\react-dom\cjs\react-dom-client.development.js:15132
workLoopSync @ C:\Users\USER\OneDrive\Desktop\PUP\node_modules\react-dom\cjs\react-dom-client.development.js:14956
renderRootSync @ C:\Users\USER\OneDrive\Desktop\PUP\node_modules\react-dom\cjs\react-dom-client.development.js:14936
performWorkOnRoot @ C:\Users\USER\OneDrive\Desktop\PUP\node_modules\react-dom\cjs\react-dom-client.development.js:14419
performSyncWorkOnRoot @ C:\Users\USER\OneDrive\Desktop\PUP\node_modules\react-dom\cjs\react-dom-client.development.js:16231
flushSyncWorkAcrossRoots_impl @ C:\Users\USER\OneDrive\Desktop\PUP\node_modules\react-dom\cjs\react-dom-client.development.js:16079
flushPassiveEffects @ C:\Users\USER\OneDrive\Desktop\PUP\node_modules\react-dom\cjs\react-dom-client.development.js:15749
(anonymous) @ C:\Users\USER\OneDrive\Desktop\PUP\node_modules\react-dom\cjs\react-dom-client.development.js:15379
performWorkUntilDeadline @ C:\Users\USER\OneDrive\Desktop\PUP\node_modules\scheduler\cjs\scheduler.development.js:45
<HomeScreen(./(tabs)/index.tsx)>
exports.jsxDEV @ C:\Users\USER\OneDrive\Desktop\PUP\node_modules\react\cjs\react-jsx-dev-runtime.development.js:346
BaseRoute @ C:\Users\USER\OneDrive\Desktop\PUP\node_modules\expo-router\build\useScreens.js:213
react-stack-bottom-frame @ C:\Users\USER\OneDrive\Desktop\PUP\node_modules\react-dom\cjs\react-dom-client.development.js:23863
renderWithHooks @ C:\Users\USER\OneDrive\Desktop\PUP\node_modules\react-dom\cjs\react-dom-client.development.js:5529
updateFunctionComponent @ C:\Users\USER\OneDrive\Desktop\PUP\node_modules\react-dom\cjs\react-dom-client.development.js:8897
beginWork @ C:\Users\USER\OneDrive\Desktop\PUP\node_modules\react-dom\cjs\react-dom-client.development.js:10522
runWithFiberInDEV @ C:\Users\USER\OneDrive\Desktop\PUP\node_modules\react-dom\cjs\react-dom-client.development.js:1519
performUnitOfWork @ C:\Users\USER\OneDrive\Desktop\PUP\node_modules\react-dom\cjs\react-dom-client.development.js:15132
workLoopSync @ C:\Users\USER\OneDrive\Desktop\PUP\node_modules\react-dom\cjs\react-dom-client.development.js:14956
renderRootSync @ C:\Users\USER\OneDrive\Desktop\PUP\node_modules\react-dom\cjs\react-dom-client.development.js:14936
performWorkOnRoot @ C:\Users\USER\OneDrive\Desktop\PUP\node_modules\react-dom\cjs\react-dom-client.development.js:14419
performSyncWorkOnRoot @ C:\Users\USER\OneDrive\Desktop\PUP\node_modules\react-dom\cjs\react-dom-client.development.js:16231
flushSyncWorkAcrossRoots_impl @ C:\Users\USER\OneDrive\Desktop\PUP\node_modules\react-dom\cjs\react-dom-client.development.js:16079
flushPassiveEffects @ C:\Users\USER\OneDrive\Desktop\PUP\node_modules\react-dom\cjs\react-dom-client.development.js:15749
(anonymous) @ C:\Users\USER\OneDrive\Desktop\PUP\node_modules\react-dom\cjs\react-dom-client.development.js:15379
performWorkUntilDeadline @ C:\Users\USER\OneDrive\Desktop\PUP\node_modules\scheduler\cjs\scheduler.development.js:45
<Route(index)>
exports.jsx @ C:\Users\USER\OneDrive\Desktop\PUP\node_modules\react\cjs\react-jsx-runtime.development.js:339
SceneView @ C:\Users\USER\OneDrive\Desktop\PUP\node_modules\@react-navigation\core\lib\module\SceneView.js:125
react-stack-bottom-frame @ C:\Users\USER\OneDrive\Desktop\PUP\node_modules\react-dom\cjs\react-dom-client.development.js:23863
renderWithHooks @ C:\Users\USER\OneDrive\Desktop\PUP\node_modules\react-dom\cjs\react-dom-client.development.js:5529
updateFunctionComponent @ C:\Users\USER\OneDrive\Desktop\PUP\node_modules\react-dom\cjs\react-dom-client.development.js:8897
beginWork @ C:\Users\USER\OneDrive\Desktop\PUP\node_modules\react-dom\cjs\react-dom-client.development.js:10522
runWithFiberInDEV @ C:\Users\USER\OneDrive\Desktop\PUP\node_modules\react-dom\cjs\react-dom-client.development.js:1519
performUnitOfWork @ C:\Users\USER\OneDrive\Desktop\PUP\node_modules\react-dom\cjs\react-dom-client.development.js:15132
workLoopSync @ C:\Users\USER\OneDrive\Desktop\PUP\node_modules\react-dom\cjs\react-dom-client.development.js:14956
renderRootSync @ C:\Users\USER\OneDrive\Desktop\PUP\node_modules\react-dom\cjs\react-dom-client.development.js:14936
performWorkOnRoot @ C:\Users\USER\OneDrive\Desktop\PUP\node_modules\react-dom\cjs\react-dom-client.development.js:14419
performSyncWorkOnRoot @ C:\Users\USER\OneDrive\Desktop\PUP\node_modules\react-dom\cjs\react-dom-client.development.js:16231
flushSyncWorkAcrossRoots_impl @ C:\Users\USER\OneDrive\Desktop\PUP\node_modules\react-dom\cjs\react-dom-client.development.js:16079
flushPassiveEffects @ C:\Users\USER\OneDrive\Desktop\PUP\node_modules\react-dom\cjs\react-dom-client.development.js:15749
(anonymous) @ C:\Users\USER\OneDrive\Desktop\PUP\node_modules\react-dom\cjs\react-dom-client.development.js:15379
performWorkUntilDeadline @ C:\Users\USER\OneDrive\Desktop\PUP\node_modules\scheduler\cjs\scheduler.development.js:45
<SceneView>
exports.jsx @ C:\Users\USER\OneDrive\Desktop\PUP\node_modules\react\cjs\react-jsx-runtime.development.js:339
render @ C:\Users\USER\OneDrive\Desktop\PUP\node_modules\@react-navigation\core\lib\module\useDescriptors.js:108
(anonymous) @ C:\Users\USER\OneDrive\Desktop\PUP\node_modules\@react-navigation\core\lib\module\useDescriptors.js:140
useDescriptors @ C:\Users\USER\OneDrive\Desktop\PUP\node_modules\@react-navigation\core\lib\module\useDescriptors.js:137
useNavigationBuilder @ C:\Users\USER\OneDrive\Desktop\PUP\node_modules\@react-navigation\core\lib\module\useNavigationBuilder.js:562
BottomTabNavigator @ C:\Users\USER\OneDrive\Desktop\PUP\node_modules\@react-navigation\bottom-tabs\lib\module\navigators\createBottomTabNavigator.js:24
react-stack-bottom-frame @ C:\Users\USER\OneDrive\Desktop\PUP\node_modules\react-dom\cjs\react-dom-client.development.js:23863
renderWithHooks @ C:\Users\USER\OneDrive\Desktop\PUP\node_modules\react-dom\cjs\react-dom-client.development.js:5529
updateFunctionComponent @ C:\Users\USER\OneDrive\Desktop\PUP\node_modules\react-dom\cjs\react-dom-client.development.js:8897
beginWork @ C:\Users\USER\OneDrive\Desktop\PUP\node_modules\react-dom\cjs\react-dom-client.development.js:10522
runWithFiberInDEV @ C:\Users\USER\OneDrive\Desktop\PUP\node_modules\react-dom\cjs\react-dom-client.development.js:1519
performUnitOfWork @ C:\Users\USER\OneDrive\Desktop\PUP\node_modules\react-dom\cjs\react-dom-client.development.js:15132
workLoopSync @ C:\Users\USER\OneDrive\Desktop\PUP\node_modules\react-dom\cjs\react-dom-client.development.js:14956
renderRootSync @ C:\Users\USER\OneDrive\Desktop\PUP\node_modules\react-dom\cjs\react-dom-client.development.js:14936
performWorkOnRoot @ C:\Users\USER\OneDrive\Desktop\PUP\node_modules\react-dom\cjs\react-dom-client.development.js:14419
performSyncWorkOnRoot @ C:\Users\USER\OneDrive\Desktop\PUP\node_modules\react-dom\cjs\react-dom-client.development.js:16231
flushSyncWorkAcrossRoots_impl @ C:\Users\USER\OneDrive\Desktop\PUP\node_modules\react-dom\cjs\react-dom-client.development.js:16079
flushPassiveEffects @ C:\Users\USER\OneDrive\Desktop\PUP\node_modules\react-dom\cjs\react-dom-client.development.js:15749
(anonymous) @ C:\Users\USER\OneDrive\Desktop\PUP\node_modules\react-dom\cjs\react-dom-client.development.js:15379
performWorkUntilDeadline @ C:\Users\USER\OneDrive\Desktop\PUP\node_modules\scheduler\cjs\scheduler.development.js:45
<BottomTabNavigator>
exports.jsxDEV @ C:\Users\USER\OneDrive\Desktop\PUP\node_modules\react\cjs\react-jsx-dev-runtime.development.js:346
(anonymous) @ C:\Users\USER\OneDrive\Desktop\PUP\node_modules\expo-router\build\layouts\withLayoutContext.js:156
react-stack-bottom-frame @ C:\Users\USER\OneDrive\Desktop\PUP\node_modules\react-dom\cjs\react-dom-client.development.js:23863
renderWithHooks @ C:\Users\USER\OneDrive\Desktop\PUP\node_modules\react-dom\cjs\react-dom-client.development.js:5529
updateForwardRef @ C:\Users\USER\OneDrive\Desktop\PUP\node_modules\react-dom\cjs\react-dom-client.development.js:8645
beginWork @ C:\Users\USER\OneDrive\Desktop\PUP\node_modules\react-dom\cjs\react-dom-client.development.js:10861
runWithFiberInDEV @ C:\Users\USER\OneDrive\Desktop\PUP\node_modules\react-dom\cjs\react-dom-client.development.js:1519
performUnitOfWork @ C:\Users\USER\OneDrive\Desktop\PUP\node_modules\react-dom\cjs\react-dom-client.development.js:15132
workLoopSync @ C:\Users\USER\OneDrive\Desktop\PUP\node_modules\react-dom\cjs\react-dom-client.development.js:14956
renderRootSync @ C:\Users\USER\OneDrive\Desktop\PUP\node_modules\react-dom\cjs\react-dom-client.development.js:14936
performWorkOnRoot @ C:\Users\USER\OneDrive\Desktop\PUP\node_modules\react-dom\cjs\react-dom-client.development.js:14419
performSyncWorkOnRoot @ C:\Users\USER\OneDrive\Desktop\PUP\node_modules\react-dom\cjs\react-dom-client.development.js:16231
flushSyncWorkAcrossRoots_impl @ C:\Users\USER\OneDrive\Desktop\PUP\node_modules\react-dom\cjs\react-dom-client.development.js:16079
flushPassiveEffects @ C:\Users\USER\OneDrive\Desktop\PUP\node_modules\react-dom\cjs\react-dom-client.development.js:15749
(anonymous) @ C:\Users\USER\OneDrive\Desktop\PUP\node_modules\react-dom\cjs\react-dom-client.development.js:15379
performWorkUntilDeadline @ C:\Users\USER\OneDrive\Desktop\PUP\node_modules\scheduler\cjs\scheduler.development.js:45
<ForwardRef>
exports.jsxDEV @ C:\Users\USER\OneDrive\Desktop\PUP\node_modules\react\cjs\react-jsx-dev-runtime.development.js:346
Object.assign.Screen @ C:\Users\USER\OneDrive\Desktop\PUP\node_modules\expo-router\build\layouts\TabsClient.js:46
react-stack-bottom-frame @ C:\Users\USER\OneDrive\Desktop\PUP\node_modules\react-dom\cjs\react-dom-client.development.js:23863
renderWithHooks @ C:\Users\USER\OneDrive\Desktop\PUP\node_modules\react-dom\cjs\react-dom-client.development.js:5529
updateFunctionComponent @ C:\Users\USER\OneDrive\Desktop\PUP\node_modules\react-dom\cjs\react-dom-client.development.js:8897
beginWork @ C:\Users\USER\OneDrive\Desktop\PUP\node_modules\react-dom\cjs\react-dom-client.development.js:10522
runWithFiberInDEV @ C:\Users\USER\OneDrive\Desktop\PUP\node_modules\react-dom\cjs\react-dom-client.development.js:1519
performUnitOfWork @ C:\Users\USER\OneDrive\Desktop\PUP\node_modules\react-dom\cjs\react-dom-client.development.js:15132
workLoopSync @ C:\Users\USER\OneDrive\Desktop\PUP\node_modules\react-dom\cjs\react-dom-client.development.js:14956
renderRootSync @ C:\Users\USER\OneDrive\Desktop\PUP\node_modules\react-dom\cjs\react-dom-client.development.js:14936
performWorkOnRoot @ C:\Users\USER\OneDrive\Desktop\PUP\node_modules\react-dom\cjs\react-dom-client.development.js:14419
performSyncWorkOnRoot @ C:\Users\USER\OneDrive\Desktop\PUP\node_modules\react-dom\cjs\react-dom-client.development.js:16231
flushSyncWorkAcrossRoots_impl @ C:\Users\USER\OneDrive\Desktop\PUP\node_modules\react-dom\cjs\react-dom-client.development.js:16079
flushPassiveEffects @ C:\Users\USER\OneDrive\Desktop\PUP\node_modules\react-dom\cjs\react-dom-client.development.js:15749
(anonymous) @ C:\Users\USER\OneDrive\Desktop\PUP\node_modules\react-dom\cjs\react-dom-client.development.js:15379
performWorkUntilDeadline @ C:\Users\USER\OneDrive\Desktop\PUP\node_modules\scheduler\cjs\scheduler.development.js:45
<...>
exports.jsxDEV @ C:\Users\USER\OneDrive\Desktop\PUP\node_modules\react\cjs\react-jsx-dev-runtime.development.js:346
TabLayout @ C:\Users\USER\OneDrive\Desktop\PUP\app\(tabs)\_layout.tsx:6
react-stack-bottom-frame @ C:\Users\USER\OneDrive\Desktop\PUP\node_modules\react-dom\cjs\react-dom-client.development.js:23863
renderWithHooks @ C:\Users\USER\OneDrive\Desktop\PUP\node_modules\react-dom\cjs\react-dom-client.development.js:5529
updateFunctionComponent @ C:\Users\USER\OneDrive\Desktop\PUP\node_modules\react-dom\cjs\react-dom-client.development.js:8897
beginWork @ C:\Users\USER\OneDrive\Desktop\PUP\node_modules\react-dom\cjs\react-dom-client.development.js:10522
runWithFiberInDEV @ C:\Users\USER\OneDrive\Desktop\PUP\node_modules\react-dom\cjs\react-dom-client.development.js:1519
performUnitOfWork @ C:\Users\USER\OneDrive\Desktop\PUP\node_modules\react-dom\cjs\react-dom-client.development.js:15132
workLoopSync @ C:\Users\USER\OneDrive\Desktop\PUP\node_modules\react-dom\cjs\react-dom-client.development.js:14956
renderRootSync @ C:\Users\USER\OneDrive\Desktop\PUP\node_modules\react-dom\cjs\react-dom-client.development.js:14936
performWorkOnRoot @ C:\Users\USER\OneDrive\Desktop\PUP\node_modules\react-dom\cjs\react-dom-client.development.js:14419
performSyncWorkOnRoot @ C:\Users\USER\OneDrive\Desktop\PUP\node_modules\react-dom\cjs\react-dom-client.development.js:16231
flushSyncWorkAcrossRoots_impl @ C:\Users\USER\OneDrive\Desktop\PUP\node_modules\react-dom\cjs\react-dom-client.development.js:16079
flushPassiveEffects @ C:\Users\USER\OneDrive\Desktop\PUP\node_modules\react-dom\cjs\react-dom-client.development.js:15749
(anonymous) @ C:\Users\USER\OneDrive\Desktop\PUP\node_modules\react-dom\cjs\react-dom-client.development.js:15379
performWorkUntilDeadline @ C:\Users\USER\OneDrive\Desktop\PUP\node_modules\scheduler\cjs\scheduler.development.js:45
<TabLayout(./(tabs)/_layout.tsx)>
exports.jsxDEV @ C:\Users\USER\OneDrive\Desktop\PUP\node_modules\react\cjs\react-jsx-dev-runtime.development.js:346
BaseRoute @ C:\Users\USER\OneDrive\Desktop\PUP\node_modules\expo-router\build\useScreens.js:213
react-stack-bottom-frame @ C:\Users\USER\OneDrive\Desktop\PUP\node_modules\react-dom\cjs\react-dom-client.development.js:23863
renderWithHooks @ C:\Users\USER\OneDrive\Desktop\PUP\node_modules\react-dom\cjs\react-dom-client.development.js:5529
updateFunctionComponent @ C:\Users\USER\OneDrive\Desktop\PUP\node_modules\react-dom\cjs\react-dom-client.development.js:8897
beginWork @ C:\Users\USER\OneDrive\Desktop\PUP\node_modules\react-dom\cjs\react-dom-client.development.js:10522
runWithFiberInDEV @ C:\Users\USER\OneDrive\Desktop\PUP\node_modules\react-dom\cjs\react-dom-client.development.js:1519
performUnitOfWork @ C:\Users\USER\OneDrive\Desktop\PUP\node_modules\react-dom\cjs\react-dom-client.development.js:15132
workLoopSync @ C:\Users\USER\OneDrive\Desktop\PUP\node_modules\react-dom\cjs\react-dom-client.development.js:14956
renderRootSync @ C:\Users\USER\OneDrive\Desktop\PUP\node_modules\react-dom\cjs\react-dom-client.development.js:14936
performWorkOnRoot @ C:\Users\USER\OneDrive\Desktop\PUP\node_modules\react-dom\cjs\react-dom-client.development.js:14419
performSyncWorkOnRoot @ C:\Users\USER\OneDrive\Desktop\PUP\node_modules\react-dom\cjs\react-dom-client.development.js:16231
flushSyncWorkAcrossRoots_impl @ C:\Users\USER\OneDrive\Desktop\PUP\node_modules\react-dom\cjs\react-dom-client.development.js:16079
flushPassiveEffects @ C:\Users\USER\OneDrive\Desktop\PUP\node_modules\react-dom\cjs\react-dom-client.development.js:15749
(anonymous) @ C:\Users\USER\OneDrive\Desktop\PUP\node_modules\react-dom\cjs\react-dom-client.development.js:15379
performWorkUntilDeadline @ C:\Users\USER\OneDrive\Desktop\PUP\node_modules\scheduler\cjs\scheduler.development.js:45
<Route((tabs))>
exports.jsx @ C:\Users\USER\OneDrive\Desktop\PUP\node_modules\react\cjs\react-jsx-runtime.development.js:339
SceneView @ C:\Users\USER\OneDrive\Desktop\PUP\node_modules\@react-navigation\core\lib\module\SceneView.js:125
react-stack-bottom-frame @ C:\Users\USER\OneDrive\Desktop\PUP\node_modules\react-dom\cjs\react-dom-client.development.js:23863
renderWithHooks @ C:\Users\USER\OneDrive\Desktop\PUP\node_modules\react-dom\cjs\react-dom-client.development.js:5529
updateFunctionComponent @ C:\Users\USER\OneDrive\Desktop\PUP\node_modules\react-dom\cjs\react-dom-client.development.js:8897
beginWork @ C:\Users\USER\OneDrive\Desktop\PUP\node_modules\react-dom\cjs\react-dom-client.development.js:10522
runWithFiberInDEV @ C:\Users\USER\OneDrive\Desktop\PUP\node_modules\react-dom\cjs\react-dom-client.development.js:1519
performUnitOfWork @ C:\Users\USER\OneDrive\Desktop\PUP\node_modules\react-dom\cjs\react-dom-client.development.js:15132
workLoopSync @ C:\Users\USER\OneDrive\Desktop\PUP\node_modules\react-dom\cjs\react-dom-client.development.js:14956
renderRootSync @ C:\Users\USER\OneDrive\Desktop\PUP\node_modules\react-dom\cjs\react-dom-client.development.js:14936
performWorkOnRoot @ C:\Users\USER\OneDrive\Desktop\PUP\node_modules\react-dom\cjs\react-dom-client.development.js:14419
performSyncWorkOnRoot @ C:\Users\USER\OneDrive\Desktop\PUP\node_modules\react-dom\cjs\react-dom-client.development.js:16231
flushSyncWorkAcrossRoots_impl @ C:\Users\USER\OneDrive\Desktop\PUP\node_modules\react-dom\cjs\react-dom-client.development.js:16079
flushPassiveEffects @ C:\Users\USER\OneDrive\Desktop\PUP\node_modules\react-dom\cjs\react-dom-client.development.js:15749
(anonymous) @ C:\Users\USER\OneDrive\Desktop\PUP\node_modules\react-dom\cjs\react-dom-client.development.js:15379
performWorkUntilDeadline @ C:\Users\USER\OneDrive\Desktop\PUP\node_modules\scheduler\cjs\scheduler.development.js:45
<SceneView>
exports.jsx @ C:\Users\USER\OneDrive\Desktop\PUP\node_modules\react\cjs\react-jsx-runtime.development.js:339
render @ C:\Users\USER\OneDrive\Desktop\PUP\node_modules\@react-navigation\core\lib\module\useDescriptors.js:108
(anonymous) @ C:\Users\USER\OneDrive\Desktop\PUP\node_modules\@react-navigation\core\lib\module\useDescriptors.js:140
useDescriptors @ C:\Users\USER\OneDrive\Desktop\PUP\node_modules\@react-navigation\core\lib\module\useDescriptors.js:137
useNavigationBuilder @ C:\Users\USER\OneDrive\Desktop\PUP\node_modules\@react-navigation\core\lib\module\useNavigationBuilder.js:562
SlotNavigator @ C:\Users\USER\OneDrive\Desktop\PUP\node_modules\expo-router\build\views\Navigator.js:107
react-stack-bottom-frame @ C:\Users\USER\OneDrive\Desktop\PUP\node_modules\react-dom\cjs\react-dom-client.development.js:23863
renderWithHooks @ C:\Users\USER\OneDrive\Desktop\PUP\node_modules\react-dom\cjs\react-dom-client.development.js:5529
updateFunctionComponent @ C:\Users\USER\OneDrive\Desktop\PUP\node_modules\react-dom\cjs\react-dom-client.development.js:8897
beginWork @ C:\Users\USER\OneDrive\Desktop\PUP\node_modules\react-dom\cjs\react-dom-client.development.js:10522
runWithFiberInDEV @ C:\Users\USER\OneDrive\Desktop\PUP\node_modules\react-dom\cjs\react-dom-client.development.js:1519
performUnitOfWork @ C:\Users\USER\OneDrive\Desktop\PUP\node_modules\react-dom\cjs\react-dom-client.development.js:15132
workLoopSync @ C:\Users\USER\OneDrive\Desktop\PUP\node_modules\react-dom\cjs\react-dom-client.development.js:14956
renderRootSync @ C:\Users\USER\OneDrive\Desktop\PUP\node_modules\react-dom\cjs\react-dom-client.development.js:14936
performWorkOnRoot @ C:\Users\USER\OneDrive\Desktop\PUP\node_modules\react-dom\cjs\react-dom-client.development.js:14419
performSyncWorkOnRoot @ C:\Users\USER\OneDrive\Desktop\PUP\node_modules\react-dom\cjs\react-dom-client.development.js:16231
flushSyncWorkAcrossRoots_impl @ C:\Users\USER\OneDrive\Desktop\PUP\node_modules\react-dom\cjs\react-dom-client.development.js:16079
flushPassiveEffects @ C:\Users\USER\OneDrive\Desktop\PUP\node_modules\react-dom\cjs\react-dom-client.development.js:15749
(anonymous) @ C:\Users\USER\OneDrive\Desktop\PUP\node_modules\react-dom\cjs\react-dom-client.development.js:15379
performWorkUntilDeadline @ C:\Users\USER\OneDrive\Desktop\PUP\node_modules\scheduler\cjs\scheduler.development.js:45
<SlotNavigator>
exports.jsxDEV @ C:\Users\USER\OneDrive\Desktop\PUP\node_modules\react\cjs\react-jsx-dev-runtime.development.js:346
Slot @ C:\Users\USER\OneDrive\Desktop\PUP\node_modules\expo-router\build\views\Navigator.js:130
react-stack-bottom-frame @ C:\Users\USER\OneDrive\Desktop\PUP\node_modules\react-dom\cjs\react-dom-client.development.js:23863
renderWithHooks @ C:\Users\USER\OneDrive\Desktop\PUP\node_modules\react-dom\cjs\react-dom-client.development.js:5529
updateFunctionComponent @ C:\Users\USER\OneDrive\Desktop\PUP\node_modules\react-dom\cjs\react-dom-client.development.js:8897
beginWork @ C:\Users\USER\OneDrive\Desktop\PUP\node_modules\react-dom\cjs\react-dom-client.development.js:10522
runWithFiberInDEV @ C:\Users\USER\OneDrive\Desktop\PUP\node_modules\react-dom\cjs\react-dom-client.development.js:1519
performUnitOfWork @ C:\Users\USER\OneDrive\Desktop\PUP\node_modules\react-dom\cjs\react-dom-client.development.js:15132
workLoopConcurrentByScheduler @ C:\Users\USER\OneDrive\Desktop\PUP\node_modules\react-dom\cjs\react-dom-client.development.js:15126
renderRootConcurrent @ C:\Users\USER\OneDrive\Desktop\PUP\node_modules\react-dom\cjs\react-dom-client.development.js:15101
performWorkOnRoot @ C:\Users\USER\OneDrive\Desktop\PUP\node_modules\react-dom\cjs\react-dom-client.development.js:14418
performWorkOnRootViaSchedulerTask @ C:\Users\USER\OneDrive\Desktop\PUP\node_modules\react-dom\cjs\react-dom-client.development.js:16216
performWorkUntilDeadline @ C:\Users\USER\OneDrive\Desktop\PUP\node_modules\scheduler\cjs\scheduler.development.js:45
<Slot>
exports.jsxDEV @ C:\Users\USER\OneDrive\Desktop\PUP\node_modules\react\cjs\react-jsx-dev-runtime.development.js:346
RootLayout @ C:\Users\USER\OneDrive\Desktop\PUP\app\_layout.tsx:86
react-stack-bottom-frame @ C:\Users\USER\OneDrive\Desktop\PUP\node_modules\react-dom\cjs\react-dom-client.development.js:23863
renderWithHooks @ C:\Users\USER\OneDrive\Desktop\PUP\node_modules\react-dom\cjs\react-dom-client.development.js:5529
updateFunctionComponent @ C:\Users\USER\OneDrive\Desktop\PUP\node_modules\react-dom\cjs\react-dom-client.development.js:8897
beginWork @ C:\Users\USER\OneDrive\Desktop\PUP\node_modules\react-dom\cjs\react-dom-client.development.js:10522
runWithFiberInDEV @ C:\Users\USER\OneDrive\Desktop\PUP\node_modules\react-dom\cjs\react-dom-client.development.js:1519
performUnitOfWork @ C:\Users\USER\OneDrive\Desktop\PUP\node_modules\react-dom\cjs\react-dom-client.development.js:15132
workLoopConcurrentByScheduler @ C:\Users\USER\OneDrive\Desktop\PUP\node_modules\react-dom\cjs\react-dom-client.development.js:15126
renderRootConcurrent @ C:\Users\USER\OneDrive\Desktop\PUP\node_modules\react-dom\cjs\react-dom-client.development.js:15101
performWorkOnRoot @ C:\Users\USER\OneDrive\Desktop\PUP\node_modules\react-dom\cjs\react-dom-client.development.js:14418
performWorkOnRootViaSchedulerTask @ C:\Users\USER\OneDrive\Desktop\PUP\node_modules\react-dom\cjs\react-dom-client.development.js:16216
performWorkUntilDeadline @ C:\Users\USER\OneDrive\Desktop\PUP\node_modules\scheduler\cjs\scheduler.development.js:45
<RootLayout(./_layout.tsx)>
exports.jsxDEV @ C:\Users\USER\OneDrive\Desktop\PUP\node_modules\react\cjs\react-jsx-dev-runtime.development.js:346
BaseRoute @ C:\Users\USER\OneDrive\Desktop\PUP\node_modules\expo-router\build\useScreens.js:213
react-stack-bottom-frame @ C:\Users\USER\OneDrive\Desktop\PUP\node_modules\react-dom\cjs\react-dom-client.development.js:23863
renderWithHooks @ C:\Users\USER\OneDrive\Desktop\PUP\node_modules\react-dom\cjs\react-dom-client.development.js:5529
updateFunctionComponent @ C:\Users\USER\OneDrive\Desktop\PUP\node_modules\react-dom\cjs\react-dom-client.development.js:8897
beginWork @ C:\Users\USER\OneDrive\Desktop\PUP\node_modules\react-dom\cjs\react-dom-client.development.js:10522
runWithFiberInDEV @ C:\Users\USER\OneDrive\Desktop\PUP\node_modules\react-dom\cjs\react-dom-client.development.js:1519
performUnitOfWork @ C:\Users\USER\OneDrive\Desktop\PUP\node_modules\react-dom\cjs\react-dom-client.development.js:15132
workLoopConcurrentByScheduler @ C:\Users\USER\OneDrive\Desktop\PUP\node_modules\react-dom\cjs\react-dom-client.development.js:15126
renderRootConcurrent @ C:\Users\USER\OneDrive\Desktop\PUP\node_modules\react-dom\cjs\react-dom-client.development.js:15101
performWorkOnRoot @ C:\Users\USER\OneDrive\Desktop\PUP\node_modules\react-dom\cjs\react-dom-client.development.js:14418
performWorkOnRootViaSchedulerTask @ C:\Users\USER\OneDrive\Desktop\PUP\node_modules\react-dom\cjs\react-dom-client.development.js:16216
performWorkUntilDeadline @ C:\Users\USER\OneDrive\Desktop\PUP\node_modules\scheduler\cjs\scheduler.development.js:45
<Route()>
exports.jsx @ C:\Users\USER\OneDrive\Desktop\PUP\node_modules\react\cjs\react-jsx-runtime.development.js:339
SceneView @ C:\Users\USER\OneDrive\Desktop\PUP\node_modules\@react-navigation\core\lib\module\SceneView.js:125
react-stack-bottom-frame @ C:\Users\USER\OneDrive\Desktop\PUP\node_modules\react-dom\cjs\react-dom-client.development.js:23863
renderWithHooks @ C:\Users\USER\OneDrive\Desktop\PUP\node_modules\react-dom\cjs\react-dom-client.development.js:5529
updateFunctionComponent @ C:\Users\USER\OneDrive\Desktop\PUP\node_modules\react-dom\cjs\react-dom-client.development.js:8897
beginWork @ C:\Users\USER\OneDrive\Desktop\PUP\node_modules\react-dom\cjs\react-dom-client.development.js:10522
runWithFiberInDEV @ C:\Users\USER\OneDrive\Desktop\PUP\node_modules\react-dom\cjs\react-dom-client.development.js:1519
performUnitOfWork @ C:\Users\USER\OneDrive\Desktop\PUP\node_modules\react-dom\cjs\react-dom-client.development.js:15132
workLoopConcurrentByScheduler @ C:\Users\USER\OneDrive\Desktop\PUP\node_modules\react-dom\cjs\react-dom-client.development.js:15126
renderRootConcurrent @ C:\Users\USER\OneDrive\Desktop\PUP\node_modules\react-dom\cjs\react-dom-client.development.js:15101
performWorkOnRoot @ C:\Users\USER\OneDrive\Desktop\PUP\node_modules\react-dom\cjs\react-dom-client.development.js:14418
performWorkOnRootViaSchedulerTask @ C:\Users\USER\OneDrive\Desktop\PUP\node_modules\react-dom\cjs\react-dom-client.development.js:16216
performWorkUntilDeadline @ C:\Users\USER\OneDrive\Desktop\PUP\node_modules\scheduler\cjs\scheduler.development.js:45
<SceneView>
exports.jsx @ C:\Users\USER\OneDrive\Desktop\PUP\node_modules\react\cjs\react-jsx-runtime.development.js:339
render @ C:\Users\USER\OneDrive\Desktop\PUP\node_modules\@react-navigation\core\lib\module\useDescriptors.js:108
(anonymous) @ C:\Users\USER\OneDrive\Desktop\PUP\node_modules\@react-navigation\core\lib\module\useDescriptors.js:140
useDescriptors @ C:\Users\USER\OneDrive\Desktop\PUP\node_modules\@react-navigation\core\lib\module\useDescriptors.js:137
useNavigationBuilder @ C:\Users\USER\OneDrive\Desktop\PUP\node_modules\@react-navigation\core\lib\module\useNavigationBuilder.js:562
Content @ C:\Users\USER\OneDrive\Desktop\PUP\node_modules\expo-router\build\ExpoRoot.js:161
react-stack-bottom-frame @ C:\Users\USER\OneDrive\Desktop\PUP\node_modules\react-dom\cjs\react-dom-client.development.js:23863
renderWithHooks @ C:\Users\USER\OneDrive\Desktop\PUP\node_modules\react-dom\cjs\react-dom-client.development.js:5529
updateFunctionComponent @ C:\Users\USER\OneDrive\Desktop\PUP\node_modules\react-dom\cjs\react-dom-client.development.js:8897
beginWork @ C:\Users\USER\OneDrive\Desktop\PUP\node_modules\react-dom\cjs\react-dom-client.development.js:10522
runWithFiberInDEV @ C:\Users\USER\OneDrive\Desktop\PUP\node_modules\react-dom\cjs\react-dom-client.development.js:1519
performUnitOfWork @ C:\Users\USER\OneDrive\Desktop\PUP\node_modules\react-dom\cjs\react-dom-client.development.js:15132
workLoopConcurrentByScheduler @ C:\Users\USER\OneDrive\Desktop\PUP\node_modules\react-dom\cjs\react-dom-client.development.js:15126
renderRootConcurrent @ C:\Users\USER\OneDrive\Desktop\PUP\node_modules\react-dom\cjs\react-dom-client.development.js:15101
performWorkOnRoot @ C:\Users\USER\OneDrive\Desktop\PUP\node_modules\react-dom\cjs\react-dom-client.development.js:14418
performWorkOnRootViaSchedulerTask @ C:\Users\USER\OneDrive\Desktop\PUP\node_modules\react-dom\cjs\react-dom-client.development.js:16216
performWorkUntilDeadline @ C:\Users\USER\OneDrive\Desktop\PUP\node_modules\scheduler\cjs\scheduler.development.js:45
<Content>
exports.jsxDEV @ C:\Users\USER\OneDrive\Desktop\PUP\node_modules\react\cjs\react-jsx-dev-runtime.development.js:346
ContextNavigator @ C:\Users\USER\OneDrive\Desktop\PUP\node_modules\expo-router\build\ExpoRoot.js:147
react-stack-bottom-frame @ C:\Users\USER\OneDrive\Desktop\PUP\node_modules\react-dom\cjs\react-dom-client.development.js:23863
renderWithHooks @ C:\Users\USER\OneDrive\Desktop\PUP\node_modules\react-dom\cjs\react-dom-client.development.js:5529
updateFunctionComponent @ C:\Users\USER\OneDrive\Desktop\PUP\node_modules\react-dom\cjs\react-dom-client.development.js:8897
beginWork @ C:\Users\USER\OneDrive\Desktop\PUP\node_modules\react-dom\cjs\react-dom-client.development.js:10522
runWithFiberInDEV @ C:\Users\USER\OneDrive\Desktop\PUP\node_modules\react-dom\cjs\react-dom-client.development.js:1519
performUnitOfWork @ C:\Users\USER\OneDrive\Desktop\PUP\node_modules\react-dom\cjs\react-dom-client.development.js:15132
workLoopConcurrentByScheduler @ C:\Users\USER\OneDrive\Desktop\PUP\node_modules\react-dom\cjs\react-dom-client.development.js:15126
renderRootConcurrent @ C:\Users\USER\OneDrive\Desktop\PUP\node_modules\react-dom\cjs\react-dom-client.development.js:15101
performWorkOnRoot @ C:\Users\USER\OneDrive\Desktop\PUP\node_modules\react-dom\cjs\react-dom-client.development.js:14418
performWorkOnRootViaSchedulerTask @ C:\Users\USER\OneDrive\Desktop\PUP\node_modules\react-dom\cjs\react-dom-client.development.js:16216
performWorkUntilDeadline @ C:\Users\USER\OneDrive\Desktop\PUP\node_modules\scheduler\cjs\scheduler.development.js:45
<ContextNavigator>
exports.jsxDEV @ C:\Users\USER\OneDrive\Desktop\PUP\node_modules\react\cjs\react-jsx-dev-runtime.development.js:346
ExpoRoot @ C:\Users\USER\OneDrive\Desktop\PUP\node_modules\expo-router\build\ExpoRoot.js:87
react-stack-bottom-frame @ C:\Users\USER\OneDrive\Desktop\PUP\node_modules\react-dom\cjs\react-dom-client.development.js:23863
renderWithHooks @ C:\Users\USER\OneDrive\Desktop\PUP\node_modules\react-dom\cjs\react-dom-client.development.js:5529
updateFunctionComponent @ C:\Users\USER\OneDrive\Desktop\PUP\node_modules\react-dom\cjs\react-dom-client.development.js:8897
beginWork @ C:\Users\USER\OneDrive\Desktop\PUP\node_modules\react-dom\cjs\react-dom-client.development.js:10522
runWithFiberInDEV @ C:\Users\USER\OneDrive\Desktop\PUP\node_modules\react-dom\cjs\react-dom-client.development.js:1519
performUnitOfWork @ C:\Users\USER\OneDrive\Desktop\PUP\node_modules\react-dom\cjs\react-dom-client.development.js:15132
workLoopConcurrentByScheduler @ C:\Users\USER\OneDrive\Desktop\PUP\node_modules\react-dom\cjs\react-dom-client.development.js:15126
renderRootConcurrent @ C:\Users\USER\OneDrive\Desktop\PUP\node_modules\react-dom\cjs\react-dom-client.development.js:15101
performWorkOnRoot @ C:\Users\USER\OneDrive\Desktop\PUP\node_modules\react-dom\cjs\react-dom-client.development.js:14418
performWorkOnRootViaSchedulerTask @ C:\Users\USER\OneDrive\Desktop\PUP\node_modules\react-dom\cjs\react-dom-client.development.js:16216
performWorkUntilDeadline @ C:\Users\USER\OneDrive\Desktop\PUP\node_modules\scheduler\cjs\scheduler.development.js:45
<ExpoRoot>
exports.jsxDEV @ C:\Users\USER\OneDrive\Desktop\PUP\node_modules\react\cjs\react-jsx-dev-runtime.development.js:346
App @ C:\Users\USER\OneDrive\Desktop\PUP\node_modules\expo-router\build\qualified-entry.js:21
react-stack-bottom-frame @ C:\Users\USER\OneDrive\Desktop\PUP\node_modules\react-dom\cjs\react-dom-client.development.js:23863
renderWithHooks @ C:\Users\USER\OneDrive\Desktop\PUP\node_modules\react-dom\cjs\react-dom-client.development.js:5529
updateFunctionComponent @ C:\Users\USER\OneDrive\Desktop\PUP\node_modules\react-dom\cjs\react-dom-client.development.js:8897
beginWork @ C:\Users\USER\OneDrive\Desktop\PUP\node_modules\react-dom\cjs\react-dom-client.development.js:10522
runWithFiberInDEV @ C:\Users\USER\OneDrive\Desktop\PUP\node_modules\react-dom\cjs\react-dom-client.development.js:1519
performUnitOfWork @ C:\Users\USER\OneDrive\Desktop\PUP\node_modules\react-dom\cjs\react-dom-client.development.js:15132
workLoopConcurrentByScheduler @ C:\Users\USER\OneDrive\Desktop\PUP\node_modules\react-dom\cjs\react-dom-client.development.js:15126
renderRootConcurrent @ C:\Users\USER\OneDrive\Desktop\PUP\node_modules\react-dom\cjs\react-dom-client.development.js:15101
performWorkOnRoot @ C:\Users\USER\OneDrive\Desktop\PUP\node_modules\react-dom\cjs\react-dom-client.development.js:14418
performWorkOnRootViaSchedulerTask @ C:\Users\USER\OneDrive\Desktop\PUP\node_modules\react-dom\cjs\react-dom-client.development.js:16216
performWorkUntilDeadline @ C:\Users\USER\OneDrive\Desktop\PUP\node_modules\scheduler\cjs\scheduler.development.js:45
<App>
exports.jsxDEV @ C:\Users\USER\OneDrive\Desktop\PUP\node_modules\react\cjs\react-jsx-dev-runtime.development.js:346
ErrorOverlay @ C:\Users\USER\OneDrive\Desktop\PUP\node_modules\@expo\metro-runtime\src\error-overlay\index.tsx:19
react-stack-bottom-frame @ C:\Users\USER\OneDrive\Desktop\PUP\node_modules\react-dom\cjs\react-dom-client.development.js:23863
renderWithHooks @ C:\Users\USER\OneDrive\Desktop\PUP\node_modules\react-dom\cjs\react-dom-client.development.js:5529
updateFunctionComponent @ C:\Users\USER\OneDrive\Desktop\PUP\node_modules\react-dom\cjs\react-dom-client.development.js:8897
beginWork @ C:\Users\USER\OneDrive\Desktop\PUP\node_modules\react-dom\cjs\react-dom-client.development.js:10522
runWithFiberInDEV @ C:\Users\USER\OneDrive\Desktop\PUP\node_modules\react-dom\cjs\react-dom-client.development.js:1519
performUnitOfWork @ C:\Users\USER\OneDrive\Desktop\PUP\node_modules\react-dom\cjs\react-dom-client.development.js:15132
workLoopConcurrentByScheduler @ C:\Users\USER\OneDrive\Desktop\PUP\node_modules\react-dom\cjs\react-dom-client.development.js:15126
renderRootConcurrent @ C:\Users\USER\OneDrive\Desktop\PUP\node_modules\react-dom\cjs\react-dom-client.development.js:15101
performWorkOnRoot @ C:\Users\USER\OneDrive\Desktop\PUP\node_modules\react-dom\cjs\react-dom-client.development.js:14418
performWorkOnRootViaSchedulerTask @ C:\Users\USER\OneDrive\Desktop\PUP\node_modules\react-dom\cjs\react-dom-client.development.js:16216
performWorkUntilDeadline @ C:\Users\USER\OneDrive\Desktop\PUP\node_modules\scheduler\cjs\scheduler.development.js:45
<ErrorOverlay>
exports.jsxDEV @ C:\Users\USER\OneDrive\Desktop\PUP\node_modules\react\cjs\react-jsx-dev-runtime.development.js:346
WithDevTools @ C:\Users\USER\OneDrive\Desktop\PUP\node_modules\expo\src\launch\withDevTools.web.tsx:11
react-stack-bottom-frame @ C:\Users\USER\OneDrive\Desktop\PUP\node_modules\react-dom\cjs\react-dom-client.development.js:23863
renderWithHooks @ C:\Users\USER\OneDrive\Desktop\PUP\node_modules\react-dom\cjs\react-dom-client.development.js:5529
updateFunctionComponent @ C:\Users\USER\OneDrive\Desktop\PUP\node_modules\react-dom\cjs\react-dom-client.development.js:8897
beginWork @ C:\Users\USER\OneDrive\Desktop\PUP\node_modules\react-dom\cjs\react-dom-client.development.js:10522
runWithFiberInDEV @ C:\Users\USER\OneDrive\Desktop\PUP\node_modules\react-dom\cjs\react-dom-client.development.js:1519
performUnitOfWork @ C:\Users\USER\OneDrive\Desktop\PUP\node_modules\react-dom\cjs\react-dom-client.development.js:15132
workLoopConcurrentByScheduler @ C:\Users\USER\OneDrive\Desktop\PUP\node_modules\react-dom\cjs\react-dom-client.development.js:15126
renderRootConcurrent @ C:\Users\USER\OneDrive\Desktop\PUP\node_modules\react-dom\cjs\react-dom-client.development.js:15101
performWorkOnRoot @ C:\Users\USER\OneDrive\Desktop\PUP\node_modules\react-dom\cjs\react-dom-client.development.js:14418
performWorkOnRootViaSchedulerTask @ C:\Users\USER\OneDrive\Desktop\PUP\node_modules\react-dom\cjs\react-dom-client.development.js:16216
performWorkUntilDeadline @ C:\Users\USER\OneDrive\Desktop\PUP\node_modules\scheduler\cjs\scheduler.development.js:45
<withDevTools(ErrorOverlay)>
exports.createElement @ C:\Users\USER\OneDrive\Desktop\PUP\node_modules\react\cjs\react.development.js:1033
renderApplication @ C:\Users\USER\OneDrive\Desktop\PUP\node_modules\react-native-web\dist\exports\AppRegistry\renderApplication.js:27
run @ C:\Users\USER\OneDrive\Desktop\PUP\node_modules\react-native-web\dist\exports\AppRegistry\index.js:36
runApplication @ C:\Users\USER\OneDrive\Desktop\PUP\node_modules\react-native-web\dist\exports\AppRegistry\index.js:74
registerRootComponent @ C:\Users\USER\OneDrive\Desktop\PUP\node_modules\expo\src\launch\registerRootComponent.tsx:58
(anonymous) @ C:\Users\USER\OneDrive\Desktop\PUP\node_modules\expo-router\build\renderRootComponent.js:88
exports.startTransition @ C:\Users\USER\OneDrive\Desktop\PUP\node_modules\react\cjs\react.development.js:1124
renderRootComponent @ C:\Users\USER\OneDrive\Desktop\PUP\node_modules\expo-router\build\renderRootComponent.js:85
(anonymous) @ C:\Users\USER\OneDrive\Desktop\PUP\node_modules\expo-router\entry-classic.js:10
loadModuleImplementation @ C:\Users\USER\OneDrive\Desktop\PUP\node_modules\expo\node_modules\@expo\cli\build\metro-require\require.js:248
guardedLoadModule @ C:\Users\USER\OneDrive\Desktop\PUP\node_modules\expo\node_modules\@expo\cli\build\metro-require\require.js:163
metroRequire @ C:\Users\USER\OneDrive\Desktop\PUP\node_modules\expo\node_modules\@expo\cli\build\metro-require\require.js:74
(anonymous) @ C:\Users\USER\OneDrive\Desktop\PUP\node_modules\expo-router\entry.js:3
loadModuleImplementation @ C:\Users\USER\OneDrive\Desktop\PUP\node_modules\expo\node_modules\@expo\cli\build\metro-require\require.js:248
guardedLoadModule @ C:\Users\USER\OneDrive\Desktop\PUP\node_modules\expo\node_modules\@expo\cli\build\metro-require\require.js:156
metroRequire @ C:\Users\USER\OneDrive\Desktop\PUP\node_modules\expo\node_modules\@expo\cli\build\metro-require\require.js:74
(anonymous) @ entry.bundle?platform=web&dev=true&hot=false&lazy=true&transform.routerRoot=app&transform.reactCompiler=true:196749
C:\Users\USER\OneDrive\Desktop\PUP\lib\firestore-rest.ts:133  GET https://firestore.googleapis.com/v1/projects/lasangpinoy-mobile/databases/(default)/documents/recipes?key=AIzaSyAZ36rq3scKZDT5SsETJ_SYIOEB9Gcbkyk&orderBy=created_at 404 (Not Found)
fetchWithTimeout @ C:\Users\USER\OneDrive\Desktop\PUP\lib\firestore-rest.ts:133
getCollection @ C:\Users\USER\OneDrive\Desktop\PUP\lib\firestore-rest.ts:199
await in getCollection
getRecipes @ C:\Users\USER\OneDrive\Desktop\PUP\lib\firebase.ts:339
fetchRecipesData @ C:\Users\USER\OneDrive\Desktop\PUP\app\(tabs)\index.tsx:77
(anonymous) @ C:\Users\USER\OneDrive\Desktop\PUP\app\(tabs)\index.tsx:58
setTimeout
(anonymous) @ C:\Users\USER\OneDrive\Desktop\PUP\app\(tabs)\index.tsx:57
react-stack-bottom-frame @ C:\Users\USER\OneDrive\Desktop\PUP\node_modules\react-dom\cjs\react-dom-client.development.js:23949
runWithFiberInDEV @ C:\Users\USER\OneDrive\Desktop\PUP\node_modules\react-dom\cjs\react-dom-client.development.js:1519
commitHookEffectListMount @ C:\Users\USER\OneDrive\Desktop\PUP\node_modules\react-dom\cjs\react-dom-client.development.js:11905
commitHookPassiveMountEffects @ C:\Users\USER\OneDrive\Desktop\PUP\node_modules\react-dom\cjs\react-dom-client.development.js:12026
reconnectPassiveEffects @ C:\Users\USER\OneDrive\Desktop\PUP\node_modules\react-dom\cjs\react-dom-client.development.js:14004
recursivelyTraverseReconnectPassiveEffects @ C:\Users\USER\OneDrive\Desktop\PUP\node_modules\react-dom\cjs\react-dom-client.development.js:13976
reconnectPassiveEffects @ C:\Users\USER\OneDrive\Desktop\PUP\node_modules\react-dom\cjs\react-dom-client.development.js:14024
recursivelyTraverseReconnectPassiveEffects @ C:\Users\USER\OneDrive\Desktop\PUP\node_modules\react-dom\cjs\react-dom-client.development.js:13976
reconnectPassiveEffects @ C:\Users\USER\OneDrive\Desktop\PUP\node_modules\react-dom\cjs\react-dom-client.development.js:14051
recursivelyTraverseReconnectPassiveEffects @ C:\Users\USER\OneDrive\Desktop\PUP\node_modules\react-dom\cjs\react-dom-client.development.js:13976
reconnectPassiveEffects @ C:\Users\USER\OneDrive\Desktop\PUP\node_modules\react-dom\cjs\react-dom-client.development.js:14051
recursivelyTraverseReconnectPassiveEffects @ C:\Users\USER\OneDrive\Desktop\PUP\node_modules\react-dom\cjs\react-dom-client.development.js:13976
reconnectPassiveEffects @ C:\Users\USER\OneDrive\Desktop\PUP\node_modules\react-dom\cjs\react-dom-client.development.js:14051
recursivelyTraverseReconnectPassiveEffects @ C:\Users\USER\OneDrive\Desktop\PUP\node_modules\react-dom\cjs\react-dom-client.development.js:13976
reconnectPassiveEffects @ C:\Users\USER\OneDrive\Desktop\PUP\node_modules\react-dom\cjs\react-dom-client.development.js:13997
recursivelyTraverseReconnectPassiveEffects @ C:\Users\USER\OneDrive\Desktop\PUP\node_modules\react-dom\cjs\react-dom-client.development.js:13976
reconnectPassiveEffects @ C:\Users\USER\OneDrive\Desktop\PUP\node_modules\react-dom\cjs\react-dom-client.development.js:13997
recursivelyTraverseReconnectPassiveEffects @ C:\Users\USER\OneDrive\Desktop\PUP\node_modules\react-dom\cjs\react-dom-client.development.js:13976
reconnectPassiveEffects @ C:\Users\USER\OneDrive\Desktop\PUP\node_modules\react-dom\cjs\react-dom-client.development.js:13997
recursivelyTraverseReconnectPassiveEffects @ C:\Users\USER\OneDrive\Desktop\PUP\node_modules\react-dom\cjs\react-dom-client.development.js:13976
reconnectPassiveEffects @ C:\Users\USER\OneDrive\Desktop\PUP\node_modules\react-dom\cjs\react-dom-client.development.js:14051
recursivelyTraverseReconnectPassiveEffects @ C:\Users\USER\OneDrive\Desktop\PUP\node_modules\react-dom\cjs\react-dom-client.development.js:13976
reconnectPassiveEffects @ C:\Users\USER\OneDrive\Desktop\PUP\node_modules\react-dom\cjs\react-dom-client.development.js:14051
recursivelyTraverseReconnectPassiveEffects @ C:\Users\USER\OneDrive\Desktop\PUP\node_modules\react-dom\cjs\react-dom-client.development.js:13976
reconnectPassiveEffects @ C:\Users\USER\OneDrive\Desktop\PUP\node_modules\react-dom\cjs\react-dom-client.development.js:13997
recursivelyTraverseReconnectPassiveEffects @ C:\Users\USER\OneDrive\Desktop\PUP\node_modules\react-dom\cjs\react-dom-client.development.js:13976
reconnectPassiveEffects @ C:\Users\USER\OneDrive\Desktop\PUP\node_modules\react-dom\cjs\react-dom-client.development.js:14051
recursivelyTraverseReconnectPassiveEffects @ C:\Users\USER\OneDrive\Desktop\PUP\node_modules\react-dom\cjs\react-dom-client.development.js:13976
reconnectPassiveEffects @ C:\Users\USER\OneDrive\Desktop\PUP\node_modules\react-dom\cjs\react-dom-client.development.js:14051
recursivelyTraverseReconnectPassiveEffects @ C:\Users\USER\OneDrive\Desktop\PUP\node_modules\react-dom\cjs\react-dom-client.development.js:13976
reconnectPassiveEffects @ C:\Users\USER\OneDrive\Desktop\PUP\node_modules\react-dom\cjs\react-dom-client.development.js:14051
recursivelyTraverseReconnectPassiveEffects @ C:\Users\USER\OneDrive\Desktop\PUP\node_modules\react-dom\cjs\react-dom-client.development.js:13976
reconnectPassiveEffects @ C:\Users\USER\OneDrive\Desktop\PUP\node_modules\react-dom\cjs\react-dom-client.development.js:13997
recursivelyTraverseReconnectPassiveEffects @ C:\Users\USER\OneDrive\Desktop\PUP\node_modules\react-dom\cjs\react-dom-client.development.js:13976
reconnectPassiveEffects @ C:\Users\USER\OneDrive\Desktop\PUP\node_modules\react-dom\cjs\react-dom-client.development.js:14051
recursivelyTraverseReconnectPassiveEffects @ C:\Users\USER\OneDrive\Desktop\PUP\node_modules\react-dom\cjs\react-dom-client.development.js:13976
reconnectPassiveEffects @ C:\Users\USER\OneDrive\Desktop\PUP\node_modules\react-dom\cjs\react-dom-client.development.js:14051
recursivelyTraverseReconnectPassiveEffects @ C:\Users\USER\OneDrive\Desktop\PUP\node_modules\react-dom\cjs\react-dom-client.development.js:13976
reconnectPassiveEffects @ C:\Users\USER\OneDrive\Desktop\PUP\node_modules\react-dom\cjs\react-dom-client.development.js:14051
recursivelyTraverseReconnectPassiveEffects @ C:\Users\USER\OneDrive\Desktop\PUP\node_modules\react-dom\cjs\react-dom-client.development.js:13976
reconnectPassiveEffects @ C:\Users\USER\OneDrive\Desktop\PUP\node_modules\react-dom\cjs\react-dom-client.development.js:13997
recursivelyTraverseReconnectPassiveEffects @ C:\Users\USER\OneDrive\Desktop\PUP\node_modules\react-dom\cjs\react-dom-client.development.js:13976
reconnectPassiveEffects @ C:\Users\USER\OneDrive\Desktop\PUP\node_modules\react-dom\cjs\react-dom-client.development.js:14051
recursivelyTraverseReconnectPassiveEffects @ C:\Users\USER\OneDrive\Desktop\PUP\node_modules\react-dom\cjs\react-dom-client.development.js:13976
reconnectPassiveEffects @ C:\Users\USER\OneDrive\Desktop\PUP\node_modules\react-dom\cjs\react-dom-client.development.js:14051
recursivelyTraverseReconnectPassiveEffects @ C:\Users\USER\OneDrive\Desktop\PUP\node_modules\react-dom\cjs\react-dom-client.development.js:13976
reconnectPassiveEffects @ C:\Users\USER\OneDrive\Desktop\PUP\node_modules\react-dom\cjs\react-dom-client.development.js:14051
recursivelyTraverseReconnectPassiveEffects @ C:\Users\USER\OneDrive\Desktop\PUP\node_modules\react-dom\cjs\react-dom-client.development.js:13976
reconnectPassiveEffects @ C:\Users\USER\OneDrive\Desktop\PUP\node_modules\react-dom\cjs\react-dom-client.development.js:14051
recursivelyTraverseReconnectPassiveEffects @ C:\Users\USER\OneDrive\Desktop\PUP\node_modules\react-dom\cjs\react-dom-client.development.js:13976
reconnectPassiveEffects @ C:\Users\USER\OneDrive\Desktop\PUP\node_modules\react-dom\cjs\react-dom-client.development.js:13997
recursivelyTraverseReconnectPassiveEffects @ C:\Users\USER\OneDrive\Desktop\PUP\node_modules\react-dom\cjs\react-dom-client.development.js:13976
reconnectPassiveEffects @ C:\Users\USER\OneDrive\Desktop\PUP\node_modules\react-dom\cjs\react-dom-client.development.js:14051
recursivelyTraverseReconnectPassiveEffects @ C:\Users\USER\OneDrive\Desktop\PUP\node_modules\react-dom\cjs\react-dom-client.development.js:13976
reconnectPassiveEffects @ C:\Users\USER\OneDrive\Desktop\PUP\node_modules\react-dom\cjs\react-dom-client.development.js:13997
recursivelyTraverseReconnectPassiveEffects @ C:\Users\USER\OneDrive\Desktop\PUP\node_modules\react-dom\cjs\react-dom-client.development.js:13976
reconnectPassiveEffects @ C:\Users\USER\OneDrive\Desktop\PUP\node_modules\react-dom\cjs\react-dom-client.development.js:13997
recursivelyTraverseReconnectPassiveEffects @ C:\Users\USER\OneDrive\Desktop\PUP\node_modules\react-dom\cjs\react-dom-client.development.js:13976
reconnectPassiveEffects @ C:\Users\USER\OneDrive\Desktop\PUP\node_modules\react-dom\cjs\react-dom-client.development.js:13997
recursivelyTraverseReconnectPassiveEffects @ C:\Users\USER\OneDrive\Desktop\PUP\node_modules\react-dom\cjs\react-dom-client.development.js:13976
reconnectPassiveEffects @ C:\Users\USER\OneDrive\Desktop\PUP\node_modules\react-dom\cjs\react-dom-client.development.js:13997
recursivelyTraverseReconnectPassiveEffects @ C:\Users\USER\OneDrive\Desktop\PUP\node_modules\react-dom\cjs\react-dom-client.development.js:13976
reconnectPassiveEffects @ C:\Users\USER\OneDrive\Desktop\PUP\node_modules\react-dom\cjs\react-dom-client.development.js:14051
recursivelyTraverseReconnectPassiveEffects @ C:\Users\USER\OneDrive\Desktop\PUP\node_modules\react-dom\cjs\react-dom-client.development.js:13976
reconnectPassiveEffects @ C:\Users\USER\OneDrive\Desktop\PUP\node_modules\react-dom\cjs\react-dom-client.development.js:14051
recursivelyTraverseReconnectPassiveEffects @ C:\Users\USER\OneDrive\Desktop\PUP\node_modules\react-dom\cjs\react-dom-client.development.js:13976
reconnectPassiveEffects @ C:\Users\USER\OneDrive\Desktop\PUP\node_modules\react-dom\cjs\react-dom-client.development.js:13997
recursivelyTraverseReconnectPassiveEffects @ C:\Users\USER\OneDrive\Desktop\PUP\node_modules\react-dom\cjs\react-dom-client.development.js:13976
reconnectPassiveEffects @ C:\Users\USER\OneDrive\Desktop\PUP\node_modules\react-dom\cjs\react-dom-client.development.js:13997
recursivelyTraverseReconnectPassiveEffects @ C:\Users\USER\OneDrive\Desktop\PUP\node_modules\react-dom\cjs\react-dom-client.development.js:13976
reconnectPassiveEffects @ C:\Users\USER\OneDrive\Desktop\PUP\node_modules\react-dom\cjs\react-dom-client.development.js:14051
recursivelyTraverseReconnectPassiveEffects @ C:\Users\USER\OneDrive\Desktop\PUP\node_modules\react-dom\cjs\react-dom-client.development.js:13976
reconnectPassiveEffects @ C:\Users\USER\OneDrive\Desktop\PUP\node_modules\react-dom\cjs\react-dom-client.development.js:13997
recursivelyTraverseReconnectPassiveEffects @ C:\Users\USER\OneDrive\Desktop\PUP\node_modules\react-dom\cjs\react-dom-client.development.js:13976
reconnectPassiveEffects @ C:\Users\USER\OneDrive\Desktop\PUP\node_modules\react-dom\cjs\react-dom-client.development.js:13997
recursivelyTraverseReconnectPassiveEffects @ C:\Users\USER\OneDrive\Desktop\PUP\node_modules\react-dom\cjs\react-dom-client.development.js:13976
reconnectPassiveEffects @ C:\Users\USER\OneDrive\Desktop\PUP\node_modules\react-dom\cjs\react-dom-client.development.js:14051
recursivelyTraverseReconnectPassiveEffects @ C:\Users\USER\OneDrive\Desktop\PUP\node_modules\react-dom\cjs\react-dom-client.development.js:13976
reconnectPassiveEffects @ C:\Users\USER\OneDrive\Desktop\PUP\node_modules\react-dom\cjs\react-dom-client.development.js:13997
recursivelyTraverseReconnectPassiveEffects @ C:\Users\USER\OneDrive\Desktop\PUP\node_modules\react-dom\cjs\react-dom-client.development.js:13976
reconnectPassiveEffects @ C:\Users\USER\OneDrive\Desktop\PUP\node_modules\react-dom\cjs\react-dom-client.development.js:14051
recursivelyTraverseReconnectPassiveEffects @ C:\Users\USER\OneDrive\Desktop\PUP\node_modules\react-dom\cjs\react-dom-client.development.js:13976
reconnectPassiveEffects @ C:\Users\USER\OneDrive\Desktop\PUP\node_modules\react-dom\cjs\react-dom-client.development.js:13997
recursivelyTraverseReconnectPassiveEffects @ C:\Users\USER\OneDrive\Desktop\PUP\node_modules\react-dom\cjs\react-dom-client.development.js:13976
reconnectPassiveEffects @ C:\Users\USER\OneDrive\Desktop\PUP\node_modules\react-dom\cjs\react-dom-client.development.js:13997
recursivelyTraverseReconnectPassiveEffects @ C:\Users\USER\OneDrive\Desktop\PUP\node_modules\react-dom\cjs\react-dom-client.development.js:13976
reconnectPassiveEffects @ C:\Users\USER\OneDrive\Desktop\PUP\node_modules\react-dom\cjs\react-dom-client.development.js:13997
recursivelyTraverseReconnectPassiveEffects @ C:\Users\USER\OneDrive\Desktop\PUP\node_modules\react-dom\cjs\react-dom-client.development.js:13976
reconnectPassiveEffects @ C:\Users\USER\OneDrive\Desktop\PUP\node_modules\react-dom\cjs\react-dom-client.development.js:14051
recursivelyTraverseReconnectPassiveEffects @ C:\Users\USER\OneDrive\Desktop\PUP\node_modules\react-dom\cjs\react-dom-client.development.js:13976
reconnectPassiveEffects @ C:\Users\USER\OneDrive\Desktop\PUP\node_modules\react-dom\cjs\react-dom-client.development.js:13997
recursivelyTraverseReconnectPassiveEffects @ C:\Users\USER\OneDrive\Desktop\PUP\node_modules\react-dom\cjs\react-dom-client.development.js:13976
reconnectPassiveEffects @ C:\Users\USER\OneDrive\Desktop\PUP\node_modules\react-dom\cjs\react-dom-client.development.js:14051
recursivelyTraverseReconnectPassiveEffects @ C:\Users\USER\OneDrive\Desktop\PUP\node_modules\react-dom\cjs\react-dom-client.development.js:13976
reconnectPassiveEffects @ C:\Users\USER\OneDrive\Desktop\PUP\node_modules\react-dom\cjs\react-dom-client.development.js:14051
recursivelyTraverseReconnectPassiveEffects @ C:\Users\USER\OneDrive\Desktop\PUP\node_modules\react-dom\cjs\react-dom-client.development.js:13976
reconnectPassiveEffects @ C:\Users\USER\OneDrive\Desktop\PUP\node_modules\react-dom\cjs\react-dom-client.development.js:13997
recursivelyTraverseReconnectPassiveEffects @ C:\Users\USER\OneDrive\Desktop\PUP\node_modules\react-dom\cjs\react-dom-client.development.js:13976
reconnectPassiveEffects @ C:\Users\USER\OneDrive\Desktop\PUP\node_modules\react-dom\cjs\react-dom-client.development.js:14051
recursivelyTraverseReconnectPassiveEffects @ C:\Users\USER\OneDrive\Desktop\PUP\node_modules\react-dom\cjs\react-dom-client.development.js:13976
reconnectPassiveEffects @ C:\Users\USER\OneDrive\Desktop\PUP\node_modules\react-dom\cjs\react-dom-client.development.js:14051
recursivelyTraverseReconnectPassiveEffects @ C:\Users\USER\OneDrive\Desktop\PUP\node_modules\react-dom\cjs\react-dom-client.development.js:13976
reconnectPassiveEffects @ C:\Users\USER\OneDrive\Desktop\PUP\node_modules\react-dom\cjs\react-dom-client.development.js:13997
recursivelyTraverseReconnectPassiveEffects @ C:\Users\USER\OneDrive\Desktop\PUP\node_modules\react-dom\cjs\react-dom-client.development.js:13976
reconnectPassiveEffects @ C:\Users\USER\OneDrive\Desktop\PUP\node_modules\react-dom\cjs\react-dom-client.development.js:13997
recursivelyTraverseReconnectPassiveEffects @ C:\Users\USER\OneDrive\Desktop\PUP\node_modules\react-dom\cjs\react-dom-client.development.js:13976
reconnectPassiveEffects @ C:\Users\USER\OneDrive\Desktop\PUP\node_modules\react-dom\cjs\react-dom-client.development.js:13997
recursivelyTraverseReconnectPassiveEffects @ C:\Users\USER\OneDrive\Desktop\PUP\node_modules\react-dom\cjs\react-dom-client.development.js:13976
reconnectPassiveEffects @ C:\Users\USER\OneDrive\Desktop\PUP\node_modules\react-dom\cjs\react-dom-client.development.js:13997
recursivelyTraverseReconnectPassiveEffects @ C:\Users\USER\OneDrive\Desktop\PUP\node_modules\react-dom\cjs\react-dom-client.development.js:13976
reconnectPassiveEffects @ C:\Users\USER\OneDrive\Desktop\PUP\node_modules\react-dom\cjs\react-dom-client.development.js:13997
recursivelyTraverseReconnectPassiveEffects @ C:\Users\USER\OneDrive\Desktop\PUP\node_modules\react-dom\cjs\react-dom-client.development.js:13976
reconnectPassiveEffects @ C:\Users\USER\OneDrive\Desktop\PUP\node_modules\react-dom\cjs\react-dom-client.development.js:13997
recursivelyTraverseReconnectPassiveEffects @ C:\Users\USER\OneDrive\Desktop\PUP\node_modules\react-dom\cjs\react-dom-client.development.js:13976
commitPassiveMountOnFiber @ C:\Users\USER\OneDrive\Desktop\PUP\node_modules\react-dom\cjs\react-dom-client.development.js:13936
recursivelyTraversePassiveMountEffects @ C:\Users\USER\OneDrive\Desktop\PUP\node_modules\react-dom\cjs\react-dom-client.development.js:13815
commitPassiveMountOnFiber @ C:\Users\USER\OneDrive\Desktop\PUP\node_modules\react-dom\cjs\react-dom-client.development.js:13903
recursivelyTraversePassiveMountEffects @ C:\Users\USER\OneDrive\Desktop\PUP\node_modules\react-dom\cjs\react-dom-client.development.js:13815
commitPassiveMountOnFiber @ C:\Users\USER\OneDrive\Desktop\PUP\node_modules\react-dom\cjs\react-dom-client.development.js:13957
recursivelyTraversePassiveMountEffects @ C:\Users\USER\OneDrive\Desktop\PUP\node_modules\react-dom\cjs\react-dom-client.development.js:13815
commitPassiveMountOnFiber @ C:\Users\USER\OneDrive\Desktop\PUP\node_modules\react-dom\cjs\react-dom-client.development.js:13957
recursivelyTraversePassiveMountEffects @ C:\Users\USER\OneDrive\Desktop\PUP\node_modules\react-dom\cjs\react-dom-client.development.js:13815
commitPassiveMountOnFiber @ C:\Users\USER\OneDrive\Desktop\PUP\node_modules\react-dom\cjs\react-dom-client.development.js:13834
recursivelyTraversePassiveMountEffects @ C:\Users\USER\OneDrive\Desktop\PUP\node_modules\react-dom\cjs\react-dom-client.development.js:13815
commitPassiveMountOnFiber @ C:\Users\USER\OneDrive\Desktop\PUP\node_modules\react-dom\cjs\react-dom-client.development.js:13834
recursivelyTraversePassiveMountEffects @ C:\Users\USER\OneDrive\Desktop\PUP\node_modules\react-dom\cjs\react-dom-client.development.js:13815
commitPassiveMountOnFiber @ C:\Users\USER\OneDrive\Desktop\PUP\node_modules\react-dom\cjs\react-dom-client.development.js:13834
recursivelyTraversePassiveMountEffects @ C:\Users\USER\OneDrive\Desktop\PUP\node_modules\react-dom\cjs\react-dom-client.development.js:13815
commitPassiveMountOnFiber @ C:\Users\USER\OneDrive\Desktop\PUP\node_modules\react-dom\cjs\react-dom-client.development.js:13957
recursivelyTraversePassiveMountEffects @ C:\Users\USER\OneDrive\Desktop\PUP\node_modules\react-dom\cjs\react-dom-client.development.js:13815
commitPassiveMountOnFiber @ C:\Users\USER\OneDrive\Desktop\PUP\node_modules\react-dom\cjs\react-dom-client.development.js:13957
recursivelyTraversePassiveMountEffects @ C:\Users\USER\OneDrive\Desktop\PUP\node_modules\react-dom\cjs\react-dom-client.development.js:13815
commitPassiveMountOnFiber @ C:\Users\USER\OneDrive\Desktop\PUP\node_modules\react-dom\cjs\react-dom-client.development.js:13834
recursivelyTraversePassiveMountEffects @ C:\Users\USER\OneDrive\Desktop\PUP\node_modules\react-dom\cjs\react-dom-client.development.js:13815
commitPassiveMountOnFiber @ C:\Users\USER\OneDrive\Desktop\PUP\node_modules\react-dom\cjs\react-dom-client.development.js:13957
recursivelyTraversePassiveMountEffects @ C:\Users\USER\OneDrive\Desktop\PUP\node_modules\react-dom\cjs\react-dom-client.development.js:13815
commitPassiveMountOnFiber @ C:\Users\USER\OneDrive\Desktop\PUP\node_modules\react-dom\cjs\react-dom-client.development.js:13957
recursivelyTraversePassiveMountEffects @ C:\Users\USER\OneDrive\Desktop\PUP\node_modules\react-dom\cjs\react-dom-client.development.js:13815
commitPassiveMountOnFiber @ C:\Users\USER\OneDrive\Desktop\PUP\node_modules\react-dom\cjs\react-dom-client.development.js:13957
recursivelyTraversePassiveMountEffects @ C:\Users\USER\OneDrive\Desktop\PUP\node_modules\react-dom\cjs\react-dom-client.development.js:13815
commitPassiveMountOnFiber @ C:\Users\USER\OneDrive\Desktop\PUP\node_modules\react-dom\cjs\react-dom-client.development.js:13834
recursivelyTraversePassiveMountEffects @ C:\Users\USER\OneDrive\Desktop\PUP\node_modules\react-dom\cjs\react-dom-client.development.js:13815
commitPassiveMountOnFiber @ C:\Users\USER\OneDrive\Desktop\PUP\node_modules\react-dom\cjs\react-dom-client.development.js:13957
recursivelyTraversePassiveMountEffects @ C:\Users\USER\OneDrive\Desktop\PUP\node_modules\react-dom\cjs\react-dom-client.development.js:13815
commitPassiveMountOnFiber @ C:\Users\USER\OneDrive\Desktop\PUP\node_modules\react-dom\cjs\react-dom-client.development.js:13957
recursivelyTraversePassiveMountEffects @ C:\Users\USER\OneDrive\Desktop\PUP\node_modules\react-dom\cjs\react-dom-client.development.js:13815
commitPassiveMountOnFiber @ C:\Users\USER\OneDrive\Desktop\PUP\node_modules\react-dom\cjs\react-dom-client.development.js:13957
recursivelyTraversePassiveMountEffects @ C:\Users\USER\OneDrive\Desktop\PUP\node_modules\react-dom\cjs\react-dom-client.development.js:13815
commitPassiveMountOnFiber @ C:\Users\USER\OneDrive\Desktop\PUP\node_modules\react-dom\cjs\react-dom-client.development.js:13834
recursivelyTraversePassiveMountEffects @ C:\Users\USER\OneDrive\Desktop\PUP\node_modules\react-dom\cjs\react-dom-client.development.js:13815
commitPassiveMountOnFiber @ C:\Users\USER\OneDrive\Desktop\PUP\node_modules\react-dom\cjs\react-dom-client.development.js:13957
recursivelyTraversePassiveMountEffects @ C:\Users\USER\OneDrive\Desktop\PUP\node_modules\react-dom\cjs\react-dom-client.development.js:13815
commitPassiveMountOnFiber @ C:\Users\USER\OneDrive\Desktop\PUP\node_modules\react-dom\cjs\react-dom-client.development.js:13957
recursivelyTraversePassiveMountEffects @ C:\Users\USER\OneDrive\Desktop\PUP\node_modules\react-dom\cjs\react-dom-client.development.js:13815
commitPassiveMountOnFiber @ C:\Users\USER\OneDrive\Desktop\PUP\node_modules\react-dom\cjs\react-dom-client.development.js:13834
recursivelyTraversePassiveMountEffects @ C:\Users\USER\OneDrive\Desktop\PUP\node_modules\react-dom\cjs\react-dom-client.development.js:13815
commitPassiveMountOnFiber @ C:\Users\USER\OneDrive\Desktop\PUP\node_modules\react-dom\cjs\react-dom-client.development.js:13957
recursivelyTraversePassiveMountEffects @ C:\Users\USER\OneDrive\Desktop\PUP\node_modules\react-dom\cjs\react-dom-client.development.js:13815
commitPassiveMountOnFiber @ C:\Users\USER\OneDrive\Desktop\PUP\node_modules\react-dom\cjs\react-dom-client.development.js:13957
recursivelyTraversePassiveMountEffects @ C:\Users\USER\OneDrive\Desktop\PUP\node_modules\react-dom\cjs\react-dom-client.development.js:13815
commitPassiveMountOnFiber @ C:\Users\USER\OneDrive\Desktop\PUP\node_modules\react-dom\cjs\react-dom-client.development.js:13834
recursivelyTraversePassiveMountEffects @ C:\Users\USER\OneDrive\Desktop\PUP\node_modules\react-dom\cjs\react-dom-client.development.js:13815
commitPassiveMountOnFiber @ C:\Users\USER\OneDrive\Desktop\PUP\node_modules\react-dom\cjs\react-dom-client.development.js:13957
recursivelyTraversePassiveMountEffects @ C:\Users\USER\OneDrive\Desktop\PUP\node_modules\react-dom\cjs\react-dom-client.development.js:13815
commitPassiveMountOnFiber @ C:\Users\USER\OneDrive\Desktop\PUP\node_modules\react-dom\cjs\react-dom-client.development.js:13957
recursivelyTraversePassiveMountEffects @ C:\Users\USER\OneDrive\Desktop\PUP\node_modules\react-dom\cjs\react-dom-client.development.js:13815
commitPassiveMountOnFiber @ C:\Users\USER\OneDrive\Desktop\PUP\node_modules\react-dom\cjs\react-dom-client.development.js:13834
recursivelyTraversePassiveMountEffects @ C:\Users\USER\OneDrive\Desktop\PUP\node_modules\react-dom\cjs\react-dom-client.development.js:13815
commitPassiveMountOnFiber @ C:\Users\USER\OneDrive\Desktop\PUP\node_modules\react-dom\cjs\react-dom-client.development.js:13834
recursivelyTraversePassiveMountEffects @ C:\Users\USER\OneDrive\Desktop\PUP\node_modules\react-dom\cjs\react-dom-client.development.js:13815
commitPassiveMountOnFiber @ C:\Users\USER\OneDrive\Desktop\PUP\node_modules\react-dom\cjs\react-dom-client.development.js:13834
recursivelyTraversePassiveMountEffects @ C:\Users\USER\OneDrive\Desktop\PUP\node_modules\react-dom\cjs\react-dom-client.development.js:13815
commitPassiveMountOnFiber @ C:\Users\USER\OneDrive\Desktop\PUP\node_modules\react-dom\cjs\react-dom-client.development.js:13834
recursivelyTraversePassiveMountEffects @ C:\Users\USER\OneDrive\Desktop\PUP\node_modules\react-dom\cjs\react-dom-client.development.js:13815
commitPassiveMountOnFiber @ C:\Users\USER\OneDrive\Desktop\PUP\node_modules\react-dom\cjs\react-dom-client.development.js:13957
recursivelyTraversePassiveMountEffects @ C:\Users\USER\OneDrive\Desktop\PUP\node_modules\react-dom\cjs\react-dom-client.development.js:13815
commitPassiveMountOnFiber @ C:\Users\USER\OneDrive\Desktop\PUP\node_modules\react-dom\cjs\react-dom-client.development.js:13834
recursivelyTraversePassiveMountEffects @ C:\Users\USER\OneDrive\Desktop\PUP\node_modules\react-dom\cjs\react-dom-client.development.js:13815
commitPassiveMountOnFiber @ C:\Users\USER\OneDrive\Desktop\PUP\node_modules\react-dom\cjs\react-dom-client.development.js:13834
recursivelyTraversePassiveMountEffects @ C:\Users\USER\OneDrive\Desktop\PUP\node_modules\react-dom\cjs\react-dom-client.development.js:13815
commitPassiveMountOnFiber @ C:\Users\USER\OneDrive\Desktop\PUP\node_modules\react-dom\cjs\react-dom-client.development.js:13928
recursivelyTraversePassiveMountEffects @ C:\Users\USER\OneDrive\Desktop\PUP\node_modules\react-dom\cjs\react-dom-client.development.js:13815
commitPassiveMountOnFiber @ C:\Users\USER\OneDrive\Desktop\PUP\node_modules\react-dom\cjs\react-dom-client.development.js:13903
recursivelyTraversePassiveMountEffects @ C:\Users\USER\OneDrive\Desktop\PUP\node_modules\react-dom\cjs\react-dom-client.development.js:13815
commitPassiveMountOnFiber @ C:\Users\USER\OneDrive\Desktop\PUP\node_modules\react-dom\cjs\react-dom-client.development.js:13957
recursivelyTraversePassiveMountEffects @ C:\Users\USER\OneDrive\Desktop\PUP\node_modules\react-dom\cjs\react-dom-client.development.js:13815
commitPassiveMountOnFiber @ C:\Users\USER\OneDrive\Desktop\PUP\node_modules\react-dom\cjs\react-dom-client.development.js:13957
recursivelyTraversePassiveMountEffects @ C:\Users\USER\OneDrive\Desktop\PUP\node_modules\react-dom\cjs\react-dom-client.development.js:13815
commitPassiveMountOnFiber @ C:\Users\USER\OneDrive\Desktop\PUP\node_modules\react-dom\cjs\react-dom-client.development.js:13834
recursivelyTraversePassiveMountEffects @ C:\Users\USER\OneDrive\Desktop\PUP\node_modules\react-dom\cjs\react-dom-client.development.js:13815
commitPassiveMountOnFiber @ C:\Users\USER\OneDrive\Desktop\PUP\node_modules\react-dom\cjs\react-dom-client.development.js:13834
recursivelyTraversePassiveMountEffects @ C:\Users\USER\OneDrive\Desktop\PUP\node_modules\react-dom\cjs\react-dom-client.development.js:13815
commitPassiveMountOnFiber @ C:\Users\USER\OneDrive\Desktop\PUP\node_modules\react-dom\cjs\react-dom-client.development.js:13834
recursivelyTraversePassiveMountEffects @ C:\Users\USER\OneDrive\Desktop\PUP\node_modules\react-dom\cjs\react-dom-client.development.js:13815
commitPassiveMountOnFiber @ C:\Users\USER\OneDrive\Desktop\PUP\node_modules\react-dom\cjs\react-dom-client.development.js:13957
recursivelyTraversePassiveMountEffects @ C:\Users\USER\OneDrive\Desktop\PUP\node_modules\react-dom\cjs\react-dom-client.development.js:13815
commitPassiveMountOnFiber @ C:\Users\USER\OneDrive\Desktop\PUP\node_modules\react-dom\cjs\react-dom-client.development.js:13957
recursivelyTraversePassiveMountEffects @ C:\Users\USER\OneDrive\Desktop\PUP\node_modules\react-dom\cjs\react-dom-client.development.js:13815
commitPassiveMountOnFiber @ C:\Users\USER\OneDrive\Desktop\PUP\node_modules\react-dom\cjs\react-dom-client.development.js:13834
<HomeScreen(./(tabs)/index.tsx)>
exports.jsxDEV @ C:\Users\USER\OneDrive\Desktop\PUP\node_modules\react\cjs\react-jsx-dev-runtime.development.js:346
BaseRoute @ C:\Users\USER\OneDrive\Desktop\PUP\node_modules\expo-router\build\useScreens.js:213
react-stack-bottom-frame @ C:\Users\USER\OneDrive\Desktop\PUP\node_modules\react-dom\cjs\react-dom-client.development.js:23863
renderWithHooks @ C:\Users\USER\OneDrive\Desktop\PUP\node_modules\react-dom\cjs\react-dom-client.development.js:5529
updateFunctionComponent @ C:\Users\USER\OneDrive\Desktop\PUP\node_modules\react-dom\cjs\react-dom-client.development.js:8897
beginWork @ C:\Users\USER\OneDrive\Desktop\PUP\node_modules\react-dom\cjs\react-dom-client.development.js:10522
runWithFiberInDEV @ C:\Users\USER\OneDrive\Desktop\PUP\node_modules\react-dom\cjs\react-dom-client.development.js:1519
performUnitOfWork @ C:\Users\USER\OneDrive\Desktop\PUP\node_modules\react-dom\cjs\react-dom-client.development.js:15132
workLoopSync @ C:\Users\USER\OneDrive\Desktop\PUP\node_modules\react-dom\cjs\react-dom-client.development.js:14956
renderRootSync @ C:\Users\USER\OneDrive\Desktop\PUP\node_modules\react-dom\cjs\react-dom-client.development.js:14936
performWorkOnRoot @ C:\Users\USER\OneDrive\Desktop\PUP\node_modules\react-dom\cjs\react-dom-client.development.js:14419
performSyncWorkOnRoot @ C:\Users\USER\OneDrive\Desktop\PUP\node_modules\react-dom\cjs\react-dom-client.development.js:16231
flushSyncWorkAcrossRoots_impl @ C:\Users\USER\OneDrive\Desktop\PUP\node_modules\react-dom\cjs\react-dom-client.development.js:16079
flushPassiveEffects @ C:\Users\USER\OneDrive\Desktop\PUP\node_modules\react-dom\cjs\react-dom-client.development.js:15749
(anonymous) @ C:\Users\USER\OneDrive\Desktop\PUP\node_modules\react-dom\cjs\react-dom-client.development.js:15379
performWorkUntilDeadline @ C:\Users\USER\OneDrive\Desktop\PUP\node_modules\scheduler\cjs\scheduler.development.js:45
<Route(index)>
exports.jsx @ C:\Users\USER\OneDrive\Desktop\PUP\node_modules\react\cjs\react-jsx-runtime.development.js:339
SceneView @ C:\Users\USER\OneDrive\Desktop\PUP\node_modules\@react-navigation\core\lib\module\SceneView.js:125
react-stack-bottom-frame @ C:\Users\USER\OneDrive\Desktop\PUP\node_modules\react-dom\cjs\react-dom-client.development.js:23863
renderWithHooks @ C:\Users\USER\OneDrive\Desktop\PUP\node_modules\react-dom\cjs\react-dom-client.development.js:5529
updateFunctionComponent @ C:\Users\USER\OneDrive\Desktop\PUP\node_modules\react-dom\cjs\react-dom-client.development.js:8897
beginWork @ C:\Users\USER\OneDrive\Desktop\PUP\node_modules\react-dom\cjs\react-dom-client.development.js:10522
runWithFiberInDEV @ C:\Users\USER\OneDrive\Desktop\PUP\node_modules\react-dom\cjs\react-dom-client.development.js:1519
performUnitOfWork @ C:\Users\USER\OneDrive\Desktop\PUP\node_modules\react-dom\cjs\react-dom-client.development.js:15132
workLoopSync @ C:\Users\USER\OneDrive\Desktop\PUP\node_modules\react-dom\cjs\react-dom-client.development.js:14956
renderRootSync @ C:\Users\USER\OneDrive\Desktop\PUP\node_modules\react-dom\cjs\react-dom-client.development.js:14936
performWorkOnRoot @ C:\Users\USER\OneDrive\Desktop\PUP\node_modules\react-dom\cjs\react-dom-client.development.js:14419
performSyncWorkOnRoot @ C:\Users\USER\OneDrive\Desktop\PUP\node_modules\react-dom\cjs\react-dom-client.development.js:16231
flushSyncWorkAcrossRoots_impl @ C:\Users\USER\OneDrive\Desktop\PUP\node_modules\react-dom\cjs\react-dom-client.development.js:16079
flushPassiveEffects @ C:\Users\USER\OneDrive\Desktop\PUP\node_modules\react-dom\cjs\react-dom-client.development.js:15749
(anonymous) @ C:\Users\USER\OneDrive\Desktop\PUP\node_modules\react-dom\cjs\react-dom-client.development.js:15379
performWorkUntilDeadline @ C:\Users\USER\OneDrive\Desktop\PUP\node_modules\scheduler\cjs\scheduler.development.js:45
<SceneView>
exports.jsx @ C:\Users\USER\OneDrive\Desktop\PUP\node_modules\react\cjs\react-jsx-runtime.development.js:339
render @ C:\Users\USER\OneDrive\Desktop\PUP\node_modules\@react-navigation\core\lib\module\useDescriptors.js:108
(anonymous) @ C:\Users\USER\OneDrive\Desktop\PUP\node_modules\@react-navigation\core\lib\module\useDescriptors.js:140
useDescriptors @ C:\Users\USER\OneDrive\Desktop\PUP\node_modules\@react-navigation\core\lib\module\useDescriptors.js:137
useNavigationBuilder @ C:\Users\USER\OneDrive\Desktop\PUP\node_modules\@react-navigation\core\lib\module\useNavigationBuilder.js:562
BottomTabNavigator @ C:\Users\USER\OneDrive\Desktop\PUP\node_modules\@react-navigation\bottom-tabs\lib\module\navigators\createBottomTabNavigator.js:24
react-stack-bottom-frame @ C:\Users\USER\OneDrive\Desktop\PUP\node_modules\react-dom\cjs\react-dom-client.development.js:23863
renderWithHooks @ C:\Users\USER\OneDrive\Desktop\PUP\node_modules\react-dom\cjs\react-dom-client.development.js:5529
updateFunctionComponent @ C:\Users\USER\OneDrive\Desktop\PUP\node_modules\react-dom\cjs\react-dom-client.development.js:8897
beginWork @ C:\Users\USER\OneDrive\Desktop\PUP\node_modules\react-dom\cjs\react-dom-client.development.js:10522
runWithFiberInDEV @ C:\Users\USER\OneDrive\Desktop\PUP\node_modules\react-dom\cjs\react-dom-client.development.js:1519
performUnitOfWork @ C:\Users\USER\OneDrive\Desktop\PUP\node_modules\react-dom\cjs\react-dom-client.development.js:15132
workLoopSync @ C:\Users\USER\OneDrive\Desktop\PUP\node_modules\react-dom\cjs\react-dom-client.development.js:14956
renderRootSync @ C:\Users\USER\OneDrive\Desktop\PUP\node_modules\react-dom\cjs\react-dom-client.development.js:14936
performWorkOnRoot @ C:\Users\USER\OneDrive\Desktop\PUP\node_modules\react-dom\cjs\react-dom-client.development.js:14419
performSyncWorkOnRoot @ C:\Users\USER\OneDrive\Desktop\PUP\node_modules\react-dom\cjs\react-dom-client.development.js:16231
flushSyncWorkAcrossRoots_impl @ C:\Users\USER\OneDrive\Desktop\PUP\node_modules\react-dom\cjs\react-dom-client.development.js:16079
flushPassiveEffects @ C:\Users\USER\OneDrive\Desktop\PUP\node_modules\react-dom\cjs\react-dom-client.development.js:15749
(anonymous) @ C:\Users\USER\OneDrive\Desktop\PUP\node_modules\react-dom\cjs\react-dom-client.development.js:15379
performWorkUntilDeadline @ C:\Users\USER\OneDrive\Desktop\PUP\node_modules\scheduler\cjs\scheduler.development.js:45
<BottomTabNavigator>
exports.jsxDEV @ C:\Users\USER\OneDrive\Desktop\PUP\node_modules\react\cjs\react-jsx-dev-runtime.development.js:346
(anonymous) @ C:\Users\USER\OneDrive\Desktop\PUP\node_modules\expo-router\build\layouts\withLayoutContext.js:156
react-stack-bottom-frame @ C:\Users\USER\OneDrive\Desktop\PUP\node_modules\react-dom\cjs\react-dom-client.development.js:23863
renderWithHooks @ C:\Users\USER\OneDrive\Desktop\PUP\node_modules\react-dom\cjs\react-dom-client.development.js:5529
updateForwardRef @ C:\Users\USER\OneDrive\Desktop\PUP\node_modules\react-dom\cjs\react-dom-client.development.js:8645
beginWork @ C:\Users\USER\OneDrive\Desktop\PUP\node_modules\react-dom\cjs\react-dom-client.development.js:10861
runWithFiberInDEV @ C:\Users\USER\OneDrive\Desktop\PUP\node_modules\react-dom\cjs\react-dom-client.development.js:1519
performUnitOfWork @ C:\Users\USER\OneDrive\Desktop\PUP\node_modules\react-dom\cjs\react-dom-client.development.js:15132
workLoopSync @ C:\Users\USER\OneDrive\Desktop\PUP\node_modules\react-dom\cjs\react-dom-client.development.js:14956
renderRootSync @ C:\Users\USER\OneDrive\Desktop\PUP\node_modules\react-dom\cjs\react-dom-client.development.js:14936
performWorkOnRoot @ C:\Users\USER\OneDrive\Desktop\PUP\node_modules\react-dom\cjs\react-dom-client.development.js:14419
performSyncWorkOnRoot @ C:\Users\USER\OneDrive\Desktop\PUP\node_modules\react-dom\cjs\react-dom-client.development.js:16231
flushSyncWorkAcrossRoots_impl @ C:\Users\USER\OneDrive\Desktop\PUP\node_modules\react-dom\cjs\react-dom-client.development.js:16079
flushPassiveEffects @ C:\Users\USER\OneDrive\Desktop\PUP\node_modules\react-dom\cjs\react-dom-client.development.js:15749
(anonymous) @ C:\Users\USER\OneDrive\Desktop\PUP\node_modules\react-dom\cjs\react-dom-client.development.js:15379
performWorkUntilDeadline @ C:\Users\USER\OneDrive\Desktop\PUP\node_modules\scheduler\cjs\scheduler.development.js:45
<ForwardRef>
exports.jsxDEV @ C:\Users\USER\OneDrive\Desktop\PUP\node_modules\react\cjs\react-jsx-dev-runtime.development.js:346
Object.assign.Screen @ C:\Users\USER\OneDrive\Desktop\PUP\node_modules\expo-router\build\layouts\TabsClient.js:46
react-stack-bottom-frame @ C:\Users\USER\OneDrive\Desktop\PUP\node_modules\react-dom\cjs\react-dom-client.development.js:23863
renderWithHooks @ C:\Users\USER\OneDrive\Desktop\PUP\node_modules\react-dom\cjs\react-dom-client.development.js:5529
updateFunctionComponent @ C:\Users\USER\OneDrive\Desktop\PUP\node_modules\react-dom\cjs\react-dom-client.development.js:8897
beginWork @ C:\Users\USER\OneDrive\Desktop\PUP\node_modules\react-dom\cjs\react-dom-client.development.js:10522
runWithFiberInDEV @ C:\Users\USER\OneDrive\Desktop\PUP\node_modules\react-dom\cjs\react-dom-client.development.js:1519
performUnitOfWork @ C:\Users\USER\OneDrive\Desktop\PUP\node_modules\react-dom\cjs\react-dom-client.development.js:15132
workLoopSync @ C:\Users\USER\OneDrive\Desktop\PUP\node_modules\react-dom\cjs\react-dom-client.development.js:14956
renderRootSync @ C:\Users\USER\OneDrive\Desktop\PUP\node_modules\react-dom\cjs\react-dom-client.development.js:14936
performWorkOnRoot @ C:\Users\USER\OneDrive\Desktop\PUP\node_modules\react-dom\cjs\react-dom-client.development.js:14419
performSyncWorkOnRoot @ C:\Users\USER\OneDrive\Desktop\PUP\node_modules\react-dom\cjs\react-dom-client.development.js:16231
flushSyncWorkAcrossRoots_impl @ C:\Users\USER\OneDrive\Desktop\PUP\node_modules\react-dom\cjs\react-dom-client.development.js:16079
flushPassiveEffects @ C:\Users\USER\OneDrive\Desktop\PUP\node_modules\react-dom\cjs\react-dom-client.development.js:15749
(anonymous) @ C:\Users\USER\OneDrive\Desktop\PUP\node_modules\react-dom\cjs\react-dom-client.development.js:15379
performWorkUntilDeadline @ C:\Users\USER\OneDrive\Desktop\PUP\node_modules\scheduler\cjs\scheduler.development.js:45
<...>
exports.jsxDEV @ C:\Users\USER\OneDrive\Desktop\PUP\node_modules\react\cjs\react-jsx-dev-runtime.development.js:346
TabLayout @ C:\Users\USER\OneDrive\Desktop\PUP\app\(tabs)\_layout.tsx:6
react-stack-bottom-frame @ C:\Users\USER\OneDrive\Desktop\PUP\node_modules\react-dom\cjs\react-dom-client.development.js:23863
renderWithHooks @ C:\Users\USER\OneDrive\Desktop\PUP\node_modules\react-dom\cjs\react-dom-client.development.js:5529
updateFunctionComponent @ C:\Users\USER\OneDrive\Desktop\PUP\node_modules\react-dom\cjs\react-dom-client.development.js:8897
beginWork @ C:\Users\USER\OneDrive\Desktop\PUP\node_modules\react-dom\cjs\react-dom-client.development.js:10522
runWithFiberInDEV @ C:\Users\USER\OneDrive\Desktop\PUP\node_modules\react-dom\cjs\react-dom-client.development.js:1519
performUnitOfWork @ C:\Users\USER\OneDrive\Desktop\PUP\node_modules\react-dom\cjs\react-dom-client.development.js:15132
workLoopSync @ C:\Users\USER\OneDrive\Desktop\PUP\node_modules\react-dom\cjs\react-dom-client.development.js:14956
renderRootSync @ C:\Users\USER\OneDrive\Desktop\PUP\node_modules\react-dom\cjs\react-dom-client.development.js:14936
performWorkOnRoot @ C:\Users\USER\OneDrive\Desktop\PUP\node_modules\react-dom\cjs\react-dom-client.development.js:14419
performSyncWorkOnRoot @ C:\Users\USER\OneDrive\Desktop\PUP\node_modules\react-dom\cjs\react-dom-client.development.js:16231
flushSyncWorkAcrossRoots_impl @ C:\Users\USER\OneDrive\Desktop\PUP\node_modules\react-dom\cjs\react-dom-client.development.js:16079
flushPassiveEffects @ C:\Users\USER\OneDrive\Desktop\PUP\node_modules\react-dom\cjs\react-dom-client.development.js:15749
(anonymous) @ C:\Users\USER\OneDrive\Desktop\PUP\node_modules\react-dom\cjs\react-dom-client.development.js:15379
performWorkUntilDeadline @ C:\Users\USER\OneDrive\Desktop\PUP\node_modules\scheduler\cjs\scheduler.development.js:45
<TabLayout(./(tabs)/_layout.tsx)>
exports.jsxDEV @ C:\Users\USER\OneDrive\Desktop\PUP\node_modules\react\cjs\react-jsx-dev-runtime.development.js:346
BaseRoute @ C:\Users\USER\OneDrive\Desktop\PUP\node_modules\expo-router\build\useScreens.js:213
react-stack-bottom-frame @ C:\Users\USER\OneDrive\Desktop\PUP\node_modules\react-dom\cjs\react-dom-client.development.js:23863
renderWithHooks @ C:\Users\USER\OneDrive\Desktop\PUP\node_modules\react-dom\cjs\react-dom-client.development.js:5529
updateFunctionComponent @ C:\Users\USER\OneDrive\Desktop\PUP\node_modules\react-dom\cjs\react-dom-client.development.js:8897
beginWork @ C:\Users\USER\OneDrive\Desktop\PUP\node_modules\react-dom\cjs\react-dom-client.development.js:10522
runWithFiberInDEV @ C:\Users\USER\OneDrive\Desktop\PUP\node_modules\react-dom\cjs\react-dom-client.development.js:1519
performUnitOfWork @ C:\Users\USER\OneDrive\Desktop\PUP\node_modules\react-dom\cjs\react-dom-client.development.js:15132
workLoopSync @ C:\Users\USER\OneDrive\Desktop\PUP\node_modules\react-dom\cjs\react-dom-client.development.js:14956
renderRootSync @ C:\Users\USER\OneDrive\Desktop\PUP\node_modules\react-dom\cjs\react-dom-client.development.js:14936
performWorkOnRoot @ C:\Users\USER\OneDrive\Desktop\PUP\node_modules\react-dom\cjs\react-dom-client.development.js:14419
performSyncWorkOnRoot @ C:\Users\USER\OneDrive\Desktop\PUP\node_modules\react-dom\cjs\react-dom-client.development.js:16231
flushSyncWorkAcrossRoots_impl @ C:\Users\USER\OneDrive\Desktop\PUP\node_modules\react-dom\cjs\react-dom-client.development.js:16079
flushPassiveEffects @ C:\Users\USER\OneDrive\Desktop\PUP\node_modules\react-dom\cjs\react-dom-client.development.js:15749
(anonymous) @ C:\Users\USER\OneDrive\Desktop\PUP\node_modules\react-dom\cjs\react-dom-client.development.js:15379
performWorkUntilDeadline @ C:\Users\USER\OneDrive\Desktop\PUP\node_modules\scheduler\cjs\scheduler.development.js:45
<Route((tabs))>
exports.jsx @ C:\Users\USER\OneDrive\Desktop\PUP\node_modules\react\cjs\react-jsx-runtime.development.js:339
SceneView @ C:\Users\USER\OneDrive\Desktop\PUP\node_modules\@react-navigation\core\lib\module\SceneView.js:125
react-stack-bottom-frame @ C:\Users\USER\OneDrive\Desktop\PUP\node_modules\react-dom\cjs\react-dom-client.development.js:23863
renderWithHooks @ C:\Users\USER\OneDrive\Desktop\PUP\node_modules\react-dom\cjs\react-dom-client.development.js:5529
updateFunctionComponent @ C:\Users\USER\OneDrive\Desktop\PUP\node_modules\react-dom\cjs\react-dom-client.development.js:8897
beginWork @ C:\Users\USER\OneDrive\Desktop\PUP\node_modules\react-dom\cjs\react-dom-client.development.js:10522
runWithFiberInDEV @ C:\Users\USER\OneDrive\Desktop\PUP\node_modules\react-dom\cjs\react-dom-client.development.js:1519
performUnitOfWork @ C:\Users\USER\OneDrive\Desktop\PUP\node_modules\react-dom\cjs\react-dom-client.development.js:15132
workLoopSync @ C:\Users\USER\OneDrive\Desktop\PUP\node_modules\react-dom\cjs\react-dom-client.development.js:14956
renderRootSync @ C:\Users\USER\OneDrive\Desktop\PUP\node_modules\react-dom\cjs\react-dom-client.development.js:14936
performWorkOnRoot @ C:\Users\USER\OneDrive\Desktop\PUP\node_modules\react-dom\cjs\react-dom-client.development.js:14419
performSyncWorkOnRoot @ C:\Users\USER\OneDrive\Desktop\PUP\node_modules\react-dom\cjs\react-dom-client.development.js:16231
flushSyncWorkAcrossRoots_impl @ C:\Users\USER\OneDrive\Desktop\PUP\node_modules\react-dom\cjs\react-dom-client.development.js:16079
flushPassiveEffects @ C:\Users\USER\OneDrive\Desktop\PUP\node_modules\react-dom\cjs\react-dom-client.development.js:15749
(anonymous) @ C:\Users\USER\OneDrive\Desktop\PUP\node_modules\react-dom\cjs\react-dom-client.development.js:15379
performWorkUntilDeadline @ C:\Users\USER\OneDrive\Desktop\PUP\node_modules\scheduler\cjs\scheduler.development.js:45
<SceneView>
exports.jsx @ C:\Users\USER\OneDrive\Desktop\PUP\node_modules\react\cjs\react-jsx-runtime.development.js:339
render @ C:\Users\USER\OneDrive\Desktop\PUP\node_modules\@react-navigation\core\lib\module\useDescriptors.js:108
(anonymous) @ C:\Users\USER\OneDrive\Desktop\PUP\node_modules\@react-navigation\core\lib\module\useDescriptors.js:140
useDescriptors @ C:\Users\USER\OneDrive\Desktop\PUP\node_modules\@react-navigation\core\lib\module\useDescriptors.js:137
useNavigationBuilder @ C:\Users\USER\OneDrive\Desktop\PUP\node_modules\@react-navigation\core\lib\module\useNavigationBuilder.js:562
SlotNavigator @ C:\Users\USER\OneDrive\Desktop\PUP\node_modules\expo-router\build\views\Navigator.js:107
react-stack-bottom-frame @ C:\Users\USER\OneDrive\Desktop\PUP\node_modules\react-dom\cjs\react-dom-client.development.js:23863
renderWithHooks @ C:\Users\USER\OneDrive\Desktop\PUP\node_modules\react-dom\cjs\react-dom-client.development.js:5529
updateFunctionComponent @ C:\Users\USER\OneDrive\Desktop\PUP\node_modules\react-dom\cjs\react-dom-client.development.js:8897
beginWork @ C:\Users\USER\OneDrive\Desktop\PUP\node_modules\react-dom\cjs\react-dom-client.development.js:10522
runWithFiberInDEV @ C:\Users\USER\OneDrive\Desktop\PUP\node_modules\react-dom\cjs\react-dom-client.development.js:1519
performUnitOfWork @ C:\Users\USER\OneDrive\Desktop\PUP\node_modules\react-dom\cjs\react-dom-client.development.js:15132
workLoopSync @ C:\Users\USER\OneDrive\Desktop\PUP\node_modules\react-dom\cjs\react-dom-client.development.js:14956
renderRootSync @ C:\Users\USER\OneDrive\Desktop\PUP\node_modules\react-dom\cjs\react-dom-client.development.js:14936
performWorkOnRoot @ C:\Users\USER\OneDrive\Desktop\PUP\node_modules\react-dom\cjs\react-dom-client.development.js:14419
performSyncWorkOnRoot @ C:\Users\USER\OneDrive\Desktop\PUP\node_modules\react-dom\cjs\react-dom-client.development.js:16231
flushSyncWorkAcrossRoots_impl @ C:\Users\USER\OneDrive\Desktop\PUP\node_modules\react-dom\cjs\react-dom-client.development.js:16079
flushPassiveEffects @ C:\Users\USER\OneDrive\Desktop\PUP\node_modules\react-dom\cjs\react-dom-client.development.js:15749
(anonymous) @ C:\Users\USER\OneDrive\Desktop\PUP\node_modules\react-dom\cjs\react-dom-client.development.js:15379
performWorkUntilDeadline @ C:\Users\USER\OneDrive\Desktop\PUP\node_modules\scheduler\cjs\scheduler.development.js:45
<SlotNavigator>
exports.jsxDEV @ C:\Users\USER\OneDrive\Desktop\PUP\node_modules\react\cjs\react-jsx-dev-runtime.development.js:346
Slot @ C:\Users\USER\OneDrive\Desktop\PUP\node_modules\expo-router\build\views\Navigator.js:130
react-stack-bottom-frame @ C:\Users\USER\OneDrive\Desktop\PUP\node_modules\react-dom\cjs\react-dom-client.development.js:23863
renderWithHooks @ C:\Users\USER\OneDrive\Desktop\PUP\node_modules\react-dom\cjs\react-dom-client.development.js:5529
updateFunctionComponent @ C:\Users\USER\OneDrive\Desktop\PUP\node_modules\react-dom\cjs\react-dom-client.development.js:8897
beginWork @ C:\Users\USER\OneDrive\Desktop\PUP\node_modules\react-dom\cjs\react-dom-client.development.js:10522
runWithFiberInDEV @ C:\Users\USER\OneDrive\Desktop\PUP\node_modules\react-dom\cjs\react-dom-client.development.js:1519
performUnitOfWork @ C:\Users\USER\OneDrive\Desktop\PUP\node_modules\react-dom\cjs\react-dom-client.development.js:15132
workLoopConcurrentByScheduler @ C:\Users\USER\OneDrive\Desktop\PUP\node_modules\react-dom\cjs\react-dom-client.development.js:15126
renderRootConcurrent @ C:\Users\USER\OneDrive\Desktop\PUP\node_modules\react-dom\cjs\react-dom-client.development.js:15101
performWorkOnRoot @ C:\Users\USER\OneDrive\Desktop\PUP\node_modules\react-dom\cjs\react-dom-client.development.js:14418
performWorkOnRootViaSchedulerTask @ C:\Users\USER\OneDrive\Desktop\PUP\node_modules\react-dom\cjs\react-dom-client.development.js:16216
performWorkUntilDeadline @ C:\Users\USER\OneDrive\Desktop\PUP\node_modules\scheduler\cjs\scheduler.development.js:45
<Slot>
exports.jsxDEV @ C:\Users\USER\OneDrive\Desktop\PUP\node_modules\react\cjs\react-jsx-dev-runtime.development.js:346
RootLayout @ C:\Users\USER\OneDrive\Desktop\PUP\app\_layout.tsx:86
react-stack-bottom-frame @ C:\Users\USER\OneDrive\Desktop\PUP\node_modules\react-dom\cjs\react-dom-client.development.js:23863
renderWithHooks @ C:\Users\USER\OneDrive\Desktop\PUP\node_modules\react-dom\cjs\react-dom-client.development.js:5529
updateFunctionComponent @ C:\Users\USER\OneDrive\Desktop\PUP\node_modules\react-dom\cjs\react-dom-client.development.js:8897
beginWork @ C:\Users\USER\OneDrive\Desktop\PUP\node_modules\react-dom\cjs\react-dom-client.development.js:10522
runWithFiberInDEV @ C:\Users\USER\OneDrive\Desktop\PUP\node_modules\react-dom\cjs\react-dom-client.development.js:1519
performUnitOfWork @ C:\Users\USER\OneDrive\Desktop\PUP\node_modules\react-dom\cjs\react-dom-client.development.js:15132
workLoopConcurrentByScheduler @ C:\Users\USER\OneDrive\Desktop\PUP\node_modules\react-dom\cjs\react-dom-client.development.js:15126
renderRootConcurrent @ C:\Users\USER\OneDrive\Desktop\PUP\node_modules\react-dom\cjs\react-dom-client.development.js:15101
performWorkOnRoot @ C:\Users\USER\OneDrive\Desktop\PUP\node_modules\react-dom\cjs\react-dom-client.development.js:14418
performWorkOnRootViaSchedulerTask @ C:\Users\USER\OneDrive\Desktop\PUP\node_modules\react-dom\cjs\react-dom-client.development.js:16216
performWorkUntilDeadline @ C:\Users\USER\OneDrive\Desktop\PUP\node_modules\scheduler\cjs\scheduler.development.js:45
<RootLayout(./_layout.tsx)>
exports.jsxDEV @ C:\Users\USER\OneDrive\Desktop\PUP\node_modules\react\cjs\react-jsx-dev-runtime.development.js:346
BaseRoute @ C:\Users\USER\OneDrive\Desktop\PUP\node_modules\expo-router\build\useScreens.js:213
react-stack-bottom-frame @ C:\Users\USER\OneDrive\Desktop\PUP\node_modules\react-dom\cjs\react-dom-client.development.js:23863
renderWithHooks @ C:\Users\USER\OneDrive\Desktop\PUP\node_modules\react-dom\cjs\react-dom-client.development.js:5529
updateFunctionComponent @ C:\Users\USER\OneDrive\Desktop\PUP\node_modules\react-dom\cjs\react-dom-client.development.js:8897
beginWork @ C:\Users\USER\OneDrive\Desktop\PUP\node_modules\react-dom\cjs\react-dom-client.development.js:10522
runWithFiberInDEV @ C:\Users\USER\OneDrive\Desktop\PUP\node_modules\react-dom\cjs\react-dom-client.development.js:1519
performUnitOfWork @ C:\Users\USER\OneDrive\Desktop\PUP\node_modules\react-dom\cjs\react-dom-client.development.js:15132
workLoopConcurrentByScheduler @ C:\Users\USER\OneDrive\Desktop\PUP\node_modules\react-dom\cjs\react-dom-client.development.js:15126
renderRootConcurrent @ C:\Users\USER\OneDrive\Desktop\PUP\node_modules\react-dom\cjs\react-dom-client.development.js:15101
performWorkOnRoot @ C:\Users\USER\OneDrive\Desktop\PUP\node_modules\react-dom\cjs\react-dom-client.development.js:14418
performWorkOnRootViaSchedulerTask @ C:\Users\USER\OneDrive\Desktop\PUP\node_modules\react-dom\cjs\react-dom-client.development.js:16216
performWorkUntilDeadline @ C:\Users\USER\OneDrive\Desktop\PUP\node_modules\scheduler\cjs\scheduler.development.js:45
<Route()>
exports.jsx @ C:\Users\USER\OneDrive\Desktop\PUP\node_modules\react\cjs\react-jsx-runtime.development.js:339
SceneView @ C:\Users\USER\OneDrive\Desktop\PUP\node_modules\@react-navigation\core\lib\module\SceneView.js:125
react-stack-bottom-frame @ C:\Users\USER\OneDrive\Desktop\PUP\node_modules\react-dom\cjs\react-dom-client.development.js:23863
renderWithHooks @ C:\Users\USER\OneDrive\Desktop\PUP\node_modules\react-dom\cjs\react-dom-client.development.js:5529
updateFunctionComponent @ C:\Users\USER\OneDrive\Desktop\PUP\node_modules\react-dom\cjs\react-dom-client.development.js:8897
beginWork @ C:\Users\USER\OneDrive\Desktop\PUP\node_modules\react-dom\cjs\react-dom-client.development.js:10522
runWithFiberInDEV @ C:\Users\USER\OneDrive\Desktop\PUP\node_modules\react-dom\cjs\react-dom-client.development.js:1519
performUnitOfWork @ C:\Users\USER\OneDrive\Desktop\PUP\node_modules\react-dom\cjs\react-dom-client.development.js:15132
workLoopConcurrentByScheduler @ C:\Users\USER\OneDrive\Desktop\PUP\node_modules\react-dom\cjs\react-dom-client.development.js:15126
renderRootConcurrent @ C:\Users\USER\OneDrive\Desktop\PUP\node_modules\react-dom\cjs\react-dom-client.development.js:15101
performWorkOnRoot @ C:\Users\USER\OneDrive\Desktop\PUP\node_modules\react-dom\cjs\react-dom-client.development.js:14418
performWorkOnRootViaSchedulerTask @ C:\Users\USER\OneDrive\Desktop\PUP\node_modules\react-dom\cjs\react-dom-client.development.js:16216
performWorkUntilDeadline @ C:\Users\USER\OneDrive\Desktop\PUP\node_modules\scheduler\cjs\scheduler.development.js:45
<SceneView>
exports.jsx @ C:\Users\USER\OneDrive\Desktop\PUP\node_modules\react\cjs\react-jsx-runtime.development.js:339
render @ C:\Users\USER\OneDrive\Desktop\PUP\node_modules\@react-navigation\core\lib\module\useDescriptors.js:108
(anonymous) @ C:\Users\USER\OneDrive\Desktop\PUP\node_modules\@react-navigation\core\lib\module\useDescriptors.js:140
useDescriptors @ C:\Users\USER\OneDrive\Desktop\PUP\node_modules\@react-navigation\core\lib\module\useDescriptors.js:137
useNavigationBuilder @ C:\Users\USER\OneDrive\Desktop\PUP\node_modules\@react-navigation\core\lib\module\useNavigationBuilder.js:562
Content @ C:\Users\USER\OneDrive\Desktop\PUP\node_modules\expo-router\build\ExpoRoot.js:161
react-stack-bottom-frame @ C:\Users\USER\OneDrive\Desktop\PUP\node_modules\react-dom\cjs\react-dom-client.development.js:23863
renderWithHooks @ C:\Users\USER\OneDrive\Desktop\PUP\node_modules\react-dom\cjs\react-dom-client.development.js:5529
updateFunctionComponent @ C:\Users\USER\OneDrive\Desktop\PUP\node_modules\react-dom\cjs\react-dom-client.development.js:8897
beginWork @ C:\Users\USER\OneDrive\Desktop\PUP\node_modules\react-dom\cjs\react-dom-client.development.js:10522
runWithFiberInDEV @ C:\Users\USER\OneDrive\Desktop\PUP\node_modules\react-dom\cjs\react-dom-client.development.js:1519
performUnitOfWork @ C:\Users\USER\OneDrive\Desktop\PUP\node_modules\react-dom\cjs\react-dom-client.development.js:15132
workLoopConcurrentByScheduler @ C:\Users\USER\OneDrive\Desktop\PUP\node_modules\react-dom\cjs\react-dom-client.development.js:15126
renderRootConcurrent @ C:\Users\USER\OneDrive\Desktop\PUP\node_modules\react-dom\cjs\react-dom-client.development.js:15101
performWorkOnRoot @ C:\Users\USER\OneDrive\Desktop\PUP\node_modules\react-dom\cjs\react-dom-client.development.js:14418
performWorkOnRootViaSchedulerTask @ C:\Users\USER\OneDrive\Desktop\PUP\node_modules\react-dom\cjs\react-dom-client.development.js:16216
performWorkUntilDeadline @ C:\Users\USER\OneDrive\Desktop\PUP\node_modules\scheduler\cjs\scheduler.development.js:45
<Content>
exports.jsxDEV @ C:\Users\USER\OneDrive\Desktop\PUP\node_modules\react\cjs\react-jsx-dev-runtime.development.js:346
ContextNavigator @ C:\Users\USER\OneDrive\Desktop\PUP\node_modules\expo-router\build\ExpoRoot.js:147
react-stack-bottom-frame @ C:\Users\USER\OneDrive\Desktop\PUP\node_modules\react-dom\cjs\react-dom-client.development.js:23863
renderWithHooks @ C:\Users\USER\OneDrive\Desktop\PUP\node_modules\react-dom\cjs\react-dom-client.development.js:5529
updateFunctionComponent @ C:\Users\USER\OneDrive\Desktop\PUP\node_modules\react-dom\cjs\react-dom-client.development.js:8897
beginWork @ C:\Users\USER\OneDrive\Desktop\PUP\node_modules\react-dom\cjs\react-dom-client.development.js:10522
runWithFiberInDEV @ C:\Users\USER\OneDrive\Desktop\PUP\node_modules\react-dom\cjs\react-dom-client.development.js:1519
performUnitOfWork @ C:\Users\USER\OneDrive\Desktop\PUP\node_modules\react-dom\cjs\react-dom-client.development.js:15132
workLoopConcurrentByScheduler @ C:\Users\USER\OneDrive\Desktop\PUP\node_modules\react-dom\cjs\react-dom-client.development.js:15126
renderRootConcurrent @ C:\Users\USER\OneDrive\Desktop\PUP\node_modules\react-dom\cjs\react-dom-client.development.js:15101
performWorkOnRoot @ C:\Users\USER\OneDrive\Desktop\PUP\node_modules\react-dom\cjs\react-dom-client.development.js:14418
performWorkOnRootViaSchedulerTask @ C:\Users\USER\OneDrive\Desktop\PUP\node_modules\react-dom\cjs\react-dom-client.development.js:16216
performWorkUntilDeadline @ C:\Users\USER\OneDrive\Desktop\PUP\node_modules\scheduler\cjs\scheduler.development.js:45
<ContextNavigator>
exports.jsxDEV @ C:\Users\USER\OneDrive\Desktop\PUP\node_modules\react\cjs\react-jsx-dev-runtime.development.js:346
ExpoRoot @ C:\Users\USER\OneDrive\Desktop\PUP\node_modules\expo-router\build\ExpoRoot.js:87
react-stack-bottom-frame @ C:\Users\USER\OneDrive\Desktop\PUP\node_modules\react-dom\cjs\react-dom-client.development.js:23863
renderWithHooks @ C:\Users\USER\OneDrive\Desktop\PUP\node_modules\react-dom\cjs\react-dom-client.development.js:5529
updateFunctionComponent @ C:\Users\USER\OneDrive\Desktop\PUP\node_modules\react-dom\cjs\react-dom-client.development.js:8897
beginWork @ C:\Users\USER\OneDrive\Desktop\PUP\node_modules\react-dom\cjs\react-dom-client.development.js:10522
runWithFiberInDEV @ C:\Users\USER\OneDrive\Desktop\PUP\node_modules\react-dom\cjs\react-dom-client.development.js:1519
performUnitOfWork @ C:\Users\USER\OneDrive\Desktop\PUP\node_modules\react-dom\cjs\react-dom-client.development.js:15132
workLoopConcurrentByScheduler @ C:\Users\USER\OneDrive\Desktop\PUP\node_modules\react-dom\cjs\react-dom-client.development.js:15126
renderRootConcurrent @ C:\Users\USER\OneDrive\Desktop\PUP\node_modules\react-dom\cjs\react-dom-client.development.js:15101
performWorkOnRoot @ C:\Users\USER\OneDrive\Desktop\PUP\node_modules\react-dom\cjs\react-dom-client.development.js:14418
performWorkOnRootViaSchedulerTask @ C:\Users\USER\OneDrive\Desktop\PUP\node_modules\react-dom\cjs\react-dom-client.development.js:16216
performWorkUntilDeadline @ C:\Users\USER\OneDrive\Desktop\PUP\node_modules\scheduler\cjs\scheduler.development.js:45
<ExpoRoot>
exports.jsxDEV @ C:\Users\USER\OneDrive\Desktop\PUP\node_modules\react\cjs\react-jsx-dev-runtime.development.js:346
App @ C:\Users\USER\OneDrive\Desktop\PUP\node_modules\expo-router\build\qualified-entry.js:21
react-stack-bottom-frame @ C:\Users\USER\OneDrive\Desktop\PUP\node_modules\react-dom\cjs\react-dom-client.development.js:23863
renderWithHooks @ C:\Users\USER\OneDrive\Desktop\PUP\node_modules\react-dom\cjs\react-dom-client.development.js:5529
updateFunctionComponent @ C:\Users\USER\OneDrive\Desktop\PUP\node_modules\react-dom\cjs\react-dom-client.development.js:8897
beginWork @ C:\Users\USER\OneDrive\Desktop\PUP\node_modules\react-dom\cjs\react-dom-client.development.js:10522
runWithFiberInDEV @ C:\Users\USER\OneDrive\Desktop\PUP\node_modules\react-dom\cjs\react-dom-client.development.js:1519
performUnitOfWork @ C:\Users\USER\OneDrive\Desktop\PUP\node_modules\react-dom\cjs\react-dom-client.development.js:15132
workLoopConcurrentByScheduler @ C:\Users\USER\OneDrive\Desktop\PUP\node_modules\react-dom\cjs\react-dom-client.development.js:15126
renderRootConcurrent @ C:\Users\USER\OneDrive\Desktop\PUP\node_modules\react-dom\cjs\react-dom-client.development.js:15101
performWorkOnRoot @ C:\Users\USER\OneDrive\Desktop\PUP\node_modules\react-dom\cjs\react-dom-client.development.js:14418
performWorkOnRootViaSchedulerTask @ C:\Users\USER\OneDrive\Desktop\PUP\node_modules\react-dom\cjs\react-dom-client.development.js:16216
performWorkUntilDeadline @ C:\Users\USER\OneDrive\Desktop\PUP\node_modules\scheduler\cjs\scheduler.development.js:45
<App>
exports.jsxDEV @ C:\Users\USER\OneDrive\Desktop\PUP\node_modules\react\cjs\react-jsx-dev-runtime.development.js:346
ErrorOverlay @ C:\Users\USER\OneDrive\Desktop\PUP\node_modules\@expo\metro-runtime\src\error-overlay\index.tsx:19
react-stack-bottom-frame @ C:\Users\USER\OneDrive\Desktop\PUP\node_modules\react-dom\cjs\react-dom-client.development.js:23863
renderWithHooks @ C:\Users\USER\OneDrive\Desktop\PUP\node_modules\react-dom\cjs\react-dom-client.development.js:5529
updateFunctionComponent @ C:\Users\USER\OneDrive\Desktop\PUP\node_modules\react-dom\cjs\react-dom-client.development.js:8897
beginWork @ C:\Users\USER\OneDrive\Desktop\PUP\node_modules\react-dom\cjs\react-dom-client.development.js:10522
runWithFiberInDEV @ C:\Users\USER\OneDrive\Desktop\PUP\node_modules\react-dom\cjs\react-dom-client.development.js:1519
performUnitOfWork @ C:\Users\USER\OneDrive\Desktop\PUP\node_modules\react-dom\cjs\react-dom-client.development.js:15132
workLoopConcurrentByScheduler @ C:\Users\USER\OneDrive\Desktop\PUP\node_modules\react-dom\cjs\react-dom-client.development.js:15126
renderRootConcurrent @ C:\Users\USER\OneDrive\Desktop\PUP\node_modules\react-dom\cjs\react-dom-client.development.js:15101
performWorkOnRoot @ C:\Users\USER\OneDrive\Desktop\PUP\node_modules\react-dom\cjs\react-dom-client.development.js:14418
performWorkOnRootViaSchedulerTask @ C:\Users\USER\OneDrive\Desktop\PUP\node_modules\react-dom\cjs\react-dom-client.development.js:16216
performWorkUntilDeadline @ C:\Users\USER\OneDrive\Desktop\PUP\node_modules\scheduler\cjs\scheduler.development.js:45
<ErrorOverlay>
exports.jsxDEV @ C:\Users\USER\OneDrive\Desktop\PUP\node_modules\react\cjs\react-jsx-dev-runtime.development.js:346
WithDevTools @ C:\Users\USER\OneDrive\Desktop\PUP\node_modules\expo\src\launch\withDevTools.web.tsx:11
react-stack-bottom-frame @ C:\Users\USER\OneDrive\Desktop\PUP\node_modules\react-dom\cjs\react-dom-client.development.js:23863
renderWithHooks @ C:\Users\USER\OneDrive\Desktop\PUP\node_modules\react-dom\cjs\react-dom-client.development.js:5529
updateFunctionComponent @ C:\Users\USER\OneDrive\Desktop\PUP\node_modules\react-dom\cjs\react-dom-client.development.js:8897
beginWork @ C:\Users\USER\OneDrive\Desktop\PUP\node_modules\react-dom\cjs\react-dom-client.development.js:10522
runWithFiberInDEV @ C:\Users\USER\OneDrive\Desktop\PUP\node_modules\react-dom\cjs\react-dom-client.development.js:1519
performUnitOfWork @ C:\Users\USER\OneDrive\Desktop\PUP\node_modules\react-dom\cjs\react-dom-client.development.js:15132
workLoopConcurrentByScheduler @ C:\Users\USER\OneDrive\Desktop\PUP\node_modules\react-dom\cjs\react-dom-client.development.js:15126
renderRootConcurrent @ C:\Users\USER\OneDrive\Desktop\PUP\node_modules\react-dom\cjs\react-dom-client.development.js:15101
performWorkOnRoot @ C:\Users\USER\OneDrive\Desktop\PUP\node_modules\react-dom\cjs\react-dom-client.development.js:14418
performWorkOnRootViaSchedulerTask @ C:\Users\USER\OneDrive\Desktop\PUP\node_modules\react-dom\cjs\react-dom-client.development.js:16216
performWorkUntilDeadline @ C:\Users\USER\OneDrive\Desktop\PUP\node_modules\scheduler\cjs\scheduler.development.js:45
<withDevTools(ErrorOverlay)>
exports.createElement @ C:\Users\USER\OneDrive\Desktop\PUP\node_modules\react\cjs\react.development.js:1033
renderApplication @ C:\Users\USER\OneDrive\Desktop\PUP\node_modules\react-native-web\dist\exports\AppRegistry\renderApplication.js:27
run @ C:\Users\USER\OneDrive\Desktop\PUP\node_modules\react-native-web\dist\exports\AppRegistry\index.js:36
runApplication @ C:\Users\USER\OneDrive\Desktop\PUP\node_modules\react-native-web\dist\exports\AppRegistry\index.js:74
registerRootComponent @ C:\Users\USER\OneDrive\Desktop\PUP\node_modules\expo\src\launch\registerRootComponent.tsx:58
(anonymous) @ C:\Users\USER\OneDrive\Desktop\PUP\node_modules\expo-router\build\renderRootComponent.js:88
exports.startTransition @ C:\Users\USER\OneDrive\Desktop\PUP\node_modules\react\cjs\react.development.js:1124
renderRootComponent @ C:\Users\USER\OneDrive\Desktop\PUP\node_modules\expo-router\build\renderRootComponent.js:85
(anonymous) @ C:\Users\USER\OneDrive\Desktop\PUP\node_modules\expo-router\entry-classic.js:10
loadModuleImplementation @ C:\Users\USER\OneDrive\Desktop\PUP\node_modules\expo\node_modules\@expo\cli\build\metro-require\require.js:248
guardedLoadModule @ C:\Users\USER\OneDrive\Desktop\PUP\node_modules\expo\node_modules\@expo\cli\build\metro-require\require.js:163
metroRequire @ C:\Users\USER\OneDrive\Desktop\PUP\node_modules\expo\node_modules\@expo\cli\build\metro-require\require.js:74
(anonymous) @ C:\Users\USER\OneDrive\Desktop\PUP\node_modules\expo-router\entry.js:3
loadModuleImplementation @ C:\Users\USER\OneDrive\Desktop\PUP\node_modules\expo\node_modules\@expo\cli\build\metro-require\require.js:248
guardedLoadModule @ C:\Users\USER\OneDrive\Desktop\PUP\node_modules\expo\node_modules\@expo\cli\build\metro-require\require.js:156
metroRequire @ C:\Users\USER\OneDrive\Desktop\PUP\node_modules\expo\node_modules\@expo\cli\build\metro-require\require.js:74
(anonymous) @ entry.bundle?platform=web&dev=true&hot=false&lazy=true&transform.routerRoot=app&transform.reactCompiler=true:196749
C:\Users\USER\OneDrive\Desktop\PUP\node_modules\@expo\metro-runtime\src\error-overlay\LogBox.web.ts:134 [REST] getCollection error: 404 {
  "error": {
    "code": 404,
    "message": "The database (default) does not exist for project lasangpinoy-mobile Please visit https://console.cloud.google.com/datastore/setup?project=lasangpinoy-mobile to add a Cloud Datastore or Cloud Firestore database. ",
    "status": "NOT_FOUND"
  }
}

registerError @ C:\Users\USER\OneDrive\Desktop\PUP\node_modules\@expo\metro-runtime\src\error-overlay\LogBox.web.ts:134
console.error @ C:\Users\USER\OneDrive\Desktop\PUP\node_modules\@expo\metro-runtime\src\error-overlay\LogBox.web.ts:59
getCollection @ C:\Users\USER\OneDrive\Desktop\PUP\lib\firestore-rest.ts:203
await in getCollection
getRecipes @ C:\Users\USER\OneDrive\Desktop\PUP\lib\firebase.ts:339
fetchRecipesData @ C:\Users\USER\OneDrive\Desktop\PUP\app\(tabs)\index.tsx:77
(anonymous) @ C:\Users\USER\OneDrive\Desktop\PUP\app\(tabs)\index.tsx:58
setTimeout
(anonymous) @ C:\Users\USER\OneDrive\Desktop\PUP\app\(tabs)\index.tsx:57
react-stack-bottom-frame @ C:\Users\USER\OneDrive\Desktop\PUP\node_modules\react-dom\cjs\react-dom-client.development.js:23949
runWithFiberInDEV @ C:\Users\USER\OneDrive\Desktop\PUP\node_modules\react-dom\cjs\react-dom-client.development.js:1519
commitHookEffectListMount @ C:\Users\USER\OneDrive\Desktop\PUP\node_modules\react-dom\cjs\react-dom-client.development.js:11905
commitHookPassiveMountEffects @ C:\Users\USER\OneDrive\Desktop\PUP\node_modules\react-dom\cjs\react-dom-client.development.js:12026
reconnectPassiveEffects @ C:\Users\USER\OneDrive\Desktop\PUP\node_modules\react-dom\cjs\react-dom-client.development.js:14004
recursivelyTraverseReconnectPassiveEffects @ C:\Users\USER\OneDrive\Desktop\PUP\node_modules\react-dom\cjs\react-dom-client.development.js:13976
reconnectPassiveEffects @ C:\Users\USER\OneDrive\Desktop\PUP\node_modules\react-dom\cjs\react-dom-client.development.js:14024
recursivelyTraverseReconnectPassiveEffects @ C:\Users\USER\OneDrive\Desktop\PUP\node_modules\react-dom\cjs\react-dom-client.development.js:13976
reconnectPassiveEffects @ C:\Users\USER\OneDrive\Desktop\PUP\node_modules\react-dom\cjs\react-dom-client.development.js:14051
recursivelyTraverseReconnectPassiveEffects @ C:\Users\USER\OneDrive\Desktop\PUP\node_modules\react-dom\cjs\react-dom-client.development.js:13976
reconnectPassiveEffects @ C:\Users\USER\OneDrive\Desktop\PUP\node_modules\react-dom\cjs\react-dom-client.development.js:14051
recursivelyTraverseReconnectPassiveEffects @ C:\Users\USER\OneDrive\Desktop\PUP\node_modules\react-dom\cjs\react-dom-client.development.js:13976
reconnectPassiveEffects @ C:\Users\USER\OneDrive\Desktop\PUP\node_modules\react-dom\cjs\react-dom-client.development.js:14051
recursivelyTraverseReconnectPassiveEffects @ C:\Users\USER\OneDrive\Desktop\PUP\node_modules\react-dom\cjs\react-dom-client.development.js:13976
reconnectPassiveEffects @ C:\Users\USER\OneDrive\Desktop\PUP\node_modules\react-dom\cjs\react-dom-client.development.js:13997
recursivelyTraverseReconnectPassiveEffects @ C:\Users\USER\OneDrive\Desktop\PUP\node_modules\react-dom\cjs\react-dom-client.development.js:13976
reconnectPassiveEffects @ C:\Users\USER\OneDrive\Desktop\PUP\node_modules\react-dom\cjs\react-dom-client.development.js:13997
recursivelyTraverseReconnectPassiveEffects @ C:\Users\USER\OneDrive\Desktop\PUP\node_modules\react-dom\cjs\react-dom-client.development.js:13976
reconnectPassiveEffects @ C:\Users\USER\OneDrive\Desktop\PUP\node_modules\react-dom\cjs\react-dom-client.development.js:13997
recursivelyTraverseReconnectPassiveEffects @ C:\Users\USER\OneDrive\Desktop\PUP\node_modules\react-dom\cjs\react-dom-client.development.js:13976
reconnectPassiveEffects @ C:\Users\USER\OneDrive\Desktop\PUP\node_modules\react-dom\cjs\react-dom-client.development.js:14051
recursivelyTraverseReconnectPassiveEffects @ C:\Users\USER\OneDrive\Desktop\PUP\node_modules\react-dom\cjs\react-dom-client.development.js:13976
reconnectPassiveEffects @ C:\Users\USER\OneDrive\Desktop\PUP\node_modules\react-dom\cjs\react-dom-client.development.js:14051
recursivelyTraverseReconnectPassiveEffects @ C:\Users\USER\OneDrive\Desktop\PUP\node_modules\react-dom\cjs\react-dom-client.development.js:13976
reconnectPassiveEffects @ C:\Users\USER\OneDrive\Desktop\PUP\node_modules\react-dom\cjs\react-dom-client.development.js:13997
recursivelyTraverseReconnectPassiveEffects @ C:\Users\USER\OneDrive\Desktop\PUP\node_modules\react-dom\cjs\react-dom-client.development.js:13976
reconnectPassiveEffects @ C:\Users\USER\OneDrive\Desktop\PUP\node_modules\react-dom\cjs\react-dom-client.development.js:14051
recursivelyTraverseReconnectPassiveEffects @ C:\Users\USER\OneDrive\Desktop\PUP\node_modules\react-dom\cjs\react-dom-client.development.js:13976
reconnectPassiveEffects @ C:\Users\USER\OneDrive\Desktop\PUP\node_modules\react-dom\cjs\react-dom-client.development.js:14051
recursivelyTraverseReconnectPassiveEffects @ C:\Users\USER\OneDrive\Desktop\PUP\node_modules\react-dom\cjs\react-dom-client.development.js:13976
reconnectPassiveEffects @ C:\Users\USER\OneDrive\Desktop\PUP\node_modules\react-dom\cjs\react-dom-client.development.js:14051
recursivelyTraverseReconnectPassiveEffects @ C:\Users\USER\OneDrive\Desktop\PUP\node_modules\react-dom\cjs\react-dom-client.development.js:13976
reconnectPassiveEffects @ C:\Users\USER\OneDrive\Desktop\PUP\node_modules\react-dom\cjs\react-dom-client.development.js:13997
recursivelyTraverseReconnectPassiveEffects @ C:\Users\USER\OneDrive\Desktop\PUP\node_modules\react-dom\cjs\react-dom-client.development.js:13976
reconnectPassiveEffects @ C:\Users\USER\OneDrive\Desktop\PUP\node_modules\react-dom\cjs\react-dom-client.development.js:14051
recursivelyTraverseReconnectPassiveEffects @ C:\Users\USER\OneDrive\Desktop\PUP\node_modules\react-dom\cjs\react-dom-client.development.js:13976
reconnectPassiveEffects @ C:\Users\USER\OneDrive\Desktop\PUP\node_modules\react-dom\cjs\react-dom-client.development.js:14051
recursivelyTraverseReconnectPassiveEffects @ C:\Users\USER\OneDrive\Desktop\PUP\node_modules\react-dom\cjs\react-dom-client.development.js:13976
reconnectPassiveEffects @ C:\Users\USER\OneDrive\Desktop\PUP\node_modules\react-dom\cjs\react-dom-client.development.js:14051
recursivelyTraverseReconnectPassiveEffects @ C:\Users\USER\OneDrive\Desktop\PUP\node_modules\react-dom\cjs\react-dom-client.development.js:13976
reconnectPassiveEffects @ C:\Users\USER\OneDrive\Desktop\PUP\node_modules\react-dom\cjs\react-dom-client.development.js:13997
recursivelyTraverseReconnectPassiveEffects @ C:\Users\USER\OneDrive\Desktop\PUP\node_modules\react-dom\cjs\react-dom-client.development.js:13976
reconnectPassiveEffects @ C:\Users\USER\OneDrive\Desktop\PUP\node_modules\react-dom\cjs\react-dom-client.development.js:14051
recursivelyTraverseReconnectPassiveEffects @ C:\Users\USER\OneDrive\Desktop\PUP\node_modules\react-dom\cjs\react-dom-client.development.js:13976
reconnectPassiveEffects @ C:\Users\USER\OneDrive\Desktop\PUP\node_modules\react-dom\cjs\react-dom-client.development.js:14051
recursivelyTraverseReconnectPassiveEffects @ C:\Users\USER\OneDrive\Desktop\PUP\node_modules\react-dom\cjs\react-dom-client.development.js:13976
reconnectPassiveEffects @ C:\Users\USER\OneDrive\Desktop\PUP\node_modules\react-dom\cjs\react-dom-client.development.js:14051
recursivelyTraverseReconnectPassiveEffects @ C:\Users\USER\OneDrive\Desktop\PUP\node_modules\react-dom\cjs\react-dom-client.development.js:13976
reconnectPassiveEffects @ C:\Users\USER\OneDrive\Desktop\PUP\node_modules\react-dom\cjs\react-dom-client.development.js:14051
recursivelyTraverseReconnectPassiveEffects @ C:\Users\USER\OneDrive\Desktop\PUP\node_modules\react-dom\cjs\react-dom-client.development.js:13976
reconnectPassiveEffects @ C:\Users\USER\OneDrive\Desktop\PUP\node_modules\react-dom\cjs\react-dom-client.development.js:13997
recursivelyTraverseReconnectPassiveEffects @ C:\Users\USER\OneDrive\Desktop\PUP\node_modules\react-dom\cjs\react-dom-client.development.js:13976
reconnectPassiveEffects @ C:\Users\USER\OneDrive\Desktop\PUP\node_modules\react-dom\cjs\react-dom-client.development.js:14051
recursivelyTraverseReconnectPassiveEffects @ C:\Users\USER\OneDrive\Desktop\PUP\node_modules\react-dom\cjs\react-dom-client.development.js:13976
reconnectPassiveEffects @ C:\Users\USER\OneDrive\Desktop\PUP\node_modules\react-dom\cjs\react-dom-client.development.js:13997
recursivelyTraverseReconnectPassiveEffects @ C:\Users\USER\OneDrive\Desktop\PUP\node_modules\react-dom\cjs\react-dom-client.development.js:13976
reconnectPassiveEffects @ C:\Users\USER\OneDrive\Desktop\PUP\node_modules\react-dom\cjs\react-dom-client.development.js:13997
recursivelyTraverseReconnectPassiveEffects @ C:\Users\USER\OneDrive\Desktop\PUP\node_modules\react-dom\cjs\react-dom-client.development.js:13976
reconnectPassiveEffects @ C:\Users\USER\OneDrive\Desktop\PUP\node_modules\react-dom\cjs\react-dom-client.development.js:13997
recursivelyTraverseReconnectPassiveEffects @ C:\Users\USER\OneDrive\Desktop\PUP\node_modules\react-dom\cjs\react-dom-client.development.js:13976
reconnectPassiveEffects @ C:\Users\USER\OneDrive\Desktop\PUP\node_modules\react-dom\cjs\react-dom-client.development.js:13997
recursivelyTraverseReconnectPassiveEffects @ C:\Users\USER\OneDrive\Desktop\PUP\node_modules\react-dom\cjs\react-dom-client.development.js:13976
reconnectPassiveEffects @ C:\Users\USER\OneDrive\Desktop\PUP\node_modules\react-dom\cjs\react-dom-client.development.js:14051
recursivelyTraverseReconnectPassiveEffects @ C:\Users\USER\OneDrive\Desktop\PUP\node_modules\react-dom\cjs\react-dom-client.development.js:13976
reconnectPassiveEffects @ C:\Users\USER\OneDrive\Desktop\PUP\node_modules\react-dom\cjs\react-dom-client.development.js:14051
recursivelyTraverseReconnectPassiveEffects @ C:\Users\USER\OneDrive\Desktop\PUP\node_modules\react-dom\cjs\react-dom-client.development.js:13976
reconnectPassiveEffects @ C:\Users\USER\OneDrive\Desktop\PUP\node_modules\react-dom\cjs\react-dom-client.development.js:13997
recursivelyTraverseReconnectPassiveEffects @ C:\Users\USER\OneDrive\Desktop\PUP\node_modules\react-dom\cjs\react-dom-client.development.js:13976
reconnectPassiveEffects @ C:\Users\USER\OneDrive\Desktop\PUP\node_modules\react-dom\cjs\react-dom-client.development.js:13997
recursivelyTraverseReconnectPassiveEffects @ C:\Users\USER\OneDrive\Desktop\PUP\node_modules\react-dom\cjs\react-dom-client.development.js:13976
reconnectPassiveEffects @ C:\Users\USER\OneDrive\Desktop\PUP\node_modules\react-dom\cjs\react-dom-client.development.js:14051
recursivelyTraverseReconnectPassiveEffects @ C:\Users\USER\OneDrive\Desktop\PUP\node_modules\react-dom\cjs\react-dom-client.development.js:13976
reconnectPassiveEffects @ C:\Users\USER\OneDrive\Desktop\PUP\node_modules\react-dom\cjs\react-dom-client.development.js:13997
recursivelyTraverseReconnectPassiveEffects @ C:\Users\USER\OneDrive\Desktop\PUP\node_modules\react-dom\cjs\react-dom-client.development.js:13976
reconnectPassiveEffects @ C:\Users\USER\OneDrive\Desktop\PUP\node_modules\react-dom\cjs\react-dom-client.development.js:13997
recursivelyTraverseReconnectPassiveEffects @ C:\Users\USER\OneDrive\Desktop\PUP\node_modules\react-dom\cjs\react-dom-client.development.js:13976
reconnectPassiveEffects @ C:\Users\USER\OneDrive\Desktop\PUP\node_modules\react-dom\cjs\react-dom-client.development.js:14051
recursivelyTraverseReconnectPassiveEffects @ C:\Users\USER\OneDrive\Desktop\PUP\node_modules\react-dom\cjs\react-dom-client.development.js:13976
reconnectPassiveEffects @ C:\Users\USER\OneDrive\Desktop\PUP\node_modules\react-dom\cjs\react-dom-client.development.js:13997
recursivelyTraverseReconnectPassiveEffects @ C:\Users\USER\OneDrive\Desktop\PUP\node_modules\react-dom\cjs\react-dom-client.development.js:13976
reconnectPassiveEffects @ C:\Users\USER\OneDrive\Desktop\PUP\node_modules\react-dom\cjs\react-dom-client.development.js:14051
recursivelyTraverseReconnectPassiveEffects @ C:\Users\USER\OneDrive\Desktop\PUP\node_modules\react-dom\cjs\react-dom-client.development.js:13976
reconnectPassiveEffects @ C:\Users\USER\OneDrive\Desktop\PUP\node_modules\react-dom\cjs\react-dom-client.development.js:13997
recursivelyTraverseReconnectPassiveEffects @ C:\Users\USER\OneDrive\Desktop\PUP\node_modules\react-dom\cjs\react-dom-client.development.js:13976
reconnectPassiveEffects @ C:\Users\USER\OneDrive\Desktop\PUP\node_modules\react-dom\cjs\react-dom-client.development.js:13997
recursivelyTraverseReconnectPassiveEffects @ C:\Users\USER\OneDrive\Desktop\PUP\node_modules\react-dom\cjs\react-dom-client.development.js:13976
reconnectPassiveEffects @ C:\Users\USER\OneDrive\Desktop\PUP\node_modules\react-dom\cjs\react-dom-client.development.js:13997
recursivelyTraverseReconnectPassiveEffects @ C:\Users\USER\OneDrive\Desktop\PUP\node_modules\react-dom\cjs\react-dom-client.development.js:13976
reconnectPassiveEffects @ C:\Users\USER\OneDrive\Desktop\PUP\node_modules\react-dom\cjs\react-dom-client.development.js:14051
recursivelyTraverseReconnectPassiveEffects @ C:\Users\USER\OneDrive\Desktop\PUP\node_modules\react-dom\cjs\react-dom-client.development.js:13976
reconnectPassiveEffects @ C:\Users\USER\OneDrive\Desktop\PUP\node_modules\react-dom\cjs\react-dom-client.development.js:13997
recursivelyTraverseReconnectPassiveEffects @ C:\Users\USER\OneDrive\Desktop\PUP\node_modules\react-dom\cjs\react-dom-client.development.js:13976
reconnectPassiveEffects @ C:\Users\USER\OneDrive\Desktop\PUP\node_modules\react-dom\cjs\react-dom-client.development.js:14051
recursivelyTraverseReconnectPassiveEffects @ C:\Users\USER\OneDrive\Desktop\PUP\node_modules\react-dom\cjs\react-dom-client.development.js:13976
reconnectPassiveEffects @ C:\Users\USER\OneDrive\Desktop\PUP\node_modules\react-dom\cjs\react-dom-client.development.js:14051
recursivelyTraverseReconnectPassiveEffects @ C:\Users\USER\OneDrive\Desktop\PUP\node_modules\react-dom\cjs\react-dom-client.development.js:13976
reconnectPassiveEffects @ C:\Users\USER\OneDrive\Desktop\PUP\node_modules\react-dom\cjs\react-dom-client.development.js:13997
recursivelyTraverseReconnectPassiveEffects @ C:\Users\USER\OneDrive\Desktop\PUP\node_modules\react-dom\cjs\react-dom-client.development.js:13976
reconnectPassiveEffects @ C:\Users\USER\OneDrive\Desktop\PUP\node_modules\react-dom\cjs\react-dom-client.development.js:14051
recursivelyTraverseReconnectPassiveEffects @ C:\Users\USER\OneDrive\Desktop\PUP\node_modules\react-dom\cjs\react-dom-client.development.js:13976
reconnectPassiveEffects @ C:\Users\USER\OneDrive\Desktop\PUP\node_modules\react-dom\cjs\react-dom-client.development.js:14051
recursivelyTraverseReconnectPassiveEffects @ C:\Users\USER\OneDrive\Desktop\PUP\node_modules\react-dom\cjs\react-dom-client.development.js:13976
reconnectPassiveEffects @ C:\Users\USER\OneDrive\Desktop\PUP\node_modules\react-dom\cjs\react-dom-client.development.js:13997
recursivelyTraverseReconnectPassiveEffects @ C:\Users\USER\OneDrive\Desktop\PUP\node_modules\react-dom\cjs\react-dom-client.development.js:13976
reconnectPassiveEffects @ C:\Users\USER\OneDrive\Desktop\PUP\node_modules\react-dom\cjs\react-dom-client.development.js:13997
recursivelyTraverseReconnectPassiveEffects @ C:\Users\USER\OneDrive\Desktop\PUP\node_modules\react-dom\cjs\react-dom-client.development.js:13976
reconnectPassiveEffects @ C:\Users\USER\OneDrive\Desktop\PUP\node_modules\react-dom\cjs\react-dom-client.development.js:13997
recursivelyTraverseReconnectPassiveEffects @ C:\Users\USER\OneDrive\Desktop\PUP\node_modules\react-dom\cjs\react-dom-client.development.js:13976
reconnectPassiveEffects @ C:\Users\USER\OneDrive\Desktop\PUP\node_modules\react-dom\cjs\react-dom-client.development.js:13997
recursivelyTraverseReconnectPassiveEffects @ C:\Users\USER\OneDrive\Desktop\PUP\node_modules\react-dom\cjs\react-dom-client.development.js:13976
reconnectPassiveEffects @ C:\Users\USER\OneDrive\Desktop\PUP\node_modules\react-dom\cjs\react-dom-client.development.js:13997
recursivelyTraverseReconnectPassiveEffects @ C:\Users\USER\OneDrive\Desktop\PUP\node_modules\react-dom\cjs\react-dom-client.development.js:13976
reconnectPassiveEffects @ C:\Users\USER\OneDrive\Desktop\PUP\node_modules\react-dom\cjs\react-dom-client.development.js:13997
recursivelyTraverseReconnectPassiveEffects @ C:\Users\USER\OneDrive\Desktop\PUP\node_modules\react-dom\cjs\react-dom-client.development.js:13976
commitPassiveMountOnFiber @ C:\Users\USER\OneDrive\Desktop\PUP\node_modules\react-dom\cjs\react-dom-client.development.js:13936
recursivelyTraversePassiveMountEffects @ C:\Users\USER\OneDrive\Desktop\PUP\node_modules\react-dom\cjs\react-dom-client.development.js:13815
commitPassiveMountOnFiber @ C:\Users\USER\OneDrive\Desktop\PUP\node_modules\react-dom\cjs\react-dom-client.development.js:13903
recursivelyTraversePassiveMountEffects @ C:\Users\USER\OneDrive\Desktop\PUP\node_modules\react-dom\cjs\react-dom-client.development.js:13815
commitPassiveMountOnFiber @ C:\Users\USER\OneDrive\Desktop\PUP\node_modules\react-dom\cjs\react-dom-client.development.js:13957
recursivelyTraversePassiveMountEffects @ C:\Users\USER\OneDrive\Desktop\PUP\node_modules\react-dom\cjs\react-dom-client.development.js:13815
commitPassiveMountOnFiber @ C:\Users\USER\OneDrive\Desktop\PUP\node_modules\react-dom\cjs\react-dom-client.development.js:13957
recursivelyTraversePassiveMountEffects @ C:\Users\USER\OneDrive\Desktop\PUP\node_modules\react-dom\cjs\react-dom-client.development.js:13815
commitPassiveMountOnFiber @ C:\Users\USER\OneDrive\Desktop\PUP\node_modules\react-dom\cjs\react-dom-client.development.js:13834
recursivelyTraversePassiveMountEffects @ C:\Users\USER\OneDrive\Desktop\PUP\node_modules\react-dom\cjs\react-dom-client.development.js:13815
commitPassiveMountOnFiber @ C:\Users\USER\OneDrive\Desktop\PUP\node_modules\react-dom\cjs\react-dom-client.development.js:13834
recursivelyTraversePassiveMountEffects @ C:\Users\USER\OneDrive\Desktop\PUP\node_modules\react-dom\cjs\react-dom-client.development.js:13815
commitPassiveMountOnFiber @ C:\Users\USER\OneDrive\Desktop\PUP\node_modules\react-dom\cjs\react-dom-client.development.js:13834
recursivelyTraversePassiveMountEffects @ C:\Users\USER\OneDrive\Desktop\PUP\node_modules\react-dom\cjs\react-dom-client.development.js:13815
commitPassiveMountOnFiber @ C:\Users\USER\OneDrive\Desktop\PUP\node_modules\react-dom\cjs\react-dom-client.development.js:13957
recursivelyTraversePassiveMountEffects @ C:\Users\USER\OneDrive\Desktop\PUP\node_modules\react-dom\cjs\react-dom-client.development.js:13815
commitPassiveMountOnFiber @ C:\Users\USER\OneDrive\Desktop\PUP\node_modules\react-dom\cjs\react-dom-client.development.js:13957
recursivelyTraversePassiveMountEffects @ C:\Users\USER\OneDrive\Desktop\PUP\node_modules\react-dom\cjs\react-dom-client.development.js:13815
commitPassiveMountOnFiber @ C:\Users\USER\OneDrive\Desktop\PUP\node_modules\react-dom\cjs\react-dom-client.development.js:13834
recursivelyTraversePassiveMountEffects @ C:\Users\USER\OneDrive\Desktop\PUP\node_modules\react-dom\cjs\react-dom-client.development.js:13815
commitPassiveMountOnFiber @ C:\Users\USER\OneDrive\Desktop\PUP\node_modules\react-dom\cjs\react-dom-client.development.js:13957
recursivelyTraversePassiveMountEffects @ C:\Users\USER\OneDrive\Desktop\PUP\node_modules\react-dom\cjs\react-dom-client.development.js:13815
commitPassiveMountOnFiber @ C:\Users\USER\OneDrive\Desktop\PUP\node_modules\react-dom\cjs\react-dom-client.development.js:13957
recursivelyTraversePassiveMountEffects @ C:\Users\USER\OneDrive\Desktop\PUP\node_modules\react-dom\cjs\react-dom-client.development.js:13815
commitPassiveMountOnFiber @ C:\Users\USER\OneDrive\Desktop\PUP\node_modules\react-dom\cjs\react-dom-client.development.js:13957
recursivelyTraversePassiveMountEffects @ C:\Users\USER\OneDrive\Desktop\PUP\node_modules\react-dom\cjs\react-dom-client.development.js:13815
commitPassiveMountOnFiber @ C:\Users\USER\OneDrive\Desktop\PUP\node_modules\react-dom\cjs\react-dom-client.development.js:13834
recursivelyTraversePassiveMountEffects @ C:\Users\USER\OneDrive\Desktop\PUP\node_modules\react-dom\cjs\react-dom-client.development.js:13815
commitPassiveMountOnFiber @ C:\Users\USER\OneDrive\Desktop\PUP\node_modules\react-dom\cjs\react-dom-client.development.js:13957
recursivelyTraversePassiveMountEffects @ C:\Users\USER\OneDrive\Desktop\PUP\node_modules\react-dom\cjs\react-dom-client.development.js:13815
commitPassiveMountOnFiber @ C:\Users\USER\OneDrive\Desktop\PUP\node_modules\react-dom\cjs\react-dom-client.development.js:13957
recursivelyTraversePassiveMountEffects @ C:\Users\USER\OneDrive\Desktop\PUP\node_modules\react-dom\cjs\react-dom-client.development.js:13815
commitPassiveMountOnFiber @ C:\Users\USER\OneDrive\Desktop\PUP\node_modules\react-dom\cjs\react-dom-client.development.js:13957
recursivelyTraversePassiveMountEffects @ C:\Users\USER\OneDrive\Desktop\PUP\node_modules\react-dom\cjs\react-dom-client.development.js:13815
commitPassiveMountOnFiber @ C:\Users\USER\OneDrive\Desktop\PUP\node_modules\react-dom\cjs\react-dom-client.development.js:13834
recursivelyTraversePassiveMountEffects @ C:\Users\USER\OneDrive\Desktop\PUP\node_modules\react-dom\cjs\react-dom-client.development.js:13815
commitPassiveMountOnFiber @ C:\Users\USER\OneDrive\Desktop\PUP\node_modules\react-dom\cjs\react-dom-client.development.js:13957
recursivelyTraversePassiveMountEffects @ C:\Users\USER\OneDrive\Desktop\PUP\node_modules\react-dom\cjs\react-dom-client.development.js:13815
commitPassiveMountOnFiber @ C:\Users\USER\OneDrive\Desktop\PUP\node_modules\react-dom\cjs\react-dom-client.development.js:13957
recursivelyTraversePassiveMountEffects @ C:\Users\USER\OneDrive\Desktop\PUP\node_modules\react-dom\cjs\react-dom-client.development.js:13815
commitPassiveMountOnFiber @ C:\Users\USER\OneDrive\Desktop\PUP\node_modules\react-dom\cjs\react-dom-client.development.js:13834
recursivelyTraversePassiveMountEffects @ C:\Users\USER\OneDrive\Desktop\PUP\node_modules\react-dom\cjs\react-dom-client.development.js:13815
commitPassiveMountOnFiber @ C:\Users\USER\OneDrive\Desktop\PUP\node_modules\react-dom\cjs\react-dom-client.development.js:13957
recursivelyTraversePassiveMountEffects @ C:\Users\USER\OneDrive\Desktop\PUP\node_modules\react-dom\cjs\react-dom-client.development.js:13815
commitPassiveMountOnFiber @ C:\Users\USER\OneDrive\Desktop\PUP\node_modules\react-dom\cjs\react-dom-client.development.js:13957
recursivelyTraversePassiveMountEffects @ C:\Users\USER\OneDrive\Desktop\PUP\node_modules\react-dom\cjs\react-dom-client.development.js:13815
commitPassiveMountOnFiber @ C:\Users\USER\OneDrive\Desktop\PUP\node_modules\react-dom\cjs\react-dom-client.development.js:13834
recursivelyTraversePassiveMountEffects @ C:\Users\USER\OneDrive\Desktop\PUP\node_modules\react-dom\cjs\react-dom-client.development.js:13815
commitPassiveMountOnFiber @ C:\Users\USER\OneDrive\Desktop\PUP\node_modules\react-dom\cjs\react-dom-client.development.js:13957
recursivelyTraversePassiveMountEffects @ C:\Users\USER\OneDrive\Desktop\PUP\node_modules\react-dom\cjs\react-dom-client.development.js:13815
commitPassiveMountOnFiber @ C:\Users\USER\OneDrive\Desktop\PUP\node_modules\react-dom\cjs\react-dom-client.development.js:13957
recursivelyTraversePassiveMountEffects @ C:\Users\USER\OneDrive\Desktop\PUP\node_modules\react-dom\cjs\react-dom-client.development.js:13815
commitPassiveMountOnFiber @ C:\Users\USER\OneDrive\Desktop\PUP\node_modules\react-dom\cjs\react-dom-client.development.js:13834
recursivelyTraversePassiveMountEffects @ C:\Users\USER\OneDrive\Desktop\PUP\node_modules\react-dom\cjs\react-dom-client.development.js:13815
commitPassiveMountOnFiber @ C:\Users\USER\OneDrive\Desktop\PUP\node_modules\react-dom\cjs\react-dom-client.development.js:13834
recursivelyTraversePassiveMountEffects @ C:\Users\USER\OneDrive\Desktop\PUP\node_modules\react-dom\cjs\react-dom-client.development.js:13815
commitPassiveMountOnFiber @ C:\Users\USER\OneDrive\Desktop\PUP\node_modules\react-dom\cjs\react-dom-client.development.js:13834
recursivelyTraversePassiveMountEffects @ C:\Users\USER\OneDrive\Desktop\PUP\node_modules\react-dom\cjs\react-dom-client.development.js:13815
commitPassiveMountOnFiber @ C:\Users\USER\OneDrive\Desktop\PUP\node_modules\react-dom\cjs\react-dom-client.development.js:13834
recursivelyTraversePassiveMountEffects @ C:\Users\USER\OneDrive\Desktop\PUP\node_modules\react-dom\cjs\react-dom-client.development.js:13815
commitPassiveMountOnFiber @ C:\Users\USER\OneDrive\Desktop\PUP\node_modules\react-dom\cjs\react-dom-client.development.js:13957
recursivelyTraversePassiveMountEffects @ C:\Users\USER\OneDrive\Desktop\PUP\node_modules\react-dom\cjs\react-dom-client.development.js:13815
commitPassiveMountOnFiber @ C:\Users\USER\OneDrive\Desktop\PUP\node_modules\react-dom\cjs\react-dom-client.development.js:13834
recursivelyTraversePassiveMountEffects @ C:\Users\USER\OneDrive\Desktop\PUP\node_modules\react-dom\cjs\react-dom-client.development.js:13815
commitPassiveMountOnFiber @ C:\Users\USER\OneDrive\Desktop\PUP\node_modules\react-dom\cjs\react-dom-client.development.js:13834
recursivelyTraversePassiveMountEffects @ C:\Users\USER\OneDrive\Desktop\PUP\node_modules\react-dom\cjs\react-dom-client.development.js:13815
commitPassiveMountOnFiber @ C:\Users\USER\OneDrive\Desktop\PUP\node_modules\react-dom\cjs\react-dom-client.development.js:13928
recursivelyTraversePassiveMountEffects @ C:\Users\USER\OneDrive\Desktop\PUP\node_modules\react-dom\cjs\react-dom-client.development.js:13815
commitPassiveMountOnFiber @ C:\Users\USER\OneDrive\Desktop\PUP\node_modules\react-dom\cjs\react-dom-client.development.js:13903
recursivelyTraversePassiveMountEffects @ C:\Users\USER\OneDrive\Desktop\PUP\node_modules\react-dom\cjs\react-dom-client.development.js:13815
commitPassiveMountOnFiber @ C:\Users\USER\OneDrive\Desktop\PUP\node_modules\react-dom\cjs\react-dom-client.development.js:13957
recursivelyTraversePassiveMountEffects @ C:\Users\USER\OneDrive\Desktop\PUP\node_modules\react-dom\cjs\react-dom-client.development.js:13815
commitPassiveMountOnFiber @ C:\Users\USER\OneDrive\Desktop\PUP\node_modules\react-dom\cjs\react-dom-client.development.js:13957
recursivelyTraversePassiveMountEffects @ C:\Users\USER\OneDrive\Desktop\PUP\node_modules\react-dom\cjs\react-dom-client.development.js:13815
commitPassiveMountOnFiber @ C:\Users\USER\OneDrive\Desktop\PUP\node_modules\react-dom\cjs\react-dom-client.development.js:13834
recursivelyTraversePassiveMountEffects @ C:\Users\USER\OneDrive\Desktop\PUP\node_modules\react-dom\cjs\react-dom-client.development.js:13815
commitPassiveMountOnFiber @ C:\Users\USER\OneDrive\Desktop\PUP\node_modules\react-dom\cjs\react-dom-client.development.js:13834
recursivelyTraversePassiveMountEffects @ C:\Users\USER\OneDrive\Desktop\PUP\node_modules\react-dom\cjs\react-dom-client.development.js:13815
commitPassiveMountOnFiber @ C:\Users\USER\OneDrive\Desktop\PUP\node_modules\react-dom\cjs\react-dom-client.development.js:13834
recursivelyTraversePassiveMountEffects @ C:\Users\USER\OneDrive\Desktop\PUP\node_modules\react-dom\cjs\react-dom-client.development.js:13815
commitPassiveMountOnFiber @ C:\Users\USER\OneDrive\Desktop\PUP\node_modules\react-dom\cjs\react-dom-client.development.js:13957
recursivelyTraversePassiveMountEffects @ C:\Users\USER\OneDrive\Desktop\PUP\node_modules\react-dom\cjs\react-dom-client.development.js:13815
commitPassiveMountOnFiber @ C:\Users\USER\OneDrive\Desktop\PUP\node_modules\react-dom\cjs\react-dom-client.development.js:13957
recursivelyTraversePassiveMountEffects @ C:\Users\USER\OneDrive\Desktop\PUP\node_modules\react-dom\cjs\react-dom-client.development.js:13815
commitPassiveMountOnFiber @ C:\Users\USER\OneDrive\Desktop\PUP\node_modules\react-dom\cjs\react-dom-client.development.js:13834
<HomeScreen(./(tabs)/index.tsx)>
exports.jsxDEV @ C:\Users\USER\OneDrive\Desktop\PUP\node_modules\react\cjs\react-jsx-dev-runtime.development.js:346
BaseRoute @ C:\Users\USER\OneDrive\Desktop\PUP\node_modules\expo-router\build\useScreens.js:213
react-stack-bottom-frame @ C:\Users\USER\OneDrive\Desktop\PUP\node_modules\react-dom\cjs\react-dom-client.development.js:23863
renderWithHooks @ C:\Users\USER\OneDrive\Desktop\PUP\node_modules\react-dom\cjs\react-dom-client.development.js:5529
updateFunctionComponent @ C:\Users\USER\OneDrive\Desktop\PUP\node_modules\react-dom\cjs\react-dom-client.development.js:8897
beginWork @ C:\Users\USER\OneDrive\Desktop\PUP\node_modules\react-dom\cjs\react-dom-client.development.js:10522
runWithFiberInDEV @ C:\Users\USER\OneDrive\Desktop\PUP\node_modules\react-dom\cjs\react-dom-client.development.js:1519
performUnitOfWork @ C:\Users\USER\OneDrive\Desktop\PUP\node_modules\react-dom\cjs\react-dom-client.development.js:15132
workLoopSync @ C:\Users\USER\OneDrive\Desktop\PUP\node_modules\react-dom\cjs\react-dom-client.development.js:14956
renderRootSync @ C:\Users\USER\OneDrive\Desktop\PUP\node_modules\react-dom\cjs\react-dom-client.development.js:14936
performWorkOnRoot @ C:\Users\USER\OneDrive\Desktop\PUP\node_modules\react-dom\cjs\react-dom-client.development.js:14419
performSyncWorkOnRoot @ C:\Users\USER\OneDrive\Desktop\PUP\node_modules\react-dom\cjs\react-dom-client.development.js:16231
flushSyncWorkAcrossRoots_impl @ C:\Users\USER\OneDrive\Desktop\PUP\node_modules\react-dom\cjs\react-dom-client.development.js:16079
flushPassiveEffects @ C:\Users\USER\OneDrive\Desktop\PUP\node_modules\react-dom\cjs\react-dom-client.development.js:15749
(anonymous) @ C:\Users\USER\OneDrive\Desktop\PUP\node_modules\react-dom\cjs\react-dom-client.development.js:15379
performWorkUntilDeadline @ C:\Users\USER\OneDrive\Desktop\PUP\node_modules\scheduler\cjs\scheduler.development.js:45
<Route(index)>
exports.jsx @ C:\Users\USER\OneDrive\Desktop\PUP\node_modules\react\cjs\react-jsx-runtime.development.js:339
SceneView @ C:\Users\USER\OneDrive\Desktop\PUP\node_modules\@react-navigation\core\lib\module\SceneView.js:125
react-stack-bottom-frame @ C:\Users\USER\OneDrive\Desktop\PUP\node_modules\react-dom\cjs\react-dom-client.development.js:23863
renderWithHooks @ C:\Users\USER\OneDrive\Desktop\PUP\node_modules\react-dom\cjs\react-dom-client.development.js:5529
updateFunctionComponent @ C:\Users\USER\OneDrive\Desktop\PUP\node_modules\react-dom\cjs\react-dom-client.development.js:8897
beginWork @ C:\Users\USER\OneDrive\Desktop\PUP\node_modules\react-dom\cjs\react-dom-client.development.js:10522
runWithFiberInDEV @ C:\Users\USER\OneDrive\Desktop\PUP\node_modules\react-dom\cjs\react-dom-client.development.js:1519
performUnitOfWork @ C:\Users\USER\OneDrive\Desktop\PUP\node_modules\react-dom\cjs\react-dom-client.development.js:15132
workLoopSync @ C:\Users\USER\OneDrive\Desktop\PUP\node_modules\react-dom\cjs\react-dom-client.development.js:14956
renderRootSync @ C:\Users\USER\OneDrive\Desktop\PUP\node_modules\react-dom\cjs\react-dom-client.development.js:14936
performWorkOnRoot @ C:\Users\USER\OneDrive\Desktop\PUP\node_modules\react-dom\cjs\react-dom-client.development.js:14419
performSyncWorkOnRoot @ C:\Users\USER\OneDrive\Desktop\PUP\node_modules\react-dom\cjs\react-dom-client.development.js:16231
flushSyncWorkAcrossRoots_impl @ C:\Users\USER\OneDrive\Desktop\PUP\node_modules\react-dom\cjs\react-dom-client.development.js:16079
flushPassiveEffects @ C:\Users\USER\OneDrive\Desktop\PUP\node_modules\react-dom\cjs\react-dom-client.development.js:15749
(anonymous) @ C:\Users\USER\OneDrive\Desktop\PUP\node_modules\react-dom\cjs\react-dom-client.development.js:15379
performWorkUntilDeadline @ C:\Users\USER\OneDrive\Desktop\PUP\node_modules\scheduler\cjs\scheduler.development.js:45
<SceneView>
exports.jsx @ C:\Users\USER\OneDrive\Desktop\PUP\node_modules\react\cjs\react-jsx-runtime.development.js:339
render @ C:\Users\USER\OneDrive\Desktop\PUP\node_modules\@react-navigation\core\lib\module\useDescriptors.js:108
(anonymous) @ C:\Users\USER\OneDrive\Desktop\PUP\node_modules\@react-navigation\core\lib\module\useDescriptors.js:140
useDescriptors @ C:\Users\USER\OneDrive\Desktop\PUP\node_modules\@react-navigation\core\lib\module\useDescriptors.js:137
useNavigationBuilder @ C:\Users\USER\OneDrive\Desktop\PUP\node_modules\@react-navigation\core\lib\module\useNavigationBuilder.js:562
BottomTabNavigator @ C:\Users\USER\OneDrive\Desktop\PUP\node_modules\@react-navigation\bottom-tabs\lib\module\navigators\createBottomTabNavigator.js:24
react-stack-bottom-frame @ C:\Users\USER\OneDrive\Desktop\PUP\node_modules\react-dom\cjs\react-dom-client.development.js:23863
renderWithHooks @ C:\Users\USER\OneDrive\Desktop\PUP\node_modules\react-dom\cjs\react-dom-client.development.js:5529
updateFunctionComponent @ C:\Users\USER\OneDrive\Desktop\PUP\node_modules\react-dom\cjs\react-dom-client.development.js:8897
beginWork @ C:\Users\USER\OneDrive\Desktop\PUP\node_modules\react-dom\cjs\react-dom-client.development.js:10522
runWithFiberInDEV @ C:\Users\USER\OneDrive\Desktop\PUP\node_modules\react-dom\cjs\react-dom-client.development.js:1519
performUnitOfWork @ C:\Users\USER\OneDrive\Desktop\PUP\node_modules\react-dom\cjs\react-dom-client.development.js:15132
workLoopSync @ C:\Users\USER\OneDrive\Desktop\PUP\node_modules\react-dom\cjs\react-dom-client.development.js:14956
renderRootSync @ C:\Users\USER\OneDrive\Desktop\PUP\node_modules\react-dom\cjs\react-dom-client.development.js:14936
performWorkOnRoot @ C:\Users\USER\OneDrive\Desktop\PUP\node_modules\react-dom\cjs\react-dom-client.development.js:14419
performSyncWorkOnRoot @ C:\Users\USER\OneDrive\Desktop\PUP\node_modules\react-dom\cjs\react-dom-client.development.js:16231
flushSyncWorkAcrossRoots_impl @ C:\Users\USER\OneDrive\Desktop\PUP\node_modules\react-dom\cjs\react-dom-client.development.js:16079
flushPassiveEffects @ C:\Users\USER\OneDrive\Desktop\PUP\node_modules\react-dom\cjs\react-dom-client.development.js:15749
(anonymous) @ C:\Users\USER\OneDrive\Desktop\PUP\node_modules\react-dom\cjs\react-dom-client.development.js:15379
performWorkUntilDeadline @ C:\Users\USER\OneDrive\Desktop\PUP\node_modules\scheduler\cjs\scheduler.development.js:45
<BottomTabNavigator>
exports.jsxDEV @ C:\Users\USER\OneDrive\Desktop\PUP\node_modules\react\cjs\react-jsx-dev-runtime.development.js:346
(anonymous) @ C:\Users\USER\OneDrive\Desktop\PUP\node_modules\expo-router\build\layouts\withLayoutContext.js:156
react-stack-bottom-frame @ C:\Users\USER\OneDrive\Desktop\PUP\node_modules\react-dom\cjs\react-dom-client.development.js:23863
renderWithHooks @ C:\Users\USER\OneDrive\Desktop\PUP\node_modules\react-dom\cjs\react-dom-client.development.js:5529
updateForwardRef @ C:\Users\USER\OneDrive\Desktop\PUP\node_modules\react-dom\cjs\react-dom-client.development.js:8645
beginWork @ C:\Users\USER\OneDrive\Desktop\PUP\node_modules\react-dom\cjs\react-dom-client.development.js:10861
runWithFiberInDEV @ C:\Users\USER\OneDrive\Desktop\PUP\node_modules\react-dom\cjs\react-dom-client.development.js:1519
performUnitOfWork @ C:\Users\USER\OneDrive\Desktop\PUP\node_modules\react-dom\cjs\react-dom-client.development.js:15132
workLoopSync @ C:\Users\USER\OneDrive\Desktop\PUP\node_modules\react-dom\cjs\react-dom-client.development.js:14956
renderRootSync @ C:\Users\USER\OneDrive\Desktop\PUP\node_modules\react-dom\cjs\react-dom-client.development.js:14936
performWorkOnRoot @ C:\Users\USER\OneDrive\Desktop\PUP\node_modules\react-dom\cjs\react-dom-client.development.js:14419
performSyncWorkOnRoot @ C:\Users\USER\OneDrive\Desktop\PUP\node_modules\react-dom\cjs\react-dom-client.development.js:16231
flushSyncWorkAcrossRoots_impl @ C:\Users\USER\OneDrive\Desktop\PUP\node_modules\react-dom\cjs\react-dom-client.development.js:16079
flushPassiveEffects @ C:\Users\USER\OneDrive\Desktop\PUP\node_modules\react-dom\cjs\react-dom-client.development.js:15749
(anonymous) @ C:\Users\USER\OneDrive\Desktop\PUP\node_modules\react-dom\cjs\react-dom-client.development.js:15379
performWorkUntilDeadline @ C:\Users\USER\OneDrive\Desktop\PUP\node_modules\scheduler\cjs\scheduler.development.js:45
<ForwardRef>
exports.jsxDEV @ C:\Users\USER\OneDrive\Desktop\PUP\node_modules\react\cjs\react-jsx-dev-runtime.development.js:346
Object.assign.Screen @ C:\Users\USER\OneDrive\Desktop\PUP\node_modules\expo-router\build\layouts\TabsClient.js:46
react-stack-bottom-frame @ C:\Users\USER\OneDrive\Desktop\PUP\node_modules\react-dom\cjs\react-dom-client.development.js:23863
renderWithHooks @ C:\Users\USER\OneDrive\Desktop\PUP\node_modules\react-dom\cjs\react-dom-client.development.js:5529
updateFunctionComponent @ C:\Users\USER\OneDrive\Desktop\PUP\node_modules\react-dom\cjs\react-dom-client.development.js:8897
beginWork @ C:\Users\USER\OneDrive\Desktop\PUP\node_modules\react-dom\cjs\react-dom-client.development.js:10522
runWithFiberInDEV @ C:\Users\USER\OneDrive\Desktop\PUP\node_modules\react-dom\cjs\react-dom-client.development.js:1519
performUnitOfWork @ C:\Users\USER\OneDrive\Desktop\PUP\node_modules\react-dom\cjs\react-dom-client.development.js:15132
workLoopSync @ C:\Users\USER\OneDrive\Desktop\PUP\node_modules\react-dom\cjs\react-dom-client.development.js:14956
renderRootSync @ C:\Users\USER\OneDrive\Desktop\PUP\node_modules\react-dom\cjs\react-dom-client.development.js:14936
performWorkOnRoot @ C:\Users\USER\OneDrive\Desktop\PUP\node_modules\react-dom\cjs\react-dom-client.development.js:14419
performSyncWorkOnRoot @ C:\Users\USER\OneDrive\Desktop\PUP\node_modules\react-dom\cjs\react-dom-client.development.js:16231
flushSyncWorkAcrossRoots_impl @ C:\Users\USER\OneDrive\Desktop\PUP\node_modules\react-dom\cjs\react-dom-client.development.js:16079
flushPassiveEffects @ C:\Users\USER\OneDrive\Desktop\PUP\node_modules\react-dom\cjs\react-dom-client.development.js:15749
(anonymous) @ C:\Users\USER\OneDrive\Desktop\PUP\node_modules\react-dom\cjs\react-dom-client.development.js:15379
performWorkUntilDeadline @ C:\Users\USER\OneDrive\Desktop\PUP\node_modules\scheduler\cjs\scheduler.development.js:45
<...>
exports.jsxDEV @ C:\Users\USER\OneDrive\Desktop\PUP\node_modules\react\cjs\react-jsx-dev-runtime.development.js:346
TabLayout @ C:\Users\USER\OneDrive\Desktop\PUP\app\(tabs)\_layout.tsx:6
react-stack-bottom-frame @ C:\Users\USER\OneDrive\Desktop\PUP\node_modules\react-dom\cjs\react-dom-client.development.js:23863
renderWithHooks @ C:\Users\USER\OneDrive\Desktop\PUP\node_modules\react-dom\cjs\react-dom-client.development.js:5529
updateFunctionComponent @ C:\Users\USER\OneDrive\Desktop\PUP\node_modules\react-dom\cjs\react-dom-client.development.js:8897
beginWork @ C:\Users\USER\OneDrive\Desktop\PUP\node_modules\react-dom\cjs\react-dom-client.development.js:10522
runWithFiberInDEV @ C:\Users\USER\OneDrive\Desktop\PUP\node_modules\react-dom\cjs\react-dom-client.development.js:1519
performUnitOfWork @ C:\Users\USER\OneDrive\Desktop\PUP\node_modules\react-dom\cjs\react-dom-client.development.js:15132
workLoopSync @ C:\Users\USER\OneDrive\Desktop\PUP\node_modules\react-dom\cjs\react-dom-client.development.js:14956
renderRootSync @ C:\Users\USER\OneDrive\Desktop\PUP\node_modules\react-dom\cjs\react-dom-client.development.js:14936
performWorkOnRoot @ C:\Users\USER\OneDrive\Desktop\PUP\node_modules\react-dom\cjs\react-dom-client.development.js:14419
performSyncWorkOnRoot @ C:\Users\USER\OneDrive\Desktop\PUP\node_modules\react-dom\cjs\react-dom-client.development.js:16231
flushSyncWorkAcrossRoots_impl @ C:\Users\USER\OneDrive\Desktop\PUP\node_modules\react-dom\cjs\react-dom-client.development.js:16079
flushPassiveEffects @ C:\Users\USER\OneDrive\Desktop\PUP\node_modules\react-dom\cjs\react-dom-client.development.js:15749
(anonymous) @ C:\Users\USER\OneDrive\Desktop\PUP\node_modules\react-dom\cjs\react-dom-client.development.js:15379
performWorkUntilDeadline @ C:\Users\USER\OneDrive\Desktop\PUP\node_modules\scheduler\cjs\scheduler.development.js:45
<TabLayout(./(tabs)/_layout.tsx)>
exports.jsxDEV @ C:\Users\USER\OneDrive\Desktop\PUP\node_modules\react\cjs\react-jsx-dev-runtime.development.js:346
BaseRoute @ C:\Users\USER\OneDrive\Desktop\PUP\node_modules\expo-router\build\useScreens.js:213
react-stack-bottom-frame @ C:\Users\USER\OneDrive\Desktop\PUP\node_modules\react-dom\cjs\react-dom-client.development.js:23863
renderWithHooks @ C:\Users\USER\OneDrive\Desktop\PUP\node_modules\react-dom\cjs\react-dom-client.development.js:5529
updateFunctionComponent @ C:\Users\USER\OneDrive\Desktop\PUP\node_modules\react-dom\cjs\react-dom-client.development.js:8897
beginWork @ C:\Users\USER\OneDrive\Desktop\PUP\node_modules\react-dom\cjs\react-dom-client.development.js:10522
runWithFiberInDEV @ C:\Users\USER\OneDrive\Desktop\PUP\node_modules\react-dom\cjs\react-dom-client.development.js:1519
performUnitOfWork @ C:\Users\USER\OneDrive\Desktop\PUP\node_modules\react-dom\cjs\react-dom-client.development.js:15132
workLoopSync @ C:\Users\USER\OneDrive\Desktop\PUP\node_modules\react-dom\cjs\react-dom-client.development.js:14956
renderRootSync @ C:\Users\USER\OneDrive\Desktop\PUP\node_modules\react-dom\cjs\react-dom-client.development.js:14936
performWorkOnRoot @ C:\Users\USER\OneDrive\Desktop\PUP\node_modules\react-dom\cjs\react-dom-client.development.js:14419
performSyncWorkOnRoot @ C:\Users\USER\OneDrive\Desktop\PUP\node_modules\react-dom\cjs\react-dom-client.development.js:16231
flushSyncWorkAcrossRoots_impl @ C:\Users\USER\OneDrive\Desktop\PUP\node_modules\react-dom\cjs\react-dom-client.development.js:16079
flushPassiveEffects @ C:\Users\USER\OneDrive\Desktop\PUP\node_modules\react-dom\cjs\react-dom-client.development.js:15749
(anonymous) @ C:\Users\USER\OneDrive\Desktop\PUP\node_modules\react-dom\cjs\react-dom-client.development.js:15379
performWorkUntilDeadline @ C:\Users\USER\OneDrive\Desktop\PUP\node_modules\scheduler\cjs\scheduler.development.js:45
<Route((tabs))>
exports.jsx @ C:\Users\USER\OneDrive\Desktop\PUP\node_modules\react\cjs\react-jsx-runtime.development.js:339
SceneView @ C:\Users\USER\OneDrive\Desktop\PUP\node_modules\@react-navigation\core\lib\module\SceneView.js:125
react-stack-bottom-frame @ C:\Users\USER\OneDrive\Desktop\PUP\node_modules\react-dom\cjs\react-dom-client.development.js:23863
renderWithHooks @ C:\Users\USER\OneDrive\Desktop\PUP\node_modules\react-dom\cjs\react-dom-client.development.js:5529
updateFunctionComponent @ C:\Users\USER\OneDrive\Desktop\PUP\node_modules\react-dom\cjs\react-dom-client.development.js:8897
beginWork @ C:\Users\USER\OneDrive\Desktop\PUP\node_modules\react-dom\cjs\react-dom-client.development.js:10522
runWithFiberInDEV @ C:\Users\USER\OneDrive\Desktop\PUP\node_modules\react-dom\cjs\react-dom-client.development.js:1519
performUnitOfWork @ C:\Users\USER\OneDrive\Desktop\PUP\node_modules\react-dom\cjs\react-dom-client.development.js:15132
workLoopSync @ C:\Users\USER\OneDrive\Desktop\PUP\node_modules\react-dom\cjs\react-dom-client.development.js:14956
renderRootSync @ C:\Users\USER\OneDrive\Desktop\PUP\node_modules\react-dom\cjs\react-dom-client.development.js:14936
performWorkOnRoot @ C:\Users\USER\OneDrive\Desktop\PUP\node_modules\react-dom\cjs\react-dom-client.development.js:14419
performSyncWorkOnRoot @ C:\Users\USER\OneDrive\Desktop\PUP\node_modules\react-dom\cjs\react-dom-client.development.js:16231
flushSyncWorkAcrossRoots_impl @ C:\Users\USER\OneDrive\Desktop\PUP\node_modules\react-dom\cjs\react-dom-client.development.js:16079
flushPassiveEffects @ C:\Users\USER\OneDrive\Desktop\PUP\node_modules\react-dom\cjs\react-dom-client.development.js:15749
(anonymous) @ C:\Users\USER\OneDrive\Desktop\PUP\node_modules\react-dom\cjs\react-dom-client.development.js:15379
performWorkUntilDeadline @ C:\Users\USER\OneDrive\Desktop\PUP\node_modules\scheduler\cjs\scheduler.development.js:45
<SceneView>
exports.jsx @ C:\Users\USER\OneDrive\Desktop\PUP\node_modules\react\cjs\react-jsx-runtime.development.js:339
render @ C:\Users\USER\OneDrive\Desktop\PUP\node_modules\@react-navigation\core\lib\module\useDescriptors.js:108
(anonymous) @ C:\Users\USER\OneDrive\Desktop\PUP\node_modules\@react-navigation\core\lib\module\useDescriptors.js:140
useDescriptors @ C:\Users\USER\OneDrive\Desktop\PUP\node_modules\@react-navigation\core\lib\module\useDescriptors.js:137
useNavigationBuilder @ C:\Users\USER\OneDrive\Desktop\PUP\node_modules\@react-navigation\core\lib\module\useNavigationBuilder.js:562
SlotNavigator @ C:\Users\USER\OneDrive\Desktop\PUP\node_modules\expo-router\build\views\Navigator.js:107
react-stack-bottom-frame @ C:\Users\USER\OneDrive\Desktop\PUP\node_modules\react-dom\cjs\react-dom-client.development.js:23863
renderWithHooks @ C:\Users\USER\OneDrive\Desktop\PUP\node_modules\react-dom\cjs\react-dom-client.development.js:5529
updateFunctionComponent @ C:\Users\USER\OneDrive\Desktop\PUP\node_modules\react-dom\cjs\react-dom-client.development.js:8897
beginWork @ C:\Users\USER\OneDrive\Desktop\PUP\node_modules\react-dom\cjs\react-dom-client.development.js:10522
runWithFiberInDEV @ C:\Users\USER\OneDrive\Desktop\PUP\node_modules\react-dom\cjs\react-dom-client.development.js:1519
performUnitOfWork @ C:\Users\USER\OneDrive\Desktop\PUP\node_modules\react-dom\cjs\react-dom-client.development.js:15132
workLoopSync @ C:\Users\USER\OneDrive\Desktop\PUP\node_modules\react-dom\cjs\react-dom-client.development.js:14956
renderRootSync @ C:\Users\USER\OneDrive\Desktop\PUP\node_modules\react-dom\cjs\react-dom-client.development.js:14936
performWorkOnRoot @ C:\Users\USER\OneDrive\Desktop\PUP\node_modules\react-dom\cjs\react-dom-client.development.js:14419
performSyncWorkOnRoot @ C:\Users\USER\OneDrive\Desktop\PUP\node_modules\react-dom\cjs\react-dom-client.development.js:16231
flushSyncWorkAcrossRoots_impl @ C:\Users\USER\OneDrive\Desktop\PUP\node_modules\react-dom\cjs\react-dom-client.development.js:16079
flushPassiveEffects @ C:\Users\USER\OneDrive\Desktop\PUP\node_modules\react-dom\cjs\react-dom-client.development.js:15749
(anonymous) @ C:\Users\USER\OneDrive\Desktop\PUP\node_modules\react-dom\cjs\react-dom-client.development.js:15379
performWorkUntilDeadline @ C:\Users\USER\OneDrive\Desktop\PUP\node_modules\scheduler\cjs\scheduler.development.js:45
<SlotNavigator>
exports.jsxDEV @ C:\Users\USER\OneDrive\Desktop\PUP\node_modules\react\cjs\react-jsx-dev-runtime.development.js:346
Slot @ C:\Users\USER\OneDrive\Desktop\PUP\node_modules\expo-router\build\views\Navigator.js:130
react-stack-bottom-frame @ C:\Users\USER\OneDrive\Desktop\PUP\node_modules\react-dom\cjs\react-dom-client.development.js:23863
renderWithHooks @ C:\Users\USER\OneDrive\Desktop\PUP\node_modules\react-dom\cjs\react-dom-client.development.js:5529
updateFunctionComponent @ C:\Users\USER\OneDrive\Desktop\PUP\node_modules\react-dom\cjs\react-dom-client.development.js:8897
beginWork @ C:\Users\USER\OneDrive\Desktop\PUP\node_modules\react-dom\cjs\react-dom-client.development.js:10522
runWithFiberInDEV @ C:\Users\USER\OneDrive\Desktop\PUP\node_modules\react-dom\cjs\react-dom-client.development.js:1519
performUnitOfWork @ C:\Users\USER\OneDrive\Desktop\PUP\node_modules\react-dom\cjs\react-dom-client.development.js:15132
workLoopConcurrentByScheduler @ C:\Users\USER\OneDrive\Desktop\PUP\node_modules\react-dom\cjs\react-dom-client.development.js:15126
renderRootConcurrent @ C:\Users\USER\OneDrive\Desktop\PUP\node_modules\react-dom\cjs\react-dom-client.development.js:15101
performWorkOnRoot @ C:\Users\USER\OneDrive\Desktop\PUP\node_modules\react-dom\cjs\react-dom-client.development.js:14418
performWorkOnRootViaSchedulerTask @ C:\Users\USER\OneDrive\Desktop\PUP\node_modules\react-dom\cjs\react-dom-client.development.js:16216
performWorkUntilDeadline @ C:\Users\USER\OneDrive\Desktop\PUP\node_modules\scheduler\cjs\scheduler.development.js:45
<Slot>
exports.jsxDEV @ C:\Users\USER\OneDrive\Desktop\PUP\node_modules\react\cjs\react-jsx-dev-runtime.development.js:346
RootLayout @ C:\Users\USER\OneDrive\Desktop\PUP\app\_layout.tsx:86
react-stack-bottom-frame @ C:\Users\USER\OneDrive\Desktop\PUP\node_modules\react-dom\cjs\react-dom-client.development.js:23863
renderWithHooks @ C:\Users\USER\OneDrive\Desktop\PUP\node_modules\react-dom\cjs\react-dom-client.development.js:5529
updateFunctionComponent @ C:\Users\USER\OneDrive\Desktop\PUP\node_modules\react-dom\cjs\react-dom-client.development.js:8897
beginWork @ C:\Users\USER\OneDrive\Desktop\PUP\node_modules\react-dom\cjs\react-dom-client.development.js:10522
runWithFiberInDEV @ C:\Users\USER\OneDrive\Desktop\PUP\node_modules\react-dom\cjs\react-dom-client.development.js:1519
performUnitOfWork @ C:\Users\USER\OneDrive\Desktop\PUP\node_modules\react-dom\cjs\react-dom-client.development.js:15132
workLoopConcurrentByScheduler @ C:\Users\USER\OneDrive\Desktop\PUP\node_modules\react-dom\cjs\react-dom-client.development.js:15126
renderRootConcurrent @ C:\Users\USER\OneDrive\Desktop\PUP\node_modules\react-dom\cjs\react-dom-client.development.js:15101
performWorkOnRoot @ C:\Users\USER\OneDrive\Desktop\PUP\node_modules\react-dom\cjs\react-dom-client.development.js:14418
performWorkOnRootViaSchedulerTask @ C:\Users\USER\OneDrive\Desktop\PUP\node_modules\react-dom\cjs\react-dom-client.development.js:16216
performWorkUntilDeadline @ C:\Users\USER\OneDrive\Desktop\PUP\node_modules\scheduler\cjs\scheduler.development.js:45
<RootLayout(./_layout.tsx)>
exports.jsxDEV @ C:\Users\USER\OneDrive\Desktop\PUP\node_modules\react\cjs\react-jsx-dev-runtime.development.js:346
BaseRoute @ C:\Users\USER\OneDrive\Desktop\PUP\node_modules\expo-router\build\useScreens.js:213
react-stack-bottom-frame @ C:\Users\USER\OneDrive\Desktop\PUP\node_modules\react-dom\cjs\react-dom-client.development.js:23863
renderWithHooks @ C:\Users\USER\OneDrive\Desktop\PUP\node_modules\react-dom\cjs\react-dom-client.development.js:5529
updateFunctionComponent @ C:\Users\USER\OneDrive\Desktop\PUP\node_modules\react-dom\cjs\react-dom-client.development.js:8897
beginWork @ C:\Users\USER\OneDrive\Desktop\PUP\node_modules\react-dom\cjs\react-dom-client.development.js:10522
runWithFiberInDEV @ C:\Users\USER\OneDrive\Desktop\PUP\node_modules\react-dom\cjs\react-dom-client.development.js:1519
performUnitOfWork @ C:\Users\USER\OneDrive\Desktop\PUP\node_modules\react-dom\cjs\react-dom-client.development.js:15132
workLoopConcurrentByScheduler @ C:\Users\USER\OneDrive\Desktop\PUP\node_modules\react-dom\cjs\react-dom-client.development.js:15126
renderRootConcurrent @ C:\Users\USER\OneDrive\Desktop\PUP\node_modules\react-dom\cjs\react-dom-client.development.js:15101
performWorkOnRoot @ C:\Users\USER\OneDrive\Desktop\PUP\node_modules\react-dom\cjs\react-dom-client.development.js:14418
performWorkOnRootViaSchedulerTask @ C:\Users\USER\OneDrive\Desktop\PUP\node_modules\react-dom\cjs\react-dom-client.development.js:16216
performWorkUntilDeadline @ C:\Users\USER\OneDrive\Desktop\PUP\node_modules\scheduler\cjs\scheduler.development.js:45
<Route()>
exports.jsx @ C:\Users\USER\OneDrive\Desktop\PUP\node_modules\react\cjs\react-jsx-runtime.development.js:339
SceneView @ C:\Users\USER\OneDrive\Desktop\PUP\node_modules\@react-navigation\core\lib\module\SceneView.js:125
react-stack-bottom-frame @ C:\Users\USER\OneDrive\Desktop\PUP\node_modules\react-dom\cjs\react-dom-client.development.js:23863
renderWithHooks @ C:\Users\USER\OneDrive\Desktop\PUP\node_modules\react-dom\cjs\react-dom-client.development.js:5529
updateFunctionComponent @ C:\Users\USER\OneDrive\Desktop\PUP\node_modules\react-dom\cjs\react-dom-client.development.js:8897
beginWork @ C:\Users\USER\OneDrive\Desktop\PUP\node_modules\react-dom\cjs\react-dom-client.development.js:10522
runWithFiberInDEV @ C:\Users\USER\OneDrive\Desktop\PUP\node_modules\react-dom\cjs\react-dom-client.development.js:1519
performUnitOfWork @ C:\Users\USER\OneDrive\Desktop\PUP\node_modules\react-dom\cjs\react-dom-client.development.js:15132
workLoopConcurrentByScheduler @ C:\Users\USER\OneDrive\Desktop\PUP\node_modules\react-dom\cjs\react-dom-client.development.js:15126
renderRootConcurrent @ C:\Users\USER\OneDrive\Desktop\PUP\node_modules\react-dom\cjs\react-dom-client.development.js:15101
performWorkOnRoot @ C:\Users\USER\OneDrive\Desktop\PUP\node_modules\react-dom\cjs\react-dom-client.development.js:14418
performWorkOnRootViaSchedulerTask @ C:\Users\USER\OneDrive\Desktop\PUP\node_modules\react-dom\cjs\react-dom-client.development.js:16216
performWorkUntilDeadline @ C:\Users\USER\OneDrive\Desktop\PUP\node_modules\scheduler\cjs\scheduler.development.js:45
<SceneView>
exports.jsx @ C:\Users\USER\OneDrive\Desktop\PUP\node_modules\react\cjs\react-jsx-runtime.development.js:339
render @ C:\Users\USER\OneDrive\Desktop\PUP\node_modules\@react-navigation\core\lib\module\useDescriptors.js:108
(anonymous) @ C:\Users\USER\OneDrive\Desktop\PUP\node_modules\@react-navigation\core\lib\module\useDescriptors.js:140
useDescriptors @ C:\Users\USER\OneDrive\Desktop\PUP\node_modules\@react-navigation\core\lib\module\useDescriptors.js:137
useNavigationBuilder @ C:\Users\USER\OneDrive\Desktop\PUP\node_modules\@react-navigation\core\lib\module\useNavigationBuilder.js:562
Content @ C:\Users\USER\OneDrive\Desktop\PUP\node_modules\expo-router\build\ExpoRoot.js:161
react-stack-bottom-frame @ C:\Users\USER\OneDrive\Desktop\PUP\node_modules\react-dom\cjs\react-dom-client.development.js:23863
renderWithHooks @ C:\Users\USER\OneDrive\Desktop\PUP\node_modules\react-dom\cjs\react-dom-client.development.js:5529
updateFunctionComponent @ C:\Users\USER\OneDrive\Desktop\PUP\node_modules\react-dom\cjs\react-dom-client.development.js:8897
beginWork @ C:\Users\USER\OneDrive\Desktop\PUP\node_modules\react-dom\cjs\react-dom-client.development.js:10522
runWithFiberInDEV @ C:\Users\USER\OneDrive\Desktop\PUP\node_modules\react-dom\cjs\react-dom-client.development.js:1519
performUnitOfWork @ C:\Users\USER\OneDrive\Desktop\PUP\node_modules\react-dom\cjs\react-dom-client.development.js:15132
workLoopConcurrentByScheduler @ C:\Users\USER\OneDrive\Desktop\PUP\node_modules\react-dom\cjs\react-dom-client.development.js:15126
renderRootConcurrent @ C:\Users\USER\OneDrive\Desktop\PUP\node_modules\react-dom\cjs\react-dom-client.development.js:15101
performWorkOnRoot @ C:\Users\USER\OneDrive\Desktop\PUP\node_modules\react-dom\cjs\react-dom-client.development.js:14418
performWorkOnRootViaSchedulerTask @ C:\Users\USER\OneDrive\Desktop\PUP\node_modules\react-dom\cjs\react-dom-client.development.js:16216
performWorkUntilDeadline @ C:\Users\USER\OneDrive\Desktop\PUP\node_modules\scheduler\cjs\scheduler.development.js:45
<Content>
exports.jsxDEV @ C:\Users\USER\OneDrive\Desktop\PUP\node_modules\react\cjs\react-jsx-dev-runtime.development.js:346
ContextNavigator @ C:\Users\USER\OneDrive\Desktop\PUP\node_modules\expo-router\build\ExpoRoot.js:147
react-stack-bottom-frame @ C:\Users\USER\OneDrive\Desktop\PUP\node_modules\react-dom\cjs\react-dom-client.development.js:23863
renderWithHooks @ C:\Users\USER\OneDrive\Desktop\PUP\node_modules\react-dom\cjs\react-dom-client.development.js:5529
updateFunctionComponent @ C:\Users\USER\OneDrive\Desktop\PUP\node_modules\react-dom\cjs\react-dom-client.development.js:8897
beginWork @ C:\Users\USER\OneDrive\Desktop\PUP\node_modules\react-dom\cjs\react-dom-client.development.js:10522
runWithFiberInDEV @ C:\Users\USER\OneDrive\Desktop\PUP\node_modules\react-dom\cjs\react-dom-client.development.js:1519
performUnitOfWork @ C:\Users\USER\OneDrive\Desktop\PUP\node_modules\react-dom\cjs\react-dom-client.development.js:15132
workLoopConcurrentByScheduler @ C:\Users\USER\OneDrive\Desktop\PUP\node_modules\react-dom\cjs\react-dom-client.development.js:15126
renderRootConcurrent @ C:\Users\USER\OneDrive\Desktop\PUP\node_modules\react-dom\cjs\react-dom-client.development.js:15101
performWorkOnRoot @ C:\Users\USER\OneDrive\Desktop\PUP\node_modules\react-dom\cjs\react-dom-client.development.js:14418
performWorkOnRootViaSchedulerTask @ C:\Users\USER\OneDrive\Desktop\PUP\node_modules\react-dom\cjs\react-dom-client.development.js:16216
performWorkUntilDeadline @ C:\Users\USER\OneDrive\Desktop\PUP\node_modules\scheduler\cjs\scheduler.development.js:45
<ContextNavigator>
exports.jsxDEV @ C:\Users\USER\OneDrive\Desktop\PUP\node_modules\react\cjs\react-jsx-dev-runtime.development.js:346
ExpoRoot @ C:\Users\USER\OneDrive\Desktop\PUP\node_modules\expo-router\build\ExpoRoot.js:87
react-stack-bottom-frame @ C:\Users\USER\OneDrive\Desktop\PUP\node_modules\react-dom\cjs\react-dom-client.development.js:23863
renderWithHooks @ C:\Users\USER\OneDrive\Desktop\PUP\node_modules\react-dom\cjs\react-dom-client.development.js:5529
updateFunctionComponent @ C:\Users\USER\OneDrive\Desktop\PUP\node_modules\react-dom\cjs\react-dom-client.development.js:8897
beginWork @ C:\Users\USER\OneDrive\Desktop\PUP\node_modules\react-dom\cjs\react-dom-client.development.js:10522
runWithFiberInDEV @ C:\Users\USER\OneDrive\Desktop\PUP\node_modules\react-dom\cjs\react-dom-client.development.js:1519
performUnitOfWork @ C:\Users\USER\OneDrive\Desktop\PUP\node_modules\react-dom\cjs\react-dom-client.development.js:15132
workLoopConcurrentByScheduler @ C:\Users\USER\OneDrive\Desktop\PUP\node_modules\react-dom\cjs\react-dom-client.development.js:15126
renderRootConcurrent @ C:\Users\USER\OneDrive\Desktop\PUP\node_modules\react-dom\cjs\react-dom-client.development.js:15101
performWorkOnRoot @ C:\Users\USER\OneDrive\Desktop\PUP\node_modules\react-dom\cjs\react-dom-client.development.js:14418
performWorkOnRootViaSchedulerTask @ C:\Users\USER\OneDrive\Desktop\PUP\node_modules\react-dom\cjs\react-dom-client.development.js:16216
performWorkUntilDeadline @ C:\Users\USER\OneDrive\Desktop\PUP\node_modules\scheduler\cjs\scheduler.development.js:45
<ExpoRoot>
exports.jsxDEV @ C:\Users\USER\OneDrive\Desktop\PUP\node_modules\react\cjs\react-jsx-dev-runtime.development.js:346
App @ C:\Users\USER\OneDrive\Desktop\PUP\node_modules\expo-router\build\qualified-entry.js:21
react-stack-bottom-frame @ C:\Users\USER\OneDrive\Desktop\PUP\node_modules\react-dom\cjs\react-dom-client.development.js:23863
renderWithHooks @ C:\Users\USER\OneDrive\Desktop\PUP\node_modules\react-dom\cjs\react-dom-client.development.js:5529
updateFunctionComponent @ C:\Users\USER\OneDrive\Desktop\PUP\node_modules\react-dom\cjs\react-dom-client.development.js:8897
beginWork @ C:\Users\USER\OneDrive\Desktop\PUP\node_modules\react-dom\cjs\react-dom-client.development.js:10522
runWithFiberInDEV @ C:\Users\USER\OneDrive\Desktop\PUP\node_modules\react-dom\cjs\react-dom-client.development.js:1519
performUnitOfWork @ C:\Users\USER\OneDrive\Desktop\PUP\node_modules\react-dom\cjs\react-dom-client.development.js:15132
workLoopConcurrentByScheduler @ C:\Users\USER\OneDrive\Desktop\PUP\node_modules\react-dom\cjs\react-dom-client.development.js:15126
renderRootConcurrent @ C:\Users\USER\OneDrive\Desktop\PUP\node_modules\react-dom\cjs\react-dom-client.development.js:15101
performWorkOnRoot @ C:\Users\USER\OneDrive\Desktop\PUP\node_modules\react-dom\cjs\react-dom-client.development.js:14418
performWorkOnRootViaSchedulerTask @ C:\Users\USER\OneDrive\Desktop\PUP\node_modules\react-dom\cjs\react-dom-client.development.js:16216
performWorkUntilDeadline @ C:\Users\USER\OneDrive\Desktop\PUP\node_modules\scheduler\cjs\scheduler.development.js:45
<App>
exports.jsxDEV @ C:\Users\USER\OneDrive\Desktop\PUP\node_modules\react\cjs\react-jsx-dev-runtime.development.js:346
ErrorOverlay @ C:\Users\USER\OneDrive\Desktop\PUP\node_modules\@expo\metro-runtime\src\error-overlay\index.tsx:19
react-stack-bottom-frame @ C:\Users\USER\OneDrive\Desktop\PUP\node_modules\react-dom\cjs\react-dom-client.development.js:23863
renderWithHooks @ C:\Users\USER\OneDrive\Desktop\PUP\node_modules\react-dom\cjs\react-dom-client.development.js:5529
updateFunctionComponent @ C:\Users\USER\OneDrive\Desktop\PUP\node_modules\react-dom\cjs\react-dom-client.development.js:8897
beginWork @ C:\Users\USER\OneDrive\Desktop\PUP\node_modules\react-dom\cjs\react-dom-client.development.js:10522
runWithFiberInDEV @ C:\Users\USER\OneDrive\Desktop\PUP\node_modules\react-dom\cjs\react-dom-client.development.js:1519
performUnitOfWork @ C:\Users\USER\OneDrive\Desktop\PUP\node_modules\react-dom\cjs\react-dom-client.development.js:15132
workLoopConcurrentByScheduler @ C:\Users\USER\OneDrive\Desktop\PUP\node_modules\react-dom\cjs\react-dom-client.development.js:15126
renderRootConcurrent @ C:\Users\USER\OneDrive\Desktop\PUP\node_modules\react-dom\cjs\react-dom-client.development.js:15101
performWorkOnRoot @ C:\Users\USER\OneDrive\Desktop\PUP\node_modules\react-dom\cjs\react-dom-client.development.js:14418
performWorkOnRootViaSchedulerTask @ C:\Users\USER\OneDrive\Desktop\PUP\node_modules\react-dom\cjs\react-dom-client.development.js:16216
performWorkUntilDeadline @ C:\Users\USER\OneDrive\Desktop\PUP\node_modules\scheduler\cjs\scheduler.development.js:45
<ErrorOverlay>
exports.jsxDEV @ C:\Users\USER\OneDrive\Desktop\PUP\node_modules\react\cjs\react-jsx-dev-runtime.development.js:346
WithDevTools @ C:\Users\USER\OneDrive\Desktop\PUP\node_modules\expo\src\launch\withDevTools.web.tsx:11
react-stack-bottom-frame @ C:\Users\USER\OneDrive\Desktop\PUP\node_modules\react-dom\cjs\react-dom-client.development.js:23863
renderWithHooks @ C:\Users\USER\OneDrive\Desktop\PUP\node_modules\react-dom\cjs\react-dom-client.development.js:5529
updateFunctionComponent @ C:\Users\USER\OneDrive\Desktop\PUP\node_modules\react-dom\cjs\react-dom-client.development.js:8897
beginWork @ C:\Users\USER\OneDrive\Desktop\PUP\node_modules\react-dom\cjs\react-dom-client.development.js:10522
runWithFiberInDEV @ C:\Users\USER\OneDrive\Desktop\PUP\node_modules\react-dom\cjs\react-dom-client.development.js:1519
performUnitOfWork @ C:\Users\USER\OneDrive\Desktop\PUP\node_modules\react-dom\cjs\react-dom-client.development.js:15132
workLoopConcurrentByScheduler @ C:\Users\USER\OneDrive\Desktop\PUP\node_modules\react-dom\cjs\react-dom-client.development.js:15126
renderRootConcurrent @ C:\Users\USER\OneDrive\Desktop\PUP\node_modules\react-dom\cjs\react-dom-client.development.js:15101
performWorkOnRoot @ C:\Users\USER\OneDrive\Desktop\PUP\node_modules\react-dom\cjs\react-dom-client.development.js:14418
performWorkOnRootViaSchedulerTask @ C:\Users\USER\OneDrive\Desktop\PUP\node_modules\react-dom\cjs\react-dom-client.development.js:16216
performWorkUntilDeadline @ C:\Users\USER\OneDrive\Desktop\PUP\node_modules\scheduler\cjs\scheduler.development.js:45
<withDevTools(ErrorOverlay)>
exports.createElement @ C:\Users\USER\OneDrive\Desktop\PUP\node_modules\react\cjs\react.development.js:1033
renderApplication @ C:\Users\USER\OneDrive\Desktop\PUP\node_modules\react-native-web\dist\exports\AppRegistry\renderApplication.js:27
run @ C:\Users\USER\OneDrive\Desktop\PUP\node_modules\react-native-web\dist\exports\AppRegistry\index.js:36
runApplication @ C:\Users\USER\OneDrive\Desktop\PUP\node_modules\react-native-web\dist\exports\AppRegistry\index.js:74
registerRootComponent @ C:\Users\USER\OneDrive\Desktop\PUP\node_modules\expo\src\launch\registerRootComponent.tsx:58
(anonymous) @ C:\Users\USER\OneDrive\Desktop\PUP\node_modules\expo-router\build\renderRootComponent.js:88
exports.startTransition @ C:\Users\USER\OneDrive\Desktop\PUP\node_modules\react\cjs\react.development.js:1124
renderRootComponent @ C:\Users\USER\OneDrive\Desktop\PUP\node_modules\expo-router\build\renderRootComponent.js:85
(anonymous) @ C:\Users\USER\OneDrive\Desktop\PUP\node_modules\expo-router\entry-classic.js:10
loadModuleImplementation @ C:\Users\USER\OneDrive\Desktop\PUP\node_modules\expo\node_modules\@expo\cli\build\metro-require\require.js:248
guardedLoadModule @ C:\Users\USER\OneDrive\Desktop\PUP\node_modules\expo\node_modules\@expo\cli\build\metro-require\require.js:163
metroRequire @ C:\Users\USER\OneDrive\Desktop\PUP\node_modules\expo\node_modules\@expo\cli\build\metro-require\require.js:74
(anonymous) @ C:\Users\USER\OneDrive\Desktop\PUP\node_modules\expo-router\entry.js:3
loadModuleImplementation @ C:\Users\USER\OneDrive\Desktop\PUP\node_modules\expo\node_modules\@expo\cli\build\metro-require\require.js:248
guardedLoadModule @ C:\Users\USER\OneDrive\Desktop\PUP\node_modules\expo\node_modules\@expo\cli\build\metro-require\require.js:156
metroRequire @ C:\Users\USER\OneDrive\Desktop\PUP\node_modules\expo\node_modules\@expo\cli\build\metro-require\require.js:74
(anonymous) @ entry.bundle?platform=web&dev=true&hot=false&lazy=true&transform.routerRoot=app&transform.reactCompiler=true:196749
C:\Users\USER\OneDrive\Desktop\PUP\node_modules\@expo\metro-runtime\src\error-overlay\LogBox.web.ts:134 [REST] getCollection failed: The database (default) does not exist for project lasangpinoy-mobile Please visit https://console.cloud.google.com/datastore/setup?project=lasangpinoy-mobile to add a Cloud Datastore or Cloud Firestore database. 
registerError @ C:\Users\USER\OneDrive\Desktop\PUP\node_modules\@expo\metro-runtime\src\error-overlay\LogBox.web.ts:134
console.error @ C:\Users\USER\OneDrive\Desktop\PUP\node_modules\@expo\metro-runtime\src\error-overlay\LogBox.web.ts:59
getCollection @ C:\Users\USER\OneDrive\Desktop\PUP\lib\firestore-rest.ts:235
await in getCollection
getRecipes @ C:\Users\USER\OneDrive\Desktop\PUP\lib\firebase.ts:339
fetchRecipesData @ C:\Users\USER\OneDrive\Desktop\PUP\app\(tabs)\index.tsx:77
(anonymous) @ C:\Users\USER\OneDrive\Desktop\PUP\app\(tabs)\index.tsx:58
setTimeout
(anonymous) @ C:\Users\USER\OneDrive\Desktop\PUP\app\(tabs)\index.tsx:57
react-stack-bottom-frame @ C:\Users\USER\OneDrive\Desktop\PUP\node_modules\react-dom\cjs\react-dom-client.development.js:23949
runWithFiberInDEV @ C:\Users\USER\OneDrive\Desktop\PUP\node_modules\react-dom\cjs\react-dom-client.development.js:1519
commitHookEffectListMount @ C:\Users\USER\OneDrive\Desktop\PUP\node_modules\react-dom\cjs\react-dom-client.development.js:11905
commitHookPassiveMountEffects @ C:\Users\USER\OneDrive\Desktop\PUP\node_modules\react-dom\cjs\react-dom-client.development.js:12026
reconnectPassiveEffects @ C:\Users\USER\OneDrive\Desktop\PUP\node_modules\react-dom\cjs\react-dom-client.development.js:14004
recursivelyTraverseReconnectPassiveEffects @ C:\Users\USER\OneDrive\Desktop\PUP\node_modules\react-dom\cjs\react-dom-client.development.js:13976
reconnectPassiveEffects @ C:\Users\USER\OneDrive\Desktop\PUP\node_modules\react-dom\cjs\react-dom-client.development.js:14024
recursivelyTraverseReconnectPassiveEffects @ C:\Users\USER\OneDrive\Desktop\PUP\node_modules\react-dom\cjs\react-dom-client.development.js:13976
reconnectPassiveEffects @ C:\Users\USER\OneDrive\Desktop\PUP\node_modules\react-dom\cjs\react-dom-client.development.js:14051
recursivelyTraverseReconnectPassiveEffects @ C:\Users\USER\OneDrive\Desktop\PUP\node_modules\react-dom\cjs\react-dom-client.development.js:13976
reconnectPassiveEffects @ C:\Users\USER\OneDrive\Desktop\PUP\node_modules\react-dom\cjs\react-dom-client.development.js:14051
recursivelyTraverseReconnectPassiveEffects @ C:\Users\USER\OneDrive\Desktop\PUP\node_modules\react-dom\cjs\react-dom-client.development.js:13976
reconnectPassiveEffects @ C:\Users\USER\OneDrive\Desktop\PUP\node_modules\react-dom\cjs\react-dom-client.development.js:14051
recursivelyTraverseReconnectPassiveEffects @ C:\Users\USER\OneDrive\Desktop\PUP\node_modules\react-dom\cjs\react-dom-client.development.js:13976
reconnectPassiveEffects @ C:\Users\USER\OneDrive\Desktop\PUP\node_modules\react-dom\cjs\react-dom-client.development.js:13997
recursivelyTraverseReconnectPassiveEffects @ C:\Users\USER\OneDrive\Desktop\PUP\node_modules\react-dom\cjs\react-dom-client.development.js:13976
reconnectPassiveEffects @ C:\Users\USER\OneDrive\Desktop\PUP\node_modules\react-dom\cjs\react-dom-client.development.js:13997
recursivelyTraverseReconnectPassiveEffects @ C:\Users\USER\OneDrive\Desktop\PUP\node_modules\react-dom\cjs\react-dom-client.development.js:13976
reconnectPassiveEffects @ C:\Users\USER\OneDrive\Desktop\PUP\node_modules\react-dom\cjs\react-dom-client.development.js:13997
recursivelyTraverseReconnectPassiveEffects @ C:\Users\USER\OneDrive\Desktop\PUP\node_modules\react-dom\cjs\react-dom-client.development.js:13976
reconnectPassiveEffects @ C:\Users\USER\OneDrive\Desktop\PUP\node_modules\react-dom\cjs\react-dom-client.development.js:14051
recursivelyTraverseReconnectPassiveEffects @ C:\Users\USER\OneDrive\Desktop\PUP\node_modules\react-dom\cjs\react-dom-client.development.js:13976
reconnectPassiveEffects @ C:\Users\USER\OneDrive\Desktop\PUP\node_modules\react-dom\cjs\react-dom-client.development.js:14051
recursivelyTraverseReconnectPassiveEffects @ C:\Users\USER\OneDrive\Desktop\PUP\node_modules\react-dom\cjs\react-dom-client.development.js:13976
reconnectPassiveEffects @ C:\Users\USER\OneDrive\Desktop\PUP\node_modules\react-dom\cjs\react-dom-client.development.js:13997
recursivelyTraverseReconnectPassiveEffects @ C:\Users\USER\OneDrive\Desktop\PUP\node_modules\react-dom\cjs\react-dom-client.development.js:13976
reconnectPassiveEffects @ C:\Users\USER\OneDrive\Desktop\PUP\node_modules\react-dom\cjs\react-dom-client.development.js:14051
recursivelyTraverseReconnectPassiveEffects @ C:\Users\USER\OneDrive\Desktop\PUP\node_modules\react-dom\cjs\react-dom-client.development.js:13976
reconnectPassiveEffects @ C:\Users\USER\OneDrive\Desktop\PUP\node_modules\react-dom\cjs\react-dom-client.development.js:14051
recursivelyTraverseReconnectPassiveEffects @ C:\Users\USER\OneDrive\Desktop\PUP\node_modules\react-dom\cjs\react-dom-client.development.js:13976
reconnectPassiveEffects @ C:\Users\USER\OneDrive\Desktop\PUP\node_modules\react-dom\cjs\react-dom-client.development.js:14051
recursivelyTraverseReconnectPassiveEffects @ C:\Users\USER\OneDrive\Desktop\PUP\node_modules\react-dom\cjs\react-dom-client.development.js:13976
reconnectPassiveEffects @ C:\Users\USER\OneDrive\Desktop\PUP\node_modules\react-dom\cjs\react-dom-client.development.js:13997
recursivelyTraverseReconnectPassiveEffects @ C:\Users\USER\OneDrive\Desktop\PUP\node_modules\react-dom\cjs\react-dom-client.development.js:13976
reconnectPassiveEffects @ C:\Users\USER\OneDrive\Desktop\PUP\node_modules\react-dom\cjs\react-dom-client.development.js:14051
recursivelyTraverseReconnectPassiveEffects @ C:\Users\USER\OneDrive\Desktop\PUP\node_modules\react-dom\cjs\react-dom-client.development.js:13976
reconnectPassiveEffects @ C:\Users\USER\OneDrive\Desktop\PUP\node_modules\react-dom\cjs\react-dom-client.development.js:14051
recursivelyTraverseReconnectPassiveEffects @ C:\Users\USER\OneDrive\Desktop\PUP\node_modules\react-dom\cjs\react-dom-client.development.js:13976
reconnectPassiveEffects @ C:\Users\USER\OneDrive\Desktop\PUP\node_modules\react-dom\cjs\react-dom-client.development.js:14051
recursivelyTraverseReconnectPassiveEffects @ C:\Users\USER\OneDrive\Desktop\PUP\node_modules\react-dom\cjs\react-dom-client.development.js:13976
reconnectPassiveEffects @ C:\Users\USER\OneDrive\Desktop\PUP\node_modules\react-dom\cjs\react-dom-client.development.js:13997
recursivelyTraverseReconnectPassiveEffects @ C:\Users\USER\OneDrive\Desktop\PUP\node_modules\react-dom\cjs\react-dom-client.development.js:13976
reconnectPassiveEffects @ C:\Users\USER\OneDrive\Desktop\PUP\node_modules\react-dom\cjs\react-dom-client.development.js:14051
recursivelyTraverseReconnectPassiveEffects @ C:\Users\USER\OneDrive\Desktop\PUP\node_modules\react-dom\cjs\react-dom-client.development.js:13976
reconnectPassiveEffects @ C:\Users\USER\OneDrive\Desktop\PUP\node_modules\react-dom\cjs\react-dom-client.development.js:14051
recursivelyTraverseReconnectPassiveEffects @ C:\Users\USER\OneDrive\Desktop\PUP\node_modules\react-dom\cjs\react-dom-client.development.js:13976
reconnectPassiveEffects @ C:\Users\USER\OneDrive\Desktop\PUP\node_modules\react-dom\cjs\react-dom-client.development.js:14051
recursivelyTraverseReconnectPassiveEffects @ C:\Users\USER\OneDrive\Desktop\PUP\node_modules\react-dom\cjs\react-dom-client.development.js:13976
reconnectPassiveEffects @ C:\Users\USER\OneDrive\Desktop\PUP\node_modules\react-dom\cjs\react-dom-client.development.js:14051
recursivelyTraverseReconnectPassiveEffects @ C:\Users\USER\OneDrive\Desktop\PUP\node_modules\react-dom\cjs\react-dom-client.development.js:13976
reconnectPassiveEffects @ C:\Users\USER\OneDrive\Desktop\PUP\node_modules\react-dom\cjs\react-dom-client.development.js:13997
recursivelyTraverseReconnectPassiveEffects @ C:\Users\USER\OneDrive\Desktop\PUP\node_modules\react-dom\cjs\react-dom-client.development.js:13976
reconnectPassiveEffects @ C:\Users\USER\OneDrive\Desktop\PUP\node_modules\react-dom\cjs\react-dom-client.development.js:14051
recursivelyTraverseReconnectPassiveEffects @ C:\Users\USER\OneDrive\Desktop\PUP\node_modules\react-dom\cjs\react-dom-client.development.js:13976
reconnectPassiveEffects @ C:\Users\USER\OneDrive\Desktop\PUP\node_modules\react-dom\cjs\react-dom-client.development.js:13997
recursivelyTraverseReconnectPassiveEffects @ C:\Users\USER\OneDrive\Desktop\PUP\node_modules\react-dom\cjs\react-dom-client.development.js:13976
reconnectPassiveEffects @ C:\Users\USER\OneDrive\Desktop\PUP\node_modules\react-dom\cjs\react-dom-client.development.js:13997
recursivelyTraverseReconnectPassiveEffects @ C:\Users\USER\OneDrive\Desktop\PUP\node_modules\react-dom\cjs\react-dom-client.development.js:13976
reconnectPassiveEffects @ C:\Users\USER\OneDrive\Desktop\PUP\node_modules\react-dom\cjs\react-dom-client.development.js:13997
recursivelyTraverseReconnectPassiveEffects @ C:\Users\USER\OneDrive\Desktop\PUP\node_modules\react-dom\cjs\react-dom-client.development.js:13976
reconnectPassiveEffects @ C:\Users\USER\OneDrive\Desktop\PUP\node_modules\react-dom\cjs\react-dom-client.development.js:13997
recursivelyTraverseReconnectPassiveEffects @ C:\Users\USER\OneDrive\Desktop\PUP\node_modules\react-dom\cjs\react-dom-client.development.js:13976
reconnectPassiveEffects @ C:\Users\USER\OneDrive\Desktop\PUP\node_modules\react-dom\cjs\react-dom-client.development.js:14051
recursivelyTraverseReconnectPassiveEffects @ C:\Users\USER\OneDrive\Desktop\PUP\node_modules\react-dom\cjs\react-dom-client.development.js:13976
reconnectPassiveEffects @ C:\Users\USER\OneDrive\Desktop\PUP\node_modules\react-dom\cjs\react-dom-client.development.js:14051
recursivelyTraverseReconnectPassiveEffects @ C:\Users\USER\OneDrive\Desktop\PUP\node_modules\react-dom\cjs\react-dom-client.development.js:13976
reconnectPassiveEffects @ C:\Users\USER\OneDrive\Desktop\PUP\node_modules\react-dom\cjs\react-dom-client.development.js:13997
recursivelyTraverseReconnectPassiveEffects @ C:\Users\USER\OneDrive\Desktop\PUP\node_modules\react-dom\cjs\react-dom-client.development.js:13976
reconnectPassiveEffects @ C:\Users\USER\OneDrive\Desktop\PUP\node_modules\react-dom\cjs\react-dom-client.development.js:13997
recursivelyTraverseReconnectPassiveEffects @ C:\Users\USER\OneDrive\Desktop\PUP\node_modules\react-dom\cjs\react-dom-client.development.js:13976
reconnectPassiveEffects @ C:\Users\USER\OneDrive\Desktop\PUP\node_modules\react-dom\cjs\react-dom-client.development.js:14051
recursivelyTraverseReconnectPassiveEffects @ C:\Users\USER\OneDrive\Desktop\PUP\node_modules\react-dom\cjs\react-dom-client.development.js:13976
reconnectPassiveEffects @ C:\Users\USER\OneDrive\Desktop\PUP\node_modules\react-dom\cjs\react-dom-client.development.js:13997
recursivelyTraverseReconnectPassiveEffects @ C:\Users\USER\OneDrive\Desktop\PUP\node_modules\react-dom\cjs\react-dom-client.development.js:13976
reconnectPassiveEffects @ C:\Users\USER\OneDrive\Desktop\PUP\node_modules\react-dom\cjs\react-dom-client.development.js:13997
recursivelyTraverseReconnectPassiveEffects @ C:\Users\USER\OneDrive\Desktop\PUP\node_modules\react-dom\cjs\react-dom-client.development.js:13976
reconnectPassiveEffects @ C:\Users\USER\OneDrive\Desktop\PUP\node_modules\react-dom\cjs\react-dom-client.development.js:14051
recursivelyTraverseReconnectPassiveEffects @ C:\Users\USER\OneDrive\Desktop\PUP\node_modules\react-dom\cjs\react-dom-client.development.js:13976
reconnectPassiveEffects @ C:\Users\USER\OneDrive\Desktop\PUP\node_modules\react-dom\cjs\react-dom-client.development.js:13997
recursivelyTraverseReconnectPassiveEffects @ C:\Users\USER\OneDrive\Desktop\PUP\node_modules\react-dom\cjs\react-dom-client.development.js:13976
reconnectPassiveEffects @ C:\Users\USER\OneDrive\Desktop\PUP\node_modules\react-dom\cjs\react-dom-client.development.js:14051
recursivelyTraverseReconnectPassiveEffects @ C:\Users\USER\OneDrive\Desktop\PUP\node_modules\react-dom\cjs\react-dom-client.development.js:13976
reconnectPassiveEffects @ C:\Users\USER\OneDrive\Desktop\PUP\node_modules\react-dom\cjs\react-dom-client.development.js:13997
recursivelyTraverseReconnectPassiveEffects @ C:\Users\USER\OneDrive\Desktop\PUP\node_modules\react-dom\cjs\react-dom-client.development.js:13976
reconnectPassiveEffects @ C:\Users\USER\OneDrive\Desktop\PUP\node_modules\react-dom\cjs\react-dom-client.development.js:13997
recursivelyTraverseReconnectPassiveEffects @ C:\Users\USER\OneDrive\Desktop\PUP\node_modules\react-dom\cjs\react-dom-client.development.js:13976
reconnectPassiveEffects @ C:\Users\USER\OneDrive\Desktop\PUP\node_modules\react-dom\cjs\react-dom-client.development.js:13997
recursivelyTraverseReconnectPassiveEffects @ C:\Users\USER\OneDrive\Desktop\PUP\node_modules\react-dom\cjs\react-dom-client.development.js:13976
reconnectPassiveEffects @ C:\Users\USER\OneDrive\Desktop\PUP\node_modules\react-dom\cjs\react-dom-client.development.js:14051
recursivelyTraverseReconnectPassiveEffects @ C:\Users\USER\OneDrive\Desktop\PUP\node_modules\react-dom\cjs\react-dom-client.development.js:13976
reconnectPassiveEffects @ C:\Users\USER\OneDrive\Desktop\PUP\node_modules\react-dom\cjs\react-dom-client.development.js:13997
recursivelyTraverseReconnectPassiveEffects @ C:\Users\USER\OneDrive\Desktop\PUP\node_modules\react-dom\cjs\react-dom-client.development.js:13976
reconnectPassiveEffects @ C:\Users\USER\OneDrive\Desktop\PUP\node_modules\react-dom\cjs\react-dom-client.development.js:14051
recursivelyTraverseReconnectPassiveEffects @ C:\Users\USER\OneDrive\Desktop\PUP\node_modules\react-dom\cjs\react-dom-client.development.js:13976
reconnectPassiveEffects @ C:\Users\USER\OneDrive\Desktop\PUP\node_modules\react-dom\cjs\react-dom-client.development.js:14051
recursivelyTraverseReconnectPassiveEffects @ C:\Users\USER\OneDrive\Desktop\PUP\node_modules\react-dom\cjs\react-dom-client.development.js:13976
reconnectPassiveEffects @ C:\Users\USER\OneDrive\Desktop\PUP\node_modules\react-dom\cjs\react-dom-client.development.js:13997
recursivelyTraverseReconnectPassiveEffects @ C:\Users\USER\OneDrive\Desktop\PUP\node_modules\react-dom\cjs\react-dom-client.development.js:13976
reconnectPassiveEffects @ C:\Users\USER\OneDrive\Desktop\PUP\node_modules\react-dom\cjs\react-dom-client.development.js:14051
recursivelyTraverseReconnectPassiveEffects @ C:\Users\USER\OneDrive\Desktop\PUP\node_modules\react-dom\cjs\react-dom-client.development.js:13976
reconnectPassiveEffects @ C:\Users\USER\OneDrive\Desktop\PUP\node_modules\react-dom\cjs\react-dom-client.development.js:14051
recursivelyTraverseReconnectPassiveEffects @ C:\Users\USER\OneDrive\Desktop\PUP\node_modules\react-dom\cjs\react-dom-client.development.js:13976
reconnectPassiveEffects @ C:\Users\USER\OneDrive\Desktop\PUP\node_modules\react-dom\cjs\react-dom-client.development.js:13997
recursivelyTraverseReconnectPassiveEffects @ C:\Users\USER\OneDrive\Desktop\PUP\node_modules\react-dom\cjs\react-dom-client.development.js:13976
reconnectPassiveEffects @ C:\Users\USER\OneDrive\Desktop\PUP\node_modules\react-dom\cjs\react-dom-client.development.js:13997
recursivelyTraverseReconnectPassiveEffects @ C:\Users\USER\OneDrive\Desktop\PUP\node_modules\react-dom\cjs\react-dom-client.development.js:13976
reconnectPassiveEffects @ C:\Users\USER\OneDrive\Desktop\PUP\node_modules\react-dom\cjs\react-dom-client.development.js:13997
recursivelyTraverseReconnectPassiveEffects @ C:\Users\USER\OneDrive\Desktop\PUP\node_modules\react-dom\cjs\react-dom-client.development.js:13976
reconnectPassiveEffects @ C:\Users\USER\OneDrive\Desktop\PUP\node_modules\react-dom\cjs\react-dom-client.development.js:13997
recursivelyTraverseReconnectPassiveEffects @ C:\Users\USER\OneDrive\Desktop\PUP\node_modules\react-dom\cjs\react-dom-client.development.js:13976
reconnectPassiveEffects @ C:\Users\USER\OneDrive\Desktop\PUP\node_modules\react-dom\cjs\react-dom-client.development.js:13997
recursivelyTraverseReconnectPassiveEffects @ C:\Users\USER\OneDrive\Desktop\PUP\node_modules\react-dom\cjs\react-dom-client.development.js:13976
reconnectPassiveEffects @ C:\Users\USER\OneDrive\Desktop\PUP\node_modules\react-dom\cjs\react-dom-client.development.js:13997
recursivelyTraverseReconnectPassiveEffects @ C:\Users\USER\OneDrive\Desktop\PUP\node_modules\react-dom\cjs\react-dom-client.development.js:13976
commitPassiveMountOnFiber @ C:\Users\USER\OneDrive\Desktop\PUP\node_modules\react-dom\cjs\react-dom-client.development.js:13936
recursivelyTraversePassiveMountEffects @ C:\Users\USER\OneDrive\Desktop\PUP\node_modules\react-dom\cjs\react-dom-client.development.js:13815
commitPassiveMountOnFiber @ C:\Users\USER\OneDrive\Desktop\PUP\node_modules\react-dom\cjs\react-dom-client.development.js:13903
recursivelyTraversePassiveMountEffects @ C:\Users\USER\OneDrive\Desktop\PUP\node_modules\react-dom\cjs\react-dom-client.development.js:13815
commitPassiveMountOnFiber @ C:\Users\USER\OneDrive\Desktop\PUP\node_modules\react-dom\cjs\react-dom-client.development.js:13957
recursivelyTraversePassiveMountEffects @ C:\Users\USER\OneDrive\Desktop\PUP\node_modules\react-dom\cjs\react-dom-client.development.js:13815
commitPassiveMountOnFiber @ C:\Users\USER\OneDrive\Desktop\PUP\node_modules\react-dom\cjs\react-dom-client.development.js:13957
recursivelyTraversePassiveMountEffects @ C:\Users\USER\OneDrive\Desktop\PUP\node_modules\react-dom\cjs\react-dom-client.development.js:13815
commitPassiveMountOnFiber @ C:\Users\USER\OneDrive\Desktop\PUP\node_modules\react-dom\cjs\react-dom-client.development.js:13834
recursivelyTraversePassiveMountEffects @ C:\Users\USER\OneDrive\Desktop\PUP\node_modules\react-dom\cjs\react-dom-client.development.js:13815
commitPassiveMountOnFiber @ C:\Users\USER\OneDrive\Desktop\PUP\node_modules\react-dom\cjs\react-dom-client.development.js:13834
recursivelyTraversePassiveMountEffects @ C:\Users\USER\OneDrive\Desktop\PUP\node_modules\react-dom\cjs\react-dom-client.development.js:13815
commitPassiveMountOnFiber @ C:\Users\USER\OneDrive\Desktop\PUP\node_modules\react-dom\cjs\react-dom-client.development.js:13834
recursivelyTraversePassiveMountEffects @ C:\Users\USER\OneDrive\Desktop\PUP\node_modules\react-dom\cjs\react-dom-client.development.js:13815
commitPassiveMountOnFiber @ C:\Users\USER\OneDrive\Desktop\PUP\node_modules\react-dom\cjs\react-dom-client.development.js:13957
recursivelyTraversePassiveMountEffects @ C:\Users\USER\OneDrive\Desktop\PUP\node_modules\react-dom\cjs\react-dom-client.development.js:13815
commitPassiveMountOnFiber @ C:\Users\USER\OneDrive\Desktop\PUP\node_modules\react-dom\cjs\react-dom-client.development.js:13957
recursivelyTraversePassiveMountEffects @ C:\Users\USER\OneDrive\Desktop\PUP\node_modules\react-dom\cjs\react-dom-client.development.js:13815
commitPassiveMountOnFiber @ C:\Users\USER\OneDrive\Desktop\PUP\node_modules\react-dom\cjs\react-dom-client.development.js:13834
recursivelyTraversePassiveMountEffects @ C:\Users\USER\OneDrive\Desktop\PUP\node_modules\react-dom\cjs\react-dom-client.development.js:13815
commitPassiveMountOnFiber @ C:\Users\USER\OneDrive\Desktop\PUP\node_modules\react-dom\cjs\react-dom-client.development.js:13957
recursivelyTraversePassiveMountEffects @ C:\Users\USER\OneDrive\Desktop\PUP\node_modules\react-dom\cjs\react-dom-client.development.js:13815
commitPassiveMountOnFiber @ C:\Users\USER\OneDrive\Desktop\PUP\node_modules\react-dom\cjs\react-dom-client.development.js:13957
recursivelyTraversePassiveMountEffects @ C:\Users\USER\OneDrive\Desktop\PUP\node_modules\react-dom\cjs\react-dom-client.development.js:13815
commitPassiveMountOnFiber @ C:\Users\USER\OneDrive\Desktop\PUP\node_modules\react-dom\cjs\react-dom-client.development.js:13957
recursivelyTraversePassiveMountEffects @ C:\Users\USER\OneDrive\Desktop\PUP\node_modules\react-dom\cjs\react-dom-client.development.js:13815
commitPassiveMountOnFiber @ C:\Users\USER\OneDrive\Desktop\PUP\node_modules\react-dom\cjs\react-dom-client.development.js:13834
recursivelyTraversePassiveMountEffects @ C:\Users\USER\OneDrive\Desktop\PUP\node_modules\react-dom\cjs\react-dom-client.development.js:13815
commitPassiveMountOnFiber @ C:\Users\USER\OneDrive\Desktop\PUP\node_modules\react-dom\cjs\react-dom-client.development.js:13957
recursivelyTraversePassiveMountEffects @ C:\Users\USER\OneDrive\Desktop\PUP\node_modules\react-dom\cjs\react-dom-client.development.js:13815
commitPassiveMountOnFiber @ C:\Users\USER\OneDrive\Desktop\PUP\node_modules\react-dom\cjs\react-dom-client.development.js:13957
recursivelyTraversePassiveMountEffects @ C:\Users\USER\OneDrive\Desktop\PUP\node_modules\react-dom\cjs\react-dom-client.development.js:13815
commitPassiveMountOnFiber @ C:\Users\USER\OneDrive\Desktop\PUP\node_modules\react-dom\cjs\react-dom-client.development.js:13957
recursivelyTraversePassiveMountEffects @ C:\Users\USER\OneDrive\Desktop\PUP\node_modules\react-dom\cjs\react-dom-client.development.js:13815
commitPassiveMountOnFiber @ C:\Users\USER\OneDrive\Desktop\PUP\node_modules\react-dom\cjs\react-dom-client.development.js:13834
recursivelyTraversePassiveMountEffects @ C:\Users\USER\OneDrive\Desktop\PUP\node_modules\react-dom\cjs\react-dom-client.development.js:13815
commitPassiveMountOnFiber @ C:\Users\USER\OneDrive\Desktop\PUP\node_modules\react-dom\cjs\react-dom-client.development.js:13957
recursivelyTraversePassiveMountEffects @ C:\Users\USER\OneDrive\Desktop\PUP\node_modules\react-dom\cjs\react-dom-client.development.js:13815
commitPassiveMountOnFiber @ C:\Users\USER\OneDrive\Desktop\PUP\node_modules\react-dom\cjs\react-dom-client.development.js:13957
recursivelyTraversePassiveMountEffects @ C:\Users\USER\OneDrive\Desktop\PUP\node_modules\react-dom\cjs\react-dom-client.development.js:13815
commitPassiveMountOnFiber @ C:\Users\USER\OneDrive\Desktop\PUP\node_modules\react-dom\cjs\react-dom-client.development.js:13834
recursivelyTraversePassiveMountEffects @ C:\Users\USER\OneDrive\Desktop\PUP\node_modules\react-dom\cjs\react-dom-client.development.js:13815
commitPassiveMountOnFiber @ C:\Users\USER\OneDrive\Desktop\PUP\node_modules\react-dom\cjs\react-dom-client.development.js:13957
recursivelyTraversePassiveMountEffects @ C:\Users\USER\OneDrive\Desktop\PUP\node_modules\react-dom\cjs\react-dom-client.development.js:13815
commitPassiveMountOnFiber @ C:\Users\USER\OneDrive\Desktop\PUP\node_modules\react-dom\cjs\react-dom-client.development.js:13957
recursivelyTraversePassiveMountEffects @ C:\Users\USER\OneDrive\Desktop\PUP\node_modules\react-dom\cjs\react-dom-client.development.js:13815
commitPassiveMountOnFiber @ C:\Users\USER\OneDrive\Desktop\PUP\node_modules\react-dom\cjs\react-dom-client.development.js:13834
recursivelyTraversePassiveMountEffects @ C:\Users\USER\OneDrive\Desktop\PUP\node_modules\react-dom\cjs\react-dom-client.development.js:13815
commitPassiveMountOnFiber @ C:\Users\USER\OneDrive\Desktop\PUP\node_modules\react-dom\cjs\react-dom-client.development.js:13957
recursivelyTraversePassiveMountEffects @ C:\Users\USER\OneDrive\Desktop\PUP\node_modules\react-dom\cjs\react-dom-client.development.js:13815
commitPassiveMountOnFiber @ C:\Users\USER\OneDrive\Desktop\PUP\node_modules\react-dom\cjs\react-dom-client.development.js:13957
recursivelyTraversePassiveMountEffects @ C:\Users\USER\OneDrive\Desktop\PUP\node_modules\react-dom\cjs\react-dom-client.development.js:13815
commitPassiveMountOnFiber @ C:\Users\USER\OneDrive\Desktop\PUP\node_modules\react-dom\cjs\react-dom-client.development.js:13834
recursivelyTraversePassiveMountEffects @ C:\Users\USER\OneDrive\Desktop\PUP\node_modules\react-dom\cjs\react-dom-client.development.js:13815
commitPassiveMountOnFiber @ C:\Users\USER\OneDrive\Desktop\PUP\node_modules\react-dom\cjs\react-dom-client.development.js:13834
recursivelyTraversePassiveMountEffects @ C:\Users\USER\OneDrive\Desktop\PUP\node_modules\react-dom\cjs\react-dom-client.development.js:13815
commitPassiveMountOnFiber @ C:\Users\USER\OneDrive\Desktop\PUP\node_modules\react-dom\cjs\react-dom-client.development.js:13834
recursivelyTraversePassiveMountEffects @ C:\Users\USER\OneDrive\Desktop\PUP\node_modules\react-dom\cjs\react-dom-client.development.js:13815
commitPassiveMountOnFiber @ C:\Users\USER\OneDrive\Desktop\PUP\node_modules\react-dom\cjs\react-dom-client.development.js:13834
recursivelyTraversePassiveMountEffects @ C:\Users\USER\OneDrive\Desktop\PUP\node_modules\react-dom\cjs\react-dom-client.development.js:13815
commitPassiveMountOnFiber @ C:\Users\USER\OneDrive\Desktop\PUP\node_modules\react-dom\cjs\react-dom-client.development.js:13957
recursivelyTraversePassiveMountEffects @ C:\Users\USER\OneDrive\Desktop\PUP\node_modules\react-dom\cjs\react-dom-client.development.js:13815
commitPassiveMountOnFiber @ C:\Users\USER\OneDrive\Desktop\PUP\node_modules\react-dom\cjs\react-dom-client.development.js:13834
recursivelyTraversePassiveMountEffects @ C:\Users\USER\OneDrive\Desktop\PUP\node_modules\react-dom\cjs\react-dom-client.development.js:13815
commitPassiveMountOnFiber @ C:\Users\USER\OneDrive\Desktop\PUP\node_modules\react-dom\cjs\react-dom-client.development.js:13834
recursivelyTraversePassiveMountEffects @ C:\Users\USER\OneDrive\Desktop\PUP\node_modules\react-dom\cjs\react-dom-client.development.js:13815
commitPassiveMountOnFiber @ C:\Users\USER\OneDrive\Desktop\PUP\node_modules\react-dom\cjs\react-dom-client.development.js:13928
recursivelyTraversePassiveMountEffects @ C:\Users\USER\OneDrive\Desktop\PUP\node_modules\react-dom\cjs\react-dom-client.development.js:13815
commitPassiveMountOnFiber @ C:\Users\USER\OneDrive\Desktop\PUP\node_modules\react-dom\cjs\react-dom-client.development.js:13903
recursivelyTraversePassiveMountEffects @ C:\Users\USER\OneDrive\Desktop\PUP\node_modules\react-dom\cjs\react-dom-client.development.js:13815
commitPassiveMountOnFiber @ C:\Users\USER\OneDrive\Desktop\PUP\node_modules\react-dom\cjs\react-dom-client.development.js:13957
recursivelyTraversePassiveMountEffects @ C:\Users\USER\OneDrive\Desktop\PUP\node_modules\react-dom\cjs\react-dom-client.development.js:13815
commitPassiveMountOnFiber @ C:\Users\USER\OneDrive\Desktop\PUP\node_modules\react-dom\cjs\react-dom-client.development.js:13957
recursivelyTraversePassiveMountEffects @ C:\Users\USER\OneDrive\Desktop\PUP\node_modules\react-dom\cjs\react-dom-client.development.js:13815
commitPassiveMountOnFiber @ C:\Users\USER\OneDrive\Desktop\PUP\node_modules\react-dom\cjs\react-dom-client.development.js:13834
recursivelyTraversePassiveMountEffects @ C:\Users\USER\OneDrive\Desktop\PUP\node_modules\react-dom\cjs\react-dom-client.development.js:13815
commitPassiveMountOnFiber @ C:\Users\USER\OneDrive\Desktop\PUP\node_modules\react-dom\cjs\react-dom-client.development.js:13834
recursivelyTraversePassiveMountEffects @ C:\Users\USER\OneDrive\Desktop\PUP\node_modules\react-dom\cjs\react-dom-client.development.js:13815
commitPassiveMountOnFiber @ C:\Users\USER\OneDrive\Desktop\PUP\node_modules\react-dom\cjs\react-dom-client.development.js:13834
recursivelyTraversePassiveMountEffects @ C:\Users\USER\OneDrive\Desktop\PUP\node_modules\react-dom\cjs\react-dom-client.development.js:13815
commitPassiveMountOnFiber @ C:\Users\USER\OneDrive\Desktop\PUP\node_modules\react-dom\cjs\react-dom-client.development.js:13957
recursivelyTraversePassiveMountEffects @ C:\Users\USER\OneDrive\Desktop\PUP\node_modules\react-dom\cjs\react-dom-client.development.js:13815
commitPassiveMountOnFiber @ C:\Users\USER\OneDrive\Desktop\PUP\node_modules\react-dom\cjs\react-dom-client.development.js:13957
recursivelyTraversePassiveMountEffects @ C:\Users\USER\OneDrive\Desktop\PUP\node_modules\react-dom\cjs\react-dom-client.development.js:13815
commitPassiveMountOnFiber @ C:\Users\USER\OneDrive\Desktop\PUP\node_modules\react-dom\cjs\react-dom-client.development.js:13834
<HomeScreen(./(tabs)/index.tsx)>
exports.jsxDEV @ C:\Users\USER\OneDrive\Desktop\PUP\node_modules\react\cjs\react-jsx-dev-runtime.development.js:346
BaseRoute @ C:\Users\USER\OneDrive\Desktop\PUP\node_modules\expo-router\build\useScreens.js:213
react-stack-bottom-frame @ C:\Users\USER\OneDrive\Desktop\PUP\node_modules\react-dom\cjs\react-dom-client.development.js:23863
renderWithHooks @ C:\Users\USER\OneDrive\Desktop\PUP\node_modules\react-dom\cjs\react-dom-client.development.js:5529
updateFunctionComponent @ C:\Users\USER\OneDrive\Desktop\PUP\node_modules\react-dom\cjs\react-dom-client.development.js:8897
beginWork @ C:\Users\USER\OneDrive\Desktop\PUP\node_modules\react-dom\cjs\react-dom-client.development.js:10522
runWithFiberInDEV @ C:\Users\USER\OneDrive\Desktop\PUP\node_modules\react-dom\cjs\react-dom-client.development.js:1519
performUnitOfWork @ C:\Users\USER\OneDrive\Desktop\PUP\node_modules\react-dom\cjs\react-dom-client.development.js:15132
workLoopSync @ C:\Users\USER\OneDrive\Desktop\PUP\node_modules\react-dom\cjs\react-dom-client.development.js:14956
renderRootSync @ C:\Users\USER\OneDrive\Desktop\PUP\node_modules\react-dom\cjs\react-dom-client.development.js:14936
performWorkOnRoot @ C:\Users\USER\OneDrive\Desktop\PUP\node_modules\react-dom\cjs\react-dom-client.development.js:14419
performSyncWorkOnRoot @ C:\Users\USER\OneDrive\Desktop\PUP\node_modules\react-dom\cjs\react-dom-client.development.js:16231
flushSyncWorkAcrossRoots_impl @ C:\Users\USER\OneDrive\Desktop\PUP\node_modules\react-dom\cjs\react-dom-client.development.js:16079
flushPassiveEffects @ C:\Users\USER\OneDrive\Desktop\PUP\node_modules\react-dom\cjs\react-dom-client.development.js:15749
(anonymous) @ C:\Users\USER\OneDrive\Desktop\PUP\node_modules\react-dom\cjs\react-dom-client.development.js:15379
performWorkUntilDeadline @ C:\Users\USER\OneDrive\Desktop\PUP\node_modules\scheduler\cjs\scheduler.development.js:45
<Route(index)>
exports.jsx @ C:\Users\USER\OneDrive\Desktop\PUP\node_modules\react\cjs\react-jsx-runtime.development.js:339
SceneView @ C:\Users\USER\OneDrive\Desktop\PUP\node_modules\@react-navigation\core\lib\module\SceneView.js:125
react-stack-bottom-frame @ C:\Users\USER\OneDrive\Desktop\PUP\node_modules\react-dom\cjs\react-dom-client.development.js:23863
renderWithHooks @ C:\Users\USER\OneDrive\Desktop\PUP\node_modules\react-dom\cjs\react-dom-client.development.js:5529
updateFunctionComponent @ C:\Users\USER\OneDrive\Desktop\PUP\node_modules\react-dom\cjs\react-dom-client.development.js:8897
beginWork @ C:\Users\USER\OneDrive\Desktop\PUP\node_modules\react-dom\cjs\react-dom-client.development.js:10522
runWithFiberInDEV @ C:\Users\USER\OneDrive\Desktop\PUP\node_modules\react-dom\cjs\react-dom-client.development.js:1519
performUnitOfWork @ C:\Users\USER\OneDrive\Desktop\PUP\node_modules\react-dom\cjs\react-dom-client.development.js:15132
workLoopSync @ C:\Users\USER\OneDrive\Desktop\PUP\node_modules\react-dom\cjs\react-dom-client.development.js:14956
renderRootSync @ C:\Users\USER\OneDrive\Desktop\PUP\node_modules\react-dom\cjs\react-dom-client.development.js:14936
performWorkOnRoot @ C:\Users\USER\OneDrive\Desktop\PUP\node_modules\react-dom\cjs\react-dom-client.development.js:14419
performSyncWorkOnRoot @ C:\Users\USER\OneDrive\Desktop\PUP\node_modules\react-dom\cjs\react-dom-client.development.js:16231
flushSyncWorkAcrossRoots_impl @ C:\Users\USER\OneDrive\Desktop\PUP\node_modules\react-dom\cjs\react-dom-client.development.js:16079
flushPassiveEffects @ C:\Users\USER\OneDrive\Desktop\PUP\node_modules\react-dom\cjs\react-dom-client.development.js:15749
(anonymous) @ C:\Users\USER\OneDrive\Desktop\PUP\node_modules\react-dom\cjs\react-dom-client.development.js:15379
performWorkUntilDeadline @ C:\Users\USER\OneDrive\Desktop\PUP\node_modules\scheduler\cjs\scheduler.development.js:45
<SceneView>
exports.jsx @ C:\Users\USER\OneDrive\Desktop\PUP\node_modules\react\cjs\react-jsx-runtime.development.js:339
render @ C:\Users\USER\OneDrive\Desktop\PUP\node_modules\@react-navigation\core\lib\module\useDescriptors.js:108
(anonymous) @ C:\Users\USER\OneDrive\Desktop\PUP\node_modules\@react-navigation\core\lib\module\useDescriptors.js:140
useDescriptors @ C:\Users\USER\OneDrive\Desktop\PUP\node_modules\@react-navigation\core\lib\module\useDescriptors.js:137
useNavigationBuilder @ C:\Users\USER\OneDrive\Desktop\PUP\node_modules\@react-navigation\core\lib\module\useNavigationBuilder.js:562
BottomTabNavigator @ C:\Users\USER\OneDrive\Desktop\PUP\node_modules\@react-navigation\bottom-tabs\lib\module\navigators\createBottomTabNavigator.js:24
react-stack-bottom-frame @ C:\Users\USER\OneDrive\Desktop\PUP\node_modules\react-dom\cjs\react-dom-client.development.js:23863
renderWithHooks @ C:\Users\USER\OneDrive\Desktop\PUP\node_modules\react-dom\cjs\react-dom-client.development.js:5529
updateFunctionComponent @ C:\Users\USER\OneDrive\Desktop\PUP\node_modules\react-dom\cjs\react-dom-client.development.js:8897
beginWork @ C:\Users\USER\OneDrive\Desktop\PUP\node_modules\react-dom\cjs\react-dom-client.development.js:10522
runWithFiberInDEV @ C:\Users\USER\OneDrive\Desktop\PUP\node_modules\react-dom\cjs\react-dom-client.development.js:1519
performUnitOfWork @ C:\Users\USER\OneDrive\Desktop\PUP\node_modules\react-dom\cjs\react-dom-client.development.js:15132
workLoopSync @ C:\Users\USER\OneDrive\Desktop\PUP\node_modules\react-dom\cjs\react-dom-client.development.js:14956
renderRootSync @ C:\Users\USER\OneDrive\Desktop\PUP\node_modules\react-dom\cjs\react-dom-client.development.js:14936
performWorkOnRoot @ C:\Users\USER\OneDrive\Desktop\PUP\node_modules\react-dom\cjs\react-dom-client.development.js:14419
performSyncWorkOnRoot @ C:\Users\USER\OneDrive\Desktop\PUP\node_modules\react-dom\cjs\react-dom-client.development.js:16231
flushSyncWorkAcrossRoots_impl @ C:\Users\USER\OneDrive\Desktop\PUP\node_modules\react-dom\cjs\react-dom-client.development.js:16079
flushPassiveEffects @ C:\Users\USER\OneDrive\Desktop\PUP\node_modules\react-dom\cjs\react-dom-client.development.js:15749
(anonymous) @ C:\Users\USER\OneDrive\Desktop\PUP\node_modules\react-dom\cjs\react-dom-client.development.js:15379
performWorkUntilDeadline @ C:\Users\USER\OneDrive\Desktop\PUP\node_modules\scheduler\cjs\scheduler.development.js:45
<BottomTabNavigator>
exports.jsxDEV @ C:\Users\USER\OneDrive\Desktop\PUP\node_modules\react\cjs\react-jsx-dev-runtime.development.js:346
(anonymous) @ C:\Users\USER\OneDrive\Desktop\PUP\node_modules\expo-router\build\layouts\withLayoutContext.js:156
react-stack-bottom-frame @ C:\Users\USER\OneDrive\Desktop\PUP\node_modules\react-dom\cjs\react-dom-client.development.js:23863
renderWithHooks @ C:\Users\USER\OneDrive\Desktop\PUP\node_modules\react-dom\cjs\react-dom-client.development.js:5529
updateForwardRef @ C:\Users\USER\OneDrive\Desktop\PUP\node_modules\react-dom\cjs\react-dom-client.development.js:8645
beginWork @ C:\Users\USER\OneDrive\Desktop\PUP\node_modules\react-dom\cjs\react-dom-client.development.js:10861
runWithFiberInDEV @ C:\Users\USER\OneDrive\Desktop\PUP\node_modules\react-dom\cjs\react-dom-client.development.js:1519
performUnitOfWork @ C:\Users\USER\OneDrive\Desktop\PUP\node_modules\react-dom\cjs\react-dom-client.development.js:15132
workLoopSync @ C:\Users\USER\OneDrive\Desktop\PUP\node_modules\react-dom\cjs\react-dom-client.development.js:14956
renderRootSync @ C:\Users\USER\OneDrive\Desktop\PUP\node_modules\react-dom\cjs\react-dom-client.development.js:14936
performWorkOnRoot @ C:\Users\USER\OneDrive\Desktop\PUP\node_modules\react-dom\cjs\react-dom-client.development.js:14419
performSyncWorkOnRoot @ C:\Users\USER\OneDrive\Desktop\PUP\node_modules\react-dom\cjs\react-dom-client.development.js:16231
flushSyncWorkAcrossRoots_impl @ C:\Users\USER\OneDrive\Desktop\PUP\node_modules\react-dom\cjs\react-dom-client.development.js:16079
flushPassiveEffects @ C:\Users\USER\OneDrive\Desktop\PUP\node_modules\react-dom\cjs\react-dom-client.development.js:15749
(anonymous) @ C:\Users\USER\OneDrive\Desktop\PUP\node_modules\react-dom\cjs\react-dom-client.development.js:15379
performWorkUntilDeadline @ C:\Users\USER\OneDrive\Desktop\PUP\node_modules\scheduler\cjs\scheduler.development.js:45
<ForwardRef>
exports.jsxDEV @ C:\Users\USER\OneDrive\Desktop\PUP\node_modules\react\cjs\react-jsx-dev-runtime.development.js:346
Object.assign.Screen @ C:\Users\USER\OneDrive\Desktop\PUP\node_modules\expo-router\build\layouts\TabsClient.js:46
react-stack-bottom-frame @ C:\Users\USER\OneDrive\Desktop\PUP\node_modules\react-dom\cjs\react-dom-client.development.js:23863
renderWithHooks @ C:\Users\USER\OneDrive\Desktop\PUP\node_modules\react-dom\cjs\react-dom-client.development.js:5529
updateFunctionComponent @ C:\Users\USER\OneDrive\Desktop\PUP\node_modules\react-dom\cjs\react-dom-client.development.js:8897
beginWork @ C:\Users\USER\OneDrive\Desktop\PUP\node_modules\react-dom\cjs\react-dom-client.development.js:10522
runWithFiberInDEV @ C:\Users\USER\OneDrive\Desktop\PUP\node_modules\react-dom\cjs\react-dom-client.development.js:1519
performUnitOfWork @ C:\Users\USER\OneDrive\Desktop\PUP\node_modules\react-dom\cjs\react-dom-client.development.js:15132
workLoopSync @ C:\Users\USER\OneDrive\Desktop\PUP\node_modules\react-dom\cjs\react-dom-client.development.js:14956
renderRootSync @ C:\Users\USER\OneDrive\Desktop\PUP\node_modules\react-dom\cjs\react-dom-client.development.js:14936
performWorkOnRoot @ C:\Users\USER\OneDrive\Desktop\PUP\node_modules\react-dom\cjs\react-dom-client.development.js:14419
performSyncWorkOnRoot @ C:\Users\USER\OneDrive\Desktop\PUP\node_modules\react-dom\cjs\react-dom-client.development.js:16231
flushSyncWorkAcrossRoots_impl @ C:\Users\USER\OneDrive\Desktop\PUP\node_modules\react-dom\cjs\react-dom-client.development.js:16079
flushPassiveEffects @ C:\Users\USER\OneDrive\Desktop\PUP\node_modules\react-dom\cjs\react-dom-client.development.js:15749
(anonymous) @ C:\Users\USER\OneDrive\Desktop\PUP\node_modules\react-dom\cjs\react-dom-client.development.js:15379
performWorkUntilDeadline @ C:\Users\USER\OneDrive\Desktop\PUP\node_modules\scheduler\cjs\scheduler.development.js:45
<...>
exports.jsxDEV @ C:\Users\USER\OneDrive\Desktop\PUP\node_modules\react\cjs\react-jsx-dev-runtime.development.js:346
TabLayout @ C:\Users\USER\OneDrive\Desktop\PUP\app\(tabs)\_layout.tsx:6
react-stack-bottom-frame @ C:\Users\USER\OneDrive\Desktop\PUP\node_modules\react-dom\cjs\react-dom-client.development.js:23863
renderWithHooks @ C:\Users\USER\OneDrive\Desktop\PUP\node_modules\react-dom\cjs\react-dom-client.development.js:5529
updateFunctionComponent @ C:\Users\USER\OneDrive\Desktop\PUP\node_modules\react-dom\cjs\react-dom-client.development.js:8897
beginWork @ C:\Users\USER\OneDrive\Desktop\PUP\node_modules\react-dom\cjs\react-dom-client.development.js:10522
runWithFiberInDEV @ C:\Users\USER\OneDrive\Desktop\PUP\node_modules\react-dom\cjs\react-dom-client.development.js:1519
performUnitOfWork @ C:\Users\USER\OneDrive\Desktop\PUP\node_modules\react-dom\cjs\react-dom-client.development.js:15132
workLoopSync @ C:\Users\USER\OneDrive\Desktop\PUP\node_modules\react-dom\cjs\react-dom-client.development.js:14956
renderRootSync @ C:\Users\USER\OneDrive\Desktop\PUP\node_modules\react-dom\cjs\react-dom-client.development.js:14936
performWorkOnRoot @ C:\Users\USER\OneDrive\Desktop\PUP\node_modules\react-dom\cjs\react-dom-client.development.js:14419
performSyncWorkOnRoot @ C:\Users\USER\OneDrive\Desktop\PUP\node_modules\react-dom\cjs\react-dom-client.development.js:16231
flushSyncWorkAcrossRoots_impl @ C:\Users\USER\OneDrive\Desktop\PUP\node_modules\react-dom\cjs\react-dom-client.development.js:16079
flushPassiveEffects @ C:\Users\USER\OneDrive\Desktop\PUP\node_modules\react-dom\cjs\react-dom-client.development.js:15749
(anonymous) @ C:\Users\USER\OneDrive\Desktop\PUP\node_modules\react-dom\cjs\react-dom-client.development.js:15379
performWorkUntilDeadline @ C:\Users\USER\OneDrive\Desktop\PUP\node_modules\scheduler\cjs\scheduler.development.js:45
<TabLayout(./(tabs)/_layout.tsx)>
exports.jsxDEV @ C:\Users\USER\OneDrive\Desktop\PUP\node_modules\react\cjs\react-jsx-dev-runtime.development.js:346
BaseRoute @ C:\Users\USER\OneDrive\Desktop\PUP\node_modules\expo-router\build\useScreens.js:213
react-stack-bottom-frame @ C:\Users\USER\OneDrive\Desktop\PUP\node_modules\react-dom\cjs\react-dom-client.development.js:23863
renderWithHooks @ C:\Users\USER\OneDrive\Desktop\PUP\node_modules\react-dom\cjs\react-dom-client.development.js:5529
updateFunctionComponent @ C:\Users\USER\OneDrive\Desktop\PUP\node_modules\react-dom\cjs\react-dom-client.development.js:8897
beginWork @ C:\Users\USER\OneDrive\Desktop\PUP\node_modules\react-dom\cjs\react-dom-client.development.js:10522
runWithFiberInDEV @ C:\Users\USER\OneDrive\Desktop\PUP\node_modules\react-dom\cjs\react-dom-client.development.js:1519
performUnitOfWork @ C:\Users\USER\OneDrive\Desktop\PUP\node_modules\react-dom\cjs\react-dom-client.development.js:15132
workLoopSync @ C:\Users\USER\OneDrive\Desktop\PUP\node_modules\react-dom\cjs\react-dom-client.development.js:14956
renderRootSync @ C:\Users\USER\OneDrive\Desktop\PUP\node_modules\react-dom\cjs\react-dom-client.development.js:14936
performWorkOnRoot @ C:\Users\USER\OneDrive\Desktop\PUP\node_modules\react-dom\cjs\react-dom-client.development.js:14419
performSyncWorkOnRoot @ C:\Users\USER\OneDrive\Desktop\PUP\node_modules\react-dom\cjs\react-dom-client.development.js:16231
flushSyncWorkAcrossRoots_impl @ C:\Users\USER\OneDrive\Desktop\PUP\node_modules\react-dom\cjs\react-dom-client.development.js:16079
flushPassiveEffects @ C:\Users\USER\OneDrive\Desktop\PUP\node_modules\react-dom\cjs\react-dom-client.development.js:15749
(anonymous) @ C:\Users\USER\OneDrive\Desktop\PUP\node_modules\react-dom\cjs\react-dom-client.development.js:15379
performWorkUntilDeadline @ C:\Users\USER\OneDrive\Desktop\PUP\node_modules\scheduler\cjs\scheduler.development.js:45
<Route((tabs))>
exports.jsx @ C:\Users\USER\OneDrive\Desktop\PUP\node_modules\react\cjs\react-jsx-runtime.development.js:339
SceneView @ C:\Users\USER\OneDrive\Desktop\PUP\node_modules\@react-navigation\core\lib\module\SceneView.js:125
react-stack-bottom-frame @ C:\Users\USER\OneDrive\Desktop\PUP\node_modules\react-dom\cjs\react-dom-client.development.js:23863
renderWithHooks @ C:\Users\USER\OneDrive\Desktop\PUP\node_modules\react-dom\cjs\react-dom-client.development.js:5529
updateFunctionComponent @ C:\Users\USER\OneDrive\Desktop\PUP\node_modules\react-dom\cjs\react-dom-client.development.js:8897
beginWork @ C:\Users\USER\OneDrive\Desktop\PUP\node_modules\react-dom\cjs\react-dom-client.development.js:10522
runWithFiberInDEV @ C:\Users\USER\OneDrive\Desktop\PUP\node_modules\react-dom\cjs\react-dom-client.development.js:1519
performUnitOfWork @ C:\Users\USER\OneDrive\Desktop\PUP\node_modules\react-dom\cjs\react-dom-client.development.js:15132
workLoopSync @ C:\Users\USER\OneDrive\Desktop\PUP\node_modules\react-dom\cjs\react-dom-client.development.js:14956
renderRootSync @ C:\Users\USER\OneDrive\Desktop\PUP\node_modules\react-dom\cjs\react-dom-client.development.js:14936
performWorkOnRoot @ C:\Users\USER\OneDrive\Desktop\PUP\node_modules\react-dom\cjs\react-dom-client.development.js:14419
performSyncWorkOnRoot @ C:\Users\USER\OneDrive\Desktop\PUP\node_modules\react-dom\cjs\react-dom-client.development.js:16231
flushSyncWorkAcrossRoots_impl @ C:\Users\USER\OneDrive\Desktop\PUP\node_modules\react-dom\cjs\react-dom-client.development.js:16079
flushPassiveEffects @ C:\Users\USER\OneDrive\Desktop\PUP\node_modules\react-dom\cjs\react-dom-client.development.js:15749
(anonymous) @ C:\Users\USER\OneDrive\Desktop\PUP\node_modules\react-dom\cjs\react-dom-client.development.js:15379
performWorkUntilDeadline @ C:\Users\USER\OneDrive\Desktop\PUP\node_modules\scheduler\cjs\scheduler.development.js:45
<SceneView>
exports.jsx @ C:\Users\USER\OneDrive\Desktop\PUP\node_modules\react\cjs\react-jsx-runtime.development.js:339
render @ C:\Users\USER\OneDrive\Desktop\PUP\node_modules\@react-navigation\core\lib\module\useDescriptors.js:108
(anonymous) @ C:\Users\USER\OneDrive\Desktop\PUP\node_modules\@react-navigation\core\lib\module\useDescriptors.js:140
useDescriptors @ C:\Users\USER\OneDrive\Desktop\PUP\node_modules\@react-navigation\core\lib\module\useDescriptors.js:137
useNavigationBuilder @ C:\Users\USER\OneDrive\Desktop\PUP\node_modules\@react-navigation\core\lib\module\useNavigationBuilder.js:562
SlotNavigator @ C:\Users\USER\OneDrive\Desktop\PUP\node_modules\expo-router\build\views\Navigator.js:107
react-stack-bottom-frame @ C:\Users\USER\OneDrive\Desktop\PUP\node_modules\react-dom\cjs\react-dom-client.development.js:23863
renderWithHooks @ C:\Users\USER\OneDrive\Desktop\PUP\node_modules\react-dom\cjs\react-dom-client.development.js:5529
updateFunctionComponent @ C:\Users\USER\OneDrive\Desktop\PUP\node_modules\react-dom\cjs\react-dom-client.development.js:8897
beginWork @ C:\Users\USER\OneDrive\Desktop\PUP\node_modules\react-dom\cjs\react-dom-client.development.js:10522
runWithFiberInDEV @ C:\Users\USER\OneDrive\Desktop\PUP\node_modules\react-dom\cjs\react-dom-client.development.js:1519
performUnitOfWork @ C:\Users\USER\OneDrive\Desktop\PUP\node_modules\react-dom\cjs\react-dom-client.development.js:15132
workLoopSync @ C:\Users\USER\OneDrive\Desktop\PUP\node_modules\react-dom\cjs\react-dom-client.development.js:14956
renderRootSync @ C:\Users\USER\OneDrive\Desktop\PUP\node_modules\react-dom\cjs\react-dom-client.development.js:14936
performWorkOnRoot @ C:\Users\USER\OneDrive\Desktop\PUP\node_modules\react-dom\cjs\react-dom-client.development.js:14419
performSyncWorkOnRoot @ C:\Users\USER\OneDrive\Desktop\PUP\node_modules\react-dom\cjs\react-dom-client.development.js:16231
flushSyncWorkAcrossRoots_impl @ C:\Users\USER\OneDrive\Desktop\PUP\node_modules\react-dom\cjs\react-dom-client.development.js:16079
flushPassiveEffects @ C:\Users\USER\OneDrive\Desktop\PUP\node_modules\react-dom\cjs\react-dom-client.development.js:15749
(anonymous) @ C:\Users\USER\OneDrive\Desktop\PUP\node_modules\react-dom\cjs\react-dom-client.development.js:15379
performWorkUntilDeadline @ C:\Users\USER\OneDrive\Desktop\PUP\node_modules\scheduler\cjs\scheduler.development.js:45
<SlotNavigator>
exports.jsxDEV @ C:\Users\USER\OneDrive\Desktop\PUP\node_modules\react\cjs\react-jsx-dev-runtime.development.js:346
Slot @ C:\Users\USER\OneDrive\Desktop\PUP\node_modules\expo-router\build\views\Navigator.js:130
react-stack-bottom-frame @ C:\Users\USER\OneDrive\Desktop\PUP\node_modules\react-dom\cjs\react-dom-client.development.js:23863
renderWithHooks @ C:\Users\USER\OneDrive\Desktop\PUP\node_modules\react-dom\cjs\react-dom-client.development.js:5529
updateFunctionComponent @ C:\Users\USER\OneDrive\Desktop\PUP\node_modules\react-dom\cjs\react-dom-client.development.js:8897
beginWork @ C:\Users\USER\OneDrive\Desktop\PUP\node_modules\react-dom\cjs\react-dom-client.development.js:10522
runWithFiberInDEV @ C:\Users\USER\OneDrive\Desktop\PUP\node_modules\react-dom\cjs\react-dom-client.development.js:1519
performUnitOfWork @ C:\Users\USER\OneDrive\Desktop\PUP\node_modules\react-dom\cjs\react-dom-client.development.js:15132
workLoopConcurrentByScheduler @ C:\Users\USER\OneDrive\Desktop\PUP\node_modules\react-dom\cjs\react-dom-client.development.js:15126
renderRootConcurrent @ C:\Users\USER\OneDrive\Desktop\PUP\node_modules\react-dom\cjs\react-dom-client.development.js:15101
performWorkOnRoot @ C:\Users\USER\OneDrive\Desktop\PUP\node_modules\react-dom\cjs\react-dom-client.development.js:14418
performWorkOnRootViaSchedulerTask @ C:\Users\USER\OneDrive\Desktop\PUP\node_modules\react-dom\cjs\react-dom-client.development.js:16216
performWorkUntilDeadline @ C:\Users\USER\OneDrive\Desktop\PUP\node_modules\scheduler\cjs\scheduler.development.js:45
<Slot>
exports.jsxDEV @ C:\Users\USER\OneDrive\Desktop\PUP\node_modules\react\cjs\react-jsx-dev-runtime.development.js:346
RootLayout @ C:\Users\USER\OneDrive\Desktop\PUP\app\_layout.tsx:86
react-stack-bottom-frame @ C:\Users\USER\OneDrive\Desktop\PUP\node_modules\react-dom\cjs\react-dom-client.development.js:23863
renderWithHooks @ C:\Users\USER\OneDrive\Desktop\PUP\node_modules\react-dom\cjs\react-dom-client.development.js:5529
updateFunctionComponent @ C:\Users\USER\OneDrive\Desktop\PUP\node_modules\react-dom\cjs\react-dom-client.development.js:8897
beginWork @ C:\Users\USER\OneDrive\Desktop\PUP\node_modules\react-dom\cjs\react-dom-client.development.js:10522
runWithFiberInDEV @ C:\Users\USER\OneDrive\Desktop\PUP\node_modules\react-dom\cjs\react-dom-client.development.js:1519
performUnitOfWork @ C:\Users\USER\OneDrive\Desktop\PUP\node_modules\react-dom\cjs\react-dom-client.development.js:15132
workLoopConcurrentByScheduler @ C:\Users\USER\OneDrive\Desktop\PUP\node_modules\react-dom\cjs\react-dom-client.development.js:15126
renderRootConcurrent @ C:\Users\USER\OneDrive\Desktop\PUP\node_modules\react-dom\cjs\react-dom-client.development.js:15101
performWorkOnRoot @ C:\Users\USER\OneDrive\Desktop\PUP\node_modules\react-dom\cjs\react-dom-client.development.js:14418
performWorkOnRootViaSchedulerTask @ C:\Users\USER\OneDrive\Desktop\PUP\node_modules\react-dom\cjs\react-dom-client.development.js:16216
performWorkUntilDeadline @ C:\Users\USER\OneDrive\Desktop\PUP\node_modules\scheduler\cjs\scheduler.development.js:45
<RootLayout(./_layout.tsx)>
exports.jsxDEV @ C:\Users\USER\OneDrive\Desktop\PUP\node_modules\react\cjs\react-jsx-dev-runtime.development.js:346
BaseRoute @ C:\Users\USER\OneDrive\Desktop\PUP\node_modules\expo-router\build\useScreens.js:213
react-stack-bottom-frame @ C:\Users\USER\OneDrive\Desktop\PUP\node_modules\react-dom\cjs\react-dom-client.development.js:23863
renderWithHooks @ C:\Users\USER\OneDrive\Desktop\PUP\node_modules\react-dom\cjs\react-dom-client.development.js:5529
updateFunctionComponent @ C:\Users\USER\OneDrive\Desktop\PUP\node_modules\react-dom\cjs\react-dom-client.development.js:8897
beginWork @ C:\Users\USER\OneDrive\Desktop\PUP\node_modules\react-dom\cjs\react-dom-client.development.js:10522
runWithFiberInDEV @ C:\Users\USER\OneDrive\Desktop\PUP\node_modules\react-dom\cjs\react-dom-client.development.js:1519
performUnitOfWork @ C:\Users\USER\OneDrive\Desktop\PUP\node_modules\react-dom\cjs\react-dom-client.development.js:15132
workLoopConcurrentByScheduler @ C:\Users\USER\OneDrive\Desktop\PUP\node_modules\react-dom\cjs\react-dom-client.development.js:15126
renderRootConcurrent @ C:\Users\USER\OneDrive\Desktop\PUP\node_modules\react-dom\cjs\react-dom-client.development.js:15101
performWorkOnRoot @ C:\Users\USER\OneDrive\Desktop\PUP\node_modules\react-dom\cjs\react-dom-client.development.js:14418
performWorkOnRootViaSchedulerTask @ C:\Users\USER\OneDrive\Desktop\PUP\node_modules\react-dom\cjs\react-dom-client.development.js:16216
performWorkUntilDeadline @ C:\Users\USER\OneDrive\Desktop\PUP\node_modules\scheduler\cjs\scheduler.development.js:45
<Route()>
exports.jsx @ C:\Users\USER\OneDrive\Desktop\PUP\node_modules\react\cjs\react-jsx-runtime.development.js:339
SceneView @ C:\Users\USER\OneDrive\Desktop\PUP\node_modules\@react-navigation\core\lib\module\SceneView.js:125
react-stack-bottom-frame @ C:\Users\USER\OneDrive\Desktop\PUP\node_modules\react-dom\cjs\react-dom-client.development.js:23863
renderWithHooks @ C:\Users\USER\OneDrive\Desktop\PUP\node_modules\react-dom\cjs\react-dom-client.development.js:5529
updateFunctionComponent @ C:\Users\USER\OneDrive\Desktop\PUP\node_modules\react-dom\cjs\react-dom-client.development.js:8897
beginWork @ C:\Users\USER\OneDrive\Desktop\PUP\node_modules\react-dom\cjs\react-dom-client.development.js:10522
runWithFiberInDEV @ C:\Users\USER\OneDrive\Desktop\PUP\node_modules\react-dom\cjs\react-dom-client.development.js:1519
performUnitOfWork @ C:\Users\USER\OneDrive\Desktop\PUP\node_modules\react-dom\cjs\react-dom-client.development.js:15132
workLoopConcurrentByScheduler @ C:\Users\USER\OneDrive\Desktop\PUP\node_modules\react-dom\cjs\react-dom-client.development.js:15126
renderRootConcurrent @ C:\Users\USER\OneDrive\Desktop\PUP\node_modules\react-dom\cjs\react-dom-client.development.js:15101
performWorkOnRoot @ C:\Users\USER\OneDrive\Desktop\PUP\node_modules\react-dom\cjs\react-dom-client.development.js:14418
performWorkOnRootViaSchedulerTask @ C:\Users\USER\OneDrive\Desktop\PUP\node_modules\react-dom\cjs\react-dom-client.development.js:16216
performWorkUntilDeadline @ C:\Users\USER\OneDrive\Desktop\PUP\node_modules\scheduler\cjs\scheduler.development.js:45
<SceneView>
exports.jsx @ C:\Users\USER\OneDrive\Desktop\PUP\node_modules\react\cjs\react-jsx-runtime.development.js:339
render @ C:\Users\USER\OneDrive\Desktop\PUP\node_modules\@react-navigation\core\lib\module\useDescriptors.js:108
(anonymous) @ C:\Users\USER\OneDrive\Desktop\PUP\node_modules\@react-navigation\core\lib\module\useDescriptors.js:140
useDescriptors @ C:\Users\USER\OneDrive\Desktop\PUP\node_modules\@react-navigation\core\lib\module\useDescriptors.js:137
useNavigationBuilder @ C:\Users\USER\OneDrive\Desktop\PUP\node_modules\@react-navigation\core\lib\module\useNavigationBuilder.js:562
Content @ C:\Users\USER\OneDrive\Desktop\PUP\node_modules\expo-router\build\ExpoRoot.js:161
react-stack-bottom-frame @ C:\Users\USER\OneDrive\Desktop\PUP\node_modules\react-dom\cjs\react-dom-client.development.js:23863
renderWithHooks @ C:\Users\USER\OneDrive\Desktop\PUP\node_modules\react-dom\cjs\react-dom-client.development.js:5529
updateFunctionComponent @ C:\Users\USER\OneDrive\Desktop\PUP\node_modules\react-dom\cjs\react-dom-client.development.js:8897
beginWork @ C:\Users\USER\OneDrive\Desktop\PUP\node_modules\react-dom\cjs\react-dom-client.development.js:10522
runWithFiberInDEV @ C:\Users\USER\OneDrive\Desktop\PUP\node_modules\react-dom\cjs\react-dom-client.development.js:1519
performUnitOfWork @ C:\Users\USER\OneDrive\Desktop\PUP\node_modules\react-dom\cjs\react-dom-client.development.js:15132
workLoopConcurrentByScheduler @ C:\Users\USER\OneDrive\Desktop\PUP\node_modules\react-dom\cjs\react-dom-client.development.js:15126
renderRootConcurrent @ C:\Users\USER\OneDrive\Desktop\PUP\node_modules\react-dom\cjs\react-dom-client.development.js:15101
performWorkOnRoot @ C:\Users\USER\OneDrive\Desktop\PUP\node_modules\react-dom\cjs\react-dom-client.development.js:14418
performWorkOnRootViaSchedulerTask @ C:\Users\USER\OneDrive\Desktop\PUP\node_modules\react-dom\cjs\react-dom-client.development.js:16216
performWorkUntilDeadline @ C:\Users\USER\OneDrive\Desktop\PUP\node_modules\scheduler\cjs\scheduler.development.js:45
<Content>
exports.jsxDEV @ C:\Users\USER\OneDrive\Desktop\PUP\node_modules\react\cjs\react-jsx-dev-runtime.development.js:346
ContextNavigator @ C:\Users\USER\OneDrive\Desktop\PUP\node_modules\expo-router\build\ExpoRoot.js:147
react-stack-bottom-frame @ C:\Users\USER\OneDrive\Desktop\PUP\node_modules\react-dom\cjs\react-dom-client.development.js:23863
renderWithHooks @ C:\Users\USER\OneDrive\Desktop\PUP\node_modules\react-dom\cjs\react-dom-client.development.js:5529
updateFunctionComponent @ C:\Users\USER\OneDrive\Desktop\PUP\node_modules\react-dom\cjs\react-dom-client.development.js:8897
beginWork @ C:\Users\USER\OneDrive\Desktop\PUP\node_modules\react-dom\cjs\react-dom-client.development.js:10522
runWithFiberInDEV @ C:\Users\USER\OneDrive\Desktop\PUP\node_modules\react-dom\cjs\react-dom-client.development.js:1519
performUnitOfWork @ C:\Users\USER\OneDrive\Desktop\PUP\node_modules\react-dom\cjs\react-dom-client.development.js:15132
workLoopConcurrentByScheduler @ C:\Users\USER\OneDrive\Desktop\PUP\node_modules\react-dom\cjs\react-dom-client.development.js:15126
renderRootConcurrent @ C:\Users\USER\OneDrive\Desktop\PUP\node_modules\react-dom\cjs\react-dom-client.development.js:15101
performWorkOnRoot @ C:\Users\USER\OneDrive\Desktop\PUP\node_modules\react-dom\cjs\react-dom-client.development.js:14418
performWorkOnRootViaSchedulerTask @ C:\Users\USER\OneDrive\Desktop\PUP\node_modules\react-dom\cjs\react-dom-client.development.js:16216
performWorkUntilDeadline @ C:\Users\USER\OneDrive\Desktop\PUP\node_modules\scheduler\cjs\scheduler.development.js:45
<ContextNavigator>
exports.jsxDEV @ C:\Users\USER\OneDrive\Desktop\PUP\node_modules\react\cjs\react-jsx-dev-runtime.development.js:346
ExpoRoot @ C:\Users\USER\OneDrive\Desktop\PUP\node_modules\expo-router\build\ExpoRoot.js:87
react-stack-bottom-frame @ C:\Users\USER\OneDrive\Desktop\PUP\node_modules\react-dom\cjs\react-dom-client.development.js:23863
renderWithHooks @ C:\Users\USER\OneDrive\Desktop\PUP\node_modules\react-dom\cjs\react-dom-client.development.js:5529
updateFunctionComponent @ C:\Users\USER\OneDrive\Desktop\PUP\node_modules\react-dom\cjs\react-dom-client.development.js:8897
beginWork @ C:\Users\USER\OneDrive\Desktop\PUP\node_modules\react-dom\cjs\react-dom-client.development.js:10522
runWithFiberInDEV @ C:\Users\USER\OneDrive\Desktop\PUP\node_modules\react-dom\cjs\react-dom-client.development.js:1519
performUnitOfWork @ C:\Users\USER\OneDrive\Desktop\PUP\node_modules\react-dom\cjs\react-dom-client.development.js:15132
workLoopConcurrentByScheduler @ C:\Users\USER\OneDrive\Desktop\PUP\node_modules\react-dom\cjs\react-dom-client.development.js:15126
renderRootConcurrent @ C:\Users\USER\OneDrive\Desktop\PUP\node_modules\react-dom\cjs\react-dom-client.development.js:15101
performWorkOnRoot @ C:\Users\USER\OneDrive\Desktop\PUP\node_modules\react-dom\cjs\react-dom-client.development.js:14418
performWorkOnRootViaSchedulerTask @ C:\Users\USER\OneDrive\Desktop\PUP\node_modules\react-dom\cjs\react-dom-client.development.js:16216
performWorkUntilDeadline @ C:\Users\USER\OneDrive\Desktop\PUP\node_modules\scheduler\cjs\scheduler.development.js:45
<ExpoRoot>
exports.jsxDEV @ C:\Users\USER\OneDrive\Desktop\PUP\node_modules\react\cjs\react-jsx-dev-runtime.development.js:346
App @ C:\Users\USER\OneDrive\Desktop\PUP\node_modules\expo-router\build\qualified-entry.js:21
react-stack-bottom-frame @ C:\Users\USER\OneDrive\Desktop\PUP\node_modules\react-dom\cjs\react-dom-client.development.js:23863
renderWithHooks @ C:\Users\USER\OneDrive\Desktop\PUP\node_modules\react-dom\cjs\react-dom-client.development.js:5529
updateFunctionComponent @ C:\Users\USER\OneDrive\Desktop\PUP\node_modules\react-dom\cjs\react-dom-client.development.js:8897
beginWork @ C:\Users\USER\OneDrive\Desktop\PUP\node_modules\react-dom\cjs\react-dom-client.development.js:10522
runWithFiberInDEV @ C:\Users\USER\OneDrive\Desktop\PUP\node_modules\react-dom\cjs\react-dom-client.development.js:1519
performUnitOfWork @ C:\Users\USER\OneDrive\Desktop\PUP\node_modules\react-dom\cjs\react-dom-client.development.js:15132
workLoopConcurrentByScheduler @ C:\Users\USER\OneDrive\Desktop\PUP\node_modules\react-dom\cjs\react-dom-client.development.js:15126
renderRootConcurrent @ C:\Users\USER\OneDrive\Desktop\PUP\node_modules\react-dom\cjs\react-dom-client.development.js:15101
performWorkOnRoot @ C:\Users\USER\OneDrive\Desktop\PUP\node_modules\react-dom\cjs\react-dom-client.development.js:14418
performWorkOnRootViaSchedulerTask @ C:\Users\USER\OneDrive\Desktop\PUP\node_modules\react-dom\cjs\react-dom-client.development.js:16216
performWorkUntilDeadline @ C:\Users\USER\OneDrive\Desktop\PUP\node_modules\scheduler\cjs\scheduler.development.js:45
<App>
exports.jsxDEV @ C:\Users\USER\OneDrive\Desktop\PUP\node_modules\react\cjs\react-jsx-dev-runtime.development.js:346
ErrorOverlay @ C:\Users\USER\OneDrive\Desktop\PUP\node_modules\@expo\metro-runtime\src\error-overlay\index.tsx:19
react-stack-bottom-frame @ C:\Users\USER\OneDrive\Desktop\PUP\node_modules\react-dom\cjs\react-dom-client.development.js:23863
renderWithHooks @ C:\Users\USER\OneDrive\Desktop\PUP\node_modules\react-dom\cjs\react-dom-client.development.js:5529
updateFunctionComponent @ C:\Users\USER\OneDrive\Desktop\PUP\node_modules\react-dom\cjs\react-dom-client.development.js:8897
beginWork @ C:\Users\USER\OneDrive\Desktop\PUP\node_modules\react-dom\cjs\react-dom-client.development.js:10522
runWithFiberInDEV @ C:\Users\USER\OneDrive\Desktop\PUP\node_modules\react-dom\cjs\react-dom-client.development.js:1519
performUnitOfWork @ C:\Users\USER\OneDrive\Desktop\PUP\node_modules\react-dom\cjs\react-dom-client.development.js:15132
workLoopConcurrentByScheduler @ C:\Users\USER\OneDrive\Desktop\PUP\node_modules\react-dom\cjs\react-dom-client.development.js:15126
renderRootConcurrent @ C:\Users\USER\OneDrive\Desktop\PUP\node_modules\react-dom\cjs\react-dom-client.development.js:15101
performWorkOnRoot @ C:\Users\USER\OneDrive\Desktop\PUP\node_modules\react-dom\cjs\react-dom-client.development.js:14418
performWorkOnRootViaSchedulerTask @ C:\Users\USER\OneDrive\Desktop\PUP\node_modules\react-dom\cjs\react-dom-client.development.js:16216
performWorkUntilDeadline @ C:\Users\USER\OneDrive\Desktop\PUP\node_modules\scheduler\cjs\scheduler.development.js:45
<ErrorOverlay>
exports.jsxDEV @ C:\Users\USER\OneDrive\Desktop\PUP\node_modules\react\cjs\react-jsx-dev-runtime.development.js:346
WithDevTools @ C:\Users\USER\OneDrive\Desktop\PUP\node_modules\expo\src\launch\withDevTools.web.tsx:11
react-stack-bottom-frame @ C:\Users\USER\OneDrive\Desktop\PUP\node_modules\react-dom\cjs\react-dom-client.development.js:23863
renderWithHooks @ C:\Users\USER\OneDrive\Desktop\PUP\node_modules\react-dom\cjs\react-dom-client.development.js:5529
updateFunctionComponent @ C:\Users\USER\OneDrive\Desktop\PUP\node_modules\react-dom\cjs\react-dom-client.development.js:8897
beginWork @ C:\Users\USER\OneDrive\Desktop\PUP\node_modules\react-dom\cjs\react-dom-client.development.js:10522
runWithFiberInDEV @ C:\Users\USER\OneDrive\Desktop\PUP\node_modules\react-dom\cjs\react-dom-client.development.js:1519
performUnitOfWork @ C:\Users\USER\OneDrive\Desktop\PUP\node_modules\react-dom\cjs\react-dom-client.development.js:15132
workLoopConcurrentByScheduler @ C:\Users\USER\OneDrive\Desktop\PUP\node_modules\react-dom\cjs\react-dom-client.development.js:15126
renderRootConcurrent @ C:\Users\USER\OneDrive\Desktop\PUP\node_modules\react-dom\cjs\react-dom-client.development.js:15101
performWorkOnRoot @ C:\Users\USER\OneDrive\Desktop\PUP\node_modules\react-dom\cjs\react-dom-client.development.js:14418
performWorkOnRootViaSchedulerTask @ C:\Users\USER\OneDrive\Desktop\PUP\node_modules\react-dom\cjs\react-dom-client.development.js:16216
performWorkUntilDeadline @ C:\Users\USER\OneDrive\Desktop\PUP\node_modules\scheduler\cjs\scheduler.development.js:45
<withDevTools(ErrorOverlay)>
exports.createElement @ C:\Users\USER\OneDrive\Desktop\PUP\node_modules\react\cjs\react.development.js:1033
renderApplication @ C:\Users\USER\OneDrive\Desktop\PUP\node_modules\react-native-web\dist\exports\AppRegistry\renderApplication.js:27
run @ C:\Users\USER\OneDrive\Desktop\PUP\node_modules\react-native-web\dist\exports\AppRegistry\index.js:36
runApplication @ C:\Users\USER\OneDrive\Desktop\PUP\node_modules\react-native-web\dist\exports\AppRegistry\index.js:74
registerRootComponent @ C:\Users\USER\OneDrive\Desktop\PUP\node_modules\expo\src\launch\registerRootComponent.tsx:58
(anonymous) @ C:\Users\USER\OneDrive\Desktop\PUP\node_modules\expo-router\build\renderRootComponent.js:88
exports.startTransition @ C:\Users\USER\OneDrive\Desktop\PUP\node_modules\react\cjs\react.development.js:1124
renderRootComponent @ C:\Users\USER\OneDrive\Desktop\PUP\node_modules\expo-router\build\renderRootComponent.js:85
(anonymous) @ C:\Users\USER\OneDrive\Desktop\PUP\node_modules\expo-router\entry-classic.js:10
loadModuleImplementation @ C:\Users\USER\OneDrive\Desktop\PUP\node_modules\expo\node_modules\@expo\cli\build\metro-require\require.js:248
guardedLoadModule @ C:\Users\USER\OneDrive\Desktop\PUP\node_modules\expo\node_modules\@expo\cli\build\metro-require\require.js:163
metroRequire @ C:\Users\USER\OneDrive\Desktop\PUP\node_modules\expo\node_modules\@expo\cli\build\metro-require\require.js:74
(anonymous) @ C:\Users\USER\OneDrive\Desktop\PUP\node_modules\expo-router\entry.js:3
loadModuleImplementation @ C:\Users\USER\OneDrive\Desktop\PUP\node_modules\expo\node_modules\@expo\cli\build\metro-require\require.js:248
guardedLoadModule @ C:\Users\USER\OneDrive\Desktop\PUP\node_modules\expo\node_modules\@expo\cli\build\metro-require\require.js:156
metroRequire @ C:\Users\USER\OneDrive\Desktop\PUP\node_modules\expo\node_modules\@expo\cli\build\metro-require\require.js:74
(anonymous) @ entry.bundle?platform=web&dev=true&hot=false&lazy=true&transform.routerRoot=app&transform.reactCompiler=true:196749
C:\Users\USER\OneDrive\Desktop\PUP\node_modules\@expo\metro-runtime\src\error-overlay\LogBox.web.ts:134 [10:27:00.552] [Firebase] ✖ REST getRecipes failed Error: The database (default) does not exist for project lasangpinoy-mobile Please visit https://console.cloud.google.com/datastore/setup?project=lasangpinoy-mobile to add a Cloud Datastore or Cloud Firestore database. 
    at Object.getCollection (C:\Users\USER\OneDrive\Desktop\PUP\lib\firestore-rest.ts:211:13)
    at async getRecipes (C:\Users\USER\OneDrive\Desktop\PUP\lib\firebase.ts:339:20)
    at async fetchRecipesData (C:\Users\USER\OneDrive\Desktop\PUP\app\(tabs)\index.tsx:77:20)
registerError @ C:\Users\USER\OneDrive\Desktop\PUP\node_modules\@expo\metro-runtime\src\error-overlay\LogBox.web.ts:134
console.error @ C:\Users\USER\OneDrive\Desktop\PUP\node_modules\@expo\metro-runtime\src\error-overlay\LogBox.web.ts:59
_log @ C:\Users\USER\OneDrive\Desktop\PUP\lib\logger.ts:74
error @ C:\Users\USER\OneDrive\Desktop\PUP\lib\logger.ts:93
getRecipes @ C:\Users\USER\OneDrive\Desktop\PUP\lib\firebase.ts:343
await in getRecipes
fetchRecipesData @ C:\Users\USER\OneDrive\Desktop\PUP\app\(tabs)\index.tsx:77
(anonymous) @ C:\Users\USER\OneDrive\Desktop\PUP\app\(tabs)\index.tsx:58
setTimeout
(anonymous) @ C:\Users\USER\OneDrive\Desktop\PUP\app\(tabs)\index.tsx:57
react-stack-bottom-frame @ C:\Users\USER\OneDrive\Desktop\PUP\node_modules\react-dom\cjs\react-dom-client.development.js:23949
runWithFiberInDEV @ C:\Users\USER\OneDrive\Desktop\PUP\node_modules\react-dom\cjs\react-dom-client.development.js:1519
commitHookEffectListMount @ C:\Users\USER\OneDrive\Desktop\PUP\node_modules\react-dom\cjs\react-dom-client.development.js:11905
commitHookPassiveMountEffects @ C:\Users\USER\OneDrive\Desktop\PUP\node_modules\react-dom\cjs\react-dom-client.development.js:12026
reconnectPassiveEffects @ C:\Users\USER\OneDrive\Desktop\PUP\node_modules\react-dom\cjs\react-dom-client.development.js:14004
recursivelyTraverseReconnectPassiveEffects @ C:\Users\USER\OneDrive\Desktop\PUP\node_modules\react-dom\cjs\react-dom-client.development.js:13976
reconnectPassiveEffects @ C:\Users\USER\OneDrive\Desktop\PUP\node_modules\react-dom\cjs\react-dom-client.development.js:14024
recursivelyTraverseReconnectPassiveEffects @ C:\Users\USER\OneDrive\Desktop\PUP\node_modules\react-dom\cjs\react-dom-client.development.js:13976
reconnectPassiveEffects @ C:\Users\USER\OneDrive\Desktop\PUP\node_modules\react-dom\cjs\react-dom-client.development.js:14051
recursivelyTraverseReconnectPassiveEffects @ C:\Users\USER\OneDrive\Desktop\PUP\node_modules\react-dom\cjs\react-dom-client.development.js:13976
reconnectPassiveEffects @ C:\Users\USER\OneDrive\Desktop\PUP\node_modules\react-dom\cjs\react-dom-client.development.js:14051
recursivelyTraverseReconnectPassiveEffects @ C:\Users\USER\OneDrive\Desktop\PUP\node_modules\react-dom\cjs\react-dom-client.development.js:13976
reconnectPassiveEffects @ C:\Users\USER\OneDrive\Desktop\PUP\node_modules\react-dom\cjs\react-dom-client.development.js:14051
recursivelyTraverseReconnectPassiveEffects @ C:\Users\USER\OneDrive\Desktop\PUP\node_modules\react-dom\cjs\react-dom-client.development.js:13976
reconnectPassiveEffects @ C:\Users\USER\OneDrive\Desktop\PUP\node_modules\react-dom\cjs\react-dom-client.development.js:13997
recursivelyTraverseReconnectPassiveEffects @ C:\Users\USER\OneDrive\Desktop\PUP\node_modules\react-dom\cjs\react-dom-client.development.js:13976
reconnectPassiveEffects @ C:\Users\USER\OneDrive\Desktop\PUP\node_modules\react-dom\cjs\react-dom-client.development.js:13997
recursivelyTraverseReconnectPassiveEffects @ C:\Users\USER\OneDrive\Desktop\PUP\node_modules\react-dom\cjs\react-dom-client.development.js:13976
reconnectPassiveEffects @ C:\Users\USER\OneDrive\Desktop\PUP\node_modules\react-dom\cjs\react-dom-client.development.js:13997
recursivelyTraverseReconnectPassiveEffects @ C:\Users\USER\OneDrive\Desktop\PUP\node_modules\react-dom\cjs\react-dom-client.development.js:13976
reconnectPassiveEffects @ C:\Users\USER\OneDrive\Desktop\PUP\node_modules\react-dom\cjs\react-dom-client.development.js:14051
recursivelyTraverseReconnectPassiveEffects @ C:\Users\USER\OneDrive\Desktop\PUP\node_modules\react-dom\cjs\react-dom-client.development.js:13976
reconnectPassiveEffects @ C:\Users\USER\OneDrive\Desktop\PUP\node_modules\react-dom\cjs\react-dom-client.development.js:14051
recursivelyTraverseReconnectPassiveEffects @ C:\Users\USER\OneDrive\Desktop\PUP\node_modules\react-dom\cjs\react-dom-client.development.js:13976
reconnectPassiveEffects @ C:\Users\USER\OneDrive\Desktop\PUP\node_modules\react-dom\cjs\react-dom-client.development.js:13997
recursivelyTraverseReconnectPassiveEffects @ C:\Users\USER\OneDrive\Desktop\PUP\node_modules\react-dom\cjs\react-dom-client.development.js:13976
reconnectPassiveEffects @ C:\Users\USER\OneDrive\Desktop\PUP\node_modules\react-dom\cjs\react-dom-client.development.js:14051
recursivelyTraverseReconnectPassiveEffects @ C:\Users\USER\OneDrive\Desktop\PUP\node_modules\react-dom\cjs\react-dom-client.development.js:13976
reconnectPassiveEffects @ C:\Users\USER\OneDrive\Desktop\PUP\node_modules\react-dom\cjs\react-dom-client.development.js:14051
recursivelyTraverseReconnectPassiveEffects @ C:\Users\USER\OneDrive\Desktop\PUP\node_modules\react-dom\cjs\react-dom-client.development.js:13976
reconnectPassiveEffects @ C:\Users\USER\OneDrive\Desktop\PUP\node_modules\react-dom\cjs\react-dom-client.development.js:14051
recursivelyTraverseReconnectPassiveEffects @ C:\Users\USER\OneDrive\Desktop\PUP\node_modules\react-dom\cjs\react-dom-client.development.js:13976
reconnectPassiveEffects @ C:\Users\USER\OneDrive\Desktop\PUP\node_modules\react-dom\cjs\react-dom-client.development.js:13997
recursivelyTraverseReconnectPassiveEffects @ C:\Users\USER\OneDrive\Desktop\PUP\node_modules\react-dom\cjs\react-dom-client.development.js:13976
reconnectPassiveEffects @ C:\Users\USER\OneDrive\Desktop\PUP\node_modules\react-dom\cjs\react-dom-client.development.js:14051
recursivelyTraverseReconnectPassiveEffects @ C:\Users\USER\OneDrive\Desktop\PUP\node_modules\react-dom\cjs\react-dom-client.development.js:13976
reconnectPassiveEffects @ C:\Users\USER\OneDrive\Desktop\PUP\node_modules\react-dom\cjs\react-dom-client.development.js:14051
recursivelyTraverseReconnectPassiveEffects @ C:\Users\USER\OneDrive\Desktop\PUP\node_modules\react-dom\cjs\react-dom-client.development.js:13976
reconnectPassiveEffects @ C:\Users\USER\OneDrive\Desktop\PUP\node_modules\react-dom\cjs\react-dom-client.development.js:14051
recursivelyTraverseReconnectPassiveEffects @ C:\Users\USER\OneDrive\Desktop\PUP\node_modules\react-dom\cjs\react-dom-client.development.js:13976
reconnectPassiveEffects @ C:\Users\USER\OneDrive\Desktop\PUP\node_modules\react-dom\cjs\react-dom-client.development.js:13997
recursivelyTraverseReconnectPassiveEffects @ C:\Users\USER\OneDrive\Desktop\PUP\node_modules\react-dom\cjs\react-dom-client.development.js:13976
reconnectPassiveEffects @ C:\Users\USER\OneDrive\Desktop\PUP\node_modules\react-dom\cjs\react-dom-client.development.js:14051
recursivelyTraverseReconnectPassiveEffects @ C:\Users\USER\OneDrive\Desktop\PUP\node_modules\react-dom\cjs\react-dom-client.development.js:13976
reconnectPassiveEffects @ C:\Users\USER\OneDrive\Desktop\PUP\node_modules\react-dom\cjs\react-dom-client.development.js:14051
recursivelyTraverseReconnectPassiveEffects @ C:\Users\USER\OneDrive\Desktop\PUP\node_modules\react-dom\cjs\react-dom-client.development.js:13976
reconnectPassiveEffects @ C:\Users\USER\OneDrive\Desktop\PUP\node_modules\react-dom\cjs\react-dom-client.development.js:14051
recursivelyTraverseReconnectPassiveEffects @ C:\Users\USER\OneDrive\Desktop\PUP\node_modules\react-dom\cjs\react-dom-client.development.js:13976
reconnectPassiveEffects @ C:\Users\USER\OneDrive\Desktop\PUP\node_modules\react-dom\cjs\react-dom-client.development.js:14051
recursivelyTraverseReconnectPassiveEffects @ C:\Users\USER\OneDrive\Desktop\PUP\node_modules\react-dom\cjs\react-dom-client.development.js:13976
reconnectPassiveEffects @ C:\Users\USER\OneDrive\Desktop\PUP\node_modules\react-dom\cjs\react-dom-client.development.js:13997
recursivelyTraverseReconnectPassiveEffects @ C:\Users\USER\OneDrive\Desktop\PUP\node_modules\react-dom\cjs\react-dom-client.development.js:13976
reconnectPassiveEffects @ C:\Users\USER\OneDrive\Desktop\PUP\node_modules\react-dom\cjs\react-dom-client.development.js:14051
recursivelyTraverseReconnectPassiveEffects @ C:\Users\USER\OneDrive\Desktop\PUP\node_modules\react-dom\cjs\react-dom-client.development.js:13976
reconnectPassiveEffects @ C:\Users\USER\OneDrive\Desktop\PUP\node_modules\react-dom\cjs\react-dom-client.development.js:13997
recursivelyTraverseReconnectPassiveEffects @ C:\Users\USER\OneDrive\Desktop\PUP\node_modules\react-dom\cjs\react-dom-client.development.js:13976
reconnectPassiveEffects @ C:\Users\USER\OneDrive\Desktop\PUP\node_modules\react-dom\cjs\react-dom-client.development.js:13997
recursivelyTraverseReconnectPassiveEffects @ C:\Users\USER\OneDrive\Desktop\PUP\node_modules\react-dom\cjs\react-dom-client.development.js:13976
reconnectPassiveEffects @ C:\Users\USER\OneDrive\Desktop\PUP\node_modules\react-dom\cjs\react-dom-client.development.js:13997
recursivelyTraverseReconnectPassiveEffects @ C:\Users\USER\OneDrive\Desktop\PUP\node_modules\react-dom\cjs\react-dom-client.development.js:13976
reconnectPassiveEffects @ C:\Users\USER\OneDrive\Desktop\PUP\node_modules\react-dom\cjs\react-dom-client.development.js:13997
recursivelyTraverseReconnectPassiveEffects @ C:\Users\USER\OneDrive\Desktop\PUP\node_modules\react-dom\cjs\react-dom-client.development.js:13976
reconnectPassiveEffects @ C:\Users\USER\OneDrive\Desktop\PUP\node_modules\react-dom\cjs\react-dom-client.development.js:14051
recursivelyTraverseReconnectPassiveEffects @ C:\Users\USER\OneDrive\Desktop\PUP\node_modules\react-dom\cjs\react-dom-client.development.js:13976
reconnectPassiveEffects @ C:\Users\USER\OneDrive\Desktop\PUP\node_modules\react-dom\cjs\react-dom-client.development.js:14051
recursivelyTraverseReconnectPassiveEffects @ C:\Users\USER\OneDrive\Desktop\PUP\node_modules\react-dom\cjs\react-dom-client.development.js:13976
reconnectPassiveEffects @ C:\Users\USER\OneDrive\Desktop\PUP\node_modules\react-dom\cjs\react-dom-client.development.js:13997
recursivelyTraverseReconnectPassiveEffects @ C:\Users\USER\OneDrive\Desktop\PUP\node_modules\react-dom\cjs\react-dom-client.development.js:13976
reconnectPassiveEffects @ C:\Users\USER\OneDrive\Desktop\PUP\node_modules\react-dom\cjs\react-dom-client.development.js:13997
recursivelyTraverseReconnectPassiveEffects @ C:\Users\USER\OneDrive\Desktop\PUP\node_modules\react-dom\cjs\react-dom-client.development.js:13976
reconnectPassiveEffects @ C:\Users\USER\OneDrive\Desktop\PUP\node_modules\react-dom\cjs\react-dom-client.development.js:14051
recursivelyTraverseReconnectPassiveEffects @ C:\Users\USER\OneDrive\Desktop\PUP\node_modules\react-dom\cjs\react-dom-client.development.js:13976
reconnectPassiveEffects @ C:\Users\USER\OneDrive\Desktop\PUP\node_modules\react-dom\cjs\react-dom-client.development.js:13997
recursivelyTraverseReconnectPassiveEffects @ C:\Users\USER\OneDrive\Desktop\PUP\node_modules\react-dom\cjs\react-dom-client.development.js:13976
reconnectPassiveEffects @ C:\Users\USER\OneDrive\Desktop\PUP\node_modules\react-dom\cjs\react-dom-client.development.js:13997
recursivelyTraverseReconnectPassiveEffects @ C:\Users\USER\OneDrive\Desktop\PUP\node_modules\react-dom\cjs\react-dom-client.development.js:13976
reconnectPassiveEffects @ C:\Users\USER\OneDrive\Desktop\PUP\node_modules\react-dom\cjs\react-dom-client.development.js:14051
recursivelyTraverseReconnectPassiveEffects @ C:\Users\USER\OneDrive\Desktop\PUP\node_modules\react-dom\cjs\react-dom-client.development.js:13976
reconnectPassiveEffects @ C:\Users\USER\OneDrive\Desktop\PUP\node_modules\react-dom\cjs\react-dom-client.development.js:13997
recursivelyTraverseReconnectPassiveEffects @ C:\Users\USER\OneDrive\Desktop\PUP\node_modules\react-dom\cjs\react-dom-client.development.js:13976
reconnectPassiveEffects @ C:\Users\USER\OneDrive\Desktop\PUP\node_modules\react-dom\cjs\react-dom-client.development.js:14051
recursivelyTraverseReconnectPassiveEffects @ C:\Users\USER\OneDrive\Desktop\PUP\node_modules\react-dom\cjs\react-dom-client.development.js:13976
reconnectPassiveEffects @ C:\Users\USER\OneDrive\Desktop\PUP\node_modules\react-dom\cjs\react-dom-client.development.js:13997
recursivelyTraverseReconnectPassiveEffects @ C:\Users\USER\OneDrive\Desktop\PUP\node_modules\react-dom\cjs\react-dom-client.development.js:13976
reconnectPassiveEffects @ C:\Users\USER\OneDrive\Desktop\PUP\node_modules\react-dom\cjs\react-dom-client.development.js:13997
recursivelyTraverseReconnectPassiveEffects @ C:\Users\USER\OneDrive\Desktop\PUP\node_modules\react-dom\cjs\react-dom-client.development.js:13976
reconnectPassiveEffects @ C:\Users\USER\OneDrive\Desktop\PUP\node_modules\react-dom\cjs\react-dom-client.development.js:13997
recursivelyTraverseReconnectPassiveEffects @ C:\Users\USER\OneDrive\Desktop\PUP\node_modules\react-dom\cjs\react-dom-client.development.js:13976
reconnectPassiveEffects @ C:\Users\USER\OneDrive\Desktop\PUP\node_modules\react-dom\cjs\react-dom-client.development.js:14051
recursivelyTraverseReconnectPassiveEffects @ C:\Users\USER\OneDrive\Desktop\PUP\node_modules\react-dom\cjs\react-dom-client.development.js:13976
reconnectPassiveEffects @ C:\Users\USER\OneDrive\Desktop\PUP\node_modules\react-dom\cjs\react-dom-client.development.js:13997
recursivelyTraverseReconnectPassiveEffects @ C:\Users\USER\OneDrive\Desktop\PUP\node_modules\react-dom\cjs\react-dom-client.development.js:13976
reconnectPassiveEffects @ C:\Users\USER\OneDrive\Desktop\PUP\node_modules\react-dom\cjs\react-dom-client.development.js:14051
recursivelyTraverseReconnectPassiveEffects @ C:\Users\USER\OneDrive\Desktop\PUP\node_modules\react-dom\cjs\react-dom-client.development.js:13976
reconnectPassiveEffects @ C:\Users\USER\OneDrive\Desktop\PUP\node_modules\react-dom\cjs\react-dom-client.development.js:14051
recursivelyTraverseReconnectPassiveEffects @ C:\Users\USER\OneDrive\Desktop\PUP\node_modules\react-dom\cjs\react-dom-client.development.js:13976
reconnectPassiveEffects @ C:\Users\USER\OneDrive\Desktop\PUP\node_modules\react-dom\cjs\react-dom-client.development.js:13997
recursivelyTraverseReconnectPassiveEffects @ C:\Users\USER\OneDrive\Desktop\PUP\node_modules\react-dom\cjs\react-dom-client.development.js:13976
reconnectPassiveEffects @ C:\Users\USER\OneDrive\Desktop\PUP\node_modules\react-dom\cjs\react-dom-client.development.js:14051
recursivelyTraverseReconnectPassiveEffects @ C:\Users\USER\OneDrive\Desktop\PUP\node_modules\react-dom\cjs\react-dom-client.development.js:13976
reconnectPassiveEffects @ C:\Users\USER\OneDrive\Desktop\PUP\node_modules\react-dom\cjs\react-dom-client.development.js:14051
recursivelyTraverseReconnectPassiveEffects @ C:\Users\USER\OneDrive\Desktop\PUP\node_modules\react-dom\cjs\react-dom-client.development.js:13976
reconnectPassiveEffects @ C:\Users\USER\OneDrive\Desktop\PUP\node_modules\react-dom\cjs\react-dom-client.development.js:13997
recursivelyTraverseReconnectPassiveEffects @ C:\Users\USER\OneDrive\Desktop\PUP\node_modules\react-dom\cjs\react-dom-client.development.js:13976
reconnectPassiveEffects @ C:\Users\USER\OneDrive\Desktop\PUP\node_modules\react-dom\cjs\react-dom-client.development.js:13997
recursivelyTraverseReconnectPassiveEffects @ C:\Users\USER\OneDrive\Desktop\PUP\node_modules\react-dom\cjs\react-dom-client.development.js:13976
reconnectPassiveEffects @ C:\Users\USER\OneDrive\Desktop\PUP\node_modules\react-dom\cjs\react-dom-client.development.js:13997
recursivelyTraverseReconnectPassiveEffects @ C:\Users\USER\OneDrive\Desktop\PUP\node_modules\react-dom\cjs\react-dom-client.development.js:13976
reconnectPassiveEffects @ C:\Users\USER\OneDrive\Desktop\PUP\node_modules\react-dom\cjs\react-dom-client.development.js:13997
recursivelyTraverseReconnectPassiveEffects @ C:\Users\USER\OneDrive\Desktop\PUP\node_modules\react-dom\cjs\react-dom-client.development.js:13976
reconnectPassiveEffects @ C:\Users\USER\OneDrive\Desktop\PUP\node_modules\react-dom\cjs\react-dom-client.development.js:13997
recursivelyTraverseReconnectPassiveEffects @ C:\Users\USER\OneDrive\Desktop\PUP\node_modules\react-dom\cjs\react-dom-client.development.js:13976
reconnectPassiveEffects @ C:\Users\USER\OneDrive\Desktop\PUP\node_modules\react-dom\cjs\react-dom-client.development.js:13997
recursivelyTraverseReconnectPassiveEffects @ C:\Users\USER\OneDrive\Desktop\PUP\node_modules\react-dom\cjs\react-dom-client.development.js:13976
commitPassiveMountOnFiber @ C:\Users\USER\OneDrive\Desktop\PUP\node_modules\react-dom\cjs\react-dom-client.development.js:13936
recursivelyTraversePassiveMountEffects @ C:\Users\USER\OneDrive\Desktop\PUP\node_modules\react-dom\cjs\react-dom-client.development.js:13815
commitPassiveMountOnFiber @ C:\Users\USER\OneDrive\Desktop\PUP\node_modules\react-dom\cjs\react-dom-client.development.js:13903
recursivelyTraversePassiveMountEffects @ C:\Users\USER\OneDrive\Desktop\PUP\node_modules\react-dom\cjs\react-dom-client.development.js:13815
commitPassiveMountOnFiber @ C:\Users\USER\OneDrive\Desktop\PUP\node_modules\react-dom\cjs\react-dom-client.development.js:13957
recursivelyTraversePassiveMountEffects @ C:\Users\USER\OneDrive\Desktop\PUP\node_modules\react-dom\cjs\react-dom-client.development.js:13815
commitPassiveMountOnFiber @ C:\Users\USER\OneDrive\Desktop\PUP\node_modules\react-dom\cjs\react-dom-client.development.js:13957
recursivelyTraversePassiveMountEffects @ C:\Users\USER\OneDrive\Desktop\PUP\node_modules\react-dom\cjs\react-dom-client.development.js:13815
commitPassiveMountOnFiber @ C:\Users\USER\OneDrive\Desktop\PUP\node_modules\react-dom\cjs\react-dom-client.development.js:13834
recursivelyTraversePassiveMountEffects @ C:\Users\USER\OneDrive\Desktop\PUP\node_modules\react-dom\cjs\react-dom-client.development.js:13815
commitPassiveMountOnFiber @ C:\Users\USER\OneDrive\Desktop\PUP\node_modules\react-dom\cjs\react-dom-client.development.js:13834
recursivelyTraversePassiveMountEffects @ C:\Users\USER\OneDrive\Desktop\PUP\node_modules\react-dom\cjs\react-dom-client.development.js:13815
commitPassiveMountOnFiber @ C:\Users\USER\OneDrive\Desktop\PUP\node_modules\react-dom\cjs\react-dom-client.development.js:13834
recursivelyTraversePassiveMountEffects @ C:\Users\USER\OneDrive\Desktop\PUP\node_modules\react-dom\cjs\react-dom-client.development.js:13815
commitPassiveMountOnFiber @ C:\Users\USER\OneDrive\Desktop\PUP\node_modules\react-dom\cjs\react-dom-client.development.js:13957
recursivelyTraversePassiveMountEffects @ C:\Users\USER\OneDrive\Desktop\PUP\node_modules\react-dom\cjs\react-dom-client.development.js:13815
commitPassiveMountOnFiber @ C:\Users\USER\OneDrive\Desktop\PUP\node_modules\react-dom\cjs\react-dom-client.development.js:13957
recursivelyTraversePassiveMountEffects @ C:\Users\USER\OneDrive\Desktop\PUP\node_modules\react-dom\cjs\react-dom-client.development.js:13815
commitPassiveMountOnFiber @ C:\Users\USER\OneDrive\Desktop\PUP\node_modules\react-dom\cjs\react-dom-client.development.js:13834
recursivelyTraversePassiveMountEffects @ C:\Users\USER\OneDrive\Desktop\PUP\node_modules\react-dom\cjs\react-dom-client.development.js:13815
commitPassiveMountOnFiber @ C:\Users\USER\OneDrive\Desktop\PUP\node_modules\react-dom\cjs\react-dom-client.development.js:13957
recursivelyTraversePassiveMountEffects @ C:\Users\USER\OneDrive\Desktop\PUP\node_modules\react-dom\cjs\react-dom-client.development.js:13815
commitPassiveMountOnFiber @ C:\Users\USER\OneDrive\Desktop\PUP\node_modules\react-dom\cjs\react-dom-client.development.js:13957
recursivelyTraversePassiveMountEffects @ C:\Users\USER\OneDrive\Desktop\PUP\node_modules\react-dom\cjs\react-dom-client.development.js:13815
commitPassiveMountOnFiber @ C:\Users\USER\OneDrive\Desktop\PUP\node_modules\react-dom\cjs\react-dom-client.development.js:13957
recursivelyTraversePassiveMountEffects @ C:\Users\USER\OneDrive\Desktop\PUP\node_modules\react-dom\cjs\react-dom-client.development.js:13815
commitPassiveMountOnFiber @ C:\Users\USER\OneDrive\Desktop\PUP\node_modules\react-dom\cjs\react-dom-client.development.js:13834
recursivelyTraversePassiveMountEffects @ C:\Users\USER\OneDrive\Desktop\PUP\node_modules\react-dom\cjs\react-dom-client.development.js:13815
commitPassiveMountOnFiber @ C:\Users\USER\OneDrive\Desktop\PUP\node_modules\react-dom\cjs\react-dom-client.development.js:13957
recursivelyTraversePassiveMountEffects @ C:\Users\USER\OneDrive\Desktop\PUP\node_modules\react-dom\cjs\react-dom-client.development.js:13815
commitPassiveMountOnFiber @ C:\Users\USER\OneDrive\Desktop\PUP\node_modules\react-dom\cjs\react-dom-client.development.js:13957
recursivelyTraversePassiveMountEffects @ C:\Users\USER\OneDrive\Desktop\PUP\node_modules\react-dom\cjs\react-dom-client.development.js:13815
commitPassiveMountOnFiber @ C:\Users\USER\OneDrive\Desktop\PUP\node_modules\react-dom\cjs\react-dom-client.development.js:13957
recursivelyTraversePassiveMountEffects @ C:\Users\USER\OneDrive\Desktop\PUP\node_modules\react-dom\cjs\react-dom-client.development.js:13815
commitPassiveMountOnFiber @ C:\Users\USER\OneDrive\Desktop\PUP\node_modules\react-dom\cjs\react-dom-client.development.js:13834
recursivelyTraversePassiveMountEffects @ C:\Users\USER\OneDrive\Desktop\PUP\node_modules\react-dom\cjs\react-dom-client.development.js:13815
commitPassiveMountOnFiber @ C:\Users\USER\OneDrive\Desktop\PUP\node_modules\react-dom\cjs\react-dom-client.development.js:13957
recursivelyTraversePassiveMountEffects @ C:\Users\USER\OneDrive\Desktop\PUP\node_modules\react-dom\cjs\react-dom-client.development.js:13815
commitPassiveMountOnFiber @ C:\Users\USER\OneDrive\Desktop\PUP\node_modules\react-dom\cjs\react-dom-client.development.js:13957
recursivelyTraversePassiveMountEffects @ C:\Users\USER\OneDrive\Desktop\PUP\node_modules\react-dom\cjs\react-dom-client.development.js:13815
commitPassiveMountOnFiber @ C:\Users\USER\OneDrive\Desktop\PUP\node_modules\react-dom\cjs\react-dom-client.development.js:13834
recursivelyTraversePassiveMountEffects @ C:\Users\USER\OneDrive\Desktop\PUP\node_modules\react-dom\cjs\react-dom-client.development.js:13815
commitPassiveMountOnFiber @ C:\Users\USER\OneDrive\Desktop\PUP\node_modules\react-dom\cjs\react-dom-client.development.js:13957
recursivelyTraversePassiveMountEffects @ C:\Users\USER\OneDrive\Desktop\PUP\node_modules\react-dom\cjs\react-dom-client.development.js:13815
commitPassiveMountOnFiber @ C:\Users\USER\OneDrive\Desktop\PUP\node_modules\react-dom\cjs\react-dom-client.development.js:13957
recursivelyTraversePassiveMountEffects @ C:\Users\USER\OneDrive\Desktop\PUP\node_modules\react-dom\cjs\react-dom-client.development.js:13815
commitPassiveMountOnFiber @ C:\Users\USER\OneDrive\Desktop\PUP\node_modules\react-dom\cjs\react-dom-client.development.js:13834
recursivelyTraversePassiveMountEffects @ C:\Users\USER\OneDrive\Desktop\PUP\node_modules\react-dom\cjs\react-dom-client.development.js:13815
commitPassiveMountOnFiber @ C:\Users\USER\OneDrive\Desktop\PUP\node_modules\react-dom\cjs\react-dom-client.development.js:13957
recursivelyTraversePassiveMountEffects @ C:\Users\USER\OneDrive\Desktop\PUP\node_modules\react-dom\cjs\react-dom-client.development.js:13815
commitPassiveMountOnFiber @ C:\Users\USER\OneDrive\Desktop\PUP\node_modules\react-dom\cjs\react-dom-client.development.js:13957
recursivelyTraversePassiveMountEffects @ C:\Users\USER\OneDrive\Desktop\PUP\node_modules\react-dom\cjs\react-dom-client.development.js:13815
commitPassiveMountOnFiber @ C:\Users\USER\OneDrive\Desktop\PUP\node_modules\react-dom\cjs\react-dom-client.development.js:13834
recursivelyTraversePassiveMountEffects @ C:\Users\USER\OneDrive\Desktop\PUP\node_modules\react-dom\cjs\react-dom-client.development.js:13815
commitPassiveMountOnFiber @ C:\Users\USER\OneDrive\Desktop\PUP\node_modules\react-dom\cjs\react-dom-client.development.js:13834
recursivelyTraversePassiveMountEffects @ C:\Users\USER\OneDrive\Desktop\PUP\node_modules\react-dom\cjs\react-dom-client.development.js:13815
commitPassiveMountOnFiber @ C:\Users\USER\OneDrive\Desktop\PUP\node_modules\react-dom\cjs\react-dom-client.development.js:13834
recursivelyTraversePassiveMountEffects @ C:\Users\USER\OneDrive\Desktop\PUP\node_modules\react-dom\cjs\react-dom-client.development.js:13815
commitPassiveMountOnFiber @ C:\Users\USER\OneDrive\Desktop\PUP\node_modules\react-dom\cjs\react-dom-client.development.js:13834
recursivelyTraversePassiveMountEffects @ C:\Users\USER\OneDrive\Desktop\PUP\node_modules\react-dom\cjs\react-dom-client.development.js:13815
commitPassiveMountOnFiber @ C:\Users\USER\OneDrive\Desktop\PUP\node_modules\react-dom\cjs\react-dom-client.development.js:13957
recursivelyTraversePassiveMountEffects @ C:\Users\USER\OneDrive\Desktop\PUP\node_modules\react-dom\cjs\react-dom-client.development.js:13815
commitPassiveMountOnFiber @ C:\Users\USER\OneDrive\Desktop\PUP\node_modules\react-dom\cjs\react-dom-client.development.js:13834
recursivelyTraversePassiveMountEffects @ C:\Users\USER\OneDrive\Desktop\PUP\node_modules\react-dom\cjs\react-dom-client.development.js:13815
commitPassiveMountOnFiber @ C:\Users\USER\OneDrive\Desktop\PUP\node_modules\react-dom\cjs\react-dom-client.development.js:13834
recursivelyTraversePassiveMountEffects @ C:\Users\USER\OneDrive\Desktop\PUP\node_modules\react-dom\cjs\react-dom-client.development.js:13815
commitPassiveMountOnFiber @ C:\Users\USER\OneDrive\Desktop\PUP\node_modules\react-dom\cjs\react-dom-client.development.js:13928
recursivelyTraversePassiveMountEffects @ C:\Users\USER\OneDrive\Desktop\PUP\node_modules\react-dom\cjs\react-dom-client.development.js:13815
commitPassiveMountOnFiber @ C:\Users\USER\OneDrive\Desktop\PUP\node_modules\react-dom\cjs\react-dom-client.development.js:13903
recursivelyTraversePassiveMountEffects @ C:\Users\USER\OneDrive\Desktop\PUP\node_modules\react-dom\cjs\react-dom-client.development.js:13815
commitPassiveMountOnFiber @ C:\Users\USER\OneDrive\Desktop\PUP\node_modules\react-dom\cjs\react-dom-client.development.js:13957
recursivelyTraversePassiveMountEffects @ C:\Users\USER\OneDrive\Desktop\PUP\node_modules\react-dom\cjs\react-dom-client.development.js:13815
commitPassiveMountOnFiber @ C:\Users\USER\OneDrive\Desktop\PUP\node_modules\react-dom\cjs\react-dom-client.development.js:13957
recursivelyTraversePassiveMountEffects @ C:\Users\USER\OneDrive\Desktop\PUP\node_modules\react-dom\cjs\react-dom-client.development.js:13815
commitPassiveMountOnFiber @ C:\Users\USER\OneDrive\Desktop\PUP\node_modules\react-dom\cjs\react-dom-client.development.js:13834
recursivelyTraversePassiveMountEffects @ C:\Users\USER\OneDrive\Desktop\PUP\node_modules\react-dom\cjs\react-dom-client.development.js:13815
commitPassiveMountOnFiber @ C:\Users\USER\OneDrive\Desktop\PUP\node_modules\react-dom\cjs\react-dom-client.development.js:13834
recursivelyTraversePassiveMountEffects @ C:\Users\USER\OneDrive\Desktop\PUP\node_modules\react-dom\cjs\react-dom-client.development.js:13815
commitPassiveMountOnFiber @ C:\Users\USER\OneDrive\Desktop\PUP\node_modules\react-dom\cjs\react-dom-client.development.js:13834
recursivelyTraversePassiveMountEffects @ C:\Users\USER\OneDrive\Desktop\PUP\node_modules\react-dom\cjs\react-dom-client.development.js:13815
commitPassiveMountOnFiber @ C:\Users\USER\OneDrive\Desktop\PUP\node_modules\react-dom\cjs\react-dom-client.development.js:13957
recursivelyTraversePassiveMountEffects @ C:\Users\USER\OneDrive\Desktop\PUP\node_modules\react-dom\cjs\react-dom-client.development.js:13815
commitPassiveMountOnFiber @ C:\Users\USER\OneDrive\Desktop\PUP\node_modules\react-dom\cjs\react-dom-client.development.js:13957
recursivelyTraversePassiveMountEffects @ C:\Users\USER\OneDrive\Desktop\PUP\node_modules\react-dom\cjs\react-dom-client.development.js:13815
commitPassiveMountOnFiber @ C:\Users\USER\OneDrive\Desktop\PUP\node_modules\react-dom\cjs\react-dom-client.development.js:13834
<HomeScreen(./(tabs)/index.tsx)>
exports.jsxDEV @ C:\Users\USER\OneDrive\Desktop\PUP\node_modules\react\cjs\react-jsx-dev-runtime.development.js:346
BaseRoute @ C:\Users\USER\OneDrive\Desktop\PUP\node_modules\expo-router\build\useScreens.js:213
react-stack-bottom-frame @ C:\Users\USER\OneDrive\Desktop\PUP\node_modules\react-dom\cjs\react-dom-client.development.js:23863
renderWithHooks @ C:\Users\USER\OneDrive\Desktop\PUP\node_modules\react-dom\cjs\react-dom-client.development.js:5529
updateFunctionComponent @ C:\Users\USER\OneDrive\Desktop\PUP\node_modules\react-dom\cjs\react-dom-client.development.js:8897
beginWork @ C:\Users\USER\OneDrive\Desktop\PUP\node_modules\react-dom\cjs\react-dom-client.development.js:10522
runWithFiberInDEV @ C:\Users\USER\OneDrive\Desktop\PUP\node_modules\react-dom\cjs\react-dom-client.development.js:1519
performUnitOfWork @ C:\Users\USER\OneDrive\Desktop\PUP\node_modules\react-dom\cjs\react-dom-client.development.js:15132
workLoopSync @ C:\Users\USER\OneDrive\Desktop\PUP\node_modules\react-dom\cjs\react-dom-client.development.js:14956
renderRootSync @ C:\Users\USER\OneDrive\Desktop\PUP\node_modules\react-dom\cjs\react-dom-client.development.js:14936
performWorkOnRoot @ C:\Users\USER\OneDrive\Desktop\PUP\node_modules\react-dom\cjs\react-dom-client.development.js:14419
performSyncWorkOnRoot @ C:\Users\USER\OneDrive\Desktop\PUP\node_modules\react-dom\cjs\react-dom-client.development.js:16231
flushSyncWorkAcrossRoots_impl @ C:\Users\USER\OneDrive\Desktop\PUP\node_modules\react-dom\cjs\react-dom-client.development.js:16079
flushPassiveEffects @ C:\Users\USER\OneDrive\Desktop\PUP\node_modules\react-dom\cjs\react-dom-client.development.js:15749
(anonymous) @ C:\Users\USER\OneDrive\Desktop\PUP\node_modules\react-dom\cjs\react-dom-client.development.js:15379
performWorkUntilDeadline @ C:\Users\USER\OneDrive\Desktop\PUP\node_modules\scheduler\cjs\scheduler.development.js:45
<Route(index)>
exports.jsx @ C:\Users\USER\OneDrive\Desktop\PUP\node_modules\react\cjs\react-jsx-runtime.development.js:339
SceneView @ C:\Users\USER\OneDrive\Desktop\PUP\node_modules\@react-navigation\core\lib\module\SceneView.js:125
react-stack-bottom-frame @ C:\Users\USER\OneDrive\Desktop\PUP\node_modules\react-dom\cjs\react-dom-client.development.js:23863
renderWithHooks @ C:\Users\USER\OneDrive\Desktop\PUP\node_modules\react-dom\cjs\react-dom-client.development.js:5529
updateFunctionComponent @ C:\Users\USER\OneDrive\Desktop\PUP\node_modules\react-dom\cjs\react-dom-client.development.js:8897
beginWork @ C:\Users\USER\OneDrive\Desktop\PUP\node_modules\react-dom\cjs\react-dom-client.development.js:10522
runWithFiberInDEV @ C:\Users\USER\OneDrive\Desktop\PUP\node_modules\react-dom\cjs\react-dom-client.development.js:1519
performUnitOfWork @ C:\Users\USER\OneDrive\Desktop\PUP\node_modules\react-dom\cjs\react-dom-client.development.js:15132
workLoopSync @ C:\Users\USER\OneDrive\Desktop\PUP\node_modules\react-dom\cjs\react-dom-client.development.js:14956
renderRootSync @ C:\Users\USER\OneDrive\Desktop\PUP\node_modules\react-dom\cjs\react-dom-client.development.js:14936
performWorkOnRoot @ C:\Users\USER\OneDrive\Desktop\PUP\node_modules\react-dom\cjs\react-dom-client.development.js:14419
performSyncWorkOnRoot @ C:\Users\USER\OneDrive\Desktop\PUP\node_modules\react-dom\cjs\react-dom-client.development.js:16231
flushSyncWorkAcrossRoots_impl @ C:\Users\USER\OneDrive\Desktop\PUP\node_modules\react-dom\cjs\react-dom-client.development.js:16079
flushPassiveEffects @ C:\Users\USER\OneDrive\Desktop\PUP\node_modules\react-dom\cjs\react-dom-client.development.js:15749
(anonymous) @ C:\Users\USER\OneDrive\Desktop\PUP\node_modules\react-dom\cjs\react-dom-client.development.js:15379
performWorkUntilDeadline @ C:\Users\USER\OneDrive\Desktop\PUP\node_modules\scheduler\cjs\scheduler.development.js:45
<SceneView>
exports.jsx @ C:\Users\USER\OneDrive\Desktop\PUP\node_modules\react\cjs\react-jsx-runtime.development.js:339
render @ C:\Users\USER\OneDrive\Desktop\PUP\node_modules\@react-navigation\core\lib\module\useDescriptors.js:108
(anonymous) @ C:\Users\USER\OneDrive\Desktop\PUP\node_modules\@react-navigation\core\lib\module\useDescriptors.js:140
useDescriptors @ C:\Users\USER\OneDrive\Desktop\PUP\node_modules\@react-navigation\core\lib\module\useDescriptors.js:137
useNavigationBuilder @ C:\Users\USER\OneDrive\Desktop\PUP\node_modules\@react-navigation\core\lib\module\useNavigationBuilder.js:562
BottomTabNavigator @ C:\Users\USER\OneDrive\Desktop\PUP\node_modules\@react-navigation\bottom-tabs\lib\module\navigators\createBottomTabNavigator.js:24
react-stack-bottom-frame @ C:\Users\USER\OneDrive\Desktop\PUP\node_modules\react-dom\cjs\react-dom-client.development.js:23863
renderWithHooks @ C:\Users\USER\OneDrive\Desktop\PUP\node_modules\react-dom\cjs\react-dom-client.development.js:5529
updateFunctionComponent @ C:\Users\USER\OneDrive\Desktop\PUP\node_modules\react-dom\cjs\react-dom-client.development.js:8897
beginWork @ C:\Users\USER\OneDrive\Desktop\PUP\node_modules\react-dom\cjs\react-dom-client.development.js:10522
runWithFiberInDEV @ C:\Users\USER\OneDrive\Desktop\PUP\node_modules\react-dom\cjs\react-dom-client.development.js:1519
performUnitOfWork @ C:\Users\USER\OneDrive\Desktop\PUP\node_modules\react-dom\cjs\react-dom-client.development.js:15132
workLoopSync @ C:\Users\USER\OneDrive\Desktop\PUP\node_modules\react-dom\cjs\react-dom-client.development.js:14956
renderRootSync @ C:\Users\USER\OneDrive\Desktop\PUP\node_modules\react-dom\cjs\react-dom-client.development.js:14936
performWorkOnRoot @ C:\Users\USER\OneDrive\Desktop\PUP\node_modules\react-dom\cjs\react-dom-client.development.js:14419
performSyncWorkOnRoot @ C:\Users\USER\OneDrive\Desktop\PUP\node_modules\react-dom\cjs\react-dom-client.development.js:16231
flushSyncWorkAcrossRoots_impl @ C:\Users\USER\OneDrive\Desktop\PUP\node_modules\react-dom\cjs\react-dom-client.development.js:16079
flushPassiveEffects @ C:\Users\USER\OneDrive\Desktop\PUP\node_modules\react-dom\cjs\react-dom-client.development.js:15749
(anonymous) @ C:\Users\USER\OneDrive\Desktop\PUP\node_modules\react-dom\cjs\react-dom-client.development.js:15379
performWorkUntilDeadline @ C:\Users\USER\OneDrive\Desktop\PUP\node_modules\scheduler\cjs\scheduler.development.js:45
<BottomTabNavigator>
exports.jsxDEV @ C:\Users\USER\OneDrive\Desktop\PUP\node_modules\react\cjs\react-jsx-dev-runtime.development.js:346
(anonymous) @ C:\Users\USER\OneDrive\Desktop\PUP\node_modules\expo-router\build\layouts\withLayoutContext.js:156
react-stack-bottom-frame @ C:\Users\USER\OneDrive\Desktop\PUP\node_modules\react-dom\cjs\react-dom-client.development.js:23863
renderWithHooks @ C:\Users\USER\OneDrive\Desktop\PUP\node_modules\react-dom\cjs\react-dom-client.development.js:5529
updateForwardRef @ C:\Users\USER\OneDrive\Desktop\PUP\node_modules\react-dom\cjs\react-dom-client.development.js:8645
beginWork @ C:\Users\USER\OneDrive\Desktop\PUP\node_modules\react-dom\cjs\react-dom-client.development.js:10861
runWithFiberInDEV @ C:\Users\USER\OneDrive\Desktop\PUP\node_modules\react-dom\cjs\react-dom-client.development.js:1519
performUnitOfWork @ C:\Users\USER\OneDrive\Desktop\PUP\node_modules\react-dom\cjs\react-dom-client.development.js:15132
workLoopSync @ C:\Users\USER\OneDrive\Desktop\PUP\node_modules\react-dom\cjs\react-dom-client.development.js:14956
renderRootSync @ C:\Users\USER\OneDrive\Desktop\PUP\node_modules\react-dom\cjs\react-dom-client.development.js:14936
performWorkOnRoot @ C:\Users\USER\OneDrive\Desktop\PUP\node_modules\react-dom\cjs\react-dom-client.development.js:14419
performSyncWorkOnRoot @ C:\Users\USER\OneDrive\Desktop\PUP\node_modules\react-dom\cjs\react-dom-client.development.js:16231
flushSyncWorkAcrossRoots_impl @ C:\Users\USER\OneDrive\Desktop\PUP\node_modules\react-dom\cjs\react-dom-client.development.js:16079
flushPassiveEffects @ C:\Users\USER\OneDrive\Desktop\PUP\node_modules\react-dom\cjs\react-dom-client.development.js:15749
(anonymous) @ C:\Users\USER\OneDrive\Desktop\PUP\node_modules\react-dom\cjs\react-dom-client.development.js:15379
performWorkUntilDeadline @ C:\Users\USER\OneDrive\Desktop\PUP\node_modules\scheduler\cjs\scheduler.development.js:45
<ForwardRef>
exports.jsxDEV @ C:\Users\USER\OneDrive\Desktop\PUP\node_modules\react\cjs\react-jsx-dev-runtime.development.js:346
Object.assign.Screen @ C:\Users\USER\OneDrive\Desktop\PUP\node_modules\expo-router\build\layouts\TabsClient.js:46
react-stack-bottom-frame @ C:\Users\USER\OneDrive\Desktop\PUP\node_modules\react-dom\cjs\react-dom-client.development.js:23863
renderWithHooks @ C:\Users\USER\OneDrive\Desktop\PUP\node_modules\react-dom\cjs\react-dom-client.development.js:5529
updateFunctionComponent @ C:\Users\USER\OneDrive\Desktop\PUP\node_modules\react-dom\cjs\react-dom-client.development.js:8897
beginWork @ C:\Users\USER\OneDrive\Desktop\PUP\node_modules\react-dom\cjs\react-dom-client.development.js:10522
runWithFiberInDEV @ C:\Users\USER\OneDrive\Desktop\PUP\node_modules\react-dom\cjs\react-dom-client.development.js:1519
performUnitOfWork @ C:\Users\USER\OneDrive\Desktop\PUP\node_modules\react-dom\cjs\react-dom-client.development.js:15132
workLoopSync @ C:\Users\USER\OneDrive\Desktop\PUP\node_modules\react-dom\cjs\react-dom-client.development.js:14956
renderRootSync @ C:\Users\USER\OneDrive\Desktop\PUP\node_modules\react-dom\cjs\react-dom-client.development.js:14936
performWorkOnRoot @ C:\Users\USER\OneDrive\Desktop\PUP\node_modules\react-dom\cjs\react-dom-client.development.js:14419
performSyncWorkOnRoot @ C:\Users\USER\OneDrive\Desktop\PUP\node_modules\react-dom\cjs\react-dom-client.development.js:16231
flushSyncWorkAcrossRoots_impl @ C:\Users\USER\OneDrive\Desktop\PUP\node_modules\react-dom\cjs\react-dom-client.development.js:16079
flushPassiveEffects @ C:\Users\USER\OneDrive\Desktop\PUP\node_modules\react-dom\cjs\react-dom-client.development.js:15749
(anonymous) @ C:\Users\USER\OneDrive\Desktop\PUP\node_modules\react-dom\cjs\react-dom-client.development.js:15379
performWorkUntilDeadline @ C:\Users\USER\OneDrive\Desktop\PUP\node_modules\scheduler\cjs\scheduler.development.js:45
<...>
exports.jsxDEV @ C:\Users\USER\OneDrive\Desktop\PUP\node_modules\react\cjs\react-jsx-dev-runtime.development.js:346
TabLayout @ C:\Users\USER\OneDrive\Desktop\PUP\app\(tabs)\_layout.tsx:6
react-stack-bottom-frame @ C:\Users\USER\OneDrive\Desktop\PUP\node_modules\react-dom\cjs\react-dom-client.development.js:23863
renderWithHooks @ C:\Users\USER\OneDrive\Desktop\PUP\node_modules\react-dom\cjs\react-dom-client.development.js:5529
updateFunctionComponent @ C:\Users\USER\OneDrive\Desktop\PUP\node_modules\react-dom\cjs\react-dom-client.development.js:8897
beginWork @ C:\Users\USER\OneDrive\Desktop\PUP\node_modules\react-dom\cjs\react-dom-client.development.js:10522
runWithFiberInDEV @ C:\Users\USER\OneDrive\Desktop\PUP\node_modules\react-dom\cjs\react-dom-client.development.js:1519
performUnitOfWork @ C:\Users\USER\OneDrive\Desktop\PUP\node_modules\react-dom\cjs\react-dom-client.development.js:15132
workLoopSync @ C:\Users\USER\OneDrive\Desktop\PUP\node_modules\react-dom\cjs\react-dom-client.development.js:14956
renderRootSync @ C:\Users\USER\OneDrive\Desktop\PUP\node_modules\react-dom\cjs\react-dom-client.development.js:14936
performWorkOnRoot @ C:\Users\USER\OneDrive\Desktop\PUP\node_modules\react-dom\cjs\react-dom-client.development.js:14419
performSyncWorkOnRoot @ C:\Users\USER\OneDrive\Desktop\PUP\node_modules\react-dom\cjs\react-dom-client.development.js:16231
flushSyncWorkAcrossRoots_impl @ C:\Users\USER\OneDrive\Desktop\PUP\node_modules\react-dom\cjs\react-dom-client.development.js:16079
flushPassiveEffects @ C:\Users\USER\OneDrive\Desktop\PUP\node_modules\react-dom\cjs\react-dom-client.development.js:15749
(anonymous) @ C:\Users\USER\OneDrive\Desktop\PUP\node_modules\react-dom\cjs\react-dom-client.development.js:15379
performWorkUntilDeadline @ C:\Users\USER\OneDrive\Desktop\PUP\node_modules\scheduler\cjs\scheduler.development.js:45
<TabLayout(./(tabs)/_layout.tsx)>
exports.jsxDEV @ C:\Users\USER\OneDrive\Desktop\PUP\node_modules\react\cjs\react-jsx-dev-runtime.development.js:346
BaseRoute @ C:\Users\USER\OneDrive\Desktop\PUP\node_modules\expo-router\build\useScreens.js:213
react-stack-bottom-frame @ C:\Users\USER\OneDrive\Desktop\PUP\node_modules\react-dom\cjs\react-dom-client.development.js:23863
renderWithHooks @ C:\Users\USER\OneDrive\Desktop\PUP\node_modules\react-dom\cjs\react-dom-client.development.js:5529
updateFunctionComponent @ C:\Users\USER\OneDrive\Desktop\PUP\node_modules\react-dom\cjs\react-dom-client.development.js:8897
beginWork @ C:\Users\USER\OneDrive\Desktop\PUP\node_modules\react-dom\cjs\react-dom-client.development.js:10522
runWithFiberInDEV @ C:\Users\USER\OneDrive\Desktop\PUP\node_modules\react-dom\cjs\react-dom-client.development.js:1519
performUnitOfWork @ C:\Users\USER\OneDrive\Desktop\PUP\node_modules\react-dom\cjs\react-dom-client.development.js:15132
workLoopSync @ C:\Users\USER\OneDrive\Desktop\PUP\node_modules\react-dom\cjs\react-dom-client.development.js:14956
renderRootSync @ C:\Users\USER\OneDrive\Desktop\PUP\node_modules\react-dom\cjs\react-dom-client.development.js:14936
performWorkOnRoot @ C:\Users\USER\OneDrive\Desktop\PUP\node_modules\react-dom\cjs\react-dom-client.development.js:14419
performSyncWorkOnRoot @ C:\Users\USER\OneDrive\Desktop\PUP\node_modules\react-dom\cjs\react-dom-client.development.js:16231
flushSyncWorkAcrossRoots_impl @ C:\Users\USER\OneDrive\Desktop\PUP\node_modules\react-dom\cjs\react-dom-client.development.js:16079
flushPassiveEffects @ C:\Users\USER\OneDrive\Desktop\PUP\node_modules\react-dom\cjs\react-dom-client.development.js:15749
(anonymous) @ C:\Users\USER\OneDrive\Desktop\PUP\node_modules\react-dom\cjs\react-dom-client.development.js:15379
performWorkUntilDeadline @ C:\Users\USER\OneDrive\Desktop\PUP\node_modules\scheduler\cjs\scheduler.development.js:45
<Route((tabs))>
exports.jsx @ C:\Users\USER\OneDrive\Desktop\PUP\node_modules\react\cjs\react-jsx-runtime.development.js:339
SceneView @ C:\Users\USER\OneDrive\Desktop\PUP\node_modules\@react-navigation\core\lib\module\SceneView.js:125
react-stack-bottom-frame @ C:\Users\USER\OneDrive\Desktop\PUP\node_modules\react-dom\cjs\react-dom-client.development.js:23863
renderWithHooks @ C:\Users\USER\OneDrive\Desktop\PUP\node_modules\react-dom\cjs\react-dom-client.development.js:5529
updateFunctionComponent @ C:\Users\USER\OneDrive\Desktop\PUP\node_modules\react-dom\cjs\react-dom-client.development.js:8897
beginWork @ C:\Users\USER\OneDrive\Desktop\PUP\node_modules\react-dom\cjs\react-dom-client.development.js:10522
runWithFiberInDEV @ C:\Users\USER\OneDrive\Desktop\PUP\node_modules\react-dom\cjs\react-dom-client.development.js:1519
performUnitOfWork @ C:\Users\USER\OneDrive\Desktop\PUP\node_modules\react-dom\cjs\react-dom-client.development.js:15132
workLoopSync @ C:\Users\USER\OneDrive\Desktop\PUP\node_modules\react-dom\cjs\react-dom-client.development.js:14956
renderRootSync @ C:\Users\USER\OneDrive\Desktop\PUP\node_modules\react-dom\cjs\react-dom-client.development.js:14936
performWorkOnRoot @ C:\Users\USER\OneDrive\Desktop\PUP\node_modules\react-dom\cjs\react-dom-client.development.js:14419
performSyncWorkOnRoot @ C:\Users\USER\OneDrive\Desktop\PUP\node_modules\react-dom\cjs\react-dom-client.development.js:16231
flushSyncWorkAcrossRoots_impl @ C:\Users\USER\OneDrive\Desktop\PUP\node_modules\react-dom\cjs\react-dom-client.development.js:16079
flushPassiveEffects @ C:\Users\USER\OneDrive\Desktop\PUP\node_modules\react-dom\cjs\react-dom-client.development.js:15749
(anonymous) @ C:\Users\USER\OneDrive\Desktop\PUP\node_modules\react-dom\cjs\react-dom-client.development.js:15379
performWorkUntilDeadline @ C:\Users\USER\OneDrive\Desktop\PUP\node_modules\scheduler\cjs\scheduler.development.js:45
<SceneView>
exports.jsx @ C:\Users\USER\OneDrive\Desktop\PUP\node_modules\react\cjs\react-jsx-runtime.development.js:339
render @ C:\Users\USER\OneDrive\Desktop\PUP\node_modules\@react-navigation\core\lib\module\useDescriptors.js:108
(anonymous) @ C:\Users\USER\OneDrive\Desktop\PUP\node_modules\@react-navigation\core\lib\module\useDescriptors.js:140
useDescriptors @ C:\Users\USER\OneDrive\Desktop\PUP\node_modules\@react-navigation\core\lib\module\useDescriptors.js:137
useNavigationBuilder @ C:\Users\USER\OneDrive\Desktop\PUP\node_modules\@react-navigation\core\lib\module\useNavigationBuilder.js:562
SlotNavigator @ C:\Users\USER\OneDrive\Desktop\PUP\node_modules\expo-router\build\views\Navigator.js:107
react-stack-bottom-frame @ C:\Users\USER\OneDrive\Desktop\PUP\node_modules\react-dom\cjs\react-dom-client.development.js:23863
renderWithHooks @ C:\Users\USER\OneDrive\Desktop\PUP\node_modules\react-dom\cjs\react-dom-client.development.js:5529
updateFunctionComponent @ C:\Users\USER\OneDrive\Desktop\PUP\node_modules\react-dom\cjs\react-dom-client.development.js:8897
beginWork @ C:\Users\USER\OneDrive\Desktop\PUP\node_modules\react-dom\cjs\react-dom-client.development.js:10522
runWithFiberInDEV @ C:\Users\USER\OneDrive\Desktop\PUP\node_modules\react-dom\cjs\react-dom-client.development.js:1519
performUnitOfWork @ C:\Users\USER\OneDrive\Desktop\PUP\node_modules\react-dom\cjs\react-dom-client.development.js:15132
workLoopSync @ C:\Users\USER\OneDrive\Desktop\PUP\node_modules\react-dom\cjs\react-dom-client.development.js:14956
renderRootSync @ C:\Users\USER\OneDrive\Desktop\PUP\node_modules\react-dom\cjs\react-dom-client.development.js:14936
performWorkOnRoot @ C:\Users\USER\OneDrive\Desktop\PUP\node_modules\react-dom\cjs\react-dom-client.development.js:14419
performSyncWorkOnRoot @ C:\Users\USER\OneDrive\Desktop\PUP\node_modules\react-dom\cjs\react-dom-client.development.js:16231
flushSyncWorkAcrossRoots_impl @ C:\Users\USER\OneDrive\Desktop\PUP\node_modules\react-dom\cjs\react-dom-client.development.js:16079
flushPassiveEffects @ C:\Users\USER\OneDrive\Desktop\PUP\node_modules\react-dom\cjs\react-dom-client.development.js:15749
(anonymous) @ C:\Users\USER\OneDrive\Desktop\PUP\node_modules\react-dom\cjs\react-dom-client.development.js:15379
performWorkUntilDeadline @ C:\Users\USER\OneDrive\Desktop\PUP\node_modules\scheduler\cjs\scheduler.development.js:45
<SlotNavigator>
exports.jsxDEV @ C:\Users\USER\OneDrive\Desktop\PUP\node_modules\react\cjs\react-jsx-dev-runtime.development.js:346
Slot @ C:\Users\USER\OneDrive\Desktop\PUP\node_modules\expo-router\build\views\Navigator.js:130
react-stack-bottom-frame @ C:\Users\USER\OneDrive\Desktop\PUP\node_modules\react-dom\cjs\react-dom-client.development.js:23863
renderWithHooks @ C:\Users\USER\OneDrive\Desktop\PUP\node_modules\react-dom\cjs\react-dom-client.development.js:5529
updateFunctionComponent @ C:\Users\USER\OneDrive\Desktop\PUP\node_modules\react-dom\cjs\react-dom-client.development.js:8897
beginWork @ C:\Users\USER\OneDrive\Desktop\PUP\node_modules\react-dom\cjs\react-dom-client.development.js:10522
runWithFiberInDEV @ C:\Users\USER\OneDrive\Desktop\PUP\node_modules\react-dom\cjs\react-dom-client.development.js:1519
performUnitOfWork @ C:\Users\USER\OneDrive\Desktop\PUP\node_modules\react-dom\cjs\react-dom-client.development.js:15132
workLoopConcurrentByScheduler @ C:\Users\USER\OneDrive\Desktop\PUP\node_modules\react-dom\cjs\react-dom-client.development.js:15126
renderRootConcurrent @ C:\Users\USER\OneDrive\Desktop\PUP\node_modules\react-dom\cjs\react-dom-client.development.js:15101
performWorkOnRoot @ C:\Users\USER\OneDrive\Desktop\PUP\node_modules\react-dom\cjs\react-dom-client.development.js:14418
performWorkOnRootViaSchedulerTask @ C:\Users\USER\OneDrive\Desktop\PUP\node_modules\react-dom\cjs\react-dom-client.development.js:16216
performWorkUntilDeadline @ C:\Users\USER\OneDrive\Desktop\PUP\node_modules\scheduler\cjs\scheduler.development.js:45
<Slot>
exports.jsxDEV @ C:\Users\USER\OneDrive\Desktop\PUP\node_modules\react\cjs\react-jsx-dev-runtime.development.js:346
RootLayout @ C:\Users\USER\OneDrive\Desktop\PUP\app\_layout.tsx:86
react-stack-bottom-frame @ C:\Users\USER\OneDrive\Desktop\PUP\node_modules\react-dom\cjs\react-dom-client.development.js:23863
renderWithHooks @ C:\Users\USER\OneDrive\Desktop\PUP\node_modules\react-dom\cjs\react-dom-client.development.js:5529
updateFunctionComponent @ C:\Users\USER\OneDrive\Desktop\PUP\node_modules\react-dom\cjs\react-dom-client.development.js:8897
beginWork @ C:\Users\USER\OneDrive\Desktop\PUP\node_modules\react-dom\cjs\react-dom-client.development.js:10522
runWithFiberInDEV @ C:\Users\USER\OneDrive\Desktop\PUP\node_modules\react-dom\cjs\react-dom-client.development.js:1519
performUnitOfWork @ C:\Users\USER\OneDrive\Desktop\PUP\node_modules\react-dom\cjs\react-dom-client.development.js:15132
workLoopConcurrentByScheduler @ C:\Users\USER\OneDrive\Desktop\PUP\node_modules\react-dom\cjs\react-dom-client.development.js:15126
renderRootConcurrent @ C:\Users\USER\OneDrive\Desktop\PUP\node_modules\react-dom\cjs\react-dom-client.development.js:15101
performWorkOnRoot @ C:\Users\USER\OneDrive\Desktop\PUP\node_modules\react-dom\cjs\react-dom-client.development.js:14418
performWorkOnRootViaSchedulerTask @ C:\Users\USER\OneDrive\Desktop\PUP\node_modules\react-dom\cjs\react-dom-client.development.js:16216
performWorkUntilDeadline @ C:\Users\USER\OneDrive\Desktop\PUP\node_modules\scheduler\cjs\scheduler.development.js:45
<RootLayout(./_layout.tsx)>
exports.jsxDEV @ C:\Users\USER\OneDrive\Desktop\PUP\node_modules\react\cjs\react-jsx-dev-runtime.development.js:346
BaseRoute @ C:\Users\USER\OneDrive\Desktop\PUP\node_modules\expo-router\build\useScreens.js:213
react-stack-bottom-frame @ C:\Users\USER\OneDrive\Desktop\PUP\node_modules\react-dom\cjs\react-dom-client.development.js:23863
renderWithHooks @ C:\Users\USER\OneDrive\Desktop\PUP\node_modules\react-dom\cjs\react-dom-client.development.js:5529
updateFunctionComponent @ C:\Users\USER\OneDrive\Desktop\PUP\node_modules\react-dom\cjs\react-dom-client.development.js:8897
beginWork @ C:\Users\USER\OneDrive\Desktop\PUP\node_modules\react-dom\cjs\react-dom-client.development.js:10522
runWithFiberInDEV @ C:\Users\USER\OneDrive\Desktop\PUP\node_modules\react-dom\cjs\react-dom-client.development.js:1519
performUnitOfWork @ C:\Users\USER\OneDrive\Desktop\PUP\node_modules\react-dom\cjs\react-dom-client.development.js:15132
workLoopConcurrentByScheduler @ C:\Users\USER\OneDrive\Desktop\PUP\node_modules\react-dom\cjs\react-dom-client.development.js:15126
renderRootConcurrent @ C:\Users\USER\OneDrive\Desktop\PUP\node_modules\react-dom\cjs\react-dom-client.development.js:15101
performWorkOnRoot @ C:\Users\USER\OneDrive\Desktop\PUP\node_modules\react-dom\cjs\react-dom-client.development.js:14418
performWorkOnRootViaSchedulerTask @ C:\Users\USER\OneDrive\Desktop\PUP\node_modules\react-dom\cjs\react-dom-client.development.js:16216
performWorkUntilDeadline @ C:\Users\USER\OneDrive\Desktop\PUP\node_modules\scheduler\cjs\scheduler.development.js:45
<Route()>
exports.jsx @ C:\Users\USER\OneDrive\Desktop\PUP\node_modules\react\cjs\react-jsx-runtime.development.js:339
SceneView @ C:\Users\USER\OneDrive\Desktop\PUP\node_modules\@react-navigation\core\lib\module\SceneView.js:125
react-stack-bottom-frame @ C:\Users\USER\OneDrive\Desktop\PUP\node_modules\react-dom\cjs\react-dom-client.development.js:23863
renderWithHooks @ C:\Users\USER\OneDrive\Desktop\PUP\node_modules\react-dom\cjs\react-dom-client.development.js:5529
updateFunctionComponent @ C:\Users\USER\OneDrive\Desktop\PUP\node_modules\react-dom\cjs\react-dom-client.development.js:8897
beginWork @ C:\Users\USER\OneDrive\Desktop\PUP\node_modules\react-dom\cjs\react-dom-client.development.js:10522
runWithFiberInDEV @ C:\Users\USER\OneDrive\Desktop\PUP\node_modules\react-dom\cjs\react-dom-client.development.js:1519
performUnitOfWork @ C:\Users\USER\OneDrive\Desktop\PUP\node_modules\react-dom\cjs\react-dom-client.development.js:15132
workLoopConcurrentByScheduler @ C:\Users\USER\OneDrive\Desktop\PUP\node_modules\react-dom\cjs\react-dom-client.development.js:15126
renderRootConcurrent @ C:\Users\USER\OneDrive\Desktop\PUP\node_modules\react-dom\cjs\react-dom-client.development.js:15101
performWorkOnRoot @ C:\Users\USER\OneDrive\Desktop\PUP\node_modules\react-dom\cjs\react-dom-client.development.js:14418
performWorkOnRootViaSchedulerTask @ C:\Users\USER\OneDrive\Desktop\PUP\node_modules\react-dom\cjs\react-dom-client.development.js:16216
performWorkUntilDeadline @ C:\Users\USER\OneDrive\Desktop\PUP\node_modules\scheduler\cjs\scheduler.development.js:45
<SceneView>
exports.jsx @ C:\Users\USER\OneDrive\Desktop\PUP\node_modules\react\cjs\react-jsx-runtime.development.js:339
render @ C:\Users\USER\OneDrive\Desktop\PUP\node_modules\@react-navigation\core\lib\module\useDescriptors.js:108
(anonymous) @ C:\Users\USER\OneDrive\Desktop\PUP\node_modules\@react-navigation\core\lib\module\useDescriptors.js:140
useDescriptors @ C:\Users\USER\OneDrive\Desktop\PUP\node_modules\@react-navigation\core\lib\module\useDescriptors.js:137
useNavigationBuilder @ C:\Users\USER\OneDrive\Desktop\PUP\node_modules\@react-navigation\core\lib\module\useNavigationBuilder.js:562
Content @ C:\Users\USER\OneDrive\Desktop\PUP\node_modules\expo-router\build\ExpoRoot.js:161
react-stack-bottom-frame @ C:\Users\USER\OneDrive\Desktop\PUP\node_modules\react-dom\cjs\react-dom-client.development.js:23863
renderWithHooks @ C:\Users\USER\OneDrive\Desktop\PUP\node_modules\react-dom\cjs\react-dom-client.development.js:5529
updateFunctionComponent @ C:\Users\USER\OneDrive\Desktop\PUP\node_modules\react-dom\cjs\react-dom-client.development.js:8897
beginWork @ C:\Users\USER\OneDrive\Desktop\PUP\node_modules\react-dom\cjs\react-dom-client.development.js:10522
runWithFiberInDEV @ C:\Users\USER\OneDrive\Desktop\PUP\node_modules\react-dom\cjs\react-dom-client.development.js:1519
performUnitOfWork @ C:\Users\USER\OneDrive\Desktop\PUP\node_modules\react-dom\cjs\react-dom-client.development.js:15132
workLoopConcurrentByScheduler @ C:\Users\USER\OneDrive\Desktop\PUP\node_modules\react-dom\cjs\react-dom-client.development.js:15126
renderRootConcurrent @ C:\Users\USER\OneDrive\Desktop\PUP\node_modules\react-dom\cjs\react-dom-client.development.js:15101
performWorkOnRoot @ C:\Users\USER\OneDrive\Desktop\PUP\node_modules\react-dom\cjs\react-dom-client.development.js:14418
performWorkOnRootViaSchedulerTask @ C:\Users\USER\OneDrive\Desktop\PUP\node_modules\react-dom\cjs\react-dom-client.development.js:16216
performWorkUntilDeadline @ C:\Users\USER\OneDrive\Desktop\PUP\node_modules\scheduler\cjs\scheduler.development.js:45
<Content>
exports.jsxDEV @ C:\Users\USER\OneDrive\Desktop\PUP\node_modules\react\cjs\react-jsx-dev-runtime.development.js:346
ContextNavigator @ C:\Users\USER\OneDrive\Desktop\PUP\node_modules\expo-router\build\ExpoRoot.js:147
react-stack-bottom-frame @ C:\Users\USER\OneDrive\Desktop\PUP\node_modules\react-dom\cjs\react-dom-client.development.js:23863
renderWithHooks @ C:\Users\USER\OneDrive\Desktop\PUP\node_modules\react-dom\cjs\react-dom-client.development.js:5529
updateFunctionComponent @ C:\Users\USER\OneDrive\Desktop\PUP\node_modules\react-dom\cjs\react-dom-client.development.js:8897
beginWork @ C:\Users\USER\OneDrive\Desktop\PUP\node_modules\react-dom\cjs\react-dom-client.development.js:10522
runWithFiberInDEV @ C:\Users\USER\OneDrive\Desktop\PUP\node_modules\react-dom\cjs\react-dom-client.development.js:1519
performUnitOfWork @ C:\Users\USER\OneDrive\Desktop\PUP\node_modules\react-dom\cjs\react-dom-client.development.js:15132
workLoopConcurrentByScheduler @ C:\Users\USER\OneDrive\Desktop\PUP\node_modules\react-dom\cjs\react-dom-client.development.js:15126
renderRootConcurrent @ C:\Users\USER\OneDrive\Desktop\PUP\node_modules\react-dom\cjs\react-dom-client.development.js:15101
performWorkOnRoot @ C:\Users\USER\OneDrive\Desktop\PUP\node_modules\react-dom\cjs\react-dom-client.development.js:14418
performWorkOnRootViaSchedulerTask @ C:\Users\USER\OneDrive\Desktop\PUP\node_modules\react-dom\cjs\react-dom-client.development.js:16216
performWorkUntilDeadline @ C:\Users\USER\OneDrive\Desktop\PUP\node_modules\scheduler\cjs\scheduler.development.js:45
<ContextNavigator>
exports.jsxDEV @ C:\Users\USER\OneDrive\Desktop\PUP\node_modules\react\cjs\react-jsx-dev-runtime.development.js:346
ExpoRoot @ C:\Users\USER\OneDrive\Desktop\PUP\node_modules\expo-router\build\ExpoRoot.js:87
react-stack-bottom-frame @ C:\Users\USER\OneDrive\Desktop\PUP\node_modules\react-dom\cjs\react-dom-client.development.js:23863
renderWithHooks @ C:\Users\USER\OneDrive\Desktop\PUP\node_modules\react-dom\cjs\react-dom-client.development.js:5529
updateFunctionComponent @ C:\Users\USER\OneDrive\Desktop\PUP\node_modules\react-dom\cjs\react-dom-client.development.js:8897
beginWork @ C:\Users\USER\OneDrive\Desktop\PUP\node_modules\react-dom\cjs\react-dom-client.development.js:10522
runWithFiberInDEV @ C:\Users\USER\OneDrive\Desktop\PUP\node_modules\react-dom\cjs\react-dom-client.development.js:1519
performUnitOfWork @ C:\Users\USER\OneDrive\Desktop\PUP\node_modules\react-dom\cjs\react-dom-client.development.js:15132
workLoopConcurrentByScheduler @ C:\Users\USER\OneDrive\Desktop\PUP\node_modules\react-dom\cjs\react-dom-client.development.js:15126
renderRootConcurrent @ C:\Users\USER\OneDrive\Desktop\PUP\node_modules\react-dom\cjs\react-dom-client.development.js:15101
performWorkOnRoot @ C:\Users\USER\OneDrive\Desktop\PUP\node_modules\react-dom\cjs\react-dom-client.development.js:14418
performWorkOnRootViaSchedulerTask @ C:\Users\USER\OneDrive\Desktop\PUP\node_modules\react-dom\cjs\react-dom-client.development.js:16216
performWorkUntilDeadline @ C:\Users\USER\OneDrive\Desktop\PUP\node_modules\scheduler\cjs\scheduler.development.js:45
<ExpoRoot>
exports.jsxDEV @ C:\Users\USER\OneDrive\Desktop\PUP\node_modules\react\cjs\react-jsx-dev-runtime.development.js:346
App @ C:\Users\USER\OneDrive\Desktop\PUP\node_modules\expo-router\build\qualified-entry.js:21
react-stack-bottom-frame @ C:\Users\USER\OneDrive\Desktop\PUP\node_modules\react-dom\cjs\react-dom-client.development.js:23863
renderWithHooks @ C:\Users\USER\OneDrive\Desktop\PUP\node_modules\react-dom\cjs\react-dom-client.development.js:5529
updateFunctionComponent @ C:\Users\USER\OneDrive\Desktop\PUP\node_modules\react-dom\cjs\react-dom-client.development.js:8897
beginWork @ C:\Users\USER\OneDrive\Desktop\PUP\node_modules\react-dom\cjs\react-dom-client.development.js:10522
runWithFiberInDEV @ C:\Users\USER\OneDrive\Desktop\PUP\node_modules\react-dom\cjs\react-dom-client.development.js:1519
performUnitOfWork @ C:\Users\USER\OneDrive\Desktop\PUP\node_modules\react-dom\cjs\react-dom-client.development.js:15132
workLoopConcurrentByScheduler @ C:\Users\USER\OneDrive\Desktop\PUP\node_modules\react-dom\cjs\react-dom-client.development.js:15126
renderRootConcurrent @ C:\Users\USER\OneDrive\Desktop\PUP\node_modules\react-dom\cjs\react-dom-client.development.js:15101
performWorkOnRoot @ C:\Users\USER\OneDrive\Desktop\PUP\node_modules\react-dom\cjs\react-dom-client.development.js:14418
performWorkOnRootViaSchedulerTask @ C:\Users\USER\OneDrive\Desktop\PUP\node_modules\react-dom\cjs\react-dom-client.development.js:16216
performWorkUntilDeadline @ C:\Users\USER\OneDrive\Desktop\PUP\node_modules\scheduler\cjs\scheduler.development.js:45
<App>
exports.jsxDEV @ C:\Users\USER\OneDrive\Desktop\PUP\node_modules\react\cjs\react-jsx-dev-runtime.development.js:346
ErrorOverlay @ C:\Users\USER\OneDrive\Desktop\PUP\node_modules\@expo\metro-runtime\src\error-overlay\index.tsx:19
react-stack-bottom-frame @ C:\Users\USER\OneDrive\Desktop\PUP\node_modules\react-dom\cjs\react-dom-client.development.js:23863
renderWithHooks @ C:\Users\USER\OneDrive\Desktop\PUP\node_modules\react-dom\cjs\react-dom-client.development.js:5529
updateFunctionComponent @ C:\Users\USER\OneDrive\Desktop\PUP\node_modules\react-dom\cjs\react-dom-client.development.js:8897
beginWork @ C:\Users\USER\OneDrive\Desktop\PUP\node_modules\react-dom\cjs\react-dom-client.development.js:10522
runWithFiberInDEV @ C:\Users\USER\OneDrive\Desktop\PUP\node_modules\react-dom\cjs\react-dom-client.development.js:1519
performUnitOfWork @ C:\Users\USER\OneDrive\Desktop\PUP\node_modules\react-dom\cjs\react-dom-client.development.js:15132
workLoopConcurrentByScheduler @ C:\Users\USER\OneDrive\Desktop\PUP\node_modules\react-dom\cjs\react-dom-client.development.js:15126
renderRootConcurrent @ C:\Users\USER\OneDrive\Desktop\PUP\node_modules\react-dom\cjs\react-dom-client.development.js:15101
performWorkOnRoot @ C:\Users\USER\OneDrive\Desktop\PUP\node_modules\react-dom\cjs\react-dom-client.development.js:14418
performWorkOnRootViaSchedulerTask @ C:\Users\USER\OneDrive\Desktop\PUP\node_modules\react-dom\cjs\react-dom-client.development.js:16216
performWorkUntilDeadline @ C:\Users\USER\OneDrive\Desktop\PUP\node_modules\scheduler\cjs\scheduler.development.js:45
<ErrorOverlay>
exports.jsxDEV @ C:\Users\USER\OneDrive\Desktop\PUP\node_modules\react\cjs\react-jsx-dev-runtime.development.js:346
WithDevTools @ C:\Users\USER\OneDrive\Desktop\PUP\node_modules\expo\src\launch\withDevTools.web.tsx:11
react-stack-bottom-frame @ C:\Users\USER\OneDrive\Desktop\PUP\node_modules\react-dom\cjs\react-dom-client.development.js:23863
renderWithHooks @ C:\Users\USER\OneDrive\Desktop\PUP\node_modules\react-dom\cjs\react-dom-client.development.js:5529
updateFunctionComponent @ C:\Users\USER\OneDrive\Desktop\PUP\node_modules\react-dom\cjs\react-dom-client.development.js:8897
beginWork @ C:\Users\USER\OneDrive\Desktop\PUP\node_modules\react-dom\cjs\react-dom-client.development.js:10522
runWithFiberInDEV @ C:\Users\USER\OneDrive\Desktop\PUP\node_modules\react-dom\cjs\react-dom-client.development.js:1519
performUnitOfWork @ C:\Users\USER\OneDrive\Desktop\PUP\node_modules\react-dom\cjs\react-dom-client.development.js:15132
workLoopConcurrentByScheduler @ C:\Users\USER\OneDrive\Desktop\PUP\node_modules\react-dom\cjs\react-dom-client.development.js:15126
renderRootConcurrent @ C:\Users\USER\OneDrive\Desktop\PUP\node_modules\react-dom\cjs\react-dom-client.development.js:15101
performWorkOnRoot @ C:\Users\USER\OneDrive\Desktop\PUP\node_modules\react-dom\cjs\react-dom-client.development.js:14418
performWorkOnRootViaSchedulerTask @ C:\Users\USER\OneDrive\Desktop\PUP\node_modules\react-dom\cjs\react-dom-client.development.js:16216
performWorkUntilDeadline @ C:\Users\USER\OneDrive\Desktop\PUP\node_modules\scheduler\cjs\scheduler.development.js:45
<withDevTools(ErrorOverlay)>
exports.createElement @ C:\Users\USER\OneDrive\Desktop\PUP\node_modules\react\cjs\react.development.js:1033
renderApplication @ C:\Users\USER\OneDrive\Desktop\PUP\node_modules\react-native-web\dist\exports\AppRegistry\renderApplication.js:27
run @ C:\Users\USER\OneDrive\Desktop\PUP\node_modules\react-native-web\dist\exports\AppRegistry\index.js:36
runApplication @ C:\Users\USER\OneDrive\Desktop\PUP\node_modules\react-native-web\dist\exports\AppRegistry\index.js:74
registerRootComponent @ C:\Users\USER\OneDrive\Desktop\PUP\node_modules\expo\src\launch\registerRootComponent.tsx:58
(anonymous) @ C:\Users\USER\OneDrive\Desktop\PUP\node_modules\expo-router\build\renderRootComponent.js:88
exports.startTransition @ C:\Users\USER\OneDrive\Desktop\PUP\node_modules\react\cjs\react.development.js:1124
renderRootComponent @ C:\Users\USER\OneDrive\Desktop\PUP\node_modules\expo-router\build\renderRootComponent.js:85
(anonymous) @ C:\Users\USER\OneDrive\Desktop\PUP\node_modules\expo-router\entry-classic.js:10
loadModuleImplementation @ C:\Users\USER\OneDrive\Desktop\PUP\node_modules\expo\node_modules\@expo\cli\build\metro-require\require.js:248
guardedLoadModule @ C:\Users\USER\OneDrive\Desktop\PUP\node_modules\expo\node_modules\@expo\cli\build\metro-require\require.js:163
metroRequire @ C:\Users\USER\OneDrive\Desktop\PUP\node_modules\expo\node_modules\@expo\cli\build\metro-require\require.js:74
(anonymous) @ C:\Users\USER\OneDrive\Desktop\PUP\node_modules\expo-router\entry.js:3
loadModuleImplementation @ C:\Users\USER\OneDrive\Desktop\PUP\node_modules\expo\node_modules\@expo\cli\build\metro-require\require.js:248
guardedLoadModule @ C:\Users\USER\OneDrive\Desktop\PUP\node_modules\expo\node_modules\@expo\cli\build\metro-require\require.js:156
metroRequire @ C:\Users\USER\OneDrive\Desktop\PUP\node_modules\expo\node_modules\@expo\cli\build\metro-require\require.js:74
(anonymous) @ entry.bundle?platform=web&dev=true&hot=false&lazy=true&transform.routerRoot=app&transform.reactCompiler=true:196749
C:\Users\USER\OneDrive\Desktop\PUP\node_modules\@expo\metro-runtime\src\error-overlay\LogBox.web.ts:134 Unexpected text node: . A text node cannot be a child of a <View>.
registerError @ C:\Users\USER\OneDrive\Desktop\PUP\node_modules\@expo\metro-runtime\src\error-overlay\LogBox.web.ts:134
console.error @ C:\Users\USER\OneDrive\Desktop\PUP\node_modules\@expo\metro-runtime\src\error-overlay\LogBox.web.ts:59
(anonymous) @ C:\Users\USER\OneDrive\Desktop\PUP\node_modules\react-native-web\dist\exports\View\index.js:57
View @ C:\Users\USER\OneDrive\Desktop\PUP\node_modules\react-native-web\dist\exports\View\index.js:55
react-stack-bottom-frame @ C:\Users\USER\OneDrive\Desktop\PUP\node_modules\react-dom\cjs\react-dom-client.development.js:23863
renderWithHooks @ C:\Users\USER\OneDrive\Desktop\PUP\node_modules\react-dom\cjs\react-dom-client.development.js:5529
updateForwardRef @ C:\Users\USER\OneDrive\Desktop\PUP\node_modules\react-dom\cjs\react-dom-client.development.js:8645
beginWork @ C:\Users\USER\OneDrive\Desktop\PUP\node_modules\react-dom\cjs\react-dom-client.development.js:10861
runWithFiberInDEV @ C:\Users\USER\OneDrive\Desktop\PUP\node_modules\react-dom\cjs\react-dom-client.development.js:1519
performUnitOfWork @ C:\Users\USER\OneDrive\Desktop\PUP\node_modules\react-dom\cjs\react-dom-client.development.js:15132
workLoopSync @ C:\Users\USER\OneDrive\Desktop\PUP\node_modules\react-dom\cjs\react-dom-client.development.js:14956
renderRootSync @ C:\Users\USER\OneDrive\Desktop\PUP\node_modules\react-dom\cjs\react-dom-client.development.js:14936
performWorkOnRoot @ C:\Users\USER\OneDrive\Desktop\PUP\node_modules\react-dom\cjs\react-dom-client.development.js:14419
performWorkOnRootViaSchedulerTask @ C:\Users\USER\OneDrive\Desktop\PUP\node_modules\react-dom\cjs\react-dom-client.development.js:16216
performWorkUntilDeadline @ C:\Users\USER\OneDrive\Desktop\PUP\node_modules\scheduler\cjs\scheduler.development.js:45
<View>
exports.jsxDEV @ C:\Users\USER\OneDrive\Desktop\PUP\node_modules\react\cjs\react-jsx-dev-runtime.development.js:346
HomeScreen @ C:\Users\USER\OneDrive\Desktop\PUP\app\(tabs)\index.tsx:253
react-stack-bottom-frame @ C:\Users\USER\OneDrive\Desktop\PUP\node_modules\react-dom\cjs\react-dom-client.development.js:23863
renderWithHooks @ C:\Users\USER\OneDrive\Desktop\PUP\node_modules\react-dom\cjs\react-dom-client.development.js:5529
updateFunctionComponent @ C:\Users\USER\OneDrive\Desktop\PUP\node_modules\react-dom\cjs\react-dom-client.development.js:8897
beginWork @ C:\Users\USER\OneDrive\Desktop\PUP\node_modules\react-dom\cjs\react-dom-client.development.js:10522
runWithFiberInDEV @ C:\Users\USER\OneDrive\Desktop\PUP\node_modules\react-dom\cjs\react-dom-client.development.js:1519
performUnitOfWork @ C:\Users\USER\OneDrive\Desktop\PUP\node_modules\react-dom\cjs\react-dom-client.development.js:15132
workLoopSync @ C:\Users\USER\OneDrive\Desktop\PUP\node_modules\react-dom\cjs\react-dom-client.development.js:14956
renderRootSync @ C:\Users\USER\OneDrive\Desktop\PUP\node_modules\react-dom\cjs\react-dom-client.development.js:14936
performWorkOnRoot @ C:\Users\USER\OneDrive\Desktop\PUP\node_modules\react-dom\cjs\react-dom-client.development.js:14419
performSyncWorkOnRoot @ C:\Users\USER\OneDrive\Desktop\PUP\node_modules\react-dom\cjs\react-dom-client.development.js:16231
flushSyncWorkAcrossRoots_impl @ C:\Users\USER\OneDrive\Desktop\PUP\node_modules\react-dom\cjs\react-dom-client.development.js:16079
flushPassiveEffects @ C:\Users\USER\OneDrive\Desktop\PUP\node_modules\react-dom\cjs\react-dom-client.development.js:15749
(anonymous) @ C:\Users\USER\OneDrive\Desktop\PUP\node_modules\react-dom\cjs\react-dom-client.development.js:15379
performWorkUntilDeadline @ C:\Users\USER\OneDrive\Desktop\PUP\node_modules\scheduler\cjs\scheduler.development.js:45
<HomeScreen(./(tabs)/index.tsx)>
exports.jsxDEV @ C:\Users\USER\OneDrive\Desktop\PUP\node_modules\react\cjs\react-jsx-dev-runtime.development.js:346
BaseRoute @ C:\Users\USER\OneDrive\Desktop\PUP\node_modules\expo-router\build\useScreens.js:213
react-stack-bottom-frame @ C:\Users\USER\OneDrive\Desktop\PUP\node_modules\react-dom\cjs\react-dom-client.development.js:23863
renderWithHooks @ C:\Users\USER\OneDrive\Desktop\PUP\node_modules\react-dom\cjs\react-dom-client.development.js:5529
updateFunctionComponent @ C:\Users\USER\OneDrive\Desktop\PUP\node_modules\react-dom\cjs\react-dom-client.development.js:8897
beginWork @ C:\Users\USER\OneDrive\Desktop\PUP\node_modules\react-dom\cjs\react-dom-client.development.js:10522
runWithFiberInDEV @ C:\Users\USER\OneDrive\Desktop\PUP\node_modules\react-dom\cjs\react-dom-client.development.js:1519
performUnitOfWork @ C:\Users\USER\OneDrive\Desktop\PUP\node_modules\react-dom\cjs\react-dom-client.development.js:15132
workLoopSync @ C:\Users\USER\OneDrive\Desktop\PUP\node_modules\react-dom\cjs\react-dom-client.development.js:14956
renderRootSync @ C:\Users\USER\OneDrive\Desktop\PUP\node_modules\react-dom\cjs\react-dom-client.development.js:14936
performWorkOnRoot @ C:\Users\USER\OneDrive\Desktop\PUP\node_modules\react-dom\cjs\react-dom-client.development.js:14419
performSyncWorkOnRoot @ C:\Users\USER\OneDrive\Desktop\PUP\node_modules\react-dom\cjs\react-dom-client.development.js:16231
flushSyncWorkAcrossRoots_impl @ C:\Users\USER\OneDrive\Desktop\PUP\node_modules\react-dom\cjs\react-dom-client.development.js:16079
flushPassiveEffects @ C:\Users\USER\OneDrive\Desktop\PUP\node_modules\react-dom\cjs\react-dom-client.development.js:15749
(anonymous) @ C:\Users\USER\OneDrive\Desktop\PUP\node_modules\react-dom\cjs\react-dom-client.development.js:15379
performWorkUntilDeadline @ C:\Users\USER\OneDrive\Desktop\PUP\node_modules\scheduler\cjs\scheduler.development.js:45
<Route(index)>
exports.jsx @ C:\Users\USER\OneDrive\Desktop\PUP\node_modules\react\cjs\react-jsx-runtime.development.js:339
SceneView @ C:\Users\USER\OneDrive\Desktop\PUP\node_modules\@react-navigation\core\lib\module\SceneView.js:125
react-stack-bottom-frame @ C:\Users\USER\OneDrive\Desktop\PUP\node_modules\react-dom\cjs\react-dom-client.development.js:23863
renderWithHooks @ C:\Users\USER\OneDrive\Desktop\PUP\node_modules\react-dom\cjs\react-dom-client.development.js:5529
updateFunctionComponent @ C:\Users\USER\OneDrive\Desktop\PUP\node_modules\react-dom\cjs\react-dom-client.development.js:8897
beginWork @ C:\Users\USER\OneDrive\Desktop\PUP\node_modules\react-dom\cjs\react-dom-client.development.js:10522
runWithFiberInDEV @ C:\Users\USER\OneDrive\Desktop\PUP\node_modules\react-dom\cjs\react-dom-client.development.js:1519
performUnitOfWork @ C:\Users\USER\OneDrive\Desktop\PUP\node_modules\react-dom\cjs\react-dom-client.development.js:15132
workLoopSync @ C:\Users\USER\OneDrive\Desktop\PUP\node_modules\react-dom\cjs\react-dom-client.development.js:14956
renderRootSync @ C:\Users\USER\OneDrive\Desktop\PUP\node_modules\react-dom\cjs\react-dom-client.development.js:14936
performWorkOnRoot @ C:\Users\USER\OneDrive\Desktop\PUP\node_modules\react-dom\cjs\react-dom-client.development.js:14419
performSyncWorkOnRoot @ C:\Users\USER\OneDrive\Desktop\PUP\node_modules\react-dom\cjs\react-dom-client.development.js:16231
flushSyncWorkAcrossRoots_impl @ C:\Users\USER\OneDrive\Desktop\PUP\node_modules\react-dom\cjs\react-dom-client.development.js:16079
flushPassiveEffects @ C:\Users\USER\OneDrive\Desktop\PUP\node_modules\react-dom\cjs\react-dom-client.development.js:15749
(anonymous) @ C:\Users\USER\OneDrive\Desktop\PUP\node_modules\react-dom\cjs\react-dom-client.development.js:15379
performWorkUntilDeadline @ C:\Users\USER\OneDrive\Desktop\PUP\node_modules\scheduler\cjs\scheduler.development.js:45
<SceneView>
exports.jsx @ C:\Users\USER\OneDrive\Desktop\PUP\node_modules\react\cjs\react-jsx-runtime.development.js:339
render @ C:\Users\USER\OneDrive\Desktop\PUP\node_modules\@react-navigation\core\lib\module\useDescriptors.js:108
(anonymous) @ C:\Users\USER\OneDrive\Desktop\PUP\node_modules\@react-navigation\core\lib\module\useDescriptors.js:140
useDescriptors @ C:\Users\USER\OneDrive\Desktop\PUP\node_modules\@react-navigation\core\lib\module\useDescriptors.js:137
useNavigationBuilder @ C:\Users\USER\OneDrive\Desktop\PUP\node_modules\@react-navigation\core\lib\module\useNavigationBuilder.js:562
BottomTabNavigator @ C:\Users\USER\OneDrive\Desktop\PUP\node_modules\@react-navigation\bottom-tabs\lib\module\navigators\createBottomTabNavigator.js:24
react-stack-bottom-frame @ C:\Users\USER\OneDrive\Desktop\PUP\node_modules\react-dom\cjs\react-dom-client.development.js:23863
renderWithHooks @ C:\Users\USER\OneDrive\Desktop\PUP\node_modules\react-dom\cjs\react-dom-client.development.js:5529
updateFunctionComponent @ C:\Users\USER\OneDrive\Desktop\PUP\node_modules\react-dom\cjs\react-dom-client.development.js:8897
beginWork @ C:\Users\USER\OneDrive\Desktop\PUP\node_modules\react-dom\cjs\react-dom-client.development.js:10522
runWithFiberInDEV @ C:\Users\USER\OneDrive\Desktop\PUP\node_modules\react-dom\cjs\react-dom-client.development.js:1519
performUnitOfWork @ C:\Users\USER\OneDrive\Desktop\PUP\node_modules\react-dom\cjs\react-dom-client.development.js:15132
workLoopSync @ C:\Users\USER\OneDrive\Desktop\PUP\node_modules\react-dom\cjs\react-dom-client.development.js:14956
renderRootSync @ C:\Users\USER\OneDrive\Desktop\PUP\node_modules\react-dom\cjs\react-dom-client.development.js:14936
performWorkOnRoot @ C:\Users\USER\OneDrive\Desktop\PUP\node_modules\react-dom\cjs\react-dom-client.development.js:14419
performSyncWorkOnRoot @ C:\Users\USER\OneDrive\Desktop\PUP\node_modules\react-dom\cjs\react-dom-client.development.js:16231
flushSyncWorkAcrossRoots_impl @ C:\Users\USER\OneDrive\Desktop\PUP\node_modules\react-dom\cjs\react-dom-client.development.js:16079
flushPassiveEffects @ C:\Users\USER\OneDrive\Desktop\PUP\node_modules\react-dom\cjs\react-dom-client.development.js:15749
(anonymous) @ C:\Users\USER\OneDrive\Desktop\PUP\node_modules\react-dom\cjs\react-dom-client.development.js:15379
performWorkUntilDeadline @ C:\Users\USER\OneDrive\Desktop\PUP\node_modules\scheduler\cjs\scheduler.development.js:45
<BottomTabNavigator>
exports.jsxDEV @ C:\Users\USER\OneDrive\Desktop\PUP\node_modules\react\cjs\react-jsx-dev-runtime.development.js:346
(anonymous) @ C:\Users\USER\OneDrive\Desktop\PUP\node_modules\expo-router\build\layouts\withLayoutContext.js:156
react-stack-bottom-frame @ C:\Users\USER\OneDrive\Desktop\PUP\node_modules\react-dom\cjs\react-dom-client.development.js:23863
renderWithHooks @ C:\Users\USER\OneDrive\Desktop\PUP\node_modules\react-dom\cjs\react-dom-client.development.js:5529
updateForwardRef @ C:\Users\USER\OneDrive\Desktop\PUP\node_modules\react-dom\cjs\react-dom-client.development.js:8645
beginWork @ C:\Users\USER\OneDrive\Desktop\PUP\node_modules\react-dom\cjs\react-dom-client.development.js:10861
runWithFiberInDEV @ C:\Users\USER\OneDrive\Desktop\PUP\node_modules\react-dom\cjs\react-dom-client.development.js:1519
performUnitOfWork @ C:\Users\USER\OneDrive\Desktop\PUP\node_modules\react-dom\cjs\react-dom-client.development.js:15132
workLoopSync @ C:\Users\USER\OneDrive\Desktop\PUP\node_modules\react-dom\cjs\react-dom-client.development.js:14956
renderRootSync @ C:\Users\USER\OneDrive\Desktop\PUP\node_modules\react-dom\cjs\react-dom-client.development.js:14936
performWorkOnRoot @ C:\Users\USER\OneDrive\Desktop\PUP\node_modules\react-dom\cjs\react-dom-client.development.js:14419
performSyncWorkOnRoot @ C:\Users\USER\OneDrive\Desktop\PUP\node_modules\react-dom\cjs\react-dom-client.development.js:16231
flushSyncWorkAcrossRoots_impl @ C:\Users\USER\OneDrive\Desktop\PUP\node_modules\react-dom\cjs\react-dom-client.development.js:16079
flushPassiveEffects @ C:\Users\USER\OneDrive\Desktop\PUP\node_modules\react-dom\cjs\react-dom-client.development.js:15749
(anonymous) @ C:\Users\USER\OneDrive\Desktop\PUP\node_modules\react-dom\cjs\react-dom-client.development.js:15379
performWorkUntilDeadline @ C:\Users\USER\OneDrive\Desktop\PUP\node_modules\scheduler\cjs\scheduler.development.js:45
<ForwardRef>
exports.jsxDEV @ C:\Users\USER\OneDrive\Desktop\PUP\node_modules\react\cjs\react-jsx-dev-runtime.development.js:346
Object.assign.Screen @ C:\Users\USER\OneDrive\Desktop\PUP\node_modules\expo-router\build\layouts\TabsClient.js:46
react-stack-bottom-frame @ C:\Users\USER\OneDrive\Desktop\PUP\node_modules\react-dom\cjs\react-dom-client.development.js:23863
renderWithHooks @ C:\Users\USER\OneDrive\Desktop\PUP\node_modules\react-dom\cjs\react-dom-client.development.js:5529
updateFunctionComponent @ C:\Users\USER\OneDrive\Desktop\PUP\node_modules\react-dom\cjs\react-dom-client.development.js:8897
beginWork @ C:\Users\USER\OneDrive\Desktop\PUP\node_modules\react-dom\cjs\react-dom-client.development.js:10522
runWithFiberInDEV @ C:\Users\USER\OneDrive\Desktop\PUP\node_modules\react-dom\cjs\react-dom-client.development.js:1519
performUnitOfWork @ C:\Users\USER\OneDrive\Desktop\PUP\node_modules\react-dom\cjs\react-dom-client.development.js:15132
workLoopSync @ C:\Users\USER\OneDrive\Desktop\PUP\node_modules\react-dom\cjs\react-dom-client.development.js:14956
renderRootSync @ C:\Users\USER\OneDrive\Desktop\PUP\node_modules\react-dom\cjs\react-dom-client.development.js:14936
performWorkOnRoot @ C:\Users\USER\OneDrive\Desktop\PUP\node_modules\react-dom\cjs\react-dom-client.development.js:14419
performSyncWorkOnRoot @ C:\Users\USER\OneDrive\Desktop\PUP\node_modules\react-dom\cjs\react-dom-client.development.js:16231
flushSyncWorkAcrossRoots_impl @ C:\Users\USER\OneDrive\Desktop\PUP\node_modules\react-dom\cjs\react-dom-client.development.js:16079
flushPassiveEffects @ C:\Users\USER\OneDrive\Desktop\PUP\node_modules\react-dom\cjs\react-dom-client.development.js:15749
(anonymous) @ C:\Users\USER\OneDrive\Desktop\PUP\node_modules\react-dom\cjs\react-dom-client.development.js:15379
performWorkUntilDeadline @ C:\Users\USER\OneDrive\Desktop\PUP\node_modules\scheduler\cjs\scheduler.development.js:45
<...>
exports.jsxDEV @ C:\Users\USER\OneDrive\Desktop\PUP\node_modules\react\cjs\react-jsx-dev-runtime.development.js:346
TabLayout @ C:\Users\USER\OneDrive\Desktop\PUP\app\(tabs)\_layout.tsx:6
react-stack-bottom-frame @ C:\Users\USER\OneDrive\Desktop\PUP\node_modules\react-dom\cjs\react-dom-client.development.js:23863
renderWithHooks @ C:\Users\USER\OneDrive\Desktop\PUP\node_modules\react-dom\cjs\react-dom-client.development.js:5529
updateFunctionComponent @ C:\Users\USER\OneDrive\Desktop\PUP\node_modules\react-dom\cjs\react-dom-client.development.js:8897
beginWork @ C:\Users\USER\OneDrive\Desktop\PUP\node_modules\react-dom\cjs\react-dom-client.development.js:10522
runWithFiberInDEV @ C:\Users\USER\OneDrive\Desktop\PUP\node_modules\react-dom\cjs\react-dom-client.development.js:1519
performUnitOfWork @ C:\Users\USER\OneDrive\Desktop\PUP\node_modules\react-dom\cjs\react-dom-client.development.js:15132
workLoopSync @ C:\Users\USER\OneDrive\Desktop\PUP\node_modules\react-dom\cjs\react-dom-client.development.js:14956
renderRootSync @ C:\Users\USER\OneDrive\Desktop\PUP\node_modules\react-dom\cjs\react-dom-client.development.js:14936
performWorkOnRoot @ C:\Users\USER\OneDrive\Desktop\PUP\node_modules\react-dom\cjs\react-dom-client.development.js:14419
performSyncWorkOnRoot @ C:\Users\USER\OneDrive\Desktop\PUP\node_modules\react-dom\cjs\react-dom-client.development.js:16231
flushSyncWorkAcrossRoots_impl @ C:\Users\USER\OneDrive\Desktop\PUP\node_modules\react-dom\cjs\react-dom-client.development.js:16079
flushPassiveEffects @ C:\Users\USER\OneDrive\Desktop\PUP\node_modules\react-dom\cjs\react-dom-client.development.js:15749
(anonymous) @ C:\Users\USER\OneDrive\Desktop\PUP\node_modules\react-dom\cjs\react-dom-client.development.js:15379
performWorkUntilDeadline @ C:\Users\USER\OneDrive\Desktop\PUP\node_modules\scheduler\cjs\scheduler.development.js:45
<TabLayout(./(tabs)/_layout.tsx)>
exports.jsxDEV @ C:\Users\USER\OneDrive\Desktop\PUP\node_modules\react\cjs\react-jsx-dev-runtime.development.js:346
BaseRoute @ C:\Users\USER\OneDrive\Desktop\PUP\node_modules\expo-router\build\useScreens.js:213
react-stack-bottom-frame @ C:\Users\USER\OneDrive\Desktop\PUP\node_modules\react-dom\cjs\react-dom-client.development.js:23863
renderWithHooks @ C:\Users\USER\OneDrive\Desktop\PUP\node_modules\react-dom\cjs\react-dom-client.development.js:5529
updateFunctionComponent @ C:\Users\USER\OneDrive\Desktop\PUP\node_modules\react-dom\cjs\react-dom-client.development.js:8897
beginWork @ C:\Users\USER\OneDrive\Desktop\PUP\node_modules\react-dom\cjs\react-dom-client.development.js:10522
runWithFiberInDEV @ C:\Users\USER\OneDrive\Desktop\PUP\node_modules\react-dom\cjs\react-dom-client.development.js:1519
performUnitOfWork @ C:\Users\USER\OneDrive\Desktop\PUP\node_modules\react-dom\cjs\react-dom-client.development.js:15132
workLoopSync @ C:\Users\USER\OneDrive\Desktop\PUP\node_modules\react-dom\cjs\react-dom-client.development.js:14956
renderRootSync @ C:\Users\USER\OneDrive\Desktop\PUP\node_modules\react-dom\cjs\react-dom-client.development.js:14936
performWorkOnRoot @ C:\Users\USER\OneDrive\Desktop\PUP\node_modules\react-dom\cjs\react-dom-client.development.js:14419
performSyncWorkOnRoot @ C:\Users\USER\OneDrive\Desktop\PUP\node_modules\react-dom\cjs\react-dom-client.development.js:16231
flushSyncWorkAcrossRoots_impl @ C:\Users\USER\OneDrive\Desktop\PUP\node_modules\react-dom\cjs\react-dom-client.development.js:16079
flushPassiveEffects @ C:\Users\USER\OneDrive\Desktop\PUP\node_modules\react-dom\cjs\react-dom-client.development.js:15749
(anonymous) @ C:\Users\USER\OneDrive\Desktop\PUP\node_modules\react-dom\cjs\react-dom-client.development.js:15379
performWorkUntilDeadline @ C:\Users\USER\OneDrive\Desktop\PUP\node_modules\scheduler\cjs\scheduler.development.js:45
<Route((tabs))>
exports.jsx @ C:\Users\USER\OneDrive\Desktop\PUP\node_modules\react\cjs\react-jsx-runtime.development.js:339
SceneView @ C:\Users\USER\OneDrive\Desktop\PUP\node_modules\@react-navigation\core\lib\module\SceneView.js:125
react-stack-bottom-frame @ C:\Users\USER\OneDrive\Desktop\PUP\node_modules\react-dom\cjs\react-dom-client.development.js:23863
renderWithHooks @ C:\Users\USER\OneDrive\Desktop\PUP\node_modules\react-dom\cjs\react-dom-client.development.js:5529
updateFunctionComponent @ C:\Users\USER\OneDrive\Desktop\PUP\node_modules\react-dom\cjs\react-dom-client.development.js:8897
beginWork @ C:\Users\USER\OneDrive\Desktop\PUP\node_modules\react-dom\cjs\react-dom-client.development.js:10522
runWithFiberInDEV @ C:\Users\USER\OneDrive\Desktop\PUP\node_modules\react-dom\cjs\react-dom-client.development.js:1519
performUnitOfWork @ C:\Users\USER\OneDrive\Desktop\PUP\node_modules\react-dom\cjs\react-dom-client.development.js:15132
workLoopSync @ C:\Users\USER\OneDrive\Desktop\PUP\node_modules\react-dom\cjs\react-dom-client.development.js:14956
renderRootSync @ C:\Users\USER\OneDrive\Desktop\PUP\node_modules\react-dom\cjs\react-dom-client.development.js:14936
performWorkOnRoot @ C:\Users\USER\OneDrive\Desktop\PUP\node_modules\react-dom\cjs\react-dom-client.development.js:14419
performSyncWorkOnRoot @ C:\Users\USER\OneDrive\Desktop\PUP\node_modules\react-dom\cjs\react-dom-client.development.js:16231
flushSyncWorkAcrossRoots_impl @ C:\Users\USER\OneDrive\Desktop\PUP\node_modules\react-dom\cjs\react-dom-client.development.js:16079
flushPassiveEffects @ C:\Users\USER\OneDrive\Desktop\PUP\node_modules\react-dom\cjs\react-dom-client.development.js:15749
(anonymous) @ C:\Users\USER\OneDrive\Desktop\PUP\node_modules\react-dom\cjs\react-dom-client.development.js:15379
performWorkUntilDeadline @ C:\Users\USER\OneDrive\Desktop\PUP\node_modules\scheduler\cjs\scheduler.development.js:45
<SceneView>
exports.jsx @ C:\Users\USER\OneDrive\Desktop\PUP\node_modules\react\cjs\react-jsx-runtime.development.js:339
render @ C:\Users\USER\OneDrive\Desktop\PUP\node_modules\@react-navigation\core\lib\module\useDescriptors.js:108
(anonymous) @ C:\Users\USER\OneDrive\Desktop\PUP\node_modules\@react-navigation\core\lib\module\useDescriptors.js:140
useDescriptors @ C:\Users\USER\OneDrive\Desktop\PUP\node_modules\@react-navigation\core\lib\module\useDescriptors.js:137
useNavigationBuilder @ C:\Users\USER\OneDrive\Desktop\PUP\node_modules\@react-navigation\core\lib\module\useNavigationBuilder.js:562
SlotNavigator @ C:\Users\USER\OneDrive\Desktop\PUP\node_modules\expo-router\build\views\Navigator.js:107
react-stack-bottom-frame @ C:\Users\USER\OneDrive\Desktop\PUP\node_modules\react-dom\cjs\react-dom-client.development.js:23863
renderWithHooks @ C:\Users\USER\OneDrive\Desktop\PUP\node_modules\react-dom\cjs\react-dom-client.development.js:5529
updateFunctionComponent @ C:\Users\USER\OneDrive\Desktop\PUP\node_modules\react-dom\cjs\react-dom-client.development.js:8897
beginWork @ C:\Users\USER\OneDrive\Desktop\PUP\node_modules\react-dom\cjs\react-dom-client.development.js:10522
runWithFiberInDEV @ C:\Users\USER\OneDrive\Desktop\PUP\node_modules\react-dom\cjs\react-dom-client.development.js:1519
performUnitOfWork @ C:\Users\USER\OneDrive\Desktop\PUP\node_modules\react-dom\cjs\react-dom-client.development.js:15132
workLoopSync @ C:\Users\USER\OneDrive\Desktop\PUP\node_modules\react-dom\cjs\react-dom-client.development.js:14956
renderRootSync @ C:\Users\USER\OneDrive\Desktop\PUP\node_modules\react-dom\cjs\react-dom-client.development.js:14936
performWorkOnRoot @ C:\Users\USER\OneDrive\Desktop\PUP\node_modules\react-dom\cjs\react-dom-client.development.js:14419
performSyncWorkOnRoot @ C:\Users\USER\OneDrive\Desktop\PUP\node_modules\react-dom\cjs\react-dom-client.development.js:16231
flushSyncWorkAcrossRoots_impl @ C:\Users\USER\OneDrive\Desktop\PUP\node_modules\react-dom\cjs\react-dom-client.development.js:16079
flushPassiveEffects @ C:\Users\USER\OneDrive\Desktop\PUP\node_modules\react-dom\cjs\react-dom-client.development.js:15749
(anonymous) @ C:\Users\USER\OneDrive\Desktop\PUP\node_modules\react-dom\cjs\react-dom-client.development.js:15379
performWorkUntilDeadline @ C:\Users\USER\OneDrive\Desktop\PUP\node_modules\scheduler\cjs\scheduler.development.js:45
<SlotNavigator>
exports.jsxDEV @ C:\Users\USER\OneDrive\Desktop\PUP\node_modules\react\cjs\react-jsx-dev-runtime.development.js:346
Slot @ C:\Users\USER\OneDrive\Desktop\PUP\node_modules\expo-router\build\views\Navigator.js:130
react-stack-bottom-frame @ C:\Users\USER\OneDrive\Desktop\PUP\node_modules\react-dom\cjs\react-dom-client.development.js:23863
renderWithHooks @ C:\Users\USER\OneDrive\Desktop\PUP\node_modules\react-dom\cjs\react-dom-client.development.js:5529
updateFunctionComponent @ C:\Users\USER\OneDrive\Desktop\PUP\node_modules\react-dom\cjs\react-dom-client.development.js:8897
beginWork @ C:\Users\USER\OneDrive\Desktop\PUP\node_modules\react-dom\cjs\react-dom-client.development.js:10522
runWithFiberInDEV @ C:\Users\USER\OneDrive\Desktop\PUP\node_modules\react-dom\cjs\react-dom-client.development.js:1519
performUnitOfWork @ C:\Users\USER\OneDrive\Desktop\PUP\node_modules\react-dom\cjs\react-dom-client.development.js:15132
workLoopConcurrentByScheduler @ C:\Users\USER\OneDrive\Desktop\PUP\node_modules\react-dom\cjs\react-dom-client.development.js:15126
renderRootConcurrent @ C:\Users\USER\OneDrive\Desktop\PUP\node_modules\react-dom\cjs\react-dom-client.development.js:15101
performWorkOnRoot @ C:\Users\USER\OneDrive\Desktop\PUP\node_modules\react-dom\cjs\react-dom-client.development.js:14418
performWorkOnRootViaSchedulerTask @ C:\Users\USER\OneDrive\Desktop\PUP\node_modules\react-dom\cjs\react-dom-client.development.js:16216
performWorkUntilDeadline @ C:\Users\USER\OneDrive\Desktop\PUP\node_modules\scheduler\cjs\scheduler.development.js:45
<Slot>
exports.jsxDEV @ C:\Users\USER\OneDrive\Desktop\PUP\node_modules\react\cjs\react-jsx-dev-runtime.development.js:346
RootLayout @ C:\Users\USER\OneDrive\Desktop\PUP\app\_layout.tsx:86
react-stack-bottom-frame @ C:\Users\USER\OneDrive\Desktop\PUP\node_modules\react-dom\cjs\react-dom-client.development.js:23863
renderWithHooks @ C:\Users\USER\OneDrive\Desktop\PUP\node_modules\react-dom\cjs\react-dom-client.development.js:5529
updateFunctionComponent @ C:\Users\USER\OneDrive\Desktop\PUP\node_modules\react-dom\cjs\react-dom-client.development.js:8897
beginWork @ C:\Users\USER\OneDrive\Desktop\PUP\node_modules\react-dom\cjs\react-dom-client.development.js:10522
runWithFiberInDEV @ C:\Users\USER\OneDrive\Desktop\PUP\node_modules\react-dom\cjs\react-dom-client.development.js:1519
performUnitOfWork @ C:\Users\USER\OneDrive\Desktop\PUP\node_modules\react-dom\cjs\react-dom-client.development.js:15132
workLoopConcurrentByScheduler @ C:\Users\USER\OneDrive\Desktop\PUP\node_modules\react-dom\cjs\react-dom-client.development.js:15126
renderRootConcurrent @ C:\Users\USER\OneDrive\Desktop\PUP\node_modules\react-dom\cjs\react-dom-client.development.js:15101
performWorkOnRoot @ C:\Users\USER\OneDrive\Desktop\PUP\node_modules\react-dom\cjs\react-dom-client.development.js:14418
performWorkOnRootViaSchedulerTask @ C:\Users\USER\OneDrive\Desktop\PUP\node_modules\react-dom\cjs\react-dom-client.development.js:16216
performWorkUntilDeadline @ C:\Users\USER\OneDrive\Desktop\PUP\node_modules\scheduler\cjs\scheduler.development.js:45
<RootLayout(./_layout.tsx)>
exports.jsxDEV @ C:\Users\USER\OneDrive\Desktop\PUP\node_modules\react\cjs\react-jsx-dev-runtime.development.js:346
BaseRoute @ C:\Users\USER\OneDrive\Desktop\PUP\node_modules\expo-router\build\useScreens.js:213
react-stack-bottom-frame @ C:\Users\USER\OneDrive\Desktop\PUP\node_modules\react-dom\cjs\react-dom-client.development.js:23863
renderWithHooks @ C:\Users\USER\OneDrive\Desktop\PUP\node_modules\react-dom\cjs\react-dom-client.development.js:5529
updateFunctionComponent @ C:\Users\USER\OneDrive\Desktop\PUP\node_modules\react-dom\cjs\react-dom-client.development.js:8897
beginWork @ C:\Users\USER\OneDrive\Desktop\PUP\node_modules\react-dom\cjs\react-dom-client.development.js:10522
runWithFiberInDEV @ C:\Users\USER\OneDrive\Desktop\PUP\node_modules\react-dom\cjs\react-dom-client.development.js:1519
performUnitOfWork @ C:\Users\USER\OneDrive\Desktop\PUP\node_modules\react-dom\cjs\react-dom-client.development.js:15132
workLoopConcurrentByScheduler @ C:\Users\USER\OneDrive\Desktop\PUP\node_modules\react-dom\cjs\react-dom-client.development.js:15126
renderRootConcurrent @ C:\Users\USER\OneDrive\Desktop\PUP\node_modules\react-dom\cjs\react-dom-client.development.js:15101
performWorkOnRoot @ C:\Users\USER\OneDrive\Desktop\PUP\node_modules\react-dom\cjs\react-dom-client.development.js:14418
performWorkOnRootViaSchedulerTask @ C:\Users\USER\OneDrive\Desktop\PUP\node_modules\react-dom\cjs\react-dom-client.development.js:16216
performWorkUntilDeadline @ C:\Users\USER\OneDrive\Desktop\PUP\node_modules\scheduler\cjs\scheduler.development.js:45
<Route()>
exports.jsx @ C:\Users\USER\OneDrive\Desktop\PUP\node_modules\react\cjs\react-jsx-runtime.development.js:339
SceneView @ C:\Users\USER\OneDrive\Desktop\PUP\node_modules\@react-navigation\core\lib\module\SceneView.js:125
react-stack-bottom-frame @ C:\Users\USER\OneDrive\Desktop\PUP\node_modules\react-dom\cjs\react-dom-client.development.js:23863
renderWithHooks @ C:\Users\USER\OneDrive\Desktop\PUP\node_modules\react-dom\cjs\react-dom-client.development.js:5529
updateFunctionComponent @ C:\Users\USER\OneDrive\Desktop\PUP\node_modules\react-dom\cjs\react-dom-client.development.js:8897
beginWork @ C:\Users\USER\OneDrive\Desktop\PUP\node_modules\react-dom\cjs\react-dom-client.development.js:10522
runWithFiberInDEV @ C:\Users\USER\OneDrive\Desktop\PUP\node_modules\react-dom\cjs\react-dom-client.development.js:1519
performUnitOfWork @ C:\Users\USER\OneDrive\Desktop\PUP\node_modules\react-dom\cjs\react-dom-client.development.js:15132
workLoopConcurrentByScheduler @ C:\Users\USER\OneDrive\Desktop\PUP\node_modules\react-dom\cjs\react-dom-client.development.js:15126
renderRootConcurrent @ C:\Users\USER\OneDrive\Desktop\PUP\node_modules\react-dom\cjs\react-dom-client.development.js:15101
performWorkOnRoot @ C:\Users\USER\OneDrive\Desktop\PUP\node_modules\react-dom\cjs\react-dom-client.development.js:14418
performWorkOnRootViaSchedulerTask @ C:\Users\USER\OneDrive\Desktop\PUP\node_modules\react-dom\cjs\react-dom-client.development.js:16216
performWorkUntilDeadline @ C:\Users\USER\OneDrive\Desktop\PUP\node_modules\scheduler\cjs\scheduler.development.js:45
<SceneView>
exports.jsx @ C:\Users\USER\OneDrive\Desktop\PUP\node_modules\react\cjs\react-jsx-runtime.development.js:339
render @ C:\Users\USER\OneDrive\Desktop\PUP\node_modules\@react-navigation\core\lib\module\useDescriptors.js:108
(anonymous) @ C:\Users\USER\OneDrive\Desktop\PUP\node_modules\@react-navigation\core\lib\module\useDescriptors.js:140
useDescriptors @ C:\Users\USER\OneDrive\Desktop\PUP\node_modules\@react-navigation\core\lib\module\useDescriptors.js:137
useNavigationBuilder @ C:\Users\USER\OneDrive\Desktop\PUP\node_modules\@react-navigation\core\lib\module\useNavigationBuilder.js:562
Content @ C:\Users\USER\OneDrive\Desktop\PUP\node_modules\expo-router\build\ExpoRoot.js:161
react-stack-bottom-frame @ C:\Users\USER\OneDrive\Desktop\PUP\node_modules\react-dom\cjs\react-dom-client.development.js:23863
renderWithHooks @ C:\Users\USER\OneDrive\Desktop\PUP\node_modules\react-dom\cjs\react-dom-client.development.js:5529
updateFunctionComponent @ C:\Users\USER\OneDrive\Desktop\PUP\node_modules\react-dom\cjs\react-dom-client.development.js:8897
beginWork @ C:\Users\USER\OneDrive\Desktop\PUP\node_modules\react-dom\cjs\react-dom-client.development.js:10522
runWithFiberInDEV @ C:\Users\USER\OneDrive\Desktop\PUP\node_modules\react-dom\cjs\react-dom-client.development.js:1519
performUnitOfWork @ C:\Users\USER\OneDrive\Desktop\PUP\node_modules\react-dom\cjs\react-dom-client.development.js:15132
workLoopConcurrentByScheduler @ C:\Users\USER\OneDrive\Desktop\PUP\node_modules\react-dom\cjs\react-dom-client.development.js:15126
renderRootConcurrent @ C:\Users\USER\OneDrive\Desktop\PUP\node_modules\react-dom\cjs\react-dom-client.development.js:15101
performWorkOnRoot @ C:\Users\USER\OneDrive\Desktop\PUP\node_modules\react-dom\cjs\react-dom-client.development.js:14418
performWorkOnRootViaSchedulerTask @ C:\Users\USER\OneDrive\Desktop\PUP\node_modules\react-dom\cjs\react-dom-client.development.js:16216
performWorkUntilDeadline @ C:\Users\USER\OneDrive\Desktop\PUP\node_modules\scheduler\cjs\scheduler.development.js:45
<Content>
exports.jsxDEV @ C:\Users\USER\OneDrive\Desktop\PUP\node_modules\react\cjs\react-jsx-dev-runtime.development.js:346
ContextNavigator @ C:\Users\USER\OneDrive\Desktop\PUP\node_modules\expo-router\build\ExpoRoot.js:147
react-stack-bottom-frame @ C:\Users\USER\OneDrive\Desktop\PUP\node_modules\react-dom\cjs\react-dom-client.development.js:23863
renderWithHooks @ C:\Users\USER\OneDrive\Desktop\PUP\node_modules\react-dom\cjs\react-dom-client.development.js:5529
updateFunctionComponent @ C:\Users\USER\OneDrive\Desktop\PUP\node_modules\react-dom\cjs\react-dom-client.development.js:8897
beginWork @ C:\Users\USER\OneDrive\Desktop\PUP\node_modules\react-dom\cjs\react-dom-client.development.js:10522
runWithFiberInDEV @ C:\Users\USER\OneDrive\Desktop\PUP\node_modules\react-dom\cjs\react-dom-client.development.js:1519
performUnitOfWork @ C:\Users\USER\OneDrive\Desktop\PUP\node_modules\react-dom\cjs\react-dom-client.development.js:15132
workLoopConcurrentByScheduler @ C:\Users\USER\OneDrive\Desktop\PUP\node_modules\react-dom\cjs\react-dom-client.development.js:15126
renderRootConcurrent @ C:\Users\USER\OneDrive\Desktop\PUP\node_modules\react-dom\cjs\react-dom-client.development.js:15101
performWorkOnRoot @ C:\Users\USER\OneDrive\Desktop\PUP\node_modules\react-dom\cjs\react-dom-client.development.js:14418
performWorkOnRootViaSchedulerTask @ C:\Users\USER\OneDrive\Desktop\PUP\node_modules\react-dom\cjs\react-dom-client.development.js:16216
performWorkUntilDeadline @ C:\Users\USER\OneDrive\Desktop\PUP\node_modules\scheduler\cjs\scheduler.development.js:45
<ContextNavigator>
exports.jsxDEV @ C:\Users\USER\OneDrive\Desktop\PUP\node_modules\react\cjs\react-jsx-dev-runtime.development.js:346
ExpoRoot @ C:\Users\USER\OneDrive\Desktop\PUP\node_modules\expo-router\build\ExpoRoot.js:87
react-stack-bottom-frame @ C:\Users\USER\OneDrive\Desktop\PUP\node_modules\react-dom\cjs\react-dom-client.development.js:23863
renderWithHooks @ C:\Users\USER\OneDrive\Desktop\PUP\node_modules\react-dom\cjs\react-dom-client.development.js:5529
updateFunctionComponent @ C:\Users\USER\OneDrive\Desktop\PUP\node_modules\react-dom\cjs\react-dom-client.development.js:8897
beginWork @ C:\Users\USER\OneDrive\Desktop\PUP\node_modules\react-dom\cjs\react-dom-client.development.js:10522
runWithFiberInDEV @ C:\Users\USER\OneDrive\Desktop\PUP\node_modules\react-dom\cjs\react-dom-client.development.js:1519
performUnitOfWork @ C:\Users\USER\OneDrive\Desktop\PUP\node_modules\react-dom\cjs\react-dom-client.development.js:15132
workLoopConcurrentByScheduler @ C:\Users\USER\OneDrive\Desktop\PUP\node_modules\react-dom\cjs\react-dom-client.development.js:15126
renderRootConcurrent @ C:\Users\USER\OneDrive\Desktop\PUP\node_modules\react-dom\cjs\react-dom-client.development.js:15101
performWorkOnRoot @ C:\Users\USER\OneDrive\Desktop\PUP\node_modules\react-dom\cjs\react-dom-client.development.js:14418
performWorkOnRootViaSchedulerTask @ C:\Users\USER\OneDrive\Desktop\PUP\node_modules\react-dom\cjs\react-dom-client.development.js:16216
performWorkUntilDeadline @ C:\Users\USER\OneDrive\Desktop\PUP\node_modules\scheduler\cjs\scheduler.development.js:45
<ExpoRoot>
exports.jsxDEV @ C:\Users\USER\OneDrive\Desktop\PUP\node_modules\react\cjs\react-jsx-dev-runtime.development.js:346
App @ C:\Users\USER\OneDrive\Desktop\PUP\node_modules\expo-router\build\qualified-entry.js:21
react-stack-bottom-frame @ C:\Users\USER\OneDrive\Desktop\PUP\node_modules\react-dom\cjs\react-dom-client.development.js:23863
renderWithHooks @ C:\Users\USER\OneDrive\Desktop\PUP\node_modules\react-dom\cjs\react-dom-client.development.js:5529
updateFunctionComponent @ C:\Users\USER\OneDrive\Desktop\PUP\node_modules\react-dom\cjs\react-dom-client.development.js:8897
beginWork @ C:\Users\USER\OneDrive\Desktop\PUP\node_modules\react-dom\cjs\react-dom-client.development.js:10522
runWithFiberInDEV @ C:\Users\USER\OneDrive\Desktop\PUP\node_modules\react-dom\cjs\react-dom-client.development.js:1519
performUnitOfWork @ C:\Users\USER\OneDrive\Desktop\PUP\node_modules\react-dom\cjs\react-dom-client.development.js:15132
workLoopConcurrentByScheduler @ C:\Users\USER\OneDrive\Desktop\PUP\node_modules\react-dom\cjs\react-dom-client.development.js:15126
renderRootConcurrent @ C:\Users\USER\OneDrive\Desktop\PUP\node_modules\react-dom\cjs\react-dom-client.development.js:15101
performWorkOnRoot @ C:\Users\USER\OneDrive\Desktop\PUP\node_modules\react-dom\cjs\react-dom-client.development.js:14418
performWorkOnRootViaSchedulerTask @ C:\Users\USER\OneDrive\Desktop\PUP\node_modules\react-dom\cjs\react-dom-client.development.js:16216
performWorkUntilDeadline @ C:\Users\USER\OneDrive\Desktop\PUP\node_modules\scheduler\cjs\scheduler.development.js:45
<App>
exports.jsxDEV @ C:\Users\USER\OneDrive\Desktop\PUP\node_modules\react\cjs\react-jsx-dev-runtime.development.js:346
ErrorOverlay @ C:\Users\USER\OneDrive\Desktop\PUP\node_modules\@expo\metro-runtime\src\error-overlay\index.tsx:19
react-stack-bottom-frame @ C:\Users\USER\OneDrive\Desktop\PUP\node_modules\react-dom\cjs\react-dom-client.development.js:23863
renderWithHooks @ C:\Users\USER\OneDrive\Desktop\PUP\node_modules\react-dom\cjs\react-dom-client.development.js:5529
updateFunctionComponent @ C:\Users\USER\OneDrive\Desktop\PUP\node_modules\react-dom\cjs\react-dom-client.development.js:8897
beginWork @ C:\Users\USER\OneDrive\Desktop\PUP\node_modules\react-dom\cjs\react-dom-client.development.js:10522
runWithFiberInDEV @ C:\Users\USER\OneDrive\Desktop\PUP\node_modules\react-dom\cjs\react-dom-client.development.js:1519
performUnitOfWork @ C:\Users\USER\OneDrive\Desktop\PUP\node_modules\react-dom\cjs\react-dom-client.development.js:15132
workLoopConcurrentByScheduler @ C:\Users\USER\OneDrive\Desktop\PUP\node_modules\react-dom\cjs\react-dom-client.development.js:15126
renderRootConcurrent @ C:\Users\USER\OneDrive\Desktop\PUP\node_modules\react-dom\cjs\react-dom-client.development.js:15101
performWorkOnRoot @ C:\Users\USER\OneDrive\Desktop\PUP\node_modules\react-dom\cjs\react-dom-client.development.js:14418
performWorkOnRootViaSchedulerTask @ C:\Users\USER\OneDrive\Desktop\PUP\node_modules\react-dom\cjs\react-dom-client.development.js:16216
performWorkUntilDeadline @ C:\Users\USER\OneDrive\Desktop\PUP\node_modules\scheduler\cjs\scheduler.development.js:45
<ErrorOverlay>
exports.jsxDEV @ C:\Users\USER\OneDrive\Desktop\PUP\node_modules\react\cjs\react-jsx-dev-runtime.development.js:346
WithDevTools @ C:\Users\USER\OneDrive\Desktop\PUP\node_modules\expo\src\launch\withDevTools.web.tsx:11
react-stack-bottom-frame @ C:\Users\USER\OneDrive\Desktop\PUP\node_modules\react-dom\cjs\react-dom-client.development.js:23863
renderWithHooks @ C:\Users\USER\OneDrive\Desktop\PUP\node_modules\react-dom\cjs\react-dom-client.development.js:5529
updateFunctionComponent @ C:\Users\USER\OneDrive\Desktop\PUP\node_modules\react-dom\cjs\react-dom-client.development.js:8897
beginWork @ C:\Users\USER\OneDrive\Desktop\PUP\node_modules\react-dom\cjs\react-dom-client.development.js:10522
runWithFiberInDEV @ C:\Users\USER\OneDrive\Desktop\PUP\node_modules\react-dom\cjs\react-dom-client.development.js:1519
performUnitOfWork @ C:\Users\USER\OneDrive\Desktop\PUP\node_modules\react-dom\cjs\react-dom-client.development.js:15132
workLoopConcurrentByScheduler @ C:\Users\USER\OneDrive\Desktop\PUP\node_modules\react-dom\cjs\react-dom-client.development.js:15126
renderRootConcurrent @ C:\Users\USER\OneDrive\Desktop\PUP\node_modules\react-dom\cjs\react-dom-client.development.js:15101
performWorkOnRoot @ C:\Users\USER\OneDrive\Desktop\PUP\node_modules\react-dom\cjs\react-dom-client.development.js:14418
performWorkOnRootViaSchedulerTask @ C:\Users\USER\OneDrive\Desktop\PUP\node_modules\react-dom\cjs\react-dom-client.development.js:16216
performWorkUntilDeadline @ C:\Users\USER\OneDrive\Desktop\PUP\node_modules\scheduler\cjs\scheduler.development.js:45
<withDevTools(ErrorOverlay)>
exports.createElement @ C:\Users\USER\OneDrive\Desktop\PUP\node_modules\react\cjs\react.development.js:1033
renderApplication @ C:\Users\USER\OneDrive\Desktop\PUP\node_modules\react-native-web\dist\exports\AppRegistry\renderApplication.js:27
run @ C:\Users\USER\OneDrive\Desktop\PUP\node_modules\react-native-web\dist\exports\AppRegistry\index.js:36
runApplication @ C:\Users\USER\OneDrive\Desktop\PUP\node_modules\react-native-web\dist\exports\AppRegistry\index.js:74
registerRootComponent @ C:\Users\USER\OneDrive\Desktop\PUP\node_modules\expo\src\launch\registerRootComponent.tsx:58
(anonymous) @ C:\Users\USER\OneDrive\Desktop\PUP\node_modules\expo-router\build\renderRootComponent.js:88
exports.startTransition @ C:\Users\USER\OneDrive\Desktop\PUP\node_modules\react\cjs\react.development.js:1124
renderRootComponent @ C:\Users\USER\OneDrive\Desktop\PUP\node_modules\expo-router\build\renderRootComponent.js:85
(anonymous) @ C:\Users\USER\OneDrive\Desktop\PUP\node_modules\expo-router\entry-classic.js:10
loadModuleImplementation @ C:\Users\USER\OneDrive\Desktop\PUP\node_modules\expo\node_modules\@expo\cli\build\metro-require\require.js:248
guardedLoadModule @ C:\Users\USER\OneDrive\Desktop\PUP\node_modules\expo\node_modules\@expo\cli\build\metro-require\require.js:163
metroRequire @ C:\Users\USER\OneDrive\Desktop\PUP\node_modules\expo\node_modules\@expo\cli\build\metro-require\require.js:74
(anonymous) @ C:\Users\USER\OneDrive\Desktop\PUP\node_modules\expo-router\entry.js:3
loadModuleImplementation @ C:\Users\USER\OneDrive\Desktop\PUP\node_modules\expo\node_modules\@expo\cli\build\metro-require\require.js:248
guardedLoadModule @ C:\Users\USER\OneDrive\Desktop\PUP\node_modules\expo\node_modules\@expo\cli\build\metro-require\require.js:156
metroRequire @ C:\Users\USER\OneDrive\Desktop\PUP\node_modules\expo\node_modules\@expo\cli\build\metro-require\require.js:74
(anonymous) @ entry.bundle?platform=web&dev=true&hot=false&lazy=true&transform.routerRoot=app&transform.reactCompiler=true:196749
C:\Users\USER\OneDrive\Desktop\PUP\node_modules\@expo\metro-runtime\src\error-overlay\LogBox.web.ts:134 Chat error: Error: AI features are not available in the web browser due to API restrictions. Please use the mobile app (iOS or Android) for AI scanning and chat.
    at callQwenAPI (C:\Users\USER\OneDrive\Desktop\PUP\lib\qwen-ai.ts:199:11)
    at chatWithQwen (C:\Users\USER\OneDrive\Desktop\PUP\lib\qwen-ai.ts:345:10)
    at sendMessage (C:\Users\USER\OneDrive\Desktop\PUP\app\(tabs)\chat.tsx:67:42)
    at onClick (C:\Users\USER\OneDrive\Desktop\PUP\node_modules\react-native-web\dist\modules\usePressEvents\PressResponder.js:314:13)
    at executeDispatch (C:\Users\USER\OneDrive\Desktop\PUP\node_modules\react-dom\cjs\react-dom-client.development.js:16368:9)
    at runWithFiberInDEV (C:\Users\USER\OneDrive\Desktop\PUP\node_modules\react-dom\cjs\react-dom-client.development.js:1519:30)
    at processDispatchQueue (C:\Users\USER\OneDrive\Desktop\PUP\node_modules\react-dom\cjs\react-dom-client.development.js:16418:19)
    at C:\Users\USER\OneDrive\Desktop\PUP\node_modules\react-dom\cjs\react-dom-client.development.js:17016:9
    at batchedUpdates$1 (C:\Users\USER\OneDrive\Desktop\PUP\node_modules\react-dom\cjs\react-dom-client.development.js:3262:40)
    at dispatchEventForPluginEventSystem (C:\Users\USER\OneDrive\Desktop\PUP\node_modules\react-dom\cjs\react-dom-client.development.js:16572:7)
    at dispatchEvent (C:\Users\USER\OneDrive\Desktop\PUP\node_modules\react-dom\cjs\react-dom-client.development.js:20658:11)
    at dispatchDiscreteEvent (C:\Users\USER\OneDrive\Desktop\PUP\node_modules\react-dom\cjs\react-dom-client.development.js:20626:11)
registerError @ C:\Users\USER\OneDrive\Desktop\PUP\node_modules\@expo\metro-runtime\src\error-overlay\LogBox.web.ts:134
console.error @ C:\Users\USER\OneDrive\Desktop\PUP\node_modules\@expo\metro-runtime\src\error-overlay\LogBox.web.ts:59
sendMessage @ C:\Users\USER\OneDrive\Desktop\PUP\app\(tabs)\chat.tsx:78
await in sendMessage
onClick @ C:\Users\USER\OneDrive\Desktop\PUP\node_modules\react-native-web\dist\modules\usePressEvents\PressResponder.js:314
executeDispatch @ C:\Users\USER\OneDrive\Desktop\PUP\node_modules\react-dom\cjs\react-dom-client.development.js:16368
runWithFiberInDEV @ C:\Users\USER\OneDrive\Desktop\PUP\node_modules\react-dom\cjs\react-dom-client.development.js:1519
processDispatchQueue @ C:\Users\USER\OneDrive\Desktop\PUP\node_modules\react-dom\cjs\react-dom-client.development.js:16418
(anonymous) @ C:\Users\USER\OneDrive\Desktop\PUP\node_modules\react-dom\cjs\react-dom-client.development.js:17016
batchedUpdates$1 @ C:\Users\USER\OneDrive\Desktop\PUP\node_modules\react-dom\cjs\react-dom-client.development.js:3262
dispatchEventForPluginEventSystem @ C:\Users\USER\OneDrive\Desktop\PUP\node_modules\react-dom\cjs\react-dom-client.development.js:16572
dispatchEvent @ C:\Users\USER\OneDrive\Desktop\PUP\node_modules\react-dom\cjs\react-dom-client.development.js:20658
dispatchDiscreteEvent @ C:\Users\USER\OneDrive\Desktop\PUP\node_modules\react-dom\cjs\react-dom-client.development.js:20626
<div>
exports.createElement @ C:\Users\USER\OneDrive\Desktop\PUP\node_modules\react\cjs\react.development.js:1033
createElement @ C:\Users\USER\OneDrive\Desktop\PUP\node_modules\react-native-web\dist\exports\createElement\index.js:24
View @ C:\Users\USER\OneDrive\Desktop\PUP\node_modules\react-native-web\dist\exports\View\index.js:111
react-stack-bottom-frame @ C:\Users\USER\OneDrive\Desktop\PUP\node_modules\react-dom\cjs\react-dom-client.development.js:23863
renderWithHooks @ C:\Users\USER\OneDrive\Desktop\PUP\node_modules\react-dom\cjs\react-dom-client.development.js:5529
updateForwardRef @ C:\Users\USER\OneDrive\Desktop\PUP\node_modules\react-dom\cjs\react-dom-client.development.js:8645
beginWork @ C:\Users\USER\OneDrive\Desktop\PUP\node_modules\react-dom\cjs\react-dom-client.development.js:10861
runWithFiberInDEV @ C:\Users\USER\OneDrive\Desktop\PUP\node_modules\react-dom\cjs\react-dom-client.development.js:1519
performUnitOfWork @ C:\Users\USER\OneDrive\Desktop\PUP\node_modules\react-dom\cjs\react-dom-client.development.js:15132
workLoopSync @ C:\Users\USER\OneDrive\Desktop\PUP\node_modules\react-dom\cjs\react-dom-client.development.js:14956
renderRootSync @ C:\Users\USER\OneDrive\Desktop\PUP\node_modules\react-dom\cjs\react-dom-client.development.js:14936
performWorkOnRoot @ C:\Users\USER\OneDrive\Desktop\PUP\node_modules\react-dom\cjs\react-dom-client.development.js:14419
performSyncWorkOnRoot @ C:\Users\USER\OneDrive\Desktop\PUP\node_modules\react-dom\cjs\react-dom-client.development.js:16231
flushSyncWorkAcrossRoots_impl @ C:\Users\USER\OneDrive\Desktop\PUP\node_modules\react-dom\cjs\react-dom-client.development.js:16079
processRootScheduleInMicrotask @ C:\Users\USER\OneDrive\Desktop\PUP\node_modules\react-dom\cjs\react-dom-client.development.js:16116
(anonymous) @ C:\Users\USER\OneDrive\Desktop\PUP\node_modules\react-dom\cjs\react-dom-client.development.js:16250
<View>
exports.createElement @ C:\Users\USER\OneDrive\Desktop\PUP\node_modules\react\cjs\react.development.js:1033
TouchableOpacity @ C:\Users\USER\OneDrive\Desktop\PUP\node_modules\react-native-web\dist\exports\TouchableOpacity\index.js:90
react-stack-bottom-frame @ C:\Users\USER\OneDrive\Desktop\PUP\node_modules\react-dom\cjs\react-dom-client.development.js:23863
renderWithHooks @ C:\Users\USER\OneDrive\Desktop\PUP\node_modules\react-dom\cjs\react-dom-client.development.js:5529
updateForwardRef @ C:\Users\USER\OneDrive\Desktop\PUP\node_modules\react-dom\cjs\react-dom-client.development.js:8645
beginWork @ C:\Users\USER\OneDrive\Desktop\PUP\node_modules\react-dom\cjs\react-dom-client.development.js:10861
runWithFiberInDEV @ C:\Users\USER\OneDrive\Desktop\PUP\node_modules\react-dom\cjs\react-dom-client.development.js:1522
performUnitOfWork @ C:\Users\USER\OneDrive\Desktop\PUP\node_modules\react-dom\cjs\react-dom-client.development.js:15132
workLoopSync @ C:\Users\USER\OneDrive\Desktop\PUP\node_modules\react-dom\cjs\react-dom-client.development.js:14956
renderRootSync @ C:\Users\USER\OneDrive\Desktop\PUP\node_modules\react-dom\cjs\react-dom-client.development.js:14936
performWorkOnRoot @ C:\Users\USER\OneDrive\Desktop\PUP\node_modules\react-dom\cjs\react-dom-client.development.js:14419
performSyncWorkOnRoot @ C:\Users\USER\OneDrive\Desktop\PUP\node_modules\react-dom\cjs\react-dom-client.development.js:16231
flushSyncWorkAcrossRoots_impl @ C:\Users\USER\OneDrive\Desktop\PUP\node_modules\react-dom\cjs\react-dom-client.development.js:16079
processRootScheduleInMicrotask @ C:\Users\USER\OneDrive\Desktop\PUP\node_modules\react-dom\cjs\react-dom-client.development.js:16116
(anonymous) @ C:\Users\USER\OneDrive\Desktop\PUP\node_modules\react-dom\cjs\react-dom-client.development.js:16250
C:\Users\USER\OneDrive\Desktop\PUP\lib\firestore-rest.ts:275 [REST] queryCollection request: {collection: 'meal_plans', field: 'user_id', operator: '==', value: 'ifZP9BIlvpVfo2TN3imKiKixPUh2', hasAuth: true}
C:\Users\USER\OneDrive\Desktop\PUP\lib\firestore-rest.ts:133  POST https://firestore.googleapis.com/v1/projects/lasangpinoy-mobile/databases/(default)/documents:runQuery?key=AIzaSyAZ36rq3scKZDT5SsETJ_SYIOEB9Gcbkyk 404 (Not Found)
fetchWithTimeout @ C:\Users\USER\OneDrive\Desktop\PUP\lib\firestore-rest.ts:133
queryCollection @ C:\Users\USER\OneDrive\Desktop\PUP\lib\firestore-rest.ts:277
await in queryCollection
getMealPlans @ C:\Users\USER\OneDrive\Desktop\PUP\lib\firebase.ts:1417
fetchPlans @ C:\Users\USER\OneDrive\Desktop\PUP\app\(tabs)\meal-plan.tsx:96
(anonymous) @ C:\Users\USER\OneDrive\Desktop\PUP\app\(tabs)\meal-plan.tsx:84
callback @ C:\Users\USER\OneDrive\Desktop\PUP\node_modules\expo-router\build\useFocusEffect.js:98
(anonymous) @ C:\Users\USER\OneDrive\Desktop\PUP\node_modules\expo-router\build\useFocusEffect.js:133
react-stack-bottom-frame @ C:\Users\USER\OneDrive\Desktop\PUP\node_modules\react-dom\cjs\react-dom-client.development.js:23949
runWithFiberInDEV @ C:\Users\USER\OneDrive\Desktop\PUP\node_modules\react-dom\cjs\react-dom-client.development.js:1519
commitHookEffectListMount @ C:\Users\USER\OneDrive\Desktop\PUP\node_modules\react-dom\cjs\react-dom-client.development.js:11905
commitHookPassiveMountEffects @ C:\Users\USER\OneDrive\Desktop\PUP\node_modules\react-dom\cjs\react-dom-client.development.js:12026
commitPassiveMountOnFiber @ C:\Users\USER\OneDrive\Desktop\PUP\node_modules\react-dom\cjs\react-dom-client.development.js:13841
recursivelyTraversePassiveMountEffects @ C:\Users\USER\OneDrive\Desktop\PUP\node_modules\react-dom\cjs\react-dom-client.development.js:13815
commitPassiveMountOnFiber @ C:\Users\USER\OneDrive\Desktop\PUP\node_modules\react-dom\cjs\react-dom-client.development.js:13928
recursivelyTraversePassiveMountEffects @ C:\Users\USER\OneDrive\Desktop\PUP\node_modules\react-dom\cjs\react-dom-client.development.js:13815
commitPassiveMountOnFiber @ C:\Users\USER\OneDrive\Desktop\PUP\node_modules\react-dom\cjs\react-dom-client.development.js:13903
recursivelyTraversePassiveMountEffects @ C:\Users\USER\OneDrive\Desktop\PUP\node_modules\react-dom\cjs\react-dom-client.development.js:13815
commitPassiveMountOnFiber @ C:\Users\USER\OneDrive\Desktop\PUP\node_modules\react-dom\cjs\react-dom-client.development.js:13957
recursivelyTraversePassiveMountEffects @ C:\Users\USER\OneDrive\Desktop\PUP\node_modules\react-dom\cjs\react-dom-client.development.js:13815
commitPassiveMountOnFiber @ C:\Users\USER\OneDrive\Desktop\PUP\node_modules\react-dom\cjs\react-dom-client.development.js:13957
recursivelyTraversePassiveMountEffects @ C:\Users\USER\OneDrive\Desktop\PUP\node_modules\react-dom\cjs\react-dom-client.development.js:13815
commitPassiveMountOnFiber @ C:\Users\USER\OneDrive\Desktop\PUP\node_modules\react-dom\cjs\react-dom-client.development.js:13834
recursivelyTraversePassiveMountEffects @ C:\Users\USER\OneDrive\Desktop\PUP\node_modules\react-dom\cjs\react-dom-client.development.js:13815
commitPassiveMountOnFiber @ C:\Users\USER\OneDrive\Desktop\PUP\node_modules\react-dom\cjs\react-dom-client.development.js:13834
recursivelyTraversePassiveMountEffects @ C:\Users\USER\OneDrive\Desktop\PUP\node_modules\react-dom\cjs\react-dom-client.development.js:13815
commitPassiveMountOnFiber @ C:\Users\USER\OneDrive\Desktop\PUP\node_modules\react-dom\cjs\react-dom-client.development.js:13834
recursivelyTraversePassiveMountEffects @ C:\Users\USER\OneDrive\Desktop\PUP\node_modules\react-dom\cjs\react-dom-client.development.js:13815
commitPassiveMountOnFiber @ C:\Users\USER\OneDrive\Desktop\PUP\node_modules\react-dom\cjs\react-dom-client.development.js:13957
recursivelyTraversePassiveMountEffects @ C:\Users\USER\OneDrive\Desktop\PUP\node_modules\react-dom\cjs\react-dom-client.development.js:13815
commitPassiveMountOnFiber @ C:\Users\USER\OneDrive\Desktop\PUP\node_modules\react-dom\cjs\react-dom-client.development.js:13957
recursivelyTraversePassiveMountEffects @ C:\Users\USER\OneDrive\Desktop\PUP\node_modules\react-dom\cjs\react-dom-client.development.js:13815
commitPassiveMountOnFiber @ C:\Users\USER\OneDrive\Desktop\PUP\node_modules\react-dom\cjs\react-dom-client.development.js:13834
recursivelyTraversePassiveMountEffects @ C:\Users\USER\OneDrive\Desktop\PUP\node_modules\react-dom\cjs\react-dom-client.development.js:13815
commitPassiveMountOnFiber @ C:\Users\USER\OneDrive\Desktop\PUP\node_modules\react-dom\cjs\react-dom-client.development.js:13957
recursivelyTraversePassiveMountEffects @ C:\Users\USER\OneDrive\Desktop\PUP\node_modules\react-dom\cjs\react-dom-client.development.js:13815
commitPassiveMountOnFiber @ C:\Users\USER\OneDrive\Desktop\PUP\node_modules\react-dom\cjs\react-dom-client.development.js:13957
recursivelyTraversePassiveMountEffects @ C:\Users\USER\OneDrive\Desktop\PUP\node_modules\react-dom\cjs\react-dom-client.development.js:13815
commitPassiveMountOnFiber @ C:\Users\USER\OneDrive\Desktop\PUP\node_modules\react-dom\cjs\react-dom-client.development.js:13957
recursivelyTraversePassiveMountEffects @ C:\Users\USER\OneDrive\Desktop\PUP\node_modules\react-dom\cjs\react-dom-client.development.js:13815
commitPassiveMountOnFiber @ C:\Users\USER\OneDrive\Desktop\PUP\node_modules\react-dom\cjs\react-dom-client.development.js:13834
recursivelyTraversePassiveMountEffects @ C:\Users\USER\OneDrive\Desktop\PUP\node_modules\react-dom\cjs\react-dom-client.development.js:13815
commitPassiveMountOnFiber @ C:\Users\USER\OneDrive\Desktop\PUP\node_modules\react-dom\cjs\react-dom-client.development.js:13957
recursivelyTraversePassiveMountEffects @ C:\Users\USER\OneDrive\Desktop\PUP\node_modules\react-dom\cjs\react-dom-client.development.js:13815
commitPassiveMountOnFiber @ C:\Users\USER\OneDrive\Desktop\PUP\node_modules\react-dom\cjs\react-dom-client.development.js:13957
recursivelyTraversePassiveMountEffects @ C:\Users\USER\OneDrive\Desktop\PUP\node_modules\react-dom\cjs\react-dom-client.development.js:13815
commitPassiveMountOnFiber @ C:\Users\USER\OneDrive\Desktop\PUP\node_modules\react-dom\cjs\react-dom-client.development.js:13957
recursivelyTraversePassiveMountEffects @ C:\Users\USER\OneDrive\Desktop\PUP\node_modules\react-dom\cjs\react-dom-client.development.js:13815
commitPassiveMountOnFiber @ C:\Users\USER\OneDrive\Desktop\PUP\node_modules\react-dom\cjs\react-dom-client.development.js:13834
recursivelyTraversePassiveMountEffects @ C:\Users\USER\OneDrive\Desktop\PUP\node_modules\react-dom\cjs\react-dom-client.development.js:13815
commitPassiveMountOnFiber @ C:\Users\USER\OneDrive\Desktop\PUP\node_modules\react-dom\cjs\react-dom-client.development.js:13957
recursivelyTraversePassiveMountEffects @ C:\Users\USER\OneDrive\Desktop\PUP\node_modules\react-dom\cjs\react-dom-client.development.js:13815
commitPassiveMountOnFiber @ C:\Users\USER\OneDrive\Desktop\PUP\node_modules\react-dom\cjs\react-dom-client.development.js:13957
recursivelyTraversePassiveMountEffects @ C:\Users\USER\OneDrive\Desktop\PUP\node_modules\react-dom\cjs\react-dom-client.development.js:13815
commitPassiveMountOnFiber @ C:\Users\USER\OneDrive\Desktop\PUP\node_modules\react-dom\cjs\react-dom-client.development.js:13957
recursivelyTraversePassiveMountEffects @ C:\Users\USER\OneDrive\Desktop\PUP\node_modules\react-dom\cjs\react-dom-client.development.js:13815
commitPassiveMountOnFiber @ C:\Users\USER\OneDrive\Desktop\PUP\node_modules\react-dom\cjs\react-dom-client.development.js:13957
recursivelyTraversePassiveMountEffects @ C:\Users\USER\OneDrive\Desktop\PUP\node_modules\react-dom\cjs\react-dom-client.development.js:13815
commitPassiveMountOnFiber @ C:\Users\USER\OneDrive\Desktop\PUP\node_modules\react-dom\cjs\react-dom-client.development.js:13834
recursivelyTraversePassiveMountEffects @ C:\Users\USER\OneDrive\Desktop\PUP\node_modules\react-dom\cjs\react-dom-client.development.js:13815
commitPassiveMountOnFiber @ C:\Users\USER\OneDrive\Desktop\PUP\node_modules\react-dom\cjs\react-dom-client.development.js:13957
recursivelyTraversePassiveMountEffects @ C:\Users\USER\OneDrive\Desktop\PUP\node_modules\react-dom\cjs\react-dom-client.development.js:13815
commitPassiveMountOnFiber @ C:\Users\USER\OneDrive\Desktop\PUP\node_modules\react-dom\cjs\react-dom-client.development.js:13834
recursivelyTraversePassiveMountEffects @ C:\Users\USER\OneDrive\Desktop\PUP\node_modules\react-dom\cjs\react-dom-client.development.js:13815
commitPassiveMountOnFiber @ C:\Users\USER\OneDrive\Desktop\PUP\node_modules\react-dom\cjs\react-dom-client.development.js:13834
recursivelyTraversePassiveMountEffects @ C:\Users\USER\OneDrive\Desktop\PUP\node_modules\react-dom\cjs\react-dom-client.development.js:13815
commitPassiveMountOnFiber @ C:\Users\USER\OneDrive\Desktop\PUP\node_modules\react-dom\cjs\react-dom-client.development.js:13834
recursivelyTraversePassiveMountEffects @ C:\Users\USER\OneDrive\Desktop\PUP\node_modules\react-dom\cjs\react-dom-client.development.js:13815
commitPassiveMountOnFiber @ C:\Users\USER\OneDrive\Desktop\PUP\node_modules\react-dom\cjs\react-dom-client.development.js:13834
recursivelyTraversePassiveMountEffects @ C:\Users\USER\OneDrive\Desktop\PUP\node_modules\react-dom\cjs\react-dom-client.development.js:13815
commitPassiveMountOnFiber @ C:\Users\USER\OneDrive\Desktop\PUP\node_modules\react-dom\cjs\react-dom-client.development.js:13957
recursivelyTraversePassiveMountEffects @ C:\Users\USER\OneDrive\Desktop\PUP\node_modules\react-dom\cjs\react-dom-client.development.js:13815
commitPassiveMountOnFiber @ C:\Users\USER\OneDrive\Desktop\PUP\node_modules\react-dom\cjs\react-dom-client.development.js:13957
recursivelyTraversePassiveMountEffects @ C:\Users\USER\OneDrive\Desktop\PUP\node_modules\react-dom\cjs\react-dom-client.development.js:13815
commitPassiveMountOnFiber @ C:\Users\USER\OneDrive\Desktop\PUP\node_modules\react-dom\cjs\react-dom-client.development.js:13834
recursivelyTraversePassiveMountEffects @ C:\Users\USER\OneDrive\Desktop\PUP\node_modules\react-dom\cjs\react-dom-client.development.js:13815
commitPassiveMountOnFiber @ C:\Users\USER\OneDrive\Desktop\PUP\node_modules\react-dom\cjs\react-dom-client.development.js:13834
recursivelyTraversePassiveMountEffects @ C:\Users\USER\OneDrive\Desktop\PUP\node_modules\react-dom\cjs\react-dom-client.development.js:13815
commitPassiveMountOnFiber @ C:\Users\USER\OneDrive\Desktop\PUP\node_modules\react-dom\cjs\react-dom-client.development.js:13957
recursivelyTraversePassiveMountEffects @ C:\Users\USER\OneDrive\Desktop\PUP\node_modules\react-dom\cjs\react-dom-client.development.js:13815
commitPassiveMountOnFiber @ C:\Users\USER\OneDrive\Desktop\PUP\node_modules\react-dom\cjs\react-dom-client.development.js:13834
recursivelyTraversePassiveMountEffects @ C:\Users\USER\OneDrive\Desktop\PUP\node_modules\react-dom\cjs\react-dom-client.development.js:13815
commitPassiveMountOnFiber @ C:\Users\USER\OneDrive\Desktop\PUP\node_modules\react-dom\cjs\react-dom-client.development.js:13834
recursivelyTraversePassiveMountEffects @ C:\Users\USER\OneDrive\Desktop\PUP\node_modules\react-dom\cjs\react-dom-client.development.js:13815
commitPassiveMountOnFiber @ C:\Users\USER\OneDrive\Desktop\PUP\node_modules\react-dom\cjs\react-dom-client.development.js:13957
recursivelyTraversePassiveMountEffects @ C:\Users\USER\OneDrive\Desktop\PUP\node_modules\react-dom\cjs\react-dom-client.development.js:13815
commitPassiveMountOnFiber @ C:\Users\USER\OneDrive\Desktop\PUP\node_modules\react-dom\cjs\react-dom-client.development.js:13834
recursivelyTraversePassiveMountEffects @ C:\Users\USER\OneDrive\Desktop\PUP\node_modules\react-dom\cjs\react-dom-client.development.js:13815
commitPassiveMountOnFiber @ C:\Users\USER\OneDrive\Desktop\PUP\node_modules\react-dom\cjs\react-dom-client.development.js:13957
recursivelyTraversePassiveMountEffects @ C:\Users\USER\OneDrive\Desktop\PUP\node_modules\react-dom\cjs\react-dom-client.development.js:13815
commitPassiveMountOnFiber @ C:\Users\USER\OneDrive\Desktop\PUP\node_modules\react-dom\cjs\react-dom-client.development.js:13834
recursivelyTraversePassiveMountEffects @ C:\Users\USER\OneDrive\Desktop\PUP\node_modules\react-dom\cjs\react-dom-client.development.js:13815
commitPassiveMountOnFiber @ C:\Users\USER\OneDrive\Desktop\PUP\node_modules\react-dom\cjs\react-dom-client.development.js:13834
recursivelyTraversePassiveMountEffects @ C:\Users\USER\OneDrive\Desktop\PUP\node_modules\react-dom\cjs\react-dom-client.development.js:13815
commitPassiveMountOnFiber @ C:\Users\USER\OneDrive\Desktop\PUP\node_modules\react-dom\cjs\react-dom-client.development.js:13834
recursivelyTraversePassiveMountEffects @ C:\Users\USER\OneDrive\Desktop\PUP\node_modules\react-dom\cjs\react-dom-client.development.js:13815
commitPassiveMountOnFiber @ C:\Users\USER\OneDrive\Desktop\PUP\node_modules\react-dom\cjs\react-dom-client.development.js:13957
recursivelyTraversePassiveMountEffects @ C:\Users\USER\OneDrive\Desktop\PUP\node_modules\react-dom\cjs\react-dom-client.development.js:13815
commitPassiveMountOnFiber @ C:\Users\USER\OneDrive\Desktop\PUP\node_modules\react-dom\cjs\react-dom-client.development.js:13834
recursivelyTraversePassiveMountEffects @ C:\Users\USER\OneDrive\Desktop\PUP\node_modules\react-dom\cjs\react-dom-client.development.js:13815
commitPassiveMountOnFiber @ C:\Users\USER\OneDrive\Desktop\PUP\node_modules\react-dom\cjs\react-dom-client.development.js:13957
recursivelyTraversePassiveMountEffects @ C:\Users\USER\OneDrive\Desktop\PUP\node_modules\react-dom\cjs\react-dom-client.development.js:13815
commitPassiveMountOnFiber @ C:\Users\USER\OneDrive\Desktop\PUP\node_modules\react-dom\cjs\react-dom-client.development.js:13957
recursivelyTraversePassiveMountEffects @ C:\Users\USER\OneDrive\Desktop\PUP\node_modules\react-dom\cjs\react-dom-client.development.js:13815
commitPassiveMountOnFiber @ C:\Users\USER\OneDrive\Desktop\PUP\node_modules\react-dom\cjs\react-dom-client.development.js:13834
recursivelyTraversePassiveMountEffects @ C:\Users\USER\OneDrive\Desktop\PUP\node_modules\react-dom\cjs\react-dom-client.development.js:13815
commitPassiveMountOnFiber @ C:\Users\USER\OneDrive\Desktop\PUP\node_modules\react-dom\cjs\react-dom-client.development.js:13957
recursivelyTraversePassiveMountEffects @ C:\Users\USER\OneDrive\Desktop\PUP\node_modules\react-dom\cjs\react-dom-client.development.js:13815
commitPassiveMountOnFiber @ C:\Users\USER\OneDrive\Desktop\PUP\node_modules\react-dom\cjs\react-dom-client.development.js:13957
recursivelyTraversePassiveMountEffects @ C:\Users\USER\OneDrive\Desktop\PUP\node_modules\react-dom\cjs\react-dom-client.development.js:13815
commitPassiveMountOnFiber @ C:\Users\USER\OneDrive\Desktop\PUP\node_modules\react-dom\cjs\react-dom-client.development.js:13834
recursivelyTraversePassiveMountEffects @ C:\Users\USER\OneDrive\Desktop\PUP\node_modules\react-dom\cjs\react-dom-client.development.js:13815
commitPassiveMountOnFiber @ C:\Users\USER\OneDrive\Desktop\PUP\node_modules\react-dom\cjs\react-dom-client.development.js:13834
recursivelyTraversePassiveMountEffects @ C:\Users\USER\OneDrive\Desktop\PUP\node_modules\react-dom\cjs\react-dom-client.development.js:13815
commitPassiveMountOnFiber @ C:\Users\USER\OneDrive\Desktop\PUP\node_modules\react-dom\cjs\react-dom-client.development.js:13834
recursivelyTraversePassiveMountEffects @ C:\Users\USER\OneDrive\Desktop\PUP\node_modules\react-dom\cjs\react-dom-client.development.js:13815
commitPassiveMountOnFiber @ C:\Users\USER\OneDrive\Desktop\PUP\node_modules\react-dom\cjs\react-dom-client.development.js:13834
recursivelyTraversePassiveMountEffects @ C:\Users\USER\OneDrive\Desktop\PUP\node_modules\react-dom\cjs\react-dom-client.development.js:13815
commitPassiveMountOnFiber @ C:\Users\USER\OneDrive\Desktop\PUP\node_modules\react-dom\cjs\react-dom-client.development.js:13834
recursivelyTraversePassiveMountEffects @ C:\Users\USER\OneDrive\Desktop\PUP\node_modules\react-dom\cjs\react-dom-client.development.js:13815
commitPassiveMountOnFiber @ C:\Users\USER\OneDrive\Desktop\PUP\node_modules\react-dom\cjs\react-dom-client.development.js:13834
recursivelyTraversePassiveMountEffects @ C:\Users\USER\OneDrive\Desktop\PUP\node_modules\react-dom\cjs\react-dom-client.development.js:13815
commitPassiveMountOnFiber @ C:\Users\USER\OneDrive\Desktop\PUP\node_modules\react-dom\cjs\react-dom-client.development.js:13928
recursivelyTraversePassiveMountEffects @ C:\Users\USER\OneDrive\Desktop\PUP\node_modules\react-dom\cjs\react-dom-client.development.js:13815
commitPassiveMountOnFiber @ C:\Users\USER\OneDrive\Desktop\PUP\node_modules\react-dom\cjs\react-dom-client.development.js:13903
recursivelyTraversePassiveMountEffects @ C:\Users\USER\OneDrive\Desktop\PUP\node_modules\react-dom\cjs\react-dom-client.development.js:13815
commitPassiveMountOnFiber @ C:\Users\USER\OneDrive\Desktop\PUP\node_modules\react-dom\cjs\react-dom-client.development.js:13957
recursivelyTraversePassiveMountEffects @ C:\Users\USER\OneDrive\Desktop\PUP\node_modules\react-dom\cjs\react-dom-client.development.js:13815
commitPassiveMountOnFiber @ C:\Users\USER\OneDrive\Desktop\PUP\node_modules\react-dom\cjs\react-dom-client.development.js:13957
recursivelyTraversePassiveMountEffects @ C:\Users\USER\OneDrive\Desktop\PUP\node_modules\react-dom\cjs\react-dom-client.development.js:13815
commitPassiveMountOnFiber @ C:\Users\USER\OneDrive\Desktop\PUP\node_modules\react-dom\cjs\react-dom-client.development.js:13834
recursivelyTraversePassiveMountEffects @ C:\Users\USER\OneDrive\Desktop\PUP\node_modules\react-dom\cjs\react-dom-client.development.js:13815
commitPassiveMountOnFiber @ C:\Users\USER\OneDrive\Desktop\PUP\node_modules\react-dom\cjs\react-dom-client.development.js:13834
recursivelyTraversePassiveMountEffects @ C:\Users\USER\OneDrive\Desktop\PUP\node_modules\react-dom\cjs\react-dom-client.development.js:13815
commitPassiveMountOnFiber @ C:\Users\USER\OneDrive\Desktop\PUP\node_modules\react-dom\cjs\react-dom-client.development.js:13834
recursivelyTraversePassiveMountEffects @ C:\Users\USER\OneDrive\Desktop\PUP\node_modules\react-dom\cjs\react-dom-client.development.js:13815
commitPassiveMountOnFiber @ C:\Users\USER\OneDrive\Desktop\PUP\node_modules\react-dom\cjs\react-dom-client.development.js:13957
recursivelyTraversePassiveMountEffects @ C:\Users\USER\OneDrive\Desktop\PUP\node_modules\react-dom\cjs\react-dom-client.development.js:13815
commitPassiveMountOnFiber @ C:\Users\USER\OneDrive\Desktop\PUP\node_modules\react-dom\cjs\react-dom-client.development.js:13957
recursivelyTraversePassiveMountEffects @ C:\Users\USER\OneDrive\Desktop\PUP\node_modules\react-dom\cjs\react-dom-client.development.js:13815
commitPassiveMountOnFiber @ C:\Users\USER\OneDrive\Desktop\PUP\node_modules\react-dom\cjs\react-dom-client.development.js:13834
recursivelyTraversePassiveMountEffects @ C:\Users\USER\OneDrive\Desktop\PUP\node_modules\react-dom\cjs\react-dom-client.development.js:13815
commitPassiveMountOnFiber @ C:\Users\USER\OneDrive\Desktop\PUP\node_modules\react-dom\cjs\react-dom-client.development.js:13957
recursivelyTraversePassiveMountEffects @ C:\Users\USER\OneDrive\Desktop\PUP\node_modules\react-dom\cjs\react-dom-client.development.js:13815
commitPassiveMountOnFiber @ C:\Users\USER\OneDrive\Desktop\PUP\node_modules\react-dom\cjs\react-dom-client.development.js:13957
recursivelyTraversePassiveMountEffects @ C:\Users\USER\OneDrive\Desktop\PUP\node_modules\react-dom\cjs\react-dom-client.development.js:13815
commitPassiveMountOnFiber @ C:\Users\USER\OneDrive\Desktop\PUP\node_modules\react-dom\cjs\react-dom-client.development.js:13957
recursivelyTraversePassiveMountEffects @ C:\Users\USER\OneDrive\Desktop\PUP\node_modules\react-dom\cjs\react-dom-client.development.js:13815
commitPassiveMountOnFiber @ C:\Users\USER\OneDrive\Desktop\PUP\node_modules\react-dom\cjs\react-dom-client.development.js:13834
recursivelyTraversePassiveMountEffects @ C:\Users\USER\OneDrive\Desktop\PUP\node_modules\react-dom\cjs\react-dom-client.development.js:13815
commitPassiveMountOnFiber @ C:\Users\USER\OneDrive\Desktop\PUP\node_modules\react-dom\cjs\react-dom-client.development.js:13957
recursivelyTraversePassiveMountEffects @ C:\Users\USER\OneDrive\Desktop\PUP\node_modules\react-dom\cjs\react-dom-client.development.js:13815
commitPassiveMountOnFiber @ C:\Users\USER\OneDrive\Desktop\PUP\node_modules\react-dom\cjs\react-dom-client.development.js:13957
recursivelyTraversePassiveMountEffects @ C:\Users\USER\OneDrive\Desktop\PUP\node_modules\react-dom\cjs\react-dom-client.development.js:13815
commitPassiveMountOnFiber @ C:\Users\USER\OneDrive\Desktop\PUP\node_modules\react-dom\cjs\react-dom-client.development.js:13957
recursivelyTraversePassiveMountEffects @ C:\Users\USER\OneDrive\Desktop\PUP\node_modules\react-dom\cjs\react-dom-client.development.js:13815
commitPassiveMountOnFiber @ C:\Users\USER\OneDrive\Desktop\PUP\node_modules\react-dom\cjs\react-dom-client.development.js:13834
recursivelyTraversePassiveMountEffects @ C:\Users\USER\OneDrive\Desktop\PUP\node_modules\react-dom\cjs\react-dom-client.development.js:13815
commitPassiveMountOnFiber @ C:\Users\USER\OneDrive\Desktop\PUP\node_modules\react-dom\cjs\react-dom-client.development.js:13957
recursivelyTraversePassiveMountEffects @ C:\Users\USER\OneDrive\Desktop\PUP\node_modules\react-dom\cjs\react-dom-client.development.js:13815
commitPassiveMountOnFiber @ C:\Users\USER\OneDrive\Desktop\PUP\node_modules\react-dom\cjs\react-dom-client.development.js:13957
recursivelyTraversePassiveMountEffects @ C:\Users\USER\OneDrive\Desktop\PUP\node_modules\react-dom\cjs\react-dom-client.development.js:13815
commitPassiveMountOnFiber @ C:\Users\USER\OneDrive\Desktop\PUP\node_modules\react-dom\cjs\react-dom-client.development.js:13834
recursivelyTraversePassiveMountEffects @ C:\Users\USER\OneDrive\Desktop\PUP\node_modules\react-dom\cjs\react-dom-client.development.js:13815
commitPassiveMountOnFiber @ C:\Users\USER\OneDrive\Desktop\PUP\node_modules\react-dom\cjs\react-dom-client.development.js:13957
recursivelyTraversePassiveMountEffects @ C:\Users\USER\OneDrive\Desktop\PUP\node_modules\react-dom\cjs\react-dom-client.development.js:13815
commitPassiveMountOnFiber @ C:\Users\USER\OneDrive\Desktop\PUP\node_modules\react-dom\cjs\react-dom-client.development.js:13957
recursivelyTraversePassiveMountEffects @ C:\Users\USER\OneDrive\Desktop\PUP\node_modules\react-dom\cjs\react-dom-client.development.js:13815
commitPassiveMountOnFiber @ C:\Users\USER\OneDrive\Desktop\PUP\node_modules\react-dom\cjs\react-dom-client.development.js:13834
recursivelyTraversePassiveMountEffects @ C:\Users\USER\OneDrive\Desktop\PUP\node_modules\react-dom\cjs\react-dom-client.development.js:13815
commitPassiveMountOnFiber @ C:\Users\USER\OneDrive\Desktop\PUP\node_modules\react-dom\cjs\react-dom-client.development.js:13957
recursivelyTraversePassiveMountEffects @ C:\Users\USER\OneDrive\Desktop\PUP\node_modules\react-dom\cjs\react-dom-client.development.js:13815
commitPassiveMountOnFiber @ C:\Users\USER\OneDrive\Desktop\PUP\node_modules\react-dom\cjs\react-dom-client.development.js:13957
recursivelyTraversePassiveMountEffects @ C:\Users\USER\OneDrive\Desktop\PUP\node_modules\react-dom\cjs\react-dom-client.development.js:13815
commitPassiveMountOnFiber @ C:\Users\USER\OneDrive\Desktop\PUP\node_modules\react-dom\cjs\react-dom-client.development.js:13834
recursivelyTraversePassiveMountEffects @ C:\Users\USER\OneDrive\Desktop\PUP\node_modules\react-dom\cjs\react-dom-client.development.js:13815
commitPassiveMountOnFiber @ C:\Users\USER\OneDrive\Desktop\PUP\node_modules\react-dom\cjs\react-dom-client.development.js:13834
recursivelyTraversePassiveMountEffects @ C:\Users\USER\OneDrive\Desktop\PUP\node_modules\react-dom\cjs\react-dom-client.development.js:13815
commitPassiveMountOnFiber @ C:\Users\USER\OneDrive\Desktop\PUP\node_modules\react-dom\cjs\react-dom-client.development.js:13834
recursivelyTraversePassiveMountEffects @ C:\Users\USER\OneDrive\Desktop\PUP\node_modules\react-dom\cjs\react-dom-client.development.js:13815
commitPassiveMountOnFiber @ C:\Users\USER\OneDrive\Desktop\PUP\node_modules\react-dom\cjs\react-dom-client.development.js:13834
recursivelyTraversePassiveMountEffects @ C:\Users\USER\OneDrive\Desktop\PUP\node_modules\react-dom\cjs\react-dom-client.development.js:13815
commitPassiveMountOnFiber @ C:\Users\USER\OneDrive\Desktop\PUP\node_modules\react-dom\cjs\react-dom-client.development.js:13957
recursivelyTraversePassiveMountEffects @ C:\Users\USER\OneDrive\Desktop\PUP\node_modules\react-dom\cjs\react-dom-client.development.js:13815
commitPassiveMountOnFiber @ C:\Users\USER\OneDrive\Desktop\PUP\node_modules\react-dom\cjs\react-dom-client.development.js:13834
recursivelyTraversePassiveMountEffects @ C:\Users\USER\OneDrive\Desktop\PUP\node_modules\react-dom\cjs\react-dom-client.development.js:13815
commitPassiveMountOnFiber @ C:\Users\USER\OneDrive\Desktop\PUP\node_modules\react-dom\cjs\react-dom-client.development.js:13834
recursivelyTraversePassiveMountEffects @ C:\Users\USER\OneDrive\Desktop\PUP\node_modules\react-dom\cjs\react-dom-client.development.js:13815
commitPassiveMountOnFiber @ C:\Users\USER\OneDrive\Desktop\PUP\node_modules\react-dom\cjs\react-dom-client.development.js:13928
recursivelyTraversePassiveMountEffects @ C:\Users\USER\OneDrive\Desktop\PUP\node_modules\react-dom\cjs\react-dom-client.development.js:13815
commitPassiveMountOnFiber @ C:\Users\USER\OneDrive\Desktop\PUP\node_modules\react-dom\cjs\react-dom-client.development.js:13903
recursivelyTraversePassiveMountEffects @ C:\Users\USER\OneDrive\Desktop\PUP\node_modules\react-dom\cjs\react-dom-client.development.js:13815
commitPassiveMountOnFiber @ C:\Users\USER\OneDrive\Desktop\PUP\node_modules\react-dom\cjs\react-dom-client.development.js:13957
recursivelyTraversePassiveMountEffects @ C:\Users\USER\OneDrive\Desktop\PUP\node_modules\react-dom\cjs\react-dom-client.development.js:13815
commitPassiveMountOnFiber @ C:\Users\USER\OneDrive\Desktop\PUP\node_modules\react-dom\cjs\react-dom-client.development.js:13957
recursivelyTraversePassiveMountEffects @ C:\Users\USER\OneDrive\Desktop\PUP\node_modules\react-dom\cjs\react-dom-client.development.js:13815
commitPassiveMountOnFiber @ C:\Users\USER\OneDrive\Desktop\PUP\node_modules\react-dom\cjs\react-dom-client.development.js:13834
recursivelyTraversePassiveMountEffects @ C:\Users\USER\OneDrive\Desktop\PUP\node_modules\react-dom\cjs\react-dom-client.development.js:13815
commitPassiveMountOnFiber @ C:\Users\USER\OneDrive\Desktop\PUP\node_modules\react-dom\cjs\react-dom-client.development.js:13834
recursivelyTraversePassiveMountEffects @ C:\Users\USER\OneDrive\Desktop\PUP\node_modules\react-dom\cjs\react-dom-client.development.js:13815
commitPassiveMountOnFiber @ C:\Users\USER\OneDrive\Desktop\PUP\node_modules\react-dom\cjs\react-dom-client.development.js:13834
recursivelyTraversePassiveMountEffects @ C:\Users\USER\OneDrive\Desktop\PUP\node_modules\react-dom\cjs\react-dom-client.development.js:13815
<MealPlanScreen(./(tabs)/meal-plan.tsx)>
exports.jsxDEV @ C:\Users\USER\OneDrive\Desktop\PUP\node_modules\react\cjs\react-jsx-dev-runtime.development.js:346
BaseRoute @ C:\Users\USER\OneDrive\Desktop\PUP\node_modules\expo-router\build\useScreens.js:213
react-stack-bottom-frame @ C:\Users\USER\OneDrive\Desktop\PUP\node_modules\react-dom\cjs\react-dom-client.development.js:23863
renderWithHooks @ C:\Users\USER\OneDrive\Desktop\PUP\node_modules\react-dom\cjs\react-dom-client.development.js:5529
updateFunctionComponent @ C:\Users\USER\OneDrive\Desktop\PUP\node_modules\react-dom\cjs\react-dom-client.development.js:8897
beginWork @ C:\Users\USER\OneDrive\Desktop\PUP\node_modules\react-dom\cjs\react-dom-client.development.js:10522
runWithFiberInDEV @ C:\Users\USER\OneDrive\Desktop\PUP\node_modules\react-dom\cjs\react-dom-client.development.js:1519
performUnitOfWork @ C:\Users\USER\OneDrive\Desktop\PUP\node_modules\react-dom\cjs\react-dom-client.development.js:15132
workLoopSync @ C:\Users\USER\OneDrive\Desktop\PUP\node_modules\react-dom\cjs\react-dom-client.development.js:14956
renderRootSync @ C:\Users\USER\OneDrive\Desktop\PUP\node_modules\react-dom\cjs\react-dom-client.development.js:14936
performWorkOnRoot @ C:\Users\USER\OneDrive\Desktop\PUP\node_modules\react-dom\cjs\react-dom-client.development.js:14419
performSyncWorkOnRoot @ C:\Users\USER\OneDrive\Desktop\PUP\node_modules\react-dom\cjs\react-dom-client.development.js:16231
flushSyncWorkAcrossRoots_impl @ C:\Users\USER\OneDrive\Desktop\PUP\node_modules\react-dom\cjs\react-dom-client.development.js:16079
processRootScheduleInMicrotask @ C:\Users\USER\OneDrive\Desktop\PUP\node_modules\react-dom\cjs\react-dom-client.development.js:16116
(anonymous) @ C:\Users\USER\OneDrive\Desktop\PUP\node_modules\react-dom\cjs\react-dom-client.development.js:16250
<Route(meal-plan)>
exports.jsx @ C:\Users\USER\OneDrive\Desktop\PUP\node_modules\react\cjs\react-jsx-runtime.development.js:339
SceneView @ C:\Users\USER\OneDrive\Desktop\PUP\node_modules\@react-navigation\core\lib\module\SceneView.js:125
react-stack-bottom-frame @ C:\Users\USER\OneDrive\Desktop\PUP\node_modules\react-dom\cjs\react-dom-client.development.js:23863
renderWithHooks @ C:\Users\USER\OneDrive\Desktop\PUP\node_modules\react-dom\cjs\react-dom-client.development.js:5529
updateFunctionComponent @ C:\Users\USER\OneDrive\Desktop\PUP\node_modules\react-dom\cjs\react-dom-client.development.js:8897
beginWork @ C:\Users\USER\OneDrive\Desktop\PUP\node_modules\react-dom\cjs\react-dom-client.development.js:10522
runWithFiberInDEV @ C:\Users\USER\OneDrive\Desktop\PUP\node_modules\react-dom\cjs\react-dom-client.development.js:1519
performUnitOfWork @ C:\Users\USER\OneDrive\Desktop\PUP\node_modules\react-dom\cjs\react-dom-client.development.js:15132
workLoopSync @ C:\Users\USER\OneDrive\Desktop\PUP\node_modules\react-dom\cjs\react-dom-client.development.js:14956
renderRootSync @ C:\Users\USER\OneDrive\Desktop\PUP\node_modules\react-dom\cjs\react-dom-client.development.js:14936
performWorkOnRoot @ C:\Users\USER\OneDrive\Desktop\PUP\node_modules\react-dom\cjs\react-dom-client.development.js:14419
performSyncWorkOnRoot @ C:\Users\USER\OneDrive\Desktop\PUP\node_modules\react-dom\cjs\react-dom-client.development.js:16231
flushSyncWorkAcrossRoots_impl @ C:\Users\USER\OneDrive\Desktop\PUP\node_modules\react-dom\cjs\react-dom-client.development.js:16079
processRootScheduleInMicrotask @ C:\Users\USER\OneDrive\Desktop\PUP\node_modules\react-dom\cjs\react-dom-client.development.js:16116
(anonymous) @ C:\Users\USER\OneDrive\Desktop\PUP\node_modules\react-dom\cjs\react-dom-client.development.js:16250
<SceneView>
exports.jsx @ C:\Users\USER\OneDrive\Desktop\PUP\node_modules\react\cjs\react-jsx-runtime.development.js:339
render @ C:\Users\USER\OneDrive\Desktop\PUP\node_modules\@react-navigation\core\lib\module\useDescriptors.js:108
(anonymous) @ C:\Users\USER\OneDrive\Desktop\PUP\node_modules\@react-navigation\core\lib\module\useDescriptors.js:140
useDescriptors @ C:\Users\USER\OneDrive\Desktop\PUP\node_modules\@react-navigation\core\lib\module\useDescriptors.js:137
useNavigationBuilder @ C:\Users\USER\OneDrive\Desktop\PUP\node_modules\@react-navigation\core\lib\module\useNavigationBuilder.js:562
BottomTabNavigator @ C:\Users\USER\OneDrive\Desktop\PUP\node_modules\@react-navigation\bottom-tabs\lib\module\navigators\createBottomTabNavigator.js:24
react-stack-bottom-frame @ C:\Users\USER\OneDrive\Desktop\PUP\node_modules\react-dom\cjs\react-dom-client.development.js:23863
renderWithHooks @ C:\Users\USER\OneDrive\Desktop\PUP\node_modules\react-dom\cjs\react-dom-client.development.js:5529
updateFunctionComponent @ C:\Users\USER\OneDrive\Desktop\PUP\node_modules\react-dom\cjs\react-dom-client.development.js:8897
beginWork @ C:\Users\USER\OneDrive\Desktop\PUP\node_modules\react-dom\cjs\react-dom-client.development.js:10522
runWithFiberInDEV @ C:\Users\USER\OneDrive\Desktop\PUP\node_modules\react-dom\cjs\react-dom-client.development.js:1519
performUnitOfWork @ C:\Users\USER\OneDrive\Desktop\PUP\node_modules\react-dom\cjs\react-dom-client.development.js:15132
workLoopSync @ C:\Users\USER\OneDrive\Desktop\PUP\node_modules\react-dom\cjs\react-dom-client.development.js:14956
renderRootSync @ C:\Users\USER\OneDrive\Desktop\PUP\node_modules\react-dom\cjs\react-dom-client.development.js:14936
performWorkOnRoot @ C:\Users\USER\OneDrive\Desktop\PUP\node_modules\react-dom\cjs\react-dom-client.development.js:14419
performSyncWorkOnRoot @ C:\Users\USER\OneDrive\Desktop\PUP\node_modules\react-dom\cjs\react-dom-client.development.js:16231
flushSyncWorkAcrossRoots_impl @ C:\Users\USER\OneDrive\Desktop\PUP\node_modules\react-dom\cjs\react-dom-client.development.js:16079
processRootScheduleInMicrotask @ C:\Users\USER\OneDrive\Desktop\PUP\node_modules\react-dom\cjs\react-dom-client.development.js:16116
(anonymous) @ C:\Users\USER\OneDrive\Desktop\PUP\node_modules\react-dom\cjs\react-dom-client.development.js:16250
<BottomTabNavigator>
exports.jsxDEV @ C:\Users\USER\OneDrive\Desktop\PUP\node_modules\react\cjs\react-jsx-dev-runtime.development.js:346
(anonymous) @ C:\Users\USER\OneDrive\Desktop\PUP\node_modules\expo-router\build\layouts\withLayoutContext.js:156
react-stack-bottom-frame @ C:\Users\USER\OneDrive\Desktop\PUP\node_modules\react-dom\cjs\react-dom-client.development.js:23863
renderWithHooks @ C:\Users\USER\OneDrive\Desktop\PUP\node_modules\react-dom\cjs\react-dom-client.development.js:5529
updateForwardRef @ C:\Users\USER\OneDrive\Desktop\PUP\node_modules\react-dom\cjs\react-dom-client.development.js:8645
beginWork @ C:\Users\USER\OneDrive\Desktop\PUP\node_modules\react-dom\cjs\react-dom-client.development.js:10861
runWithFiberInDEV @ C:\Users\USER\OneDrive\Desktop\PUP\node_modules\react-dom\cjs\react-dom-client.development.js:1519
performUnitOfWork @ C:\Users\USER\OneDrive\Desktop\PUP\node_modules\react-dom\cjs\react-dom-client.development.js:15132
workLoopSync @ C:\Users\USER\OneDrive\Desktop\PUP\node_modules\react-dom\cjs\react-dom-client.development.js:14956
renderRootSync @ C:\Users\USER\OneDrive\Desktop\PUP\node_modules\react-dom\cjs\react-dom-client.development.js:14936
performWorkOnRoot @ C:\Users\USER\OneDrive\Desktop\PUP\node_modules\react-dom\cjs\react-dom-client.development.js:14419
performSyncWorkOnRoot @ C:\Users\USER\OneDrive\Desktop\PUP\node_modules\react-dom\cjs\react-dom-client.development.js:16231
flushSyncWorkAcrossRoots_impl @ C:\Users\USER\OneDrive\Desktop\PUP\node_modules\react-dom\cjs\react-dom-client.development.js:16079
flushPassiveEffects @ C:\Users\USER\OneDrive\Desktop\PUP\node_modules\react-dom\cjs\react-dom-client.development.js:15749
(anonymous) @ C:\Users\USER\OneDrive\Desktop\PUP\node_modules\react-dom\cjs\react-dom-client.development.js:15379
performWorkUntilDeadline @ C:\Users\USER\OneDrive\Desktop\PUP\node_modules\scheduler\cjs\scheduler.development.js:45
<ForwardRef>
exports.jsxDEV @ C:\Users\USER\OneDrive\Desktop\PUP\node_modules\react\cjs\react-jsx-dev-runtime.development.js:346
Object.assign.Screen @ C:\Users\USER\OneDrive\Desktop\PUP\node_modules\expo-router\build\layouts\TabsClient.js:46
react-stack-bottom-frame @ C:\Users\USER\OneDrive\Desktop\PUP\node_modules\react-dom\cjs\react-dom-client.development.js:23863
renderWithHooks @ C:\Users\USER\OneDrive\Desktop\PUP\node_modules\react-dom\cjs\react-dom-client.development.js:5529
updateFunctionComponent @ C:\Users\USER\OneDrive\Desktop\PUP\node_modules\react-dom\cjs\react-dom-client.development.js:8897
beginWork @ C:\Users\USER\OneDrive\Desktop\PUP\node_modules\react-dom\cjs\react-dom-client.development.js:10522
runWithFiberInDEV @ C:\Users\USER\OneDrive\Desktop\PUP\node_modules\react-dom\cjs\react-dom-client.development.js:1519
performUnitOfWork @ C:\Users\USER\OneDrive\Desktop\PUP\node_modules\react-dom\cjs\react-dom-client.development.js:15132
workLoopSync @ C:\Users\USER\OneDrive\Desktop\PUP\node_modules\react-dom\cjs\react-dom-client.development.js:14956
renderRootSync @ C:\Users\USER\OneDrive\Desktop\PUP\node_modules\react-dom\cjs\react-dom-client.development.js:14936
performWorkOnRoot @ C:\Users\USER\OneDrive\Desktop\PUP\node_modules\react-dom\cjs\react-dom-client.development.js:14419
performSyncWorkOnRoot @ C:\Users\USER\OneDrive\Desktop\PUP\node_modules\react-dom\cjs\react-dom-client.development.js:16231
flushSyncWorkAcrossRoots_impl @ C:\Users\USER\OneDrive\Desktop\PUP\node_modules\react-dom\cjs\react-dom-client.development.js:16079
flushPassiveEffects @ C:\Users\USER\OneDrive\Desktop\PUP\node_modules\react-dom\cjs\react-dom-client.development.js:15749
(anonymous) @ C:\Users\USER\OneDrive\Desktop\PUP\node_modules\react-dom\cjs\react-dom-client.development.js:15379
performWorkUntilDeadline @ C:\Users\USER\OneDrive\Desktop\PUP\node_modules\scheduler\cjs\scheduler.development.js:45
<...>
exports.jsxDEV @ C:\Users\USER\OneDrive\Desktop\PUP\node_modules\react\cjs\react-jsx-dev-runtime.development.js:346
TabLayout @ C:\Users\USER\OneDrive\Desktop\PUP\app\(tabs)\_layout.tsx:6
react-stack-bottom-frame @ C:\Users\USER\OneDrive\Desktop\PUP\node_modules\react-dom\cjs\react-dom-client.development.js:23863
renderWithHooks @ C:\Users\USER\OneDrive\Desktop\PUP\node_modules\react-dom\cjs\react-dom-client.development.js:5529
updateFunctionComponent @ C:\Users\USER\OneDrive\Desktop\PUP\node_modules\react-dom\cjs\react-dom-client.development.js:8897
beginWork @ C:\Users\USER\OneDrive\Desktop\PUP\node_modules\react-dom\cjs\react-dom-client.development.js:10522
runWithFiberInDEV @ C:\Users\USER\OneDrive\Desktop\PUP\node_modules\react-dom\cjs\react-dom-client.development.js:1519
performUnitOfWork @ C:\Users\USER\OneDrive\Desktop\PUP\node_modules\react-dom\cjs\react-dom-client.development.js:15132
workLoopSync @ C:\Users\USER\OneDrive\Desktop\PUP\node_modules\react-dom\cjs\react-dom-client.development.js:14956
renderRootSync @ C:\Users\USER\OneDrive\Desktop\PUP\node_modules\react-dom\cjs\react-dom-client.development.js:14936
performWorkOnRoot @ C:\Users\USER\OneDrive\Desktop\PUP\node_modules\react-dom\cjs\react-dom-client.development.js:14419
performSyncWorkOnRoot @ C:\Users\USER\OneDrive\Desktop\PUP\node_modules\react-dom\cjs\react-dom-client.development.js:16231
flushSyncWorkAcrossRoots_impl @ C:\Users\USER\OneDrive\Desktop\PUP\node_modules\react-dom\cjs\react-dom-client.development.js:16079
flushPassiveEffects @ C:\Users\USER\OneDrive\Desktop\PUP\node_modules\react-dom\cjs\react-dom-client.development.js:15749
(anonymous) @ C:\Users\USER\OneDrive\Desktop\PUP\node_modules\react-dom\cjs\react-dom-client.development.js:15379
performWorkUntilDeadline @ C:\Users\USER\OneDrive\Desktop\PUP\node_modules\scheduler\cjs\scheduler.development.js:45
<TabLayout(./(tabs)/_layout.tsx)>
exports.jsxDEV @ C:\Users\USER\OneDrive\Desktop\PUP\node_modules\react\cjs\react-jsx-dev-runtime.development.js:346
BaseRoute @ C:\Users\USER\OneDrive\Desktop\PUP\node_modules\expo-router\build\useScreens.js:213
react-stack-bottom-frame @ C:\Users\USER\OneDrive\Desktop\PUP\node_modules\react-dom\cjs\react-dom-client.development.js:23863
renderWithHooks @ C:\Users\USER\OneDrive\Desktop\PUP\node_modules\react-dom\cjs\react-dom-client.development.js:5529
updateFunctionComponent @ C:\Users\USER\OneDrive\Desktop\PUP\node_modules\react-dom\cjs\react-dom-client.development.js:8897
beginWork @ C:\Users\USER\OneDrive\Desktop\PUP\node_modules\react-dom\cjs\react-dom-client.development.js:10522
runWithFiberInDEV @ C:\Users\USER\OneDrive\Desktop\PUP\node_modules\react-dom\cjs\react-dom-client.development.js:1519
performUnitOfWork @ C:\Users\USER\OneDrive\Desktop\PUP\node_modules\react-dom\cjs\react-dom-client.development.js:15132
workLoopSync @ C:\Users\USER\OneDrive\Desktop\PUP\node_modules\react-dom\cjs\react-dom-client.development.js:14956
renderRootSync @ C:\Users\USER\OneDrive\Desktop\PUP\node_modules\react-dom\cjs\react-dom-client.development.js:14936
performWorkOnRoot @ C:\Users\USER\OneDrive\Desktop\PUP\node_modules\react-dom\cjs\react-dom-client.development.js:14419
performSyncWorkOnRoot @ C:\Users\USER\OneDrive\Desktop\PUP\node_modules\react-dom\cjs\react-dom-client.development.js:16231
flushSyncWorkAcrossRoots_impl @ C:\Users\USER\OneDrive\Desktop\PUP\node_modules\react-dom\cjs\react-dom-client.development.js:16079
flushPassiveEffects @ C:\Users\USER\OneDrive\Desktop\PUP\node_modules\react-dom\cjs\react-dom-client.development.js:15749
(anonymous) @ C:\Users\USER\OneDrive\Desktop\PUP\node_modules\react-dom\cjs\react-dom-client.development.js:15379
performWorkUntilDeadline @ C:\Users\USER\OneDrive\Desktop\PUP\node_modules\scheduler\cjs\scheduler.development.js:45
<Route((tabs))>
exports.jsx @ C:\Users\USER\OneDrive\Desktop\PUP\node_modules\react\cjs\react-jsx-runtime.development.js:339
SceneView @ C:\Users\USER\OneDrive\Desktop\PUP\node_modules\@react-navigation\core\lib\module\SceneView.js:125
react-stack-bottom-frame @ C:\Users\USER\OneDrive\Desktop\PUP\node_modules\react-dom\cjs\react-dom-client.development.js:23863
renderWithHooks @ C:\Users\USER\OneDrive\Desktop\PUP\node_modules\react-dom\cjs\react-dom-client.development.js:5529
updateFunctionComponent @ C:\Users\USER\OneDrive\Desktop\PUP\node_modules\react-dom\cjs\react-dom-client.development.js:8897
beginWork @ C:\Users\USER\OneDrive\Desktop\PUP\node_modules\react-dom\cjs\react-dom-client.development.js:10522
runWithFiberInDEV @ C:\Users\USER\OneDrive\Desktop\PUP\node_modules\react-dom\cjs\react-dom-client.development.js:1519
performUnitOfWork @ C:\Users\USER\OneDrive\Desktop\PUP\node_modules\react-dom\cjs\react-dom-client.development.js:15132
workLoopSync @ C:\Users\USER\OneDrive\Desktop\PUP\node_modules\react-dom\cjs\react-dom-client.development.js:14956
renderRootSync @ C:\Users\USER\OneDrive\Desktop\PUP\node_modules\react-dom\cjs\react-dom-client.development.js:14936
performWorkOnRoot @ C:\Users\USER\OneDrive\Desktop\PUP\node_modules\react-dom\cjs\react-dom-client.development.js:14419
performSyncWorkOnRoot @ C:\Users\USER\OneDrive\Desktop\PUP\node_modules\react-dom\cjs\react-dom-client.development.js:16231
flushSyncWorkAcrossRoots_impl @ C:\Users\USER\OneDrive\Desktop\PUP\node_modules\react-dom\cjs\react-dom-client.development.js:16079
flushPassiveEffects @ C:\Users\USER\OneDrive\Desktop\PUP\node_modules\react-dom\cjs\react-dom-client.development.js:15749
(anonymous) @ C:\Users\USER\OneDrive\Desktop\PUP\node_modules\react-dom\cjs\react-dom-client.development.js:15379
performWorkUntilDeadline @ C:\Users\USER\OneDrive\Desktop\PUP\node_modules\scheduler\cjs\scheduler.development.js:45
<SceneView>
exports.jsx @ C:\Users\USER\OneDrive\Desktop\PUP\node_modules\react\cjs\react-jsx-runtime.development.js:339
render @ C:\Users\USER\OneDrive\Desktop\PUP\node_modules\@react-navigation\core\lib\module\useDescriptors.js:108
(anonymous) @ C:\Users\USER\OneDrive\Desktop\PUP\node_modules\@react-navigation\core\lib\module\useDescriptors.js:140
useDescriptors @ C:\Users\USER\OneDrive\Desktop\PUP\node_modules\@react-navigation\core\lib\module\useDescriptors.js:137
useNavigationBuilder @ C:\Users\USER\OneDrive\Desktop\PUP\node_modules\@react-navigation\core\lib\module\useNavigationBuilder.js:562
SlotNavigator @ C:\Users\USER\OneDrive\Desktop\PUP\node_modules\expo-router\build\views\Navigator.js:107
react-stack-bottom-frame @ C:\Users\USER\OneDrive\Desktop\PUP\node_modules\react-dom\cjs\react-dom-client.development.js:23863
renderWithHooks @ C:\Users\USER\OneDrive\Desktop\PUP\node_modules\react-dom\cjs\react-dom-client.development.js:5529
updateFunctionComponent @ C:\Users\USER\OneDrive\Desktop\PUP\node_modules\react-dom\cjs\react-dom-client.development.js:8897
beginWork @ C:\Users\USER\OneDrive\Desktop\PUP\node_modules\react-dom\cjs\react-dom-client.development.js:10522
runWithFiberInDEV @ C:\Users\USER\OneDrive\Desktop\PUP\node_modules\react-dom\cjs\react-dom-client.development.js:1519
performUnitOfWork @ C:\Users\USER\OneDrive\Desktop\PUP\node_modules\react-dom\cjs\react-dom-client.development.js:15132
workLoopSync @ C:\Users\USER\OneDrive\Desktop\PUP\node_modules\react-dom\cjs\react-dom-client.development.js:14956
renderRootSync @ C:\Users\USER\OneDrive\Desktop\PUP\node_modules\react-dom\cjs\react-dom-client.development.js:14936
performWorkOnRoot @ C:\Users\USER\OneDrive\Desktop\PUP\node_modules\react-dom\cjs\react-dom-client.development.js:14419
performSyncWorkOnRoot @ C:\Users\USER\OneDrive\Desktop\PUP\node_modules\react-dom\cjs\react-dom-client.development.js:16231
flushSyncWorkAcrossRoots_impl @ C:\Users\USER\OneDrive\Desktop\PUP\node_modules\react-dom\cjs\react-dom-client.development.js:16079
flushPassiveEffects @ C:\Users\USER\OneDrive\Desktop\PUP\node_modules\react-dom\cjs\react-dom-client.development.js:15749
(anonymous) @ C:\Users\USER\OneDrive\Desktop\PUP\node_modules\react-dom\cjs\react-dom-client.development.js:15379
performWorkUntilDeadline @ C:\Users\USER\OneDrive\Desktop\PUP\node_modules\scheduler\cjs\scheduler.development.js:45
<SlotNavigator>
exports.jsxDEV @ C:\Users\USER\OneDrive\Desktop\PUP\node_modules\react\cjs\react-jsx-dev-runtime.development.js:346
Slot @ C:\Users\USER\OneDrive\Desktop\PUP\node_modules\expo-router\build\views\Navigator.js:130
react-stack-bottom-frame @ C:\Users\USER\OneDrive\Desktop\PUP\node_modules\react-dom\cjs\react-dom-client.development.js:23863
renderWithHooks @ C:\Users\USER\OneDrive\Desktop\PUP\node_modules\react-dom\cjs\react-dom-client.development.js:5529
updateFunctionComponent @ C:\Users\USER\OneDrive\Desktop\PUP\node_modules\react-dom\cjs\react-dom-client.development.js:8897
beginWork @ C:\Users\USER\OneDrive\Desktop\PUP\node_modules\react-dom\cjs\react-dom-client.development.js:10522
runWithFiberInDEV @ C:\Users\USER\OneDrive\Desktop\PUP\node_modules\react-dom\cjs\react-dom-client.development.js:1519
performUnitOfWork @ C:\Users\USER\OneDrive\Desktop\PUP\node_modules\react-dom\cjs\react-dom-client.development.js:15132
workLoopConcurrentByScheduler @ C:\Users\USER\OneDrive\Desktop\PUP\node_modules\react-dom\cjs\react-dom-client.development.js:15126
renderRootConcurrent @ C:\Users\USER\OneDrive\Desktop\PUP\node_modules\react-dom\cjs\react-dom-client.development.js:15101
performWorkOnRoot @ C:\Users\USER\OneDrive\Desktop\PUP\node_modules\react-dom\cjs\react-dom-client.development.js:14418
performWorkOnRootViaSchedulerTask @ C:\Users\USER\OneDrive\Desktop\PUP\node_modules\react-dom\cjs\react-dom-client.development.js:16216
performWorkUntilDeadline @ C:\Users\USER\OneDrive\Desktop\PUP\node_modules\scheduler\cjs\scheduler.development.js:45
<Slot>
exports.jsxDEV @ C:\Users\USER\OneDrive\Desktop\PUP\node_modules\react\cjs\react-jsx-dev-runtime.development.js:346
RootLayout @ C:\Users\USER\OneDrive\Desktop\PUP\app\_layout.tsx:86
react-stack-bottom-frame @ C:\Users\USER\OneDrive\Desktop\PUP\node_modules\react-dom\cjs\react-dom-client.development.js:23863
renderWithHooks @ C:\Users\USER\OneDrive\Desktop\PUP\node_modules\react-dom\cjs\react-dom-client.development.js:5529
updateFunctionComponent @ C:\Users\USER\OneDrive\Desktop\PUP\node_modules\react-dom\cjs\react-dom-client.development.js:8897
beginWork @ C:\Users\USER\OneDrive\Desktop\PUP\node_modules\react-dom\cjs\react-dom-client.development.js:10522
runWithFiberInDEV @ C:\Users\USER\OneDrive\Desktop\PUP\node_modules\react-dom\cjs\react-dom-client.development.js:1519
performUnitOfWork @ C:\Users\USER\OneDrive\Desktop\PUP\node_modules\react-dom\cjs\react-dom-client.development.js:15132
workLoopConcurrentByScheduler @ C:\Users\USER\OneDrive\Desktop\PUP\node_modules\react-dom\cjs\react-dom-client.development.js:15126
renderRootConcurrent @ C:\Users\USER\OneDrive\Desktop\PUP\node_modules\react-dom\cjs\react-dom-client.development.js:15101
performWorkOnRoot @ C:\Users\USER\OneDrive\Desktop\PUP\node_modules\react-dom\cjs\react-dom-client.development.js:14418
performWorkOnRootViaSchedulerTask @ C:\Users\USER\OneDrive\Desktop\PUP\node_modules\react-dom\cjs\react-dom-client.development.js:16216
performWorkUntilDeadline @ C:\Users\USER\OneDrive\Desktop\PUP\node_modules\scheduler\cjs\scheduler.development.js:45
<RootLayout(./_layout.tsx)>
exports.jsxDEV @ C:\Users\USER\OneDrive\Desktop\PUP\node_modules\react\cjs\react-jsx-dev-runtime.development.js:346
BaseRoute @ C:\Users\USER\OneDrive\Desktop\PUP\node_modules\expo-router\build\useScreens.js:213
react-stack-bottom-frame @ C:\Users\USER\OneDrive\Desktop\PUP\node_modules\react-dom\cjs\react-dom-client.development.js:23863
renderWithHooks @ C:\Users\USER\OneDrive\Desktop\PUP\node_modules\react-dom\cjs\react-dom-client.development.js:5529
updateFunctionComponent @ C:\Users\USER\OneDrive\Desktop\PUP\node_modules\react-dom\cjs\react-dom-client.development.js:8897
beginWork @ C:\Users\USER\OneDrive\Desktop\PUP\node_modules\react-dom\cjs\react-dom-client.development.js:10522
runWithFiberInDEV @ C:\Users\USER\OneDrive\Desktop\PUP\node_modules\react-dom\cjs\react-dom-client.development.js:1519
performUnitOfWork @ C:\Users\USER\OneDrive\Desktop\PUP\node_modules\react-dom\cjs\react-dom-client.development.js:15132
workLoopConcurrentByScheduler @ C:\Users\USER\OneDrive\Desktop\PUP\node_modules\react-dom\cjs\react-dom-client.development.js:15126
renderRootConcurrent @ C:\Users\USER\OneDrive\Desktop\PUP\node_modules\react-dom\cjs\react-dom-client.development.js:15101
performWorkOnRoot @ C:\Users\USER\OneDrive\Desktop\PUP\node_modules\react-dom\cjs\react-dom-client.development.js:14418
performWorkOnRootViaSchedulerTask @ C:\Users\USER\OneDrive\Desktop\PUP\node_modules\react-dom\cjs\react-dom-client.development.js:16216
performWorkUntilDeadline @ C:\Users\USER\OneDrive\Desktop\PUP\node_modules\scheduler\cjs\scheduler.development.js:45
<Route()>
exports.jsx @ C:\Users\USER\OneDrive\Desktop\PUP\node_modules\react\cjs\react-jsx-runtime.development.js:339
SceneView @ C:\Users\USER\OneDrive\Desktop\PUP\node_modules\@react-navigation\core\lib\module\SceneView.js:125
react-stack-bottom-frame @ C:\Users\USER\OneDrive\Desktop\PUP\node_modules\react-dom\cjs\react-dom-client.development.js:23863
renderWithHooks @ C:\Users\USER\OneDrive\Desktop\PUP\node_modules\react-dom\cjs\react-dom-client.development.js:5529
updateFunctionComponent @ C:\Users\USER\OneDrive\Desktop\PUP\node_modules\react-dom\cjs\react-dom-client.development.js:8897
beginWork @ C:\Users\USER\OneDrive\Desktop\PUP\node_modules\react-dom\cjs\react-dom-client.development.js:10522
runWithFiberInDEV @ C:\Users\USER\OneDrive\Desktop\PUP\node_modules\react-dom\cjs\react-dom-client.development.js:1519
performUnitOfWork @ C:\Users\USER\OneDrive\Desktop\PUP\node_modules\react-dom\cjs\react-dom-client.development.js:15132
workLoopConcurrentByScheduler @ C:\Users\USER\OneDrive\Desktop\PUP\node_modules\react-dom\cjs\react-dom-client.development.js:15126
renderRootConcurrent @ C:\Users\USER\OneDrive\Desktop\PUP\node_modules\react-dom\cjs\react-dom-client.development.js:15101
performWorkOnRoot @ C:\Users\USER\OneDrive\Desktop\PUP\node_modules\react-dom\cjs\react-dom-client.development.js:14418
performWorkOnRootViaSchedulerTask @ C:\Users\USER\OneDrive\Desktop\PUP\node_modules\react-dom\cjs\react-dom-client.development.js:16216
performWorkUntilDeadline @ C:\Users\USER\OneDrive\Desktop\PUP\node_modules\scheduler\cjs\scheduler.development.js:45
<SceneView>
exports.jsx @ C:\Users\USER\OneDrive\Desktop\PUP\node_modules\react\cjs\react-jsx-runtime.development.js:339
render @ C:\Users\USER\OneDrive\Desktop\PUP\node_modules\@react-navigation\core\lib\module\useDescriptors.js:108
(anonymous) @ C:\Users\USER\OneDrive\Desktop\PUP\node_modules\@react-navigation\core\lib\module\useDescriptors.js:140
useDescriptors @ C:\Users\USER\OneDrive\Desktop\PUP\node_modules\@react-navigation\core\lib\module\useDescriptors.js:137
useNavigationBuilder @ C:\Users\USER\OneDrive\Desktop\PUP\node_modules\@react-navigation\core\lib\module\useNavigationBuilder.js:562
Content @ C:\Users\USER\OneDrive\Desktop\PUP\node_modules\expo-router\build\ExpoRoot.js:161
react-stack-bottom-frame @ C:\Users\USER\OneDrive\Desktop\PUP\node_modules\react-dom\cjs\react-dom-client.development.js:23863
renderWithHooks @ C:\Users\USER\OneDrive\Desktop\PUP\node_modules\react-dom\cjs\react-dom-client.development.js:5529
updateFunctionComponent @ C:\Users\USER\OneDrive\Desktop\PUP\node_modules\react-dom\cjs\react-dom-client.development.js:8897
beginWork @ C:\Users\USER\OneDrive\Desktop\PUP\node_modules\react-dom\cjs\react-dom-client.development.js:10522
runWithFiberInDEV @ C:\Users\USER\OneDrive\Desktop\PUP\node_modules\react-dom\cjs\react-dom-client.development.js:1519
performUnitOfWork @ C:\Users\USER\OneDrive\Desktop\PUP\node_modules\react-dom\cjs\react-dom-client.development.js:15132
workLoopConcurrentByScheduler @ C:\Users\USER\OneDrive\Desktop\PUP\node_modules\react-dom\cjs\react-dom-client.development.js:15126
renderRootConcurrent @ C:\Users\USER\OneDrive\Desktop\PUP\node_modules\react-dom\cjs\react-dom-client.development.js:15101
performWorkOnRoot @ C:\Users\USER\OneDrive\Desktop\PUP\node_modules\react-dom\cjs\react-dom-client.development.js:14418
performWorkOnRootViaSchedulerTask @ C:\Users\USER\OneDrive\Desktop\PUP\node_modules\react-dom\cjs\react-dom-client.development.js:16216
performWorkUntilDeadline @ C:\Users\USER\OneDrive\Desktop\PUP\node_modules\scheduler\cjs\scheduler.development.js:45
<Content>
exports.jsxDEV @ C:\Users\USER\OneDrive\Desktop\PUP\node_modules\react\cjs\react-jsx-dev-runtime.development.js:346
ContextNavigator @ C:\Users\USER\OneDrive\Desktop\PUP\node_modules\expo-router\build\ExpoRoot.js:147
react-stack-bottom-frame @ C:\Users\USER\OneDrive\Desktop\PUP\node_modules\react-dom\cjs\react-dom-client.development.js:23863
renderWithHooks @ C:\Users\USER\OneDrive\Desktop\PUP\node_modules\react-dom\cjs\react-dom-client.development.js:5529
updateFunctionComponent @ C:\Users\USER\OneDrive\Desktop\PUP\node_modules\react-dom\cjs\react-dom-client.development.js:8897
beginWork @ C:\Users\USER\OneDrive\Desktop\PUP\node_modules\react-dom\cjs\react-dom-client.development.js:10522
runWithFiberInDEV @ C:\Users\USER\OneDrive\Desktop\PUP\node_modules\react-dom\cjs\react-dom-client.development.js:1519
performUnitOfWork @ C:\Users\USER\OneDrive\Desktop\PUP\node_modules\react-dom\cjs\react-dom-client.development.js:15132
workLoopConcurrentByScheduler @ C:\Users\USER\OneDrive\Desktop\PUP\node_modules\react-dom\cjs\react-dom-client.development.js:15126
renderRootConcurrent @ C:\Users\USER\OneDrive\Desktop\PUP\node_modules\react-dom\cjs\react-dom-client.development.js:15101
performWorkOnRoot @ C:\Users\USER\OneDrive\Desktop\PUP\node_modules\react-dom\cjs\react-dom-client.development.js:14418
performWorkOnRootViaSchedulerTask @ C:\Users\USER\OneDrive\Desktop\PUP\node_modules\react-dom\cjs\react-dom-client.development.js:16216
performWorkUntilDeadline @ C:\Users\USER\OneDrive\Desktop\PUP\node_modules\scheduler\cjs\scheduler.development.js:45
<ContextNavigator>
exports.jsxDEV @ C:\Users\USER\OneDrive\Desktop\PUP\node_modules\react\cjs\react-jsx-dev-runtime.development.js:346
ExpoRoot @ C:\Users\USER\OneDrive\Desktop\PUP\node_modules\expo-router\build\ExpoRoot.js:87
react-stack-bottom-frame @ C:\Users\USER\OneDrive\Desktop\PUP\node_modules\react-dom\cjs\react-dom-client.development.js:23863
renderWithHooks @ C:\Users\USER\OneDrive\Desktop\PUP\node_modules\react-dom\cjs\react-dom-client.development.js:5529
updateFunctionComponent @ C:\Users\USER\OneDrive\Desktop\PUP\node_modules\react-dom\cjs\react-dom-client.development.js:8897
beginWork @ C:\Users\USER\OneDrive\Desktop\PUP\node_modules\react-dom\cjs\react-dom-client.development.js:10522
runWithFiberInDEV @ C:\Users\USER\OneDrive\Desktop\PUP\node_modules\react-dom\cjs\react-dom-client.development.js:1519
performUnitOfWork @ C:\Users\USER\OneDrive\Desktop\PUP\node_modules\react-dom\cjs\react-dom-client.development.js:15132
workLoopConcurrentByScheduler @ C:\Users\USER\OneDrive\Desktop\PUP\node_modules\react-dom\cjs\react-dom-client.development.js:15126
renderRootConcurrent @ C:\Users\USER\OneDrive\Desktop\PUP\node_modules\react-dom\cjs\react-dom-client.development.js:15101
performWorkOnRoot @ C:\Users\USER\OneDrive\Desktop\PUP\node_modules\react-dom\cjs\react-dom-client.development.js:14418
performWorkOnRootViaSchedulerTask @ C:\Users\USER\OneDrive\Desktop\PUP\node_modules\react-dom\cjs\react-dom-client.development.js:16216
performWorkUntilDeadline @ C:\Users\USER\OneDrive\Desktop\PUP\node_modules\scheduler\cjs\scheduler.development.js:45
<ExpoRoot>
exports.jsxDEV @ C:\Users\USER\OneDrive\Desktop\PUP\node_modules\react\cjs\react-jsx-dev-runtime.development.js:346
App @ C:\Users\USER\OneDrive\Desktop\PUP\node_modules\expo-router\build\qualified-entry.js:21
react-stack-bottom-frame @ C:\Users\USER\OneDrive\Desktop\PUP\node_modules\react-dom\cjs\react-dom-client.development.js:23863
renderWithHooks @ C:\Users\USER\OneDrive\Desktop\PUP\node_modules\react-dom\cjs\react-dom-client.development.js:5529
updateFunctionComponent @ C:\Users\USER\OneDrive\Desktop\PUP\node_modules\react-dom\cjs\react-dom-client.development.js:8897
beginWork @ C:\Users\USER\OneDrive\Desktop\PUP\node_modules\react-dom\cjs\react-dom-client.development.js:10522
runWithFiberInDEV @ C:\Users\USER\OneDrive\Desktop\PUP\node_modules\react-dom\cjs\react-dom-client.development.js:1519
performUnitOfWork @ C:\Users\USER\OneDrive\Desktop\PUP\node_modules\react-dom\cjs\react-dom-client.development.js:15132
workLoopConcurrentByScheduler @ C:\Users\USER\OneDrive\Desktop\PUP\node_modules\react-dom\cjs\react-dom-client.development.js:15126
renderRootConcurrent @ C:\Users\USER\OneDrive\Desktop\PUP\node_modules\react-dom\cjs\react-dom-client.development.js:15101
performWorkOnRoot @ C:\Users\USER\OneDrive\Desktop\PUP\node_modules\react-dom\cjs\react-dom-client.development.js:14418
performWorkOnRootViaSchedulerTask @ C:\Users\USER\OneDrive\Desktop\PUP\node_modules\react-dom\cjs\react-dom-client.development.js:16216
performWorkUntilDeadline @ C:\Users\USER\OneDrive\Desktop\PUP\node_modules\scheduler\cjs\scheduler.development.js:45
<App>
exports.jsxDEV @ C:\Users\USER\OneDrive\Desktop\PUP\node_modules\react\cjs\react-jsx-dev-runtime.development.js:346
ErrorOverlay @ C:\Users\USER\OneDrive\Desktop\PUP\node_modules\@expo\metro-runtime\src\error-overlay\index.tsx:19
react-stack-bottom-frame @ C:\Users\USER\OneDrive\Desktop\PUP\node_modules\react-dom\cjs\react-dom-client.development.js:23863
renderWithHooks @ C:\Users\USER\OneDrive\Desktop\PUP\node_modules\react-dom\cjs\react-dom-client.development.js:5529
updateFunctionComponent @ C:\Users\USER\OneDrive\Desktop\PUP\node_modules\react-dom\cjs\react-dom-client.development.js:8897
beginWork @ C:\Users\USER\OneDrive\Desktop\PUP\node_modules\react-dom\cjs\react-dom-client.development.js:10522
runWithFiberInDEV @ C:\Users\USER\OneDrive\Desktop\PUP\node_modules\react-dom\cjs\react-dom-client.development.js:1519
performUnitOfWork @ C:\Users\USER\OneDrive\Desktop\PUP\node_modules\react-dom\cjs\react-dom-client.development.js:15132
workLoopConcurrentByScheduler @ C:\Users\USER\OneDrive\Desktop\PUP\node_modules\react-dom\cjs\react-dom-client.development.js:15126
renderRootConcurrent @ C:\Users\USER\OneDrive\Desktop\PUP\node_modules\react-dom\cjs\react-dom-client.development.js:15101
performWorkOnRoot @ C:\Users\USER\OneDrive\Desktop\PUP\node_modules\react-dom\cjs\react-dom-client.development.js:14418
performWorkOnRootViaSchedulerTask @ C:\Users\USER\OneDrive\Desktop\PUP\node_modules\react-dom\cjs\react-dom-client.development.js:16216
performWorkUntilDeadline @ C:\Users\USER\OneDrive\Desktop\PUP\node_modules\scheduler\cjs\scheduler.development.js:45
<ErrorOverlay>
exports.jsxDEV @ C:\Users\USER\OneDrive\Desktop\PUP\node_modules\react\cjs\react-jsx-dev-runtime.development.js:346
WithDevTools @ C:\Users\USER\OneDrive\Desktop\PUP\node_modules\expo\src\launch\withDevTools.web.tsx:11
react-stack-bottom-frame @ C:\Users\USER\OneDrive\Desktop\PUP\node_modules\react-dom\cjs\react-dom-client.development.js:23863
renderWithHooks @ C:\Users\USER\OneDrive\Desktop\PUP\node_modules\react-dom\cjs\react-dom-client.development.js:5529
updateFunctionComponent @ C:\Users\USER\OneDrive\Desktop\PUP\node_modules\react-dom\cjs\react-dom-client.development.js:8897
beginWork @ C:\Users\USER\OneDrive\Desktop\PUP\node_modules\react-dom\cjs\react-dom-client.development.js:10522
runWithFiberInDEV @ C:\Users\USER\OneDrive\Desktop\PUP\node_modules\react-dom\cjs\react-dom-client.development.js:1519
performUnitOfWork @ C:\Users\USER\OneDrive\Desktop\PUP\node_modules\react-dom\cjs\react-dom-client.development.js:15132
workLoopConcurrentByScheduler @ C:\Users\USER\OneDrive\Desktop\PUP\node_modules\react-dom\cjs\react-dom-client.development.js:15126
renderRootConcurrent @ C:\Users\USER\OneDrive\Desktop\PUP\node_modules\react-dom\cjs\react-dom-client.development.js:15101
performWorkOnRoot @ C:\Users\USER\OneDrive\Desktop\PUP\node_modules\react-dom\cjs\react-dom-client.development.js:14418
performWorkOnRootViaSchedulerTask @ C:\Users\USER\OneDrive\Desktop\PUP\node_modules\react-dom\cjs\react-dom-client.development.js:16216
performWorkUntilDeadline @ C:\Users\USER\OneDrive\Desktop\PUP\node_modules\scheduler\cjs\scheduler.development.js:45
<withDevTools(ErrorOverlay)>
exports.createElement @ C:\Users\USER\OneDrive\Desktop\PUP\node_modules\react\cjs\react.development.js:1033
renderApplication @ C:\Users\USER\OneDrive\Desktop\PUP\node_modules\react-native-web\dist\exports\AppRegistry\renderApplication.js:27
run @ C:\Users\USER\OneDrive\Desktop\PUP\node_modules\react-native-web\dist\exports\AppRegistry\index.js:36
runApplication @ C:\Users\USER\OneDrive\Desktop\PUP\node_modules\react-native-web\dist\exports\AppRegistry\index.js:74
registerRootComponent @ C:\Users\USER\OneDrive\Desktop\PUP\node_modules\expo\src\launch\registerRootComponent.tsx:58
(anonymous) @ C:\Users\USER\OneDrive\Desktop\PUP\node_modules\expo-router\build\renderRootComponent.js:88
exports.startTransition @ C:\Users\USER\OneDrive\Desktop\PUP\node_modules\react\cjs\react.development.js:1124
renderRootComponent @ C:\Users\USER\OneDrive\Desktop\PUP\node_modules\expo-router\build\renderRootComponent.js:85
(anonymous) @ C:\Users\USER\OneDrive\Desktop\PUP\node_modules\expo-router\entry-classic.js:10
loadModuleImplementation @ C:\Users\USER\OneDrive\Desktop\PUP\node_modules\expo\node_modules\@expo\cli\build\metro-require\require.js:248
guardedLoadModule @ C:\Users\USER\OneDrive\Desktop\PUP\node_modules\expo\node_modules\@expo\cli\build\metro-require\require.js:163
metroRequire @ C:\Users\USER\OneDrive\Desktop\PUP\node_modules\expo\node_modules\@expo\cli\build\metro-require\require.js:74
(anonymous) @ C:\Users\USER\OneDrive\Desktop\PUP\node_modules\expo-router\entry.js:3
loadModuleImplementation @ C:\Users\USER\OneDrive\Desktop\PUP\node_modules\expo\node_modules\@expo\cli\build\metro-require\require.js:248
guardedLoadModule @ C:\Users\USER\OneDrive\Desktop\PUP\node_modules\expo\node_modules\@expo\cli\build\metro-require\require.js:156
metroRequire @ C:\Users\USER\OneDrive\Desktop\PUP\node_modules\expo\node_modules\@expo\cli\build\metro-require\require.js:74
(anonymous) @ entry.bundle?platform=web&dev=true&hot=false&lazy=true&transform.routerRoot=app&transform.reactCompiler=true:196749
C:\Users\USER\OneDrive\Desktop\PUP\node_modules\@expo\metro-runtime\src\error-overlay\LogBox.web.ts:134 [REST] queryCollection error response: 404 [{
  "error": {
    "code": 404,
    "message": "The database (default) does not exist for project lasangpinoy-mobile Please visit https://console.cloud.google.com/datastore/setup?project=lasangpinoy-mobile to add a Cloud Datastore or Cloud Firestore database. ",
    "status": "NOT_FOUND"
  }
}
]
registerError @ C:\Users\USER\OneDrive\Desktop\PUP\node_modules\@expo\metro-runtime\src\error-overlay\LogBox.web.ts:134
console.error @ C:\Users\USER\OneDrive\Desktop\PUP\node_modules\@expo\metro-runtime\src\error-overlay\LogBox.web.ts:59
queryCollection @ C:\Users\USER\OneDrive\Desktop\PUP\lib\firestore-rest.ts:285
await in queryCollection
getMealPlans @ C:\Users\USER\OneDrive\Desktop\PUP\lib\firebase.ts:1417
fetchPlans @ C:\Users\USER\OneDrive\Desktop\PUP\app\(tabs)\meal-plan.tsx:96
(anonymous) @ C:\Users\USER\OneDrive\Desktop\PUP\app\(tabs)\meal-plan.tsx:84
callback @ C:\Users\USER\OneDrive\Desktop\PUP\node_modules\expo-router\build\useFocusEffect.js:98
(anonymous) @ C:\Users\USER\OneDrive\Desktop\PUP\node_modules\expo-router\build\useFocusEffect.js:133
react-stack-bottom-frame @ C:\Users\USER\OneDrive\Desktop\PUP\node_modules\react-dom\cjs\react-dom-client.development.js:23949
runWithFiberInDEV @ C:\Users\USER\OneDrive\Desktop\PUP\node_modules\react-dom\cjs\react-dom-client.development.js:1519
commitHookEffectListMount @ C:\Users\USER\OneDrive\Desktop\PUP\node_modules\react-dom\cjs\react-dom-client.development.js:11905
commitHookPassiveMountEffects @ C:\Users\USER\OneDrive\Desktop\PUP\node_modules\react-dom\cjs\react-dom-client.development.js:12026
commitPassiveMountOnFiber @ C:\Users\USER\OneDrive\Desktop\PUP\node_modules\react-dom\cjs\react-dom-client.development.js:13841
recursivelyTraversePassiveMountEffects @ C:\Users\USER\OneDrive\Desktop\PUP\node_modules\react-dom\cjs\react-dom-client.development.js:13815
commitPassiveMountOnFiber @ C:\Users\USER\OneDrive\Desktop\PUP\node_modules\react-dom\cjs\react-dom-client.development.js:13928
recursivelyTraversePassiveMountEffects @ C:\Users\USER\OneDrive\Desktop\PUP\node_modules\react-dom\cjs\react-dom-client.development.js:13815
commitPassiveMountOnFiber @ C:\Users\USER\OneDrive\Desktop\PUP\node_modules\react-dom\cjs\react-dom-client.development.js:13903
recursivelyTraversePassiveMountEffects @ C:\Users\USER\OneDrive\Desktop\PUP\node_modules\react-dom\cjs\react-dom-client.development.js:13815
commitPassiveMountOnFiber @ C:\Users\USER\OneDrive\Desktop\PUP\node_modules\react-dom\cjs\react-dom-client.development.js:13957
recursivelyTraversePassiveMountEffects @ C:\Users\USER\OneDrive\Desktop\PUP\node_modules\react-dom\cjs\react-dom-client.development.js:13815
commitPassiveMountOnFiber @ C:\Users\USER\OneDrive\Desktop\PUP\node_modules\react-dom\cjs\react-dom-client.development.js:13957
recursivelyTraversePassiveMountEffects @ C:\Users\USER\OneDrive\Desktop\PUP\node_modules\react-dom\cjs\react-dom-client.development.js:13815
commitPassiveMountOnFiber @ C:\Users\USER\OneDrive\Desktop\PUP\node_modules\react-dom\cjs\react-dom-client.development.js:13834
recursivelyTraversePassiveMountEffects @ C:\Users\USER\OneDrive\Desktop\PUP\node_modules\react-dom\cjs\react-dom-client.development.js:13815
commitPassiveMountOnFiber @ C:\Users\USER\OneDrive\Desktop\PUP\node_modules\react-dom\cjs\react-dom-client.development.js:13834
recursivelyTraversePassiveMountEffects @ C:\Users\USER\OneDrive\Desktop\PUP\node_modules\react-dom\cjs\react-dom-client.development.js:13815
commitPassiveMountOnFiber @ C:\Users\USER\OneDrive\Desktop\PUP\node_modules\react-dom\cjs\react-dom-client.development.js:13834
recursivelyTraversePassiveMountEffects @ C:\Users\USER\OneDrive\Desktop\PUP\node_modules\react-dom\cjs\react-dom-client.development.js:13815
commitPassiveMountOnFiber @ C:\Users\USER\OneDrive\Desktop\PUP\node_modules\react-dom\cjs\react-dom-client.development.js:13957
recursivelyTraversePassiveMountEffects @ C:\Users\USER\OneDrive\Desktop\PUP\node_modules\react-dom\cjs\react-dom-client.development.js:13815
commitPassiveMountOnFiber @ C:\Users\USER\OneDrive\Desktop\PUP\node_modules\react-dom\cjs\react-dom-client.development.js:13957
recursivelyTraversePassiveMountEffects @ C:\Users\USER\OneDrive\Desktop\PUP\node_modules\react-dom\cjs\react-dom-client.development.js:13815
commitPassiveMountOnFiber @ C:\Users\USER\OneDrive\Desktop\PUP\node_modules\react-dom\cjs\react-dom-client.development.js:13834
recursivelyTraversePassiveMountEffects @ C:\Users\USER\OneDrive\Desktop\PUP\node_modules\react-dom\cjs\react-dom-client.development.js:13815
commitPassiveMountOnFiber @ C:\Users\USER\OneDrive\Desktop\PUP\node_modules\react-dom\cjs\react-dom-client.development.js:13957
recursivelyTraversePassiveMountEffects @ C:\Users\USER\OneDrive\Desktop\PUP\node_modules\react-dom\cjs\react-dom-client.development.js:13815
commitPassiveMountOnFiber @ C:\Users\USER\OneDrive\Desktop\PUP\node_modules\react-dom\cjs\react-dom-client.development.js:13957
recursivelyTraversePassiveMountEffects @ C:\Users\USER\OneDrive\Desktop\PUP\node_modules\react-dom\cjs\react-dom-client.development.js:13815
commitPassiveMountOnFiber @ C:\Users\USER\OneDrive\Desktop\PUP\node_modules\react-dom\cjs\react-dom-client.development.js:13957
recursivelyTraversePassiveMountEffects @ C:\Users\USER\OneDrive\Desktop\PUP\node_modules\react-dom\cjs\react-dom-client.development.js:13815
commitPassiveMountOnFiber @ C:\Users\USER\OneDrive\Desktop\PUP\node_modules\react-dom\cjs\react-dom-client.development.js:13834
recursivelyTraversePassiveMountEffects @ C:\Users\USER\OneDrive\Desktop\PUP\node_modules\react-dom\cjs\react-dom-client.development.js:13815
commitPassiveMountOnFiber @ C:\Users\USER\OneDrive\Desktop\PUP\node_modules\react-dom\cjs\react-dom-client.development.js:13957
recursivelyTraversePassiveMountEffects @ C:\Users\USER\OneDrive\Desktop\PUP\node_modules\react-dom\cjs\react-dom-client.development.js:13815
commitPassiveMountOnFiber @ C:\Users\USER\OneDrive\Desktop\PUP\node_modules\react-dom\cjs\react-dom-client.development.js:13957
recursivelyTraversePassiveMountEffects @ C:\Users\USER\OneDrive\Desktop\PUP\node_modules\react-dom\cjs\react-dom-client.development.js:13815
commitPassiveMountOnFiber @ C:\Users\USER\OneDrive\Desktop\PUP\node_modules\react-dom\cjs\react-dom-client.development.js:13957
recursivelyTraversePassiveMountEffects @ C:\Users\USER\OneDrive\Desktop\PUP\node_modules\react-dom\cjs\react-dom-client.development.js:13815
commitPassiveMountOnFiber @ C:\Users\USER\OneDrive\Desktop\PUP\node_modules\react-dom\cjs\react-dom-client.development.js:13834
recursivelyTraversePassiveMountEffects @ C:\Users\USER\OneDrive\Desktop\PUP\node_modules\react-dom\cjs\react-dom-client.development.js:13815
commitPassiveMountOnFiber @ C:\Users\USER\OneDrive\Desktop\PUP\node_modules\react-dom\cjs\react-dom-client.development.js:13957
recursivelyTraversePassiveMountEffects @ C:\Users\USER\OneDrive\Desktop\PUP\node_modules\react-dom\cjs\react-dom-client.development.js:13815
commitPassiveMountOnFiber @ C:\Users\USER\OneDrive\Desktop\PUP\node_modules\react-dom\cjs\react-dom-client.development.js:13957
recursivelyTraversePassiveMountEffects @ C:\Users\USER\OneDrive\Desktop\PUP\node_modules\react-dom\cjs\react-dom-client.development.js:13815
commitPassiveMountOnFiber @ C:\Users\USER\OneDrive\Desktop\PUP\node_modules\react-dom\cjs\react-dom-client.development.js:13957
recursivelyTraversePassiveMountEffects @ C:\Users\USER\OneDrive\Desktop\PUP\node_modules\react-dom\cjs\react-dom-client.development.js:13815
commitPassiveMountOnFiber @ C:\Users\USER\OneDrive\Desktop\PUP\node_modules\react-dom\cjs\react-dom-client.development.js:13957
recursivelyTraversePassiveMountEffects @ C:\Users\USER\OneDrive\Desktop\PUP\node_modules\react-dom\cjs\react-dom-client.development.js:13815
commitPassiveMountOnFiber @ C:\Users\USER\OneDrive\Desktop\PUP\node_modules\react-dom\cjs\react-dom-client.development.js:13834
recursivelyTraversePassiveMountEffects @ C:\Users\USER\OneDrive\Desktop\PUP\node_modules\react-dom\cjs\react-dom-client.development.js:13815
commitPassiveMountOnFiber @ C:\Users\USER\OneDrive\Desktop\PUP\node_modules\react-dom\cjs\react-dom-client.development.js:13957
recursivelyTraversePassiveMountEffects @ C:\Users\USER\OneDrive\Desktop\PUP\node_modules\react-dom\cjs\react-dom-client.development.js:13815
commitPassiveMountOnFiber @ C:\Users\USER\OneDrive\Desktop\PUP\node_modules\react-dom\cjs\react-dom-client.development.js:13834
recursivelyTraversePassiveMountEffects @ C:\Users\USER\OneDrive\Desktop\PUP\node_modules\react-dom\cjs\react-dom-client.development.js:13815
commitPassiveMountOnFiber @ C:\Users\USER\OneDrive\Desktop\PUP\node_modules\react-dom\cjs\react-dom-client.development.js:13834
recursivelyTraversePassiveMountEffects @ C:\Users\USER\OneDrive\Desktop\PUP\node_modules\react-dom\cjs\react-dom-client.development.js:13815
commitPassiveMountOnFiber @ C:\Users\USER\OneDrive\Desktop\PUP\node_modules\react-dom\cjs\react-dom-client.development.js:13834
recursivelyTraversePassiveMountEffects @ C:\Users\USER\OneDrive\Desktop\PUP\node_modules\react-dom\cjs\react-dom-client.development.js:13815
commitPassiveMountOnFiber @ C:\Users\USER\OneDrive\Desktop\PUP\node_modules\react-dom\cjs\react-dom-client.development.js:13834
recursivelyTraversePassiveMountEffects @ C:\Users\USER\OneDrive\Desktop\PUP\node_modules\react-dom\cjs\react-dom-client.development.js:13815
commitPassiveMountOnFiber @ C:\Users\USER\OneDrive\Desktop\PUP\node_modules\react-dom\cjs\react-dom-client.development.js:13957
recursivelyTraversePassiveMountEffects @ C:\Users\USER\OneDrive\Desktop\PUP\node_modules\react-dom\cjs\react-dom-client.development.js:13815
commitPassiveMountOnFiber @ C:\Users\USER\OneDrive\Desktop\PUP\node_modules\react-dom\cjs\react-dom-client.development.js:13957
recursivelyTraversePassiveMountEffects @ C:\Users\USER\OneDrive\Desktop\PUP\node_modules\react-dom\cjs\react-dom-client.development.js:13815
commitPassiveMountOnFiber @ C:\Users\USER\OneDrive\Desktop\PUP\node_modules\react-dom\cjs\react-dom-client.development.js:13834
recursivelyTraversePassiveMountEffects @ C:\Users\USER\OneDrive\Desktop\PUP\node_modules\react-dom\cjs\react-dom-client.development.js:13815
commitPassiveMountOnFiber @ C:\Users\USER\OneDrive\Desktop\PUP\node_modules\react-dom\cjs\react-dom-client.development.js:13834
recursivelyTraversePassiveMountEffects @ C:\Users\USER\OneDrive\Desktop\PUP\node_modules\react-dom\cjs\react-dom-client.development.js:13815
commitPassiveMountOnFiber @ C:\Users\USER\OneDrive\Desktop\PUP\node_modules\react-dom\cjs\react-dom-client.development.js:13957
recursivelyTraversePassiveMountEffects @ C:\Users\USER\OneDrive\Desktop\PUP\node_modules\react-dom\cjs\react-dom-client.development.js:13815
commitPassiveMountOnFiber @ C:\Users\USER\OneDrive\Desktop\PUP\node_modules\react-dom\cjs\react-dom-client.development.js:13834
recursivelyTraversePassiveMountEffects @ C:\Users\USER\OneDrive\Desktop\PUP\node_modules\react-dom\cjs\react-dom-client.development.js:13815
commitPassiveMountOnFiber @ C:\Users\USER\OneDrive\Desktop\PUP\node_modules\react-dom\cjs\react-dom-client.development.js:13834
recursivelyTraversePassiveMountEffects @ C:\Users\USER\OneDrive\Desktop\PUP\node_modules\react-dom\cjs\react-dom-client.development.js:13815
commitPassiveMountOnFiber @ C:\Users\USER\OneDrive\Desktop\PUP\node_modules\react-dom\cjs\react-dom-client.development.js:13957
recursivelyTraversePassiveMountEffects @ C:\Users\USER\OneDrive\Desktop\PUP\node_modules\react-dom\cjs\react-dom-client.development.js:13815
commitPassiveMountOnFiber @ C:\Users\USER\OneDrive\Desktop\PUP\node_modules\react-dom\cjs\react-dom-client.development.js:13834
recursivelyTraversePassiveMountEffects @ C:\Users\USER\OneDrive\Desktop\PUP\node_modules\react-dom\cjs\react-dom-client.development.js:13815
commitPassiveMountOnFiber @ C:\Users\USER\OneDrive\Desktop\PUP\node_modules\react-dom\cjs\react-dom-client.development.js:13957
recursivelyTraversePassiveMountEffects @ C:\Users\USER\OneDrive\Desktop\PUP\node_modules\react-dom\cjs\react-dom-client.development.js:13815
commitPassiveMountOnFiber @ C:\Users\USER\OneDrive\Desktop\PUP\node_modules\react-dom\cjs\react-dom-client.development.js:13834
recursivelyTraversePassiveMountEffects @ C:\Users\USER\OneDrive\Desktop\PUP\node_modules\react-dom\cjs\react-dom-client.development.js:13815
commitPassiveMountOnFiber @ C:\Users\USER\OneDrive\Desktop\PUP\node_modules\react-dom\cjs\react-dom-client.development.js:13834
recursivelyTraversePassiveMountEffects @ C:\Users\USER\OneDrive\Desktop\PUP\node_modules\react-dom\cjs\react-dom-client.development.js:13815
commitPassiveMountOnFiber @ C:\Users\USER\OneDrive\Desktop\PUP\node_modules\react-dom\cjs\react-dom-client.development.js:13834
recursivelyTraversePassiveMountEffects @ C:\Users\USER\OneDrive\Desktop\PUP\node_modules\react-dom\cjs\react-dom-client.development.js:13815
commitPassiveMountOnFiber @ C:\Users\USER\OneDrive\Desktop\PUP\node_modules\react-dom\cjs\react-dom-client.development.js:13957
recursivelyTraversePassiveMountEffects @ C:\Users\USER\OneDrive\Desktop\PUP\node_modules\react-dom\cjs\react-dom-client.development.js:13815
commitPassiveMountOnFiber @ C:\Users\USER\OneDrive\Desktop\PUP\node_modules\react-dom\cjs\react-dom-client.development.js:13834
recursivelyTraversePassiveMountEffects @ C:\Users\USER\OneDrive\Desktop\PUP\node_modules\react-dom\cjs\react-dom-client.development.js:13815
commitPassiveMountOnFiber @ C:\Users\USER\OneDrive\Desktop\PUP\node_modules\react-dom\cjs\react-dom-client.development.js:13957
recursivelyTraversePassiveMountEffects @ C:\Users\USER\OneDrive\Desktop\PUP\node_modules\react-dom\cjs\react-dom-client.development.js:13815
commitPassiveMountOnFiber @ C:\Users\USER\OneDrive\Desktop\PUP\node_modules\react-dom\cjs\react-dom-client.development.js:13957
recursivelyTraversePassiveMountEffects @ C:\Users\USER\OneDrive\Desktop\PUP\node_modules\react-dom\cjs\react-dom-client.development.js:13815
commitPassiveMountOnFiber @ C:\Users\USER\OneDrive\Desktop\PUP\node_modules\react-dom\cjs\react-dom-client.development.js:13834
recursivelyTraversePassiveMountEffects @ C:\Users\USER\OneDrive\Desktop\PUP\node_modules\react-dom\cjs\react-dom-client.development.js:13815
commitPassiveMountOnFiber @ C:\Users\USER\OneDrive\Desktop\PUP\node_modules\react-dom\cjs\react-dom-client.development.js:13957
recursivelyTraversePassiveMountEffects @ C:\Users\USER\OneDrive\Desktop\PUP\node_modules\react-dom\cjs\react-dom-client.development.js:13815
commitPassiveMountOnFiber @ C:\Users\USER\OneDrive\Desktop\PUP\node_modules\react-dom\cjs\react-dom-client.development.js:13957
recursivelyTraversePassiveMountEffects @ C:\Users\USER\OneDrive\Desktop\PUP\node_modules\react-dom\cjs\react-dom-client.development.js:13815
commitPassiveMountOnFiber @ C:\Users\USER\OneDrive\Desktop\PUP\node_modules\react-dom\cjs\react-dom-client.development.js:13834
recursivelyTraversePassiveMountEffects @ C:\Users\USER\OneDrive\Desktop\PUP\node_modules\react-dom\cjs\react-dom-client.development.js:13815
commitPassiveMountOnFiber @ C:\Users\USER\OneDrive\Desktop\PUP\node_modules\react-dom\cjs\react-dom-client.development.js:13834
recursivelyTraversePassiveMountEffects @ C:\Users\USER\OneDrive\Desktop\PUP\node_modules\react-dom\cjs\react-dom-client.development.js:13815
commitPassiveMountOnFiber @ C:\Users\USER\OneDrive\Desktop\PUP\node_modules\react-dom\cjs\react-dom-client.development.js:13834
recursivelyTraversePassiveMountEffects @ C:\Users\USER\OneDrive\Desktop\PUP\node_modules\react-dom\cjs\react-dom-client.development.js:13815
commitPassiveMountOnFiber @ C:\Users\USER\OneDrive\Desktop\PUP\node_modules\react-dom\cjs\react-dom-client.development.js:13834
recursivelyTraversePassiveMountEffects @ C:\Users\USER\OneDrive\Desktop\PUP\node_modules\react-dom\cjs\react-dom-client.development.js:13815
commitPassiveMountOnFiber @ C:\Users\USER\OneDrive\Desktop\PUP\node_modules\react-dom\cjs\react-dom-client.development.js:13834
recursivelyTraversePassiveMountEffects @ C:\Users\USER\OneDrive\Desktop\PUP\node_modules\react-dom\cjs\react-dom-client.development.js:13815
commitPassiveMountOnFiber @ C:\Users\USER\OneDrive\Desktop\PUP\node_modules\react-dom\cjs\react-dom-client.development.js:13834
recursivelyTraversePassiveMountEffects @ C:\Users\USER\OneDrive\Desktop\PUP\node_modules\react-dom\cjs\react-dom-client.development.js:13815
commitPassiveMountOnFiber @ C:\Users\USER\OneDrive\Desktop\PUP\node_modules\react-dom\cjs\react-dom-client.development.js:13928
recursivelyTraversePassiveMountEffects @ C:\Users\USER\OneDrive\Desktop\PUP\node_modules\react-dom\cjs\react-dom-client.development.js:13815
commitPassiveMountOnFiber @ C:\Users\USER\OneDrive\Desktop\PUP\node_modules\react-dom\cjs\react-dom-client.development.js:13903
recursivelyTraversePassiveMountEffects @ C:\Users\USER\OneDrive\Desktop\PUP\node_modules\react-dom\cjs\react-dom-client.development.js:13815
commitPassiveMountOnFiber @ C:\Users\USER\OneDrive\Desktop\PUP\node_modules\react-dom\cjs\react-dom-client.development.js:13957
recursivelyTraversePassiveMountEffects @ C:\Users\USER\OneDrive\Desktop\PUP\node_modules\react-dom\cjs\react-dom-client.development.js:13815
commitPassiveMountOnFiber @ C:\Users\USER\OneDrive\Desktop\PUP\node_modules\react-dom\cjs\react-dom-client.development.js:13957
recursivelyTraversePassiveMountEffects @ C:\Users\USER\OneDrive\Desktop\PUP\node_modules\react-dom\cjs\react-dom-client.development.js:13815
commitPassiveMountOnFiber @ C:\Users\USER\OneDrive\Desktop\PUP\node_modules\react-dom\cjs\react-dom-client.development.js:13834
recursivelyTraversePassiveMountEffects @ C:\Users\USER\OneDrive\Desktop\PUP\node_modules\react-dom\cjs\react-dom-client.development.js:13815
commitPassiveMountOnFiber @ C:\Users\USER\OneDrive\Desktop\PUP\node_modules\react-dom\cjs\react-dom-client.development.js:13834
recursivelyTraversePassiveMountEffects @ C:\Users\USER\OneDrive\Desktop\PUP\node_modules\react-dom\cjs\react-dom-client.development.js:13815
commitPassiveMountOnFiber @ C:\Users\USER\OneDrive\Desktop\PUP\node_modules\react-dom\cjs\react-dom-client.development.js:13834
recursivelyTraversePassiveMountEffects @ C:\Users\USER\OneDrive\Desktop\PUP\node_modules\react-dom\cjs\react-dom-client.development.js:13815
commitPassiveMountOnFiber @ C:\Users\USER\OneDrive\Desktop\PUP\node_modules\react-dom\cjs\react-dom-client.development.js:13957
recursivelyTraversePassiveMountEffects @ C:\Users\USER\OneDrive\Desktop\PUP\node_modules\react-dom\cjs\react-dom-client.development.js:13815
commitPassiveMountOnFiber @ C:\Users\USER\OneDrive\Desktop\PUP\node_modules\react-dom\cjs\react-dom-client.development.js:13957
recursivelyTraversePassiveMountEffects @ C:\Users\USER\OneDrive\Desktop\PUP\node_modules\react-dom\cjs\react-dom-client.development.js:13815
commitPassiveMountOnFiber @ C:\Users\USER\OneDrive\Desktop\PUP\node_modules\react-dom\cjs\react-dom-client.development.js:13834
recursivelyTraversePassiveMountEffects @ C:\Users\USER\OneDrive\Desktop\PUP\node_modules\react-dom\cjs\react-dom-client.development.js:13815
commitPassiveMountOnFiber @ C:\Users\USER\OneDrive\Desktop\PUP\node_modules\react-dom\cjs\react-dom-client.development.js:13957
recursivelyTraversePassiveMountEffects @ C:\Users\USER\OneDrive\Desktop\PUP\node_modules\react-dom\cjs\react-dom-client.development.js:13815
commitPassiveMountOnFiber @ C:\Users\USER\OneDrive\Desktop\PUP\node_modules\react-dom\cjs\react-dom-client.development.js:13957
recursivelyTraversePassiveMountEffects @ C:\Users\USER\OneDrive\Desktop\PUP\node_modules\react-dom\cjs\react-dom-client.development.js:13815
commitPassiveMountOnFiber @ C:\Users\USER\OneDrive\Desktop\PUP\node_modules\react-dom\cjs\react-dom-client.development.js:13957
recursivelyTraversePassiveMountEffects @ C:\Users\USER\OneDrive\Desktop\PUP\node_modules\react-dom\cjs\react-dom-client.development.js:13815
commitPassiveMountOnFiber @ C:\Users\USER\OneDrive\Desktop\PUP\node_modules\react-dom\cjs\react-dom-client.development.js:13834
recursivelyTraversePassiveMountEffects @ C:\Users\USER\OneDrive\Desktop\PUP\node_modules\react-dom\cjs\react-dom-client.development.js:13815
commitPassiveMountOnFiber @ C:\Users\USER\OneDrive\Desktop\PUP\node_modules\react-dom\cjs\react-dom-client.development.js:13957
recursivelyTraversePassiveMountEffects @ C:\Users\USER\OneDrive\Desktop\PUP\node_modules\react-dom\cjs\react-dom-client.development.js:13815
commitPassiveMountOnFiber @ C:\Users\USER\OneDrive\Desktop\PUP\node_modules\react-dom\cjs\react-dom-client.development.js:13957
recursivelyTraversePassiveMountEffects @ C:\Users\USER\OneDrive\Desktop\PUP\node_modules\react-dom\cjs\react-dom-client.development.js:13815
commitPassiveMountOnFiber @ C:\Users\USER\OneDrive\Desktop\PUP\node_modules\react-dom\cjs\react-dom-client.development.js:13957
recursivelyTraversePassiveMountEffects @ C:\Users\USER\OneDrive\Desktop\PUP\node_modules\react-dom\cjs\react-dom-client.development.js:13815
commitPassiveMountOnFiber @ C:\Users\USER\OneDrive\Desktop\PUP\node_modules\react-dom\cjs\react-dom-client.development.js:13834
recursivelyTraversePassiveMountEffects @ C:\Users\USER\OneDrive\Desktop\PUP\node_modules\react-dom\cjs\react-dom-client.development.js:13815
commitPassiveMountOnFiber @ C:\Users\USER\OneDrive\Desktop\PUP\node_modules\react-dom\cjs\react-dom-client.development.js:13957
recursivelyTraversePassiveMountEffects @ C:\Users\USER\OneDrive\Desktop\PUP\node_modules\react-dom\cjs\react-dom-client.development.js:13815
commitPassiveMountOnFiber @ C:\Users\USER\OneDrive\Desktop\PUP\node_modules\react-dom\cjs\react-dom-client.development.js:13957
recursivelyTraversePassiveMountEffects @ C:\Users\USER\OneDrive\Desktop\PUP\node_modules\react-dom\cjs\react-dom-client.development.js:13815
commitPassiveMountOnFiber @ C:\Users\USER\OneDrive\Desktop\PUP\node_modules\react-dom\cjs\react-dom-client.development.js:13834
recursivelyTraversePassiveMountEffects @ C:\Users\USER\OneDrive\Desktop\PUP\node_modules\react-dom\cjs\react-dom-client.development.js:13815
commitPassiveMountOnFiber @ C:\Users\USER\OneDrive\Desktop\PUP\node_modules\react-dom\cjs\react-dom-client.development.js:13957
recursivelyTraversePassiveMountEffects @ C:\Users\USER\OneDrive\Desktop\PUP\node_modules\react-dom\cjs\react-dom-client.development.js:13815
commitPassiveMountOnFiber @ C:\Users\USER\OneDrive\Desktop\PUP\node_modules\react-dom\cjs\react-dom-client.development.js:13957
recursivelyTraversePassiveMountEffects @ C:\Users\USER\OneDrive\Desktop\PUP\node_modules\react-dom\cjs\react-dom-client.development.js:13815
commitPassiveMountOnFiber @ C:\Users\USER\OneDrive\Desktop\PUP\node_modules\react-dom\cjs\react-dom-client.development.js:13834
recursivelyTraversePassiveMountEffects @ C:\Users\USER\OneDrive\Desktop\PUP\node_modules\react-dom\cjs\react-dom-client.development.js:13815
commitPassiveMountOnFiber @ C:\Users\USER\OneDrive\Desktop\PUP\node_modules\react-dom\cjs\react-dom-client.development.js:13957
recursivelyTraversePassiveMountEffects @ C:\Users\USER\OneDrive\Desktop\PUP\node_modules\react-dom\cjs\react-dom-client.development.js:13815
commitPassiveMountOnFiber @ C:\Users\USER\OneDrive\Desktop\PUP\node_modules\react-dom\cjs\react-dom-client.development.js:13957
recursivelyTraversePassiveMountEffects @ C:\Users\USER\OneDrive\Desktop\PUP\node_modules\react-dom\cjs\react-dom-client.development.js:13815
commitPassiveMountOnFiber @ C:\Users\USER\OneDrive\Desktop\PUP\node_modules\react-dom\cjs\react-dom-client.development.js:13834
recursivelyTraversePassiveMountEffects @ C:\Users\USER\OneDrive\Desktop\PUP\node_modules\react-dom\cjs\react-dom-client.development.js:13815
commitPassiveMountOnFiber @ C:\Users\USER\OneDrive\Desktop\PUP\node_modules\react-dom\cjs\react-dom-client.development.js:13834
recursivelyTraversePassiveMountEffects @ C:\Users\USER\OneDrive\Desktop\PUP\node_modules\react-dom\cjs\react-dom-client.development.js:13815
commitPassiveMountOnFiber @ C:\Users\USER\OneDrive\Desktop\PUP\node_modules\react-dom\cjs\react-dom-client.development.js:13834
recursivelyTraversePassiveMountEffects @ C:\Users\USER\OneDrive\Desktop\PUP\node_modules\react-dom\cjs\react-dom-client.development.js:13815
commitPassiveMountOnFiber @ C:\Users\USER\OneDrive\Desktop\PUP\node_modules\react-dom\cjs\react-dom-client.development.js:13834
recursivelyTraversePassiveMountEffects @ C:\Users\USER\OneDrive\Desktop\PUP\node_modules\react-dom\cjs\react-dom-client.development.js:13815
commitPassiveMountOnFiber @ C:\Users\USER\OneDrive\Desktop\PUP\node_modules\react-dom\cjs\react-dom-client.development.js:13957
recursivelyTraversePassiveMountEffects @ C:\Users\USER\OneDrive\Desktop\PUP\node_modules\react-dom\cjs\react-dom-client.development.js:13815
commitPassiveMountOnFiber @ C:\Users\USER\OneDrive\Desktop\PUP\node_modules\react-dom\cjs\react-dom-client.development.js:13834
recursivelyTraversePassiveMountEffects @ C:\Users\USER\OneDrive\Desktop\PUP\node_modules\react-dom\cjs\react-dom-client.development.js:13815
commitPassiveMountOnFiber @ C:\Users\USER\OneDrive\Desktop\PUP\node_modules\react-dom\cjs\react-dom-client.development.js:13834
recursivelyTraversePassiveMountEffects @ C:\Users\USER\OneDrive\Desktop\PUP\node_modules\react-dom\cjs\react-dom-client.development.js:13815
commitPassiveMountOnFiber @ C:\Users\USER\OneDrive\Desktop\PUP\node_modules\react-dom\cjs\react-dom-client.development.js:13928
recursivelyTraversePassiveMountEffects @ C:\Users\USER\OneDrive\Desktop\PUP\node_modules\react-dom\cjs\react-dom-client.development.js:13815
commitPassiveMountOnFiber @ C:\Users\USER\OneDrive\Desktop\PUP\node_modules\react-dom\cjs\react-dom-client.development.js:13903
recursivelyTraversePassiveMountEffects @ C:\Users\USER\OneDrive\Desktop\PUP\node_modules\react-dom\cjs\react-dom-client.development.js:13815
commitPassiveMountOnFiber @ C:\Users\USER\OneDrive\Desktop\PUP\node_modules\react-dom\cjs\react-dom-client.development.js:13957
recursivelyTraversePassiveMountEffects @ C:\Users\USER\OneDrive\Desktop\PUP\node_modules\react-dom\cjs\react-dom-client.development.js:13815
commitPassiveMountOnFiber @ C:\Users\USER\OneDrive\Desktop\PUP\node_modules\react-dom\cjs\react-dom-client.development.js:13957
recursivelyTraversePassiveMountEffects @ C:\Users\USER\OneDrive\Desktop\PUP\node_modules\react-dom\cjs\react-dom-client.development.js:13815
commitPassiveMountOnFiber @ C:\Users\USER\OneDrive\Desktop\PUP\node_modules\react-dom\cjs\react-dom-client.development.js:13834
recursivelyTraversePassiveMountEffects @ C:\Users\USER\OneDrive\Desktop\PUP\node_modules\react-dom\cjs\react-dom-client.development.js:13815
commitPassiveMountOnFiber @ C:\Users\USER\OneDrive\Desktop\PUP\node_modules\react-dom\cjs\react-dom-client.development.js:13834
recursivelyTraversePassiveMountEffects @ C:\Users\USER\OneDrive\Desktop\PUP\node_modules\react-dom\cjs\react-dom-client.development.js:13815
commitPassiveMountOnFiber @ C:\Users\USER\OneDrive\Desktop\PUP\node_modules\react-dom\cjs\react-dom-client.development.js:13834
recursivelyTraversePassiveMountEffects @ C:\Users\USER\OneDrive\Desktop\PUP\node_modules\react-dom\cjs\react-dom-client.development.js:13815
<MealPlanScreen(./(tabs)/meal-plan.tsx)>
exports.jsxDEV @ C:\Users\USER\OneDrive\Desktop\PUP\node_modules\react\cjs\react-jsx-dev-runtime.development.js:346
BaseRoute @ C:\Users\USER\OneDrive\Desktop\PUP\node_modules\expo-router\build\useScreens.js:213
react-stack-bottom-frame @ C:\Users\USER\OneDrive\Desktop\PUP\node_modules\react-dom\cjs\react-dom-client.development.js:23863
renderWithHooks @ C:\Users\USER\OneDrive\Desktop\PUP\node_modules\react-dom\cjs\react-dom-client.development.js:5529
updateFunctionComponent @ C:\Users\USER\OneDrive\Desktop\PUP\node_modules\react-dom\cjs\react-dom-client.development.js:8897
beginWork @ C:\Users\USER\OneDrive\Desktop\PUP\node_modules\react-dom\cjs\react-dom-client.development.js:10522
runWithFiberInDEV @ C:\Users\USER\OneDrive\Desktop\PUP\node_modules\react-dom\cjs\react-dom-client.development.js:1519
performUnitOfWork @ C:\Users\USER\OneDrive\Desktop\PUP\node_modules\react-dom\cjs\react-dom-client.development.js:15132
workLoopSync @ C:\Users\USER\OneDrive\Desktop\PUP\node_modules\react-dom\cjs\react-dom-client.development.js:14956
renderRootSync @ C:\Users\USER\OneDrive\Desktop\PUP\node_modules\react-dom\cjs\react-dom-client.development.js:14936
performWorkOnRoot @ C:\Users\USER\OneDrive\Desktop\PUP\node_modules\react-dom\cjs\react-dom-client.development.js:14419
performSyncWorkOnRoot @ C:\Users\USER\OneDrive\Desktop\PUP\node_modules\react-dom\cjs\react-dom-client.development.js:16231
flushSyncWorkAcrossRoots_impl @ C:\Users\USER\OneDrive\Desktop\PUP\node_modules\react-dom\cjs\react-dom-client.development.js:16079
processRootScheduleInMicrotask @ C:\Users\USER\OneDrive\Desktop\PUP\node_modules\react-dom\cjs\react-dom-client.development.js:16116
(anonymous) @ C:\Users\USER\OneDrive\Desktop\PUP\node_modules\react-dom\cjs\react-dom-client.development.js:16250
<Route(meal-plan)>
exports.jsx @ C:\Users\USER\OneDrive\Desktop\PUP\node_modules\react\cjs\react-jsx-runtime.development.js:339
SceneView @ C:\Users\USER\OneDrive\Desktop\PUP\node_modules\@react-navigation\core\lib\module\SceneView.js:125
react-stack-bottom-frame @ C:\Users\USER\OneDrive\Desktop\PUP\node_modules\react-dom\cjs\react-dom-client.development.js:23863
renderWithHooks @ C:\Users\USER\OneDrive\Desktop\PUP\node_modules\react-dom\cjs\react-dom-client.development.js:5529
updateFunctionComponent @ C:\Users\USER\OneDrive\Desktop\PUP\node_modules\react-dom\cjs\react-dom-client.development.js:8897
beginWork @ C:\Users\USER\OneDrive\Desktop\PUP\node_modules\react-dom\cjs\react-dom-client.development.js:10522
runWithFiberInDEV @ C:\Users\USER\OneDrive\Desktop\PUP\node_modules\react-dom\cjs\react-dom-client.development.js:1519
performUnitOfWork @ C:\Users\USER\OneDrive\Desktop\PUP\node_modules\react-dom\cjs\react-dom-client.development.js:15132
workLoopSync @ C:\Users\USER\OneDrive\Desktop\PUP\node_modules\react-dom\cjs\react-dom-client.development.js:14956
renderRootSync @ C:\Users\USER\OneDrive\Desktop\PUP\node_modules\react-dom\cjs\react-dom-client.development.js:14936
performWorkOnRoot @ C:\Users\USER\OneDrive\Desktop\PUP\node_modules\react-dom\cjs\react-dom-client.development.js:14419
performSyncWorkOnRoot @ C:\Users\USER\OneDrive\Desktop\PUP\node_modules\react-dom\cjs\react-dom-client.development.js:16231
flushSyncWorkAcrossRoots_impl @ C:\Users\USER\OneDrive\Desktop\PUP\node_modules\react-dom\cjs\react-dom-client.development.js:16079
processRootScheduleInMicrotask @ C:\Users\USER\OneDrive\Desktop\PUP\node_modules\react-dom\cjs\react-dom-client.development.js:16116
(anonymous) @ C:\Users\USER\OneDrive\Desktop\PUP\node_modules\react-dom\cjs\react-dom-client.development.js:16250
<SceneView>
exports.jsx @ C:\Users\USER\OneDrive\Desktop\PUP\node_modules\react\cjs\react-jsx-runtime.development.js:339
render @ C:\Users\USER\OneDrive\Desktop\PUP\node_modules\@react-navigation\core\lib\module\useDescriptors.js:108
(anonymous) @ C:\Users\USER\OneDrive\Desktop\PUP\node_modules\@react-navigation\core\lib\module\useDescriptors.js:140
useDescriptors @ C:\Users\USER\OneDrive\Desktop\PUP\node_modules\@react-navigation\core\lib\module\useDescriptors.js:137
useNavigationBuilder @ C:\Users\USER\OneDrive\Desktop\PUP\node_modules\@react-navigation\core\lib\module\useNavigationBuilder.js:562
BottomTabNavigator @ C:\Users\USER\OneDrive\Desktop\PUP\node_modules\@react-navigation\bottom-tabs\lib\module\navigators\createBottomTabNavigator.js:24
react-stack-bottom-frame @ C:\Users\USER\OneDrive\Desktop\PUP\node_modules\react-dom\cjs\react-dom-client.development.js:23863
renderWithHooks @ C:\Users\USER\OneDrive\Desktop\PUP\node_modules\react-dom\cjs\react-dom-client.development.js:5529
updateFunctionComponent @ C:\Users\USER\OneDrive\Desktop\PUP\node_modules\react-dom\cjs\react-dom-client.development.js:8897
beginWork @ C:\Users\USER\OneDrive\Desktop\PUP\node_modules\react-dom\cjs\react-dom-client.development.js:10522
runWithFiberInDEV @ C:\Users\USER\OneDrive\Desktop\PUP\node_modules\react-dom\cjs\react-dom-client.development.js:1519
performUnitOfWork @ C:\Users\USER\OneDrive\Desktop\PUP\node_modules\react-dom\cjs\react-dom-client.development.js:15132
workLoopSync @ C:\Users\USER\OneDrive\Desktop\PUP\node_modules\react-dom\cjs\react-dom-client.development.js:14956
renderRootSync @ C:\Users\USER\OneDrive\Desktop\PUP\node_modules\react-dom\cjs\react-dom-client.development.js:14936
performWorkOnRoot @ C:\Users\USER\OneDrive\Desktop\PUP\node_modules\react-dom\cjs\react-dom-client.development.js:14419
performSyncWorkOnRoot @ C:\Users\USER\OneDrive\Desktop\PUP\node_modules\react-dom\cjs\react-dom-client.development.js:16231
flushSyncWorkAcrossRoots_impl @ C:\Users\USER\OneDrive\Desktop\PUP\node_modules\react-dom\cjs\react-dom-client.development.js:16079
processRootScheduleInMicrotask @ C:\Users\USER\OneDrive\Desktop\PUP\node_modules\react-dom\cjs\react-dom-client.development.js:16116
(anonymous) @ C:\Users\USER\OneDrive\Desktop\PUP\node_modules\react-dom\cjs\react-dom-client.development.js:16250
<BottomTabNavigator>
exports.jsxDEV @ C:\Users\USER\OneDrive\Desktop\PUP\node_modules\react\cjs\react-jsx-dev-runtime.development.js:346
(anonymous) @ C:\Users\USER\OneDrive\Desktop\PUP\node_modules\expo-router\build\layouts\withLayoutContext.js:156
react-stack-bottom-frame @ C:\Users\USER\OneDrive\Desktop\PUP\node_modules\react-dom\cjs\react-dom-client.development.js:23863
renderWithHooks @ C:\Users\USER\OneDrive\Desktop\PUP\node_modules\react-dom\cjs\react-dom-client.development.js:5529
updateForwardRef @ C:\Users\USER\OneDrive\Desktop\PUP\node_modules\react-dom\cjs\react-dom-client.development.js:8645
beginWork @ C:\Users\USER\OneDrive\Desktop\PUP\node_modules\react-dom\cjs\react-dom-client.development.js:10861
runWithFiberInDEV @ C:\Users\USER\OneDrive\Desktop\PUP\node_modules\react-dom\cjs\react-dom-client.development.js:1519
performUnitOfWork @ C:\Users\USER\OneDrive\Desktop\PUP\node_modules\react-dom\cjs\react-dom-client.development.js:15132
workLoopSync @ C:\Users\USER\OneDrive\Desktop\PUP\node_modules\react-dom\cjs\react-dom-client.development.js:14956
renderRootSync @ C:\Users\USER\OneDrive\Desktop\PUP\node_modules\react-dom\cjs\react-dom-client.development.js:14936
performWorkOnRoot @ C:\Users\USER\OneDrive\Desktop\PUP\node_modules\react-dom\cjs\react-dom-client.development.js:14419
performSyncWorkOnRoot @ C:\Users\USER\OneDrive\Desktop\PUP\node_modules\react-dom\cjs\react-dom-client.development.js:16231
flushSyncWorkAcrossRoots_impl @ C:\Users\USER\OneDrive\Desktop\PUP\node_modules\react-dom\cjs\react-dom-client.development.js:16079
flushPassiveEffects @ C:\Users\USER\OneDrive\Desktop\PUP\node_modules\react-dom\cjs\react-dom-client.development.js:15749
(anonymous) @ C:\Users\USER\OneDrive\Desktop\PUP\node_modules\react-dom\cjs\react-dom-client.development.js:15379
performWorkUntilDeadline @ C:\Users\USER\OneDrive\Desktop\PUP\node_modules\scheduler\cjs\scheduler.development.js:45
<ForwardRef>
exports.jsxDEV @ C:\Users\USER\OneDrive\Desktop\PUP\node_modules\react\cjs\react-jsx-dev-runtime.development.js:346
Object.assign.Screen @ C:\Users\USER\OneDrive\Desktop\PUP\node_modules\expo-router\build\layouts\TabsClient.js:46
react-stack-bottom-frame @ C:\Users\USER\OneDrive\Desktop\PUP\node_modules\react-dom\cjs\react-dom-client.development.js:23863
renderWithHooks @ C:\Users\USER\OneDrive\Desktop\PUP\node_modules\react-dom\cjs\react-dom-client.development.js:5529
updateFunctionComponent @ C:\Users\USER\OneDrive\Desktop\PUP\node_modules\react-dom\cjs\react-dom-client.development.js:8897
beginWork @ C:\Users\USER\OneDrive\Desktop\PUP\node_modules\react-dom\cjs\react-dom-client.development.js:10522
runWithFiberInDEV @ C:\Users\USER\OneDrive\Desktop\PUP\node_modules\react-dom\cjs\react-dom-client.development.js:1519
performUnitOfWork @ C:\Users\USER\OneDrive\Desktop\PUP\node_modules\react-dom\cjs\react-dom-client.development.js:15132
workLoopSync @ C:\Users\USER\OneDrive\Desktop\PUP\node_modules\react-dom\cjs\react-dom-client.development.js:14956
renderRootSync @ C:\Users\USER\OneDrive\Desktop\PUP\node_modules\react-dom\cjs\react-dom-client.development.js:14936
performWorkOnRoot @ C:\Users\USER\OneDrive\Desktop\PUP\node_modules\react-dom\cjs\react-dom-client.development.js:14419
performSyncWorkOnRoot @ C:\Users\USER\OneDrive\Desktop\PUP\node_modules\react-dom\cjs\react-dom-client.development.js:16231
flushSyncWorkAcrossRoots_impl @ C:\Users\USER\OneDrive\Desktop\PUP\node_modules\react-dom\cjs\react-dom-client.development.js:16079
flushPassiveEffects @ C:\Users\USER\OneDrive\Desktop\PUP\node_modules\react-dom\cjs\react-dom-client.development.js:15749
(anonymous) @ C:\Users\USER\OneDrive\Desktop\PUP\node_modules\react-dom\cjs\react-dom-client.development.js:15379
performWorkUntilDeadline @ C:\Users\USER\OneDrive\Desktop\PUP\node_modules\scheduler\cjs\scheduler.development.js:45
<...>
exports.jsxDEV @ C:\Users\USER\OneDrive\Desktop\PUP\node_modules\react\cjs\react-jsx-dev-runtime.development.js:346
TabLayout @ C:\Users\USER\OneDrive\Desktop\PUP\app\(tabs)\_layout.tsx:6
react-stack-bottom-frame @ C:\Users\USER\OneDrive\Desktop\PUP\node_modules\react-dom\cjs\react-dom-client.development.js:23863
renderWithHooks @ C:\Users\USER\OneDrive\Desktop\PUP\node_modules\react-dom\cjs\react-dom-client.development.js:5529
updateFunctionComponent @ C:\Users\USER\OneDrive\Desktop\PUP\node_modules\react-dom\cjs\react-dom-client.development.js:8897
beginWork @ C:\Users\USER\OneDrive\Desktop\PUP\node_modules\react-dom\cjs\react-dom-client.development.js:10522
runWithFiberInDEV @ C:\Users\USER\OneDrive\Desktop\PUP\node_modules\react-dom\cjs\react-dom-client.development.js:1519
performUnitOfWork @ C:\Users\USER\OneDrive\Desktop\PUP\node_modules\react-dom\cjs\react-dom-client.development.js:15132
workLoopSync @ C:\Users\USER\OneDrive\Desktop\PUP\node_modules\react-dom\cjs\react-dom-client.development.js:14956
renderRootSync @ C:\Users\USER\OneDrive\Desktop\PUP\node_modules\react-dom\cjs\react-dom-client.development.js:14936
performWorkOnRoot @ C:\Users\USER\OneDrive\Desktop\PUP\node_modules\react-dom\cjs\react-dom-client.development.js:14419
performSyncWorkOnRoot @ C:\Users\USER\OneDrive\Desktop\PUP\node_modules\react-dom\cjs\react-dom-client.development.js:16231
flushSyncWorkAcrossRoots_impl @ C:\Users\USER\OneDrive\Desktop\PUP\node_modules\react-dom\cjs\react-dom-client.development.js:16079
flushPassiveEffects @ C:\Users\USER\OneDrive\Desktop\PUP\node_modules\react-dom\cjs\react-dom-client.development.js:15749
(anonymous) @ C:\Users\USER\OneDrive\Desktop\PUP\node_modules\react-dom\cjs\react-dom-client.development.js:15379
performWorkUntilDeadline @ C:\Users\USER\OneDrive\Desktop\PUP\node_modules\scheduler\cjs\scheduler.development.js:45
<TabLayout(./(tabs)/_layout.tsx)>
exports.jsxDEV @ C:\Users\USER\OneDrive\Desktop\PUP\node_modules\react\cjs\react-jsx-dev-runtime.development.js:346
BaseRoute @ C:\Users\USER\OneDrive\Desktop\PUP\node_modules\expo-router\build\useScreens.js:213
react-stack-bottom-frame @ C:\Users\USER\OneDrive\Desktop\PUP\node_modules\react-dom\cjs\react-dom-client.development.js:23863
renderWithHooks @ C:\Users\USER\OneDrive\Desktop\PUP\node_modules\react-dom\cjs\react-dom-client.development.js:5529
updateFunctionComponent @ C:\Users\USER\OneDrive\Desktop\PUP\node_modules\react-dom\cjs\react-dom-client.development.js:8897
beginWork @ C:\Users\USER\OneDrive\Desktop\PUP\node_modules\react-dom\cjs\react-dom-client.development.js:10522
runWithFiberInDEV @ C:\Users\USER\OneDrive\Desktop\PUP\node_modules\react-dom\cjs\react-dom-client.development.js:1519
performUnitOfWork @ C:\Users\USER\OneDrive\Desktop\PUP\node_modules\react-dom\cjs\react-dom-client.development.js:15132
workLoopSync @ C:\Users\USER\OneDrive\Desktop\PUP\node_modules\react-dom\cjs\react-dom-client.development.js:14956
renderRootSync @ C:\Users\USER\OneDrive\Desktop\PUP\node_modules\react-dom\cjs\react-dom-client.development.js:14936
performWorkOnRoot @ C:\Users\USER\OneDrive\Desktop\PUP\node_modules\react-dom\cjs\react-dom-client.development.js:14419
performSyncWorkOnRoot @ C:\Users\USER\OneDrive\Desktop\PUP\node_modules\react-dom\cjs\react-dom-client.development.js:16231
flushSyncWorkAcrossRoots_impl @ C:\Users\USER\OneDrive\Desktop\PUP\node_modules\react-dom\cjs\react-dom-client.development.js:16079
flushPassiveEffects @ C:\Users\USER\OneDrive\Desktop\PUP\node_modules\react-dom\cjs\react-dom-client.development.js:15749
(anonymous) @ C:\Users\USER\OneDrive\Desktop\PUP\node_modules\react-dom\cjs\react-dom-client.development.js:15379
performWorkUntilDeadline @ C:\Users\USER\OneDrive\Desktop\PUP\node_modules\scheduler\cjs\scheduler.development.js:45
<Route((tabs))>
exports.jsx @ C:\Users\USER\OneDrive\Desktop\PUP\node_modules\react\cjs\react-jsx-runtime.development.js:339
SceneView @ C:\Users\USER\OneDrive\Desktop\PUP\node_modules\@react-navigation\core\lib\module\SceneView.js:125
react-stack-bottom-frame @ C:\Users\USER\OneDrive\Desktop\PUP\node_modules\react-dom\cjs\react-dom-client.development.js:23863
renderWithHooks @ C:\Users\USER\OneDrive\Desktop\PUP\node_modules\react-dom\cjs\react-dom-client.development.js:5529
updateFunctionComponent @ C:\Users\USER\OneDrive\Desktop\PUP\node_modules\react-dom\cjs\react-dom-client.development.js:8897
beginWork @ C:\Users\USER\OneDrive\Desktop\PUP\node_modules\react-dom\cjs\react-dom-client.development.js:10522
runWithFiberInDEV @ C:\Users\USER\OneDrive\Desktop\PUP\node_modules\react-dom\cjs\react-dom-client.development.js:1519
performUnitOfWork @ C:\Users\USER\OneDrive\Desktop\PUP\node_modules\react-dom\cjs\react-dom-client.development.js:15132
workLoopSync @ C:\Users\USER\OneDrive\Desktop\PUP\node_modules\react-dom\cjs\react-dom-client.development.js:14956
renderRootSync @ C:\Users\USER\OneDrive\Desktop\PUP\node_modules\react-dom\cjs\react-dom-client.development.js:14936
performWorkOnRoot @ C:\Users\USER\OneDrive\Desktop\PUP\node_modules\react-dom\cjs\react-dom-client.development.js:14419
performSyncWorkOnRoot @ C:\Users\USER\OneDrive\Desktop\PUP\node_modules\react-dom\cjs\react-dom-client.development.js:16231
flushSyncWorkAcrossRoots_impl @ C:\Users\USER\OneDrive\Desktop\PUP\node_modules\react-dom\cjs\react-dom-client.development.js:16079
flushPassiveEffects @ C:\Users\USER\OneDrive\Desktop\PUP\node_modules\react-dom\cjs\react-dom-client.development.js:15749
(anonymous) @ C:\Users\USER\OneDrive\Desktop\PUP\node_modules\react-dom\cjs\react-dom-client.development.js:15379
performWorkUntilDeadline @ C:\Users\USER\OneDrive\Desktop\PUP\node_modules\scheduler\cjs\scheduler.development.js:45
<SceneView>
exports.jsx @ C:\Users\USER\OneDrive\Desktop\PUP\node_modules\react\cjs\react-jsx-runtime.development.js:339
render @ C:\Users\USER\OneDrive\Desktop\PUP\node_modules\@react-navigation\core\lib\module\useDescriptors.js:108
(anonymous) @ C:\Users\USER\OneDrive\Desktop\PUP\node_modules\@react-navigation\core\lib\module\useDescriptors.js:140
useDescriptors @ C:\Users\USER\OneDrive\Desktop\PUP\node_modules\@react-navigation\core\lib\module\useDescriptors.js:137
useNavigationBuilder @ C:\Users\USER\OneDrive\Desktop\PUP\node_modules\@react-navigation\core\lib\module\useNavigationBuilder.js:562
SlotNavigator @ C:\Users\USER\OneDrive\Desktop\PUP\node_modules\expo-router\build\views\Navigator.js:107
react-stack-bottom-frame @ C:\Users\USER\OneDrive\Desktop\PUP\node_modules\react-dom\cjs\react-dom-client.development.js:23863
renderWithHooks @ C:\Users\USER\OneDrive\Desktop\PUP\node_modules\react-dom\cjs\react-dom-client.development.js:5529
updateFunctionComponent @ C:\Users\USER\OneDrive\Desktop\PUP\node_modules\react-dom\cjs\react-dom-client.development.js:8897
beginWork @ C:\Users\USER\OneDrive\Desktop\PUP\node_modules\react-dom\cjs\react-dom-client.development.js:10522
runWithFiberInDEV @ C:\Users\USER\OneDrive\Desktop\PUP\node_modules\react-dom\cjs\react-dom-client.development.js:1519
performUnitOfWork @ C:\Users\USER\OneDrive\Desktop\PUP\node_modules\react-dom\cjs\react-dom-client.development.js:15132
workLoopSync @ C:\Users\USER\OneDrive\Desktop\PUP\node_modules\react-dom\cjs\react-dom-client.development.js:14956
renderRootSync @ C:\Users\USER\OneDrive\Desktop\PUP\node_modules\react-dom\cjs\react-dom-client.development.js:14936
performWorkOnRoot @ C:\Users\USER\OneDrive\Desktop\PUP\node_modules\react-dom\cjs\react-dom-client.development.js:14419
performSyncWorkOnRoot @ C:\Users\USER\OneDrive\Desktop\PUP\node_modules\react-dom\cjs\react-dom-client.development.js:16231
flushSyncWorkAcrossRoots_impl @ C:\Users\USER\OneDrive\Desktop\PUP\node_modules\react-dom\cjs\react-dom-client.development.js:16079
flushPassiveEffects @ C:\Users\USER\OneDrive\Desktop\PUP\node_modules\react-dom\cjs\react-dom-client.development.js:15749
(anonymous) @ C:\Users\USER\OneDrive\Desktop\PUP\node_modules\react-dom\cjs\react-dom-client.development.js:15379
performWorkUntilDeadline @ C:\Users\USER\OneDrive\Desktop\PUP\node_modules\scheduler\cjs\scheduler.development.js:45
<SlotNavigator>
exports.jsxDEV @ C:\Users\USER\OneDrive\Desktop\PUP\node_modules\react\cjs\react-jsx-dev-runtime.development.js:346
Slot @ C:\Users\USER\OneDrive\Desktop\PUP\node_modules\expo-router\build\views\Navigator.js:130
react-stack-bottom-frame @ C:\Users\USER\OneDrive\Desktop\PUP\node_modules\react-dom\cjs\react-dom-client.development.js:23863
renderWithHooks @ C:\Users\USER\OneDrive\Desktop\PUP\node_modules\react-dom\cjs\react-dom-client.development.js:5529
updateFunctionComponent @ C:\Users\USER\OneDrive\Desktop\PUP\node_modules\react-dom\cjs\react-dom-client.development.js:8897
beginWork @ C:\Users\USER\OneDrive\Desktop\PUP\node_modules\react-dom\cjs\react-dom-client.development.js:10522
runWithFiberInDEV @ C:\Users\USER\OneDrive\Desktop\PUP\node_modules\react-dom\cjs\react-dom-client.development.js:1519
performUnitOfWork @ C:\Users\USER\OneDrive\Desktop\PUP\node_modules\react-dom\cjs\react-dom-client.development.js:15132
workLoopConcurrentByScheduler @ C:\Users\USER\OneDrive\Desktop\PUP\node_modules\react-dom\cjs\react-dom-client.development.js:15126
renderRootConcurrent @ C:\Users\USER\OneDrive\Desktop\PUP\node_modules\react-dom\cjs\react-dom-client.development.js:15101
performWorkOnRoot @ C:\Users\USER\OneDrive\Desktop\PUP\node_modules\react-dom\cjs\react-dom-client.development.js:14418
performWorkOnRootViaSchedulerTask @ C:\Users\USER\OneDrive\Desktop\PUP\node_modules\react-dom\cjs\react-dom-client.development.js:16216
performWorkUntilDeadline @ C:\Users\USER\OneDrive\Desktop\PUP\node_modules\scheduler\cjs\scheduler.development.js:45
<Slot>
exports.jsxDEV @ C:\Users\USER\OneDrive\Desktop\PUP\node_modules\react\cjs\react-jsx-dev-runtime.development.js:346
RootLayout @ C:\Users\USER\OneDrive\Desktop\PUP\app\_layout.tsx:86
react-stack-bottom-frame @ C:\Users\USER\OneDrive\Desktop\PUP\node_modules\react-dom\cjs\react-dom-client.development.js:23863
renderWithHooks @ C:\Users\USER\OneDrive\Desktop\PUP\node_modules\react-dom\cjs\react-dom-client.development.js:5529
updateFunctionComponent @ C:\Users\USER\OneDrive\Desktop\PUP\node_modules\react-dom\cjs\react-dom-client.development.js:8897
beginWork @ C:\Users\USER\OneDrive\Desktop\PUP\node_modules\react-dom\cjs\react-dom-client.development.js:10522
runWithFiberInDEV @ C:\Users\USER\OneDrive\Desktop\PUP\node_modules\react-dom\cjs\react-dom-client.development.js:1519
performUnitOfWork @ C:\Users\USER\OneDrive\Desktop\PUP\node_modules\react-dom\cjs\react-dom-client.development.js:15132
workLoopConcurrentByScheduler @ C:\Users\USER\OneDrive\Desktop\PUP\node_modules\react-dom\cjs\react-dom-client.development.js:15126
renderRootConcurrent @ C:\Users\USER\OneDrive\Desktop\PUP\node_modules\react-dom\cjs\react-dom-client.development.js:15101
performWorkOnRoot @ C:\Users\USER\OneDrive\Desktop\PUP\node_modules\react-dom\cjs\react-dom-client.development.js:14418
performWorkOnRootViaSchedulerTask @ C:\Users\USER\OneDrive\Desktop\PUP\node_modules\react-dom\cjs\react-dom-client.development.js:16216
performWorkUntilDeadline @ C:\Users\USER\OneDrive\Desktop\PUP\node_modules\scheduler\cjs\scheduler.development.js:45
<RootLayout(./_layout.tsx)>
exports.jsxDEV @ C:\Users\USER\OneDrive\Desktop\PUP\node_modules\react\cjs\react-jsx-dev-runtime.development.js:346
BaseRoute @ C:\Users\USER\OneDrive\Desktop\PUP\node_modules\expo-router\build\useScreens.js:213
react-stack-bottom-frame @ C:\Users\USER\OneDrive\Desktop\PUP\node_modules\react-dom\cjs\react-dom-client.development.js:23863
renderWithHooks @ C:\Users\USER\OneDrive\Desktop\PUP\node_modules\react-dom\cjs\react-dom-client.development.js:5529
updateFunctionComponent @ C:\Users\USER\OneDrive\Desktop\PUP\node_modules\react-dom\cjs\react-dom-client.development.js:8897
beginWork @ C:\Users\USER\OneDrive\Desktop\PUP\node_modules\react-dom\cjs\react-dom-client.development.js:10522
runWithFiberInDEV @ C:\Users\USER\OneDrive\Desktop\PUP\node_modules\react-dom\cjs\react-dom-client.development.js:1519
performUnitOfWork @ C:\Users\USER\OneDrive\Desktop\PUP\node_modules\react-dom\cjs\react-dom-client.development.js:15132
workLoopConcurrentByScheduler @ C:\Users\USER\OneDrive\Desktop\PUP\node_modules\react-dom\cjs\react-dom-client.development.js:15126
renderRootConcurrent @ C:\Users\USER\OneDrive\Desktop\PUP\node_modules\react-dom\cjs\react-dom-client.development.js:15101
performWorkOnRoot @ C:\Users\USER\OneDrive\Desktop\PUP\node_modules\react-dom\cjs\react-dom-client.development.js:14418
performWorkOnRootViaSchedulerTask @ C:\Users\USER\OneDrive\Desktop\PUP\node_modules\react-dom\cjs\react-dom-client.development.js:16216
performWorkUntilDeadline @ C:\Users\USER\OneDrive\Desktop\PUP\node_modules\scheduler\cjs\scheduler.development.js:45
<Route()>
exports.jsx @ C:\Users\USER\OneDrive\Desktop\PUP\node_modules\react\cjs\react-jsx-runtime.development.js:339
SceneView @ C:\Users\USER\OneDrive\Desktop\PUP\node_modules\@react-navigation\core\lib\module\SceneView.js:125
react-stack-bottom-frame @ C:\Users\USER\OneDrive\Desktop\PUP\node_modules\react-dom\cjs\react-dom-client.development.js:23863
renderWithHooks @ C:\Users\USER\OneDrive\Desktop\PUP\node_modules\react-dom\cjs\react-dom-client.development.js:5529
updateFunctionComponent @ C:\Users\USER\OneDrive\Desktop\PUP\node_modules\react-dom\cjs\react-dom-client.development.js:8897
beginWork @ C:\Users\USER\OneDrive\Desktop\PUP\node_modules\react-dom\cjs\react-dom-client.development.js:10522
runWithFiberInDEV @ C:\Users\USER\OneDrive\Desktop\PUP\node_modules\react-dom\cjs\react-dom-client.development.js:1519
performUnitOfWork @ C:\Users\USER\OneDrive\Desktop\PUP\node_modules\react-dom\cjs\react-dom-client.development.js:15132
workLoopConcurrentByScheduler @ C:\Users\USER\OneDrive\Desktop\PUP\node_modules\react-dom\cjs\react-dom-client.development.js:15126
renderRootConcurrent @ C:\Users\USER\OneDrive\Desktop\PUP\node_modules\react-dom\cjs\react-dom-client.development.js:15101
performWorkOnRoot @ C:\Users\USER\OneDrive\Desktop\PUP\node_modules\react-dom\cjs\react-dom-client.development.js:14418
performWorkOnRootViaSchedulerTask @ C:\Users\USER\OneDrive\Desktop\PUP\node_modules\react-dom\cjs\react-dom-client.development.js:16216
performWorkUntilDeadline @ C:\Users\USER\OneDrive\Desktop\PUP\node_modules\scheduler\cjs\scheduler.development.js:45
<SceneView>
exports.jsx @ C:\Users\USER\OneDrive\Desktop\PUP\node_modules\react\cjs\react-jsx-runtime.development.js:339
render @ C:\Users\USER\OneDrive\Desktop\PUP\node_modules\@react-navigation\core\lib\module\useDescriptors.js:108
(anonymous) @ C:\Users\USER\OneDrive\Desktop\PUP\node_modules\@react-navigation\core\lib\module\useDescriptors.js:140
useDescriptors @ C:\Users\USER\OneDrive\Desktop\PUP\node_modules\@react-navigation\core\lib\module\useDescriptors.js:137
useNavigationBuilder @ C:\Users\USER\OneDrive\Desktop\PUP\node_modules\@react-navigation\core\lib\module\useNavigationBuilder.js:562
Content @ C:\Users\USER\OneDrive\Desktop\PUP\node_modules\expo-router\build\ExpoRoot.js:161
react-stack-bottom-frame @ C:\Users\USER\OneDrive\Desktop\PUP\node_modules\react-dom\cjs\react-dom-client.development.js:23863
renderWithHooks @ C:\Users\USER\OneDrive\Desktop\PUP\node_modules\react-dom\cjs\react-dom-client.development.js:5529
updateFunctionComponent @ C:\Users\USER\OneDrive\Desktop\PUP\node_modules\react-dom\cjs\react-dom-client.development.js:8897
beginWork @ C:\Users\USER\OneDrive\Desktop\PUP\node_modules\react-dom\cjs\react-dom-client.development.js:10522
runWithFiberInDEV @ C:\Users\USER\OneDrive\Desktop\PUP\node_modules\react-dom\cjs\react-dom-client.development.js:1519
performUnitOfWork @ C:\Users\USER\OneDrive\Desktop\PUP\node_modules\react-dom\cjs\react-dom-client.development.js:15132
workLoopConcurrentByScheduler @ C:\Users\USER\OneDrive\Desktop\PUP\node_modules\react-dom\cjs\react-dom-client.development.js:15126
renderRootConcurrent @ C:\Users\USER\OneDrive\Desktop\PUP\node_modules\react-dom\cjs\react-dom-client.development.js:15101
performWorkOnRoot @ C:\Users\USER\OneDrive\Desktop\PUP\node_modules\react-dom\cjs\react-dom-client.development.js:14418
performWorkOnRootViaSchedulerTask @ C:\Users\USER\OneDrive\Desktop\PUP\node_modules\react-dom\cjs\react-dom-client.development.js:16216
performWorkUntilDeadline @ C:\Users\USER\OneDrive\Desktop\PUP\node_modules\scheduler\cjs\scheduler.development.js:45
<Content>
exports.jsxDEV @ C:\Users\USER\OneDrive\Desktop\PUP\node_modules\react\cjs\react-jsx-dev-runtime.development.js:346
ContextNavigator @ C:\Users\USER\OneDrive\Desktop\PUP\node_modules\expo-router\build\ExpoRoot.js:147
react-stack-bottom-frame @ C:\Users\USER\OneDrive\Desktop\PUP\node_modules\react-dom\cjs\react-dom-client.development.js:23863
renderWithHooks @ C:\Users\USER\OneDrive\Desktop\PUP\node_modules\react-dom\cjs\react-dom-client.development.js:5529
updateFunctionComponent @ C:\Users\USER\OneDrive\Desktop\PUP\node_modules\react-dom\cjs\react-dom-client.development.js:8897
beginWork @ C:\Users\USER\OneDrive\Desktop\PUP\node_modules\react-dom\cjs\react-dom-client.development.js:10522
runWithFiberInDEV @ C:\Users\USER\OneDrive\Desktop\PUP\node_modules\react-dom\cjs\react-dom-client.development.js:1519
performUnitOfWork @ C:\Users\USER\OneDrive\Desktop\PUP\node_modules\react-dom\cjs\react-dom-client.development.js:15132
workLoopConcurrentByScheduler @ C:\Users\USER\OneDrive\Desktop\PUP\node_modules\react-dom\cjs\react-dom-client.development.js:15126
renderRootConcurrent @ C:\Users\USER\OneDrive\Desktop\PUP\node_modules\react-dom\cjs\react-dom-client.development.js:15101
performWorkOnRoot @ C:\Users\USER\OneDrive\Desktop\PUP\node_modules\react-dom\cjs\react-dom-client.development.js:14418
performWorkOnRootViaSchedulerTask @ C:\Users\USER\OneDrive\Desktop\PUP\node_modules\react-dom\cjs\react-dom-client.development.js:16216
performWorkUntilDeadline @ C:\Users\USER\OneDrive\Desktop\PUP\node_modules\scheduler\cjs\scheduler.development.js:45
<ContextNavigator>
exports.jsxDEV @ C:\Users\USER\OneDrive\Desktop\PUP\node_modules\react\cjs\react-jsx-dev-runtime.development.js:346
ExpoRoot @ C:\Users\USER\OneDrive\Desktop\PUP\node_modules\expo-router\build\ExpoRoot.js:87
react-stack-bottom-frame @ C:\Users\USER\OneDrive\Desktop\PUP\node_modules\react-dom\cjs\react-dom-client.development.js:23863
renderWithHooks @ C:\Users\USER\OneDrive\Desktop\PUP\node_modules\react-dom\cjs\react-dom-client.development.js:5529
updateFunctionComponent @ C:\Users\USER\OneDrive\Desktop\PUP\node_modules\react-dom\cjs\react-dom-client.development.js:8897
beginWork @ C:\Users\USER\OneDrive\Desktop\PUP\node_modules\react-dom\cjs\react-dom-client.development.js:10522
runWithFiberInDEV @ C:\Users\USER\OneDrive\Desktop\PUP\node_modules\react-dom\cjs\react-dom-client.development.js:1519
performUnitOfWork @ C:\Users\USER\OneDrive\Desktop\PUP\node_modules\react-dom\cjs\react-dom-client.development.js:15132
workLoopConcurrentByScheduler @ C:\Users\USER\OneDrive\Desktop\PUP\node_modules\react-dom\cjs\react-dom-client.development.js:15126
renderRootConcurrent @ C:\Users\USER\OneDrive\Desktop\PUP\node_modules\react-dom\cjs\react-dom-client.development.js:15101
performWorkOnRoot @ C:\Users\USER\OneDrive\Desktop\PUP\node_modules\react-dom\cjs\react-dom-client.development.js:14418
performWorkOnRootViaSchedulerTask @ C:\Users\USER\OneDrive\Desktop\PUP\node_modules\react-dom\cjs\react-dom-client.development.js:16216
performWorkUntilDeadline @ C:\Users\USER\OneDrive\Desktop\PUP\node_modules\scheduler\cjs\scheduler.development.js:45
<ExpoRoot>
exports.jsxDEV @ C:\Users\USER\OneDrive\Desktop\PUP\node_modules\react\cjs\react-jsx-dev-runtime.development.js:346
App @ C:\Users\USER\OneDrive\Desktop\PUP\node_modules\expo-router\build\qualified-entry.js:21
react-stack-bottom-frame @ C:\Users\USER\OneDrive\Desktop\PUP\node_modules\react-dom\cjs\react-dom-client.development.js:23863
renderWithHooks @ C:\Users\USER\OneDrive\Desktop\PUP\node_modules\react-dom\cjs\react-dom-client.development.js:5529
updateFunctionComponent @ C:\Users\USER\OneDrive\Desktop\PUP\node_modules\react-dom\cjs\react-dom-client.development.js:8897
beginWork @ C:\Users\USER\OneDrive\Desktop\PUP\node_modules\react-dom\cjs\react-dom-client.development.js:10522
runWithFiberInDEV @ C:\Users\USER\OneDrive\Desktop\PUP\node_modules\react-dom\cjs\react-dom-client.development.js:1519
performUnitOfWork @ C:\Users\USER\OneDrive\Desktop\PUP\node_modules\react-dom\cjs\react-dom-client.development.js:15132
workLoopConcurrentByScheduler @ C:\Users\USER\OneDrive\Desktop\PUP\node_modules\react-dom\cjs\react-dom-client.development.js:15126
renderRootConcurrent @ C:\Users\USER\OneDrive\Desktop\PUP\node_modules\react-dom\cjs\react-dom-client.development.js:15101
performWorkOnRoot @ C:\Users\USER\OneDrive\Desktop\PUP\node_modules\react-dom\cjs\react-dom-client.development.js:14418
performWorkOnRootViaSchedulerTask @ C:\Users\USER\OneDrive\Desktop\PUP\node_modules\react-dom\cjs\react-dom-client.development.js:16216
performWorkUntilDeadline @ C:\Users\USER\OneDrive\Desktop\PUP\node_modules\scheduler\cjs\scheduler.development.js:45
<App>
exports.jsxDEV @ C:\Users\USER\OneDrive\Desktop\PUP\node_modules\react\cjs\react-jsx-dev-runtime.development.js:346
ErrorOverlay @ C:\Users\USER\OneDrive\Desktop\PUP\node_modules\@expo\metro-runtime\src\error-overlay\index.tsx:19
react-stack-bottom-frame @ C:\Users\USER\OneDrive\Desktop\PUP\node_modules\react-dom\cjs\react-dom-client.development.js:23863
renderWithHooks @ C:\Users\USER\OneDrive\Desktop\PUP\node_modules\react-dom\cjs\react-dom-client.development.js:5529
updateFunctionComponent @ C:\Users\USER\OneDrive\Desktop\PUP\node_modules\react-dom\cjs\react-dom-client.development.js:8897
beginWork @ C:\Users\USER\OneDrive\Desktop\PUP\node_modules\react-dom\cjs\react-dom-client.development.js:10522
runWithFiberInDEV @ C:\Users\USER\OneDrive\Desktop\PUP\node_modules\react-dom\cjs\react-dom-client.development.js:1519
performUnitOfWork @ C:\Users\USER\OneDrive\Desktop\PUP\node_modules\react-dom\cjs\react-dom-client.development.js:15132
workLoopConcurrentByScheduler @ C:\Users\USER\OneDrive\Desktop\PUP\node_modules\react-dom\cjs\react-dom-client.development.js:15126
renderRootConcurrent @ C:\Users\USER\OneDrive\Desktop\PUP\node_modules\react-dom\cjs\react-dom-client.development.js:15101
performWorkOnRoot @ C:\Users\USER\OneDrive\Desktop\PUP\node_modules\react-dom\cjs\react-dom-client.development.js:14418
performWorkOnRootViaSchedulerTask @ C:\Users\USER\OneDrive\Desktop\PUP\node_modules\react-dom\cjs\react-dom-client.development.js:16216
performWorkUntilDeadline @ C:\Users\USER\OneDrive\Desktop\PUP\node_modules\scheduler\cjs\scheduler.development.js:45
<ErrorOverlay>
exports.jsxDEV @ C:\Users\USER\OneDrive\Desktop\PUP\node_modules\react\cjs\react-jsx-dev-runtime.development.js:346
WithDevTools @ C:\Users\USER\OneDrive\Desktop\PUP\node_modules\expo\src\launch\withDevTools.web.tsx:11
react-stack-bottom-frame @ C:\Users\USER\OneDrive\Desktop\PUP\node_modules\react-dom\cjs\react-dom-client.development.js:23863
renderWithHooks @ C:\Users\USER\OneDrive\Desktop\PUP\node_modules\react-dom\cjs\react-dom-client.development.js:5529
updateFunctionComponent @ C:\Users\USER\OneDrive\Desktop\PUP\node_modules\react-dom\cjs\react-dom-client.development.js:8897
beginWork @ C:\Users\USER\OneDrive\Desktop\PUP\node_modules\react-dom\cjs\react-dom-client.development.js:10522
runWithFiberInDEV @ C:\Users\USER\OneDrive\Desktop\PUP\node_modules\react-dom\cjs\react-dom-client.development.js:1519
performUnitOfWork @ C:\Users\USER\OneDrive\Desktop\PUP\node_modules\react-dom\cjs\react-dom-client.development.js:15132
workLoopConcurrentByScheduler @ C:\Users\USER\OneDrive\Desktop\PUP\node_modules\react-dom\cjs\react-dom-client.development.js:15126
renderRootConcurrent @ C:\Users\USER\OneDrive\Desktop\PUP\node_modules\react-dom\cjs\react-dom-client.development.js:15101
performWorkOnRoot @ C:\Users\USER\OneDrive\Desktop\PUP\node_modules\react-dom\cjs\react-dom-client.development.js:14418
performWorkOnRootViaSchedulerTask @ C:\Users\USER\OneDrive\Desktop\PUP\node_modules\react-dom\cjs\react-dom-client.development.js:16216
performWorkUntilDeadline @ C:\Users\USER\OneDrive\Desktop\PUP\node_modules\scheduler\cjs\scheduler.development.js:45
<withDevTools(ErrorOverlay)>
exports.createElement @ C:\Users\USER\OneDrive\Desktop\PUP\node_modules\react\cjs\react.development.js:1033
renderApplication @ C:\Users\USER\OneDrive\Desktop\PUP\node_modules\react-native-web\dist\exports\AppRegistry\renderApplication.js:27
run @ C:\Users\USER\OneDrive\Desktop\PUP\node_modules\react-native-web\dist\exports\AppRegistry\index.js:36
runApplication @ C:\Users\USER\OneDrive\Desktop\PUP\node_modules\react-native-web\dist\exports\AppRegistry\index.js:74
registerRootComponent @ C:\Users\USER\OneDrive\Desktop\PUP\node_modules\expo\src\launch\registerRootComponent.tsx:58
(anonymous) @ C:\Users\USER\OneDrive\Desktop\PUP\node_modules\expo-router\build\renderRootComponent.js:88
exports.startTransition @ C:\Users\USER\OneDrive\Desktop\PUP\node_modules\react\cjs\react.development.js:1124
renderRootComponent @ C:\Users\USER\OneDrive\Desktop\PUP\node_modules\expo-router\build\renderRootComponent.js:85
(anonymous) @ C:\Users\USER\OneDrive\Desktop\PUP\node_modules\expo-router\entry-classic.js:10
loadModuleImplementation @ C:\Users\USER\OneDrive\Desktop\PUP\node_modules\expo\node_modules\@expo\cli\build\metro-require\require.js:248
guardedLoadModule @ C:\Users\USER\OneDrive\Desktop\PUP\node_modules\expo\node_modules\@expo\cli\build\metro-require\require.js:163
metroRequire @ C:\Users\USER\OneDrive\Desktop\PUP\node_modules\expo\node_modules\@expo\cli\build\metro-require\require.js:74
(anonymous) @ C:\Users\USER\OneDrive\Desktop\PUP\node_modules\expo-router\entry.js:3
loadModuleImplementation @ C:\Users\USER\OneDrive\Desktop\PUP\node_modules\expo\node_modules\@expo\cli\build\metro-require\require.js:248
guardedLoadModule @ C:\Users\USER\OneDrive\Desktop\PUP\node_modules\expo\node_modules\@expo\cli\build\metro-require\require.js:156
metroRequire @ C:\Users\USER\OneDrive\Desktop\PUP\node_modules\expo\node_modules\@expo\cli\build\metro-require\require.js:74
(anonymous) @ entry.bundle?platform=web&dev=true&hot=false&lazy=true&transform.routerRoot=app&transform.reactCompiler=true:196749
C:\Users\USER\OneDrive\Desktop\PUP\node_modules\@expo\metro-runtime\src\error-overlay\LogBox.web.ts:134 [REST] queryCollection failed: Failed to query collection
registerError @ C:\Users\USER\OneDrive\Desktop\PUP\node_modules\@expo\metro-runtime\src\error-overlay\LogBox.web.ts:134
console.error @ C:\Users\USER\OneDrive\Desktop\PUP\node_modules\@expo\metro-runtime\src\error-overlay\LogBox.web.ts:59
queryCollection @ C:\Users\USER\OneDrive\Desktop\PUP\lib\firestore-rest.ts:303
await in queryCollection
getMealPlans @ C:\Users\USER\OneDrive\Desktop\PUP\lib\firebase.ts:1417
fetchPlans @ C:\Users\USER\OneDrive\Desktop\PUP\app\(tabs)\meal-plan.tsx:96
(anonymous) @ C:\Users\USER\OneDrive\Desktop\PUP\app\(tabs)\meal-plan.tsx:84
callback @ C:\Users\USER\OneDrive\Desktop\PUP\node_modules\expo-router\build\useFocusEffect.js:98
(anonymous) @ C:\Users\USER\OneDrive\Desktop\PUP\node_modules\expo-router\build\useFocusEffect.js:133
react-stack-bottom-frame @ C:\Users\USER\OneDrive\Desktop\PUP\node_modules\react-dom\cjs\react-dom-client.development.js:23949
runWithFiberInDEV @ C:\Users\USER\OneDrive\Desktop\PUP\node_modules\react-dom\cjs\react-dom-client.development.js:1519
commitHookEffectListMount @ C:\Users\USER\OneDrive\Desktop\PUP\node_modules\react-dom\cjs\react-dom-client.development.js:11905
commitHookPassiveMountEffects @ C:\Users\USER\OneDrive\Desktop\PUP\node_modules\react-dom\cjs\react-dom-client.development.js:12026
commitPassiveMountOnFiber @ C:\Users\USER\OneDrive\Desktop\PUP\node_modules\react-dom\cjs\react-dom-client.development.js:13841
recursivelyTraversePassiveMountEffects @ C:\Users\USER\OneDrive\Desktop\PUP\node_modules\react-dom\cjs\react-dom-client.development.js:13815
commitPassiveMountOnFiber @ C:\Users\USER\OneDrive\Desktop\PUP\node_modules\react-dom\cjs\react-dom-client.development.js:13928
recursivelyTraversePassiveMountEffects @ C:\Users\USER\OneDrive\Desktop\PUP\node_modules\react-dom\cjs\react-dom-client.development.js:13815
commitPassiveMountOnFiber @ C:\Users\USER\OneDrive\Desktop\PUP\node_modules\react-dom\cjs\react-dom-client.development.js:13903
recursivelyTraversePassiveMountEffects @ C:\Users\USER\OneDrive\Desktop\PUP\node_modules\react-dom\cjs\react-dom-client.development.js:13815
commitPassiveMountOnFiber @ C:\Users\USER\OneDrive\Desktop\PUP\node_modules\react-dom\cjs\react-dom-client.development.js:13957
recursivelyTraversePassiveMountEffects @ C:\Users\USER\OneDrive\Desktop\PUP\node_modules\react-dom\cjs\react-dom-client.development.js:13815
commitPassiveMountOnFiber @ C:\Users\USER\OneDrive\Desktop\PUP\node_modules\react-dom\cjs\react-dom-client.development.js:13957
recursivelyTraversePassiveMountEffects @ C:\Users\USER\OneDrive\Desktop\PUP\node_modules\react-dom\cjs\react-dom-client.development.js:13815
commitPassiveMountOnFiber @ C:\Users\USER\OneDrive\Desktop\PUP\node_modules\react-dom\cjs\react-dom-client.development.js:13834
recursivelyTraversePassiveMountEffects @ C:\Users\USER\OneDrive\Desktop\PUP\node_modules\react-dom\cjs\react-dom-client.development.js:13815
commitPassiveMountOnFiber @ C:\Users\USER\OneDrive\Desktop\PUP\node_modules\react-dom\cjs\react-dom-client.development.js:13834
recursivelyTraversePassiveMountEffects @ C:\Users\USER\OneDrive\Desktop\PUP\node_modules\react-dom\cjs\react-dom-client.development.js:13815
commitPassiveMountOnFiber @ C:\Users\USER\OneDrive\Desktop\PUP\node_modules\react-dom\cjs\react-dom-client.development.js:13834
recursivelyTraversePassiveMountEffects @ C:\Users\USER\OneDrive\Desktop\PUP\node_modules\react-dom\cjs\react-dom-client.development.js:13815
commitPassiveMountOnFiber @ C:\Users\USER\OneDrive\Desktop\PUP\node_modules\react-dom\cjs\react-dom-client.development.js:13957
recursivelyTraversePassiveMountEffects @ C:\Users\USER\OneDrive\Desktop\PUP\node_modules\react-dom\cjs\react-dom-client.development.js:13815
commitPassiveMountOnFiber @ C:\Users\USER\OneDrive\Desktop\PUP\node_modules\react-dom\cjs\react-dom-client.development.js:13957
recursivelyTraversePassiveMountEffects @ C:\Users\USER\OneDrive\Desktop\PUP\node_modules\react-dom\cjs\react-dom-client.development.js:13815
commitPassiveMountOnFiber @ C:\Users\USER\OneDrive\Desktop\PUP\node_modules\react-dom\cjs\react-dom-client.development.js:13834
recursivelyTraversePassiveMountEffects @ C:\Users\USER\OneDrive\Desktop\PUP\node_modules\react-dom\cjs\react-dom-client.development.js:13815
commitPassiveMountOnFiber @ C:\Users\USER\OneDrive\Desktop\PUP\node_modules\react-dom\cjs\react-dom-client.development.js:13957
recursivelyTraversePassiveMountEffects @ C:\Users\USER\OneDrive\Desktop\PUP\node_modules\react-dom\cjs\react-dom-client.development.js:13815
commitPassiveMountOnFiber @ C:\Users\USER\OneDrive\Desktop\PUP\node_modules\react-dom\cjs\react-dom-client.development.js:13957
recursivelyTraversePassiveMountEffects @ C:\Users\USER\OneDrive\Desktop\PUP\node_modules\react-dom\cjs\react-dom-client.development.js:13815
commitPassiveMountOnFiber @ C:\Users\USER\OneDrive\Desktop\PUP\node_modules\react-dom\cjs\react-dom-client.development.js:13957
recursivelyTraversePassiveMountEffects @ C:\Users\USER\OneDrive\Desktop\PUP\node_modules\react-dom\cjs\react-dom-client.development.js:13815
commitPassiveMountOnFiber @ C:\Users\USER\OneDrive\Desktop\PUP\node_modules\react-dom\cjs\react-dom-client.development.js:13834
recursivelyTraversePassiveMountEffects @ C:\Users\USER\OneDrive\Desktop\PUP\node_modules\react-dom\cjs\react-dom-client.development.js:13815
commitPassiveMountOnFiber @ C:\Users\USER\OneDrive\Desktop\PUP\node_modules\react-dom\cjs\react-dom-client.development.js:13957
recursivelyTraversePassiveMountEffects @ C:\Users\USER\OneDrive\Desktop\PUP\node_modules\react-dom\cjs\react-dom-client.development.js:13815
commitPassiveMountOnFiber @ C:\Users\USER\OneDrive\Desktop\PUP\node_modules\react-dom\cjs\react-dom-client.development.js:13957
recursivelyTraversePassiveMountEffects @ C:\Users\USER\OneDrive\Desktop\PUP\node_modules\react-dom\cjs\react-dom-client.development.js:13815
commitPassiveMountOnFiber @ C:\Users\USER\OneDrive\Desktop\PUP\node_modules\react-dom\cjs\react-dom-client.development.js:13957
recursivelyTraversePassiveMountEffects @ C:\Users\USER\OneDrive\Desktop\PUP\node_modules\react-dom\cjs\react-dom-client.development.js:13815
commitPassiveMountOnFiber @ C:\Users\USER\OneDrive\Desktop\PUP\node_modules\react-dom\cjs\react-dom-client.development.js:13834
recursivelyTraversePassiveMountEffects @ C:\Users\USER\OneDrive\Desktop\PUP\node_modules\react-dom\cjs\react-dom-client.development.js:13815
commitPassiveMountOnFiber @ C:\Users\USER\OneDrive\Desktop\PUP\node_modules\react-dom\cjs\react-dom-client.development.js:13957
recursivelyTraversePassiveMountEffects @ C:\Users\USER\OneDrive\Desktop\PUP\node_modules\react-dom\cjs\react-dom-client.development.js:13815
commitPassiveMountOnFiber @ C:\Users\USER\OneDrive\Desktop\PUP\node_modules\react-dom\cjs\react-dom-client.development.js:13957
recursivelyTraversePassiveMountEffects @ C:\Users\USER\OneDrive\Desktop\PUP\node_modules\react-dom\cjs\react-dom-client.development.js:13815
commitPassiveMountOnFiber @ C:\Users\USER\OneDrive\Desktop\PUP\node_modules\react-dom\cjs\react-dom-client.development.js:13957
recursivelyTraversePassiveMountEffects @ C:\Users\USER\OneDrive\Desktop\PUP\node_modules\react-dom\cjs\react-dom-client.development.js:13815
commitPassiveMountOnFiber @ C:\Users\USER\OneDrive\Desktop\PUP\node_modules\react-dom\cjs\react-dom-client.development.js:13957
recursivelyTraversePassiveMountEffects @ C:\Users\USER\OneDrive\Desktop\PUP\node_modules\react-dom\cjs\react-dom-client.development.js:13815
commitPassiveMountOnFiber @ C:\Users\USER\OneDrive\Desktop\PUP\node_modules\react-dom\cjs\react-dom-client.development.js:13834
recursivelyTraversePassiveMountEffects @ C:\Users\USER\OneDrive\Desktop\PUP\node_modules\react-dom\cjs\react-dom-client.development.js:13815
commitPassiveMountOnFiber @ C:\Users\USER\OneDrive\Desktop\PUP\node_modules\react-dom\cjs\react-dom-client.development.js:13957
recursivelyTraversePassiveMountEffects @ C:\Users\USER\OneDrive\Desktop\PUP\node_modules\react-dom\cjs\react-dom-client.development.js:13815
commitPassiveMountOnFiber @ C:\Users\USER\OneDrive\Desktop\PUP\node_modules\react-dom\cjs\react-dom-client.development.js:13834
recursivelyTraversePassiveMountEffects @ C:\Users\USER\OneDrive\Desktop\PUP\node_modules\react-dom\cjs\react-dom-client.development.js:13815
commitPassiveMountOnFiber @ C:\Users\USER\OneDrive\Desktop\PUP\node_modules\react-dom\cjs\react-dom-client.development.js:13834
recursivelyTraversePassiveMountEffects @ C:\Users\USER\OneDrive\Desktop\PUP\node_modules\react-dom\cjs\react-dom-client.development.js:13815
commitPassiveMountOnFiber @ C:\Users\USER\OneDrive\Desktop\PUP\node_modules\react-dom\cjs\react-dom-client.development.js:13834
recursivelyTraversePassiveMountEffects @ C:\Users\USER\OneDrive\Desktop\PUP\node_modules\react-dom\cjs\react-dom-client.development.js:13815
commitPassiveMountOnFiber @ C:\Users\USER\OneDrive\Desktop\PUP\node_modules\react-dom\cjs\react-dom-client.development.js:13834
recursivelyTraversePassiveMountEffects @ C:\Users\USER\OneDrive\Desktop\PUP\node_modules\react-dom\cjs\react-dom-client.development.js:13815
commitPassiveMountOnFiber @ C:\Users\USER\OneDrive\Desktop\PUP\node_modules\react-dom\cjs\react-dom-client.development.js:13957
recursivelyTraversePassiveMountEffects @ C:\Users\USER\OneDrive\Desktop\PUP\node_modules\react-dom\cjs\react-dom-client.development.js:13815
commitPassiveMountOnFiber @ C:\Users\USER\OneDrive\Desktop\PUP\node_modules\react-dom\cjs\react-dom-client.development.js:13957
recursivelyTraversePassiveMountEffects @ C:\Users\USER\OneDrive\Desktop\PUP\node_modules\react-dom\cjs\react-dom-client.development.js:13815
commitPassiveMountOnFiber @ C:\Users\USER\OneDrive\Desktop\PUP\node_modules\react-dom\cjs\react-dom-client.development.js:13834
recursivelyTraversePassiveMountEffects @ C:\Users\USER\OneDrive\Desktop\PUP\node_modules\react-dom\cjs\react-dom-client.development.js:13815
commitPassiveMountOnFiber @ C:\Users\USER\OneDrive\Desktop\PUP\node_modules\react-dom\cjs\react-dom-client.development.js:13834
recursivelyTraversePassiveMountEffects @ C:\Users\USER\OneDrive\Desktop\PUP\node_modules\react-dom\cjs\react-dom-client.development.js:13815
commitPassiveMountOnFiber @ C:\Users\USER\OneDrive\Desktop\PUP\node_modules\react-dom\cjs\react-dom-client.development.js:13957
recursivelyTraversePassiveMountEffects @ C:\Users\USER\OneDrive\Desktop\PUP\node_modules\react-dom\cjs\react-dom-client.development.js:13815
commitPassiveMountOnFiber @ C:\Users\USER\OneDrive\Desktop\PUP\node_modules\react-dom\cjs\react-dom-client.development.js:13834
recursivelyTraversePassiveMountEffects @ C:\Users\USER\OneDrive\Desktop\PUP\node_modules\react-dom\cjs\react-dom-client.development.js:13815
commitPassiveMountOnFiber @ C:\Users\USER\OneDrive\Desktop\PUP\node_modules\react-dom\cjs\react-dom-client.development.js:13834
recursivelyTraversePassiveMountEffects @ C:\Users\USER\OneDrive\Desktop\PUP\node_modules\react-dom\cjs\react-dom-client.development.js:13815
commitPassiveMountOnFiber @ C:\Users\USER\OneDrive\Desktop\PUP\node_modules\react-dom\cjs\react-dom-client.development.js:13957
recursivelyTraversePassiveMountEffects @ C:\Users\USER\OneDrive\Desktop\PUP\node_modules\react-dom\cjs\react-dom-client.development.js:13815
commitPassiveMountOnFiber @ C:\Users\USER\OneDrive\Desktop\PUP\node_modules\react-dom\cjs\react-dom-client.development.js:13834
recursivelyTraversePassiveMountEffects @ C:\Users\USER\OneDrive\Desktop\PUP\node_modules\react-dom\cjs\react-dom-client.development.js:13815
commitPassiveMountOnFiber @ C:\Users\USER\OneDrive\Desktop\PUP\node_modules\react-dom\cjs\react-dom-client.development.js:13957
recursivelyTraversePassiveMountEffects @ C:\Users\USER\OneDrive\Desktop\PUP\node_modules\react-dom\cjs\react-dom-client.development.js:13815
commitPassiveMountOnFiber @ C:\Users\USER\OneDrive\Desktop\PUP\node_modules\react-dom\cjs\react-dom-client.development.js:13834
recursivelyTraversePassiveMountEffects @ C:\Users\USER\OneDrive\Desktop\PUP\node_modules\react-dom\cjs\react-dom-client.development.js:13815
commitPassiveMountOnFiber @ C:\Users\USER\OneDrive\Desktop\PUP\node_modules\react-dom\cjs\react-dom-client.development.js:13834
recursivelyTraversePassiveMountEffects @ C:\Users\USER\OneDrive\Desktop\PUP\node_modules\react-dom\cjs\react-dom-client.development.js:13815
commitPassiveMountOnFiber @ C:\Users\USER\OneDrive\Desktop\PUP\node_modules\react-dom\cjs\react-dom-client.development.js:13834
recursivelyTraversePassiveMountEffects @ C:\Users\USER\OneDrive\Desktop\PUP\node_modules\react-dom\cjs\react-dom-client.development.js:13815
commitPassiveMountOnFiber @ C:\Users\USER\OneDrive\Desktop\PUP\node_modules\react-dom\cjs\react-dom-client.development.js:13957
recursivelyTraversePassiveMountEffects @ C:\Users\USER\OneDrive\Desktop\PUP\node_modules\react-dom\cjs\react-dom-client.development.js:13815
commitPassiveMountOnFiber @ C:\Users\USER\OneDrive\Desktop\PUP\node_modules\react-dom\cjs\react-dom-client.development.js:13834
recursivelyTraversePassiveMountEffects @ C:\Users\USER\OneDrive\Desktop\PUP\node_modules\react-dom\cjs\react-dom-client.development.js:13815
commitPassiveMountOnFiber @ C:\Users\USER\OneDrive\Desktop\PUP\node_modules\react-dom\cjs\react-dom-client.development.js:13957
recursivelyTraversePassiveMountEffects @ C:\Users\USER\OneDrive\Desktop\PUP\node_modules\react-dom\cjs\react-dom-client.development.js:13815
commitPassiveMountOnFiber @ C:\Users\USER\OneDrive\Desktop\PUP\node_modules\react-dom\cjs\react-dom-client.development.js:13957
recursivelyTraversePassiveMountEffects @ C:\Users\USER\OneDrive\Desktop\PUP\node_modules\react-dom\cjs\react-dom-client.development.js:13815
commitPassiveMountOnFiber @ C:\Users\USER\OneDrive\Desktop\PUP\node_modules\react-dom\cjs\react-dom-client.development.js:13834
recursivelyTraversePassiveMountEffects @ C:\Users\USER\OneDrive\Desktop\PUP\node_modules\react-dom\cjs\react-dom-client.development.js:13815
commitPassiveMountOnFiber @ C:\Users\USER\OneDrive\Desktop\PUP\node_modules\react-dom\cjs\react-dom-client.development.js:13957
recursivelyTraversePassiveMountEffects @ C:\Users\USER\OneDrive\Desktop\PUP\node_modules\react-dom\cjs\react-dom-client.development.js:13815
commitPassiveMountOnFiber @ C:\Users\USER\OneDrive\Desktop\PUP\node_modules\react-dom\cjs\react-dom-client.development.js:13957
recursivelyTraversePassiveMountEffects @ C:\Users\USER\OneDrive\Desktop\PUP\node_modules\react-dom\cjs\react-dom-client.development.js:13815
commitPassiveMountOnFiber @ C:\Users\USER\OneDrive\Desktop\PUP\node_modules\react-dom\cjs\react-dom-client.development.js:13834
recursivelyTraversePassiveMountEffects @ C:\Users\USER\OneDrive\Desktop\PUP\node_modules\react-dom\cjs\react-dom-client.development.js:13815
commitPassiveMountOnFiber @ C:\Users\USER\OneDrive\Desktop\PUP\node_modules\react-dom\cjs\react-dom-client.development.js:13834
recursivelyTraversePassiveMountEffects @ C:\Users\USER\OneDrive\Desktop\PUP\node_modules\react-dom\cjs\react-dom-client.development.js:13815
commitPassiveMountOnFiber @ C:\Users\USER\OneDrive\Desktop\PUP\node_modules\react-dom\cjs\react-dom-client.development.js:13834
recursivelyTraversePassiveMountEffects @ C:\Users\USER\OneDrive\Desktop\PUP\node_modules\react-dom\cjs\react-dom-client.development.js:13815
commitPassiveMountOnFiber @ C:\Users\USER\OneDrive\Desktop\PUP\node_modules\react-dom\cjs\react-dom-client.development.js:13834
recursivelyTraversePassiveMountEffects @ C:\Users\USER\OneDrive\Desktop\PUP\node_modules\react-dom\cjs\react-dom-client.development.js:13815
commitPassiveMountOnFiber @ C:\Users\USER\OneDrive\Desktop\PUP\node_modules\react-dom\cjs\react-dom-client.development.js:13834
recursivelyTraversePassiveMountEffects @ C:\Users\USER\OneDrive\Desktop\PUP\node_modules\react-dom\cjs\react-dom-client.development.js:13815
commitPassiveMountOnFiber @ C:\Users\USER\OneDrive\Desktop\PUP\node_modules\react-dom\cjs\react-dom-client.development.js:13834
recursivelyTraversePassiveMountEffects @ C:\Users\USER\OneDrive\Desktop\PUP\node_modules\react-dom\cjs\react-dom-client.development.js:13815
commitPassiveMountOnFiber @ C:\Users\USER\OneDrive\Desktop\PUP\node_modules\react-dom\cjs\react-dom-client.development.js:13928
recursivelyTraversePassiveMountEffects @ C:\Users\USER\OneDrive\Desktop\PUP\node_modules\react-dom\cjs\react-dom-client.development.js:13815
commitPassiveMountOnFiber @ C:\Users\USER\OneDrive\Desktop\PUP\node_modules\react-dom\cjs\react-dom-client.development.js:13903
recursivelyTraversePassiveMountEffects @ C:\Users\USER\OneDrive\Desktop\PUP\node_modules\react-dom\cjs\react-dom-client.development.js:13815
commitPassiveMountOnFiber @ C:\Users\USER\OneDrive\Desktop\PUP\node_modules\react-dom\cjs\react-dom-client.development.js:13957
recursivelyTraversePassiveMountEffects @ C:\Users\USER\OneDrive\Desktop\PUP\node_modules\react-dom\cjs\react-dom-client.development.js:13815
commitPassiveMountOnFiber @ C:\Users\USER\OneDrive\Desktop\PUP\node_modules\react-dom\cjs\react-dom-client.development.js:13957
recursivelyTraversePassiveMountEffects @ C:\Users\USER\OneDrive\Desktop\PUP\node_modules\react-dom\cjs\react-dom-client.development.js:13815
commitPassiveMountOnFiber @ C:\Users\USER\OneDrive\Desktop\PUP\node_modules\react-dom\cjs\react-dom-client.development.js:13834
recursivelyTraversePassiveMountEffects @ C:\Users\USER\OneDrive\Desktop\PUP\node_modules\react-dom\cjs\react-dom-client.development.js:13815
commitPassiveMountOnFiber @ C:\Users\USER\OneDrive\Desktop\PUP\node_modules\react-dom\cjs\react-dom-client.development.js:13834
recursivelyTraversePassiveMountEffects @ C:\Users\USER\OneDrive\Desktop\PUP\node_modules\react-dom\cjs\react-dom-client.development.js:13815
commitPassiveMountOnFiber @ C:\Users\USER\OneDrive\Desktop\PUP\node_modules\react-dom\cjs\react-dom-client.development.js:13834
recursivelyTraversePassiveMountEffects @ C:\Users\USER\OneDrive\Desktop\PUP\node_modules\react-dom\cjs\react-dom-client.development.js:13815
commitPassiveMountOnFiber @ C:\Users\USER\OneDrive\Desktop\PUP\node_modules\react-dom\cjs\react-dom-client.development.js:13957
recursivelyTraversePassiveMountEffects @ C:\Users\USER\OneDrive\Desktop\PUP\node_modules\react-dom\cjs\react-dom-client.development.js:13815
commitPassiveMountOnFiber @ C:\Users\USER\OneDrive\Desktop\PUP\node_modules\react-dom\cjs\react-dom-client.development.js:13957
recursivelyTraversePassiveMountEffects @ C:\Users\USER\OneDrive\Desktop\PUP\node_modules\react-dom\cjs\react-dom-client.development.js:13815
commitPassiveMountOnFiber @ C:\Users\USER\OneDrive\Desktop\PUP\node_modules\react-dom\cjs\react-dom-client.development.js:13834
recursivelyTraversePassiveMountEffects @ C:\Users\USER\OneDrive\Desktop\PUP\node_modules\react-dom\cjs\react-dom-client.development.js:13815
commitPassiveMountOnFiber @ C:\Users\USER\OneDrive\Desktop\PUP\node_modules\react-dom\cjs\react-dom-client.development.js:13957
recursivelyTraversePassiveMountEffects @ C:\Users\USER\OneDrive\Desktop\PUP\node_modules\react-dom\cjs\react-dom-client.development.js:13815
commitPassiveMountOnFiber @ C:\Users\USER\OneDrive\Desktop\PUP\node_modules\react-dom\cjs\react-dom-client.development.js:13957
recursivelyTraversePassiveMountEffects @ C:\Users\USER\OneDrive\Desktop\PUP\node_modules\react-dom\cjs\react-dom-client.development.js:13815
commitPassiveMountOnFiber @ C:\Users\USER\OneDrive\Desktop\PUP\node_modules\react-dom\cjs\react-dom-client.development.js:13957
recursivelyTraversePassiveMountEffects @ C:\Users\USER\OneDrive\Desktop\PUP\node_modules\react-dom\cjs\react-dom-client.development.js:13815
commitPassiveMountOnFiber @ C:\Users\USER\OneDrive\Desktop\PUP\node_modules\react-dom\cjs\react-dom-client.development.js:13834
recursivelyTraversePassiveMountEffects @ C:\Users\USER\OneDrive\Desktop\PUP\node_modules\react-dom\cjs\react-dom-client.development.js:13815
commitPassiveMountOnFiber @ C:\Users\USER\OneDrive\Desktop\PUP\node_modules\react-dom\cjs\react-dom-client.development.js:13957
recursivelyTraversePassiveMountEffects @ C:\Users\USER\OneDrive\Desktop\PUP\node_modules\react-dom\cjs\react-dom-client.development.js:13815
commitPassiveMountOnFiber @ C:\Users\USER\OneDrive\Desktop\PUP\node_modules\react-dom\cjs\react-dom-client.development.js:13957
recursivelyTraversePassiveMountEffects @ C:\Users\USER\OneDrive\Desktop\PUP\node_modules\react-dom\cjs\react-dom-client.development.js:13815
commitPassiveMountOnFiber @ C:\Users\USER\OneDrive\Desktop\PUP\node_modules\react-dom\cjs\react-dom-client.development.js:13957
recursivelyTraversePassiveMountEffects @ C:\Users\USER\OneDrive\Desktop\PUP\node_modules\react-dom\cjs\react-dom-client.development.js:13815
commitPassiveMountOnFiber @ C:\Users\USER\OneDrive\Desktop\PUP\node_modules\react-dom\cjs\react-dom-client.development.js:13834
recursivelyTraversePassiveMountEffects @ C:\Users\USER\OneDrive\Desktop\PUP\node_modules\react-dom\cjs\react-dom-client.development.js:13815
commitPassiveMountOnFiber @ C:\Users\USER\OneDrive\Desktop\PUP\node_modules\react-dom\cjs\react-dom-client.development.js:13957
recursivelyTraversePassiveMountEffects @ C:\Users\USER\OneDrive\Desktop\PUP\node_modules\react-dom\cjs\react-dom-client.development.js:13815
commitPassiveMountOnFiber @ C:\Users\USER\OneDrive\Desktop\PUP\node_modules\react-dom\cjs\react-dom-client.development.js:13957
recursivelyTraversePassiveMountEffects @ C:\Users\USER\OneDrive\Desktop\PUP\node_modules\react-dom\cjs\react-dom-client.development.js:13815
commitPassiveMountOnFiber @ C:\Users\USER\OneDrive\Desktop\PUP\node_modules\react-dom\cjs\react-dom-client.development.js:13834
recursivelyTraversePassiveMountEffects @ C:\Users\USER\OneDrive\Desktop\PUP\node_modules\react-dom\cjs\react-dom-client.development.js:13815
commitPassiveMountOnFiber @ C:\Users\USER\OneDrive\Desktop\PUP\node_modules\react-dom\cjs\react-dom-client.development.js:13957
recursivelyTraversePassiveMountEffects @ C:\Users\USER\OneDrive\Desktop\PUP\node_modules\react-dom\cjs\react-dom-client.development.js:13815
commitPassiveMountOnFiber @ C:\Users\USER\OneDrive\Desktop\PUP\node_modules\react-dom\cjs\react-dom-client.development.js:13957
recursivelyTraversePassiveMountEffects @ C:\Users\USER\OneDrive\Desktop\PUP\node_modules\react-dom\cjs\react-dom-client.development.js:13815
commitPassiveMountOnFiber @ C:\Users\USER\OneDrive\Desktop\PUP\node_modules\react-dom\cjs\react-dom-client.development.js:13834
recursivelyTraversePassiveMountEffects @ C:\Users\USER\OneDrive\Desktop\PUP\node_modules\react-dom\cjs\react-dom-client.development.js:13815
commitPassiveMountOnFiber @ C:\Users\USER\OneDrive\Desktop\PUP\node_modules\react-dom\cjs\react-dom-client.development.js:13957
recursivelyTraversePassiveMountEffects @ C:\Users\USER\OneDrive\Desktop\PUP\node_modules\react-dom\cjs\react-dom-client.development.js:13815
commitPassiveMountOnFiber @ C:\Users\USER\OneDrive\Desktop\PUP\node_modules\react-dom\cjs\react-dom-client.development.js:13957
recursivelyTraversePassiveMountEffects @ C:\Users\USER\OneDrive\Desktop\PUP\node_modules\react-dom\cjs\react-dom-client.development.js:13815
commitPassiveMountOnFiber @ C:\Users\USER\OneDrive\Desktop\PUP\node_modules\react-dom\cjs\react-dom-client.development.js:13834
recursivelyTraversePassiveMountEffects @ C:\Users\USER\OneDrive\Desktop\PUP\node_modules\react-dom\cjs\react-dom-client.development.js:13815
commitPassiveMountOnFiber @ C:\Users\USER\OneDrive\Desktop\PUP\node_modules\react-dom\cjs\react-dom-client.development.js:13834
recursivelyTraversePassiveMountEffects @ C:\Users\USER\OneDrive\Desktop\PUP\node_modules\react-dom\cjs\react-dom-client.development.js:13815
commitPassiveMountOnFiber @ C:\Users\USER\OneDrive\Desktop\PUP\node_modules\react-dom\cjs\react-dom-client.development.js:13834
recursivelyTraversePassiveMountEffects @ C:\Users\USER\OneDrive\Desktop\PUP\node_modules\react-dom\cjs\react-dom-client.development.js:13815
commitPassiveMountOnFiber @ C:\Users\USER\OneDrive\Desktop\PUP\node_modules\react-dom\cjs\react-dom-client.development.js:13834
recursivelyTraversePassiveMountEffects @ C:\Users\USER\OneDrive\Desktop\PUP\node_modules\react-dom\cjs\react-dom-client.development.js:13815
commitPassiveMountOnFiber @ C:\Users\USER\OneDrive\Desktop\PUP\node_modules\react-dom\cjs\react-dom-client.development.js:13957
recursivelyTraversePassiveMountEffects @ C:\Users\USER\OneDrive\Desktop\PUP\node_modules\react-dom\cjs\react-dom-client.development.js:13815
commitPassiveMountOnFiber @ C:\Users\USER\OneDrive\Desktop\PUP\node_modules\react-dom\cjs\react-dom-client.development.js:13834
recursivelyTraversePassiveMountEffects @ C:\Users\USER\OneDrive\Desktop\PUP\node_modules\react-dom\cjs\react-dom-client.development.js:13815
commitPassiveMountOnFiber @ C:\Users\USER\OneDrive\Desktop\PUP\node_modules\react-dom\cjs\react-dom-client.development.js:13834
recursivelyTraversePassiveMountEffects @ C:\Users\USER\OneDrive\Desktop\PUP\node_modules\react-dom\cjs\react-dom-client.development.js:13815
commitPassiveMountOnFiber @ C:\Users\USER\OneDrive\Desktop\PUP\node_modules\react-dom\cjs\react-dom-client.development.js:13928
recursivelyTraversePassiveMountEffects @ C:\Users\USER\OneDrive\Desktop\PUP\node_modules\react-dom\cjs\react-dom-client.development.js:13815
commitPassiveMountOnFiber @ C:\Users\USER\OneDrive\Desktop\PUP\node_modules\react-dom\cjs\react-dom-client.development.js:13903
recursivelyTraversePassiveMountEffects @ C:\Users\USER\OneDrive\Desktop\PUP\node_modules\react-dom\cjs\react-dom-client.development.js:13815
commitPassiveMountOnFiber @ C:\Users\USER\OneDrive\Desktop\PUP\node_modules\react-dom\cjs\react-dom-client.development.js:13957
recursivelyTraversePassiveMountEffects @ C:\Users\USER\OneDrive\Desktop\PUP\node_modules\react-dom\cjs\react-dom-client.development.js:13815
commitPassiveMountOnFiber @ C:\Users\USER\OneDrive\Desktop\PUP\node_modules\react-dom\cjs\react-dom-client.development.js:13957
recursivelyTraversePassiveMountEffects @ C:\Users\USER\OneDrive\Desktop\PUP\node_modules\react-dom\cjs\react-dom-client.development.js:13815
commitPassiveMountOnFiber @ C:\Users\USER\OneDrive\Desktop\PUP\node_modules\react-dom\cjs\react-dom-client.development.js:13834
recursivelyTraversePassiveMountEffects @ C:\Users\USER\OneDrive\Desktop\PUP\node_modules\react-dom\cjs\react-dom-client.development.js:13815
commitPassiveMountOnFiber @ C:\Users\USER\OneDrive\Desktop\PUP\node_modules\react-dom\cjs\react-dom-client.development.js:13834
recursivelyTraversePassiveMountEffects @ C:\Users\USER\OneDrive\Desktop\PUP\node_modules\react-dom\cjs\react-dom-client.development.js:13815
commitPassiveMountOnFiber @ C:\Users\USER\OneDrive\Desktop\PUP\node_modules\react-dom\cjs\react-dom-client.development.js:13834
recursivelyTraversePassiveMountEffects @ C:\Users\USER\OneDrive\Desktop\PUP\node_modules\react-dom\cjs\react-dom-client.development.js:13815
<MealPlanScreen(./(tabs)/meal-plan.tsx)>
exports.jsxDEV @ C:\Users\USER\OneDrive\Desktop\PUP\node_modules\react\cjs\react-jsx-dev-runtime.development.js:346
BaseRoute @ C:\Users\USER\OneDrive\Desktop\PUP\node_modules\expo-router\build\useScreens.js:213
react-stack-bottom-frame @ C:\Users\USER\OneDrive\Desktop\PUP\node_modules\react-dom\cjs\react-dom-client.development.js:23863
renderWithHooks @ C:\Users\USER\OneDrive\Desktop\PUP\node_modules\react-dom\cjs\react-dom-client.development.js:5529
updateFunctionComponent @ C:\Users\USER\OneDrive\Desktop\PUP\node_modules\react-dom\cjs\react-dom-client.development.js:8897
beginWork @ C:\Users\USER\OneDrive\Desktop\PUP\node_modules\react-dom\cjs\react-dom-client.development.js:10522
runWithFiberInDEV @ C:\Users\USER\OneDrive\Desktop\PUP\node_modules\react-dom\cjs\react-dom-client.development.js:1519
performUnitOfWork @ C:\Users\USER\OneDrive\Desktop\PUP\node_modules\react-dom\cjs\react-dom-client.development.js:15132
workLoopSync @ C:\Users\USER\OneDrive\Desktop\PUP\node_modules\react-dom\cjs\react-dom-client.development.js:14956
renderRootSync @ C:\Users\USER\OneDrive\Desktop\PUP\node_modules\react-dom\cjs\react-dom-client.development.js:14936
performWorkOnRoot @ C:\Users\USER\OneDrive\Desktop\PUP\node_modules\react-dom\cjs\react-dom-client.development.js:14419
performSyncWorkOnRoot @ C:\Users\USER\OneDrive\Desktop\PUP\node_modules\react-dom\cjs\react-dom-client.development.js:16231
flushSyncWorkAcrossRoots_impl @ C:\Users\USER\OneDrive\Desktop\PUP\node_modules\react-dom\cjs\react-dom-client.development.js:16079
processRootScheduleInMicrotask @ C:\Users\USER\OneDrive\Desktop\PUP\node_modules\react-dom\cjs\react-dom-client.development.js:16116
(anonymous) @ C:\Users\USER\OneDrive\Desktop\PUP\node_modules\react-dom\cjs\react-dom-client.development.js:16250
<Route(meal-plan)>
exports.jsx @ C:\Users\USER\OneDrive\Desktop\PUP\node_modules\react\cjs\react-jsx-runtime.development.js:339
SceneView @ C:\Users\USER\OneDrive\Desktop\PUP\node_modules\@react-navigation\core\lib\module\SceneView.js:125
react-stack-bottom-frame @ C:\Users\USER\OneDrive\Desktop\PUP\node_modules\react-dom\cjs\react-dom-client.development.js:23863
renderWithHooks @ C:\Users\USER\OneDrive\Desktop\PUP\node_modules\react-dom\cjs\react-dom-client.development.js:5529
updateFunctionComponent @ C:\Users\USER\OneDrive\Desktop\PUP\node_modules\react-dom\cjs\react-dom-client.development.js:8897
beginWork @ C:\Users\USER\OneDrive\Desktop\PUP\node_modules\react-dom\cjs\react-dom-client.development.js:10522
runWithFiberInDEV @ C:\Users\USER\OneDrive\Desktop\PUP\node_modules\react-dom\cjs\react-dom-client.development.js:1519
performUnitOfWork @ C:\Users\USER\OneDrive\Desktop\PUP\node_modules\react-dom\cjs\react-dom-client.development.js:15132
workLoopSync @ C:\Users\USER\OneDrive\Desktop\PUP\node_modules\react-dom\cjs\react-dom-client.development.js:14956
renderRootSync @ C:\Users\USER\OneDrive\Desktop\PUP\node_modules\react-dom\cjs\react-dom-client.development.js:14936
performWorkOnRoot @ C:\Users\USER\OneDrive\Desktop\PUP\node_modules\react-dom\cjs\react-dom-client.development.js:14419
performSyncWorkOnRoot @ C:\Users\USER\OneDrive\Desktop\PUP\node_modules\react-dom\cjs\react-dom-client.development.js:16231
flushSyncWorkAcrossRoots_impl @ C:\Users\USER\OneDrive\Desktop\PUP\node_modules\react-dom\cjs\react-dom-client.development.js:16079
processRootScheduleInMicrotask @ C:\Users\USER\OneDrive\Desktop\PUP\node_modules\react-dom\cjs\react-dom-client.development.js:16116
(anonymous) @ C:\Users\USER\OneDrive\Desktop\PUP\node_modules\react-dom\cjs\react-dom-client.development.js:16250
<SceneView>
exports.jsx @ C:\Users\USER\OneDrive\Desktop\PUP\node_modules\react\cjs\react-jsx-runtime.development.js:339
render @ C:\Users\USER\OneDrive\Desktop\PUP\node_modules\@react-navigation\core\lib\module\useDescriptors.js:108
(anonymous) @ C:\Users\USER\OneDrive\Desktop\PUP\node_modules\@react-navigation\core\lib\module\useDescriptors.js:140
useDescriptors @ C:\Users\USER\OneDrive\Desktop\PUP\node_modules\@react-navigation\core\lib\module\useDescriptors.js:137
useNavigationBuilder @ C:\Users\USER\OneDrive\Desktop\PUP\node_modules\@react-navigation\core\lib\module\useNavigationBuilder.js:562
BottomTabNavigator @ C:\Users\USER\OneDrive\Desktop\PUP\node_modules\@react-navigation\bottom-tabs\lib\module\navigators\createBottomTabNavigator.js:24
react-stack-bottom-frame @ C:\Users\USER\OneDrive\Desktop\PUP\node_modules\react-dom\cjs\react-dom-client.development.js:23863
renderWithHooks @ C:\Users\USER\OneDrive\Desktop\PUP\node_modules\react-dom\cjs\react-dom-client.development.js:5529
updateFunctionComponent @ C:\Users\USER\OneDrive\Desktop\PUP\node_modules\react-dom\cjs\react-dom-client.development.js:8897
beginWork @ C:\Users\USER\OneDrive\Desktop\PUP\node_modules\react-dom\cjs\react-dom-client.development.js:10522
runWithFiberInDEV @ C:\Users\USER\OneDrive\Desktop\PUP\node_modules\react-dom\cjs\react-dom-client.development.js:1519
performUnitOfWork @ C:\Users\USER\OneDrive\Desktop\PUP\node_modules\react-dom\cjs\react-dom-client.development.js:15132
workLoopSync @ C:\Users\USER\OneDrive\Desktop\PUP\node_modules\react-dom\cjs\react-dom-client.development.js:14956
renderRootSync @ C:\Users\USER\OneDrive\Desktop\PUP\node_modules\react-dom\cjs\react-dom-client.development.js:14936
performWorkOnRoot @ C:\Users\USER\OneDrive\Desktop\PUP\node_modules\react-dom\cjs\react-dom-client.development.js:14419
performSyncWorkOnRoot @ C:\Users\USER\OneDrive\Desktop\PUP\node_modules\react-dom\cjs\react-dom-client.development.js:16231
flushSyncWorkAcrossRoots_impl @ C:\Users\USER\OneDrive\Desktop\PUP\node_modules\react-dom\cjs\react-dom-client.development.js:16079
processRootScheduleInMicrotask @ C:\Users\USER\OneDrive\Desktop\PUP\node_modules\react-dom\cjs\react-dom-client.development.js:16116
(anonymous) @ C:\Users\USER\OneDrive\Desktop\PUP\node_modules\react-dom\cjs\react-dom-client.development.js:16250
<BottomTabNavigator>
exports.jsxDEV @ C:\Users\USER\OneDrive\Desktop\PUP\node_modules\react\cjs\react-jsx-dev-runtime.development.js:346
(anonymous) @ C:\Users\USER\OneDrive\Desktop\PUP\node_modules\expo-router\build\layouts\withLayoutContext.js:156
react-stack-bottom-frame @ C:\Users\USER\OneDrive\Desktop\PUP\node_modules\react-dom\cjs\react-dom-client.development.js:23863
renderWithHooks @ C:\Users\USER\OneDrive\Desktop\PUP\node_modules\react-dom\cjs\react-dom-client.development.js:5529
updateForwardRef @ C:\Users\USER\OneDrive\Desktop\PUP\node_modules\react-dom\cjs\react-dom-client.development.js:8645
beginWork @ C:\Users\USER\OneDrive\Desktop\PUP\node_modules\react-dom\cjs\react-dom-client.development.js:10861
runWithFiberInDEV @ C:\Users\USER\OneDrive\Desktop\PUP\node_modules\react-dom\cjs\react-dom-client.development.js:1519
performUnitOfWork @ C:\Users\USER\OneDrive\Desktop\PUP\node_modules\react-dom\cjs\react-dom-client.development.js:15132
workLoopSync @ C:\Users\USER\OneDrive\Desktop\PUP\node_modules\react-dom\cjs\react-dom-client.development.js:14956
renderRootSync @ C:\Users\USER\OneDrive\Desktop\PUP\node_modules\react-dom\cjs\react-dom-client.development.js:14936
performWorkOnRoot @ C:\Users\USER\OneDrive\Desktop\PUP\node_modules\react-dom\cjs\react-dom-client.development.js:14419
performSyncWorkOnRoot @ C:\Users\USER\OneDrive\Desktop\PUP\node_modules\react-dom\cjs\react-dom-client.development.js:16231
flushSyncWorkAcrossRoots_impl @ C:\Users\USER\OneDrive\Desktop\PUP\node_modules\react-dom\cjs\react-dom-client.development.js:16079
flushPassiveEffects @ C:\Users\USER\OneDrive\Desktop\PUP\node_modules\react-dom\cjs\react-dom-client.development.js:15749
(anonymous) @ C:\Users\USER\OneDrive\Desktop\PUP\node_modules\react-dom\cjs\react-dom-client.development.js:15379
performWorkUntilDeadline @ C:\Users\USER\OneDrive\Desktop\PUP\node_modules\scheduler\cjs\scheduler.development.js:45
<ForwardRef>
exports.jsxDEV @ C:\Users\USER\OneDrive\Desktop\PUP\node_modules\react\cjs\react-jsx-dev-runtime.development.js:346
Object.assign.Screen @ C:\Users\USER\OneDrive\Desktop\PUP\node_modules\expo-router\build\layouts\TabsClient.js:46
react-stack-bottom-frame @ C:\Users\USER\OneDrive\Desktop\PUP\node_modules\react-dom\cjs\react-dom-client.development.js:23863
renderWithHooks @ C:\Users\USER\OneDrive\Desktop\PUP\node_modules\react-dom\cjs\react-dom-client.development.js:5529
updateFunctionComponent @ C:\Users\USER\OneDrive\Desktop\PUP\node_modules\react-dom\cjs\react-dom-client.development.js:8897
beginWork @ C:\Users\USER\OneDrive\Desktop\PUP\node_modules\react-dom\cjs\react-dom-client.development.js:10522
runWithFiberInDEV @ C:\Users\USER\OneDrive\Desktop\PUP\node_modules\react-dom\cjs\react-dom-client.development.js:1519
performUnitOfWork @ C:\Users\USER\OneDrive\Desktop\PUP\node_modules\react-dom\cjs\react-dom-client.development.js:15132
workLoopSync @ C:\Users\USER\OneDrive\Desktop\PUP\node_modules\react-dom\cjs\react-dom-client.development.js:14956
renderRootSync @ C:\Users\USER\OneDrive\Desktop\PUP\node_modules\react-dom\cjs\react-dom-client.development.js:14936
performWorkOnRoot @ C:\Users\USER\OneDrive\Desktop\PUP\node_modules\react-dom\cjs\react-dom-client.development.js:14419
performSyncWorkOnRoot @ C:\Users\USER\OneDrive\Desktop\PUP\node_modules\react-dom\cjs\react-dom-client.development.js:16231
flushSyncWorkAcrossRoots_impl @ C:\Users\USER\OneDrive\Desktop\PUP\node_modules\react-dom\cjs\react-dom-client.development.js:16079
flushPassiveEffects @ C:\Users\USER\OneDrive\Desktop\PUP\node_modules\react-dom\cjs\react-dom-client.development.js:15749
(anonymous) @ C:\Users\USER\OneDrive\Desktop\PUP\node_modules\react-dom\cjs\react-dom-client.development.js:15379
performWorkUntilDeadline @ C:\Users\USER\OneDrive\Desktop\PUP\node_modules\scheduler\cjs\scheduler.development.js:45
<...>
exports.jsxDEV @ C:\Users\USER\OneDrive\Desktop\PUP\node_modules\react\cjs\react-jsx-dev-runtime.development.js:346
TabLayout @ C:\Users\USER\OneDrive\Desktop\PUP\app\(tabs)\_layout.tsx:6
react-stack-bottom-frame @ C:\Users\USER\OneDrive\Desktop\PUP\node_modules\react-dom\cjs\react-dom-client.development.js:23863
renderWithHooks @ C:\Users\USER\OneDrive\Desktop\PUP\node_modules\react-dom\cjs\react-dom-client.development.js:5529
updateFunctionComponent @ C:\Users\USER\OneDrive\Desktop\PUP\node_modules\react-dom\cjs\react-dom-client.development.js:8897
beginWork @ C:\Users\USER\OneDrive\Desktop\PUP\node_modules\react-dom\cjs\react-dom-client.development.js:10522
runWithFiberInDEV @ C:\Users\USER\OneDrive\Desktop\PUP\node_modules\react-dom\cjs\react-dom-client.development.js:1519
performUnitOfWork @ C:\Users\USER\OneDrive\Desktop\PUP\node_modules\react-dom\cjs\react-dom-client.development.js:15132
workLoopSync @ C:\Users\USER\OneDrive\Desktop\PUP\node_modules\react-dom\cjs\react-dom-client.development.js:14956
renderRootSync @ C:\Users\USER\OneDrive\Desktop\PUP\node_modules\react-dom\cjs\react-dom-client.development.js:14936
performWorkOnRoot @ C:\Users\USER\OneDrive\Desktop\PUP\node_modules\react-dom\cjs\react-dom-client.development.js:14419
performSyncWorkOnRoot @ C:\Users\USER\OneDrive\Desktop\PUP\node_modules\react-dom\cjs\react-dom-client.development.js:16231
flushSyncWorkAcrossRoots_impl @ C:\Users\USER\OneDrive\Desktop\PUP\node_modules\react-dom\cjs\react-dom-client.development.js:16079
flushPassiveEffects @ C:\Users\USER\OneDrive\Desktop\PUP\node_modules\react-dom\cjs\react-dom-client.development.js:15749
(anonymous) @ C:\Users\USER\OneDrive\Desktop\PUP\node_modules\react-dom\cjs\react-dom-client.development.js:15379
performWorkUntilDeadline @ C:\Users\USER\OneDrive\Desktop\PUP\node_modules\scheduler\cjs\scheduler.development.js:45
<TabLayout(./(tabs)/_layout.tsx)>
exports.jsxDEV @ C:\Users\USER\OneDrive\Desktop\PUP\node_modules\react\cjs\react-jsx-dev-runtime.development.js:346
BaseRoute @ C:\Users\USER\OneDrive\Desktop\PUP\node_modules\expo-router\build\useScreens.js:213
react-stack-bottom-frame @ C:\Users\USER\OneDrive\Desktop\PUP\node_modules\react-dom\cjs\react-dom-client.development.js:23863
renderWithHooks @ C:\Users\USER\OneDrive\Desktop\PUP\node_modules\react-dom\cjs\react-dom-client.development.js:5529
updateFunctionComponent @ C:\Users\USER\OneDrive\Desktop\PUP\node_modules\react-dom\cjs\react-dom-client.development.js:8897
beginWork @ C:\Users\USER\OneDrive\Desktop\PUP\node_modules\react-dom\cjs\react-dom-client.development.js:10522
runWithFiberInDEV @ C:\Users\USER\OneDrive\Desktop\PUP\node_modules\react-dom\cjs\react-dom-client.development.js:1519
performUnitOfWork @ C:\Users\USER\OneDrive\Desktop\PUP\node_modules\react-dom\cjs\react-dom-client.development.js:15132
workLoopSync @ C:\Users\USER\OneDrive\Desktop\PUP\node_modules\react-dom\cjs\react-dom-client.development.js:14956
renderRootSync @ C:\Users\USER\OneDrive\Desktop\PUP\node_modules\react-dom\cjs\react-dom-client.development.js:14936
performWorkOnRoot @ C:\Users\USER\OneDrive\Desktop\PUP\node_modules\react-dom\cjs\react-dom-client.development.js:14419
performSyncWorkOnRoot @ C:\Users\USER\OneDrive\Desktop\PUP\node_modules\react-dom\cjs\react-dom-client.development.js:16231
flushSyncWorkAcrossRoots_impl @ C:\Users\USER\OneDrive\Desktop\PUP\node_modules\react-dom\cjs\react-dom-client.development.js:16079
flushPassiveEffects @ C:\Users\USER\OneDrive\Desktop\PUP\node_modules\react-dom\cjs\react-dom-client.development.js:15749
(anonymous) @ C:\Users\USER\OneDrive\Desktop\PUP\node_modules\react-dom\cjs\react-dom-client.development.js:15379
performWorkUntilDeadline @ C:\Users\USER\OneDrive\Desktop\PUP\node_modules\scheduler\cjs\scheduler.development.js:45
<Route((tabs))>
exports.jsx @ C:\Users\USER\OneDrive\Desktop\PUP\node_modules\react\cjs\react-jsx-runtime.development.js:339
SceneView @ C:\Users\USER\OneDrive\Desktop\PUP\node_modules\@react-navigation\core\lib\module\SceneView.js:125
react-stack-bottom-frame @ C:\Users\USER\OneDrive\Desktop\PUP\node_modules\react-dom\cjs\react-dom-client.development.js:23863
renderWithHooks @ C:\Users\USER\OneDrive\Desktop\PUP\node_modules\react-dom\cjs\react-dom-client.development.js:5529
updateFunctionComponent @ C:\Users\USER\OneDrive\Desktop\PUP\node_modules\react-dom\cjs\react-dom-client.development.js:8897
beginWork @ C:\Users\USER\OneDrive\Desktop\PUP\node_modules\react-dom\cjs\react-dom-client.development.js:10522
runWithFiberInDEV @ C:\Users\USER\OneDrive\Desktop\PUP\node_modules\react-dom\cjs\react-dom-client.development.js:1519
performUnitOfWork @ C:\Users\USER\OneDrive\Desktop\PUP\node_modules\react-dom\cjs\react-dom-client.development.js:15132
workLoopSync @ C:\Users\USER\OneDrive\Desktop\PUP\node_modules\react-dom\cjs\react-dom-client.development.js:14956
renderRootSync @ C:\Users\USER\OneDrive\Desktop\PUP\node_modules\react-dom\cjs\react-dom-client.development.js:14936
performWorkOnRoot @ C:\Users\USER\OneDrive\Desktop\PUP\node_modules\react-dom\cjs\react-dom-client.development.js:14419
performSyncWorkOnRoot @ C:\Users\USER\OneDrive\Desktop\PUP\node_modules\react-dom\cjs\react-dom-client.development.js:16231
flushSyncWorkAcrossRoots_impl @ C:\Users\USER\OneDrive\Desktop\PUP\node_modules\react-dom\cjs\react-dom-client.development.js:16079
flushPassiveEffects @ C:\Users\USER\OneDrive\Desktop\PUP\node_modules\react-dom\cjs\react-dom-client.development.js:15749
(anonymous) @ C:\Users\USER\OneDrive\Desktop\PUP\node_modules\react-dom\cjs\react-dom-client.development.js:15379
performWorkUntilDeadline @ C:\Users\USER\OneDrive\Desktop\PUP\node_modules\scheduler\cjs\scheduler.development.js:45
<SceneView>
exports.jsx @ C:\Users\USER\OneDrive\Desktop\PUP\node_modules\react\cjs\react-jsx-runtime.development.js:339
render @ C:\Users\USER\OneDrive\Desktop\PUP\node_modules\@react-navigation\core\lib\module\useDescriptors.js:108
(anonymous) @ C:\Users\USER\OneDrive\Desktop\PUP\node_modules\@react-navigation\core\lib\module\useDescriptors.js:140
useDescriptors @ C:\Users\USER\OneDrive\Desktop\PUP\node_modules\@react-navigation\core\lib\module\useDescriptors.js:137
useNavigationBuilder @ C:\Users\USER\OneDrive\Desktop\PUP\node_modules\@react-navigation\core\lib\module\useNavigationBuilder.js:562
SlotNavigator @ C:\Users\USER\OneDrive\Desktop\PUP\node_modules\expo-router\build\views\Navigator.js:107
react-stack-bottom-frame @ C:\Users\USER\OneDrive\Desktop\PUP\node_modules\react-dom\cjs\react-dom-client.development.js:23863
renderWithHooks @ C:\Users\USER\OneDrive\Desktop\PUP\node_modules\react-dom\cjs\react-dom-client.development.js:5529
updateFunctionComponent @ C:\Users\USER\OneDrive\Desktop\PUP\node_modules\react-dom\cjs\react-dom-client.development.js:8897
beginWork @ C:\Users\USER\OneDrive\Desktop\PUP\node_modules\react-dom\cjs\react-dom-client.development.js:10522
runWithFiberInDEV @ C:\Users\USER\OneDrive\Desktop\PUP\node_modules\react-dom\cjs\react-dom-client.development.js:1519
performUnitOfWork @ C:\Users\USER\OneDrive\Desktop\PUP\node_modules\react-dom\cjs\react-dom-client.development.js:15132
workLoopSync @ C:\Users\USER\OneDrive\Desktop\PUP\node_modules\react-dom\cjs\react-dom-client.development.js:14956
renderRootSync @ C:\Users\USER\OneDrive\Desktop\PUP\node_modules\react-dom\cjs\react-dom-client.development.js:14936
performWorkOnRoot @ C:\Users\USER\OneDrive\Desktop\PUP\node_modules\react-dom\cjs\react-dom-client.development.js:14419
performSyncWorkOnRoot @ C:\Users\USER\OneDrive\Desktop\PUP\node_modules\react-dom\cjs\react-dom-client.development.js:16231
flushSyncWorkAcrossRoots_impl @ C:\Users\USER\OneDrive\Desktop\PUP\node_modules\react-dom\cjs\react-dom-client.development.js:16079
flushPassiveEffects @ C:\Users\USER\OneDrive\Desktop\PUP\node_modules\react-dom\cjs\react-dom-client.development.js:15749
(anonymous) @ C:\Users\USER\OneDrive\Desktop\PUP\node_modules\react-dom\cjs\react-dom-client.development.js:15379
performWorkUntilDeadline @ C:\Users\USER\OneDrive\Desktop\PUP\node_modules\scheduler\cjs\scheduler.development.js:45
<SlotNavigator>
exports.jsxDEV @ C:\Users\USER\OneDrive\Desktop\PUP\node_modules\react\cjs\react-jsx-dev-runtime.development.js:346
Slot @ C:\Users\USER\OneDrive\Desktop\PUP\node_modules\expo-router\build\views\Navigator.js:130
react-stack-bottom-frame @ C:\Users\USER\OneDrive\Desktop\PUP\node_modules\react-dom\cjs\react-dom-client.development.js:23863
renderWithHooks @ C:\Users\USER\OneDrive\Desktop\PUP\node_modules\react-dom\cjs\react-dom-client.development.js:5529
updateFunctionComponent @ C:\Users\USER\OneDrive\Desktop\PUP\node_modules\react-dom\cjs\react-dom-client.development.js:8897
beginWork @ C:\Users\USER\OneDrive\Desktop\PUP\node_modules\react-dom\cjs\react-dom-client.development.js:10522
runWithFiberInDEV @ C:\Users\USER\OneDrive\Desktop\PUP\node_modules\react-dom\cjs\react-dom-client.development.js:1519
performUnitOfWork @ C:\Users\USER\OneDrive\Desktop\PUP\node_modules\react-dom\cjs\react-dom-client.development.js:15132
workLoopConcurrentByScheduler @ C:\Users\USER\OneDrive\Desktop\PUP\node_modules\react-dom\cjs\react-dom-client.development.js:15126
renderRootConcurrent @ C:\Users\USER\OneDrive\Desktop\PUP\node_modules\react-dom\cjs\react-dom-client.development.js:15101
performWorkOnRoot @ C:\Users\USER\OneDrive\Desktop\PUP\node_modules\react-dom\cjs\react-dom-client.development.js:14418
performWorkOnRootViaSchedulerTask @ C:\Users\USER\OneDrive\Desktop\PUP\node_modules\react-dom\cjs\react-dom-client.development.js:16216
performWorkUntilDeadline @ C:\Users\USER\OneDrive\Desktop\PUP\node_modules\scheduler\cjs\scheduler.development.js:45
<Slot>
exports.jsxDEV @ C:\Users\USER\OneDrive\Desktop\PUP\node_modules\react\cjs\react-jsx-dev-runtime.development.js:346
RootLayout @ C:\Users\USER\OneDrive\Desktop\PUP\app\_layout.tsx:86
react-stack-bottom-frame @ C:\Users\USER\OneDrive\Desktop\PUP\node_modules\react-dom\cjs\react-dom-client.development.js:23863
renderWithHooks @ C:\Users\USER\OneDrive\Desktop\PUP\node_modules\react-dom\cjs\react-dom-client.development.js:5529
updateFunctionComponent @ C:\Users\USER\OneDrive\Desktop\PUP\node_modules\react-dom\cjs\react-dom-client.development.js:8897
beginWork @ C:\Users\USER\OneDrive\Desktop\PUP\node_modules\react-dom\cjs\react-dom-client.development.js:10522
runWithFiberInDEV @ C:\Users\USER\OneDrive\Desktop\PUP\node_modules\react-dom\cjs\react-dom-client.development.js:1519
performUnitOfWork @ C:\Users\USER\OneDrive\Desktop\PUP\node_modules\react-dom\cjs\react-dom-client.development.js:15132
workLoopConcurrentByScheduler @ C:\Users\USER\OneDrive\Desktop\PUP\node_modules\react-dom\cjs\react-dom-client.development.js:15126
renderRootConcurrent @ C:\Users\USER\OneDrive\Desktop\PUP\node_modules\react-dom\cjs\react-dom-client.development.js:15101
performWorkOnRoot @ C:\Users\USER\OneDrive\Desktop\PUP\node_modules\react-dom\cjs\react-dom-client.development.js:14418
performWorkOnRootViaSchedulerTask @ C:\Users\USER\OneDrive\Desktop\PUP\node_modules\react-dom\cjs\react-dom-client.development.js:16216
performWorkUntilDeadline @ C:\Users\USER\OneDrive\Desktop\PUP\node_modules\scheduler\cjs\scheduler.development.js:45
<RootLayout(./_layout.tsx)>
exports.jsxDEV @ C:\Users\USER\OneDrive\Desktop\PUP\node_modules\react\cjs\react-jsx-dev-runtime.development.js:346
BaseRoute @ C:\Users\USER\OneDrive\Desktop\PUP\node_modules\expo-router\build\useScreens.js:213
react-stack-bottom-frame @ C:\Users\USER\OneDrive\Desktop\PUP\node_modules\react-dom\cjs\react-dom-client.development.js:23863
renderWithHooks @ C:\Users\USER\OneDrive\Desktop\PUP\node_modules\react-dom\cjs\react-dom-client.development.js:5529
updateFunctionComponent @ C:\Users\USER\OneDrive\Desktop\PUP\node_modules\react-dom\cjs\react-dom-client.development.js:8897
beginWork @ C:\Users\USER\OneDrive\Desktop\PUP\node_modules\react-dom\cjs\react-dom-client.development.js:10522
runWithFiberInDEV @ C:\Users\USER\OneDrive\Desktop\PUP\node_modules\react-dom\cjs\react-dom-client.development.js:1519
performUnitOfWork @ C:\Users\USER\OneDrive\Desktop\PUP\node_modules\react-dom\cjs\react-dom-client.development.js:15132
workLoopConcurrentByScheduler @ C:\Users\USER\OneDrive\Desktop\PUP\node_modules\react-dom\cjs\react-dom-client.development.js:15126
renderRootConcurrent @ C:\Users\USER\OneDrive\Desktop\PUP\node_modules\react-dom\cjs\react-dom-client.development.js:15101
performWorkOnRoot @ C:\Users\USER\OneDrive\Desktop\PUP\node_modules\react-dom\cjs\react-dom-client.development.js:14418
performWorkOnRootViaSchedulerTask @ C:\Users\USER\OneDrive\Desktop\PUP\node_modules\react-dom\cjs\react-dom-client.development.js:16216
performWorkUntilDeadline @ C:\Users\USER\OneDrive\Desktop\PUP\node_modules\scheduler\cjs\scheduler.development.js:45
<Route()>
exports.jsx @ C:\Users\USER\OneDrive\Desktop\PUP\node_modules\react\cjs\react-jsx-runtime.development.js:339
SceneView @ C:\Users\USER\OneDrive\Desktop\PUP\node_modules\@react-navigation\core\lib\module\SceneView.js:125
react-stack-bottom-frame @ C:\Users\USER\OneDrive\Desktop\PUP\node_modules\react-dom\cjs\react-dom-client.development.js:23863
renderWithHooks @ C:\Users\USER\OneDrive\Desktop\PUP\node_modules\react-dom\cjs\react-dom-client.development.js:5529
updateFunctionComponent @ C:\Users\USER\OneDrive\Desktop\PUP\node_modules\react-dom\cjs\react-dom-client.development.js:8897
beginWork @ C:\Users\USER\OneDrive\Desktop\PUP\node_modules\react-dom\cjs\react-dom-client.development.js:10522
runWithFiberInDEV @ C:\Users\USER\OneDrive\Desktop\PUP\node_modules\react-dom\cjs\react-dom-client.development.js:1519
performUnitOfWork @ C:\Users\USER\OneDrive\Desktop\PUP\node_modules\react-dom\cjs\react-dom-client.development.js:15132
workLoopConcurrentByScheduler @ C:\Users\USER\OneDrive\Desktop\PUP\node_modules\react-dom\cjs\react-dom-client.development.js:15126
renderRootConcurrent @ C:\Users\USER\OneDrive\Desktop\PUP\node_modules\react-dom\cjs\react-dom-client.development.js:15101
performWorkOnRoot @ C:\Users\USER\OneDrive\Desktop\PUP\node_modules\react-dom\cjs\react-dom-client.development.js:14418
performWorkOnRootViaSchedulerTask @ C:\Users\USER\OneDrive\Desktop\PUP\node_modules\react-dom\cjs\react-dom-client.development.js:16216
performWorkUntilDeadline @ C:\Users\USER\OneDrive\Desktop\PUP\node_modules\scheduler\cjs\scheduler.development.js:45
<SceneView>
exports.jsx @ C:\Users\USER\OneDrive\Desktop\PUP\node_modules\react\cjs\react-jsx-runtime.development.js:339
render @ C:\Users\USER\OneDrive\Desktop\PUP\node_modules\@react-navigation\core\lib\module\useDescriptors.js:108
(anonymous) @ C:\Users\USER\OneDrive\Desktop\PUP\node_modules\@react-navigation\core\lib\module\useDescriptors.js:140
useDescriptors @ C:\Users\USER\OneDrive\Desktop\PUP\node_modules\@react-navigation\core\lib\module\useDescriptors.js:137
useNavigationBuilder @ C:\Users\USER\OneDrive\Desktop\PUP\node_modules\@react-navigation\core\lib\module\useNavigationBuilder.js:562
Content @ C:\Users\USER\OneDrive\Desktop\PUP\node_modules\expo-router\build\ExpoRoot.js:161
react-stack-bottom-frame @ C:\Users\USER\OneDrive\Desktop\PUP\node_modules\react-dom\cjs\react-dom-client.development.js:23863
renderWithHooks @ C:\Users\USER\OneDrive\Desktop\PUP\node_modules\react-dom\cjs\react-dom-client.development.js:5529
updateFunctionComponent @ C:\Users\USER\OneDrive\Desktop\PUP\node_modules\react-dom\cjs\react-dom-client.development.js:8897
beginWork @ C:\Users\USER\OneDrive\Desktop\PUP\node_modules\react-dom\cjs\react-dom-client.development.js:10522
runWithFiberInDEV @ C:\Users\USER\OneDrive\Desktop\PUP\node_modules\react-dom\cjs\react-dom-client.development.js:1519
performUnitOfWork @ C:\Users\USER\OneDrive\Desktop\PUP\node_modules\react-dom\cjs\react-dom-client.development.js:15132
workLoopConcurrentByScheduler @ C:\Users\USER\OneDrive\Desktop\PUP\node_modules\react-dom\cjs\react-dom-client.development.js:15126
renderRootConcurrent @ C:\Users\USER\OneDrive\Desktop\PUP\node_modules\react-dom\cjs\react-dom-client.development.js:15101
performWorkOnRoot @ C:\Users\USER\OneDrive\Desktop\PUP\node_modules\react-dom\cjs\react-dom-client.development.js:14418
performWorkOnRootViaSchedulerTask @ C:\Users\USER\OneDrive\Desktop\PUP\node_modules\react-dom\cjs\react-dom-client.development.js:16216
performWorkUntilDeadline @ C:\Users\USER\OneDrive\Desktop\PUP\node_modules\scheduler\cjs\scheduler.development.js:45
<Content>
exports.jsxDEV @ C:\Users\USER\OneDrive\Desktop\PUP\node_modules\react\cjs\react-jsx-dev-runtime.development.js:346
ContextNavigator @ C:\Users\USER\OneDrive\Desktop\PUP\node_modules\expo-router\build\ExpoRoot.js:147
react-stack-bottom-frame @ C:\Users\USER\OneDrive\Desktop\PUP\node_modules\react-dom\cjs\react-dom-client.development.js:23863
renderWithHooks @ C:\Users\USER\OneDrive\Desktop\PUP\node_modules\react-dom\cjs\react-dom-client.development.js:5529
updateFunctionComponent @ C:\Users\USER\OneDrive\Desktop\PUP\node_modules\react-dom\cjs\react-dom-client.development.js:8897
beginWork @ C:\Users\USER\OneDrive\Desktop\PUP\node_modules\react-dom\cjs\react-dom-client.development.js:10522
runWithFiberInDEV @ C:\Users\USER\OneDrive\Desktop\PUP\node_modules\react-dom\cjs\react-dom-client.development.js:1519
performUnitOfWork @ C:\Users\USER\OneDrive\Desktop\PUP\node_modules\react-dom\cjs\react-dom-client.development.js:15132
workLoopConcurrentByScheduler @ C:\Users\USER\OneDrive\Desktop\PUP\node_modules\react-dom\cjs\react-dom-client.development.js:15126
renderRootConcurrent @ C:\Users\USER\OneDrive\Desktop\PUP\node_modules\react-dom\cjs\react-dom-client.development.js:15101
performWorkOnRoot @ C:\Users\USER\OneDrive\Desktop\PUP\node_modules\react-dom\cjs\react-dom-client.development.js:14418
performWorkOnRootViaSchedulerTask @ C:\Users\USER\OneDrive\Desktop\PUP\node_modules\react-dom\cjs\react-dom-client.development.js:16216
performWorkUntilDeadline @ C:\Users\USER\OneDrive\Desktop\PUP\node_modules\scheduler\cjs\scheduler.development.js:45
<ContextNavigator>
exports.jsxDEV @ C:\Users\USER\OneDrive\Desktop\PUP\node_modules\react\cjs\react-jsx-dev-runtime.development.js:346
ExpoRoot @ C:\Users\USER\OneDrive\Desktop\PUP\node_modules\expo-router\build\ExpoRoot.js:87
react-stack-bottom-frame @ C:\Users\USER\OneDrive\Desktop\PUP\node_modules\react-dom\cjs\react-dom-client.development.js:23863
renderWithHooks @ C:\Users\USER\OneDrive\Desktop\PUP\node_modules\react-dom\cjs\react-dom-client.development.js:5529
updateFunctionComponent @ C:\Users\USER\OneDrive\Desktop\PUP\node_modules\react-dom\cjs\react-dom-client.development.js:8897
beginWork @ C:\Users\USER\OneDrive\Desktop\PUP\node_modules\react-dom\cjs\react-dom-client.development.js:10522
runWithFiberInDEV @ C:\Users\USER\OneDrive\Desktop\PUP\node_modules\react-dom\cjs\react-dom-client.development.js:1519
performUnitOfWork @ C:\Users\USER\OneDrive\Desktop\PUP\node_modules\react-dom\cjs\react-dom-client.development.js:15132
workLoopConcurrentByScheduler @ C:\Users\USER\OneDrive\Desktop\PUP\node_modules\react-dom\cjs\react-dom-client.development.js:15126
renderRootConcurrent @ C:\Users\USER\OneDrive\Desktop\PUP\node_modules\react-dom\cjs\react-dom-client.development.js:15101
performWorkOnRoot @ C:\Users\USER\OneDrive\Desktop\PUP\node_modules\react-dom\cjs\react-dom-client.development.js:14418
performWorkOnRootViaSchedulerTask @ C:\Users\USER\OneDrive\Desktop\PUP\node_modules\react-dom\cjs\react-dom-client.development.js:16216
performWorkUntilDeadline @ C:\Users\USER\OneDrive\Desktop\PUP\node_modules\scheduler\cjs\scheduler.development.js:45
<ExpoRoot>
exports.jsxDEV @ C:\Users\USER\OneDrive\Desktop\PUP\node_modules\react\cjs\react-jsx-dev-runtime.development.js:346
App @ C:\Users\USER\OneDrive\Desktop\PUP\node_modules\expo-router\build\qualified-entry.js:21
react-stack-bottom-frame @ C:\Users\USER\OneDrive\Desktop\PUP\node_modules\react-dom\cjs\react-dom-client.development.js:23863
renderWithHooks @ C:\Users\USER\OneDrive\Desktop\PUP\node_modules\react-dom\cjs\react-dom-client.development.js:5529
updateFunctionComponent @ C:\Users\USER\OneDrive\Desktop\PUP\node_modules\react-dom\cjs\react-dom-client.development.js:8897
beginWork @ C:\Users\USER\OneDrive\Desktop\PUP\node_modules\react-dom\cjs\react-dom-client.development.js:10522
runWithFiberInDEV @ C:\Users\USER\OneDrive\Desktop\PUP\node_modules\react-dom\cjs\react-dom-client.development.js:1519
performUnitOfWork @ C:\Users\USER\OneDrive\Desktop\PUP\node_modules\react-dom\cjs\react-dom-client.development.js:15132
workLoopConcurrentByScheduler @ C:\Users\USER\OneDrive\Desktop\PUP\node_modules\react-dom\cjs\react-dom-client.development.js:15126
renderRootConcurrent @ C:\Users\USER\OneDrive\Desktop\PUP\node_modules\react-dom\cjs\react-dom-client.development.js:15101
performWorkOnRoot @ C:\Users\USER\OneDrive\Desktop\PUP\node_modules\react-dom\cjs\react-dom-client.development.js:14418
performWorkOnRootViaSchedulerTask @ C:\Users\USER\OneDrive\Desktop\PUP\node_modules\react-dom\cjs\react-dom-client.development.js:16216
performWorkUntilDeadline @ C:\Users\USER\OneDrive\Desktop\PUP\node_modules\scheduler\cjs\scheduler.development.js:45
<App>
exports.jsxDEV @ C:\Users\USER\OneDrive\Desktop\PUP\node_modules\react\cjs\react-jsx-dev-runtime.development.js:346
ErrorOverlay @ C:\Users\USER\OneDrive\Desktop\PUP\node_modules\@expo\metro-runtime\src\error-overlay\index.tsx:19
react-stack-bottom-frame @ C:\Users\USER\OneDrive\Desktop\PUP\node_modules\react-dom\cjs\react-dom-client.development.js:23863
renderWithHooks @ C:\Users\USER\OneDrive\Desktop\PUP\node_modules\react-dom\cjs\react-dom-client.development.js:5529
updateFunctionComponent @ C:\Users\USER\OneDrive\Desktop\PUP\node_modules\react-dom\cjs\react-dom-client.development.js:8897
beginWork @ C:\Users\USER\OneDrive\Desktop\PUP\node_modules\react-dom\cjs\react-dom-client.development.js:10522
runWithFiberInDEV @ C:\Users\USER\OneDrive\Desktop\PUP\node_modules\react-dom\cjs\react-dom-client.development.js:1519
performUnitOfWork @ C:\Users\USER\OneDrive\Desktop\PUP\node_modules\react-dom\cjs\react-dom-client.development.js:15132
workLoopConcurrentByScheduler @ C:\Users\USER\OneDrive\Desktop\PUP\node_modules\react-dom\cjs\react-dom-client.development.js:15126
renderRootConcurrent @ C:\Users\USER\OneDrive\Desktop\PUP\node_modules\react-dom\cjs\react-dom-client.development.js:15101
performWorkOnRoot @ C:\Users\USER\OneDrive\Desktop\PUP\node_modules\react-dom\cjs\react-dom-client.development.js:14418
performWorkOnRootViaSchedulerTask @ C:\Users\USER\OneDrive\Desktop\PUP\node_modules\react-dom\cjs\react-dom-client.development.js:16216
performWorkUntilDeadline @ C:\Users\USER\OneDrive\Desktop\PUP\node_modules\scheduler\cjs\scheduler.development.js:45
<ErrorOverlay>
exports.jsxDEV @ C:\Users\USER\OneDrive\Desktop\PUP\node_modules\react\cjs\react-jsx-dev-runtime.development.js:346
WithDevTools @ C:\Users\USER\OneDrive\Desktop\PUP\node_modules\expo\src\launch\withDevTools.web.tsx:11
react-stack-bottom-frame @ C:\Users\USER\OneDrive\Desktop\PUP\node_modules\react-dom\cjs\react-dom-client.development.js:23863
renderWithHooks @ C:\Users\USER\OneDrive\Desktop\PUP\node_modules\react-dom\cjs\react-dom-client.development.js:5529
updateFunctionComponent @ C:\Users\USER\OneDrive\Desktop\PUP\node_modules\react-dom\cjs\react-dom-client.development.js:8897
beginWork @ C:\Users\USER\OneDrive\Desktop\PUP\node_modules\react-dom\cjs\react-dom-client.development.js:10522
runWithFiberInDEV @ C:\Users\USER\OneDrive\Desktop\PUP\node_modules\react-dom\cjs\react-dom-client.development.js:1519
performUnitOfWork @ C:\Users\USER\OneDrive\Desktop\PUP\node_modules\react-dom\cjs\react-dom-client.development.js:15132
workLoopConcurrentByScheduler @ C:\Users\USER\OneDrive\Desktop\PUP\node_modules\react-dom\cjs\react-dom-client.development.js:15126
renderRootConcurrent @ C:\Users\USER\OneDrive\Desktop\PUP\node_modules\react-dom\cjs\react-dom-client.development.js:15101
performWorkOnRoot @ C:\Users\USER\OneDrive\Desktop\PUP\node_modules\react-dom\cjs\react-dom-client.development.js:14418
performWorkOnRootViaSchedulerTask @ C:\Users\USER\OneDrive\Desktop\PUP\node_modules\react-dom\cjs\react-dom-client.development.js:16216
performWorkUntilDeadline @ C:\Users\USER\OneDrive\Desktop\PUP\node_modules\scheduler\cjs\scheduler.development.js:45
<withDevTools(ErrorOverlay)>
exports.createElement @ C:\Users\USER\OneDrive\Desktop\PUP\node_modules\react\cjs\react.development.js:1033
renderApplication @ C:\Users\USER\OneDrive\Desktop\PUP\node_modules\react-native-web\dist\exports\AppRegistry\renderApplication.js:27
run @ C:\Users\USER\OneDrive\Desktop\PUP\node_modules\react-native-web\dist\exports\AppRegistry\index.js:36
runApplication @ C:\Users\USER\OneDrive\Desktop\PUP\node_modules\react-native-web\dist\exports\AppRegistry\index.js:74
registerRootComponent @ C:\Users\USER\OneDrive\Desktop\PUP\node_modules\expo\src\launch\registerRootComponent.tsx:58
(anonymous) @ C:\Users\USER\OneDrive\Desktop\PUP\node_modules\expo-router\build\renderRootComponent.js:88
exports.startTransition @ C:\Users\USER\OneDrive\Desktop\PUP\node_modules\react\cjs\react.development.js:1124
renderRootComponent @ C:\Users\USER\OneDrive\Desktop\PUP\node_modules\expo-router\build\renderRootComponent.js:85
(anonymous) @ C:\Users\USER\OneDrive\Desktop\PUP\node_modules\expo-router\entry-classic.js:10
loadModuleImplementation @ C:\Users\USER\OneDrive\Desktop\PUP\node_modules\expo\node_modules\@expo\cli\build\metro-require\require.js:248
guardedLoadModule @ C:\Users\USER\OneDrive\Desktop\PUP\node_modules\expo\node_modules\@expo\cli\build\metro-require\require.js:163
metroRequire @ C:\Users\USER\OneDrive\Desktop\PUP\node_modules\expo\node_modules\@expo\cli\build\metro-require\require.js:74
(anonymous) @ C:\Users\USER\OneDrive\Desktop\PUP\node_modules\expo-router\entry.js:3
loadModuleImplementation @ C:\Users\USER\OneDrive\Desktop\PUP\node_modules\expo\node_modules\@expo\cli\build\metro-require\require.js:248
guardedLoadModule @ C:\Users\USER\OneDrive\Desktop\PUP\node_modules\expo\node_modules\@expo\cli\build\metro-require\require.js:156
metroRequire @ C:\Users\USER\OneDrive\Desktop\PUP\node_modules\expo\node_modules\@expo\cli\build\metro-require\require.js:74
(anonymous) @ entry.bundle?platform=web&dev=true&hot=false&lazy=true&transform.routerRoot=app&transform.reactCompiler=true:196749
C:\Users\USER\OneDrive\Desktop\PUP\node_modules\@expo\metro-runtime\src\error-overlay\LogBox.web.ts:134 [10:27:32.016] [Firebase] ✖ REST getMealPlans failed Error: Failed to query collection
    at Object.queryCollection (C:\Users\USER\OneDrive\Desktop\PUP\lib\firestore-rest.ts:294:13)
    at async getMealPlans (C:\Users\USER\OneDrive\Desktop\PUP\lib\firebase.ts:1417:20)
    at async fetchPlans (C:\Users\USER\OneDrive\Desktop\PUP\app\(tabs)\meal-plan.tsx:96:20)
registerError @ C:\Users\USER\OneDrive\Desktop\PUP\node_modules\@expo\metro-runtime\src\error-overlay\LogBox.web.ts:134
console.error @ C:\Users\USER\OneDrive\Desktop\PUP\node_modules\@expo\metro-runtime\src\error-overlay\LogBox.web.ts:59
_log @ C:\Users\USER\OneDrive\Desktop\PUP\lib\logger.ts:74
error @ C:\Users\USER\OneDrive\Desktop\PUP\lib\logger.ts:93
getMealPlans @ C:\Users\USER\OneDrive\Desktop\PUP\lib\firebase.ts:1420
await in getMealPlans
fetchPlans @ C:\Users\USER\OneDrive\Desktop\PUP\app\(tabs)\meal-plan.tsx:96
(anonymous) @ C:\Users\USER\OneDrive\Desktop\PUP\app\(tabs)\meal-plan.tsx:84
callback @ C:\Users\USER\OneDrive\Desktop\PUP\node_modules\expo-router\build\useFocusEffect.js:98
(anonymous) @ C:\Users\USER\OneDrive\Desktop\PUP\node_modules\expo-router\build\useFocusEffect.js:133
react-stack-bottom-frame @ C:\Users\USER\OneDrive\Desktop\PUP\node_modules\react-dom\cjs\react-dom-client.development.js:23949
runWithFiberInDEV @ C:\Users\USER\OneDrive\Desktop\PUP\node_modules\react-dom\cjs\react-dom-client.development.js:1519
commitHookEffectListMount @ C:\Users\USER\OneDrive\Desktop\PUP\node_modules\react-dom\cjs\react-dom-client.development.js:11905
commitHookPassiveMountEffects @ C:\Users\USER\OneDrive\Desktop\PUP\node_modules\react-dom\cjs\react-dom-client.development.js:12026
commitPassiveMountOnFiber @ C:\Users\USER\OneDrive\Desktop\PUP\node_modules\react-dom\cjs\react-dom-client.development.js:13841
recursivelyTraversePassiveMountEffects @ C:\Users\USER\OneDrive\Desktop\PUP\node_modules\react-dom\cjs\react-dom-client.development.js:13815
commitPassiveMountOnFiber @ C:\Users\USER\OneDrive\Desktop\PUP\node_modules\react-dom\cjs\react-dom-client.development.js:13928
recursivelyTraversePassiveMountEffects @ C:\Users\USER\OneDrive\Desktop\PUP\node_modules\react-dom\cjs\react-dom-client.development.js:13815
commitPassiveMountOnFiber @ C:\Users\USER\OneDrive\Desktop\PUP\node_modules\react-dom\cjs\react-dom-client.development.js:13903
recursivelyTraversePassiveMountEffects @ C:\Users\USER\OneDrive\Desktop\PUP\node_modules\react-dom\cjs\react-dom-client.development.js:13815
commitPassiveMountOnFiber @ C:\Users\USER\OneDrive\Desktop\PUP\node_modules\react-dom\cjs\react-dom-client.development.js:13957
recursivelyTraversePassiveMountEffects @ C:\Users\USER\OneDrive\Desktop\PUP\node_modules\react-dom\cjs\react-dom-client.development.js:13815
commitPassiveMountOnFiber @ C:\Users\USER\OneDrive\Desktop\PUP\node_modules\react-dom\cjs\react-dom-client.development.js:13957
recursivelyTraversePassiveMountEffects @ C:\Users\USER\OneDrive\Desktop\PUP\node_modules\react-dom\cjs\react-dom-client.development.js:13815
commitPassiveMountOnFiber @ C:\Users\USER\OneDrive\Desktop\PUP\node_modules\react-dom\cjs\react-dom-client.development.js:13834
recursivelyTraversePassiveMountEffects @ C:\Users\USER\OneDrive\Desktop\PUP\node_modules\react-dom\cjs\react-dom-client.development.js:13815
commitPassiveMountOnFiber @ C:\Users\USER\OneDrive\Desktop\PUP\node_modules\react-dom\cjs\react-dom-client.development.js:13834
recursivelyTraversePassiveMountEffects @ C:\Users\USER\OneDrive\Desktop\PUP\node_modules\react-dom\cjs\react-dom-client.development.js:13815
commitPassiveMountOnFiber @ C:\Users\USER\OneDrive\Desktop\PUP\node_modules\react-dom\cjs\react-dom-client.development.js:13834
recursivelyTraversePassiveMountEffects @ C:\Users\USER\OneDrive\Desktop\PUP\node_modules\react-dom\cjs\react-dom-client.development.js:13815
commitPassiveMountOnFiber @ C:\Users\USER\OneDrive\Desktop\PUP\node_modules\react-dom\cjs\react-dom-client.development.js:13957
recursivelyTraversePassiveMountEffects @ C:\Users\USER\OneDrive\Desktop\PUP\node_modules\react-dom\cjs\react-dom-client.development.js:13815
commitPassiveMountOnFiber @ C:\Users\USER\OneDrive\Desktop\PUP\node_modules\react-dom\cjs\react-dom-client.development.js:13957
recursivelyTraversePassiveMountEffects @ C:\Users\USER\OneDrive\Desktop\PUP\node_modules\react-dom\cjs\react-dom-client.development.js:13815
commitPassiveMountOnFiber @ C:\Users\USER\OneDrive\Desktop\PUP\node_modules\react-dom\cjs\react-dom-client.development.js:13834
recursivelyTraversePassiveMountEffects @ C:\Users\USER\OneDrive\Desktop\PUP\node_modules\react-dom\cjs\react-dom-client.development.js:13815
commitPassiveMountOnFiber @ C:\Users\USER\OneDrive\Desktop\PUP\node_modules\react-dom\cjs\react-dom-client.development.js:13957
recursivelyTraversePassiveMountEffects @ C:\Users\USER\OneDrive\Desktop\PUP\node_modules\react-dom\cjs\react-dom-client.development.js:13815
commitPassiveMountOnFiber @ C:\Users\USER\OneDrive\Desktop\PUP\node_modules\react-dom\cjs\react-dom-client.development.js:13957
recursivelyTraversePassiveMountEffects @ C:\Users\USER\OneDrive\Desktop\PUP\node_modules\react-dom\cjs\react-dom-client.development.js:13815
commitPassiveMountOnFiber @ C:\Users\USER\OneDrive\Desktop\PUP\node_modules\react-dom\cjs\react-dom-client.development.js:13957
recursivelyTraversePassiveMountEffects @ C:\Users\USER\OneDrive\Desktop\PUP\node_modules\react-dom\cjs\react-dom-client.development.js:13815
commitPassiveMountOnFiber @ C:\Users\USER\OneDrive\Desktop\PUP\node_modules\react-dom\cjs\react-dom-client.development.js:13834
recursivelyTraversePassiveMountEffects @ C:\Users\USER\OneDrive\Desktop\PUP\node_modules\react-dom\cjs\react-dom-client.development.js:13815
commitPassiveMountOnFiber @ C:\Users\USER\OneDrive\Desktop\PUP\node_modules\react-dom\cjs\react-dom-client.development.js:13957
recursivelyTraversePassiveMountEffects @ C:\Users\USER\OneDrive\Desktop\PUP\node_modules\react-dom\cjs\react-dom-client.development.js:13815
commitPassiveMountOnFiber @ C:\Users\USER\OneDrive\Desktop\PUP\node_modules\react-dom\cjs\react-dom-client.development.js:13957
recursivelyTraversePassiveMountEffects @ C:\Users\USER\OneDrive\Desktop\PUP\node_modules\react-dom\cjs\react-dom-client.development.js:13815
commitPassiveMountOnFiber @ C:\Users\USER\OneDrive\Desktop\PUP\node_modules\react-dom\cjs\react-dom-client.development.js:13957
recursivelyTraversePassiveMountEffects @ C:\Users\USER\OneDrive\Desktop\PUP\node_modules\react-dom\cjs\react-dom-client.development.js:13815
commitPassiveMountOnFiber @ C:\Users\USER\OneDrive\Desktop\PUP\node_modules\react-dom\cjs\react-dom-client.development.js:13834
recursivelyTraversePassiveMountEffects @ C:\Users\USER\OneDrive\Desktop\PUP\node_modules\react-dom\cjs\react-dom-client.development.js:13815
commitPassiveMountOnFiber @ C:\Users\USER\OneDrive\Desktop\PUP\node_modules\react-dom\cjs\react-dom-client.development.js:13957
recursivelyTraversePassiveMountEffects @ C:\Users\USER\OneDrive\Desktop\PUP\node_modules\react-dom\cjs\react-dom-client.development.js:13815
commitPassiveMountOnFiber @ C:\Users\USER\OneDrive\Desktop\PUP\node_modules\react-dom\cjs\react-dom-client.development.js:13957
recursivelyTraversePassiveMountEffects @ C:\Users\USER\OneDrive\Desktop\PUP\node_modules\react-dom\cjs\react-dom-client.development.js:13815
commitPassiveMountOnFiber @ C:\Users\USER\OneDrive\Desktop\PUP\node_modules\react-dom\cjs\react-dom-client.development.js:13957
recursivelyTraversePassiveMountEffects @ C:\Users\USER\OneDrive\Desktop\PUP\node_modules\react-dom\cjs\react-dom-client.development.js:13815
commitPassiveMountOnFiber @ C:\Users\USER\OneDrive\Desktop\PUP\node_modules\react-dom\cjs\react-dom-client.development.js:13957
recursivelyTraversePassiveMountEffects @ C:\Users\USER\OneDrive\Desktop\PUP\node_modules\react-dom\cjs\react-dom-client.development.js:13815
commitPassiveMountOnFiber @ C:\Users\USER\OneDrive\Desktop\PUP\node_modules\react-dom\cjs\react-dom-client.development.js:13834
recursivelyTraversePassiveMountEffects @ C:\Users\USER\OneDrive\Desktop\PUP\node_modules\react-dom\cjs\react-dom-client.development.js:13815
commitPassiveMountOnFiber @ C:\Users\USER\OneDrive\Desktop\PUP\node_modules\react-dom\cjs\react-dom-client.development.js:13957
recursivelyTraversePassiveMountEffects @ C:\Users\USER\OneDrive\Desktop\PUP\node_modules\react-dom\cjs\react-dom-client.development.js:13815
commitPassiveMountOnFiber @ C:\Users\USER\OneDrive\Desktop\PUP\node_modules\react-dom\cjs\react-dom-client.development.js:13834
recursivelyTraversePassiveMountEffects @ C:\Users\USER\OneDrive\Desktop\PUP\node_modules\react-dom\cjs\react-dom-client.development.js:13815
commitPassiveMountOnFiber @ C:\Users\USER\OneDrive\Desktop\PUP\node_modules\react-dom\cjs\react-dom-client.development.js:13834
recursivelyTraversePassiveMountEffects @ C:\Users\USER\OneDrive\Desktop\PUP\node_modules\react-dom\cjs\react-dom-client.development.js:13815
commitPassiveMountOnFiber @ C:\Users\USER\OneDrive\Desktop\PUP\node_modules\react-dom\cjs\react-dom-client.development.js:13834
recursivelyTraversePassiveMountEffects @ C:\Users\USER\OneDrive\Desktop\PUP\node_modules\react-dom\cjs\react-dom-client.development.js:13815
commitPassiveMountOnFiber @ C:\Users\USER\OneDrive\Desktop\PUP\node_modules\react-dom\cjs\react-dom-client.development.js:13834
recursivelyTraversePassiveMountEffects @ C:\Users\USER\OneDrive\Desktop\PUP\node_modules\react-dom\cjs\react-dom-client.development.js:13815
commitPassiveMountOnFiber @ C:\Users\USER\OneDrive\Desktop\PUP\node_modules\react-dom\cjs\react-dom-client.development.js:13957
recursivelyTraversePassiveMountEffects @ C:\Users\USER\OneDrive\Desktop\PUP\node_modules\react-dom\cjs\react-dom-client.development.js:13815
commitPassiveMountOnFiber @ C:\Users\USER\OneDrive\Desktop\PUP\node_modules\react-dom\cjs\react-dom-client.development.js:13957
recursivelyTraversePassiveMountEffects @ C:\Users\USER\OneDrive\Desktop\PUP\node_modules\react-dom\cjs\react-dom-client.development.js:13815
commitPassiveMountOnFiber @ C:\Users\USER\OneDrive\Desktop\PUP\node_modules\react-dom\cjs\react-dom-client.development.js:13834
recursivelyTraversePassiveMountEffects @ C:\Users\USER\OneDrive\Desktop\PUP\node_modules\react-dom\cjs\react-dom-client.development.js:13815
commitPassiveMountOnFiber @ C:\Users\USER\OneDrive\Desktop\PUP\node_modules\react-dom\cjs\react-dom-client.development.js:13834
recursivelyTraversePassiveMountEffects @ C:\Users\USER\OneDrive\Desktop\PUP\node_modules\react-dom\cjs\react-dom-client.development.js:13815
commitPassiveMountOnFiber @ C:\Users\USER\OneDrive\Desktop\PUP\node_modules\react-dom\cjs\react-dom-client.development.js:13957
recursivelyTraversePassiveMountEffects @ C:\Users\USER\OneDrive\Desktop\PUP\node_modules\react-dom\cjs\react-dom-client.development.js:13815
commitPassiveMountOnFiber @ C:\Users\USER\OneDrive\Desktop\PUP\node_modules\react-dom\cjs\react-dom-client.development.js:13834
recursivelyTraversePassiveMountEffects @ C:\Users\USER\OneDrive\Desktop\PUP\node_modules\react-dom\cjs\react-dom-client.development.js:13815
commitPassiveMountOnFiber @ C:\Users\USER\OneDrive\Desktop\PUP\node_modules\react-dom\cjs\react-dom-client.development.js:13834
recursivelyTraversePassiveMountEffects @ C:\Users\USER\OneDrive\Desktop\PUP\node_modules\react-dom\cjs\react-dom-client.development.js:13815
commitPassiveMountOnFiber @ C:\Users\USER\OneDrive\Desktop\PUP\node_modules\react-dom\cjs\react-dom-client.development.js:13957
recursivelyTraversePassiveMountEffects @ C:\Users\USER\OneDrive\Desktop\PUP\node_modules\react-dom\cjs\react-dom-client.development.js:13815
commitPassiveMountOnFiber @ C:\Users\USER\OneDrive\Desktop\PUP\node_modules\react-dom\cjs\react-dom-client.development.js:13834
recursivelyTraversePassiveMountEffects @ C:\Users\USER\OneDrive\Desktop\PUP\node_modules\react-dom\cjs\react-dom-client.development.js:13815
commitPassiveMountOnFiber @ C:\Users\USER\OneDrive\Desktop\PUP\node_modules\react-dom\cjs\react-dom-client.development.js:13957
recursivelyTraversePassiveMountEffects @ C:\Users\USER\OneDrive\Desktop\PUP\node_modules\react-dom\cjs\react-dom-client.development.js:13815
commitPassiveMountOnFiber @ C:\Users\USER\OneDrive\Desktop\PUP\node_modules\react-dom\cjs\react-dom-client.development.js:13834
recursivelyTraversePassiveMountEffects @ C:\Users\USER\OneDrive\Desktop\PUP\node_modules\react-dom\cjs\react-dom-client.development.js:13815
commitPassiveMountOnFiber @ C:\Users\USER\OneDrive\Desktop\PUP\node_modules\react-dom\cjs\react-dom-client.development.js:13834
recursivelyTraversePassiveMountEffects @ C:\Users\USER\OneDrive\Desktop\PUP\node_modules\react-dom\cjs\react-dom-client.development.js:13815
commitPassiveMountOnFiber @ C:\Users\USER\OneDrive\Desktop\PUP\node_modules\react-dom\cjs\react-dom-client.development.js:13834
recursivelyTraversePassiveMountEffects @ C:\Users\USER\OneDrive\Desktop\PUP\node_modules\react-dom\cjs\react-dom-client.development.js:13815
commitPassiveMountOnFiber @ C:\Users\USER\OneDrive\Desktop\PUP\node_modules\react-dom\cjs\react-dom-client.development.js:13957
recursivelyTraversePassiveMountEffects @ C:\Users\USER\OneDrive\Desktop\PUP\node_modules\react-dom\cjs\react-dom-client.development.js:13815
commitPassiveMountOnFiber @ C:\Users\USER\OneDrive\Desktop\PUP\node_modules\react-dom\cjs\react-dom-client.development.js:13834
recursivelyTraversePassiveMountEffects @ C:\Users\USER\OneDrive\Desktop\PUP\node_modules\react-dom\cjs\react-dom-client.development.js:13815
commitPassiveMountOnFiber @ C:\Users\USER\OneDrive\Desktop\PUP\node_modules\react-dom\cjs\react-dom-client.development.js:13957
recursivelyTraversePassiveMountEffects @ C:\Users\USER\OneDrive\Desktop\PUP\node_modules\react-dom\cjs\react-dom-client.development.js:13815
commitPassiveMountOnFiber @ C:\Users\USER\OneDrive\Desktop\PUP\node_modules\react-dom\cjs\react-dom-client.development.js:13957
recursivelyTraversePassiveMountEffects @ C:\Users\USER\OneDrive\Desktop\PUP\node_modules\react-dom\cjs\react-dom-client.development.js:13815
commitPassiveMountOnFiber @ C:\Users\USER\OneDrive\Desktop\PUP\node_modules\react-dom\cjs\react-dom-client.development.js:13834
recursivelyTraversePassiveMountEffects @ C:\Users\USER\OneDrive\Desktop\PUP\node_modules\react-dom\cjs\react-dom-client.development.js:13815
commitPassiveMountOnFiber @ C:\Users\USER\OneDrive\Desktop\PUP\node_modules\react-dom\cjs\react-dom-client.development.js:13957
recursivelyTraversePassiveMountEffects @ C:\Users\USER\OneDrive\Desktop\PUP\node_modules\react-dom\cjs\react-dom-client.development.js:13815
commitPassiveMountOnFiber @ C:\Users\USER\OneDrive\Desktop\PUP\node_modules\react-dom\cjs\react-dom-client.development.js:13957
recursivelyTraversePassiveMountEffects @ C:\Users\USER\OneDrive\Desktop\PUP\node_modules\react-dom\cjs\react-dom-client.development.js:13815
commitPassiveMountOnFiber @ C:\Users\USER\OneDrive\Desktop\PUP\node_modules\react-dom\cjs\react-dom-client.development.js:13834
recursivelyTraversePassiveMountEffects @ C:\Users\USER\OneDrive\Desktop\PUP\node_modules\react-dom\cjs\react-dom-client.development.js:13815
commitPassiveMountOnFiber @ C:\Users\USER\OneDrive\Desktop\PUP\node_modules\react-dom\cjs\react-dom-client.development.js:13834
recursivelyTraversePassiveMountEffects @ C:\Users\USER\OneDrive\Desktop\PUP\node_modules\react-dom\cjs\react-dom-client.development.js:13815
commitPassiveMountOnFiber @ C:\Users\USER\OneDrive\Desktop\PUP\node_modules\react-dom\cjs\react-dom-client.development.js:13834
recursivelyTraversePassiveMountEffects @ C:\Users\USER\OneDrive\Desktop\PUP\node_modules\react-dom\cjs\react-dom-client.development.js:13815
commitPassiveMountOnFiber @ C:\Users\USER\OneDrive\Desktop\PUP\node_modules\react-dom\cjs\react-dom-client.development.js:13834
recursivelyTraversePassiveMountEffects @ C:\Users\USER\OneDrive\Desktop\PUP\node_modules\react-dom\cjs\react-dom-client.development.js:13815
commitPassiveMountOnFiber @ C:\Users\USER\OneDrive\Desktop\PUP\node_modules\react-dom\cjs\react-dom-client.development.js:13834
recursivelyTraversePassiveMountEffects @ C:\Users\USER\OneDrive\Desktop\PUP\node_modules\react-dom\cjs\react-dom-client.development.js:13815
commitPassiveMountOnFiber @ C:\Users\USER\OneDrive\Desktop\PUP\node_modules\react-dom\cjs\react-dom-client.development.js:13834
recursivelyTraversePassiveMountEffects @ C:\Users\USER\OneDrive\Desktop\PUP\node_modules\react-dom\cjs\react-dom-client.development.js:13815
commitPassiveMountOnFiber @ C:\Users\USER\OneDrive\Desktop\PUP\node_modules\react-dom\cjs\react-dom-client.development.js:13928
recursivelyTraversePassiveMountEffects @ C:\Users\USER\OneDrive\Desktop\PUP\node_modules\react-dom\cjs\react-dom-client.development.js:13815
commitPassiveMountOnFiber @ C:\Users\USER\OneDrive\Desktop\PUP\node_modules\react-dom\cjs\react-dom-client.development.js:13903
recursivelyTraversePassiveMountEffects @ C:\Users\USER\OneDrive\Desktop\PUP\node_modules\react-dom\cjs\react-dom-client.development.js:13815
commitPassiveMountOnFiber @ C:\Users\USER\OneDrive\Desktop\PUP\node_modules\react-dom\cjs\react-dom-client.development.js:13957
recursivelyTraversePassiveMountEffects @ C:\Users\USER\OneDrive\Desktop\PUP\node_modules\react-dom\cjs\react-dom-client.development.js:13815
commitPassiveMountOnFiber @ C:\Users\USER\OneDrive\Desktop\PUP\node_modules\react-dom\cjs\react-dom-client.development.js:13957
recursivelyTraversePassiveMountEffects @ C:\Users\USER\OneDrive\Desktop\PUP\node_modules\react-dom\cjs\react-dom-client.development.js:13815
commitPassiveMountOnFiber @ C:\Users\USER\OneDrive\Desktop\PUP\node_modules\react-dom\cjs\react-dom-client.development.js:13834
recursivelyTraversePassiveMountEffects @ C:\Users\USER\OneDrive\Desktop\PUP\node_modules\react-dom\cjs\react-dom-client.development.js:13815
commitPassiveMountOnFiber @ C:\Users\USER\OneDrive\Desktop\PUP\node_modules\react-dom\cjs\react-dom-client.development.js:13834
recursivelyTraversePassiveMountEffects @ C:\Users\USER\OneDrive\Desktop\PUP\node_modules\react-dom\cjs\react-dom-client.development.js:13815
commitPassiveMountOnFiber @ C:\Users\USER\OneDrive\Desktop\PUP\node_modules\react-dom\cjs\react-dom-client.development.js:13834
recursivelyTraversePassiveMountEffects @ C:\Users\USER\OneDrive\Desktop\PUP\node_modules\react-dom\cjs\react-dom-client.development.js:13815
commitPassiveMountOnFiber @ C:\Users\USER\OneDrive\Desktop\PUP\node_modules\react-dom\cjs\react-dom-client.development.js:13957
recursivelyTraversePassiveMountEffects @ C:\Users\USER\OneDrive\Desktop\PUP\node_modules\react-dom\cjs\react-dom-client.development.js:13815
commitPassiveMountOnFiber @ C:\Users\USER\OneDrive\Desktop\PUP\node_modules\react-dom\cjs\react-dom-client.development.js:13957
recursivelyTraversePassiveMountEffects @ C:\Users\USER\OneDrive\Desktop\PUP\node_modules\react-dom\cjs\react-dom-client.development.js:13815
commitPassiveMountOnFiber @ C:\Users\USER\OneDrive\Desktop\PUP\node_modules\react-dom\cjs\react-dom-client.development.js:13834
recursivelyTraversePassiveMountEffects @ C:\Users\USER\OneDrive\Desktop\PUP\node_modules\react-dom\cjs\react-dom-client.development.js:13815
commitPassiveMountOnFiber @ C:\Users\USER\OneDrive\Desktop\PUP\node_modules\react-dom\cjs\react-dom-client.development.js:13957
recursivelyTraversePassiveMountEffects @ C:\Users\USER\OneDrive\Desktop\PUP\node_modules\react-dom\cjs\react-dom-client.development.js:13815
commitPassiveMountOnFiber @ C:\Users\USER\OneDrive\Desktop\PUP\node_modules\react-dom\cjs\react-dom-client.development.js:13957
recursivelyTraversePassiveMountEffects @ C:\Users\USER\OneDrive\Desktop\PUP\node_modules\react-dom\cjs\react-dom-client.development.js:13815
commitPassiveMountOnFiber @ C:\Users\USER\OneDrive\Desktop\PUP\node_modules\react-dom\cjs\react-dom-client.development.js:13957
recursivelyTraversePassiveMountEffects @ C:\Users\USER\OneDrive\Desktop\PUP\node_modules\react-dom\cjs\react-dom-client.development.js:13815
commitPassiveMountOnFiber @ C:\Users\USER\OneDrive\Desktop\PUP\node_modules\react-dom\cjs\react-dom-client.development.js:13834
recursivelyTraversePassiveMountEffects @ C:\Users\USER\OneDrive\Desktop\PUP\node_modules\react-dom\cjs\react-dom-client.development.js:13815
commitPassiveMountOnFiber @ C:\Users\USER\OneDrive\Desktop\PUP\node_modules\react-dom\cjs\react-dom-client.development.js:13957
recursivelyTraversePassiveMountEffects @ C:\Users\USER\OneDrive\Desktop\PUP\node_modules\react-dom\cjs\react-dom-client.development.js:13815
commitPassiveMountOnFiber @ C:\Users\USER\OneDrive\Desktop\PUP\node_modules\react-dom\cjs\react-dom-client.development.js:13957
recursivelyTraversePassiveMountEffects @ C:\Users\USER\OneDrive\Desktop\PUP\node_modules\react-dom\cjs\react-dom-client.development.js:13815
commitPassiveMountOnFiber @ C:\Users\USER\OneDrive\Desktop\PUP\node_modules\react-dom\cjs\react-dom-client.development.js:13957
recursivelyTraversePassiveMountEffects @ C:\Users\USER\OneDrive\Desktop\PUP\node_modules\react-dom\cjs\react-dom-client.development.js:13815
commitPassiveMountOnFiber @ C:\Users\USER\OneDrive\Desktop\PUP\node_modules\react-dom\cjs\react-dom-client.development.js:13834
recursivelyTraversePassiveMountEffects @ C:\Users\USER\OneDrive\Desktop\PUP\node_modules\react-dom\cjs\react-dom-client.development.js:13815
commitPassiveMountOnFiber @ C:\Users\USER\OneDrive\Desktop\PUP\node_modules\react-dom\cjs\react-dom-client.development.js:13957
recursivelyTraversePassiveMountEffects @ C:\Users\USER\OneDrive\Desktop\PUP\node_modules\react-dom\cjs\react-dom-client.development.js:13815
commitPassiveMountOnFiber @ C:\Users\USER\OneDrive\Desktop\PUP\node_modules\react-dom\cjs\react-dom-client.development.js:13957
recursivelyTraversePassiveMountEffects @ C:\Users\USER\OneDrive\Desktop\PUP\node_modules\react-dom\cjs\react-dom-client.development.js:13815
commitPassiveMountOnFiber @ C:\Users\USER\OneDrive\Desktop\PUP\node_modules\react-dom\cjs\react-dom-client.development.js:13834
recursivelyTraversePassiveMountEffects @ C:\Users\USER\OneDrive\Desktop\PUP\node_modules\react-dom\cjs\react-dom-client.development.js:13815
commitPassiveMountOnFiber @ C:\Users\USER\OneDrive\Desktop\PUP\node_modules\react-dom\cjs\react-dom-client.development.js:13957
recursivelyTraversePassiveMountEffects @ C:\Users\USER\OneDrive\Desktop\PUP\node_modules\react-dom\cjs\react-dom-client.development.js:13815
commitPassiveMountOnFiber @ C:\Users\USER\OneDrive\Desktop\PUP\node_modules\react-dom\cjs\react-dom-client.development.js:13957
recursivelyTraversePassiveMountEffects @ C:\Users\USER\OneDrive\Desktop\PUP\node_modules\react-dom\cjs\react-dom-client.development.js:13815
commitPassiveMountOnFiber @ C:\Users\USER\OneDrive\Desktop\PUP\node_modules\react-dom\cjs\react-dom-client.development.js:13834
recursivelyTraversePassiveMountEffects @ C:\Users\USER\OneDrive\Desktop\PUP\node_modules\react-dom\cjs\react-dom-client.development.js:13815
commitPassiveMountOnFiber @ C:\Users\USER\OneDrive\Desktop\PUP\node_modules\react-dom\cjs\react-dom-client.development.js:13957
recursivelyTraversePassiveMountEffects @ C:\Users\USER\OneDrive\Desktop\PUP\node_modules\react-dom\cjs\react-dom-client.development.js:13815
commitPassiveMountOnFiber @ C:\Users\USER\OneDrive\Desktop\PUP\node_modules\react-dom\cjs\react-dom-client.development.js:13957
recursivelyTraversePassiveMountEffects @ C:\Users\USER\OneDrive\Desktop\PUP\node_modules\react-dom\cjs\react-dom-client.development.js:13815
commitPassiveMountOnFiber @ C:\Users\USER\OneDrive\Desktop\PUP\node_modules\react-dom\cjs\react-dom-client.development.js:13834
recursivelyTraversePassiveMountEffects @ C:\Users\USER\OneDrive\Desktop\PUP\node_modules\react-dom\cjs\react-dom-client.development.js:13815
commitPassiveMountOnFiber @ C:\Users\USER\OneDrive\Desktop\PUP\node_modules\react-dom\cjs\react-dom-client.development.js:13834
recursivelyTraversePassiveMountEffects @ C:\Users\USER\OneDrive\Desktop\PUP\node_modules\react-dom\cjs\react-dom-client.development.js:13815
commitPassiveMountOnFiber @ C:\Users\USER\OneDrive\Desktop\PUP\node_modules\react-dom\cjs\react-dom-client.development.js:13834
recursivelyTraversePassiveMountEffects @ C:\Users\USER\OneDrive\Desktop\PUP\node_modules\react-dom\cjs\react-dom-client.development.js:13815
commitPassiveMountOnFiber @ C:\Users\USER\OneDrive\Desktop\PUP\node_modules\react-dom\cjs\react-dom-client.development.js:13834
recursivelyTraversePassiveMountEffects @ C:\Users\USER\OneDrive\Desktop\PUP\node_modules\react-dom\cjs\react-dom-client.development.js:13815
commitPassiveMountOnFiber @ C:\Users\USER\OneDrive\Desktop\PUP\node_modules\react-dom\cjs\react-dom-client.development.js:13957
recursivelyTraversePassiveMountEffects @ C:\Users\USER\OneDrive\Desktop\PUP\node_modules\react-dom\cjs\react-dom-client.development.js:13815
commitPassiveMountOnFiber @ C:\Users\USER\OneDrive\Desktop\PUP\node_modules\react-dom\cjs\react-dom-client.development.js:13834
recursivelyTraversePassiveMountEffects @ C:\Users\USER\OneDrive\Desktop\PUP\node_modules\react-dom\cjs\react-dom-client.development.js:13815
commitPassiveMountOnFiber @ C:\Users\USER\OneDrive\Desktop\PUP\node_modules\react-dom\cjs\react-dom-client.development.js:13834
recursivelyTraversePassiveMountEffects @ C:\Users\USER\OneDrive\Desktop\PUP\node_modules\react-dom\cjs\react-dom-client.development.js:13815
commitPassiveMountOnFiber @ C:\Users\USER\OneDrive\Desktop\PUP\node_modules\react-dom\cjs\react-dom-client.development.js:13928
recursivelyTraversePassiveMountEffects @ C:\Users\USER\OneDrive\Desktop\PUP\node_modules\react-dom\cjs\react-dom-client.development.js:13815
commitPassiveMountOnFiber @ C:\Users\USER\OneDrive\Desktop\PUP\node_modules\react-dom\cjs\react-dom-client.development.js:13903
recursivelyTraversePassiveMountEffects @ C:\Users\USER\OneDrive\Desktop\PUP\node_modules\react-dom\cjs\react-dom-client.development.js:13815
commitPassiveMountOnFiber @ C:\Users\USER\OneDrive\Desktop\PUP\node_modules\react-dom\cjs\react-dom-client.development.js:13957
recursivelyTraversePassiveMountEffects @ C:\Users\USER\OneDrive\Desktop\PUP\node_modules\react-dom\cjs\react-dom-client.development.js:13815
commitPassiveMountOnFiber @ C:\Users\USER\OneDrive\Desktop\PUP\node_modules\react-dom\cjs\react-dom-client.development.js:13957
recursivelyTraversePassiveMountEffects @ C:\Users\USER\OneDrive\Desktop\PUP\node_modules\react-dom\cjs\react-dom-client.development.js:13815
commitPassiveMountOnFiber @ C:\Users\USER\OneDrive\Desktop\PUP\node_modules\react-dom\cjs\react-dom-client.development.js:13834
recursivelyTraversePassiveMountEffects @ C:\Users\USER\OneDrive\Desktop\PUP\node_modules\react-dom\cjs\react-dom-client.development.js:13815
commitPassiveMountOnFiber @ C:\Users\USER\OneDrive\Desktop\PUP\node_modules\react-dom\cjs\react-dom-client.development.js:13834
recursivelyTraversePassiveMountEffects @ C:\Users\USER\OneDrive\Desktop\PUP\node_modules\react-dom\cjs\react-dom-client.development.js:13815
commitPassiveMountOnFiber @ C:\Users\USER\OneDrive\Desktop\PUP\node_modules\react-dom\cjs\react-dom-client.development.js:13834
recursivelyTraversePassiveMountEffects @ C:\Users\USER\OneDrive\Desktop\PUP\node_modules\react-dom\cjs\react-dom-client.development.js:13815
commitPassiveMountOnFiber @ C:\Users\USER\OneDrive\Desktop\PUP\node_modules\react-dom\cjs\react-dom-client.development.js:13957
<MealPlanScreen(./(tabs)/meal-plan.tsx)>
exports.jsxDEV @ C:\Users\USER\OneDrive\Desktop\PUP\node_modules\react\cjs\react-jsx-dev-runtime.development.js:346
BaseRoute @ C:\Users\USER\OneDrive\Desktop\PUP\node_modules\expo-router\build\useScreens.js:213
react-stack-bottom-frame @ C:\Users\USER\OneDrive\Desktop\PUP\node_modules\react-dom\cjs\react-dom-client.development.js:23863
renderWithHooks @ C:\Users\USER\OneDrive\Desktop\PUP\node_modules\react-dom\cjs\react-dom-client.development.js:5529
updateFunctionComponent @ C:\Users\USER\OneDrive\Desktop\PUP\node_modules\react-dom\cjs\react-dom-client.development.js:8897
beginWork @ C:\Users\USER\OneDrive\Desktop\PUP\node_modules\react-dom\cjs\react-dom-client.development.js:10522
runWithFiberInDEV @ C:\Users\USER\OneDrive\Desktop\PUP\node_modules\react-dom\cjs\react-dom-client.development.js:1519
performUnitOfWork @ C:\Users\USER\OneDrive\Desktop\PUP\node_modules\react-dom\cjs\react-dom-client.development.js:15132
workLoopSync @ C:\Users\USER\OneDrive\Desktop\PUP\node_modules\react-dom\cjs\react-dom-client.development.js:14956
renderRootSync @ C:\Users\USER\OneDrive\Desktop\PUP\node_modules\react-dom\cjs\react-dom-client.development.js:14936
performWorkOnRoot @ C:\Users\USER\OneDrive\Desktop\PUP\node_modules\react-dom\cjs\react-dom-client.development.js:14419
performSyncWorkOnRoot @ C:\Users\USER\OneDrive\Desktop\PUP\node_modules\react-dom\cjs\react-dom-client.development.js:16231
flushSyncWorkAcrossRoots_impl @ C:\Users\USER\OneDrive\Desktop\PUP\node_modules\react-dom\cjs\react-dom-client.development.js:16079
processRootScheduleInMicrotask @ C:\Users\USER\OneDrive\Desktop\PUP\node_modules\react-dom\cjs\react-dom-client.development.js:16116
(anonymous) @ C:\Users\USER\OneDrive\Desktop\PUP\node_modules\react-dom\cjs\react-dom-client.development.js:16250
<Route(meal-plan)>
exports.jsx @ C:\Users\USER\OneDrive\Desktop\PUP\node_modules\react\cjs\react-jsx-runtime.development.js:339
SceneView @ C:\Users\USER\OneDrive\Desktop\PUP\node_modules\@react-navigation\core\lib\module\SceneView.js:125
react-stack-bottom-frame @ C:\Users\USER\OneDrive\Desktop\PUP\node_modules\react-dom\cjs\react-dom-client.development.js:23863
renderWithHooks @ C:\Users\USER\OneDrive\Desktop\PUP\node_modules\react-dom\cjs\react-dom-client.development.js:5529
updateFunctionComponent @ C:\Users\USER\OneDrive\Desktop\PUP\node_modules\react-dom\cjs\react-dom-client.development.js:8897
beginWork @ C:\Users\USER\OneDrive\Desktop\PUP\node_modules\react-dom\cjs\react-dom-client.development.js:10522
runWithFiberInDEV @ C:\Users\USER\OneDrive\Desktop\PUP\node_modules\react-dom\cjs\react-dom-client.development.js:1519
performUnitOfWork @ C:\Users\USER\OneDrive\Desktop\PUP\node_modules\react-dom\cjs\react-dom-client.development.js:15132
workLoopSync @ C:\Users\USER\OneDrive\Desktop\PUP\node_modules\react-dom\cjs\react-dom-client.development.js:14956
renderRootSync @ C:\Users\USER\OneDrive\Desktop\PUP\node_modules\react-dom\cjs\react-dom-client.development.js:14936
performWorkOnRoot @ C:\Users\USER\OneDrive\Desktop\PUP\node_modules\react-dom\cjs\react-dom-client.development.js:14419
performSyncWorkOnRoot @ C:\Users\USER\OneDrive\Desktop\PUP\node_modules\react-dom\cjs\react-dom-client.development.js:16231
flushSyncWorkAcrossRoots_impl @ C:\Users\USER\OneDrive\Desktop\PUP\node_modules\react-dom\cjs\react-dom-client.development.js:16079
processRootScheduleInMicrotask @ C:\Users\USER\OneDrive\Desktop\PUP\node_modules\react-dom\cjs\react-dom-client.development.js:16116
(anonymous) @ C:\Users\USER\OneDrive\Desktop\PUP\node_modules\react-dom\cjs\react-dom-client.development.js:16250
<SceneView>
exports.jsx @ C:\Users\USER\OneDrive\Desktop\PUP\node_modules\react\cjs\react-jsx-runtime.development.js:339
render @ C:\Users\USER\OneDrive\Desktop\PUP\node_modules\@react-navigation\core\lib\module\useDescriptors.js:108
(anonymous) @ C:\Users\USER\OneDrive\Desktop\PUP\node_modules\@react-navigation\core\lib\module\useDescriptors.js:140
useDescriptors @ C:\Users\USER\OneDrive\Desktop\PUP\node_modules\@react-navigation\core\lib\module\useDescriptors.js:137
useNavigationBuilder @ C:\Users\USER\OneDrive\Desktop\PUP\node_modules\@react-navigation\core\lib\module\useNavigationBuilder.js:562
BottomTabNavigator @ C:\Users\USER\OneDrive\Desktop\PUP\node_modules\@react-navigation\bottom-tabs\lib\module\navigators\createBottomTabNavigator.js:24
react-stack-bottom-frame @ C:\Users\USER\OneDrive\Desktop\PUP\node_modules\react-dom\cjs\react-dom-client.development.js:23863
renderWithHooks @ C:\Users\USER\OneDrive\Desktop\PUP\node_modules\react-dom\cjs\react-dom-client.development.js:5529
updateFunctionComponent @ C:\Users\USER\OneDrive\Desktop\PUP\node_modules\react-dom\cjs\react-dom-client.development.js:8897
beginWork @ C:\Users\USER\OneDrive\Desktop\PUP\node_modules\react-dom\cjs\react-dom-client.development.js:10522
runWithFiberInDEV @ C:\Users\USER\OneDrive\Desktop\PUP\node_modules\react-dom\cjs\react-dom-client.development.js:1519
performUnitOfWork @ C:\Users\USER\OneDrive\Desktop\PUP\node_modules\react-dom\cjs\react-dom-client.development.js:15132
workLoopSync @ C:\Users\USER\OneDrive\Desktop\PUP\node_modules\react-dom\cjs\react-dom-client.development.js:14956
renderRootSync @ C:\Users\USER\OneDrive\Desktop\PUP\node_modules\react-dom\cjs\react-dom-client.development.js:14936
performWorkOnRoot @ C:\Users\USER\OneDrive\Desktop\PUP\node_modules\react-dom\cjs\react-dom-client.development.js:14419
performSyncWorkOnRoot @ C:\Users\USER\OneDrive\Desktop\PUP\node_modules\react-dom\cjs\react-dom-client.development.js:16231
flushSyncWorkAcrossRoots_impl @ C:\Users\USER\OneDrive\Desktop\PUP\node_modules\react-dom\cjs\react-dom-client.development.js:16079
processRootScheduleInMicrotask @ C:\Users\USER\OneDrive\Desktop\PUP\node_modules\react-dom\cjs\react-dom-client.development.js:16116
(anonymous) @ C:\Users\USER\OneDrive\Desktop\PUP\node_modules\react-dom\cjs\react-dom-client.development.js:16250
<BottomTabNavigator>
exports.jsxDEV @ C:\Users\USER\OneDrive\Desktop\PUP\node_modules\react\cjs\react-jsx-dev-runtime.development.js:346
(anonymous) @ C:\Users\USER\OneDrive\Desktop\PUP\node_modules\expo-router\build\layouts\withLayoutContext.js:156
react-stack-bottom-frame @ C:\Users\USER\OneDrive\Desktop\PUP\node_modules\react-dom\cjs\react-dom-client.development.js:23863
renderWithHooks @ C:\Users\USER\OneDrive\Desktop\PUP\node_modules\react-dom\cjs\react-dom-client.development.js:5529
updateForwardRef @ C:\Users\USER\OneDrive\Desktop\PUP\node_modules\react-dom\cjs\react-dom-client.development.js:8645
beginWork @ C:\Users\USER\OneDrive\Desktop\PUP\node_modules\react-dom\cjs\react-dom-client.development.js:10861
runWithFiberInDEV @ C:\Users\USER\OneDrive\Desktop\PUP\node_modules\react-dom\cjs\react-dom-client.development.js:1519
performUnitOfWork @ C:\Users\USER\OneDrive\Desktop\PUP\node_modules\react-dom\cjs\react-dom-client.development.js:15132
workLoopSync @ C:\Users\USER\OneDrive\Desktop\PUP\node_modules\react-dom\cjs\react-dom-client.development.js:14956
renderRootSync @ C:\Users\USER\OneDrive\Desktop\PUP\node_modules\react-dom\cjs\react-dom-client.development.js:14936
performWorkOnRoot @ C:\Users\USER\OneDrive\Desktop\PUP\node_modules\react-dom\cjs\react-dom-client.development.js:14419
performSyncWorkOnRoot @ C:\Users\USER\OneDrive\Desktop\PUP\node_modules\react-dom\cjs\react-dom-client.development.js:16231
flushSyncWorkAcrossRoots_impl @ C:\Users\USER\OneDrive\Desktop\PUP\node_modules\react-dom\cjs\react-dom-client.development.js:16079
flushPassiveEffects @ C:\Users\USER\OneDrive\Desktop\PUP\node_modules\react-dom\cjs\react-dom-client.development.js:15749
(anonymous) @ C:\Users\USER\OneDrive\Desktop\PUP\node_modules\react-dom\cjs\react-dom-client.development.js:15379
performWorkUntilDeadline @ C:\Users\USER\OneDrive\Desktop\PUP\node_modules\scheduler\cjs\scheduler.development.js:45
<ForwardRef>
exports.jsxDEV @ C:\Users\USER\OneDrive\Desktop\PUP\node_modules\react\cjs\react-jsx-dev-runtime.development.js:346
Object.assign.Screen @ C:\Users\USER\OneDrive\Desktop\PUP\node_modules\expo-router\build\layouts\TabsClient.js:46
react-stack-bottom-frame @ C:\Users\USER\OneDrive\Desktop\PUP\node_modules\react-dom\cjs\react-dom-client.development.js:23863
renderWithHooks @ C:\Users\USER\OneDrive\Desktop\PUP\node_modules\react-dom\cjs\react-dom-client.development.js:5529
updateFunctionComponent @ C:\Users\USER\OneDrive\Desktop\PUP\node_modules\react-dom\cjs\react-dom-client.development.js:8897
beginWork @ C:\Users\USER\OneDrive\Desktop\PUP\node_modules\react-dom\cjs\react-dom-client.development.js:10522
runWithFiberInDEV @ C:\Users\USER\OneDrive\Desktop\PUP\node_modules\react-dom\cjs\react-dom-client.development.js:1519
performUnitOfWork @ C:\Users\USER\OneDrive\Desktop\PUP\node_modules\react-dom\cjs\react-dom-client.development.js:15132
workLoopSync @ C:\Users\USER\OneDrive\Desktop\PUP\node_modules\react-dom\cjs\react-dom-client.development.js:14956
renderRootSync @ C:\Users\USER\OneDrive\Desktop\PUP\node_modules\react-dom\cjs\react-dom-client.development.js:14936
performWorkOnRoot @ C:\Users\USER\OneDrive\Desktop\PUP\node_modules\react-dom\cjs\react-dom-client.development.js:14419
performSyncWorkOnRoot @ C:\Users\USER\OneDrive\Desktop\PUP\node_modules\react-dom\cjs\react-dom-client.development.js:16231
flushSyncWorkAcrossRoots_impl @ C:\Users\USER\OneDrive\Desktop\PUP\node_modules\react-dom\cjs\react-dom-client.development.js:16079
flushPassiveEffects @ C:\Users\USER\OneDrive\Desktop\PUP\node_modules\react-dom\cjs\react-dom-client.development.js:15749
(anonymous) @ C:\Users\USER\OneDrive\Desktop\PUP\node_modules\react-dom\cjs\react-dom-client.development.js:15379
performWorkUntilDeadline @ C:\Users\USER\OneDrive\Desktop\PUP\node_modules\scheduler\cjs\scheduler.development.js:45
<...>
exports.jsxDEV @ C:\Users\USER\OneDrive\Desktop\PUP\node_modules\react\cjs\react-jsx-dev-runtime.development.js:346
TabLayout @ C:\Users\USER\OneDrive\Desktop\PUP\app\(tabs)\_layout.tsx:6
react-stack-bottom-frame @ C:\Users\USER\OneDrive\Desktop\PUP\node_modules\react-dom\cjs\react-dom-client.development.js:23863
renderWithHooks @ C:\Users\USER\OneDrive\Desktop\PUP\node_modules\react-dom\cjs\react-dom-client.development.js:5529
updateFunctionComponent @ C:\Users\USER\OneDrive\Desktop\PUP\node_modules\react-dom\cjs\react-dom-client.development.js:8897
beginWork @ C:\Users\USER\OneDrive\Desktop\PUP\node_modules\react-dom\cjs\react-dom-client.development.js:10522
runWithFiberInDEV @ C:\Users\USER\OneDrive\Desktop\PUP\node_modules\react-dom\cjs\react-dom-client.development.js:1519
performUnitOfWork @ C:\Users\USER\OneDrive\Desktop\PUP\node_modules\react-dom\cjs\react-dom-client.development.js:15132
workLoopSync @ C:\Users\USER\OneDrive\Desktop\PUP\node_modules\react-dom\cjs\react-dom-client.development.js:14956
renderRootSync @ C:\Users\USER\OneDrive\Desktop\PUP\node_modules\react-dom\cjs\react-dom-client.development.js:14936
performWorkOnRoot @ C:\Users\USER\OneDrive\Desktop\PUP\node_modules\react-dom\cjs\react-dom-client.development.js:14419
performSyncWorkOnRoot @ C:\Users\USER\OneDrive\Desktop\PUP\node_modules\react-dom\cjs\react-dom-client.development.js:16231
flushSyncWorkAcrossRoots_impl @ C:\Users\USER\OneDrive\Desktop\PUP\node_modules\react-dom\cjs\react-dom-client.development.js:16079
flushPassiveEffects @ C:\Users\USER\OneDrive\Desktop\PUP\node_modules\react-dom\cjs\react-dom-client.development.js:15749
(anonymous) @ C:\Users\USER\OneDrive\Desktop\PUP\node_modules\react-dom\cjs\react-dom-client.development.js:15379
performWorkUntilDeadline @ C:\Users\USER\OneDrive\Desktop\PUP\node_modules\scheduler\cjs\scheduler.development.js:45
<TabLayout(./(tabs)/_layout.tsx)>
exports.jsxDEV @ C:\Users\USER\OneDrive\Desktop\PUP\node_modules\react\cjs\react-jsx-dev-runtime.development.js:346
BaseRoute @ C:\Users\USER\OneDrive\Desktop\PUP\node_modules\expo-router\build\useScreens.js:213
react-stack-bottom-frame @ C:\Users\USER\OneDrive\Desktop\PUP\node_modules\react-dom\cjs\react-dom-client.development.js:23863
renderWithHooks @ C:\Users\USER\OneDrive\Desktop\PUP\node_modules\react-dom\cjs\react-dom-client.development.js:5529
updateFunctionComponent @ C:\Users\USER\OneDrive\Desktop\PUP\node_modules\react-dom\cjs\react-dom-client.development.js:8897
beginWork @ C:\Users\USER\OneDrive\Desktop\PUP\node_modules\react-dom\cjs\react-dom-client.development.js:10522
runWithFiberInDEV @ C:\Users\USER\OneDrive\Desktop\PUP\node_modules\react-dom\cjs\react-dom-client.development.js:1519
performUnitOfWork @ C:\Users\USER\OneDrive\Desktop\PUP\node_modules\react-dom\cjs\react-dom-client.development.js:15132
workLoopSync @ C:\Users\USER\OneDrive\Desktop\PUP\node_modules\react-dom\cjs\react-dom-client.development.js:14956
renderRootSync @ C:\Users\USER\OneDrive\Desktop\PUP\node_modules\react-dom\cjs\react-dom-client.development.js:14936
performWorkOnRoot @ C:\Users\USER\OneDrive\Desktop\PUP\node_modules\react-dom\cjs\react-dom-client.development.js:14419
performSyncWorkOnRoot @ C:\Users\USER\OneDrive\Desktop\PUP\node_modules\react-dom\cjs\react-dom-client.development.js:16231
flushSyncWorkAcrossRoots_impl @ C:\Users\USER\OneDrive\Desktop\PUP\node_modules\react-dom\cjs\react-dom-client.development.js:16079
flushPassiveEffects @ C:\Users\USER\OneDrive\Desktop\PUP\node_modules\react-dom\cjs\react-dom-client.development.js:15749
(anonymous) @ C:\Users\USER\OneDrive\Desktop\PUP\node_modules\react-dom\cjs\react-dom-client.development.js:15379
performWorkUntilDeadline @ C:\Users\USER\OneDrive\Desktop\PUP\node_modules\scheduler\cjs\scheduler.development.js:45
<Route((tabs))>
exports.jsx @ C:\Users\USER\OneDrive\Desktop\PUP\node_modules\react\cjs\react-jsx-runtime.development.js:339
SceneView @ C:\Users\USER\OneDrive\Desktop\PUP\node_modules\@react-navigation\core\lib\module\SceneView.js:125
react-stack-bottom-frame @ C:\Users\USER\OneDrive\Desktop\PUP\node_modules\react-dom\cjs\react-dom-client.development.js:23863
renderWithHooks @ C:\Users\USER\OneDrive\Desktop\PUP\node_modules\react-dom\cjs\react-dom-client.development.js:5529
updateFunctionComponent @ C:\Users\USER\OneDrive\Desktop\PUP\node_modules\react-dom\cjs\react-dom-client.development.js:8897
beginWork @ C:\Users\USER\OneDrive\Desktop\PUP\node_modules\react-dom\cjs\react-dom-client.development.js:10522
runWithFiberInDEV @ C:\Users\USER\OneDrive\Desktop\PUP\node_modules\react-dom\cjs\react-dom-client.development.js:1519
performUnitOfWork @ C:\Users\USER\OneDrive\Desktop\PUP\node_modules\react-dom\cjs\react-dom-client.development.js:15132
workLoopSync @ C:\Users\USER\OneDrive\Desktop\PUP\node_modules\react-dom\cjs\react-dom-client.development.js:14956
renderRootSync @ C:\Users\USER\OneDrive\Desktop\PUP\node_modules\react-dom\cjs\react-dom-client.development.js:14936
performWorkOnRoot @ C:\Users\USER\OneDrive\Desktop\PUP\node_modules\react-dom\cjs\react-dom-client.development.js:14419
performSyncWorkOnRoot @ C:\Users\USER\OneDrive\Desktop\PUP\node_modules\react-dom\cjs\react-dom-client.development.js:16231
flushSyncWorkAcrossRoots_impl @ C:\Users\USER\OneDrive\Desktop\PUP\node_modules\react-dom\cjs\react-dom-client.development.js:16079
flushPassiveEffects @ C:\Users\USER\OneDrive\Desktop\PUP\node_modules\react-dom\cjs\react-dom-client.development.js:15749
(anonymous) @ C:\Users\USER\OneDrive\Desktop\PUP\node_modules\react-dom\cjs\react-dom-client.development.js:15379
performWorkUntilDeadline @ C:\Users\USER\OneDrive\Desktop\PUP\node_modules\scheduler\cjs\scheduler.development.js:45
<SceneView>
exports.jsx @ C:\Users\USER\OneDrive\Desktop\PUP\node_modules\react\cjs\react-jsx-runtime.development.js:339
render @ C:\Users\USER\OneDrive\Desktop\PUP\node_modules\@react-navigation\core\lib\module\useDescriptors.js:108
(anonymous) @ C:\Users\USER\OneDrive\Desktop\PUP\node_modules\@react-navigation\core\lib\module\useDescriptors.js:140
useDescriptors @ C:\Users\USER\OneDrive\Desktop\PUP\node_modules\@react-navigation\core\lib\module\useDescriptors.js:137
useNavigationBuilder @ C:\Users\USER\OneDrive\Desktop\PUP\node_modules\@react-navigation\core\lib\module\useNavigationBuilder.js:562
SlotNavigator @ C:\Users\USER\OneDrive\Desktop\PUP\node_modules\expo-router\build\views\Navigator.js:107
react-stack-bottom-frame @ C:\Users\USER\OneDrive\Desktop\PUP\node_modules\react-dom\cjs\react-dom-client.development.js:23863
renderWithHooks @ C:\Users\USER\OneDrive\Desktop\PUP\node_modules\react-dom\cjs\react-dom-client.development.js:5529
updateFunctionComponent @ C:\Users\USER\OneDrive\Desktop\PUP\node_modules\react-dom\cjs\react-dom-client.development.js:8897
beginWork @ C:\Users\USER\OneDrive\Desktop\PUP\node_modules\react-dom\cjs\react-dom-client.development.js:10522
runWithFiberInDEV @ C:\Users\USER\OneDrive\Desktop\PUP\node_modules\react-dom\cjs\react-dom-client.development.js:1519
performUnitOfWork @ C:\Users\USER\OneDrive\Desktop\PUP\node_modules\react-dom\cjs\react-dom-client.development.js:15132
workLoopSync @ C:\Users\USER\OneDrive\Desktop\PUP\node_modules\react-dom\cjs\react-dom-client.development.js:14956
renderRootSync @ C:\Users\USER\OneDrive\Desktop\PUP\node_modules\react-dom\cjs\react-dom-client.development.js:14936
performWorkOnRoot @ C:\Users\USER\OneDrive\Desktop\PUP\node_modules\react-dom\cjs\react-dom-client.development.js:14419
performSyncWorkOnRoot @ C:\Users\USER\OneDrive\Desktop\PUP\node_modules\react-dom\cjs\react-dom-client.development.js:16231
flushSyncWorkAcrossRoots_impl @ C:\Users\USER\OneDrive\Desktop\PUP\node_modules\react-dom\cjs\react-dom-client.development.js:16079
flushPassiveEffects @ C:\Users\USER\OneDrive\Desktop\PUP\node_modules\react-dom\cjs\react-dom-client.development.js:15749
(anonymous) @ C:\Users\USER\OneDrive\Desktop\PUP\node_modules\react-dom\cjs\react-dom-client.development.js:15379
performWorkUntilDeadline @ C:\Users\USER\OneDrive\Desktop\PUP\node_modules\scheduler\cjs\scheduler.development.js:45
<SlotNavigator>
exports.jsxDEV @ C:\Users\USER\OneDrive\Desktop\PUP\node_modules\react\cjs\react-jsx-dev-runtime.development.js:346
Slot @ C:\Users\USER\OneDrive\Desktop\PUP\node_modules\expo-router\build\views\Navigator.js:130
react-stack-bottom-frame @ C:\Users\USER\OneDrive\Desktop\PUP\node_modules\react-dom\cjs\react-dom-client.development.js:23863
renderWithHooks @ C:\Users\USER\OneDrive\Desktop\PUP\node_modules\react-dom\cjs\react-dom-client.development.js:5529
updateFunctionComponent @ C:\Users\USER\OneDrive\Desktop\PUP\node_modules\react-dom\cjs\react-dom-client.development.js:8897
beginWork @ C:\Users\USER\OneDrive\Desktop\PUP\node_modules\react-dom\cjs\react-dom-client.development.js:10522
runWithFiberInDEV @ C:\Users\USER\OneDrive\Desktop\PUP\node_modules\react-dom\cjs\react-dom-client.development.js:1519
performUnitOfWork @ C:\Users\USER\OneDrive\Desktop\PUP\node_modules\react-dom\cjs\react-dom-client.development.js:15132
workLoopConcurrentByScheduler @ C:\Users\USER\OneDrive\Desktop\PUP\node_modules\react-dom\cjs\react-dom-client.development.js:15126
renderRootConcurrent @ C:\Users\USER\OneDrive\Desktop\PUP\node_modules\react-dom\cjs\react-dom-client.development.js:15101
performWorkOnRoot @ C:\Users\USER\OneDrive\Desktop\PUP\node_modules\react-dom\cjs\react-dom-client.development.js:14418
performWorkOnRootViaSchedulerTask @ C:\Users\USER\OneDrive\Desktop\PUP\node_modules\react-dom\cjs\react-dom-client.development.js:16216
performWorkUntilDeadline @ C:\Users\USER\OneDrive\Desktop\PUP\node_modules\scheduler\cjs\scheduler.development.js:45
<Slot>
exports.jsxDEV @ C:\Users\USER\OneDrive\Desktop\PUP\node_modules\react\cjs\react-jsx-dev-runtime.development.js:346
RootLayout @ C:\Users\USER\OneDrive\Desktop\PUP\app\_layout.tsx:86
react-stack-bottom-frame @ C:\Users\USER\OneDrive\Desktop\PUP\node_modules\react-dom\cjs\react-dom-client.development.js:23863
renderWithHooks @ C:\Users\USER\OneDrive\Desktop\PUP\node_modules\react-dom\cjs\react-dom-client.development.js:5529
updateFunctionComponent @ C:\Users\USER\OneDrive\Desktop\PUP\node_modules\react-dom\cjs\react-dom-client.development.js:8897
beginWork @ C:\Users\USER\OneDrive\Desktop\PUP\node_modules\react-dom\cjs\react-dom-client.development.js:10522
runWithFiberInDEV @ C:\Users\USER\OneDrive\Desktop\PUP\node_modules\react-dom\cjs\react-dom-client.development.js:1519
performUnitOfWork @ C:\Users\USER\OneDrive\Desktop\PUP\node_modules\react-dom\cjs\react-dom-client.development.js:15132
workLoopConcurrentByScheduler @ C:\Users\USER\OneDrive\Desktop\PUP\node_modules\react-dom\cjs\react-dom-client.development.js:15126
renderRootConcurrent @ C:\Users\USER\OneDrive\Desktop\PUP\node_modules\react-dom\cjs\react-dom-client.development.js:15101
performWorkOnRoot @ C:\Users\USER\OneDrive\Desktop\PUP\node_modules\react-dom\cjs\react-dom-client.development.js:14418
performWorkOnRootViaSchedulerTask @ C:\Users\USER\OneDrive\Desktop\PUP\node_modules\react-dom\cjs\react-dom-client.development.js:16216
performWorkUntilDeadline @ C:\Users\USER\OneDrive\Desktop\PUP\node_modules\scheduler\cjs\scheduler.development.js:45
<RootLayout(./_layout.tsx)>
exports.jsxDEV @ C:\Users\USER\OneDrive\Desktop\PUP\node_modules\react\cjs\react-jsx-dev-runtime.development.js:346
BaseRoute @ C:\Users\USER\OneDrive\Desktop\PUP\node_modules\expo-router\build\useScreens.js:213
react-stack-bottom-frame @ C:\Users\USER\OneDrive\Desktop\PUP\node_modules\react-dom\cjs\react-dom-client.development.js:23863
renderWithHooks @ C:\Users\USER\OneDrive\Desktop\PUP\node_modules\react-dom\cjs\react-dom-client.development.js:5529
updateFunctionComponent @ C:\Users\USER\OneDrive\Desktop\PUP\node_modules\react-dom\cjs\react-dom-client.development.js:8897
beginWork @ C:\Users\USER\OneDrive\Desktop\PUP\node_modules\react-dom\cjs\react-dom-client.development.js:10522
runWithFiberInDEV @ C:\Users\USER\OneDrive\Desktop\PUP\node_modules\react-dom\cjs\react-dom-client.development.js:1519
performUnitOfWork @ C:\Users\USER\OneDrive\Desktop\PUP\node_modules\react-dom\cjs\react-dom-client.development.js:15132
workLoopConcurrentByScheduler @ C:\Users\USER\OneDrive\Desktop\PUP\node_modules\react-dom\cjs\react-dom-client.development.js:15126
renderRootConcurrent @ C:\Users\USER\OneDrive\Desktop\PUP\node_modules\react-dom\cjs\react-dom-client.development.js:15101
performWorkOnRoot @ C:\Users\USER\OneDrive\Desktop\PUP\node_modules\react-dom\cjs\react-dom-client.development.js:14418
performWorkOnRootViaSchedulerTask @ C:\Users\USER\OneDrive\Desktop\PUP\node_modules\react-dom\cjs\react-dom-client.development.js:16216
performWorkUntilDeadline @ C:\Users\USER\OneDrive\Desktop\PUP\node_modules\scheduler\cjs\scheduler.development.js:45
<Route()>
exports.jsx @ C:\Users\USER\OneDrive\Desktop\PUP\node_modules\react\cjs\react-jsx-runtime.development.js:339
SceneView @ C:\Users\USER\OneDrive\Desktop\PUP\node_modules\@react-navigation\core\lib\module\SceneView.js:125
react-stack-bottom-frame @ C:\Users\USER\OneDrive\Desktop\PUP\node_modules\react-dom\cjs\react-dom-client.development.js:23863
renderWithHooks @ C:\Users\USER\OneDrive\Desktop\PUP\node_modules\react-dom\cjs\react-dom-client.development.js:5529
updateFunctionComponent @ C:\Users\USER\OneDrive\Desktop\PUP\node_modules\react-dom\cjs\react-dom-client.development.js:8897
beginWork @ C:\Users\USER\OneDrive\Desktop\PUP\node_modules\react-dom\cjs\react-dom-client.development.js:10522
runWithFiberInDEV @ C:\Users\USER\OneDrive\Desktop\PUP\node_modules\react-dom\cjs\react-dom-client.development.js:1519
performUnitOfWork @ C:\Users\USER\OneDrive\Desktop\PUP\node_modules\react-dom\cjs\react-dom-client.development.js:15132
workLoopConcurrentByScheduler @ C:\Users\USER\OneDrive\Desktop\PUP\node_modules\react-dom\cjs\react-dom-client.development.js:15126
renderRootConcurrent @ C:\Users\USER\OneDrive\Desktop\PUP\node_modules\react-dom\cjs\react-dom-client.development.js:15101
performWorkOnRoot @ C:\Users\USER\OneDrive\Desktop\PUP\node_modules\react-dom\cjs\react-dom-client.development.js:14418
performWorkOnRootViaSchedulerTask @ C:\Users\USER\OneDrive\Desktop\PUP\node_modules\react-dom\cjs\react-dom-client.development.js:16216
performWorkUntilDeadline @ C:\Users\USER\OneDrive\Desktop\PUP\node_modules\scheduler\cjs\scheduler.development.js:45
<SceneView>
exports.jsx @ C:\Users\USER\OneDrive\Desktop\PUP\node_modules\react\cjs\react-jsx-runtime.development.js:339
render @ C:\Users\USER\OneDrive\Desktop\PUP\node_modules\@react-navigation\core\lib\module\useDescriptors.js:108
(anonymous) @ C:\Users\USER\OneDrive\Desktop\PUP\node_modules\@react-navigation\core\lib\module\useDescriptors.js:140
useDescriptors @ C:\Users\USER\OneDrive\Desktop\PUP\node_modules\@react-navigation\core\lib\module\useDescriptors.js:137
useNavigationBuilder @ C:\Users\USER\OneDrive\Desktop\PUP\node_modules\@react-navigation\core\lib\module\useNavigationBuilder.js:562
Content @ C:\Users\USER\OneDrive\Desktop\PUP\node_modules\expo-router\build\ExpoRoot.js:161
react-stack-bottom-frame @ C:\Users\USER\OneDrive\Desktop\PUP\node_modules\react-dom\cjs\react-dom-client.development.js:23863
renderWithHooks @ C:\Users\USER\OneDrive\Desktop\PUP\node_modules\react-dom\cjs\react-dom-client.development.js:5529
updateFunctionComponent @ C:\Users\USER\OneDrive\Desktop\PUP\node_modules\react-dom\cjs\react-dom-client.development.js:8897
beginWork @ C:\Users\USER\OneDrive\Desktop\PUP\node_modules\react-dom\cjs\react-dom-client.development.js:10522
runWithFiberInDEV @ C:\Users\USER\OneDrive\Desktop\PUP\node_modules\react-dom\cjs\react-dom-client.development.js:1519
performUnitOfWork @ C:\Users\USER\OneDrive\Desktop\PUP\node_modules\react-dom\cjs\react-dom-client.development.js:15132
workLoopConcurrentByScheduler @ C:\Users\USER\OneDrive\Desktop\PUP\node_modules\react-dom\cjs\react-dom-client.development.js:15126
renderRootConcurrent @ C:\Users\USER\OneDrive\Desktop\PUP\node_modules\react-dom\cjs\react-dom-client.development.js:15101
performWorkOnRoot @ C:\Users\USER\OneDrive\Desktop\PUP\node_modules\react-dom\cjs\react-dom-client.development.js:14418
performWorkOnRootViaSchedulerTask @ C:\Users\USER\OneDrive\Desktop\PUP\node_modules\react-dom\cjs\react-dom-client.development.js:16216
performWorkUntilDeadline @ C:\Users\USER\OneDrive\Desktop\PUP\node_modules\scheduler\cjs\scheduler.development.js:45
<Content>
exports.jsxDEV @ C:\Users\USER\OneDrive\Desktop\PUP\node_modules\react\cjs\react-jsx-dev-runtime.development.js:346
ContextNavigator @ C:\Users\USER\OneDrive\Desktop\PUP\node_modules\expo-router\build\ExpoRoot.js:147
react-stack-bottom-frame @ C:\Users\USER\OneDrive\Desktop\PUP\node_modules\react-dom\cjs\react-dom-client.development.js:23863
renderWithHooks @ C:\Users\USER\OneDrive\Desktop\PUP\node_modules\react-dom\cjs\react-dom-client.development.js:5529
updateFunctionComponent @ C:\Users\USER\OneDrive\Desktop\PUP\node_modules\react-dom\cjs\react-dom-client.development.js:8897
beginWork @ C:\Users\USER\OneDrive\Desktop\PUP\node_modules\react-dom\cjs\react-dom-client.development.js:10522
runWithFiberInDEV @ C:\Users\USER\OneDrive\Desktop\PUP\node_modules\react-dom\cjs\react-dom-client.development.js:1519
performUnitOfWork @ C:\Users\USER\OneDrive\Desktop\PUP\node_modules\react-dom\cjs\react-dom-client.development.js:15132
workLoopConcurrentByScheduler @ C:\Users\USER\OneDrive\Desktop\PUP\node_modules\react-dom\cjs\react-dom-client.development.js:15126
renderRootConcurrent @ C:\Users\USER\OneDrive\Desktop\PUP\node_modules\react-dom\cjs\react-dom-client.development.js:15101
performWorkOnRoot @ C:\Users\USER\OneDrive\Desktop\PUP\node_modules\react-dom\cjs\react-dom-client.development.js:14418
performWorkOnRootViaSchedulerTask @ C:\Users\USER\OneDrive\Desktop\PUP\node_modules\react-dom\cjs\react-dom-client.development.js:16216
performWorkUntilDeadline @ C:\Users\USER\OneDrive\Desktop\PUP\node_modules\scheduler\cjs\scheduler.development.js:45
<ContextNavigator>
exports.jsxDEV @ C:\Users\USER\OneDrive\Desktop\PUP\node_modules\react\cjs\react-jsx-dev-runtime.development.js:346
ExpoRoot @ C:\Users\USER\OneDrive\Desktop\PUP\node_modules\expo-router\build\ExpoRoot.js:87
react-stack-bottom-frame @ C:\Users\USER\OneDrive\Desktop\PUP\node_modules\react-dom\cjs\react-dom-client.development.js:23863
renderWithHooks @ C:\Users\USER\OneDrive\Desktop\PUP\node_modules\react-dom\cjs\react-dom-client.development.js:5529
updateFunctionComponent @ C:\Users\USER\OneDrive\Desktop\PUP\node_modules\react-dom\cjs\react-dom-client.development.js:8897
beginWork @ C:\Users\USER\OneDrive\Desktop\PUP\node_modules\react-dom\cjs\react-dom-client.development.js:10522
runWithFiberInDEV @ C:\Users\USER\OneDrive\Desktop\PUP\node_modules\react-dom\cjs\react-dom-client.development.js:1519
performUnitOfWork @ C:\Users\USER\OneDrive\Desktop\PUP\node_modules\react-dom\cjs\react-dom-client.development.js:15132
workLoopConcurrentByScheduler @ C:\Users\USER\OneDrive\Desktop\PUP\node_modules\react-dom\cjs\react-dom-client.development.js:15126
renderRootConcurrent @ C:\Users\USER\OneDrive\Desktop\PUP\node_modules\react-dom\cjs\react-dom-client.development.js:15101
performWorkOnRoot @ C:\Users\USER\OneDrive\Desktop\PUP\node_modules\react-dom\cjs\react-dom-client.development.js:14418
performWorkOnRootViaSchedulerTask @ C:\Users\USER\OneDrive\Desktop\PUP\node_modules\react-dom\cjs\react-dom-client.development.js:16216
performWorkUntilDeadline @ C:\Users\USER\OneDrive\Desktop\PUP\node_modules\scheduler\cjs\scheduler.development.js:45
<ExpoRoot>
exports.jsxDEV @ C:\Users\USER\OneDrive\Desktop\PUP\node_modules\react\cjs\react-jsx-dev-runtime.development.js:346
App @ C:\Users\USER\OneDrive\Desktop\PUP\node_modules\expo-router\build\qualified-entry.js:21
react-stack-bottom-frame @ C:\Users\USER\OneDrive\Desktop\PUP\node_modules\react-dom\cjs\react-dom-client.development.js:23863
renderWithHooks @ C:\Users\USER\OneDrive\Desktop\PUP\node_modules\react-dom\cjs\react-dom-client.development.js:5529
updateFunctionComponent @ C:\Users\USER\OneDrive\Desktop\PUP\node_modules\react-dom\cjs\react-dom-client.development.js:8897
beginWork @ C:\Users\USER\OneDrive\Desktop\PUP\node_modules\react-dom\cjs\react-dom-client.development.js:10522
runWithFiberInDEV @ C:\Users\USER\OneDrive\Desktop\PUP\node_modules\react-dom\cjs\react-dom-client.development.js:1519
performUnitOfWork @ C:\Users\USER\OneDrive\Desktop\PUP\node_modules\react-dom\cjs\react-dom-client.development.js:15132
workLoopConcurrentByScheduler @ C:\Users\USER\OneDrive\Desktop\PUP\node_modules\react-dom\cjs\react-dom-client.development.js:15126
renderRootConcurrent @ C:\Users\USER\OneDrive\Desktop\PUP\node_modules\react-dom\cjs\react-dom-client.development.js:15101
performWorkOnRoot @ C:\Users\USER\OneDrive\Desktop\PUP\node_modules\react-dom\cjs\react-dom-client.development.js:14418
performWorkOnRootViaSchedulerTask @ C:\Users\USER\OneDrive\Desktop\PUP\node_modules\react-dom\cjs\react-dom-client.development.js:16216
performWorkUntilDeadline @ C:\Users\USER\OneDrive\Desktop\PUP\node_modules\scheduler\cjs\scheduler.development.js:45
<App>
exports.jsxDEV @ C:\Users\USER\OneDrive\Desktop\PUP\node_modules\react\cjs\react-jsx-dev-runtime.development.js:346
ErrorOverlay @ C:\Users\USER\OneDrive\Desktop\PUP\node_modules\@expo\metro-runtime\src\error-overlay\index.tsx:19
react-stack-bottom-frame @ C:\Users\USER\OneDrive\Desktop\PUP\node_modules\react-dom\cjs\react-dom-client.development.js:23863
renderWithHooks @ C:\Users\USER\OneDrive\Desktop\PUP\node_modules\react-dom\cjs\react-dom-client.development.js:5529
updateFunctionComponent @ C:\Users\USER\OneDrive\Desktop\PUP\node_modules\react-dom\cjs\react-dom-client.development.js:8897
beginWork @ C:\Users\USER\OneDrive\Desktop\PUP\node_modules\react-dom\cjs\react-dom-client.development.js:10522
runWithFiberInDEV @ C:\Users\USER\OneDrive\Desktop\PUP\node_modules\react-dom\cjs\react-dom-client.development.js:1519
performUnitOfWork @ C:\Users\USER\OneDrive\Desktop\PUP\node_modules\react-dom\cjs\react-dom-client.development.js:15132
workLoopConcurrentByScheduler @ C:\Users\USER\OneDrive\Desktop\PUP\node_modules\react-dom\cjs\react-dom-client.development.js:15126
renderRootConcurrent @ C:\Users\USER\OneDrive\Desktop\PUP\node_modules\react-dom\cjs\react-dom-client.development.js:15101
performWorkOnRoot @ C:\Users\USER\OneDrive\Desktop\PUP\node_modules\react-dom\cjs\react-dom-client.development.js:14418
performWorkOnRootViaSchedulerTask @ C:\Users\USER\OneDrive\Desktop\PUP\node_modules\react-dom\cjs\react-dom-client.development.js:16216
performWorkUntilDeadline @ C:\Users\USER\OneDrive\Desktop\PUP\node_modules\scheduler\cjs\scheduler.development.js:45
<ErrorOverlay>
exports.jsxDEV @ C:\Users\USER\OneDrive\Desktop\PUP\node_modules\react\cjs\react-jsx-dev-runtime.development.js:346
WithDevTools @ C:\Users\USER\OneDrive\Desktop\PUP\node_modules\expo\src\launch\withDevTools.web.tsx:11
react-stack-bottom-frame @ C:\Users\USER\OneDrive\Desktop\PUP\node_modules\react-dom\cjs\react-dom-client.development.js:23863
renderWithHooks @ C:\Users\USER\OneDrive\Desktop\PUP\node_modules\react-dom\cjs\react-dom-client.development.js:5529
updateFunctionComponent @ C:\Users\USER\OneDrive\Desktop\PUP\node_modules\react-dom\cjs\react-dom-client.development.js:8897
beginWork @ C:\Users\USER\OneDrive\Desktop\PUP\node_modules\react-dom\cjs\react-dom-client.development.js:10522
runWithFiberInDEV @ C:\Users\USER\OneDrive\Desktop\PUP\node_modules\react-dom\cjs\react-dom-client.development.js:1519
performUnitOfWork @ C:\Users\USER\OneDrive\Desktop\PUP\node_modules\react-dom\cjs\react-dom-client.development.js:15132
workLoopConcurrentByScheduler @ C:\Users\USER\OneDrive\Desktop\PUP\node_modules\react-dom\cjs\react-dom-client.development.js:15126
renderRootConcurrent @ C:\Users\USER\OneDrive\Desktop\PUP\node_modules\react-dom\cjs\react-dom-client.development.js:15101
performWorkOnRoot @ C:\Users\USER\OneDrive\Desktop\PUP\node_modules\react-dom\cjs\react-dom-client.development.js:14418
performWorkOnRootViaSchedulerTask @ C:\Users\USER\OneDrive\Desktop\PUP\node_modules\react-dom\cjs\react-dom-client.development.js:16216
performWorkUntilDeadline @ C:\Users\USER\OneDrive\Desktop\PUP\node_modules\scheduler\cjs\scheduler.development.js:45
<withDevTools(ErrorOverlay)>
exports.createElement @ C:\Users\USER\OneDrive\Desktop\PUP\node_modules\react\cjs\react.development.js:1033
renderApplication @ C:\Users\USER\OneDrive\Desktop\PUP\node_modules\react-native-web\dist\exports\AppRegistry\renderApplication.js:27
run @ C:\Users\USER\OneDrive\Desktop\PUP\node_modules\react-native-web\dist\exports\AppRegistry\index.js:36
runApplication @ C:\Users\USER\OneDrive\Desktop\PUP\node_modules\react-native-web\dist\exports\AppRegistry\index.js:74
registerRootComponent @ C:\Users\USER\OneDrive\Desktop\PUP\node_modules\expo\src\launch\registerRootComponent.tsx:58
(anonymous) @ C:\Users\USER\OneDrive\Desktop\PUP\node_modules\expo-router\build\renderRootComponent.js:88
exports.startTransition @ C:\Users\USER\OneDrive\Desktop\PUP\node_modules\react\cjs\react.development.js:1124
renderRootComponent @ C:\Users\USER\OneDrive\Desktop\PUP\node_modules\expo-router\build\renderRootComponent.js:85
(anonymous) @ C:\Users\USER\OneDrive\Desktop\PUP\node_modules\expo-router\entry-classic.js:10
loadModuleImplementation @ C:\Users\USER\OneDrive\Desktop\PUP\node_modules\expo\node_modules\@expo\cli\build\metro-require\require.js:248
guardedLoadModule @ C:\Users\USER\OneDrive\Desktop\PUP\node_modules\expo\node_modules\@expo\cli\build\metro-require\require.js:163
metroRequire @ C:\Users\USER\OneDrive\Desktop\PUP\node_modules\expo\node_modules\@expo\cli\build\metro-require\require.js:74
(anonymous) @ C:\Users\USER\OneDrive\Desktop\PUP\node_modules\expo-router\entry.js:3
loadModuleImplementation @ C:\Users\USER\OneDrive\Desktop\PUP\node_modules\expo\node_modules\@expo\cli\build\metro-require\require.js:248
guardedLoadModule @ C:\Users\USER\OneDrive\Desktop\PUP\node_modules\expo\node_modules\@expo\cli\build\metro-require\require.js:156
metroRequire @ C:\Users\USER\OneDrive\Desktop\PUP\node_modules\expo\node_modules\@expo\cli\build\metro-require\require.js:74
(anonymous) @ entry.bundle?platform=web&dev=true&hot=false&lazy=true&transform.routerRoot=app&transform.reactCompiler=true:196749
C:\Users\USER\OneDrive\Desktop\PUP\lib\firestore-rest.ts:275 [REST] queryCollection request: {collection: 'collections', field: 'user_id', operator: '==', value: 'ifZP9BIlvpVfo2TN3imKiKixPUh2', hasAuth: true}
C:\Users\USER\OneDrive\Desktop\PUP\lib\firestore-rest.ts:133  POST https://firestore.googleapis.com/v1/projects/lasangpinoy-mobile/databases/(default)/documents:runQuery?key=AIzaSyAZ36rq3scKZDT5SsETJ_SYIOEB9Gcbkyk 404 (Not Found)
fetchWithTimeout @ C:\Users\USER\OneDrive\Desktop\PUP\lib\firestore-rest.ts:133
queryCollection @ C:\Users\USER\OneDrive\Desktop\PUP\lib\firestore-rest.ts:277
await in queryCollection
getCollections @ C:\Users\USER\OneDrive\Desktop\PUP\lib\firebase.ts:1496
fetchCollections @ C:\Users\USER\OneDrive\Desktop\PUP\app\(tabs)\collections.tsx:60
(anonymous) @ C:\Users\USER\OneDrive\Desktop\PUP\app\(tabs)\collections.tsx:48
callback @ C:\Users\USER\OneDrive\Desktop\PUP\node_modules\expo-router\build\useFocusEffect.js:98
(anonymous) @ C:\Users\USER\OneDrive\Desktop\PUP\node_modules\expo-router\build\useFocusEffect.js:133
react-stack-bottom-frame @ C:\Users\USER\OneDrive\Desktop\PUP\node_modules\react-dom\cjs\react-dom-client.development.js:23949
runWithFiberInDEV @ C:\Users\USER\OneDrive\Desktop\PUP\node_modules\react-dom\cjs\react-dom-client.development.js:1519
commitHookEffectListMount @ C:\Users\USER\OneDrive\Desktop\PUP\node_modules\react-dom\cjs\react-dom-client.development.js:11905
commitHookPassiveMountEffects @ C:\Users\USER\OneDrive\Desktop\PUP\node_modules\react-dom\cjs\react-dom-client.development.js:12026
commitPassiveMountOnFiber @ C:\Users\USER\OneDrive\Desktop\PUP\node_modules\react-dom\cjs\react-dom-client.development.js:13841
recursivelyTraversePassiveMountEffects @ C:\Users\USER\OneDrive\Desktop\PUP\node_modules\react-dom\cjs\react-dom-client.development.js:13815
commitPassiveMountOnFiber @ C:\Users\USER\OneDrive\Desktop\PUP\node_modules\react-dom\cjs\react-dom-client.development.js:13928
recursivelyTraversePassiveMountEffects @ C:\Users\USER\OneDrive\Desktop\PUP\node_modules\react-dom\cjs\react-dom-client.development.js:13815
commitPassiveMountOnFiber @ C:\Users\USER\OneDrive\Desktop\PUP\node_modules\react-dom\cjs\react-dom-client.development.js:13903
recursivelyTraversePassiveMountEffects @ C:\Users\USER\OneDrive\Desktop\PUP\node_modules\react-dom\cjs\react-dom-client.development.js:13815
commitPassiveMountOnFiber @ C:\Users\USER\OneDrive\Desktop\PUP\node_modules\react-dom\cjs\react-dom-client.development.js:13957
recursivelyTraversePassiveMountEffects @ C:\Users\USER\OneDrive\Desktop\PUP\node_modules\react-dom\cjs\react-dom-client.development.js:13815
commitPassiveMountOnFiber @ C:\Users\USER\OneDrive\Desktop\PUP\node_modules\react-dom\cjs\react-dom-client.development.js:13957
recursivelyTraversePassiveMountEffects @ C:\Users\USER\OneDrive\Desktop\PUP\node_modules\react-dom\cjs\react-dom-client.development.js:13815
commitPassiveMountOnFiber @ C:\Users\USER\OneDrive\Desktop\PUP\node_modules\react-dom\cjs\react-dom-client.development.js:13834
recursivelyTraversePassiveMountEffects @ C:\Users\USER\OneDrive\Desktop\PUP\node_modules\react-dom\cjs\react-dom-client.development.js:13815
commitPassiveMountOnFiber @ C:\Users\USER\OneDrive\Desktop\PUP\node_modules\react-dom\cjs\react-dom-client.development.js:13834
recursivelyTraversePassiveMountEffects @ C:\Users\USER\OneDrive\Desktop\PUP\node_modules\react-dom\cjs\react-dom-client.development.js:13815
commitPassiveMountOnFiber @ C:\Users\USER\OneDrive\Desktop\PUP\node_modules\react-dom\cjs\react-dom-client.development.js:13834
recursivelyTraversePassiveMountEffects @ C:\Users\USER\OneDrive\Desktop\PUP\node_modules\react-dom\cjs\react-dom-client.development.js:13815
commitPassiveMountOnFiber @ C:\Users\USER\OneDrive\Desktop\PUP\node_modules\react-dom\cjs\react-dom-client.development.js:13957
recursivelyTraversePassiveMountEffects @ C:\Users\USER\OneDrive\Desktop\PUP\node_modules\react-dom\cjs\react-dom-client.development.js:13815
commitPassiveMountOnFiber @ C:\Users\USER\OneDrive\Desktop\PUP\node_modules\react-dom\cjs\react-dom-client.development.js:13957
recursivelyTraversePassiveMountEffects @ C:\Users\USER\OneDrive\Desktop\PUP\node_modules\react-dom\cjs\react-dom-client.development.js:13815
commitPassiveMountOnFiber @ C:\Users\USER\OneDrive\Desktop\PUP\node_modules\react-dom\cjs\react-dom-client.development.js:13834
recursivelyTraversePassiveMountEffects @ C:\Users\USER\OneDrive\Desktop\PUP\node_modules\react-dom\cjs\react-dom-client.development.js:13815
commitPassiveMountOnFiber @ C:\Users\USER\OneDrive\Desktop\PUP\node_modules\react-dom\cjs\react-dom-client.development.js:13957
recursivelyTraversePassiveMountEffects @ C:\Users\USER\OneDrive\Desktop\PUP\node_modules\react-dom\cjs\react-dom-client.development.js:13815
commitPassiveMountOnFiber @ C:\Users\USER\OneDrive\Desktop\PUP\node_modules\react-dom\cjs\react-dom-client.development.js:13957
recursivelyTraversePassiveMountEffects @ C:\Users\USER\OneDrive\Desktop\PUP\node_modules\react-dom\cjs\react-dom-client.development.js:13815
commitPassiveMountOnFiber @ C:\Users\USER\OneDrive\Desktop\PUP\node_modules\react-dom\cjs\react-dom-client.development.js:13957
recursivelyTraversePassiveMountEffects @ C:\Users\USER\OneDrive\Desktop\PUP\node_modules\react-dom\cjs\react-dom-client.development.js:13815
commitPassiveMountOnFiber @ C:\Users\USER\OneDrive\Desktop\PUP\node_modules\react-dom\cjs\react-dom-client.development.js:13834
recursivelyTraversePassiveMountEffects @ C:\Users\USER\OneDrive\Desktop\PUP\node_modules\react-dom\cjs\react-dom-client.development.js:13815
commitPassiveMountOnFiber @ C:\Users\USER\OneDrive\Desktop\PUP\node_modules\react-dom\cjs\react-dom-client.development.js:13957
recursivelyTraversePassiveMountEffects @ C:\Users\USER\OneDrive\Desktop\PUP\node_modules\react-dom\cjs\react-dom-client.development.js:13815
commitPassiveMountOnFiber @ C:\Users\USER\OneDrive\Desktop\PUP\node_modules\react-dom\cjs\react-dom-client.development.js:13957
recursivelyTraversePassiveMountEffects @ C:\Users\USER\OneDrive\Desktop\PUP\node_modules\react-dom\cjs\react-dom-client.development.js:13815
commitPassiveMountOnFiber @ C:\Users\USER\OneDrive\Desktop\PUP\node_modules\react-dom\cjs\react-dom-client.development.js:13957
recursivelyTraversePassiveMountEffects @ C:\Users\USER\OneDrive\Desktop\PUP\node_modules\react-dom\cjs\react-dom-client.development.js:13815
commitPassiveMountOnFiber @ C:\Users\USER\OneDrive\Desktop\PUP\node_modules\react-dom\cjs\react-dom-client.development.js:13834
recursivelyTraversePassiveMountEffects @ C:\Users\USER\OneDrive\Desktop\PUP\node_modules\react-dom\cjs\react-dom-client.development.js:13815
commitPassiveMountOnFiber @ C:\Users\USER\OneDrive\Desktop\PUP\node_modules\react-dom\cjs\react-dom-client.development.js:13957
recursivelyTraversePassiveMountEffects @ C:\Users\USER\OneDrive\Desktop\PUP\node_modules\react-dom\cjs\react-dom-client.development.js:13815
commitPassiveMountOnFiber @ C:\Users\USER\OneDrive\Desktop\PUP\node_modules\react-dom\cjs\react-dom-client.development.js:13957
recursivelyTraversePassiveMountEffects @ C:\Users\USER\OneDrive\Desktop\PUP\node_modules\react-dom\cjs\react-dom-client.development.js:13815
commitPassiveMountOnFiber @ C:\Users\USER\OneDrive\Desktop\PUP\node_modules\react-dom\cjs\react-dom-client.development.js:13957
recursivelyTraversePassiveMountEffects @ C:\Users\USER\OneDrive\Desktop\PUP\node_modules\react-dom\cjs\react-dom-client.development.js:13815
commitPassiveMountOnFiber @ C:\Users\USER\OneDrive\Desktop\PUP\node_modules\react-dom\cjs\react-dom-client.development.js:13957
recursivelyTraversePassiveMountEffects @ C:\Users\USER\OneDrive\Desktop\PUP\node_modules\react-dom\cjs\react-dom-client.development.js:13815
commitPassiveMountOnFiber @ C:\Users\USER\OneDrive\Desktop\PUP\node_modules\react-dom\cjs\react-dom-client.development.js:13834
recursivelyTraversePassiveMountEffects @ C:\Users\USER\OneDrive\Desktop\PUP\node_modules\react-dom\cjs\react-dom-client.development.js:13815
commitPassiveMountOnFiber @ C:\Users\USER\OneDrive\Desktop\PUP\node_modules\react-dom\cjs\react-dom-client.development.js:13957
recursivelyTraversePassiveMountEffects @ C:\Users\USER\OneDrive\Desktop\PUP\node_modules\react-dom\cjs\react-dom-client.development.js:13815
commitPassiveMountOnFiber @ C:\Users\USER\OneDrive\Desktop\PUP\node_modules\react-dom\cjs\react-dom-client.development.js:13834
recursivelyTraversePassiveMountEffects @ C:\Users\USER\OneDrive\Desktop\PUP\node_modules\react-dom\cjs\react-dom-client.development.js:13815
commitPassiveMountOnFiber @ C:\Users\USER\OneDrive\Desktop\PUP\node_modules\react-dom\cjs\react-dom-client.development.js:13834
recursivelyTraversePassiveMountEffects @ C:\Users\USER\OneDrive\Desktop\PUP\node_modules\react-dom\cjs\react-dom-client.development.js:13815
commitPassiveMountOnFiber @ C:\Users\USER\OneDrive\Desktop\PUP\node_modules\react-dom\cjs\react-dom-client.development.js:13834
recursivelyTraversePassiveMountEffects @ C:\Users\USER\OneDrive\Desktop\PUP\node_modules\react-dom\cjs\react-dom-client.development.js:13815
commitPassiveMountOnFiber @ C:\Users\USER\OneDrive\Desktop\PUP\node_modules\react-dom\cjs\react-dom-client.development.js:13834
recursivelyTraversePassiveMountEffects @ C:\Users\USER\OneDrive\Desktop\PUP\node_modules\react-dom\cjs\react-dom-client.development.js:13815
commitPassiveMountOnFiber @ C:\Users\USER\OneDrive\Desktop\PUP\node_modules\react-dom\cjs\react-dom-client.development.js:13957
recursivelyTraversePassiveMountEffects @ C:\Users\USER\OneDrive\Desktop\PUP\node_modules\react-dom\cjs\react-dom-client.development.js:13815
commitPassiveMountOnFiber @ C:\Users\USER\OneDrive\Desktop\PUP\node_modules\react-dom\cjs\react-dom-client.development.js:13957
recursivelyTraversePassiveMountEffects @ C:\Users\USER\OneDrive\Desktop\PUP\node_modules\react-dom\cjs\react-dom-client.development.js:13815
commitPassiveMountOnFiber @ C:\Users\USER\OneDrive\Desktop\PUP\node_modules\react-dom\cjs\react-dom-client.development.js:13834
recursivelyTraversePassiveMountEffects @ C:\Users\USER\OneDrive\Desktop\PUP\node_modules\react-dom\cjs\react-dom-client.development.js:13815
commitPassiveMountOnFiber @ C:\Users\USER\OneDrive\Desktop\PUP\node_modules\react-dom\cjs\react-dom-client.development.js:13834
recursivelyTraversePassiveMountEffects @ C:\Users\USER\OneDrive\Desktop\PUP\node_modules\react-dom\cjs\react-dom-client.development.js:13815
commitPassiveMountOnFiber @ C:\Users\USER\OneDrive\Desktop\PUP\node_modules\react-dom\cjs\react-dom-client.development.js:13957
recursivelyTraversePassiveMountEffects @ C:\Users\USER\OneDrive\Desktop\PUP\node_modules\react-dom\cjs\react-dom-client.development.js:13815
commitPassiveMountOnFiber @ C:\Users\USER\OneDrive\Desktop\PUP\node_modules\react-dom\cjs\react-dom-client.development.js:13834
recursivelyTraversePassiveMountEffects @ C:\Users\USER\OneDrive\Desktop\PUP\node_modules\react-dom\cjs\react-dom-client.development.js:13815
commitPassiveMountOnFiber @ C:\Users\USER\OneDrive\Desktop\PUP\node_modules\react-dom\cjs\react-dom-client.development.js:13834
recursivelyTraversePassiveMountEffects @ C:\Users\USER\OneDrive\Desktop\PUP\node_modules\react-dom\cjs\react-dom-client.development.js:13815
commitPassiveMountOnFiber @ C:\Users\USER\OneDrive\Desktop\PUP\node_modules\react-dom\cjs\react-dom-client.development.js:13957
recursivelyTraversePassiveMountEffects @ C:\Users\USER\OneDrive\Desktop\PUP\node_modules\react-dom\cjs\react-dom-client.development.js:13815
commitPassiveMountOnFiber @ C:\Users\USER\OneDrive\Desktop\PUP\node_modules\react-dom\cjs\react-dom-client.development.js:13834
recursivelyTraversePassiveMountEffects @ C:\Users\USER\OneDrive\Desktop\PUP\node_modules\react-dom\cjs\react-dom-client.development.js:13815
commitPassiveMountOnFiber @ C:\Users\USER\OneDrive\Desktop\PUP\node_modules\react-dom\cjs\react-dom-client.development.js:13957
recursivelyTraversePassiveMountEffects @ C:\Users\USER\OneDrive\Desktop\PUP\node_modules\react-dom\cjs\react-dom-client.development.js:13815
commitPassiveMountOnFiber @ C:\Users\USER\OneDrive\Desktop\PUP\node_modules\react-dom\cjs\react-dom-client.development.js:13834
recursivelyTraversePassiveMountEffects @ C:\Users\USER\OneDrive\Desktop\PUP\node_modules\react-dom\cjs\react-dom-client.development.js:13815
commitPassiveMountOnFiber @ C:\Users\USER\OneDrive\Desktop\PUP\node_modules\react-dom\cjs\react-dom-client.development.js:13834
recursivelyTraversePassiveMountEffects @ C:\Users\USER\OneDrive\Desktop\PUP\node_modules\react-dom\cjs\react-dom-client.development.js:13815
commitPassiveMountOnFiber @ C:\Users\USER\OneDrive\Desktop\PUP\node_modules\react-dom\cjs\react-dom-client.development.js:13834
recursivelyTraversePassiveMountEffects @ C:\Users\USER\OneDrive\Desktop\PUP\node_modules\react-dom\cjs\react-dom-client.development.js:13815
commitPassiveMountOnFiber @ C:\Users\USER\OneDrive\Desktop\PUP\node_modules\react-dom\cjs\react-dom-client.development.js:13957
recursivelyTraversePassiveMountEffects @ C:\Users\USER\OneDrive\Desktop\PUP\node_modules\react-dom\cjs\react-dom-client.development.js:13815
commitPassiveMountOnFiber @ C:\Users\USER\OneDrive\Desktop\PUP\node_modules\react-dom\cjs\react-dom-client.development.js:13834
recursivelyTraversePassiveMountEffects @ C:\Users\USER\OneDrive\Desktop\PUP\node_modules\react-dom\cjs\react-dom-client.development.js:13815
commitPassiveMountOnFiber @ C:\Users\USER\OneDrive\Desktop\PUP\node_modules\react-dom\cjs\react-dom-client.development.js:13957
recursivelyTraversePassiveMountEffects @ C:\Users\USER\OneDrive\Desktop\PUP\node_modules\react-dom\cjs\react-dom-client.development.js:13815
commitPassiveMountOnFiber @ C:\Users\USER\OneDrive\Desktop\PUP\node_modules\react-dom\cjs\react-dom-client.development.js:13957
recursivelyTraversePassiveMountEffects @ C:\Users\USER\OneDrive\Desktop\PUP\node_modules\react-dom\cjs\react-dom-client.development.js:13815
commitPassiveMountOnFiber @ C:\Users\USER\OneDrive\Desktop\PUP\node_modules\react-dom\cjs\react-dom-client.development.js:13834
recursivelyTraversePassiveMountEffects @ C:\Users\USER\OneDrive\Desktop\PUP\node_modules\react-dom\cjs\react-dom-client.development.js:13815
commitPassiveMountOnFiber @ C:\Users\USER\OneDrive\Desktop\PUP\node_modules\react-dom\cjs\react-dom-client.development.js:13957
recursivelyTraversePassiveMountEffects @ C:\Users\USER\OneDrive\Desktop\PUP\node_modules\react-dom\cjs\react-dom-client.development.js:13815
commitPassiveMountOnFiber @ C:\Users\USER\OneDrive\Desktop\PUP\node_modules\react-dom\cjs\react-dom-client.development.js:13957
recursivelyTraversePassiveMountEffects @ C:\Users\USER\OneDrive\Desktop\PUP\node_modules\react-dom\cjs\react-dom-client.development.js:13815
commitPassiveMountOnFiber @ C:\Users\USER\OneDrive\Desktop\PUP\node_modules\react-dom\cjs\react-dom-client.development.js:13834
recursivelyTraversePassiveMountEffects @ C:\Users\USER\OneDrive\Desktop\PUP\node_modules\react-dom\cjs\react-dom-client.development.js:13815
commitPassiveMountOnFiber @ C:\Users\USER\OneDrive\Desktop\PUP\node_modules\react-dom\cjs\react-dom-client.development.js:13834
recursivelyTraversePassiveMountEffects @ C:\Users\USER\OneDrive\Desktop\PUP\node_modules\react-dom\cjs\react-dom-client.development.js:13815
commitPassiveMountOnFiber @ C:\Users\USER\OneDrive\Desktop\PUP\node_modules\react-dom\cjs\react-dom-client.development.js:13834
recursivelyTraversePassiveMountEffects @ C:\Users\USER\OneDrive\Desktop\PUP\node_modules\react-dom\cjs\react-dom-client.development.js:13815
commitPassiveMountOnFiber @ C:\Users\USER\OneDrive\Desktop\PUP\node_modules\react-dom\cjs\react-dom-client.development.js:13834
recursivelyTraversePassiveMountEffects @ C:\Users\USER\OneDrive\Desktop\PUP\node_modules\react-dom\cjs\react-dom-client.development.js:13815
commitPassiveMountOnFiber @ C:\Users\USER\OneDrive\Desktop\PUP\node_modules\react-dom\cjs\react-dom-client.development.js:13834
recursivelyTraversePassiveMountEffects @ C:\Users\USER\OneDrive\Desktop\PUP\node_modules\react-dom\cjs\react-dom-client.development.js:13815
commitPassiveMountOnFiber @ C:\Users\USER\OneDrive\Desktop\PUP\node_modules\react-dom\cjs\react-dom-client.development.js:13834
recursivelyTraversePassiveMountEffects @ C:\Users\USER\OneDrive\Desktop\PUP\node_modules\react-dom\cjs\react-dom-client.development.js:13815
commitPassiveMountOnFiber @ C:\Users\USER\OneDrive\Desktop\PUP\node_modules\react-dom\cjs\react-dom-client.development.js:13928
recursivelyTraversePassiveMountEffects @ C:\Users\USER\OneDrive\Desktop\PUP\node_modules\react-dom\cjs\react-dom-client.development.js:13815
commitPassiveMountOnFiber @ C:\Users\USER\OneDrive\Desktop\PUP\node_modules\react-dom\cjs\react-dom-client.development.js:13903
recursivelyTraversePassiveMountEffects @ C:\Users\USER\OneDrive\Desktop\PUP\node_modules\react-dom\cjs\react-dom-client.development.js:13815
commitPassiveMountOnFiber @ C:\Users\USER\OneDrive\Desktop\PUP\node_modules\react-dom\cjs\react-dom-client.development.js:13957
recursivelyTraversePassiveMountEffects @ C:\Users\USER\OneDrive\Desktop\PUP\node_modules\react-dom\cjs\react-dom-client.development.js:13815
commitPassiveMountOnFiber @ C:\Users\USER\OneDrive\Desktop\PUP\node_modules\react-dom\cjs\react-dom-client.development.js:13957
recursivelyTraversePassiveMountEffects @ C:\Users\USER\OneDrive\Desktop\PUP\node_modules\react-dom\cjs\react-dom-client.development.js:13815
commitPassiveMountOnFiber @ C:\Users\USER\OneDrive\Desktop\PUP\node_modules\react-dom\cjs\react-dom-client.development.js:13834
recursivelyTraversePassiveMountEffects @ C:\Users\USER\OneDrive\Desktop\PUP\node_modules\react-dom\cjs\react-dom-client.development.js:13815
commitPassiveMountOnFiber @ C:\Users\USER\OneDrive\Desktop\PUP\node_modules\react-dom\cjs\react-dom-client.development.js:13834
recursivelyTraversePassiveMountEffects @ C:\Users\USER\OneDrive\Desktop\PUP\node_modules\react-dom\cjs\react-dom-client.development.js:13815
commitPassiveMountOnFiber @ C:\Users\USER\OneDrive\Desktop\PUP\node_modules\react-dom\cjs\react-dom-client.development.js:13834
recursivelyTraversePassiveMountEffects @ C:\Users\USER\OneDrive\Desktop\PUP\node_modules\react-dom\cjs\react-dom-client.development.js:13815
commitPassiveMountOnFiber @ C:\Users\USER\OneDrive\Desktop\PUP\node_modules\react-dom\cjs\react-dom-client.development.js:13957
recursivelyTraversePassiveMountEffects @ C:\Users\USER\OneDrive\Desktop\PUP\node_modules\react-dom\cjs\react-dom-client.development.js:13815
commitPassiveMountOnFiber @ C:\Users\USER\OneDrive\Desktop\PUP\node_modules\react-dom\cjs\react-dom-client.development.js:13957
recursivelyTraversePassiveMountEffects @ C:\Users\USER\OneDrive\Desktop\PUP\node_modules\react-dom\cjs\react-dom-client.development.js:13815
commitPassiveMountOnFiber @ C:\Users\USER\OneDrive\Desktop\PUP\node_modules\react-dom\cjs\react-dom-client.development.js:13834
recursivelyTraversePassiveMountEffects @ C:\Users\USER\OneDrive\Desktop\PUP\node_modules\react-dom\cjs\react-dom-client.development.js:13815
commitPassiveMountOnFiber @ C:\Users\USER\OneDrive\Desktop\PUP\node_modules\react-dom\cjs\react-dom-client.development.js:13957
recursivelyTraversePassiveMountEffects @ C:\Users\USER\OneDrive\Desktop\PUP\node_modules\react-dom\cjs\react-dom-client.development.js:13815
commitPassiveMountOnFiber @ C:\Users\USER\OneDrive\Desktop\PUP\node_modules\react-dom\cjs\react-dom-client.development.js:13957
recursivelyTraversePassiveMountEffects @ C:\Users\USER\OneDrive\Desktop\PUP\node_modules\react-dom\cjs\react-dom-client.development.js:13815
commitPassiveMountOnFiber @ C:\Users\USER\OneDrive\Desktop\PUP\node_modules\react-dom\cjs\react-dom-client.development.js:13957
recursivelyTraversePassiveMountEffects @ C:\Users\USER\OneDrive\Desktop\PUP\node_modules\react-dom\cjs\react-dom-client.development.js:13815
commitPassiveMountOnFiber @ C:\Users\USER\OneDrive\Desktop\PUP\node_modules\react-dom\cjs\react-dom-client.development.js:13834
recursivelyTraversePassiveMountEffects @ C:\Users\USER\OneDrive\Desktop\PUP\node_modules\react-dom\cjs\react-dom-client.development.js:13815
commitPassiveMountOnFiber @ C:\Users\USER\OneDrive\Desktop\PUP\node_modules\react-dom\cjs\react-dom-client.development.js:13957
recursivelyTraversePassiveMountEffects @ C:\Users\USER\OneDrive\Desktop\PUP\node_modules\react-dom\cjs\react-dom-client.development.js:13815
commitPassiveMountOnFiber @ C:\Users\USER\OneDrive\Desktop\PUP\node_modules\react-dom\cjs\react-dom-client.development.js:13957
recursivelyTraversePassiveMountEffects @ C:\Users\USER\OneDrive\Desktop\PUP\node_modules\react-dom\cjs\react-dom-client.development.js:13815
commitPassiveMountOnFiber @ C:\Users\USER\OneDrive\Desktop\PUP\node_modules\react-dom\cjs\react-dom-client.development.js:13957
recursivelyTraversePassiveMountEffects @ C:\Users\USER\OneDrive\Desktop\PUP\node_modules\react-dom\cjs\react-dom-client.development.js:13815
commitPassiveMountOnFiber @ C:\Users\USER\OneDrive\Desktop\PUP\node_modules\react-dom\cjs\react-dom-client.development.js:13834
recursivelyTraversePassiveMountEffects @ C:\Users\USER\OneDrive\Desktop\PUP\node_modules\react-dom\cjs\react-dom-client.development.js:13815
commitPassiveMountOnFiber @ C:\Users\USER\OneDrive\Desktop\PUP\node_modules\react-dom\cjs\react-dom-client.development.js:13957
recursivelyTraversePassiveMountEffects @ C:\Users\USER\OneDrive\Desktop\PUP\node_modules\react-dom\cjs\react-dom-client.development.js:13815
commitPassiveMountOnFiber @ C:\Users\USER\OneDrive\Desktop\PUP\node_modules\react-dom\cjs\react-dom-client.development.js:13957
recursivelyTraversePassiveMountEffects @ C:\Users\USER\OneDrive\Desktop\PUP\node_modules\react-dom\cjs\react-dom-client.development.js:13815
commitPassiveMountOnFiber @ C:\Users\USER\OneDrive\Desktop\PUP\node_modules\react-dom\cjs\react-dom-client.development.js:13834
recursivelyTraversePassiveMountEffects @ C:\Users\USER\OneDrive\Desktop\PUP\node_modules\react-dom\cjs\react-dom-client.development.js:13815
commitPassiveMountOnFiber @ C:\Users\USER\OneDrive\Desktop\PUP\node_modules\react-dom\cjs\react-dom-client.development.js:13957
recursivelyTraversePassiveMountEffects @ C:\Users\USER\OneDrive\Desktop\PUP\node_modules\react-dom\cjs\react-dom-client.development.js:13815
commitPassiveMountOnFiber @ C:\Users\USER\OneDrive\Desktop\PUP\node_modules\react-dom\cjs\react-dom-client.development.js:13957
recursivelyTraversePassiveMountEffects @ C:\Users\USER\OneDrive\Desktop\PUP\node_modules\react-dom\cjs\react-dom-client.development.js:13815
commitPassiveMountOnFiber @ C:\Users\USER\OneDrive\Desktop\PUP\node_modules\react-dom\cjs\react-dom-client.development.js:13834
recursivelyTraversePassiveMountEffects @ C:\Users\USER\OneDrive\Desktop\PUP\node_modules\react-dom\cjs\react-dom-client.development.js:13815
commitPassiveMountOnFiber @ C:\Users\USER\OneDrive\Desktop\PUP\node_modules\react-dom\cjs\react-dom-client.development.js:13957
recursivelyTraversePassiveMountEffects @ C:\Users\USER\OneDrive\Desktop\PUP\node_modules\react-dom\cjs\react-dom-client.development.js:13815
commitPassiveMountOnFiber @ C:\Users\USER\OneDrive\Desktop\PUP\node_modules\react-dom\cjs\react-dom-client.development.js:13957
recursivelyTraversePassiveMountEffects @ C:\Users\USER\OneDrive\Desktop\PUP\node_modules\react-dom\cjs\react-dom-client.development.js:13815
commitPassiveMountOnFiber @ C:\Users\USER\OneDrive\Desktop\PUP\node_modules\react-dom\cjs\react-dom-client.development.js:13834
recursivelyTraversePassiveMountEffects @ C:\Users\USER\OneDrive\Desktop\PUP\node_modules\react-dom\cjs\react-dom-client.development.js:13815
commitPassiveMountOnFiber @ C:\Users\USER\OneDrive\Desktop\PUP\node_modules\react-dom\cjs\react-dom-client.development.js:13834
recursivelyTraversePassiveMountEffects @ C:\Users\USER\OneDrive\Desktop\PUP\node_modules\react-dom\cjs\react-dom-client.development.js:13815
commitPassiveMountOnFiber @ C:\Users\USER\OneDrive\Desktop\PUP\node_modules\react-dom\cjs\react-dom-client.development.js:13834
recursivelyTraversePassiveMountEffects @ C:\Users\USER\OneDrive\Desktop\PUP\node_modules\react-dom\cjs\react-dom-client.development.js:13815
commitPassiveMountOnFiber @ C:\Users\USER\OneDrive\Desktop\PUP\node_modules\react-dom\cjs\react-dom-client.development.js:13834
recursivelyTraversePassiveMountEffects @ C:\Users\USER\OneDrive\Desktop\PUP\node_modules\react-dom\cjs\react-dom-client.development.js:13815
commitPassiveMountOnFiber @ C:\Users\USER\OneDrive\Desktop\PUP\node_modules\react-dom\cjs\react-dom-client.development.js:13957
recursivelyTraversePassiveMountEffects @ C:\Users\USER\OneDrive\Desktop\PUP\node_modules\react-dom\cjs\react-dom-client.development.js:13815
commitPassiveMountOnFiber @ C:\Users\USER\OneDrive\Desktop\PUP\node_modules\react-dom\cjs\react-dom-client.development.js:13834
recursivelyTraversePassiveMountEffects @ C:\Users\USER\OneDrive\Desktop\PUP\node_modules\react-dom\cjs\react-dom-client.development.js:13815
commitPassiveMountOnFiber @ C:\Users\USER\OneDrive\Desktop\PUP\node_modules\react-dom\cjs\react-dom-client.development.js:13834
recursivelyTraversePassiveMountEffects @ C:\Users\USER\OneDrive\Desktop\PUP\node_modules\react-dom\cjs\react-dom-client.development.js:13815
commitPassiveMountOnFiber @ C:\Users\USER\OneDrive\Desktop\PUP\node_modules\react-dom\cjs\react-dom-client.development.js:13928
recursivelyTraversePassiveMountEffects @ C:\Users\USER\OneDrive\Desktop\PUP\node_modules\react-dom\cjs\react-dom-client.development.js:13815
commitPassiveMountOnFiber @ C:\Users\USER\OneDrive\Desktop\PUP\node_modules\react-dom\cjs\react-dom-client.development.js:13903
recursivelyTraversePassiveMountEffects @ C:\Users\USER\OneDrive\Desktop\PUP\node_modules\react-dom\cjs\react-dom-client.development.js:13815
commitPassiveMountOnFiber @ C:\Users\USER\OneDrive\Desktop\PUP\node_modules\react-dom\cjs\react-dom-client.development.js:13957
recursivelyTraversePassiveMountEffects @ C:\Users\USER\OneDrive\Desktop\PUP\node_modules\react-dom\cjs\react-dom-client.development.js:13815
commitPassiveMountOnFiber @ C:\Users\USER\OneDrive\Desktop\PUP\node_modules\react-dom\cjs\react-dom-client.development.js:13957
recursivelyTraversePassiveMountEffects @ C:\Users\USER\OneDrive\Desktop\PUP\node_modules\react-dom\cjs\react-dom-client.development.js:13815
commitPassiveMountOnFiber @ C:\Users\USER\OneDrive\Desktop\PUP\node_modules\react-dom\cjs\react-dom-client.development.js:13834
recursivelyTraversePassiveMountEffects @ C:\Users\USER\OneDrive\Desktop\PUP\node_modules\react-dom\cjs\react-dom-client.development.js:13815
commitPassiveMountOnFiber @ C:\Users\USER\OneDrive\Desktop\PUP\node_modules\react-dom\cjs\react-dom-client.development.js:13834
recursivelyTraversePassiveMountEffects @ C:\Users\USER\OneDrive\Desktop\PUP\node_modules\react-dom\cjs\react-dom-client.development.js:13815
commitPassiveMountOnFiber @ C:\Users\USER\OneDrive\Desktop\PUP\node_modules\react-dom\cjs\react-dom-client.development.js:13834
recursivelyTraversePassiveMountEffects @ C:\Users\USER\OneDrive\Desktop\PUP\node_modules\react-dom\cjs\react-dom-client.development.js:13815
<CollectionsScreen(./(tabs)/collections.tsx)>
exports.jsxDEV @ C:\Users\USER\OneDrive\Desktop\PUP\node_modules\react\cjs\react-jsx-dev-runtime.development.js:346
BaseRoute @ C:\Users\USER\OneDrive\Desktop\PUP\node_modules\expo-router\build\useScreens.js:213
react-stack-bottom-frame @ C:\Users\USER\OneDrive\Desktop\PUP\node_modules\react-dom\cjs\react-dom-client.development.js:23863
renderWithHooks @ C:\Users\USER\OneDrive\Desktop\PUP\node_modules\react-dom\cjs\react-dom-client.development.js:5529
updateFunctionComponent @ C:\Users\USER\OneDrive\Desktop\PUP\node_modules\react-dom\cjs\react-dom-client.development.js:8897
beginWork @ C:\Users\USER\OneDrive\Desktop\PUP\node_modules\react-dom\cjs\react-dom-client.development.js:10522
runWithFiberInDEV @ C:\Users\USER\OneDrive\Desktop\PUP\node_modules\react-dom\cjs\react-dom-client.development.js:1519
performUnitOfWork @ C:\Users\USER\OneDrive\Desktop\PUP\node_modules\react-dom\cjs\react-dom-client.development.js:15132
workLoopSync @ C:\Users\USER\OneDrive\Desktop\PUP\node_modules\react-dom\cjs\react-dom-client.development.js:14956
renderRootSync @ C:\Users\USER\OneDrive\Desktop\PUP\node_modules\react-dom\cjs\react-dom-client.development.js:14936
performWorkOnRoot @ C:\Users\USER\OneDrive\Desktop\PUP\node_modules\react-dom\cjs\react-dom-client.development.js:14419
performSyncWorkOnRoot @ C:\Users\USER\OneDrive\Desktop\PUP\node_modules\react-dom\cjs\react-dom-client.development.js:16231
flushSyncWorkAcrossRoots_impl @ C:\Users\USER\OneDrive\Desktop\PUP\node_modules\react-dom\cjs\react-dom-client.development.js:16079
processRootScheduleInMicrotask @ C:\Users\USER\OneDrive\Desktop\PUP\node_modules\react-dom\cjs\react-dom-client.development.js:16116
(anonymous) @ C:\Users\USER\OneDrive\Desktop\PUP\node_modules\react-dom\cjs\react-dom-client.development.js:16250
<Route(collections)>
exports.jsx @ C:\Users\USER\OneDrive\Desktop\PUP\node_modules\react\cjs\react-jsx-runtime.development.js:339
SceneView @ C:\Users\USER\OneDrive\Desktop\PUP\node_modules\@react-navigation\core\lib\module\SceneView.js:125
react-stack-bottom-frame @ C:\Users\USER\OneDrive\Desktop\PUP\node_modules\react-dom\cjs\react-dom-client.development.js:23863
renderWithHooks @ C:\Users\USER\OneDrive\Desktop\PUP\node_modules\react-dom\cjs\react-dom-client.development.js:5529
updateFunctionComponent @ C:\Users\USER\OneDrive\Desktop\PUP\node_modules\react-dom\cjs\react-dom-client.development.js:8897
beginWork @ C:\Users\USER\OneDrive\Desktop\PUP\node_modules\react-dom\cjs\react-dom-client.development.js:10522
runWithFiberInDEV @ C:\Users\USER\OneDrive\Desktop\PUP\node_modules\react-dom\cjs\react-dom-client.development.js:1519
performUnitOfWork @ C:\Users\USER\OneDrive\Desktop\PUP\node_modules\react-dom\cjs\react-dom-client.development.js:15132
workLoopSync @ C:\Users\USER\OneDrive\Desktop\PUP\node_modules\react-dom\cjs\react-dom-client.development.js:14956
renderRootSync @ C:\Users\USER\OneDrive\Desktop\PUP\node_modules\react-dom\cjs\react-dom-client.development.js:14936
performWorkOnRoot @ C:\Users\USER\OneDrive\Desktop\PUP\node_modules\react-dom\cjs\react-dom-client.development.js:14419
performSyncWorkOnRoot @ C:\Users\USER\OneDrive\Desktop\PUP\node_modules\react-dom\cjs\react-dom-client.development.js:16231
flushSyncWorkAcrossRoots_impl @ C:\Users\USER\OneDrive\Desktop\PUP\node_modules\react-dom\cjs\react-dom-client.development.js:16079
processRootScheduleInMicrotask @ C:\Users\USER\OneDrive\Desktop\PUP\node_modules\react-dom\cjs\react-dom-client.development.js:16116
(anonymous) @ C:\Users\USER\OneDrive\Desktop\PUP\node_modules\react-dom\cjs\react-dom-client.development.js:16250
<SceneView>
exports.jsx @ C:\Users\USER\OneDrive\Desktop\PUP\node_modules\react\cjs\react-jsx-runtime.development.js:339
render @ C:\Users\USER\OneDrive\Desktop\PUP\node_modules\@react-navigation\core\lib\module\useDescriptors.js:108
(anonymous) @ C:\Users\USER\OneDrive\Desktop\PUP\node_modules\@react-navigation\core\lib\module\useDescriptors.js:140
useDescriptors @ C:\Users\USER\OneDrive\Desktop\PUP\node_modules\@react-navigation\core\lib\module\useDescriptors.js:137
useNavigationBuilder @ C:\Users\USER\OneDrive\Desktop\PUP\node_modules\@react-navigation\core\lib\module\useNavigationBuilder.js:562
BottomTabNavigator @ C:\Users\USER\OneDrive\Desktop\PUP\node_modules\@react-navigation\bottom-tabs\lib\module\navigators\createBottomTabNavigator.js:24
react-stack-bottom-frame @ C:\Users\USER\OneDrive\Desktop\PUP\node_modules\react-dom\cjs\react-dom-client.development.js:23863
renderWithHooks @ C:\Users\USER\OneDrive\Desktop\PUP\node_modules\react-dom\cjs\react-dom-client.development.js:5529
updateFunctionComponent @ C:\Users\USER\OneDrive\Desktop\PUP\node_modules\react-dom\cjs\react-dom-client.development.js:8897
beginWork @ C:\Users\USER\OneDrive\Desktop\PUP\node_modules\react-dom\cjs\react-dom-client.development.js:10522
runWithFiberInDEV @ C:\Users\USER\OneDrive\Desktop\PUP\node_modules\react-dom\cjs\react-dom-client.development.js:1519
performUnitOfWork @ C:\Users\USER\OneDrive\Desktop\PUP\node_modules\react-dom\cjs\react-dom-client.development.js:15132
workLoopSync @ C:\Users\USER\OneDrive\Desktop\PUP\node_modules\react-dom\cjs\react-dom-client.development.js:14956
renderRootSync @ C:\Users\USER\OneDrive\Desktop\PUP\node_modules\react-dom\cjs\react-dom-client.development.js:14936
performWorkOnRoot @ C:\Users\USER\OneDrive\Desktop\PUP\node_modules\react-dom\cjs\react-dom-client.development.js:14419
performSyncWorkOnRoot @ C:\Users\USER\OneDrive\Desktop\PUP\node_modules\react-dom\cjs\react-dom-client.development.js:16231
flushSyncWorkAcrossRoots_impl @ C:\Users\USER\OneDrive\Desktop\PUP\node_modules\react-dom\cjs\react-dom-client.development.js:16079
processRootScheduleInMicrotask @ C:\Users\USER\OneDrive\Desktop\PUP\node_modules\react-dom\cjs\react-dom-client.development.js:16116
(anonymous) @ C:\Users\USER\OneDrive\Desktop\PUP\node_modules\react-dom\cjs\react-dom-client.development.js:16250
C:\Users\USER\OneDrive\Desktop\PUP\node_modules\@expo\metro-runtime\src\error-overlay\LogBox.web.ts:134 [REST] queryCollection error response: 404 [{
  "error": {
    "code": 404,
    "message": "The database (default) does not exist for project lasangpinoy-mobile Please visit https://console.cloud.google.com/datastore/setup?project=lasangpinoy-mobile to add a Cloud Datastore or Cloud Firestore database. ",
    "status": "NOT_FOUND"
  }
}
]
registerError @ C:\Users\USER\OneDrive\Desktop\PUP\node_modules\@expo\metro-runtime\src\error-overlay\LogBox.web.ts:134
console.error @ C:\Users\USER\OneDrive\Desktop\PUP\node_modules\@expo\metro-runtime\src\error-overlay\LogBox.web.ts:59
queryCollection @ C:\Users\USER\OneDrive\Desktop\PUP\lib\firestore-rest.ts:285
await in queryCollection
getCollections @ C:\Users\USER\OneDrive\Desktop\PUP\lib\firebase.ts:1496
fetchCollections @ C:\Users\USER\OneDrive\Desktop\PUP\app\(tabs)\collections.tsx:60
(anonymous) @ C:\Users\USER\OneDrive\Desktop\PUP\app\(tabs)\collections.tsx:48
callback @ C:\Users\USER\OneDrive\Desktop\PUP\node_modules\expo-router\build\useFocusEffect.js:98
(anonymous) @ C:\Users\USER\OneDrive\Desktop\PUP\node_modules\expo-router\build\useFocusEffect.js:133
react-stack-bottom-frame @ C:\Users\USER\OneDrive\Desktop\PUP\node_modules\react-dom\cjs\react-dom-client.development.js:23949
runWithFiberInDEV @ C:\Users\USER\OneDrive\Desktop\PUP\node_modules\react-dom\cjs\react-dom-client.development.js:1519
commitHookEffectListMount @ C:\Users\USER\OneDrive\Desktop\PUP\node_modules\react-dom\cjs\react-dom-client.development.js:11905
commitHookPassiveMountEffects @ C:\Users\USER\OneDrive\Desktop\PUP\node_modules\react-dom\cjs\react-dom-client.development.js:12026
commitPassiveMountOnFiber @ C:\Users\USER\OneDrive\Desktop\PUP\node_modules\react-dom\cjs\react-dom-client.development.js:13841
recursivelyTraversePassiveMountEffects @ C:\Users\USER\OneDrive\Desktop\PUP\node_modules\react-dom\cjs\react-dom-client.development.js:13815
commitPassiveMountOnFiber @ C:\Users\USER\OneDrive\Desktop\PUP\node_modules\react-dom\cjs\react-dom-client.development.js:13928
recursivelyTraversePassiveMountEffects @ C:\Users\USER\OneDrive\Desktop\PUP\node_modules\react-dom\cjs\react-dom-client.development.js:13815
commitPassiveMountOnFiber @ C:\Users\USER\OneDrive\Desktop\PUP\node_modules\react-dom\cjs\react-dom-client.development.js:13903
recursivelyTraversePassiveMountEffects @ C:\Users\USER\OneDrive\Desktop\PUP\node_modules\react-dom\cjs\react-dom-client.development.js:13815
commitPassiveMountOnFiber @ C:\Users\USER\OneDrive\Desktop\PUP\node_modules\react-dom\cjs\react-dom-client.development.js:13957
recursivelyTraversePassiveMountEffects @ C:\Users\USER\OneDrive\Desktop\PUP\node_modules\react-dom\cjs\react-dom-client.development.js:13815
commitPassiveMountOnFiber @ C:\Users\USER\OneDrive\Desktop\PUP\node_modules\react-dom\cjs\react-dom-client.development.js:13957
recursivelyTraversePassiveMountEffects @ C:\Users\USER\OneDrive\Desktop\PUP\node_modules\react-dom\cjs\react-dom-client.development.js:13815
commitPassiveMountOnFiber @ C:\Users\USER\OneDrive\Desktop\PUP\node_modules\react-dom\cjs\react-dom-client.development.js:13834
recursivelyTraversePassiveMountEffects @ C:\Users\USER\OneDrive\Desktop\PUP\node_modules\react-dom\cjs\react-dom-client.development.js:13815
commitPassiveMountOnFiber @ C:\Users\USER\OneDrive\Desktop\PUP\node_modules\react-dom\cjs\react-dom-client.development.js:13834
recursivelyTraversePassiveMountEffects @ C:\Users\USER\OneDrive\Desktop\PUP\node_modules\react-dom\cjs\react-dom-client.development.js:13815
commitPassiveMountOnFiber @ C:\Users\USER\OneDrive\Desktop\PUP\node_modules\react-dom\cjs\react-dom-client.development.js:13834
recursivelyTraversePassiveMountEffects @ C:\Users\USER\OneDrive\Desktop\PUP\node_modules\react-dom\cjs\react-dom-client.development.js:13815
commitPassiveMountOnFiber @ C:\Users\USER\OneDrive\Desktop\PUP\node_modules\react-dom\cjs\react-dom-client.development.js:13957
recursivelyTraversePassiveMountEffects @ C:\Users\USER\OneDrive\Desktop\PUP\node_modules\react-dom\cjs\react-dom-client.development.js:13815
commitPassiveMountOnFiber @ C:\Users\USER\OneDrive\Desktop\PUP\node_modules\react-dom\cjs\react-dom-client.development.js:13957
recursivelyTraversePassiveMountEffects @ C:\Users\USER\OneDrive\Desktop\PUP\node_modules\react-dom\cjs\react-dom-client.development.js:13815
commitPassiveMountOnFiber @ C:\Users\USER\OneDrive\Desktop\PUP\node_modules\react-dom\cjs\react-dom-client.development.js:13834
recursivelyTraversePassiveMountEffects @ C:\Users\USER\OneDrive\Desktop\PUP\node_modules\react-dom\cjs\react-dom-client.development.js:13815
commitPassiveMountOnFiber @ C:\Users\USER\OneDrive\Desktop\PUP\node_modules\react-dom\cjs\react-dom-client.development.js:13957
recursivelyTraversePassiveMountEffects @ C:\Users\USER\OneDrive\Desktop\PUP\node_modules\react-dom\cjs\react-dom-client.development.js:13815
commitPassiveMountOnFiber @ C:\Users\USER\OneDrive\Desktop\PUP\node_modules\react-dom\cjs\react-dom-client.development.js:13957
recursivelyTraversePassiveMountEffects @ C:\Users\USER\OneDrive\Desktop\PUP\node_modules\react-dom\cjs\react-dom-client.development.js:13815
commitPassiveMountOnFiber @ C:\Users\USER\OneDrive\Desktop\PUP\node_modules\react-dom\cjs\react-dom-client.development.js:13957
recursivelyTraversePassiveMountEffects @ C:\Users\USER\OneDrive\Desktop\PUP\node_modules\react-dom\cjs\react-dom-client.development.js:13815
commitPassiveMountOnFiber @ C:\Users\USER\OneDrive\Desktop\PUP\node_modules\react-dom\cjs\react-dom-client.development.js:13834
recursivelyTraversePassiveMountEffects @ C:\Users\USER\OneDrive\Desktop\PUP\node_modules\react-dom\cjs\react-dom-client.development.js:13815
commitPassiveMountOnFiber @ C:\Users\USER\OneDrive\Desktop\PUP\node_modules\react-dom\cjs\react-dom-client.development.js:13957
recursivelyTraversePassiveMountEffects @ C:\Users\USER\OneDrive\Desktop\PUP\node_modules\react-dom\cjs\react-dom-client.development.js:13815
commitPassiveMountOnFiber @ C:\Users\USER\OneDrive\Desktop\PUP\node_modules\react-dom\cjs\react-dom-client.development.js:13957
recursivelyTraversePassiveMountEffects @ C:\Users\USER\OneDrive\Desktop\PUP\node_modules\react-dom\cjs\react-dom-client.development.js:13815
commitPassiveMountOnFiber @ C:\Users\USER\OneDrive\Desktop\PUP\node_modules\react-dom\cjs\react-dom-client.development.js:13957
recursivelyTraversePassiveMountEffects @ C:\Users\USER\OneDrive\Desktop\PUP\node_modules\react-dom\cjs\react-dom-client.development.js:13815
commitPassiveMountOnFiber @ C:\Users\USER\OneDrive\Desktop\PUP\node_modules\react-dom\cjs\react-dom-client.development.js:13834
recursivelyTraversePassiveMountEffects @ C:\Users\USER\OneDrive\Desktop\PUP\node_modules\react-dom\cjs\react-dom-client.development.js:13815
commitPassiveMountOnFiber @ C:\Users\USER\OneDrive\Desktop\PUP\node_modules\react-dom\cjs\react-dom-client.development.js:13957
recursivelyTraversePassiveMountEffects @ C:\Users\USER\OneDrive\Desktop\PUP\node_modules\react-dom\cjs\react-dom-client.development.js:13815
commitPassiveMountOnFiber @ C:\Users\USER\OneDrive\Desktop\PUP\node_modules\react-dom\cjs\react-dom-client.development.js:13957
recursivelyTraversePassiveMountEffects @ C:\Users\USER\OneDrive\Desktop\PUP\node_modules\react-dom\cjs\react-dom-client.development.js:13815
commitPassiveMountOnFiber @ C:\Users\USER\OneDrive\Desktop\PUP\node_modules\react-dom\cjs\react-dom-client.development.js:13957
recursivelyTraversePassiveMountEffects @ C:\Users\USER\OneDrive\Desktop\PUP\node_modules\react-dom\cjs\react-dom-client.development.js:13815
commitPassiveMountOnFiber @ C:\Users\USER\OneDrive\Desktop\PUP\node_modules\react-dom\cjs\react-dom-client.development.js:13957
recursivelyTraversePassiveMountEffects @ C:\Users\USER\OneDrive\Desktop\PUP\node_modules\react-dom\cjs\react-dom-client.development.js:13815
commitPassiveMountOnFiber @ C:\Users\USER\OneDrive\Desktop\PUP\node_modules\react-dom\cjs\react-dom-client.development.js:13834
recursivelyTraversePassiveMountEffects @ C:\Users\USER\OneDrive\Desktop\PUP\node_modules\react-dom\cjs\react-dom-client.development.js:13815
commitPassiveMountOnFiber @ C:\Users\USER\OneDrive\Desktop\PUP\node_modules\react-dom\cjs\react-dom-client.development.js:13957
recursivelyTraversePassiveMountEffects @ C:\Users\USER\OneDrive\Desktop\PUP\node_modules\react-dom\cjs\react-dom-client.development.js:13815
commitPassiveMountOnFiber @ C:\Users\USER\OneDrive\Desktop\PUP\node_modules\react-dom\cjs\react-dom-client.development.js:13834
recursivelyTraversePassiveMountEffects @ C:\Users\USER\OneDrive\Desktop\PUP\node_modules\react-dom\cjs\react-dom-client.development.js:13815
commitPassiveMountOnFiber @ C:\Users\USER\OneDrive\Desktop\PUP\node_modules\react-dom\cjs\react-dom-client.development.js:13834
recursivelyTraversePassiveMountEffects @ C:\Users\USER\OneDrive\Desktop\PUP\node_modules\react-dom\cjs\react-dom-client.development.js:13815
commitPassiveMountOnFiber @ C:\Users\USER\OneDrive\Desktop\PUP\node_modules\react-dom\cjs\react-dom-client.development.js:13834
recursivelyTraversePassiveMountEffects @ C:\Users\USER\OneDrive\Desktop\PUP\node_modules\react-dom\cjs\react-dom-client.development.js:13815
commitPassiveMountOnFiber @ C:\Users\USER\OneDrive\Desktop\PUP\node_modules\react-dom\cjs\react-dom-client.development.js:13834
recursivelyTraversePassiveMountEffects @ C:\Users\USER\OneDrive\Desktop\PUP\node_modules\react-dom\cjs\react-dom-client.development.js:13815
commitPassiveMountOnFiber @ C:\Users\USER\OneDrive\Desktop\PUP\node_modules\react-dom\cjs\react-dom-client.development.js:13957
recursivelyTraversePassiveMountEffects @ C:\Users\USER\OneDrive\Desktop\PUP\node_modules\react-dom\cjs\react-dom-client.development.js:13815
commitPassiveMountOnFiber @ C:\Users\USER\OneDrive\Desktop\PUP\node_modules\react-dom\cjs\react-dom-client.development.js:13957
recursivelyTraversePassiveMountEffects @ C:\Users\USER\OneDrive\Desktop\PUP\node_modules\react-dom\cjs\react-dom-client.development.js:13815
commitPassiveMountOnFiber @ C:\Users\USER\OneDrive\Desktop\PUP\node_modules\react-dom\cjs\react-dom-client.development.js:13834
recursivelyTraversePassiveMountEffects @ C:\Users\USER\OneDrive\Desktop\PUP\node_modules\react-dom\cjs\react-dom-client.development.js:13815
commitPassiveMountOnFiber @ C:\Users\USER\OneDrive\Desktop\PUP\node_modules\react-dom\cjs\react-dom-client.development.js:13834
recursivelyTraversePassiveMountEffects @ C:\Users\USER\OneDrive\Desktop\PUP\node_modules\react-dom\cjs\react-dom-client.development.js:13815
commitPassiveMountOnFiber @ C:\Users\USER\OneDrive\Desktop\PUP\node_modules\react-dom\cjs\react-dom-client.development.js:13957
recursivelyTraversePassiveMountEffects @ C:\Users\USER\OneDrive\Desktop\PUP\node_modules\react-dom\cjs\react-dom-client.development.js:13815
commitPassiveMountOnFiber @ C:\Users\USER\OneDrive\Desktop\PUP\node_modules\react-dom\cjs\react-dom-client.development.js:13834
recursivelyTraversePassiveMountEffects @ C:\Users\USER\OneDrive\Desktop\PUP\node_modules\react-dom\cjs\react-dom-client.development.js:13815
commitPassiveMountOnFiber @ C:\Users\USER\OneDrive\Desktop\PUP\node_modules\react-dom\cjs\react-dom-client.development.js:13834
recursivelyTraversePassiveMountEffects @ C:\Users\USER\OneDrive\Desktop\PUP\node_modules\react-dom\cjs\react-dom-client.development.js:13815
commitPassiveMountOnFiber @ C:\Users\USER\OneDrive\Desktop\PUP\node_modules\react-dom\cjs\react-dom-client.development.js:13957
recursivelyTraversePassiveMountEffects @ C:\Users\USER\OneDrive\Desktop\PUP\node_modules\react-dom\cjs\react-dom-client.development.js:13815
commitPassiveMountOnFiber @ C:\Users\USER\OneDrive\Desktop\PUP\node_modules\react-dom\cjs\react-dom-client.development.js:13834
recursivelyTraversePassiveMountEffects @ C:\Users\USER\OneDrive\Desktop\PUP\node_modules\react-dom\cjs\react-dom-client.development.js:13815
commitPassiveMountOnFiber @ C:\Users\USER\OneDrive\Desktop\PUP\node_modules\react-dom\cjs\react-dom-client.development.js:13957
recursivelyTraversePassiveMountEffects @ C:\Users\USER\OneDrive\Desktop\PUP\node_modules\react-dom\cjs\react-dom-client.development.js:13815
commitPassiveMountOnFiber @ C:\Users\USER\OneDrive\Desktop\PUP\node_modules\react-dom\cjs\react-dom-client.development.js:13834
recursivelyTraversePassiveMountEffects @ C:\Users\USER\OneDrive\Desktop\PUP\node_modules\react-dom\cjs\react-dom-client.development.js:13815
commitPassiveMountOnFiber @ C:\Users\USER\OneDrive\Desktop\PUP\node_modules\react-dom\cjs\react-dom-client.development.js:13834
recursivelyTraversePassiveMountEffects @ C:\Users\USER\OneDrive\Desktop\PUP\node_modules\react-dom\cjs\react-dom-client.development.js:13815
commitPassiveMountOnFiber @ C:\Users\USER\OneDrive\Desktop\PUP\node_modules\react-dom\cjs\react-dom-client.development.js:13834
recursivelyTraversePassiveMountEffects @ C:\Users\USER\OneDrive\Desktop\PUP\node_modules\react-dom\cjs\react-dom-client.development.js:13815
commitPassiveMountOnFiber @ C:\Users\USER\OneDrive\Desktop\PUP\node_modules\react-dom\cjs\react-dom-client.development.js:13957
recursivelyTraversePassiveMountEffects @ C:\Users\USER\OneDrive\Desktop\PUP\node_modules\react-dom\cjs\react-dom-client.development.js:13815
commitPassiveMountOnFiber @ C:\Users\USER\OneDrive\Desktop\PUP\node_modules\react-dom\cjs\react-dom-client.development.js:13834
recursivelyTraversePassiveMountEffects @ C:\Users\USER\OneDrive\Desktop\PUP\node_modules\react-dom\cjs\react-dom-client.development.js:13815
commitPassiveMountOnFiber @ C:\Users\USER\OneDrive\Desktop\PUP\node_modules\react-dom\cjs\react-dom-client.development.js:13957
recursivelyTraversePassiveMountEffects @ C:\Users\USER\OneDrive\Desktop\PUP\node_modules\react-dom\cjs\react-dom-client.development.js:13815
commitPassiveMountOnFiber @ C:\Users\USER\OneDrive\Desktop\PUP\node_modules\react-dom\cjs\react-dom-client.development.js:13957
recursivelyTraversePassiveMountEffects @ C:\Users\USER\OneDrive\Desktop\PUP\node_modules\react-dom\cjs\react-dom-client.development.js:13815
commitPassiveMountOnFiber @ C:\Users\USER\OneDrive\Desktop\PUP\node_modules\react-dom\cjs\react-dom-client.development.js:13834
recursivelyTraversePassiveMountEffects @ C:\Users\USER\OneDrive\Desktop\PUP\node_modules\react-dom\cjs\react-dom-client.development.js:13815
commitPassiveMountOnFiber @ C:\Users\USER\OneDrive\Desktop\PUP\node_modules\react-dom\cjs\react-dom-client.development.js:13957
recursivelyTraversePassiveMountEffects @ C:\Users\USER\OneDrive\Desktop\PUP\node_modules\react-dom\cjs\react-dom-client.development.js:13815
commitPassiveMountOnFiber @ C:\Users\USER\OneDrive\Desktop\PUP\node_modules\react-dom\cjs\react-dom-client.development.js:13957
recursivelyTraversePassiveMountEffects @ C:\Users\USER\OneDrive\Desktop\PUP\node_modules\react-dom\cjs\react-dom-client.development.js:13815
commitPassiveMountOnFiber @ C:\Users\USER\OneDrive\Desktop\PUP\node_modules\react-dom\cjs\react-dom-client.development.js:13834
recursivelyTraversePassiveMountEffects @ C:\Users\USER\OneDrive\Desktop\PUP\node_modules\react-dom\cjs\react-dom-client.development.js:13815
commitPassiveMountOnFiber @ C:\Users\USER\OneDrive\Desktop\PUP\node_modules\react-dom\cjs\react-dom-client.development.js:13834
recursivelyTraversePassiveMountEffects @ C:\Users\USER\OneDrive\Desktop\PUP\node_modules\react-dom\cjs\react-dom-client.development.js:13815
commitPassiveMountOnFiber @ C:\Users\USER\OneDrive\Desktop\PUP\node_modules\react-dom\cjs\react-dom-client.development.js:13834
recursivelyTraversePassiveMountEffects @ C:\Users\USER\OneDrive\Desktop\PUP\node_modules\react-dom\cjs\react-dom-client.development.js:13815
commitPassiveMountOnFiber @ C:\Users\USER\OneDrive\Desktop\PUP\node_modules\react-dom\cjs\react-dom-client.development.js:13834
recursivelyTraversePassiveMountEffects @ C:\Users\USER\OneDrive\Desktop\PUP\node_modules\react-dom\cjs\react-dom-client.development.js:13815
commitPassiveMountOnFiber @ C:\Users\USER\OneDrive\Desktop\PUP\node_modules\react-dom\cjs\react-dom-client.development.js:13834
recursivelyTraversePassiveMountEffects @ C:\Users\USER\OneDrive\Desktop\PUP\node_modules\react-dom\cjs\react-dom-client.development.js:13815
commitPassiveMountOnFiber @ C:\Users\USER\OneDrive\Desktop\PUP\node_modules\react-dom\cjs\react-dom-client.development.js:13834
recursivelyTraversePassiveMountEffects @ C:\Users\USER\OneDrive\Desktop\PUP\node_modules\react-dom\cjs\react-dom-client.development.js:13815
commitPassiveMountOnFiber @ C:\Users\USER\OneDrive\Desktop\PUP\node_modules\react-dom\cjs\react-dom-client.development.js:13928
recursivelyTraversePassiveMountEffects @ C:\Users\USER\OneDrive\Desktop\PUP\node_modules\react-dom\cjs\react-dom-client.development.js:13815
commitPassiveMountOnFiber @ C:\Users\USER\OneDrive\Desktop\PUP\node_modules\react-dom\cjs\react-dom-client.development.js:13903
recursivelyTraversePassiveMountEffects @ C:\Users\USER\OneDrive\Desktop\PUP\node_modules\react-dom\cjs\react-dom-client.development.js:13815
commitPassiveMountOnFiber @ C:\Users\USER\OneDrive\Desktop\PUP\node_modules\react-dom\cjs\react-dom-client.development.js:13957
recursivelyTraversePassiveMountEffects @ C:\Users\USER\OneDrive\Desktop\PUP\node_modules\react-dom\cjs\react-dom-client.development.js:13815
commitPassiveMountOnFiber @ C:\Users\USER\OneDrive\Desktop\PUP\node_modules\react-dom\cjs\react-dom-client.development.js:13957
recursivelyTraversePassiveMountEffects @ C:\Users\USER\OneDrive\Desktop\PUP\node_modules\react-dom\cjs\react-dom-client.development.js:13815
commitPassiveMountOnFiber @ C:\Users\USER\OneDrive\Desktop\PUP\node_modules\react-dom\cjs\react-dom-client.development.js:13834
recursivelyTraversePassiveMountEffects @ C:\Users\USER\OneDrive\Desktop\PUP\node_modules\react-dom\cjs\react-dom-client.development.js:13815
commitPassiveMountOnFiber @ C:\Users\USER\OneDrive\Desktop\PUP\node_modules\react-dom\cjs\react-dom-client.development.js:13834
recursivelyTraversePassiveMountEffects @ C:\Users\USER\OneDrive\Desktop\PUP\node_modules\react-dom\cjs\react-dom-client.development.js:13815
commitPassiveMountOnFiber @ C:\Users\USER\OneDrive\Desktop\PUP\node_modules\react-dom\cjs\react-dom-client.development.js:13834
recursivelyTraversePassiveMountEffects @ C:\Users\USER\OneDrive\Desktop\PUP\node_modules\react-dom\cjs\react-dom-client.development.js:13815
commitPassiveMountOnFiber @ C:\Users\USER\OneDrive\Desktop\PUP\node_modules\react-dom\cjs\react-dom-client.development.js:13957
recursivelyTraversePassiveMountEffects @ C:\Users\USER\OneDrive\Desktop\PUP\node_modules\react-dom\cjs\react-dom-client.development.js:13815
commitPassiveMountOnFiber @ C:\Users\USER\OneDrive\Desktop\PUP\node_modules\react-dom\cjs\react-dom-client.development.js:13957
recursivelyTraversePassiveMountEffects @ C:\Users\USER\OneDrive\Desktop\PUP\node_modules\react-dom\cjs\react-dom-client.development.js:13815
commitPassiveMountOnFiber @ C:\Users\USER\OneDrive\Desktop\PUP\node_modules\react-dom\cjs\react-dom-client.development.js:13834
recursivelyTraversePassiveMountEffects @ C:\Users\USER\OneDrive\Desktop\PUP\node_modules\react-dom\cjs\react-dom-client.development.js:13815
commitPassiveMountOnFiber @ C:\Users\USER\OneDrive\Desktop\PUP\node_modules\react-dom\cjs\react-dom-client.development.js:13957
recursivelyTraversePassiveMountEffects @ C:\Users\USER\OneDrive\Desktop\PUP\node_modules\react-dom\cjs\react-dom-client.development.js:13815
commitPassiveMountOnFiber @ C:\Users\USER\OneDrive\Desktop\PUP\node_modules\react-dom\cjs\react-dom-client.development.js:13957
recursivelyTraversePassiveMountEffects @ C:\Users\USER\OneDrive\Desktop\PUP\node_modules\react-dom\cjs\react-dom-client.development.js:13815
commitPassiveMountOnFiber @ C:\Users\USER\OneDrive\Desktop\PUP\node_modules\react-dom\cjs\react-dom-client.development.js:13957
recursivelyTraversePassiveMountEffects @ C:\Users\USER\OneDrive\Desktop\PUP\node_modules\react-dom\cjs\react-dom-client.development.js:13815
commitPassiveMountOnFiber @ C:\Users\USER\OneDrive\Desktop\PUP\node_modules\react-dom\cjs\react-dom-client.development.js:13834
recursivelyTraversePassiveMountEffects @ C:\Users\USER\OneDrive\Desktop\PUP\node_modules\react-dom\cjs\react-dom-client.development.js:13815
commitPassiveMountOnFiber @ C:\Users\USER\OneDrive\Desktop\PUP\node_modules\react-dom\cjs\react-dom-client.development.js:13957
recursivelyTraversePassiveMountEffects @ C:\Users\USER\OneDrive\Desktop\PUP\node_modules\react-dom\cjs\react-dom-client.development.js:13815
commitPassiveMountOnFiber @ C:\Users\USER\OneDrive\Desktop\PUP\node_modules\react-dom\cjs\react-dom-client.development.js:13957
recursivelyTraversePassiveMountEffects @ C:\Users\USER\OneDrive\Desktop\PUP\node_modules\react-dom\cjs\react-dom-client.development.js:13815
commitPassiveMountOnFiber @ C:\Users\USER\OneDrive\Desktop\PUP\node_modules\react-dom\cjs\react-dom-client.development.js:13957
recursivelyTraversePassiveMountEffects @ C:\Users\USER\OneDrive\Desktop\PUP\node_modules\react-dom\cjs\react-dom-client.development.js:13815
commitPassiveMountOnFiber @ C:\Users\USER\OneDrive\Desktop\PUP\node_modules\react-dom\cjs\react-dom-client.development.js:13834
recursivelyTraversePassiveMountEffects @ C:\Users\USER\OneDrive\Desktop\PUP\node_modules\react-dom\cjs\react-dom-client.development.js:13815
commitPassiveMountOnFiber @ C:\Users\USER\OneDrive\Desktop\PUP\node_modules\react-dom\cjs\react-dom-client.development.js:13957
recursivelyTraversePassiveMountEffects @ C:\Users\USER\OneDrive\Desktop\PUP\node_modules\react-dom\cjs\react-dom-client.development.js:13815
commitPassiveMountOnFiber @ C:\Users\USER\OneDrive\Desktop\PUP\node_modules\react-dom\cjs\react-dom-client.development.js:13957
recursivelyTraversePassiveMountEffects @ C:\Users\USER\OneDrive\Desktop\PUP\node_modules\react-dom\cjs\react-dom-client.development.js:13815
commitPassiveMountOnFiber @ C:\Users\USER\OneDrive\Desktop\PUP\node_modules\react-dom\cjs\react-dom-client.development.js:13834
recursivelyTraversePassiveMountEffects @ C:\Users\USER\OneDrive\Desktop\PUP\node_modules\react-dom\cjs\react-dom-client.development.js:13815
commitPassiveMountOnFiber @ C:\Users\USER\OneDrive\Desktop\PUP\node_modules\react-dom\cjs\react-dom-client.development.js:13957
recursivelyTraversePassiveMountEffects @ C:\Users\USER\OneDrive\Desktop\PUP\node_modules\react-dom\cjs\react-dom-client.development.js:13815
commitPassiveMountOnFiber @ C:\Users\USER\OneDrive\Desktop\PUP\node_modules\react-dom\cjs\react-dom-client.development.js:13957
recursivelyTraversePassiveMountEffects @ C:\Users\USER\OneDrive\Desktop\PUP\node_modules\react-dom\cjs\react-dom-client.development.js:13815
commitPassiveMountOnFiber @ C:\Users\USER\OneDrive\Desktop\PUP\node_modules\react-dom\cjs\react-dom-client.development.js:13834
recursivelyTraversePassiveMountEffects @ C:\Users\USER\OneDrive\Desktop\PUP\node_modules\react-dom\cjs\react-dom-client.development.js:13815
commitPassiveMountOnFiber @ C:\Users\USER\OneDrive\Desktop\PUP\node_modules\react-dom\cjs\react-dom-client.development.js:13957
recursivelyTraversePassiveMountEffects @ C:\Users\USER\OneDrive\Desktop\PUP\node_modules\react-dom\cjs\react-dom-client.development.js:13815
commitPassiveMountOnFiber @ C:\Users\USER\OneDrive\Desktop\PUP\node_modules\react-dom\cjs\react-dom-client.development.js:13957
recursivelyTraversePassiveMountEffects @ C:\Users\USER\OneDrive\Desktop\PUP\node_modules\react-dom\cjs\react-dom-client.development.js:13815
commitPassiveMountOnFiber @ C:\Users\USER\OneDrive\Desktop\PUP\node_modules\react-dom\cjs\react-dom-client.development.js:13834
recursivelyTraversePassiveMountEffects @ C:\Users\USER\OneDrive\Desktop\PUP\node_modules\react-dom\cjs\react-dom-client.development.js:13815
commitPassiveMountOnFiber @ C:\Users\USER\OneDrive\Desktop\PUP\node_modules\react-dom\cjs\react-dom-client.development.js:13834
recursivelyTraversePassiveMountEffects @ C:\Users\USER\OneDrive\Desktop\PUP\node_modules\react-dom\cjs\react-dom-client.development.js:13815
commitPassiveMountOnFiber @ C:\Users\USER\OneDrive\Desktop\PUP\node_modules\react-dom\cjs\react-dom-client.development.js:13834
recursivelyTraversePassiveMountEffects @ C:\Users\USER\OneDrive\Desktop\PUP\node_modules\react-dom\cjs\react-dom-client.development.js:13815
commitPassiveMountOnFiber @ C:\Users\USER\OneDrive\Desktop\PUP\node_modules\react-dom\cjs\react-dom-client.development.js:13834
recursivelyTraversePassiveMountEffects @ C:\Users\USER\OneDrive\Desktop\PUP\node_modules\react-dom\cjs\react-dom-client.development.js:13815
commitPassiveMountOnFiber @ C:\Users\USER\OneDrive\Desktop\PUP\node_modules\react-dom\cjs\react-dom-client.development.js:13957
recursivelyTraversePassiveMountEffects @ C:\Users\USER\OneDrive\Desktop\PUP\node_modules\react-dom\cjs\react-dom-client.development.js:13815
commitPassiveMountOnFiber @ C:\Users\USER\OneDrive\Desktop\PUP\node_modules\react-dom\cjs\react-dom-client.development.js:13834
recursivelyTraversePassiveMountEffects @ C:\Users\USER\OneDrive\Desktop\PUP\node_modules\react-dom\cjs\react-dom-client.development.js:13815
commitPassiveMountOnFiber @ C:\Users\USER\OneDrive\Desktop\PUP\node_modules\react-dom\cjs\react-dom-client.development.js:13834
recursivelyTraversePassiveMountEffects @ C:\Users\USER\OneDrive\Desktop\PUP\node_modules\react-dom\cjs\react-dom-client.development.js:13815
commitPassiveMountOnFiber @ C:\Users\USER\OneDrive\Desktop\PUP\node_modules\react-dom\cjs\react-dom-client.development.js:13928
recursivelyTraversePassiveMountEffects @ C:\Users\USER\OneDrive\Desktop\PUP\node_modules\react-dom\cjs\react-dom-client.development.js:13815
commitPassiveMountOnFiber @ C:\Users\USER\OneDrive\Desktop\PUP\node_modules\react-dom\cjs\react-dom-client.development.js:13903
recursivelyTraversePassiveMountEffects @ C:\Users\USER\OneDrive\Desktop\PUP\node_modules\react-dom\cjs\react-dom-client.development.js:13815
commitPassiveMountOnFiber @ C:\Users\USER\OneDrive\Desktop\PUP\node_modules\react-dom\cjs\react-dom-client.development.js:13957
recursivelyTraversePassiveMountEffects @ C:\Users\USER\OneDrive\Desktop\PUP\node_modules\react-dom\cjs\react-dom-client.development.js:13815
commitPassiveMountOnFiber @ C:\Users\USER\OneDrive\Desktop\PUP\node_modules\react-dom\cjs\react-dom-client.development.js:13957
recursivelyTraversePassiveMountEffects @ C:\Users\USER\OneDrive\Desktop\PUP\node_modules\react-dom\cjs\react-dom-client.development.js:13815
commitPassiveMountOnFiber @ C:\Users\USER\OneDrive\Desktop\PUP\node_modules\react-dom\cjs\react-dom-client.development.js:13834
recursivelyTraversePassiveMountEffects @ C:\Users\USER\OneDrive\Desktop\PUP\node_modules\react-dom\cjs\react-dom-client.development.js:13815
commitPassiveMountOnFiber @ C:\Users\USER\OneDrive\Desktop\PUP\node_modules\react-dom\cjs\react-dom-client.development.js:13834
recursivelyTraversePassiveMountEffects @ C:\Users\USER\OneDrive\Desktop\PUP\node_modules\react-dom\cjs\react-dom-client.development.js:13815
commitPassiveMountOnFiber @ C:\Users\USER\OneDrive\Desktop\PUP\node_modules\react-dom\cjs\react-dom-client.development.js:13834
recursivelyTraversePassiveMountEffects @ C:\Users\USER\OneDrive\Desktop\PUP\node_modules\react-dom\cjs\react-dom-client.development.js:13815
<CollectionsScreen(./(tabs)/collections.tsx)>
exports.jsxDEV @ C:\Users\USER\OneDrive\Desktop\PUP\node_modules\react\cjs\react-jsx-dev-runtime.development.js:346
BaseRoute @ C:\Users\USER\OneDrive\Desktop\PUP\node_modules\expo-router\build\useScreens.js:213
react-stack-bottom-frame @ C:\Users\USER\OneDrive\Desktop\PUP\node_modules\react-dom\cjs\react-dom-client.development.js:23863
renderWithHooks @ C:\Users\USER\OneDrive\Desktop\PUP\node_modules\react-dom\cjs\react-dom-client.development.js:5529
updateFunctionComponent @ C:\Users\USER\OneDrive\Desktop\PUP\node_modules\react-dom\cjs\react-dom-client.development.js:8897
beginWork @ C:\Users\USER\OneDrive\Desktop\PUP\node_modules\react-dom\cjs\react-dom-client.development.js:10522
runWithFiberInDEV @ C:\Users\USER\OneDrive\Desktop\PUP\node_modules\react-dom\cjs\react-dom-client.development.js:1519
performUnitOfWork @ C:\Users\USER\OneDrive\Desktop\PUP\node_modules\react-dom\cjs\react-dom-client.development.js:15132
workLoopSync @ C:\Users\USER\OneDrive\Desktop\PUP\node_modules\react-dom\cjs\react-dom-client.development.js:14956
renderRootSync @ C:\Users\USER\OneDrive\Desktop\PUP\node_modules\react-dom\cjs\react-dom-client.development.js:14936
performWorkOnRoot @ C:\Users\USER\OneDrive\Desktop\PUP\node_modules\react-dom\cjs\react-dom-client.development.js:14419
performSyncWorkOnRoot @ C:\Users\USER\OneDrive\Desktop\PUP\node_modules\react-dom\cjs\react-dom-client.development.js:16231
flushSyncWorkAcrossRoots_impl @ C:\Users\USER\OneDrive\Desktop\PUP\node_modules\react-dom\cjs\react-dom-client.development.js:16079
processRootScheduleInMicrotask @ C:\Users\USER\OneDrive\Desktop\PUP\node_modules\react-dom\cjs\react-dom-client.development.js:16116
(anonymous) @ C:\Users\USER\OneDrive\Desktop\PUP\node_modules\react-dom\cjs\react-dom-client.development.js:16250
<Route(collections)>
exports.jsx @ C:\Users\USER\OneDrive\Desktop\PUP\node_modules\react\cjs\react-jsx-runtime.development.js:339
SceneView @ C:\Users\USER\OneDrive\Desktop\PUP\node_modules\@react-navigation\core\lib\module\SceneView.js:125
react-stack-bottom-frame @ C:\Users\USER\OneDrive\Desktop\PUP\node_modules\react-dom\cjs\react-dom-client.development.js:23863
renderWithHooks @ C:\Users\USER\OneDrive\Desktop\PUP\node_modules\react-dom\cjs\react-dom-client.development.js:5529
updateFunctionComponent @ C:\Users\USER\OneDrive\Desktop\PUP\node_modules\react-dom\cjs\react-dom-client.development.js:8897
beginWork @ C:\Users\USER\OneDrive\Desktop\PUP\node_modules\react-dom\cjs\react-dom-client.development.js:10522
runWithFiberInDEV @ C:\Users\USER\OneDrive\Desktop\PUP\node_modules\react-dom\cjs\react-dom-client.development.js:1519
performUnitOfWork @ C:\Users\USER\OneDrive\Desktop\PUP\node_modules\react-dom\cjs\react-dom-client.development.js:15132
workLoopSync @ C:\Users\USER\OneDrive\Desktop\PUP\node_modules\react-dom\cjs\react-dom-client.development.js:14956
renderRootSync @ C:\Users\USER\OneDrive\Desktop\PUP\node_modules\react-dom\cjs\react-dom-client.development.js:14936
performWorkOnRoot @ C:\Users\USER\OneDrive\Desktop\PUP\node_modules\react-dom\cjs\react-dom-client.development.js:14419
performSyncWorkOnRoot @ C:\Users\USER\OneDrive\Desktop\PUP\node_modules\react-dom\cjs\react-dom-client.development.js:16231
flushSyncWorkAcrossRoots_impl @ C:\Users\USER\OneDrive\Desktop\PUP\node_modules\react-dom\cjs\react-dom-client.development.js:16079
processRootScheduleInMicrotask @ C:\Users\USER\OneDrive\Desktop\PUP\node_modules\react-dom\cjs\react-dom-client.development.js:16116
(anonymous) @ C:\Users\USER\OneDrive\Desktop\PUP\node_modules\react-dom\cjs\react-dom-client.development.js:16250
<SceneView>
exports.jsx @ C:\Users\USER\OneDrive\Desktop\PUP\node_modules\react\cjs\react-jsx-runtime.development.js:339
render @ C:\Users\USER\OneDrive\Desktop\PUP\node_modules\@react-navigation\core\lib\module\useDescriptors.js:108
(anonymous) @ C:\Users\USER\OneDrive\Desktop\PUP\node_modules\@react-navigation\core\lib\module\useDescriptors.js:140
useDescriptors @ C:\Users\USER\OneDrive\Desktop\PUP\node_modules\@react-navigation\core\lib\module\useDescriptors.js:137
useNavigationBuilder @ C:\Users\USER\OneDrive\Desktop\PUP\node_modules\@react-navigation\core\lib\module\useNavigationBuilder.js:562
BottomTabNavigator @ C:\Users\USER\OneDrive\Desktop\PUP\node_modules\@react-navigation\bottom-tabs\lib\module\navigators\createBottomTabNavigator.js:24
react-stack-bottom-frame @ C:\Users\USER\OneDrive\Desktop\PUP\node_modules\react-dom\cjs\react-dom-client.development.js:23863
renderWithHooks @ C:\Users\USER\OneDrive\Desktop\PUP\node_modules\react-dom\cjs\react-dom-client.development.js:5529
updateFunctionComponent @ C:\Users\USER\OneDrive\Desktop\PUP\node_modules\react-dom\cjs\react-dom-client.development.js:8897
beginWork @ C:\Users\USER\OneDrive\Desktop\PUP\node_modules\react-dom\cjs\react-dom-client.development.js:10522
runWithFiberInDEV @ C:\Users\USER\OneDrive\Desktop\PUP\node_modules\react-dom\cjs\react-dom-client.development.js:1519
performUnitOfWork @ C:\Users\USER\OneDrive\Desktop\PUP\node_modules\react-dom\cjs\react-dom-client.development.js:15132
workLoopSync @ C:\Users\USER\OneDrive\Desktop\PUP\node_modules\react-dom\cjs\react-dom-client.development.js:14956
renderRootSync @ C:\Users\USER\OneDrive\Desktop\PUP\node_modules\react-dom\cjs\react-dom-client.development.js:14936
performWorkOnRoot @ C:\Users\USER\OneDrive\Desktop\PUP\node_modules\react-dom\cjs\react-dom-client.development.js:14419
performSyncWorkOnRoot @ C:\Users\USER\OneDrive\Desktop\PUP\node_modules\react-dom\cjs\react-dom-client.development.js:16231
flushSyncWorkAcrossRoots_impl @ C:\Users\USER\OneDrive\Desktop\PUP\node_modules\react-dom\cjs\react-dom-client.development.js:16079
processRootScheduleInMicrotask @ C:\Users\USER\OneDrive\Desktop\PUP\node_modules\react-dom\cjs\react-dom-client.development.js:16116
(anonymous) @ C:\Users\USER\OneDrive\Desktop\PUP\node_modules\react-dom\cjs\react-dom-client.development.js:16250
C:\Users\USER\OneDrive\Desktop\PUP\node_modules\@expo\metro-runtime\src\error-overlay\LogBox.web.ts:134 [REST] queryCollection failed: Failed to query collection
registerError @ C:\Users\USER\OneDrive\Desktop\PUP\node_modules\@expo\metro-runtime\src\error-overlay\LogBox.web.ts:134
console.error @ C:\Users\USER\OneDrive\Desktop\PUP\node_modules\@expo\metro-runtime\src\error-overlay\LogBox.web.ts:59
queryCollection @ C:\Users\USER\OneDrive\Desktop\PUP\lib\firestore-rest.ts:303
await in queryCollection
getCollections @ C:\Users\USER\OneDrive\Desktop\PUP\lib\firebase.ts:1496
fetchCollections @ C:\Users\USER\OneDrive\Desktop\PUP\app\(tabs)\collections.tsx:60
(anonymous) @ C:\Users\USER\OneDrive\Desktop\PUP\app\(tabs)\collections.tsx:48
callback @ C:\Users\USER\OneDrive\Desktop\PUP\node_modules\expo-router\build\useFocusEffect.js:98
(anonymous) @ C:\Users\USER\OneDrive\Desktop\PUP\node_modules\expo-router\build\useFocusEffect.js:133
react-stack-bottom-frame @ C:\Users\USER\OneDrive\Desktop\PUP\node_modules\react-dom\cjs\react-dom-client.development.js:23949
runWithFiberInDEV @ C:\Users\USER\OneDrive\Desktop\PUP\node_modules\react-dom\cjs\react-dom-client.development.js:1519
commitHookEffectListMount @ C:\Users\USER\OneDrive\Desktop\PUP\node_modules\react-dom\cjs\react-dom-client.development.js:11905
commitHookPassiveMountEffects @ C:\Users\USER\OneDrive\Desktop\PUP\node_modules\react-dom\cjs\react-dom-client.development.js:12026
commitPassiveMountOnFiber @ C:\Users\USER\OneDrive\Desktop\PUP\node_modules\react-dom\cjs\react-dom-client.development.js:13841
recursivelyTraversePassiveMountEffects @ C:\Users\USER\OneDrive\Desktop\PUP\node_modules\react-dom\cjs\react-dom-client.development.js:13815
commitPassiveMountOnFiber @ C:\Users\USER\OneDrive\Desktop\PUP\node_modules\react-dom\cjs\react-dom-client.development.js:13928
recursivelyTraversePassiveMountEffects @ C:\Users\USER\OneDrive\Desktop\PUP\node_modules\react-dom\cjs\react-dom-client.development.js:13815
commitPassiveMountOnFiber @ C:\Users\USER\OneDrive\Desktop\PUP\node_modules\react-dom\cjs\react-dom-client.development.js:13903
recursivelyTraversePassiveMountEffects @ C:\Users\USER\OneDrive\Desktop\PUP\node_modules\react-dom\cjs\react-dom-client.development.js:13815
commitPassiveMountOnFiber @ C:\Users\USER\OneDrive\Desktop\PUP\node_modules\react-dom\cjs\react-dom-client.development.js:13957
recursivelyTraversePassiveMountEffects @ C:\Users\USER\OneDrive\Desktop\PUP\node_modules\react-dom\cjs\react-dom-client.development.js:13815
commitPassiveMountOnFiber @ C:\Users\USER\OneDrive\Desktop\PUP\node_modules\react-dom\cjs\react-dom-client.development.js:13957
recursivelyTraversePassiveMountEffects @ C:\Users\USER\OneDrive\Desktop\PUP\node_modules\react-dom\cjs\react-dom-client.development.js:13815
commitPassiveMountOnFiber @ C:\Users\USER\OneDrive\Desktop\PUP\node_modules\react-dom\cjs\react-dom-client.development.js:13834
recursivelyTraversePassiveMountEffects @ C:\Users\USER\OneDrive\Desktop\PUP\node_modules\react-dom\cjs\react-dom-client.development.js:13815
commitPassiveMountOnFiber @ C:\Users\USER\OneDrive\Desktop\PUP\node_modules\react-dom\cjs\react-dom-client.development.js:13834
recursivelyTraversePassiveMountEffects @ C:\Users\USER\OneDrive\Desktop\PUP\node_modules\react-dom\cjs\react-dom-client.development.js:13815
commitPassiveMountOnFiber @ C:\Users\USER\OneDrive\Desktop\PUP\node_modules\react-dom\cjs\react-dom-client.development.js:13834
recursivelyTraversePassiveMountEffects @ C:\Users\USER\OneDrive\Desktop\PUP\node_modules\react-dom\cjs\react-dom-client.development.js:13815
commitPassiveMountOnFiber @ C:\Users\USER\OneDrive\Desktop\PUP\node_modules\react-dom\cjs\react-dom-client.development.js:13957
recursivelyTraversePassiveMountEffects @ C:\Users\USER\OneDrive\Desktop\PUP\node_modules\react-dom\cjs\react-dom-client.development.js:13815
commitPassiveMountOnFiber @ C:\Users\USER\OneDrive\Desktop\PUP\node_modules\react-dom\cjs\react-dom-client.development.js:13957
recursivelyTraversePassiveMountEffects @ C:\Users\USER\OneDrive\Desktop\PUP\node_modules\react-dom\cjs\react-dom-client.development.js:13815
commitPassiveMountOnFiber @ C:\Users\USER\OneDrive\Desktop\PUP\node_modules\react-dom\cjs\react-dom-client.development.js:13834
recursivelyTraversePassiveMountEffects @ C:\Users\USER\OneDrive\Desktop\PUP\node_modules\react-dom\cjs\react-dom-client.development.js:13815
commitPassiveMountOnFiber @ C:\Users\USER\OneDrive\Desktop\PUP\node_modules\react-dom\cjs\react-dom-client.development.js:13957
recursivelyTraversePassiveMountEffects @ C:\Users\USER\OneDrive\Desktop\PUP\node_modules\react-dom\cjs\react-dom-client.development.js:13815
commitPassiveMountOnFiber @ C:\Users\USER\OneDrive\Desktop\PUP\node_modules\react-dom\cjs\react-dom-client.development.js:13957
recursivelyTraversePassiveMountEffects @ C:\Users\USER\OneDrive\Desktop\PUP\node_modules\react-dom\cjs\react-dom-client.development.js:13815
commitPassiveMountOnFiber @ C:\Users\USER\OneDrive\Desktop\PUP\node_modules\react-dom\cjs\react-dom-client.development.js:13957
recursivelyTraversePassiveMountEffects @ C:\Users\USER\OneDrive\Desktop\PUP\node_modules\react-dom\cjs\react-dom-client.development.js:13815
commitPassiveMountOnFiber @ C:\Users\USER\OneDrive\Desktop\PUP\node_modules\react-dom\cjs\react-dom-client.development.js:13834
recursivelyTraversePassiveMountEffects @ C:\Users\USER\OneDrive\Desktop\PUP\node_modules\react-dom\cjs\react-dom-client.development.js:13815
commitPassiveMountOnFiber @ C:\Users\USER\OneDrive\Desktop\PUP\node_modules\react-dom\cjs\react-dom-client.development.js:13957
recursivelyTraversePassiveMountEffects @ C:\Users\USER\OneDrive\Desktop\PUP\node_modules\react-dom\cjs\react-dom-client.development.js:13815
commitPassiveMountOnFiber @ C:\Users\USER\OneDrive\Desktop\PUP\node_modules\react-dom\cjs\react-dom-client.development.js:13957
recursivelyTraversePassiveMountEffects @ C:\Users\USER\OneDrive\Desktop\PUP\node_modules\react-dom\cjs\react-dom-client.development.js:13815
commitPassiveMountOnFiber @ C:\Users\USER\OneDrive\Desktop\PUP\node_modules\react-dom\cjs\react-dom-client.development.js:13957
recursivelyTraversePassiveMountEffects @ C:\Users\USER\OneDrive\Desktop\PUP\node_modules\react-dom\cjs\react-dom-client.development.js:13815
commitPassiveMountOnFiber @ C:\Users\USER\OneDrive\Desktop\PUP\node_modules\react-dom\cjs\react-dom-client.development.js:13834
recursivelyTraversePassiveMountEffects @ C:\Users\USER\OneDrive\Desktop\PUP\node_modules\react-dom\cjs\react-dom-client.development.js:13815
commitPassiveMountOnFiber @ C:\Users\USER\OneDrive\Desktop\PUP\node_modules\react-dom\cjs\react-dom-client.development.js:13957
recursivelyTraversePassiveMountEffects @ C:\Users\USER\OneDrive\Desktop\PUP\node_modules\react-dom\cjs\react-dom-client.development.js:13815
commitPassiveMountOnFiber @ C:\Users\USER\OneDrive\Desktop\PUP\node_modules\react-dom\cjs\react-dom-client.development.js:13957
recursivelyTraversePassiveMountEffects @ C:\Users\USER\OneDrive\Desktop\PUP\node_modules\react-dom\cjs\react-dom-client.development.js:13815
commitPassiveMountOnFiber @ C:\Users\USER\OneDrive\Desktop\PUP\node_modules\react-dom\cjs\react-dom-client.development.js:13957
recursivelyTraversePassiveMountEffects @ C:\Users\USER\OneDrive\Desktop\PUP\node_modules\react-dom\cjs\react-dom-client.development.js:13815
commitPassiveMountOnFiber @ C:\Users\USER\OneDrive\Desktop\PUP\node_modules\react-dom\cjs\react-dom-client.development.js:13957
recursivelyTraversePassiveMountEffects @ C:\Users\USER\OneDrive\Desktop\PUP\node_modules\react-dom\cjs\react-dom-client.development.js:13815
commitPassiveMountOnFiber @ C:\Users\USER\OneDrive\Desktop\PUP\node_modules\react-dom\cjs\react-dom-client.development.js:13834
recursivelyTraversePassiveMountEffects @ C:\Users\USER\OneDrive\Desktop\PUP\node_modules\react-dom\cjs\react-dom-client.development.js:13815
commitPassiveMountOnFiber @ C:\Users\USER\OneDrive\Desktop\PUP\node_modules\react-dom\cjs\react-dom-client.development.js:13957
recursivelyTraversePassiveMountEffects @ C:\Users\USER\OneDrive\Desktop\PUP\node_modules\react-dom\cjs\react-dom-client.development.js:13815
commitPassiveMountOnFiber @ C:\Users\USER\OneDrive\Desktop\PUP\node_modules\react-dom\cjs\react-dom-client.development.js:13834
recursivelyTraversePassiveMountEffects @ C:\Users\USER\OneDrive\Desktop\PUP\node_modules\react-dom\cjs\react-dom-client.development.js:13815
commitPassiveMountOnFiber @ C:\Users\USER\OneDrive\Desktop\PUP\node_modules\react-dom\cjs\react-dom-client.development.js:13834
recursivelyTraversePassiveMountEffects @ C:\Users\USER\OneDrive\Desktop\PUP\node_modules\react-dom\cjs\react-dom-client.development.js:13815
commitPassiveMountOnFiber @ C:\Users\USER\OneDrive\Desktop\PUP\node_modules\react-dom\cjs\react-dom-client.development.js:13834
recursivelyTraversePassiveMountEffects @ C:\Users\USER\OneDrive\Desktop\PUP\node_modules\react-dom\cjs\react-dom-client.development.js:13815
commitPassiveMountOnFiber @ C:\Users\USER\OneDrive\Desktop\PUP\node_modules\react-dom\cjs\react-dom-client.development.js:13834
recursivelyTraversePassiveMountEffects @ C:\Users\USER\OneDrive\Desktop\PUP\node_modules\react-dom\cjs\react-dom-client.development.js:13815
commitPassiveMountOnFiber @ C:\Users\USER\OneDrive\Desktop\PUP\node_modules\react-dom\cjs\react-dom-client.development.js:13957
recursivelyTraversePassiveMountEffects @ C:\Users\USER\OneDrive\Desktop\PUP\node_modules\react-dom\cjs\react-dom-client.development.js:13815
commitPassiveMountOnFiber @ C:\Users\USER\OneDrive\Desktop\PUP\node_modules\react-dom\cjs\react-dom-client.development.js:13957
recursivelyTraversePassiveMountEffects @ C:\Users\USER\OneDrive\Desktop\PUP\node_modules\react-dom\cjs\react-dom-client.development.js:13815
commitPassiveMountOnFiber @ C:\Users\USER\OneDrive\Desktop\PUP\node_modules\react-dom\cjs\react-dom-client.development.js:13834
recursivelyTraversePassiveMountEffects @ C:\Users\USER\OneDrive\Desktop\PUP\node_modules\react-dom\cjs\react-dom-client.development.js:13815
commitPassiveMountOnFiber @ C:\Users\USER\OneDrive\Desktop\PUP\node_modules\react-dom\cjs\react-dom-client.development.js:13834
recursivelyTraversePassiveMountEffects @ C:\Users\USER\OneDrive\Desktop\PUP\node_modules\react-dom\cjs\react-dom-client.development.js:13815
commitPassiveMountOnFiber @ C:\Users\USER\OneDrive\Desktop\PUP\node_modules\react-dom\cjs\react-dom-client.development.js:13957
recursivelyTraversePassiveMountEffects @ C:\Users\USER\OneDrive\Desktop\PUP\node_modules\react-dom\cjs\react-dom-client.development.js:13815
commitPassiveMountOnFiber @ C:\Users\USER\OneDrive\Desktop\PUP\node_modules\react-dom\cjs\react-dom-client.development.js:13834
recursivelyTraversePassiveMountEffects @ C:\Users\USER\OneDrive\Desktop\PUP\node_modules\react-dom\cjs\react-dom-client.development.js:13815
commitPassiveMountOnFiber @ C:\Users\USER\OneDrive\Desktop\PUP\node_modules\react-dom\cjs\react-dom-client.development.js:13834
recursivelyTraversePassiveMountEffects @ C:\Users\USER\OneDrive\Desktop\PUP\node_modules\react-dom\cjs\react-dom-client.development.js:13815
commitPassiveMountOnFiber @ C:\Users\USER\OneDrive\Desktop\PUP\node_modules\react-dom\cjs\react-dom-client.development.js:13957
recursivelyTraversePassiveMountEffects @ C:\Users\USER\OneDrive\Desktop\PUP\node_modules\react-dom\cjs\react-dom-client.development.js:13815
commitPassiveMountOnFiber @ C:\Users\USER\OneDrive\Desktop\PUP\node_modules\react-dom\cjs\react-dom-client.development.js:13834
recursivelyTraversePassiveMountEffects @ C:\Users\USER\OneDrive\Desktop\PUP\node_modules\react-dom\cjs\react-dom-client.development.js:13815
commitPassiveMountOnFiber @ C:\Users\USER\OneDrive\Desktop\PUP\node_modules\react-dom\cjs\react-dom-client.development.js:13957
recursivelyTraversePassiveMountEffects @ C:\Users\USER\OneDrive\Desktop\PUP\node_modules\react-dom\cjs\react-dom-client.development.js:13815
commitPassiveMountOnFiber @ C:\Users\USER\OneDrive\Desktop\PUP\node_modules\react-dom\cjs\react-dom-client.development.js:13834
recursivelyTraversePassiveMountEffects @ C:\Users\USER\OneDrive\Desktop\PUP\node_modules\react-dom\cjs\react-dom-client.development.js:13815
commitPassiveMountOnFiber @ C:\Users\USER\OneDrive\Desktop\PUP\node_modules\react-dom\cjs\react-dom-client.development.js:13834
recursivelyTraversePassiveMountEffects @ C:\Users\USER\OneDrive\Desktop\PUP\node_modules\react-dom\cjs\react-dom-client.development.js:13815
commitPassiveMountOnFiber @ C:\Users\USER\OneDrive\Desktop\PUP\node_modules\react-dom\cjs\react-dom-client.development.js:13834
recursivelyTraversePassiveMountEffects @ C:\Users\USER\OneDrive\Desktop\PUP\node_modules\react-dom\cjs\react-dom-client.development.js:13815
commitPassiveMountOnFiber @ C:\Users\USER\OneDrive\Desktop\PUP\node_modules\react-dom\cjs\react-dom-client.development.js:13957
recursivelyTraversePassiveMountEffects @ C:\Users\USER\OneDrive\Desktop\PUP\node_modules\react-dom\cjs\react-dom-client.development.js:13815
commitPassiveMountOnFiber @ C:\Users\USER\OneDrive\Desktop\PUP\node_modules\react-dom\cjs\react-dom-client.development.js:13834
recursivelyTraversePassiveMountEffects @ C:\Users\USER\OneDrive\Desktop\PUP\node_modules\react-dom\cjs\react-dom-client.development.js:13815
commitPassiveMountOnFiber @ C:\Users\USER\OneDrive\Desktop\PUP\node_modules\react-dom\cjs\react-dom-client.development.js:13957
recursivelyTraversePassiveMountEffects @ C:\Users\USER\OneDrive\Desktop\PUP\node_modules\react-dom\cjs\react-dom-client.development.js:13815
commitPassiveMountOnFiber @ C:\Users\USER\OneDrive\Desktop\PUP\node_modules\react-dom\cjs\react-dom-client.development.js:13957
recursivelyTraversePassiveMountEffects @ C:\Users\USER\OneDrive\Desktop\PUP\node_modules\react-dom\cjs\react-dom-client.development.js:13815
commitPassiveMountOnFiber @ C:\Users\USER\OneDrive\Desktop\PUP\node_modules\react-dom\cjs\react-dom-client.development.js:13834
recursivelyTraversePassiveMountEffects @ C:\Users\USER\OneDrive\Desktop\PUP\node_modules\react-dom\cjs\react-dom-client.development.js:13815
commitPassiveMountOnFiber @ C:\Users\USER\OneDrive\Desktop\PUP\node_modules\react-dom\cjs\react-dom-client.development.js:13957
recursivelyTraversePassiveMountEffects @ C:\Users\USER\OneDrive\Desktop\PUP\node_modules\react-dom\cjs\react-dom-client.development.js:13815
commitPassiveMountOnFiber @ C:\Users\USER\OneDrive\Desktop\PUP\node_modules\react-dom\cjs\react-dom-client.development.js:13957
recursivelyTraversePassiveMountEffects @ C:\Users\USER\OneDrive\Desktop\PUP\node_modules\react-dom\cjs\react-dom-client.development.js:13815
commitPassiveMountOnFiber @ C:\Users\USER\OneDrive\Desktop\PUP\node_modules\react-dom\cjs\react-dom-client.development.js:13834
recursivelyTraversePassiveMountEffects @ C:\Users\USER\OneDrive\Desktop\PUP\node_modules\react-dom\cjs\react-dom-client.development.js:13815
commitPassiveMountOnFiber @ C:\Users\USER\OneDrive\Desktop\PUP\node_modules\react-dom\cjs\react-dom-client.development.js:13834
recursivelyTraversePassiveMountEffects @ C:\Users\USER\OneDrive\Desktop\PUP\node_modules\react-dom\cjs\react-dom-client.development.js:13815
commitPassiveMountOnFiber @ C:\Users\USER\OneDrive\Desktop\PUP\node_modules\react-dom\cjs\react-dom-client.development.js:13834
recursivelyTraversePassiveMountEffects @ C:\Users\USER\OneDrive\Desktop\PUP\node_modules\react-dom\cjs\react-dom-client.development.js:13815
commitPassiveMountOnFiber @ C:\Users\USER\OneDrive\Desktop\PUP\node_modules\react-dom\cjs\react-dom-client.development.js:13834
recursivelyTraversePassiveMountEffects @ C:\Users\USER\OneDrive\Desktop\PUP\node_modules\react-dom\cjs\react-dom-client.development.js:13815
commitPassiveMountOnFiber @ C:\Users\USER\OneDrive\Desktop\PUP\node_modules\react-dom\cjs\react-dom-client.development.js:13834
recursivelyTraversePassiveMountEffects @ C:\Users\USER\OneDrive\Desktop\PUP\node_modules\react-dom\cjs\react-dom-client.development.js:13815
commitPassiveMountOnFiber @ C:\Users\USER\OneDrive\Desktop\PUP\node_modules\react-dom\cjs\react-dom-client.development.js:13834
recursivelyTraversePassiveMountEffects @ C:\Users\USER\OneDrive\Desktop\PUP\node_modules\react-dom\cjs\react-dom-client.development.js:13815
commitPassiveMountOnFiber @ C:\Users\USER\OneDrive\Desktop\PUP\node_modules\react-dom\cjs\react-dom-client.development.js:13928
recursivelyTraversePassiveMountEffects @ C:\Users\USER\OneDrive\Desktop\PUP\node_modules\react-dom\cjs\react-dom-client.development.js:13815
commitPassiveMountOnFiber @ C:\Users\USER\OneDrive\Desktop\PUP\node_modules\react-dom\cjs\react-dom-client.development.js:13903
recursivelyTraversePassiveMountEffects @ C:\Users\USER\OneDrive\Desktop\PUP\node_modules\react-dom\cjs\react-dom-client.development.js:13815
commitPassiveMountOnFiber @ C:\Users\USER\OneDrive\Desktop\PUP\node_modules\react-dom\cjs\react-dom-client.development.js:13957
recursivelyTraversePassiveMountEffects @ C:\Users\USER\OneDrive\Desktop\PUP\node_modules\react-dom\cjs\react-dom-client.development.js:13815
commitPassiveMountOnFiber @ C:\Users\USER\OneDrive\Desktop\PUP\node_modules\react-dom\cjs\react-dom-client.development.js:13957
recursivelyTraversePassiveMountEffects @ C:\Users\USER\OneDrive\Desktop\PUP\node_modules\react-dom\cjs\react-dom-client.development.js:13815
commitPassiveMountOnFiber @ C:\Users\USER\OneDrive\Desktop\PUP\node_modules\react-dom\cjs\react-dom-client.development.js:13834
recursivelyTraversePassiveMountEffects @ C:\Users\USER\OneDrive\Desktop\PUP\node_modules\react-dom\cjs\react-dom-client.development.js:13815
commitPassiveMountOnFiber @ C:\Users\USER\OneDrive\Desktop\PUP\node_modules\react-dom\cjs\react-dom-client.development.js:13834
recursivelyTraversePassiveMountEffects @ C:\Users\USER\OneDrive\Desktop\PUP\node_modules\react-dom\cjs\react-dom-client.development.js:13815
commitPassiveMountOnFiber @ C:\Users\USER\OneDrive\Desktop\PUP\node_modules\react-dom\cjs\react-dom-client.development.js:13834
recursivelyTraversePassiveMountEffects @ C:\Users\USER\OneDrive\Desktop\PUP\node_modules\react-dom\cjs\react-dom-client.development.js:13815
commitPassiveMountOnFiber @ C:\Users\USER\OneDrive\Desktop\PUP\node_modules\react-dom\cjs\react-dom-client.development.js:13957
recursivelyTraversePassiveMountEffects @ C:\Users\USER\OneDrive\Desktop\PUP\node_modules\react-dom\cjs\react-dom-client.development.js:13815
commitPassiveMountOnFiber @ C:\Users\USER\OneDrive\Desktop\PUP\node_modules\react-dom\cjs\react-dom-client.development.js:13957
recursivelyTraversePassiveMountEffects @ C:\Users\USER\OneDrive\Desktop\PUP\node_modules\react-dom\cjs\react-dom-client.development.js:13815
commitPassiveMountOnFiber @ C:\Users\USER\OneDrive\Desktop\PUP\node_modules\react-dom\cjs\react-dom-client.development.js:13834
recursivelyTraversePassiveMountEffects @ C:\Users\USER\OneDrive\Desktop\PUP\node_modules\react-dom\cjs\react-dom-client.development.js:13815
commitPassiveMountOnFiber @ C:\Users\USER\OneDrive\Desktop\PUP\node_modules\react-dom\cjs\react-dom-client.development.js:13957
recursivelyTraversePassiveMountEffects @ C:\Users\USER\OneDrive\Desktop\PUP\node_modules\react-dom\cjs\react-dom-client.development.js:13815
commitPassiveMountOnFiber @ C:\Users\USER\OneDrive\Desktop\PUP\node_modules\react-dom\cjs\react-dom-client.development.js:13957
recursivelyTraversePassiveMountEffects @ C:\Users\USER\OneDrive\Desktop\PUP\node_modules\react-dom\cjs\react-dom-client.development.js:13815
commitPassiveMountOnFiber @ C:\Users\USER\OneDrive\Desktop\PUP\node_modules\react-dom\cjs\react-dom-client.development.js:13957
recursivelyTraversePassiveMountEffects @ C:\Users\USER\OneDrive\Desktop\PUP\node_modules\react-dom\cjs\react-dom-client.development.js:13815
commitPassiveMountOnFiber @ C:\Users\USER\OneDrive\Desktop\PUP\node_modules\react-dom\cjs\react-dom-client.development.js:13834
recursivelyTraversePassiveMountEffects @ C:\Users\USER\OneDrive\Desktop\PUP\node_modules\react-dom\cjs\react-dom-client.development.js:13815
commitPassiveMountOnFiber @ C:\Users\USER\OneDrive\Desktop\PUP\node_modules\react-dom\cjs\react-dom-client.development.js:13957
recursivelyTraversePassiveMountEffects @ C:\Users\USER\OneDrive\Desktop\PUP\node_modules\react-dom\cjs\react-dom-client.development.js:13815
commitPassiveMountOnFiber @ C:\Users\USER\OneDrive\Desktop\PUP\node_modules\react-dom\cjs\react-dom-client.development.js:13957
recursivelyTraversePassiveMountEffects @ C:\Users\USER\OneDrive\Desktop\PUP\node_modules\react-dom\cjs\react-dom-client.development.js:13815
commitPassiveMountOnFiber @ C:\Users\USER\OneDrive\Desktop\PUP\node_modules\react-dom\cjs\react-dom-client.development.js:13957
recursivelyTraversePassiveMountEffects @ C:\Users\USER\OneDrive\Desktop\PUP\node_modules\react-dom\cjs\react-dom-client.development.js:13815
commitPassiveMountOnFiber @ C:\Users\USER\OneDrive\Desktop\PUP\node_modules\react-dom\cjs\react-dom-client.development.js:13834
recursivelyTraversePassiveMountEffects @ C:\Users\USER\OneDrive\Desktop\PUP\node_modules\react-dom\cjs\react-dom-client.development.js:13815
commitPassiveMountOnFiber @ C:\Users\USER\OneDrive\Desktop\PUP\node_modules\react-dom\cjs\react-dom-client.development.js:13957
recursivelyTraversePassiveMountEffects @ C:\Users\USER\OneDrive\Desktop\PUP\node_modules\react-dom\cjs\react-dom-client.development.js:13815
commitPassiveMountOnFiber @ C:\Users\USER\OneDrive\Desktop\PUP\node_modules\react-dom\cjs\react-dom-client.development.js:13957
recursivelyTraversePassiveMountEffects @ C:\Users\USER\OneDrive\Desktop\PUP\node_modules\react-dom\cjs\react-dom-client.development.js:13815
commitPassiveMountOnFiber @ C:\Users\USER\OneDrive\Desktop\PUP\node_modules\react-dom\cjs\react-dom-client.development.js:13834
recursivelyTraversePassiveMountEffects @ C:\Users\USER\OneDrive\Desktop\PUP\node_modules\react-dom\cjs\react-dom-client.development.js:13815
commitPassiveMountOnFiber @ C:\Users\USER\OneDrive\Desktop\PUP\node_modules\react-dom\cjs\react-dom-client.development.js:13957
recursivelyTraversePassiveMountEffects @ C:\Users\USER\OneDrive\Desktop\PUP\node_modules\react-dom\cjs\react-dom-client.development.js:13815
commitPassiveMountOnFiber @ C:\Users\USER\OneDrive\Desktop\PUP\node_modules\react-dom\cjs\react-dom-client.development.js:13957
recursivelyTraversePassiveMountEffects @ C:\Users\USER\OneDrive\Desktop\PUP\node_modules\react-dom\cjs\react-dom-client.development.js:13815
commitPassiveMountOnFiber @ C:\Users\USER\OneDrive\Desktop\PUP\node_modules\react-dom\cjs\react-dom-client.development.js:13834
recursivelyTraversePassiveMountEffects @ C:\Users\USER\OneDrive\Desktop\PUP\node_modules\react-dom\cjs\react-dom-client.development.js:13815
commitPassiveMountOnFiber @ C:\Users\USER\OneDrive\Desktop\PUP\node_modules\react-dom\cjs\react-dom-client.development.js:13957
recursivelyTraversePassiveMountEffects @ C:\Users\USER\OneDrive\Desktop\PUP\node_modules\react-dom\cjs\react-dom-client.development.js:13815
commitPassiveMountOnFiber @ C:\Users\USER\OneDrive\Desktop\PUP\node_modules\react-dom\cjs\react-dom-client.development.js:13957
recursivelyTraversePassiveMountEffects @ C:\Users\USER\OneDrive\Desktop\PUP\node_modules\react-dom\cjs\react-dom-client.development.js:13815
commitPassiveMountOnFiber @ C:\Users\USER\OneDrive\Desktop\PUP\node_modules\react-dom\cjs\react-dom-client.development.js:13834
recursivelyTraversePassiveMountEffects @ C:\Users\USER\OneDrive\Desktop\PUP\node_modules\react-dom\cjs\react-dom-client.development.js:13815
commitPassiveMountOnFiber @ C:\Users\USER\OneDrive\Desktop\PUP\node_modules\react-dom\cjs\react-dom-client.development.js:13834
recursivelyTraversePassiveMountEffects @ C:\Users\USER\OneDrive\Desktop\PUP\node_modules\react-dom\cjs\react-dom-client.development.js:13815
commitPassiveMountOnFiber @ C:\Users\USER\OneDrive\Desktop\PUP\node_modules\react-dom\cjs\react-dom-client.development.js:13834
recursivelyTraversePassiveMountEffects @ C:\Users\USER\OneDrive\Desktop\PUP\node_modules\react-dom\cjs\react-dom-client.development.js:13815
commitPassiveMountOnFiber @ C:\Users\USER\OneDrive\Desktop\PUP\node_modules\react-dom\cjs\react-dom-client.development.js:13834
recursivelyTraversePassiveMountEffects @ C:\Users\USER\OneDrive\Desktop\PUP\node_modules\react-dom\cjs\react-dom-client.development.js:13815
commitPassiveMountOnFiber @ C:\Users\USER\OneDrive\Desktop\PUP\node_modules\react-dom\cjs\react-dom-client.development.js:13957
recursivelyTraversePassiveMountEffects @ C:\Users\USER\OneDrive\Desktop\PUP\node_modules\react-dom\cjs\react-dom-client.development.js:13815
commitPassiveMountOnFiber @ C:\Users\USER\OneDrive\Desktop\PUP\node_modules\react-dom\cjs\react-dom-client.development.js:13834
recursivelyTraversePassiveMountEffects @ C:\Users\USER\OneDrive\Desktop\PUP\node_modules\react-dom\cjs\react-dom-client.development.js:13815
commitPassiveMountOnFiber @ C:\Users\USER\OneDrive\Desktop\PUP\node_modules\react-dom\cjs\react-dom-client.development.js:13834
recursivelyTraversePassiveMountEffects @ C:\Users\USER\OneDrive\Desktop\PUP\node_modules\react-dom\cjs\react-dom-client.development.js:13815
commitPassiveMountOnFiber @ C:\Users\USER\OneDrive\Desktop\PUP\node_modules\react-dom\cjs\react-dom-client.development.js:13928
recursivelyTraversePassiveMountEffects @ C:\Users\USER\OneDrive\Desktop\PUP\node_modules\react-dom\cjs\react-dom-client.development.js:13815
commitPassiveMountOnFiber @ C:\Users\USER\OneDrive\Desktop\PUP\node_modules\react-dom\cjs\react-dom-client.development.js:13903
recursivelyTraversePassiveMountEffects @ C:\Users\USER\OneDrive\Desktop\PUP\node_modules\react-dom\cjs\react-dom-client.development.js:13815
commitPassiveMountOnFiber @ C:\Users\USER\OneDrive\Desktop\PUP\node_modules\react-dom\cjs\react-dom-client.development.js:13957
recursivelyTraversePassiveMountEffects @ C:\Users\USER\OneDrive\Desktop\PUP\node_modules\react-dom\cjs\react-dom-client.development.js:13815
commitPassiveMountOnFiber @ C:\Users\USER\OneDrive\Desktop\PUP\node_modules\react-dom\cjs\react-dom-client.development.js:13957
recursivelyTraversePassiveMountEffects @ C:\Users\USER\OneDrive\Desktop\PUP\node_modules\react-dom\cjs\react-dom-client.development.js:13815
commitPassiveMountOnFiber @ C:\Users\USER\OneDrive\Desktop\PUP\node_modules\react-dom\cjs\react-dom-client.development.js:13834
recursivelyTraversePassiveMountEffects @ C:\Users\USER\OneDrive\Desktop\PUP\node_modules\react-dom\cjs\react-dom-client.development.js:13815
commitPassiveMountOnFiber @ C:\Users\USER\OneDrive\Desktop\PUP\node_modules\react-dom\cjs\react-dom-client.development.js:13834
recursivelyTraversePassiveMountEffects @ C:\Users\USER\OneDrive\Desktop\PUP\node_modules\react-dom\cjs\react-dom-client.development.js:13815
commitPassiveMountOnFiber @ C:\Users\USER\OneDrive\Desktop\PUP\node_modules\react-dom\cjs\react-dom-client.development.js:13834
recursivelyTraversePassiveMountEffects @ C:\Users\USER\OneDrive\Desktop\PUP\node_modules\react-dom\cjs\react-dom-client.development.js:13815
<CollectionsScreen(./(tabs)/collections.tsx)>
exports.jsxDEV @ C:\Users\USER\OneDrive\Desktop\PUP\node_modules\react\cjs\react-jsx-dev-runtime.development.js:346
BaseRoute @ C:\Users\USER\OneDrive\Desktop\PUP\node_modules\expo-router\build\useScreens.js:213
react-stack-bottom-frame @ C:\Users\USER\OneDrive\Desktop\PUP\node_modules\react-dom\cjs\react-dom-client.development.js:23863
renderWithHooks @ C:\Users\USER\OneDrive\Desktop\PUP\node_modules\react-dom\cjs\react-dom-client.development.js:5529
updateFunctionComponent @ C:\Users\USER\OneDrive\Desktop\PUP\node_modules\react-dom\cjs\react-dom-client.development.js:8897
beginWork @ C:\Users\USER\OneDrive\Desktop\PUP\node_modules\react-dom\cjs\react-dom-client.development.js:10522
runWithFiberInDEV @ C:\Users\USER\OneDrive\Desktop\PUP\node_modules\react-dom\cjs\react-dom-client.development.js:1519
performUnitOfWork @ C:\Users\USER\OneDrive\Desktop\PUP\node_modules\react-dom\cjs\react-dom-client.development.js:15132
workLoopSync @ C:\Users\USER\OneDrive\Desktop\PUP\node_modules\react-dom\cjs\react-dom-client.development.js:14956
renderRootSync @ C:\Users\USER\OneDrive\Desktop\PUP\node_modules\react-dom\cjs\react-dom-client.development.js:14936
performWorkOnRoot @ C:\Users\USER\OneDrive\Desktop\PUP\node_modules\react-dom\cjs\react-dom-client.development.js:14419
performSyncWorkOnRoot @ C:\Users\USER\OneDrive\Desktop\PUP\node_modules\react-dom\cjs\react-dom-client.development.js:16231
flushSyncWorkAcrossRoots_impl @ C:\Users\USER\OneDrive\Desktop\PUP\node_modules\react-dom\cjs\react-dom-client.development.js:16079
processRootScheduleInMicrotask @ C:\Users\USER\OneDrive\Desktop\PUP\node_modules\react-dom\cjs\react-dom-client.development.js:16116
(anonymous) @ C:\Users\USER\OneDrive\Desktop\PUP\node_modules\react-dom\cjs\react-dom-client.development.js:16250
<Route(collections)>
exports.jsx @ C:\Users\USER\OneDrive\Desktop\PUP\node_modules\react\cjs\react-jsx-runtime.development.js:339
SceneView @ C:\Users\USER\OneDrive\Desktop\PUP\node_modules\@react-navigation\core\lib\module\SceneView.js:125
react-stack-bottom-frame @ C:\Users\USER\OneDrive\Desktop\PUP\node_modules\react-dom\cjs\react-dom-client.development.js:23863
renderWithHooks @ C:\Users\USER\OneDrive\Desktop\PUP\node_modules\react-dom\cjs\react-dom-client.development.js:5529
updateFunctionComponent @ C:\Users\USER\OneDrive\Desktop\PUP\node_modules\react-dom\cjs\react-dom-client.development.js:8897
beginWork @ C:\Users\USER\OneDrive\Desktop\PUP\node_modules\react-dom\cjs\react-dom-client.development.js:10522
runWithFiberInDEV @ C:\Users\USER\OneDrive\Desktop\PUP\node_modules\react-dom\cjs\react-dom-client.development.js:1519
performUnitOfWork @ C:\Users\USER\OneDrive\Desktop\PUP\node_modules\react-dom\cjs\react-dom-client.development.js:15132
workLoopSync @ C:\Users\USER\OneDrive\Desktop\PUP\node_modules\react-dom\cjs\react-dom-client.development.js:14956
renderRootSync @ C:\Users\USER\OneDrive\Desktop\PUP\node_modules\react-dom\cjs\react-dom-client.development.js:14936
performWorkOnRoot @ C:\Users\USER\OneDrive\Desktop\PUP\node_modules\react-dom\cjs\react-dom-client.development.js:14419
performSyncWorkOnRoot @ C:\Users\USER\OneDrive\Desktop\PUP\node_modules\react-dom\cjs\react-dom-client.development.js:16231
flushSyncWorkAcrossRoots_impl @ C:\Users\USER\OneDrive\Desktop\PUP\node_modules\react-dom\cjs\react-dom-client.development.js:16079
processRootScheduleInMicrotask @ C:\Users\USER\OneDrive\Desktop\PUP\node_modules\react-dom\cjs\react-dom-client.development.js:16116
(anonymous) @ C:\Users\USER\OneDrive\Desktop\PUP\node_modules\react-dom\cjs\react-dom-client.development.js:16250
<SceneView>
exports.jsx @ C:\Users\USER\OneDrive\Desktop\PUP\node_modules\react\cjs\react-jsx-runtime.development.js:339
render @ C:\Users\USER\OneDrive\Desktop\PUP\node_modules\@react-navigation\core\lib\module\useDescriptors.js:108
(anonymous) @ C:\Users\USER\OneDrive\Desktop\PUP\node_modules\@react-navigation\core\lib\module\useDescriptors.js:140
useDescriptors @ C:\Users\USER\OneDrive\Desktop\PUP\node_modules\@react-navigation\core\lib\module\useDescriptors.js:137
useNavigationBuilder @ C:\Users\USER\OneDrive\Desktop\PUP\node_modules\@react-navigation\core\lib\module\useNavigationBuilder.js:562
BottomTabNavigator @ C:\Users\USER\OneDrive\Desktop\PUP\node_modules\@react-navigation\bottom-tabs\lib\module\navigators\createBottomTabNavigator.js:24
react-stack-bottom-frame @ C:\Users\USER\OneDrive\Desktop\PUP\node_modules\react-dom\cjs\react-dom-client.development.js:23863
renderWithHooks @ C:\Users\USER\OneDrive\Desktop\PUP\node_modules\react-dom\cjs\react-dom-client.development.js:5529
updateFunctionComponent @ C:\Users\USER\OneDrive\Desktop\PUP\node_modules\react-dom\cjs\react-dom-client.development.js:8897
beginWork @ C:\Users\USER\OneDrive\Desktop\PUP\node_modules\react-dom\cjs\react-dom-client.development.js:10522
runWithFiberInDEV @ C:\Users\USER\OneDrive\Desktop\PUP\node_modules\react-dom\cjs\react-dom-client.development.js:1519
performUnitOfWork @ C:\Users\USER\OneDrive\Desktop\PUP\node_modules\react-dom\cjs\react-dom-client.development.js:15132
workLoopSync @ C:\Users\USER\OneDrive\Desktop\PUP\node_modules\react-dom\cjs\react-dom-client.development.js:14956
renderRootSync @ C:\Users\USER\OneDrive\Desktop\PUP\node_modules\react-dom\cjs\react-dom-client.development.js:14936
performWorkOnRoot @ C:\Users\USER\OneDrive\Desktop\PUP\node_modules\react-dom\cjs\react-dom-client.development.js:14419
performSyncWorkOnRoot @ C:\Users\USER\OneDrive\Desktop\PUP\node_modules\react-dom\cjs\react-dom-client.development.js:16231
flushSyncWorkAcrossRoots_impl @ C:\Users\USER\OneDrive\Desktop\PUP\node_modules\react-dom\cjs\react-dom-client.development.js:16079
processRootScheduleInMicrotask @ C:\Users\USER\OneDrive\Desktop\PUP\node_modules\react-dom\cjs\react-dom-client.development.js:16116
(anonymous) @ C:\Users\USER\OneDrive\Desktop\PUP\node_modules\react-dom\cjs\react-dom-client.development.js:16250
C:\Users\USER\OneDrive\Desktop\PUP\node_modules\@expo\metro-runtime\src\error-overlay\LogBox.web.ts:134 [10:27:33.338] [Firebase] ✖ REST getCollections failed Error: Failed to query collection
    at Object.queryCollection (C:\Users\USER\OneDrive\Desktop\PUP\lib\firestore-rest.ts:294:13)
    at async getCollections (C:\Users\USER\OneDrive\Desktop\PUP\lib\firebase.ts:1496:20)
    at async fetchCollections (C:\Users\USER\OneDrive\Desktop\PUP\app\(tabs)\collections.tsx:60:20)
registerError @ C:\Users\USER\OneDrive\Desktop\PUP\node_modules\@expo\metro-runtime\src\error-overlay\LogBox.web.ts:134
console.error @ C:\Users\USER\OneDrive\Desktop\PUP\node_modules\@expo\metro-runtime\src\error-overlay\LogBox.web.ts:59
_log @ C:\Users\USER\OneDrive\Desktop\PUP\lib\logger.ts:74
error @ C:\Users\USER\OneDrive\Desktop\PUP\lib\logger.ts:93
getCollections @ C:\Users\USER\OneDrive\Desktop\PUP\lib\firebase.ts:1499
await in getCollections
fetchCollections @ C:\Users\USER\OneDrive\Desktop\PUP\app\(tabs)\collections.tsx:60
(anonymous) @ C:\Users\USER\OneDrive\Desktop\PUP\app\(tabs)\collections.tsx:48
callback @ C:\Users\USER\OneDrive\Desktop\PUP\node_modules\expo-router\build\useFocusEffect.js:98
(anonymous) @ C:\Users\USER\OneDrive\Desktop\PUP\node_modules\expo-router\build\useFocusEffect.js:133
react-stack-bottom-frame @ C:\Users\USER\OneDrive\Desktop\PUP\node_modules\react-dom\cjs\react-dom-client.development.js:23949
runWithFiberInDEV @ C:\Users\USER\OneDrive\Desktop\PUP\node_modules\react-dom\cjs\react-dom-client.development.js:1519
commitHookEffectListMount @ C:\Users\USER\OneDrive\Desktop\PUP\node_modules\react-dom\cjs\react-dom-client.development.js:11905
commitHookPassiveMountEffects @ C:\Users\USER\OneDrive\Desktop\PUP\node_modules\react-dom\cjs\react-dom-client.development.js:12026
commitPassiveMountOnFiber @ C:\Users\USER\OneDrive\Desktop\PUP\node_modules\react-dom\cjs\react-dom-client.development.js:13841
recursivelyTraversePassiveMountEffects @ C:\Users\USER\OneDrive\Desktop\PUP\node_modules\react-dom\cjs\react-dom-client.development.js:13815
commitPassiveMountOnFiber @ C:\Users\USER\OneDrive\Desktop\PUP\node_modules\react-dom\cjs\react-dom-client.development.js:13928
recursivelyTraversePassiveMountEffects @ C:\Users\USER\OneDrive\Desktop\PUP\node_modules\react-dom\cjs\react-dom-client.development.js:13815
commitPassiveMountOnFiber @ C:\Users\USER\OneDrive\Desktop\PUP\node_modules\react-dom\cjs\react-dom-client.development.js:13903
recursivelyTraversePassiveMountEffects @ C:\Users\USER\OneDrive\Desktop\PUP\node_modules\react-dom\cjs\react-dom-client.development.js:13815
commitPassiveMountOnFiber @ C:\Users\USER\OneDrive\Desktop\PUP\node_modules\react-dom\cjs\react-dom-client.development.js:13957
recursivelyTraversePassiveMountEffects @ C:\Users\USER\OneDrive\Desktop\PUP\node_modules\react-dom\cjs\react-dom-client.development.js:13815
commitPassiveMountOnFiber @ C:\Users\USER\OneDrive\Desktop\PUP\node_modules\react-dom\cjs\react-dom-client.development.js:13957
recursivelyTraversePassiveMountEffects @ C:\Users\USER\OneDrive\Desktop\PUP\node_modules\react-dom\cjs\react-dom-client.development.js:13815
commitPassiveMountOnFiber @ C:\Users\USER\OneDrive\Desktop\PUP\node_modules\react-dom\cjs\react-dom-client.development.js:13834
recursivelyTraversePassiveMountEffects @ C:\Users\USER\OneDrive\Desktop\PUP\node_modules\react-dom\cjs\react-dom-client.development.js:13815
commitPassiveMountOnFiber @ C:\Users\USER\OneDrive\Desktop\PUP\node_modules\react-dom\cjs\react-dom-client.development.js:13834
recursivelyTraversePassiveMountEffects @ C:\Users\USER\OneDrive\Desktop\PUP\node_modules\react-dom\cjs\react-dom-client.development.js:13815
commitPassiveMountOnFiber @ C:\Users\USER\OneDrive\Desktop\PUP\node_modules\react-dom\cjs\react-dom-client.development.js:13834
recursivelyTraversePassiveMountEffects @ C:\Users\USER\OneDrive\Desktop\PUP\node_modules\react-dom\cjs\react-dom-client.development.js:13815
commitPassiveMountOnFiber @ C:\Users\USER\OneDrive\Desktop\PUP\node_modules\react-dom\cjs\react-dom-client.development.js:13957
recursivelyTraversePassiveMountEffects @ C:\Users\USER\OneDrive\Desktop\PUP\node_modules\react-dom\cjs\react-dom-client.development.js:13815
commitPassiveMountOnFiber @ C:\Users\USER\OneDrive\Desktop\PUP\node_modules\react-dom\cjs\react-dom-client.development.js:13957
recursivelyTraversePassiveMountEffects @ C:\Users\USER\OneDrive\Desktop\PUP\node_modules\react-dom\cjs\react-dom-client.development.js:13815
commitPassiveMountOnFiber @ C:\Users\USER\OneDrive\Desktop\PUP\node_modules\react-dom\cjs\react-dom-client.development.js:13834
recursivelyTraversePassiveMountEffects @ C:\Users\USER\OneDrive\Desktop\PUP\node_modules\react-dom\cjs\react-dom-client.development.js:13815
commitPassiveMountOnFiber @ C:\Users\USER\OneDrive\Desktop\PUP\node_modules\react-dom\cjs\react-dom-client.development.js:13957
recursivelyTraversePassiveMountEffects @ C:\Users\USER\OneDrive\Desktop\PUP\node_modules\react-dom\cjs\react-dom-client.development.js:13815
commitPassiveMountOnFiber @ C:\Users\USER\OneDrive\Desktop\PUP\node_modules\react-dom\cjs\react-dom-client.development.js:13957
recursivelyTraversePassiveMountEffects @ C:\Users\USER\OneDrive\Desktop\PUP\node_modules\react-dom\cjs\react-dom-client.development.js:13815
commitPassiveMountOnFiber @ C:\Users\USER\OneDrive\Desktop\PUP\node_modules\react-dom\cjs\react-dom-client.development.js:13957
recursivelyTraversePassiveMountEffects @ C:\Users\USER\OneDrive\Desktop\PUP\node_modules\react-dom\cjs\react-dom-client.development.js:13815
commitPassiveMountOnFiber @ C:\Users\USER\OneDrive\Desktop\PUP\node_modules\react-dom\cjs\react-dom-client.development.js:13834
recursivelyTraversePassiveMountEffects @ C:\Users\USER\OneDrive\Desktop\PUP\node_modules\react-dom\cjs\react-dom-client.development.js:13815
commitPassiveMountOnFiber @ C:\Users\USER\OneDrive\Desktop\PUP\node_modules\react-dom\cjs\react-dom-client.development.js:13957
recursivelyTraversePassiveMountEffects @ C:\Users\USER\OneDrive\Desktop\PUP\node_modules\react-dom\cjs\react-dom-client.development.js:13815
commitPassiveMountOnFiber @ C:\Users\USER\OneDrive\Desktop\PUP\node_modules\react-dom\cjs\react-dom-client.development.js:13957
recursivelyTraversePassiveMountEffects @ C:\Users\USER\OneDrive\Desktop\PUP\node_modules\react-dom\cjs\react-dom-client.development.js:13815
commitPassiveMountOnFiber @ C:\Users\USER\OneDrive\Desktop\PUP\node_modules\react-dom\cjs\react-dom-client.development.js:13957
recursivelyTraversePassiveMountEffects @ C:\Users\USER\OneDrive\Desktop\PUP\node_modules\react-dom\cjs\react-dom-client.development.js:13815
commitPassiveMountOnFiber @ C:\Users\USER\OneDrive\Desktop\PUP\node_modules\react-dom\cjs\react-dom-client.development.js:13834
recursivelyTraversePassiveMountEffects @ C:\Users\USER\OneDrive\Desktop\PUP\node_modules\react-dom\cjs\react-dom-client.development.js:13815
commitPassiveMountOnFiber @ C:\Users\USER\OneDrive\Desktop\PUP\node_modules\react-dom\cjs\react-dom-client.development.js:13957
recursivelyTraversePassiveMountEffects @ C:\Users\USER\OneDrive\Desktop\PUP\node_modules\react-dom\cjs\react-dom-client.development.js:13815
commitPassiveMountOnFiber @ C:\Users\USER\OneDrive\Desktop\PUP\node_modules\react-dom\cjs\react-dom-client.development.js:13957
recursivelyTraversePassiveMountEffects @ C:\Users\USER\OneDrive\Desktop\PUP\node_modules\react-dom\cjs\react-dom-client.development.js:13815
commitPassiveMountOnFiber @ C:\Users\USER\OneDrive\Desktop\PUP\node_modules\react-dom\cjs\react-dom-client.development.js:13957
recursivelyTraversePassiveMountEffects @ C:\Users\USER\OneDrive\Desktop\PUP\node_modules\react-dom\cjs\react-dom-client.development.js:13815
commitPassiveMountOnFiber @ C:\Users\USER\OneDrive\Desktop\PUP\node_modules\react-dom\cjs\react-dom-client.development.js:13957
recursivelyTraversePassiveMountEffects @ C:\Users\USER\OneDrive\Desktop\PUP\node_modules\react-dom\cjs\react-dom-client.development.js:13815
commitPassiveMountOnFiber @ C:\Users\USER\OneDrive\Desktop\PUP\node_modules\react-dom\cjs\react-dom-client.development.js:13834
recursivelyTraversePassiveMountEffects @ C:\Users\USER\OneDrive\Desktop\PUP\node_modules\react-dom\cjs\react-dom-client.development.js:13815
commitPassiveMountOnFiber @ C:\Users\USER\OneDrive\Desktop\PUP\node_modules\react-dom\cjs\react-dom-client.development.js:13957
recursivelyTraversePassiveMountEffects @ C:\Users\USER\OneDrive\Desktop\PUP\node_modules\react-dom\cjs\react-dom-client.development.js:13815
commitPassiveMountOnFiber @ C:\Users\USER\OneDrive\Desktop\PUP\node_modules\react-dom\cjs\react-dom-client.development.js:13834
recursivelyTraversePassiveMountEffects @ C:\Users\USER\OneDrive\Desktop\PUP\node_modules\react-dom\cjs\react-dom-client.development.js:13815
commitPassiveMountOnFiber @ C:\Users\USER\OneDrive\Desktop\PUP\node_modules\react-dom\cjs\react-dom-client.development.js:13834
recursivelyTraversePassiveMountEffects @ C:\Users\USER\OneDrive\Desktop\PUP\node_modules\react-dom\cjs\react-dom-client.development.js:13815
commitPassiveMountOnFiber @ C:\Users\USER\OneDrive\Desktop\PUP\node_modules\react-dom\cjs\react-dom-client.development.js:13834
recursivelyTraversePassiveMountEffects @ C:\Users\USER\OneDrive\Desktop\PUP\node_modules\react-dom\cjs\react-dom-client.development.js:13815
commitPassiveMountOnFiber @ C:\Users\USER\OneDrive\Desktop\PUP\node_modules\react-dom\cjs\react-dom-client.development.js:13834
recursivelyTraversePassiveMountEffects @ C:\Users\USER\OneDrive\Desktop\PUP\node_modules\react-dom\cjs\react-dom-client.development.js:13815
commitPassiveMountOnFiber @ C:\Users\USER\OneDrive\Desktop\PUP\node_modules\react-dom\cjs\react-dom-client.development.js:13957
recursivelyTraversePassiveMountEffects @ C:\Users\USER\OneDrive\Desktop\PUP\node_modules\react-dom\cjs\react-dom-client.development.js:13815
commitPassiveMountOnFiber @ C:\Users\USER\OneDrive\Desktop\PUP\node_modules\react-dom\cjs\react-dom-client.development.js:13957
recursivelyTraversePassiveMountEffects @ C:\Users\USER\OneDrive\Desktop\PUP\node_modules\react-dom\cjs\react-dom-client.development.js:13815
commitPassiveMountOnFiber @ C:\Users\USER\OneDrive\Desktop\PUP\node_modules\react-dom\cjs\react-dom-client.development.js:13834
recursivelyTraversePassiveMountEffects @ C:\Users\USER\OneDrive\Desktop\PUP\node_modules\react-dom\cjs\react-dom-client.development.js:13815
commitPassiveMountOnFiber @ C:\Users\USER\OneDrive\Desktop\PUP\node_modules\react-dom\cjs\react-dom-client.development.js:13834
recursivelyTraversePassiveMountEffects @ C:\Users\USER\OneDrive\Desktop\PUP\node_modules\react-dom\cjs\react-dom-client.development.js:13815
commitPassiveMountOnFiber @ C:\Users\USER\OneDrive\Desktop\PUP\node_modules\react-dom\cjs\react-dom-client.development.js:13957
recursivelyTraversePassiveMountEffects @ C:\Users\USER\OneDrive\Desktop\PUP\node_modules\react-dom\cjs\react-dom-client.development.js:13815
commitPassiveMountOnFiber @ C:\Users\USER\OneDrive\Desktop\PUP\node_modules\react-dom\cjs\react-dom-client.development.js:13834
recursivelyTraversePassiveMountEffects @ C:\Users\USER\OneDrive\Desktop\PUP\node_modules\react-dom\cjs\react-dom-client.development.js:13815
commitPassiveMountOnFiber @ C:\Users\USER\OneDrive\Desktop\PUP\node_modules\react-dom\cjs\react-dom-client.development.js:13834
recursivelyTraversePassiveMountEffects @ C:\Users\USER\OneDrive\Desktop\PUP\node_modules\react-dom\cjs\react-dom-client.development.js:13815
commitPassiveMountOnFiber @ C:\Users\USER\OneDrive\Desktop\PUP\node_modules\react-dom\cjs\react-dom-client.development.js:13957
recursivelyTraversePassiveMountEffects @ C:\Users\USER\OneDrive\Desktop\PUP\node_modules\react-dom\cjs\react-dom-client.development.js:13815
commitPassiveMountOnFiber @ C:\Users\USER\OneDrive\Desktop\PUP\node_modules\react-dom\cjs\react-dom-client.development.js:13834
recursivelyTraversePassiveMountEffects @ C:\Users\USER\OneDrive\Desktop\PUP\node_modules\react-dom\cjs\react-dom-client.development.js:13815
commitPassiveMountOnFiber @ C:\Users\USER\OneDrive\Desktop\PUP\node_modules\react-dom\cjs\react-dom-client.development.js:13957
recursivelyTraversePassiveMountEffects @ C:\Users\USER\OneDrive\Desktop\PUP\node_modules\react-dom\cjs\react-dom-client.development.js:13815
commitPassiveMountOnFiber @ C:\Users\USER\OneDrive\Desktop\PUP\node_modules\react-dom\cjs\react-dom-client.development.js:13834
recursivelyTraversePassiveMountEffects @ C:\Users\USER\OneDrive\Desktop\PUP\node_modules\react-dom\cjs\react-dom-client.development.js:13815
commitPassiveMountOnFiber @ C:\Users\USER\OneDrive\Desktop\PUP\node_modules\react-dom\cjs\react-dom-client.development.js:13834
recursivelyTraversePassiveMountEffects @ C:\Users\USER\OneDrive\Desktop\PUP\node_modules\react-dom\cjs\react-dom-client.development.js:13815
commitPassiveMountOnFiber @ C:\Users\USER\OneDrive\Desktop\PUP\node_modules\react-dom\cjs\react-dom-client.development.js:13834
recursivelyTraversePassiveMountEffects @ C:\Users\USER\OneDrive\Desktop\PUP\node_modules\react-dom\cjs\react-dom-client.development.js:13815
commitPassiveMountOnFiber @ C:\Users\USER\OneDrive\Desktop\PUP\node_modules\react-dom\cjs\react-dom-client.development.js:13957
recursivelyTraversePassiveMountEffects @ C:\Users\USER\OneDrive\Desktop\PUP\node_modules\react-dom\cjs\react-dom-client.development.js:13815
commitPassiveMountOnFiber @ C:\Users\USER\OneDrive\Desktop\PUP\node_modules\react-dom\cjs\react-dom-client.development.js:13834
recursivelyTraversePassiveMountEffects @ C:\Users\USER\OneDrive\Desktop\PUP\node_modules\react-dom\cjs\react-dom-client.development.js:13815
commitPassiveMountOnFiber @ C:\Users\USER\OneDrive\Desktop\PUP\node_modules\react-dom\cjs\react-dom-client.development.js:13957
recursivelyTraversePassiveMountEffects @ C:\Users\USER\OneDrive\Desktop\PUP\node_modules\react-dom\cjs\react-dom-client.development.js:13815
commitPassiveMountOnFiber @ C:\Users\USER\OneDrive\Desktop\PUP\node_modules\react-dom\cjs\react-dom-client.development.js:13957
recursivelyTraversePassiveMountEffects @ C:\Users\USER\OneDrive\Desktop\PUP\node_modules\react-dom\cjs\react-dom-client.development.js:13815
commitPassiveMountOnFiber @ C:\Users\USER\OneDrive\Desktop\PUP\node_modules\react-dom\cjs\react-dom-client.development.js:13834
recursivelyTraversePassiveMountEffects @ C:\Users\USER\OneDrive\Desktop\PUP\node_modules\react-dom\cjs\react-dom-client.development.js:13815
commitPassiveMountOnFiber @ C:\Users\USER\OneDrive\Desktop\PUP\node_modules\react-dom\cjs\react-dom-client.development.js:13957
recursivelyTraversePassiveMountEffects @ C:\Users\USER\OneDrive\Desktop\PUP\node_modules\react-dom\cjs\react-dom-client.development.js:13815
commitPassiveMountOnFiber @ C:\Users\USER\OneDrive\Desktop\PUP\node_modules\react-dom\cjs\react-dom-client.development.js:13957
recursivelyTraversePassiveMountEffects @ C:\Users\USER\OneDrive\Desktop\PUP\node_modules\react-dom\cjs\react-dom-client.development.js:13815
commitPassiveMountOnFiber @ C:\Users\USER\OneDrive\Desktop\PUP\node_modules\react-dom\cjs\react-dom-client.development.js:13834
recursivelyTraversePassiveMountEffects @ C:\Users\USER\OneDrive\Desktop\PUP\node_modules\react-dom\cjs\react-dom-client.development.js:13815
commitPassiveMountOnFiber @ C:\Users\USER\OneDrive\Desktop\PUP\node_modules\react-dom\cjs\react-dom-client.development.js:13834
recursivelyTraversePassiveMountEffects @ C:\Users\USER\OneDrive\Desktop\PUP\node_modules\react-dom\cjs\react-dom-client.development.js:13815
commitPassiveMountOnFiber @ C:\Users\USER\OneDrive\Desktop\PUP\node_modules\react-dom\cjs\react-dom-client.development.js:13834
recursivelyTraversePassiveMountEffects @ C:\Users\USER\OneDrive\Desktop\PUP\node_modules\react-dom\cjs\react-dom-client.development.js:13815
commitPassiveMountOnFiber @ C:\Users\USER\OneDrive\Desktop\PUP\node_modules\react-dom\cjs\react-dom-client.development.js:13834
recursivelyTraversePassiveMountEffects @ C:\Users\USER\OneDrive\Desktop\PUP\node_modules\react-dom\cjs\react-dom-client.development.js:13815
commitPassiveMountOnFiber @ C:\Users\USER\OneDrive\Desktop\PUP\node_modules\react-dom\cjs\react-dom-client.development.js:13834
recursivelyTraversePassiveMountEffects @ C:\Users\USER\OneDrive\Desktop\PUP\node_modules\react-dom\cjs\react-dom-client.development.js:13815
commitPassiveMountOnFiber @ C:\Users\USER\OneDrive\Desktop\PUP\node_modules\react-dom\cjs\react-dom-client.development.js:13834
recursivelyTraversePassiveMountEffects @ C:\Users\USER\OneDrive\Desktop\PUP\node_modules\react-dom\cjs\react-dom-client.development.js:13815
commitPassiveMountOnFiber @ C:\Users\USER\OneDrive\Desktop\PUP\node_modules\react-dom\cjs\react-dom-client.development.js:13928
recursivelyTraversePassiveMountEffects @ C:\Users\USER\OneDrive\Desktop\PUP\node_modules\react-dom\cjs\react-dom-client.development.js:13815
commitPassiveMountOnFiber @ C:\Users\USER\OneDrive\Desktop\PUP\node_modules\react-dom\cjs\react-dom-client.development.js:13903
recursivelyTraversePassiveMountEffects @ C:\Users\USER\OneDrive\Desktop\PUP\node_modules\react-dom\cjs\react-dom-client.development.js:13815
commitPassiveMountOnFiber @ C:\Users\USER\OneDrive\Desktop\PUP\node_modules\react-dom\cjs\react-dom-client.development.js:13957
recursivelyTraversePassiveMountEffects @ C:\Users\USER\OneDrive\Desktop\PUP\node_modules\react-dom\cjs\react-dom-client.development.js:13815
commitPassiveMountOnFiber @ C:\Users\USER\OneDrive\Desktop\PUP\node_modules\react-dom\cjs\react-dom-client.development.js:13957
recursivelyTraversePassiveMountEffects @ C:\Users\USER\OneDrive\Desktop\PUP\node_modules\react-dom\cjs\react-dom-client.development.js:13815
commitPassiveMountOnFiber @ C:\Users\USER\OneDrive\Desktop\PUP\node_modules\react-dom\cjs\react-dom-client.development.js:13834
recursivelyTraversePassiveMountEffects @ C:\Users\USER\OneDrive\Desktop\PUP\node_modules\react-dom\cjs\react-dom-client.development.js:13815
commitPassiveMountOnFiber @ C:\Users\USER\OneDrive\Desktop\PUP\node_modules\react-dom\cjs\react-dom-client.development.js:13834
recursivelyTraversePassiveMountEffects @ C:\Users\USER\OneDrive\Desktop\PUP\node_modules\react-dom\cjs\react-dom-client.development.js:13815
commitPassiveMountOnFiber @ C:\Users\USER\OneDrive\Desktop\PUP\node_modules\react-dom\cjs\react-dom-client.development.js:13834
recursivelyTraversePassiveMountEffects @ C:\Users\USER\OneDrive\Desktop\PUP\node_modules\react-dom\cjs\react-dom-client.development.js:13815
commitPassiveMountOnFiber @ C:\Users\USER\OneDrive\Desktop\PUP\node_modules\react-dom\cjs\react-dom-client.development.js:13957
recursivelyTraversePassiveMountEffects @ C:\Users\USER\OneDrive\Desktop\PUP\node_modules\react-dom\cjs\react-dom-client.development.js:13815
commitPassiveMountOnFiber @ C:\Users\USER\OneDrive\Desktop\PUP\node_modules\react-dom\cjs\react-dom-client.development.js:13957
recursivelyTraversePassiveMountEffects @ C:\Users\USER\OneDrive\Desktop\PUP\node_modules\react-dom\cjs\react-dom-client.development.js:13815
commitPassiveMountOnFiber @ C:\Users\USER\OneDrive\Desktop\PUP\node_modules\react-dom\cjs\react-dom-client.development.js:13834
recursivelyTraversePassiveMountEffects @ C:\Users\USER\OneDrive\Desktop\PUP\node_modules\react-dom\cjs\react-dom-client.development.js:13815
commitPassiveMountOnFiber @ C:\Users\USER\OneDrive\Desktop\PUP\node_modules\react-dom\cjs\react-dom-client.development.js:13957
recursivelyTraversePassiveMountEffects @ C:\Users\USER\OneDrive\Desktop\PUP\node_modules\react-dom\cjs\react-dom-client.development.js:13815
commitPassiveMountOnFiber @ C:\Users\USER\OneDrive\Desktop\PUP\node_modules\react-dom\cjs\react-dom-client.development.js:13957
recursivelyTraversePassiveMountEffects @ C:\Users\USER\OneDrive\Desktop\PUP\node_modules\react-dom\cjs\react-dom-client.development.js:13815
commitPassiveMountOnFiber @ C:\Users\USER\OneDrive\Desktop\PUP\node_modules\react-dom\cjs\react-dom-client.development.js:13957
recursivelyTraversePassiveMountEffects @ C:\Users\USER\OneDrive\Desktop\PUP\node_modules\react-dom\cjs\react-dom-client.development.js:13815
commitPassiveMountOnFiber @ C:\Users\USER\OneDrive\Desktop\PUP\node_modules\react-dom\cjs\react-dom-client.development.js:13834
recursivelyTraversePassiveMountEffects @ C:\Users\USER\OneDrive\Desktop\PUP\node_modules\react-dom\cjs\react-dom-client.development.js:13815
commitPassiveMountOnFiber @ C:\Users\USER\OneDrive\Desktop\PUP\node_modules\react-dom\cjs\react-dom-client.development.js:13957
recursivelyTraversePassiveMountEffects @ C:\Users\USER\OneDrive\Desktop\PUP\node_modules\react-dom\cjs\react-dom-client.development.js:13815
commitPassiveMountOnFiber @ C:\Users\USER\OneDrive\Desktop\PUP\node_modules\react-dom\cjs\react-dom-client.development.js:13957
recursivelyTraversePassiveMountEffects @ C:\Users\USER\OneDrive\Desktop\PUP\node_modules\react-dom\cjs\react-dom-client.development.js:13815
commitPassiveMountOnFiber @ C:\Users\USER\OneDrive\Desktop\PUP\node_modules\react-dom\cjs\react-dom-client.development.js:13957
recursivelyTraversePassiveMountEffects @ C:\Users\USER\OneDrive\Desktop\PUP\node_modules\react-dom\cjs\react-dom-client.development.js:13815
commitPassiveMountOnFiber @ C:\Users\USER\OneDrive\Desktop\PUP\node_modules\react-dom\cjs\react-dom-client.development.js:13834
recursivelyTraversePassiveMountEffects @ C:\Users\USER\OneDrive\Desktop\PUP\node_modules\react-dom\cjs\react-dom-client.development.js:13815
commitPassiveMountOnFiber @ C:\Users\USER\OneDrive\Desktop\PUP\node_modules\react-dom\cjs\react-dom-client.development.js:13957
recursivelyTraversePassiveMountEffects @ C:\Users\USER\OneDrive\Desktop\PUP\node_modules\react-dom\cjs\react-dom-client.development.js:13815
commitPassiveMountOnFiber @ C:\Users\USER\OneDrive\Desktop\PUP\node_modules\react-dom\cjs\react-dom-client.development.js:13957
recursivelyTraversePassiveMountEffects @ C:\Users\USER\OneDrive\Desktop\PUP\node_modules\react-dom\cjs\react-dom-client.development.js:13815
commitPassiveMountOnFiber @ C:\Users\USER\OneDrive\Desktop\PUP\node_modules\react-dom\cjs\react-dom-client.development.js:13834
recursivelyTraversePassiveMountEffects @ C:\Users\USER\OneDrive\Desktop\PUP\node_modules\react-dom\cjs\react-dom-client.development.js:13815
commitPassiveMountOnFiber @ C:\Users\USER\OneDrive\Desktop\PUP\node_modules\react-dom\cjs\react-dom-client.development.js:13957
recursivelyTraversePassiveMountEffects @ C:\Users\USER\OneDrive\Desktop\PUP\node_modules\react-dom\cjs\react-dom-client.development.js:13815
commitPassiveMountOnFiber @ C:\Users\USER\OneDrive\Desktop\PUP\node_modules\react-dom\cjs\react-dom-client.development.js:13957
recursivelyTraversePassiveMountEffects @ C:\Users\USER\OneDrive\Desktop\PUP\node_modules\react-dom\cjs\react-dom-client.development.js:13815
commitPassiveMountOnFiber @ C:\Users\USER\OneDrive\Desktop\PUP\node_modules\react-dom\cjs\react-dom-client.development.js:13834
recursivelyTraversePassiveMountEffects @ C:\Users\USER\OneDrive\Desktop\PUP\node_modules\react-dom\cjs\react-dom-client.development.js:13815
commitPassiveMountOnFiber @ C:\Users\USER\OneDrive\Desktop\PUP\node_modules\react-dom\cjs\react-dom-client.development.js:13957
recursivelyTraversePassiveMountEffects @ C:\Users\USER\OneDrive\Desktop\PUP\node_modules\react-dom\cjs\react-dom-client.development.js:13815
commitPassiveMountOnFiber @ C:\Users\USER\OneDrive\Desktop\PUP\node_modules\react-dom\cjs\react-dom-client.development.js:13957
recursivelyTraversePassiveMountEffects @ C:\Users\USER\OneDrive\Desktop\PUP\node_modules\react-dom\cjs\react-dom-client.development.js:13815
commitPassiveMountOnFiber @ C:\Users\USER\OneDrive\Desktop\PUP\node_modules\react-dom\cjs\react-dom-client.development.js:13834
recursivelyTraversePassiveMountEffects @ C:\Users\USER\OneDrive\Desktop\PUP\node_modules\react-dom\cjs\react-dom-client.development.js:13815
commitPassiveMountOnFiber @ C:\Users\USER\OneDrive\Desktop\PUP\node_modules\react-dom\cjs\react-dom-client.development.js:13834
recursivelyTraversePassiveMountEffects @ C:\Users\USER\OneDrive\Desktop\PUP\node_modules\react-dom\cjs\react-dom-client.development.js:13815
commitPassiveMountOnFiber @ C:\Users\USER\OneDrive\Desktop\PUP\node_modules\react-dom\cjs\react-dom-client.development.js:13834
recursivelyTraversePassiveMountEffects @ C:\Users\USER\OneDrive\Desktop\PUP\node_modules\react-dom\cjs\react-dom-client.development.js:13815
commitPassiveMountOnFiber @ C:\Users\USER\OneDrive\Desktop\PUP\node_modules\react-dom\cjs\react-dom-client.development.js:13834
recursivelyTraversePassiveMountEffects @ C:\Users\USER\OneDrive\Desktop\PUP\node_modules\react-dom\cjs\react-dom-client.development.js:13815
commitPassiveMountOnFiber @ C:\Users\USER\OneDrive\Desktop\PUP\node_modules\react-dom\cjs\react-dom-client.development.js:13957
recursivelyTraversePassiveMountEffects @ C:\Users\USER\OneDrive\Desktop\PUP\node_modules\react-dom\cjs\react-dom-client.development.js:13815
commitPassiveMountOnFiber @ C:\Users\USER\OneDrive\Desktop\PUP\node_modules\react-dom\cjs\react-dom-client.development.js:13834
recursivelyTraversePassiveMountEffects @ C:\Users\USER\OneDrive\Desktop\PUP\node_modules\react-dom\cjs\react-dom-client.development.js:13815
commitPassiveMountOnFiber @ C:\Users\USER\OneDrive\Desktop\PUP\node_modules\react-dom\cjs\react-dom-client.development.js:13834
recursivelyTraversePassiveMountEffects @ C:\Users\USER\OneDrive\Desktop\PUP\node_modules\react-dom\cjs\react-dom-client.development.js:13815
commitPassiveMountOnFiber @ C:\Users\USER\OneDrive\Desktop\PUP\node_modules\react-dom\cjs\react-dom-client.development.js:13928
recursivelyTraversePassiveMountEffects @ C:\Users\USER\OneDrive\Desktop\PUP\node_modules\react-dom\cjs\react-dom-client.development.js:13815
commitPassiveMountOnFiber @ C:\Users\USER\OneDrive\Desktop\PUP\node_modules\react-dom\cjs\react-dom-client.development.js:13903
recursivelyTraversePassiveMountEffects @ C:\Users\USER\OneDrive\Desktop\PUP\node_modules\react-dom\cjs\react-dom-client.development.js:13815
commitPassiveMountOnFiber @ C:\Users\USER\OneDrive\Desktop\PUP\node_modules\react-dom\cjs\react-dom-client.development.js:13957
recursivelyTraversePassiveMountEffects @ C:\Users\USER\OneDrive\Desktop\PUP\node_modules\react-dom\cjs\react-dom-client.development.js:13815
commitPassiveMountOnFiber @ C:\Users\USER\OneDrive\Desktop\PUP\node_modules\react-dom\cjs\react-dom-client.development.js:13957
recursivelyTraversePassiveMountEffects @ C:\Users\USER\OneDrive\Desktop\PUP\node_modules\react-dom\cjs\react-dom-client.development.js:13815
commitPassiveMountOnFiber @ C:\Users\USER\OneDrive\Desktop\PUP\node_modules\react-dom\cjs\react-dom-client.development.js:13834
recursivelyTraversePassiveMountEffects @ C:\Users\USER\OneDrive\Desktop\PUP\node_modules\react-dom\cjs\react-dom-client.development.js:13815
commitPassiveMountOnFiber @ C:\Users\USER\OneDrive\Desktop\PUP\node_modules\react-dom\cjs\react-dom-client.development.js:13834
recursivelyTraversePassiveMountEffects @ C:\Users\USER\OneDrive\Desktop\PUP\node_modules\react-dom\cjs\react-dom-client.development.js:13815
commitPassiveMountOnFiber @ C:\Users\USER\OneDrive\Desktop\PUP\node_modules\react-dom\cjs\react-dom-client.development.js:13834
recursivelyTraversePassiveMountEffects @ C:\Users\USER\OneDrive\Desktop\PUP\node_modules\react-dom\cjs\react-dom-client.development.js:13815
commitPassiveMountOnFiber @ C:\Users\USER\OneDrive\Desktop\PUP\node_modules\react-dom\cjs\react-dom-client.development.js:13957
<CollectionsScreen(./(tabs)/collections.tsx)>
exports.jsxDEV @ C:\Users\USER\OneDrive\Desktop\PUP\node_modules\react\cjs\react-jsx-dev-runtime.development.js:346
BaseRoute @ C:\Users\USER\OneDrive\Desktop\PUP\node_modules\expo-router\build\useScreens.js:213
react-stack-bottom-frame @ C:\Users\USER\OneDrive\Desktop\PUP\node_modules\react-dom\cjs\react-dom-client.development.js:23863
renderWithHooks @ C:\Users\USER\OneDrive\Desktop\PUP\node_modules\react-dom\cjs\react-dom-client.development.js:5529
updateFunctionComponent @ C:\Users\USER\OneDrive\Desktop\PUP\node_modules\react-dom\cjs\react-dom-client.development.js:8897
beginWork @ C:\Users\USER\OneDrive\Desktop\PUP\node_modules\react-dom\cjs\react-dom-client.development.js:10522
runWithFiberInDEV @ C:\Users\USER\OneDrive\Desktop\PUP\node_modules\react-dom\cjs\react-dom-client.development.js:1519
performUnitOfWork @ C:\Users\USER\OneDrive\Desktop\PUP\node_modules\react-dom\cjs\react-dom-client.development.js:15132
workLoopSync @ C:\Users\USER\OneDrive\Desktop\PUP\node_modules\react-dom\cjs\react-dom-client.development.js:14956
renderRootSync @ C:\Users\USER\OneDrive\Desktop\PUP\node_modules\react-dom\cjs\react-dom-client.development.js:14936
performWorkOnRoot @ C:\Users\USER\OneDrive\Desktop\PUP\node_modules\react-dom\cjs\react-dom-client.development.js:14419
performSyncWorkOnRoot @ C:\Users\USER\OneDrive\Desktop\PUP\node_modules\react-dom\cjs\react-dom-client.development.js:16231
flushSyncWorkAcrossRoots_impl @ C:\Users\USER\OneDrive\Desktop\PUP\node_modules\react-dom\cjs\react-dom-client.development.js:16079
processRootScheduleInMicrotask @ C:\Users\USER\OneDrive\Desktop\PUP\node_modules\react-dom\cjs\react-dom-client.development.js:16116
(anonymous) @ C:\Users\USER\OneDrive\Desktop\PUP\node_modules\react-dom\cjs\react-dom-client.development.js:16250
<Route(collections)>
exports.jsx @ C:\Users\USER\OneDrive\Desktop\PUP\node_modules\react\cjs\react-jsx-runtime.development.js:339
SceneView @ C:\Users\USER\OneDrive\Desktop\PUP\node_modules\@react-navigation\core\lib\module\SceneView.js:125
react-stack-bottom-frame @ C:\Users\USER\OneDrive\Desktop\PUP\node_modules\react-dom\cjs\react-dom-client.development.js:23863
renderWithHooks @ C:\Users\USER\OneDrive\Desktop\PUP\node_modules\react-dom\cjs\react-dom-client.development.js:5529
updateFunctionComponent @ C:\Users\USER\OneDrive\Desktop\PUP\node_modules\react-dom\cjs\react-dom-client.development.js:8897
beginWork @ C:\Users\USER\OneDrive\Desktop\PUP\node_modules\react-dom\cjs\react-dom-client.development.js:10522
runWithFiberInDEV @ C:\Users\USER\OneDrive\Desktop\PUP\node_modules\react-dom\cjs\react-dom-client.development.js:1519
performUnitOfWork @ C:\Users\USER\OneDrive\Desktop\PUP\node_modules\react-dom\cjs\react-dom-client.development.js:15132
workLoopSync @ C:\Users\USER\OneDrive\Desktop\PUP\node_modules\react-dom\cjs\react-dom-client.development.js:14956
renderRootSync @ C:\Users\USER\OneDrive\Desktop\PUP\node_modules\react-dom\cjs\react-dom-client.development.js:14936
performWorkOnRoot @ C:\Users\USER\OneDrive\Desktop\PUP\node_modules\react-dom\cjs\react-dom-client.development.js:14419
performSyncWorkOnRoot @ C:\Users\USER\OneDrive\Desktop\PUP\node_modules\react-dom\cjs\react-dom-client.development.js:16231
flushSyncWorkAcrossRoots_impl @ C:\Users\USER\OneDrive\Desktop\PUP\node_modules\react-dom\cjs\react-dom-client.development.js:16079
processRootScheduleInMicrotask @ C:\Users\USER\OneDrive\Desktop\PUP\node_modules\react-dom\cjs\react-dom-client.development.js:16116
(anonymous) @ C:\Users\USER\OneDrive\Desktop\PUP\node_modules\react-dom\cjs\react-dom-client.development.js:16250
<SceneView>
exports.jsx @ C:\Users\USER\OneDrive\Desktop\PUP\node_modules\react\cjs\react-jsx-runtime.development.js:339
render @ C:\Users\USER\OneDrive\Desktop\PUP\node_modules\@react-navigation\core\lib\module\useDescriptors.js:108
(anonymous) @ C:\Users\USER\OneDrive\Desktop\PUP\node_modules\@react-navigation\core\lib\module\useDescriptors.js:140
useDescriptors @ C:\Users\USER\OneDrive\Desktop\PUP\node_modules\@react-navigation\core\lib\module\useDescriptors.js:137
useNavigationBuilder @ C:\Users\USER\OneDrive\Desktop\PUP\node_modules\@react-navigation\core\lib\module\useNavigationBuilder.js:562
BottomTabNavigator @ C:\Users\USER\OneDrive\Desktop\PUP\node_modules\@react-navigation\bottom-tabs\lib\module\navigators\createBottomTabNavigator.js:24
react-stack-bottom-frame @ C:\Users\USER\OneDrive\Desktop\PUP\node_modules\react-dom\cjs\react-dom-client.development.js:23863
renderWithHooks @ C:\Users\USER\OneDrive\Desktop\PUP\node_modules\react-dom\cjs\react-dom-client.development.js:5529
updateFunctionComponent @ C:\Users\USER\OneDrive\Desktop\PUP\node_modules\react-dom\cjs\react-dom-client.development.js:8897
beginWork @ C:\Users\USER\OneDrive\Desktop\PUP\node_modules\react-dom\cjs\react-dom-client.development.js:10522
runWithFiberInDEV @ C:\Users\USER\OneDrive\Desktop\PUP\node_modules\react-dom\cjs\react-dom-client.development.js:1519
performUnitOfWork @ C:\Users\USER\OneDrive\Desktop\PUP\node_modules\react-dom\cjs\react-dom-client.development.js:15132
workLoopSync @ C:\Users\USER\OneDrive\Desktop\PUP\node_modules\react-dom\cjs\react-dom-client.development.js:14956
renderRootSync @ C:\Users\USER\OneDrive\Desktop\PUP\node_modules\react-dom\cjs\react-dom-client.development.js:14936
performWorkOnRoot @ C:\Users\USER\OneDrive\Desktop\PUP\node_modules\react-dom\cjs\react-dom-client.development.js:14419
performSyncWorkOnRoot @ C:\Users\USER\OneDrive\Desktop\PUP\node_modules\react-dom\cjs\react-dom-client.development.js:16231
flushSyncWorkAcrossRoots_impl @ C:\Users\USER\OneDrive\Desktop\PUP\node_modules\react-dom\cjs\react-dom-client.development.js:16079
processRootScheduleInMicrotask @ C:\Users\USER\OneDrive\Desktop\PUP\node_modules\react-dom\cjs\react-dom-client.development.js:16116
(anonymous) @ C:\Users\USER\OneDrive\Desktop\PUP\node_modules\react-dom\cjs\react-dom-client.development.js:16250
C:\Users\USER\OneDrive\Desktop\PUP\lib\firestore-rest.ts:197 [REST] getCollection request: {collection: 'regions', url: 'https://firestore.googleapis.com/v1/projects/lasan…aSyAZ36rq3scKZDT5SsETJ_SYIOEB9Gcbkyk&orderBy=name', hasAuth: true}
C:\Users\USER\OneDrive\Desktop\PUP\lib\firestore-rest.ts:133  GET https://firestore.googleapis.com/v1/projects/lasangpinoy-mobile/databases/(default)/documents/regions?key=AIzaSyAZ36rq3scKZDT5SsETJ_SYIOEB9Gcbkyk&orderBy=name 404 (Not Found)
fetchWithTimeout @ C:\Users\USER\OneDrive\Desktop\PUP\lib\firestore-rest.ts:133
getCollection @ C:\Users\USER\OneDrive\Desktop\PUP\lib\firestore-rest.ts:199
await in getCollection
getRegions @ C:\Users\USER\OneDrive\Desktop\PUP\lib\firebase.ts:525
loadRegions @ C:\Users\USER\OneDrive\Desktop\PUP\app\(tabs)\submit.tsx:74
(anonymous) @ C:\Users\USER\OneDrive\Desktop\PUP\app\(tabs)\submit.tsx:67
callback @ C:\Users\USER\OneDrive\Desktop\PUP\node_modules\expo-router\build\useFocusEffect.js:98
(anonymous) @ C:\Users\USER\OneDrive\Desktop\PUP\node_modules\expo-router\build\useFocusEffect.js:133
react-stack-bottom-frame @ C:\Users\USER\OneDrive\Desktop\PUP\node_modules\react-dom\cjs\react-dom-client.development.js:23949
runWithFiberInDEV @ C:\Users\USER\OneDrive\Desktop\PUP\node_modules\react-dom\cjs\react-dom-client.development.js:1519
commitHookEffectListMount @ C:\Users\USER\OneDrive\Desktop\PUP\node_modules\react-dom\cjs\react-dom-client.development.js:11905
commitHookPassiveMountEffects @ C:\Users\USER\OneDrive\Desktop\PUP\node_modules\react-dom\cjs\react-dom-client.development.js:12026
commitPassiveMountOnFiber @ C:\Users\USER\OneDrive\Desktop\PUP\node_modules\react-dom\cjs\react-dom-client.development.js:13841
recursivelyTraversePassiveMountEffects @ C:\Users\USER\OneDrive\Desktop\PUP\node_modules\react-dom\cjs\react-dom-client.development.js:13815
commitPassiveMountOnFiber @ C:\Users\USER\OneDrive\Desktop\PUP\node_modules\react-dom\cjs\react-dom-client.development.js:13928
recursivelyTraversePassiveMountEffects @ C:\Users\USER\OneDrive\Desktop\PUP\node_modules\react-dom\cjs\react-dom-client.development.js:13815
commitPassiveMountOnFiber @ C:\Users\USER\OneDrive\Desktop\PUP\node_modules\react-dom\cjs\react-dom-client.development.js:13903
recursivelyTraversePassiveMountEffects @ C:\Users\USER\OneDrive\Desktop\PUP\node_modules\react-dom\cjs\react-dom-client.development.js:13815
commitPassiveMountOnFiber @ C:\Users\USER\OneDrive\Desktop\PUP\node_modules\react-dom\cjs\react-dom-client.development.js:13957
recursivelyTraversePassiveMountEffects @ C:\Users\USER\OneDrive\Desktop\PUP\node_modules\react-dom\cjs\react-dom-client.development.js:13815
commitPassiveMountOnFiber @ C:\Users\USER\OneDrive\Desktop\PUP\node_modules\react-dom\cjs\react-dom-client.development.js:13957
recursivelyTraversePassiveMountEffects @ C:\Users\USER\OneDrive\Desktop\PUP\node_modules\react-dom\cjs\react-dom-client.development.js:13815
commitPassiveMountOnFiber @ C:\Users\USER\OneDrive\Desktop\PUP\node_modules\react-dom\cjs\react-dom-client.development.js:13834
recursivelyTraversePassiveMountEffects @ C:\Users\USER\OneDrive\Desktop\PUP\node_modules\react-dom\cjs\react-dom-client.development.js:13815
commitPassiveMountOnFiber @ C:\Users\USER\OneDrive\Desktop\PUP\node_modules\react-dom\cjs\react-dom-client.development.js:13834
recursivelyTraversePassiveMountEffects @ C:\Users\USER\OneDrive\Desktop\PUP\node_modules\react-dom\cjs\react-dom-client.development.js:13815
commitPassiveMountOnFiber @ C:\Users\USER\OneDrive\Desktop\PUP\node_modules\react-dom\cjs\react-dom-client.development.js:13834
recursivelyTraversePassiveMountEffects @ C:\Users\USER\OneDrive\Desktop\PUP\node_modules\react-dom\cjs\react-dom-client.development.js:13815
commitPassiveMountOnFiber @ C:\Users\USER\OneDrive\Desktop\PUP\node_modules\react-dom\cjs\react-dom-client.development.js:13957
recursivelyTraversePassiveMountEffects @ C:\Users\USER\OneDrive\Desktop\PUP\node_modules\react-dom\cjs\react-dom-client.development.js:13815
commitPassiveMountOnFiber @ C:\Users\USER\OneDrive\Desktop\PUP\node_modules\react-dom\cjs\react-dom-client.development.js:13957
recursivelyTraversePassiveMountEffects @ C:\Users\USER\OneDrive\Desktop\PUP\node_modules\react-dom\cjs\react-dom-client.development.js:13815
commitPassiveMountOnFiber @ C:\Users\USER\OneDrive\Desktop\PUP\node_modules\react-dom\cjs\react-dom-client.development.js:13834
recursivelyTraversePassiveMountEffects @ C:\Users\USER\OneDrive\Desktop\PUP\node_modules\react-dom\cjs\react-dom-client.development.js:13815
commitPassiveMountOnFiber @ C:\Users\USER\OneDrive\Desktop\PUP\node_modules\react-dom\cjs\react-dom-client.development.js:13957
recursivelyTraversePassiveMountEffects @ C:\Users\USER\OneDrive\Desktop\PUP\node_modules\react-dom\cjs\react-dom-client.development.js:13815
commitPassiveMountOnFiber @ C:\Users\USER\OneDrive\Desktop\PUP\node_modules\react-dom\cjs\react-dom-client.development.js:13957
recursivelyTraversePassiveMountEffects @ C:\Users\USER\OneDrive\Desktop\PUP\node_modules\react-dom\cjs\react-dom-client.development.js:13815
commitPassiveMountOnFiber @ C:\Users\USER\OneDrive\Desktop\PUP\node_modules\react-dom\cjs\react-dom-client.development.js:13957
recursivelyTraversePassiveMountEffects @ C:\Users\USER\OneDrive\Desktop\PUP\node_modules\react-dom\cjs\react-dom-client.development.js:13815
commitPassiveMountOnFiber @ C:\Users\USER\OneDrive\Desktop\PUP\node_modules\react-dom\cjs\react-dom-client.development.js:13834
recursivelyTraversePassiveMountEffects @ C:\Users\USER\OneDrive\Desktop\PUP\node_modules\react-dom\cjs\react-dom-client.development.js:13815
commitPassiveMountOnFiber @ C:\Users\USER\OneDrive\Desktop\PUP\node_modules\react-dom\cjs\react-dom-client.development.js:13957
recursivelyTraversePassiveMountEffects @ C:\Users\USER\OneDrive\Desktop\PUP\node_modules\react-dom\cjs\react-dom-client.development.js:13815
commitPassiveMountOnFiber @ C:\Users\USER\OneDrive\Desktop\PUP\node_modules\react-dom\cjs\react-dom-client.development.js:13957
recursivelyTraversePassiveMountEffects @ C:\Users\USER\OneDrive\Desktop\PUP\node_modules\react-dom\cjs\react-dom-client.development.js:13815
commitPassiveMountOnFiber @ C:\Users\USER\OneDrive\Desktop\PUP\node_modules\react-dom\cjs\react-dom-client.development.js:13957
recursivelyTraversePassiveMountEffects @ C:\Users\USER\OneDrive\Desktop\PUP\node_modules\react-dom\cjs\react-dom-client.development.js:13815
commitPassiveMountOnFiber @ C:\Users\USER\OneDrive\Desktop\PUP\node_modules\react-dom\cjs\react-dom-client.development.js:13834
recursivelyTraversePassiveMountEffects @ C:\Users\USER\OneDrive\Desktop\PUP\node_modules\react-dom\cjs\react-dom-client.development.js:13815
commitPassiveMountOnFiber @ C:\Users\USER\OneDrive\Desktop\PUP\node_modules\react-dom\cjs\react-dom-client.development.js:13957
recursivelyTraversePassiveMountEffects @ C:\Users\USER\OneDrive\Desktop\PUP\node_modules\react-dom\cjs\react-dom-client.development.js:13815
commitPassiveMountOnFiber @ C:\Users\USER\OneDrive\Desktop\PUP\node_modules\react-dom\cjs\react-dom-client.development.js:13957
recursivelyTraversePassiveMountEffects @ C:\Users\USER\OneDrive\Desktop\PUP\node_modules\react-dom\cjs\react-dom-client.development.js:13815
commitPassiveMountOnFiber @ C:\Users\USER\OneDrive\Desktop\PUP\node_modules\react-dom\cjs\react-dom-client.development.js:13957
recursivelyTraversePassiveMountEffects @ C:\Users\USER\OneDrive\Desktop\PUP\node_modules\react-dom\cjs\react-dom-client.development.js:13815
commitPassiveMountOnFiber @ C:\Users\USER\OneDrive\Desktop\PUP\node_modules\react-dom\cjs\react-dom-client.development.js:13957
recursivelyTraversePassiveMountEffects @ C:\Users\USER\OneDrive\Desktop\PUP\node_modules\react-dom\cjs\react-dom-client.development.js:13815
commitPassiveMountOnFiber @ C:\Users\USER\OneDrive\Desktop\PUP\node_modules\react-dom\cjs\react-dom-client.development.js:13834
recursivelyTraversePassiveMountEffects @ C:\Users\USER\OneDrive\Desktop\PUP\node_modules\react-dom\cjs\react-dom-client.development.js:13815
commitPassiveMountOnFiber @ C:\Users\USER\OneDrive\Desktop\PUP\node_modules\react-dom\cjs\react-dom-client.development.js:13957
recursivelyTraversePassiveMountEffects @ C:\Users\USER\OneDrive\Desktop\PUP\node_modules\react-dom\cjs\react-dom-client.development.js:13815
commitPassiveMountOnFiber @ C:\Users\USER\OneDrive\Desktop\PUP\node_modules\react-dom\cjs\react-dom-client.development.js:13834
recursivelyTraversePassiveMountEffects @ C:\Users\USER\OneDrive\Desktop\PUP\node_modules\react-dom\cjs\react-dom-client.development.js:13815
commitPassiveMountOnFiber @ C:\Users\USER\OneDrive\Desktop\PUP\node_modules\react-dom\cjs\react-dom-client.development.js:13834
recursivelyTraversePassiveMountEffects @ C:\Users\USER\OneDrive\Desktop\PUP\node_modules\react-dom\cjs\react-dom-client.development.js:13815
commitPassiveMountOnFiber @ C:\Users\USER\OneDrive\Desktop\PUP\node_modules\react-dom\cjs\react-dom-client.development.js:13834
recursivelyTraversePassiveMountEffects @ C:\Users\USER\OneDrive\Desktop\PUP\node_modules\react-dom\cjs\react-dom-client.development.js:13815
commitPassiveMountOnFiber @ C:\Users\USER\OneDrive\Desktop\PUP\node_modules\react-dom\cjs\react-dom-client.development.js:13834
recursivelyTraversePassiveMountEffects @ C:\Users\USER\OneDrive\Desktop\PUP\node_modules\react-dom\cjs\react-dom-client.development.js:13815
commitPassiveMountOnFiber @ C:\Users\USER\OneDrive\Desktop\PUP\node_modules\react-dom\cjs\react-dom-client.development.js:13957
recursivelyTraversePassiveMountEffects @ C:\Users\USER\OneDrive\Desktop\PUP\node_modules\react-dom\cjs\react-dom-client.development.js:13815
commitPassiveMountOnFiber @ C:\Users\USER\OneDrive\Desktop\PUP\node_modules\react-dom\cjs\react-dom-client.development.js:13957
recursivelyTraversePassiveMountEffects @ C:\Users\USER\OneDrive\Desktop\PUP\node_modules\react-dom\cjs\react-dom-client.development.js:13815
commitPassiveMountOnFiber @ C:\Users\USER\OneDrive\Desktop\PUP\node_modules\react-dom\cjs\react-dom-client.development.js:13834
recursivelyTraversePassiveMountEffects @ C:\Users\USER\OneDrive\Desktop\PUP\node_modules\react-dom\cjs\react-dom-client.development.js:13815
commitPassiveMountOnFiber @ C:\Users\USER\OneDrive\Desktop\PUP\node_modules\react-dom\cjs\react-dom-client.development.js:13834
recursivelyTraversePassiveMountEffects @ C:\Users\USER\OneDrive\Desktop\PUP\node_modules\react-dom\cjs\react-dom-client.development.js:13815
commitPassiveMountOnFiber @ C:\Users\USER\OneDrive\Desktop\PUP\node_modules\react-dom\cjs\react-dom-client.development.js:13957
recursivelyTraversePassiveMountEffects @ C:\Users\USER\OneDrive\Desktop\PUP\node_modules\react-dom\cjs\react-dom-client.development.js:13815
commitPassiveMountOnFiber @ C:\Users\USER\OneDrive\Desktop\PUP\node_modules\react-dom\cjs\react-dom-client.development.js:13834
recursivelyTraversePassiveMountEffects @ C:\Users\USER\OneDrive\Desktop\PUP\node_modules\react-dom\cjs\react-dom-client.development.js:13815
commitPassiveMountOnFiber @ C:\Users\USER\OneDrive\Desktop\PUP\node_modules\react-dom\cjs\react-dom-client.development.js:13834
recursivelyTraversePassiveMountEffects @ C:\Users\USER\OneDrive\Desktop\PUP\node_modules\react-dom\cjs\react-dom-client.development.js:13815
commitPassiveMountOnFiber @ C:\Users\USER\OneDrive\Desktop\PUP\node_modules\react-dom\cjs\react-dom-client.development.js:13957
recursivelyTraversePassiveMountEffects @ C:\Users\USER\OneDrive\Desktop\PUP\node_modules\react-dom\cjs\react-dom-client.development.js:13815
commitPassiveMountOnFiber @ C:\Users\USER\OneDrive\Desktop\PUP\node_modules\react-dom\cjs\react-dom-client.development.js:13834
recursivelyTraversePassiveMountEffects @ C:\Users\USER\OneDrive\Desktop\PUP\node_modules\react-dom\cjs\react-dom-client.development.js:13815
commitPassiveMountOnFiber @ C:\Users\USER\OneDrive\Desktop\PUP\node_modules\react-dom\cjs\react-dom-client.development.js:13957
recursivelyTraversePassiveMountEffects @ C:\Users\USER\OneDrive\Desktop\PUP\node_modules\react-dom\cjs\react-dom-client.development.js:13815
commitPassiveMountOnFiber @ C:\Users\USER\OneDrive\Desktop\PUP\node_modules\react-dom\cjs\react-dom-client.development.js:13834
recursivelyTraversePassiveMountEffects @ C:\Users\USER\OneDrive\Desktop\PUP\node_modules\react-dom\cjs\react-dom-client.development.js:13815
commitPassiveMountOnFiber @ C:\Users\USER\OneDrive\Desktop\PUP\node_modules\react-dom\cjs\react-dom-client.development.js:13834
recursivelyTraversePassiveMountEffects @ C:\Users\USER\OneDrive\Desktop\PUP\node_modules\react-dom\cjs\react-dom-client.development.js:13815
commitPassiveMountOnFiber @ C:\Users\USER\OneDrive\Desktop\PUP\node_modules\react-dom\cjs\react-dom-client.development.js:13834
recursivelyTraversePassiveMountEffects @ C:\Users\USER\OneDrive\Desktop\PUP\node_modules\react-dom\cjs\react-dom-client.development.js:13815
commitPassiveMountOnFiber @ C:\Users\USER\OneDrive\Desktop\PUP\node_modules\react-dom\cjs\react-dom-client.development.js:13957
recursivelyTraversePassiveMountEffects @ C:\Users\USER\OneDrive\Desktop\PUP\node_modules\react-dom\cjs\react-dom-client.development.js:13815
commitPassiveMountOnFiber @ C:\Users\USER\OneDrive\Desktop\PUP\node_modules\react-dom\cjs\react-dom-client.development.js:13834
recursivelyTraversePassiveMountEffects @ C:\Users\USER\OneDrive\Desktop\PUP\node_modules\react-dom\cjs\react-dom-client.development.js:13815
commitPassiveMountOnFiber @ C:\Users\USER\OneDrive\Desktop\PUP\node_modules\react-dom\cjs\react-dom-client.development.js:13957
recursivelyTraversePassiveMountEffects @ C:\Users\USER\OneDrive\Desktop\PUP\node_modules\react-dom\cjs\react-dom-client.development.js:13815
commitPassiveMountOnFiber @ C:\Users\USER\OneDrive\Desktop\PUP\node_modules\react-dom\cjs\react-dom-client.development.js:13957
recursivelyTraversePassiveMountEffects @ C:\Users\USER\OneDrive\Desktop\PUP\node_modules\react-dom\cjs\react-dom-client.development.js:13815
commitPassiveMountOnFiber @ C:\Users\USER\OneDrive\Desktop\PUP\node_modules\react-dom\cjs\react-dom-client.development.js:13834
recursivelyTraversePassiveMountEffects @ C:\Users\USER\OneDrive\Desktop\PUP\node_modules\react-dom\cjs\react-dom-client.development.js:13815
commitPassiveMountOnFiber @ C:\Users\USER\OneDrive\Desktop\PUP\node_modules\react-dom\cjs\react-dom-client.development.js:13957
recursivelyTraversePassiveMountEffects @ C:\Users\USER\OneDrive\Desktop\PUP\node_modules\react-dom\cjs\react-dom-client.development.js:13815
commitPassiveMountOnFiber @ C:\Users\USER\OneDrive\Desktop\PUP\node_modules\react-dom\cjs\react-dom-client.development.js:13957
recursivelyTraversePassiveMountEffects @ C:\Users\USER\OneDrive\Desktop\PUP\node_modules\react-dom\cjs\react-dom-client.development.js:13815
commitPassiveMountOnFiber @ C:\Users\USER\OneDrive\Desktop\PUP\node_modules\react-dom\cjs\react-dom-client.development.js:13834
recursivelyTraversePassiveMountEffects @ C:\Users\USER\OneDrive\Desktop\PUP\node_modules\react-dom\cjs\react-dom-client.development.js:13815
commitPassiveMountOnFiber @ C:\Users\USER\OneDrive\Desktop\PUP\node_modules\react-dom\cjs\react-dom-client.development.js:13834
recursivelyTraversePassiveMountEffects @ C:\Users\USER\OneDrive\Desktop\PUP\node_modules\react-dom\cjs\react-dom-client.development.js:13815
commitPassiveMountOnFiber @ C:\Users\USER\OneDrive\Desktop\PUP\node_modules\react-dom\cjs\react-dom-client.development.js:13834
recursivelyTraversePassiveMountEffects @ C:\Users\USER\OneDrive\Desktop\PUP\node_modules\react-dom\cjs\react-dom-client.development.js:13815
commitPassiveMountOnFiber @ C:\Users\USER\OneDrive\Desktop\PUP\node_modules\react-dom\cjs\react-dom-client.development.js:13834
recursivelyTraversePassiveMountEffects @ C:\Users\USER\OneDrive\Desktop\PUP\node_modules\react-dom\cjs\react-dom-client.development.js:13815
commitPassiveMountOnFiber @ C:\Users\USER\OneDrive\Desktop\PUP\node_modules\react-dom\cjs\react-dom-client.development.js:13834
recursivelyTraversePassiveMountEffects @ C:\Users\USER\OneDrive\Desktop\PUP\node_modules\react-dom\cjs\react-dom-client.development.js:13815
commitPassiveMountOnFiber @ C:\Users\USER\OneDrive\Desktop\PUP\node_modules\react-dom\cjs\react-dom-client.development.js:13834
recursivelyTraversePassiveMountEffects @ C:\Users\USER\OneDrive\Desktop\PUP\node_modules\react-dom\cjs\react-dom-client.development.js:13815
commitPassiveMountOnFiber @ C:\Users\USER\OneDrive\Desktop\PUP\node_modules\react-dom\cjs\react-dom-client.development.js:13928
recursivelyTraversePassiveMountEffects @ C:\Users\USER\OneDrive\Desktop\PUP\node_modules\react-dom\cjs\react-dom-client.development.js:13815
commitPassiveMountOnFiber @ C:\Users\USER\OneDrive\Desktop\PUP\node_modules\react-dom\cjs\react-dom-client.development.js:13903
recursivelyTraversePassiveMountEffects @ C:\Users\USER\OneDrive\Desktop\PUP\node_modules\react-dom\cjs\react-dom-client.development.js:13815
commitPassiveMountOnFiber @ C:\Users\USER\OneDrive\Desktop\PUP\node_modules\react-dom\cjs\react-dom-client.development.js:13957
recursivelyTraversePassiveMountEffects @ C:\Users\USER\OneDrive\Desktop\PUP\node_modules\react-dom\cjs\react-dom-client.development.js:13815
commitPassiveMountOnFiber @ C:\Users\USER\OneDrive\Desktop\PUP\node_modules\react-dom\cjs\react-dom-client.development.js:13957
recursivelyTraversePassiveMountEffects @ C:\Users\USER\OneDrive\Desktop\PUP\node_modules\react-dom\cjs\react-dom-client.development.js:13815
commitPassiveMountOnFiber @ C:\Users\USER\OneDrive\Desktop\PUP\node_modules\react-dom\cjs\react-dom-client.development.js:13834
recursivelyTraversePassiveMountEffects @ C:\Users\USER\OneDrive\Desktop\PUP\node_modules\react-dom\cjs\react-dom-client.development.js:13815
commitPassiveMountOnFiber @ C:\Users\USER\OneDrive\Desktop\PUP\node_modules\react-dom\cjs\react-dom-client.development.js:13834
recursivelyTraversePassiveMountEffects @ C:\Users\USER\OneDrive\Desktop\PUP\node_modules\react-dom\cjs\react-dom-client.development.js:13815
commitPassiveMountOnFiber @ C:\Users\USER\OneDrive\Desktop\PUP\node_modules\react-dom\cjs\react-dom-client.development.js:13834
recursivelyTraversePassiveMountEffects @ C:\Users\USER\OneDrive\Desktop\PUP\node_modules\react-dom\cjs\react-dom-client.development.js:13815
commitPassiveMountOnFiber @ C:\Users\USER\OneDrive\Desktop\PUP\node_modules\react-dom\cjs\react-dom-client.development.js:13957
recursivelyTraversePassiveMountEffects @ C:\Users\USER\OneDrive\Desktop\PUP\node_modules\react-dom\cjs\react-dom-client.development.js:13815
commitPassiveMountOnFiber @ C:\Users\USER\OneDrive\Desktop\PUP\node_modules\react-dom\cjs\react-dom-client.development.js:13957
recursivelyTraversePassiveMountEffects @ C:\Users\USER\OneDrive\Desktop\PUP\node_modules\react-dom\cjs\react-dom-client.development.js:13815
commitPassiveMountOnFiber @ C:\Users\USER\OneDrive\Desktop\PUP\node_modules\react-dom\cjs\react-dom-client.development.js:13834
recursivelyTraversePassiveMountEffects @ C:\Users\USER\OneDrive\Desktop\PUP\node_modules\react-dom\cjs\react-dom-client.development.js:13815
commitPassiveMountOnFiber @ C:\Users\USER\OneDrive\Desktop\PUP\node_modules\react-dom\cjs\react-dom-client.development.js:13957
recursivelyTraversePassiveMountEffects @ C:\Users\USER\OneDrive\Desktop\PUP\node_modules\react-dom\cjs\react-dom-client.development.js:13815
commitPassiveMountOnFiber @ C:\Users\USER\OneDrive\Desktop\PUP\node_modules\react-dom\cjs\react-dom-client.development.js:13957
recursivelyTraversePassiveMountEffects @ C:\Users\USER\OneDrive\Desktop\PUP\node_modules\react-dom\cjs\react-dom-client.development.js:13815
commitPassiveMountOnFiber @ C:\Users\USER\OneDrive\Desktop\PUP\node_modules\react-dom\cjs\react-dom-client.development.js:13957
recursivelyTraversePassiveMountEffects @ C:\Users\USER\OneDrive\Desktop\PUP\node_modules\react-dom\cjs\react-dom-client.development.js:13815
commitPassiveMountOnFiber @ C:\Users\USER\OneDrive\Desktop\PUP\node_modules\react-dom\cjs\react-dom-client.development.js:13834
recursivelyTraversePassiveMountEffects @ C:\Users\USER\OneDrive\Desktop\PUP\node_modules\react-dom\cjs\react-dom-client.development.js:13815
commitPassiveMountOnFiber @ C:\Users\USER\OneDrive\Desktop\PUP\node_modules\react-dom\cjs\react-dom-client.development.js:13957
recursivelyTraversePassiveMountEffects @ C:\Users\USER\OneDrive\Desktop\PUP\node_modules\react-dom\cjs\react-dom-client.development.js:13815
commitPassiveMountOnFiber @ C:\Users\USER\OneDrive\Desktop\PUP\node_modules\react-dom\cjs\react-dom-client.development.js:13957
recursivelyTraversePassiveMountEffects @ C:\Users\USER\OneDrive\Desktop\PUP\node_modules\react-dom\cjs\react-dom-client.development.js:13815
commitPassiveMountOnFiber @ C:\Users\USER\OneDrive\Desktop\PUP\node_modules\react-dom\cjs\react-dom-client.development.js:13957
recursivelyTraversePassiveMountEffects @ C:\Users\USER\OneDrive\Desktop\PUP\node_modules\react-dom\cjs\react-dom-client.development.js:13815
commitPassiveMountOnFiber @ C:\Users\USER\OneDrive\Desktop\PUP\node_modules\react-dom\cjs\react-dom-client.development.js:13834
recursivelyTraversePassiveMountEffects @ C:\Users\USER\OneDrive\Desktop\PUP\node_modules\react-dom\cjs\react-dom-client.development.js:13815
commitPassiveMountOnFiber @ C:\Users\USER\OneDrive\Desktop\PUP\node_modules\react-dom\cjs\react-dom-client.development.js:13957
recursivelyTraversePassiveMountEffects @ C:\Users\USER\OneDrive\Desktop\PUP\node_modules\react-dom\cjs\react-dom-client.development.js:13815
commitPassiveMountOnFiber @ C:\Users\USER\OneDrive\Desktop\PUP\node_modules\react-dom\cjs\react-dom-client.development.js:13957
recursivelyTraversePassiveMountEffects @ C:\Users\USER\OneDrive\Desktop\PUP\node_modules\react-dom\cjs\react-dom-client.development.js:13815
commitPassiveMountOnFiber @ C:\Users\USER\OneDrive\Desktop\PUP\node_modules\react-dom\cjs\react-dom-client.development.js:13834
recursivelyTraversePassiveMountEffects @ C:\Users\USER\OneDrive\Desktop\PUP\node_modules\react-dom\cjs\react-dom-client.development.js:13815
commitPassiveMountOnFiber @ C:\Users\USER\OneDrive\Desktop\PUP\node_modules\react-dom\cjs\react-dom-client.development.js:13957
recursivelyTraversePassiveMountEffects @ C:\Users\USER\OneDrive\Desktop\PUP\node_modules\react-dom\cjs\react-dom-client.development.js:13815
commitPassiveMountOnFiber @ C:\Users\USER\OneDrive\Desktop\PUP\node_modules\react-dom\cjs\react-dom-client.development.js:13957
recursivelyTraversePassiveMountEffects @ C:\Users\USER\OneDrive\Desktop\PUP\node_modules\react-dom\cjs\react-dom-client.development.js:13815
commitPassiveMountOnFiber @ C:\Users\USER\OneDrive\Desktop\PUP\node_modules\react-dom\cjs\react-dom-client.development.js:13834
recursivelyTraversePassiveMountEffects @ C:\Users\USER\OneDrive\Desktop\PUP\node_modules\react-dom\cjs\react-dom-client.development.js:13815
commitPassiveMountOnFiber @ C:\Users\USER\OneDrive\Desktop\PUP\node_modules\react-dom\cjs\react-dom-client.development.js:13957
recursivelyTraversePassiveMountEffects @ C:\Users\USER\OneDrive\Desktop\PUP\node_modules\react-dom\cjs\react-dom-client.development.js:13815
commitPassiveMountOnFiber @ C:\Users\USER\OneDrive\Desktop\PUP\node_modules\react-dom\cjs\react-dom-client.development.js:13957
recursivelyTraversePassiveMountEffects @ C:\Users\USER\OneDrive\Desktop\PUP\node_modules\react-dom\cjs\react-dom-client.development.js:13815
commitPassiveMountOnFiber @ C:\Users\USER\OneDrive\Desktop\PUP\node_modules\react-dom\cjs\react-dom-client.development.js:13834
recursivelyTraversePassiveMountEffects @ C:\Users\USER\OneDrive\Desktop\PUP\node_modules\react-dom\cjs\react-dom-client.development.js:13815
commitPassiveMountOnFiber @ C:\Users\USER\OneDrive\Desktop\PUP\node_modules\react-dom\cjs\react-dom-client.development.js:13834
recursivelyTraversePassiveMountEffects @ C:\Users\USER\OneDrive\Desktop\PUP\node_modules\react-dom\cjs\react-dom-client.development.js:13815
commitPassiveMountOnFiber @ C:\Users\USER\OneDrive\Desktop\PUP\node_modules\react-dom\cjs\react-dom-client.development.js:13834
recursivelyTraversePassiveMountEffects @ C:\Users\USER\OneDrive\Desktop\PUP\node_modules\react-dom\cjs\react-dom-client.development.js:13815
commitPassiveMountOnFiber @ C:\Users\USER\OneDrive\Desktop\PUP\node_modules\react-dom\cjs\react-dom-client.development.js:13834
recursivelyTraversePassiveMountEffects @ C:\Users\USER\OneDrive\Desktop\PUP\node_modules\react-dom\cjs\react-dom-client.development.js:13815
commitPassiveMountOnFiber @ C:\Users\USER\OneDrive\Desktop\PUP\node_modules\react-dom\cjs\react-dom-client.development.js:13957
recursivelyTraversePassiveMountEffects @ C:\Users\USER\OneDrive\Desktop\PUP\node_modules\react-dom\cjs\react-dom-client.development.js:13815
commitPassiveMountOnFiber @ C:\Users\USER\OneDrive\Desktop\PUP\node_modules\react-dom\cjs\react-dom-client.development.js:13834
recursivelyTraversePassiveMountEffects @ C:\Users\USER\OneDrive\Desktop\PUP\node_modules\react-dom\cjs\react-dom-client.development.js:13815
commitPassiveMountOnFiber @ C:\Users\USER\OneDrive\Desktop\PUP\node_modules\react-dom\cjs\react-dom-client.development.js:13834
recursivelyTraversePassiveMountEffects @ C:\Users\USER\OneDrive\Desktop\PUP\node_modules\react-dom\cjs\react-dom-client.development.js:13815
commitPassiveMountOnFiber @ C:\Users\USER\OneDrive\Desktop\PUP\node_modules\react-dom\cjs\react-dom-client.development.js:13928
recursivelyTraversePassiveMountEffects @ C:\Users\USER\OneDrive\Desktop\PUP\node_modules\react-dom\cjs\react-dom-client.development.js:13815
commitPassiveMountOnFiber @ C:\Users\USER\OneDrive\Desktop\PUP\node_modules\react-dom\cjs\react-dom-client.development.js:13903
recursivelyTraversePassiveMountEffects @ C:\Users\USER\OneDrive\Desktop\PUP\node_modules\react-dom\cjs\react-dom-client.development.js:13815
commitPassiveMountOnFiber @ C:\Users\USER\OneDrive\Desktop\PUP\node_modules\react-dom\cjs\react-dom-client.development.js:13957
recursivelyTraversePassiveMountEffects @ C:\Users\USER\OneDrive\Desktop\PUP\node_modules\react-dom\cjs\react-dom-client.development.js:13815
commitPassiveMountOnFiber @ C:\Users\USER\OneDrive\Desktop\PUP\node_modules\react-dom\cjs\react-dom-client.development.js:13957
recursivelyTraversePassiveMountEffects @ C:\Users\USER\OneDrive\Desktop\PUP\node_modules\react-dom\cjs\react-dom-client.development.js:13815
commitPassiveMountOnFiber @ C:\Users\USER\OneDrive\Desktop\PUP\node_modules\react-dom\cjs\react-dom-client.development.js:13834
recursivelyTraversePassiveMountEffects @ C:\Users\USER\OneDrive\Desktop\PUP\node_modules\react-dom\cjs\react-dom-client.development.js:13815
commitPassiveMountOnFiber @ C:\Users\USER\OneDrive\Desktop\PUP\node_modules\react-dom\cjs\react-dom-client.development.js:13834
recursivelyTraversePassiveMountEffects @ C:\Users\USER\OneDrive\Desktop\PUP\node_modules\react-dom\cjs\react-dom-client.development.js:13815
commitPassiveMountOnFiber @ C:\Users\USER\OneDrive\Desktop\PUP\node_modules\react-dom\cjs\react-dom-client.development.js:13834
recursivelyTraversePassiveMountEffects @ C:\Users\USER\OneDrive\Desktop\PUP\node_modules\react-dom\cjs\react-dom-client.development.js:13815
<SubmitScreen(./(tabs)/submit.tsx)>
exports.jsxDEV @ C:\Users\USER\OneDrive\Desktop\PUP\node_modules\react\cjs\react-jsx-dev-runtime.development.js:346
BaseRoute @ C:\Users\USER\OneDrive\Desktop\PUP\node_modules\expo-router\build\useScreens.js:213
react-stack-bottom-frame @ C:\Users\USER\OneDrive\Desktop\PUP\node_modules\react-dom\cjs\react-dom-client.development.js:23863
renderWithHooks @ C:\Users\USER\OneDrive\Desktop\PUP\node_modules\react-dom\cjs\react-dom-client.development.js:5529
updateFunctionComponent @ C:\Users\USER\OneDrive\Desktop\PUP\node_modules\react-dom\cjs\react-dom-client.development.js:8897
beginWork @ C:\Users\USER\OneDrive\Desktop\PUP\node_modules\react-dom\cjs\react-dom-client.development.js:10522
runWithFiberInDEV @ C:\Users\USER\OneDrive\Desktop\PUP\node_modules\react-dom\cjs\react-dom-client.development.js:1519
performUnitOfWork @ C:\Users\USER\OneDrive\Desktop\PUP\node_modules\react-dom\cjs\react-dom-client.development.js:15132
workLoopSync @ C:\Users\USER\OneDrive\Desktop\PUP\node_modules\react-dom\cjs\react-dom-client.development.js:14956
renderRootSync @ C:\Users\USER\OneDrive\Desktop\PUP\node_modules\react-dom\cjs\react-dom-client.development.js:14936
performWorkOnRoot @ C:\Users\USER\OneDrive\Desktop\PUP\node_modules\react-dom\cjs\react-dom-client.development.js:14419
performSyncWorkOnRoot @ C:\Users\USER\OneDrive\Desktop\PUP\node_modules\react-dom\cjs\react-dom-client.development.js:16231
flushSyncWorkAcrossRoots_impl @ C:\Users\USER\OneDrive\Desktop\PUP\node_modules\react-dom\cjs\react-dom-client.development.js:16079
processRootScheduleInMicrotask @ C:\Users\USER\OneDrive\Desktop\PUP\node_modules\react-dom\cjs\react-dom-client.development.js:16116
(anonymous) @ C:\Users\USER\OneDrive\Desktop\PUP\node_modules\react-dom\cjs\react-dom-client.development.js:16250
<Route(submit)>
exports.jsx @ C:\Users\USER\OneDrive\Desktop\PUP\node_modules\react\cjs\react-jsx-runtime.development.js:339
SceneView @ C:\Users\USER\OneDrive\Desktop\PUP\node_modules\@react-navigation\core\lib\module\SceneView.js:125
react-stack-bottom-frame @ C:\Users\USER\OneDrive\Desktop\PUP\node_modules\react-dom\cjs\react-dom-client.development.js:23863
renderWithHooks @ C:\Users\USER\OneDrive\Desktop\PUP\node_modules\react-dom\cjs\react-dom-client.development.js:5529
updateFunctionComponent @ C:\Users\USER\OneDrive\Desktop\PUP\node_modules\react-dom\cjs\react-dom-client.development.js:8897
beginWork @ C:\Users\USER\OneDrive\Desktop\PUP\node_modules\react-dom\cjs\react-dom-client.development.js:10522
runWithFiberInDEV @ C:\Users\USER\OneDrive\Desktop\PUP\node_modules\react-dom\cjs\react-dom-client.development.js:1519
performUnitOfWork @ C:\Users\USER\OneDrive\Desktop\PUP\node_modules\react-dom\cjs\react-dom-client.development.js:15132
workLoopSync @ C:\Users\USER\OneDrive\Desktop\PUP\node_modules\react-dom\cjs\react-dom-client.development.js:14956
renderRootSync @ C:\Users\USER\OneDrive\Desktop\PUP\node_modules\react-dom\cjs\react-dom-client.development.js:14936
performWorkOnRoot @ C:\Users\USER\OneDrive\Desktop\PUP\node_modules\react-dom\cjs\react-dom-client.development.js:14419
performSyncWorkOnRoot @ C:\Users\USER\OneDrive\Desktop\PUP\node_modules\react-dom\cjs\react-dom-client.development.js:16231
flushSyncWorkAcrossRoots_impl @ C:\Users\USER\OneDrive\Desktop\PUP\node_modules\react-dom\cjs\react-dom-client.development.js:16079
processRootScheduleInMicrotask @ C:\Users\USER\OneDrive\Desktop\PUP\node_modules\react-dom\cjs\react-dom-client.development.js:16116
(anonymous) @ C:\Users\USER\OneDrive\Desktop\PUP\node_modules\react-dom\cjs\react-dom-client.development.js:16250
<SceneView>
exports.jsx @ C:\Users\USER\OneDrive\Desktop\PUP\node_modules\react\cjs\react-jsx-runtime.development.js:339
render @ C:\Users\USER\OneDrive\Desktop\PUP\node_modules\@react-navigation\core\lib\module\useDescriptors.js:108
(anonymous) @ C:\Users\USER\OneDrive\Desktop\PUP\node_modules\@react-navigation\core\lib\module\useDescriptors.js:140
useDescriptors @ C:\Users\USER\OneDrive\Desktop\PUP\node_modules\@react-navigation\core\lib\module\useDescriptors.js:137
useNavigationBuilder @ C:\Users\USER\OneDrive\Desktop\PUP\node_modules\@react-navigation\core\lib\module\useNavigationBuilder.js:562
BottomTabNavigator @ C:\Users\USER\OneDrive\Desktop\PUP\node_modules\@react-navigation\bottom-tabs\lib\module\navigators\createBottomTabNavigator.js:24
react-stack-bottom-frame @ C:\Users\USER\OneDrive\Desktop\PUP\node_modules\react-dom\cjs\react-dom-client.development.js:23863
renderWithHooks @ C:\Users\USER\OneDrive\Desktop\PUP\node_modules\react-dom\cjs\react-dom-client.development.js:5529
updateFunctionComponent @ C:\Users\USER\OneDrive\Desktop\PUP\node_modules\react-dom\cjs\react-dom-client.development.js:8897
beginWork @ C:\Users\USER\OneDrive\Desktop\PUP\node_modules\react-dom\cjs\react-dom-client.development.js:10522
runWithFiberInDEV @ C:\Users\USER\OneDrive\Desktop\PUP\node_modules\react-dom\cjs\react-dom-client.development.js:1519
performUnitOfWork @ C:\Users\USER\OneDrive\Desktop\PUP\node_modules\react-dom\cjs\react-dom-client.development.js:15132
workLoopSync @ C:\Users\USER\OneDrive\Desktop\PUP\node_modules\react-dom\cjs\react-dom-client.development.js:14956
renderRootSync @ C:\Users\USER\OneDrive\Desktop\PUP\node_modules\react-dom\cjs\react-dom-client.development.js:14936
performWorkOnRoot @ C:\Users\USER\OneDrive\Desktop\PUP\node_modules\react-dom\cjs\react-dom-client.development.js:14419
performSyncWorkOnRoot @ C:\Users\USER\OneDrive\Desktop\PUP\node_modules\react-dom\cjs\react-dom-client.development.js:16231
flushSyncWorkAcrossRoots_impl @ C:\Users\USER\OneDrive\Desktop\PUP\node_modules\react-dom\cjs\react-dom-client.development.js:16079
processRootScheduleInMicrotask @ C:\Users\USER\OneDrive\Desktop\PUP\node_modules\react-dom\cjs\react-dom-client.development.js:16116
(anonymous) @ C:\Users\USER\OneDrive\Desktop\PUP\node_modules\react-dom\cjs\react-dom-client.development.js:16250
C:\Users\USER\OneDrive\Desktop\PUP\node_modules\@expo\metro-runtime\src\error-overlay\LogBox.web.ts:134 [REST] getCollection error: 404 {
  "error": {
    "code": 404,
    "message": "The database (default) does not exist for project lasangpinoy-mobile Please visit https://console.cloud.google.com/datastore/setup?project=lasangpinoy-mobile to add a Cloud Datastore or Cloud Firestore database. ",
    "status": "NOT_FOUND"
  }
}

registerError @ C:\Users\USER\OneDrive\Desktop\PUP\node_modules\@expo\metro-runtime\src\error-overlay\LogBox.web.ts:134
console.error @ C:\Users\USER\OneDrive\Desktop\PUP\node_modules\@expo\metro-runtime\src\error-overlay\LogBox.web.ts:59
getCollection @ C:\Users\USER\OneDrive\Desktop\PUP\lib\firestore-rest.ts:203
await in getCollection
getRegions @ C:\Users\USER\OneDrive\Desktop\PUP\lib\firebase.ts:525
loadRegions @ C:\Users\USER\OneDrive\Desktop\PUP\app\(tabs)\submit.tsx:74
(anonymous) @ C:\Users\USER\OneDrive\Desktop\PUP\app\(tabs)\submit.tsx:67
callback @ C:\Users\USER\OneDrive\Desktop\PUP\node_modules\expo-router\build\useFocusEffect.js:98
(anonymous) @ C:\Users\USER\OneDrive\Desktop\PUP\node_modules\expo-router\build\useFocusEffect.js:133
react-stack-bottom-frame @ C:\Users\USER\OneDrive\Desktop\PUP\node_modules\react-dom\cjs\react-dom-client.development.js:23949
runWithFiberInDEV @ C:\Users\USER\OneDrive\Desktop\PUP\node_modules\react-dom\cjs\react-dom-client.development.js:1519
commitHookEffectListMount @ C:\Users\USER\OneDrive\Desktop\PUP\node_modules\react-dom\cjs\react-dom-client.development.js:11905
commitHookPassiveMountEffects @ C:\Users\USER\OneDrive\Desktop\PUP\node_modules\react-dom\cjs\react-dom-client.development.js:12026
commitPassiveMountOnFiber @ C:\Users\USER\OneDrive\Desktop\PUP\node_modules\react-dom\cjs\react-dom-client.development.js:13841
recursivelyTraversePassiveMountEffects @ C:\Users\USER\OneDrive\Desktop\PUP\node_modules\react-dom\cjs\react-dom-client.development.js:13815
commitPassiveMountOnFiber @ C:\Users\USER\OneDrive\Desktop\PUP\node_modules\react-dom\cjs\react-dom-client.development.js:13928
recursivelyTraversePassiveMountEffects @ C:\Users\USER\OneDrive\Desktop\PUP\node_modules\react-dom\cjs\react-dom-client.development.js:13815
commitPassiveMountOnFiber @ C:\Users\USER\OneDrive\Desktop\PUP\node_modules\react-dom\cjs\react-dom-client.development.js:13903
recursivelyTraversePassiveMountEffects @ C:\Users\USER\OneDrive\Desktop\PUP\node_modules\react-dom\cjs\react-dom-client.development.js:13815
commitPassiveMountOnFiber @ C:\Users\USER\OneDrive\Desktop\PUP\node_modules\react-dom\cjs\react-dom-client.development.js:13957
recursivelyTraversePassiveMountEffects @ C:\Users\USER\OneDrive\Desktop\PUP\node_modules\react-dom\cjs\react-dom-client.development.js:13815
commitPassiveMountOnFiber @ C:\Users\USER\OneDrive\Desktop\PUP\node_modules\react-dom\cjs\react-dom-client.development.js:13957
recursivelyTraversePassiveMountEffects @ C:\Users\USER\OneDrive\Desktop\PUP\node_modules\react-dom\cjs\react-dom-client.development.js:13815
commitPassiveMountOnFiber @ C:\Users\USER\OneDrive\Desktop\PUP\node_modules\react-dom\cjs\react-dom-client.development.js:13834
recursivelyTraversePassiveMountEffects @ C:\Users\USER\OneDrive\Desktop\PUP\node_modules\react-dom\cjs\react-dom-client.development.js:13815
commitPassiveMountOnFiber @ C:\Users\USER\OneDrive\Desktop\PUP\node_modules\react-dom\cjs\react-dom-client.development.js:13834
recursivelyTraversePassiveMountEffects @ C:\Users\USER\OneDrive\Desktop\PUP\node_modules\react-dom\cjs\react-dom-client.development.js:13815
commitPassiveMountOnFiber @ C:\Users\USER\OneDrive\Desktop\PUP\node_modules\react-dom\cjs\react-dom-client.development.js:13834
recursivelyTraversePassiveMountEffects @ C:\Users\USER\OneDrive\Desktop\PUP\node_modules\react-dom\cjs\react-dom-client.development.js:13815
commitPassiveMountOnFiber @ C:\Users\USER\OneDrive\Desktop\PUP\node_modules\react-dom\cjs\react-dom-client.development.js:13957
recursivelyTraversePassiveMountEffects @ C:\Users\USER\OneDrive\Desktop\PUP\node_modules\react-dom\cjs\react-dom-client.development.js:13815
commitPassiveMountOnFiber @ C:\Users\USER\OneDrive\Desktop\PUP\node_modules\react-dom\cjs\react-dom-client.development.js:13957
recursivelyTraversePassiveMountEffects @ C:\Users\USER\OneDrive\Desktop\PUP\node_modules\react-dom\cjs\react-dom-client.development.js:13815
commitPassiveMountOnFiber @ C:\Users\USER\OneDrive\Desktop\PUP\node_modules\react-dom\cjs\react-dom-client.development.js:13834
recursivelyTraversePassiveMountEffects @ C:\Users\USER\OneDrive\Desktop\PUP\node_modules\react-dom\cjs\react-dom-client.development.js:13815
commitPassiveMountOnFiber @ C:\Users\USER\OneDrive\Desktop\PUP\node_modules\react-dom\cjs\react-dom-client.development.js:13957
recursivelyTraversePassiveMountEffects @ C:\Users\USER\OneDrive\Desktop\PUP\node_modules\react-dom\cjs\react-dom-client.development.js:13815
commitPassiveMountOnFiber @ C:\Users\USER\OneDrive\Desktop\PUP\node_modules\react-dom\cjs\react-dom-client.development.js:13957
recursivelyTraversePassiveMountEffects @ C:\Users\USER\OneDrive\Desktop\PUP\node_modules\react-dom\cjs\react-dom-client.development.js:13815
commitPassiveMountOnFiber @ C:\Users\USER\OneDrive\Desktop\PUP\node_modules\react-dom\cjs\react-dom-client.development.js:13957
recursivelyTraversePassiveMountEffects @ C:\Users\USER\OneDrive\Desktop\PUP\node_modules\react-dom\cjs\react-dom-client.development.js:13815
commitPassiveMountOnFiber @ C:\Users\USER\OneDrive\Desktop\PUP\node_modules\react-dom\cjs\react-dom-client.development.js:13834
recursivelyTraversePassiveMountEffects @ C:\Users\USER\OneDrive\Desktop\PUP\node_modules\react-dom\cjs\react-dom-client.development.js:13815
commitPassiveMountOnFiber @ C:\Users\USER\OneDrive\Desktop\PUP\node_modules\react-dom\cjs\react-dom-client.development.js:13957
recursivelyTraversePassiveMountEffects @ C:\Users\USER\OneDrive\Desktop\PUP\node_modules\react-dom\cjs\react-dom-client.development.js:13815
commitPassiveMountOnFiber @ C:\Users\USER\OneDrive\Desktop\PUP\node_modules\react-dom\cjs\react-dom-client.development.js:13957
recursivelyTraversePassiveMountEffects @ C:\Users\USER\OneDrive\Desktop\PUP\node_modules\react-dom\cjs\react-dom-client.development.js:13815
commitPassiveMountOnFiber @ C:\Users\USER\OneDrive\Desktop\PUP\node_modules\react-dom\cjs\react-dom-client.development.js:13957
recursivelyTraversePassiveMountEffects @ C:\Users\USER\OneDrive\Desktop\PUP\node_modules\react-dom\cjs\react-dom-client.development.js:13815
commitPassiveMountOnFiber @ C:\Users\USER\OneDrive\Desktop\PUP\node_modules\react-dom\cjs\react-dom-client.development.js:13834
recursivelyTraversePassiveMountEffects @ C:\Users\USER\OneDrive\Desktop\PUP\node_modules\react-dom\cjs\react-dom-client.development.js:13815
commitPassiveMountOnFiber @ C:\Users\USER\OneDrive\Desktop\PUP\node_modules\react-dom\cjs\react-dom-client.development.js:13957
recursivelyTraversePassiveMountEffects @ C:\Users\USER\OneDrive\Desktop\PUP\node_modules\react-dom\cjs\react-dom-client.development.js:13815
commitPassiveMountOnFiber @ C:\Users\USER\OneDrive\Desktop\PUP\node_modules\react-dom\cjs\react-dom-client.development.js:13957
recursivelyTraversePassiveMountEffects @ C:\Users\USER\OneDrive\Desktop\PUP\node_modules\react-dom\cjs\react-dom-client.development.js:13815
commitPassiveMountOnFiber @ C:\Users\USER\OneDrive\Desktop\PUP\node_modules\react-dom\cjs\react-dom-client.development.js:13957
recursivelyTraversePassiveMountEffects @ C:\Users\USER\OneDrive\Desktop\PUP\node_modules\react-dom\cjs\react-dom-client.development.js:13815
commitPassiveMountOnFiber @ C:\Users\USER\OneDrive\Desktop\PUP\node_modules\react-dom\cjs\react-dom-client.development.js:13957
recursivelyTraversePassiveMountEffects @ C:\Users\USER\OneDrive\Desktop\PUP\node_modules\react-dom\cjs\react-dom-client.development.js:13815
commitPassiveMountOnFiber @ C:\Users\USER\OneDrive\Desktop\PUP\node_modules\react-dom\cjs\react-dom-client.development.js:13834
recursivelyTraversePassiveMountEffects @ C:\Users\USER\OneDrive\Desktop\PUP\node_modules\react-dom\cjs\react-dom-client.development.js:13815
commitPassiveMountOnFiber @ C:\Users\USER\OneDrive\Desktop\PUP\node_modules\react-dom\cjs\react-dom-client.development.js:13957
recursivelyTraversePassiveMountEffects @ C:\Users\USER\OneDrive\Desktop\PUP\node_modules\react-dom\cjs\react-dom-client.development.js:13815
commitPassiveMountOnFiber @ C:\Users\USER\OneDrive\Desktop\PUP\node_modules\react-dom\cjs\react-dom-client.development.js:13834
recursivelyTraversePassiveMountEffects @ C:\Users\USER\OneDrive\Desktop\PUP\node_modules\react-dom\cjs\react-dom-client.development.js:13815
commitPassiveMountOnFiber @ C:\Users\USER\OneDrive\Desktop\PUP\node_modules\react-dom\cjs\react-dom-client.development.js:13834
recursivelyTraversePassiveMountEffects @ C:\Users\USER\OneDrive\Desktop\PUP\node_modules\react-dom\cjs\react-dom-client.development.js:13815
commitPassiveMountOnFiber @ C:\Users\USER\OneDrive\Desktop\PUP\node_modules\react-dom\cjs\react-dom-client.development.js:13834
recursivelyTraversePassiveMountEffects @ C:\Users\USER\OneDrive\Desktop\PUP\node_modules\react-dom\cjs\react-dom-client.development.js:13815
commitPassiveMountOnFiber @ C:\Users\USER\OneDrive\Desktop\PUP\node_modules\react-dom\cjs\react-dom-client.development.js:13834
recursivelyTraversePassiveMountEffects @ C:\Users\USER\OneDrive\Desktop\PUP\node_modules\react-dom\cjs\react-dom-client.development.js:13815
commitPassiveMountOnFiber @ C:\Users\USER\OneDrive\Desktop\PUP\node_modules\react-dom\cjs\react-dom-client.development.js:13957
recursivelyTraversePassiveMountEffects @ C:\Users\USER\OneDrive\Desktop\PUP\node_modules\react-dom\cjs\react-dom-client.development.js:13815
commitPassiveMountOnFiber @ C:\Users\USER\OneDrive\Desktop\PUP\node_modules\react-dom\cjs\react-dom-client.development.js:13957
recursivelyTraversePassiveMountEffects @ C:\Users\USER\OneDrive\Desktop\PUP\node_modules\react-dom\cjs\react-dom-client.development.js:13815
commitPassiveMountOnFiber @ C:\Users\USER\OneDrive\Desktop\PUP\node_modules\react-dom\cjs\react-dom-client.development.js:13834
recursivelyTraversePassiveMountEffects @ C:\Users\USER\OneDrive\Desktop\PUP\node_modules\react-dom\cjs\react-dom-client.development.js:13815
commitPassiveMountOnFiber @ C:\Users\USER\OneDrive\Desktop\PUP\node_modules\react-dom\cjs\react-dom-client.development.js:13834
recursivelyTraversePassiveMountEffects @ C:\Users\USER\OneDrive\Desktop\PUP\node_modules\react-dom\cjs\react-dom-client.development.js:13815
commitPassiveMountOnFiber @ C:\Users\USER\OneDrive\Desktop\PUP\node_modules\react-dom\cjs\react-dom-client.development.js:13957
recursivelyTraversePassiveMountEffects @ C:\Users\USER\OneDrive\Desktop\PUP\node_modules\react-dom\cjs\react-dom-client.development.js:13815
commitPassiveMountOnFiber @ C:\Users\USER\OneDrive\Desktop\PUP\node_modules\react-dom\cjs\react-dom-client.development.js:13834
recursivelyTraversePassiveMountEffects @ C:\Users\USER\OneDrive\Desktop\PUP\node_modules\react-dom\cjs\react-dom-client.development.js:13815
commitPassiveMountOnFiber @ C:\Users\USER\OneDrive\Desktop\PUP\node_modules\react-dom\cjs\react-dom-client.development.js:13834
recursivelyTraversePassiveMountEffects @ C:\Users\USER\OneDrive\Desktop\PUP\node_modules\react-dom\cjs\react-dom-client.development.js:13815
commitPassiveMountOnFiber @ C:\Users\USER\OneDrive\Desktop\PUP\node_modules\react-dom\cjs\react-dom-client.development.js:13957
recursivelyTraversePassiveMountEffects @ C:\Users\USER\OneDrive\Desktop\PUP\node_modules\react-dom\cjs\react-dom-client.development.js:13815
commitPassiveMountOnFiber @ C:\Users\USER\OneDrive\Desktop\PUP\node_modules\react-dom\cjs\react-dom-client.development.js:13834
recursivelyTraversePassiveMountEffects @ C:\Users\USER\OneDrive\Desktop\PUP\node_modules\react-dom\cjs\react-dom-client.development.js:13815
commitPassiveMountOnFiber @ C:\Users\USER\OneDrive\Desktop\PUP\node_modules\react-dom\cjs\react-dom-client.development.js:13957
recursivelyTraversePassiveMountEffects @ C:\Users\USER\OneDrive\Desktop\PUP\node_modules\react-dom\cjs\react-dom-client.development.js:13815
commitPassiveMountOnFiber @ C:\Users\USER\OneDrive\Desktop\PUP\node_modules\react-dom\cjs\react-dom-client.development.js:13834
recursivelyTraversePassiveMountEffects @ C:\Users\USER\OneDrive\Desktop\PUP\node_modules\react-dom\cjs\react-dom-client.development.js:13815
commitPassiveMountOnFiber @ C:\Users\USER\OneDrive\Desktop\PUP\node_modules\react-dom\cjs\react-dom-client.development.js:13834
recursivelyTraversePassiveMountEffects @ C:\Users\USER\OneDrive\Desktop\PUP\node_modules\react-dom\cjs\react-dom-client.development.js:13815
commitPassiveMountOnFiber @ C:\Users\USER\OneDrive\Desktop\PUP\node_modules\react-dom\cjs\react-dom-client.development.js:13834
recursivelyTraversePassiveMountEffects @ C:\Users\USER\OneDrive\Desktop\PUP\node_modules\react-dom\cjs\react-dom-client.development.js:13815
commitPassiveMountOnFiber @ C:\Users\USER\OneDrive\Desktop\PUP\node_modules\react-dom\cjs\react-dom-client.development.js:13957
recursivelyTraversePassiveMountEffects @ C:\Users\USER\OneDrive\Desktop\PUP\node_modules\react-dom\cjs\react-dom-client.development.js:13815
commitPassiveMountOnFiber @ C:\Users\USER\OneDrive\Desktop\PUP\node_modules\react-dom\cjs\react-dom-client.development.js:13834
recursivelyTraversePassiveMountEffects @ C:\Users\USER\OneDrive\Desktop\PUP\node_modules\react-dom\cjs\react-dom-client.development.js:13815
commitPassiveMountOnFiber @ C:\Users\USER\OneDrive\Desktop\PUP\node_modules\react-dom\cjs\react-dom-client.development.js:13957
recursivelyTraversePassiveMountEffects @ C:\Users\USER\OneDrive\Desktop\PUP\node_modules\react-dom\cjs\react-dom-client.development.js:13815
commitPassiveMountOnFiber @ C:\Users\USER\OneDrive\Desktop\PUP\node_modules\react-dom\cjs\react-dom-client.development.js:13957
recursivelyTraversePassiveMountEffects @ C:\Users\USER\OneDrive\Desktop\PUP\node_modules\react-dom\cjs\react-dom-client.development.js:13815
commitPassiveMountOnFiber @ C:\Users\USER\OneDrive\Desktop\PUP\node_modules\react-dom\cjs\react-dom-client.development.js:13834
recursivelyTraversePassiveMountEffects @ C:\Users\USER\OneDrive\Desktop\PUP\node_modules\react-dom\cjs\react-dom-client.development.js:13815
commitPassiveMountOnFiber @ C:\Users\USER\OneDrive\Desktop\PUP\node_modules\react-dom\cjs\react-dom-client.development.js:13957
recursivelyTraversePassiveMountEffects @ C:\Users\USER\OneDrive\Desktop\PUP\node_modules\react-dom\cjs\react-dom-client.development.js:13815
commitPassiveMountOnFiber @ C:\Users\USER\OneDrive\Desktop\PUP\node_modules\react-dom\cjs\react-dom-client.development.js:13957
recursivelyTraversePassiveMountEffects @ C:\Users\USER\OneDrive\Desktop\PUP\node_modules\react-dom\cjs\react-dom-client.development.js:13815
commitPassiveMountOnFiber @ C:\Users\USER\OneDrive\Desktop\PUP\node_modules\react-dom\cjs\react-dom-client.development.js:13834
recursivelyTraversePassiveMountEffects @ C:\Users\USER\OneDrive\Desktop\PUP\node_modules\react-dom\cjs\react-dom-client.development.js:13815
commitPassiveMountOnFiber @ C:\Users\USER\OneDrive\Desktop\PUP\node_modules\react-dom\cjs\react-dom-client.development.js:13834
recursivelyTraversePassiveMountEffects @ C:\Users\USER\OneDrive\Desktop\PUP\node_modules\react-dom\cjs\react-dom-client.development.js:13815
commitPassiveMountOnFiber @ C:\Users\USER\OneDrive\Desktop\PUP\node_modules\react-dom\cjs\react-dom-client.development.js:13834
recursivelyTraversePassiveMountEffects @ C:\Users\USER\OneDrive\Desktop\PUP\node_modules\react-dom\cjs\react-dom-client.development.js:13815
commitPassiveMountOnFiber @ C:\Users\USER\OneDrive\Desktop\PUP\node_modules\react-dom\cjs\react-dom-client.development.js:13834
recursivelyTraversePassiveMountEffects @ C:\Users\USER\OneDrive\Desktop\PUP\node_modules\react-dom\cjs\react-dom-client.development.js:13815
commitPassiveMountOnFiber @ C:\Users\USER\OneDrive\Desktop\PUP\node_modules\react-dom\cjs\react-dom-client.development.js:13834
recursivelyTraversePassiveMountEffects @ C:\Users\USER\OneDrive\Desktop\PUP\node_modules\react-dom\cjs\react-dom-client.development.js:13815
commitPassiveMountOnFiber @ C:\Users\USER\OneDrive\Desktop\PUP\node_modules\react-dom\cjs\react-dom-client.development.js:13834
recursivelyTraversePassiveMountEffects @ C:\Users\USER\OneDrive\Desktop\PUP\node_modules\react-dom\cjs\react-dom-client.development.js:13815
commitPassiveMountOnFiber @ C:\Users\USER\OneDrive\Desktop\PUP\node_modules\react-dom\cjs\react-dom-client.development.js:13928
recursivelyTraversePassiveMountEffects @ C:\Users\USER\OneDrive\Desktop\PUP\node_modules\react-dom\cjs\react-dom-client.development.js:13815
commitPassiveMountOnFiber @ C:\Users\USER\OneDrive\Desktop\PUP\node_modules\react-dom\cjs\react-dom-client.development.js:13903
recursivelyTraversePassiveMountEffects @ C:\Users\USER\OneDrive\Desktop\PUP\node_modules\react-dom\cjs\react-dom-client.development.js:13815
commitPassiveMountOnFiber @ C:\Users\USER\OneDrive\Desktop\PUP\node_modules\react-dom\cjs\react-dom-client.development.js:13957
recursivelyTraversePassiveMountEffects @ C:\Users\USER\OneDrive\Desktop\PUP\node_modules\react-dom\cjs\react-dom-client.development.js:13815
commitPassiveMountOnFiber @ C:\Users\USER\OneDrive\Desktop\PUP\node_modules\react-dom\cjs\react-dom-client.development.js:13957
recursivelyTraversePassiveMountEffects @ C:\Users\USER\OneDrive\Desktop\PUP\node_modules\react-dom\cjs\react-dom-client.development.js:13815
commitPassiveMountOnFiber @ C:\Users\USER\OneDrive\Desktop\PUP\node_modules\react-dom\cjs\react-dom-client.development.js:13834
recursivelyTraversePassiveMountEffects @ C:\Users\USER\OneDrive\Desktop\PUP\node_modules\react-dom\cjs\react-dom-client.development.js:13815
commitPassiveMountOnFiber @ C:\Users\USER\OneDrive\Desktop\PUP\node_modules\react-dom\cjs\react-dom-client.development.js:13834
recursivelyTraversePassiveMountEffects @ C:\Users\USER\OneDrive\Desktop\PUP\node_modules\react-dom\cjs\react-dom-client.development.js:13815
commitPassiveMountOnFiber @ C:\Users\USER\OneDrive\Desktop\PUP\node_modules\react-dom\cjs\react-dom-client.development.js:13834
recursivelyTraversePassiveMountEffects @ C:\Users\USER\OneDrive\Desktop\PUP\node_modules\react-dom\cjs\react-dom-client.development.js:13815
commitPassiveMountOnFiber @ C:\Users\USER\OneDrive\Desktop\PUP\node_modules\react-dom\cjs\react-dom-client.development.js:13957
recursivelyTraversePassiveMountEffects @ C:\Users\USER\OneDrive\Desktop\PUP\node_modules\react-dom\cjs\react-dom-client.development.js:13815
commitPassiveMountOnFiber @ C:\Users\USER\OneDrive\Desktop\PUP\node_modules\react-dom\cjs\react-dom-client.development.js:13957
recursivelyTraversePassiveMountEffects @ C:\Users\USER\OneDrive\Desktop\PUP\node_modules\react-dom\cjs\react-dom-client.development.js:13815
commitPassiveMountOnFiber @ C:\Users\USER\OneDrive\Desktop\PUP\node_modules\react-dom\cjs\react-dom-client.development.js:13834
recursivelyTraversePassiveMountEffects @ C:\Users\USER\OneDrive\Desktop\PUP\node_modules\react-dom\cjs\react-dom-client.development.js:13815
commitPassiveMountOnFiber @ C:\Users\USER\OneDrive\Desktop\PUP\node_modules\react-dom\cjs\react-dom-client.development.js:13957
recursivelyTraversePassiveMountEffects @ C:\Users\USER\OneDrive\Desktop\PUP\node_modules\react-dom\cjs\react-dom-client.development.js:13815
commitPassiveMountOnFiber @ C:\Users\USER\OneDrive\Desktop\PUP\node_modules\react-dom\cjs\react-dom-client.development.js:13957
recursivelyTraversePassiveMountEffects @ C:\Users\USER\OneDrive\Desktop\PUP\node_modules\react-dom\cjs\react-dom-client.development.js:13815
commitPassiveMountOnFiber @ C:\Users\USER\OneDrive\Desktop\PUP\node_modules\react-dom\cjs\react-dom-client.development.js:13957
recursivelyTraversePassiveMountEffects @ C:\Users\USER\OneDrive\Desktop\PUP\node_modules\react-dom\cjs\react-dom-client.development.js:13815
commitPassiveMountOnFiber @ C:\Users\USER\OneDrive\Desktop\PUP\node_modules\react-dom\cjs\react-dom-client.development.js:13834
recursivelyTraversePassiveMountEffects @ C:\Users\USER\OneDrive\Desktop\PUP\node_modules\react-dom\cjs\react-dom-client.development.js:13815
commitPassiveMountOnFiber @ C:\Users\USER\OneDrive\Desktop\PUP\node_modules\react-dom\cjs\react-dom-client.development.js:13957
recursivelyTraversePassiveMountEffects @ C:\Users\USER\OneDrive\Desktop\PUP\node_modules\react-dom\cjs\react-dom-client.development.js:13815
commitPassiveMountOnFiber @ C:\Users\USER\OneDrive\Desktop\PUP\node_modules\react-dom\cjs\react-dom-client.development.js:13957
recursivelyTraversePassiveMountEffects @ C:\Users\USER\OneDrive\Desktop\PUP\node_modules\react-dom\cjs\react-dom-client.development.js:13815
commitPassiveMountOnFiber @ C:\Users\USER\OneDrive\Desktop\PUP\node_modules\react-dom\cjs\react-dom-client.development.js:13957
recursivelyTraversePassiveMountEffects @ C:\Users\USER\OneDrive\Desktop\PUP\node_modules\react-dom\cjs\react-dom-client.development.js:13815
commitPassiveMountOnFiber @ C:\Users\USER\OneDrive\Desktop\PUP\node_modules\react-dom\cjs\react-dom-client.development.js:13834
recursivelyTraversePassiveMountEffects @ C:\Users\USER\OneDrive\Desktop\PUP\node_modules\react-dom\cjs\react-dom-client.development.js:13815
commitPassiveMountOnFiber @ C:\Users\USER\OneDrive\Desktop\PUP\node_modules\react-dom\cjs\react-dom-client.development.js:13957
recursivelyTraversePassiveMountEffects @ C:\Users\USER\OneDrive\Desktop\PUP\node_modules\react-dom\cjs\react-dom-client.development.js:13815
commitPassiveMountOnFiber @ C:\Users\USER\OneDrive\Desktop\PUP\node_modules\react-dom\cjs\react-dom-client.development.js:13957
recursivelyTraversePassiveMountEffects @ C:\Users\USER\OneDrive\Desktop\PUP\node_modules\react-dom\cjs\react-dom-client.development.js:13815
commitPassiveMountOnFiber @ C:\Users\USER\OneDrive\Desktop\PUP\node_modules\react-dom\cjs\react-dom-client.development.js:13834
recursivelyTraversePassiveMountEffects @ C:\Users\USER\OneDrive\Desktop\PUP\node_modules\react-dom\cjs\react-dom-client.development.js:13815
commitPassiveMountOnFiber @ C:\Users\USER\OneDrive\Desktop\PUP\node_modules\react-dom\cjs\react-dom-client.development.js:13957
recursivelyTraversePassiveMountEffects @ C:\Users\USER\OneDrive\Desktop\PUP\node_modules\react-dom\cjs\react-dom-client.development.js:13815
commitPassiveMountOnFiber @ C:\Users\USER\OneDrive\Desktop\PUP\node_modules\react-dom\cjs\react-dom-client.development.js:13957
recursivelyTraversePassiveMountEffects @ C:\Users\USER\OneDrive\Desktop\PUP\node_modules\react-dom\cjs\react-dom-client.development.js:13815
commitPassiveMountOnFiber @ C:\Users\USER\OneDrive\Desktop\PUP\node_modules\react-dom\cjs\react-dom-client.development.js:13834
recursivelyTraversePassiveMountEffects @ C:\Users\USER\OneDrive\Desktop\PUP\node_modules\react-dom\cjs\react-dom-client.development.js:13815
commitPassiveMountOnFiber @ C:\Users\USER\OneDrive\Desktop\PUP\node_modules\react-dom\cjs\react-dom-client.development.js:13957
recursivelyTraversePassiveMountEffects @ C:\Users\USER\OneDrive\Desktop\PUP\node_modules\react-dom\cjs\react-dom-client.development.js:13815
commitPassiveMountOnFiber @ C:\Users\USER\OneDrive\Desktop\PUP\node_modules\react-dom\cjs\react-dom-client.development.js:13957
recursivelyTraversePassiveMountEffects @ C:\Users\USER\OneDrive\Desktop\PUP\node_modules\react-dom\cjs\react-dom-client.development.js:13815
commitPassiveMountOnFiber @ C:\Users\USER\OneDrive\Desktop\PUP\node_modules\react-dom\cjs\react-dom-client.development.js:13834
recursivelyTraversePassiveMountEffects @ C:\Users\USER\OneDrive\Desktop\PUP\node_modules\react-dom\cjs\react-dom-client.development.js:13815
commitPassiveMountOnFiber @ C:\Users\USER\OneDrive\Desktop\PUP\node_modules\react-dom\cjs\react-dom-client.development.js:13834
recursivelyTraversePassiveMountEffects @ C:\Users\USER\OneDrive\Desktop\PUP\node_modules\react-dom\cjs\react-dom-client.development.js:13815
commitPassiveMountOnFiber @ C:\Users\USER\OneDrive\Desktop\PUP\node_modules\react-dom\cjs\react-dom-client.development.js:13834
recursivelyTraversePassiveMountEffects @ C:\Users\USER\OneDrive\Desktop\PUP\node_modules\react-dom\cjs\react-dom-client.development.js:13815
commitPassiveMountOnFiber @ C:\Users\USER\OneDrive\Desktop\PUP\node_modules\react-dom\cjs\react-dom-client.development.js:13834
recursivelyTraversePassiveMountEffects @ C:\Users\USER\OneDrive\Desktop\PUP\node_modules\react-dom\cjs\react-dom-client.development.js:13815
commitPassiveMountOnFiber @ C:\Users\USER\OneDrive\Desktop\PUP\node_modules\react-dom\cjs\react-dom-client.development.js:13957
recursivelyTraversePassiveMountEffects @ C:\Users\USER\OneDrive\Desktop\PUP\node_modules\react-dom\cjs\react-dom-client.development.js:13815
commitPassiveMountOnFiber @ C:\Users\USER\OneDrive\Desktop\PUP\node_modules\react-dom\cjs\react-dom-client.development.js:13834
recursivelyTraversePassiveMountEffects @ C:\Users\USER\OneDrive\Desktop\PUP\node_modules\react-dom\cjs\react-dom-client.development.js:13815
commitPassiveMountOnFiber @ C:\Users\USER\OneDrive\Desktop\PUP\node_modules\react-dom\cjs\react-dom-client.development.js:13834
recursivelyTraversePassiveMountEffects @ C:\Users\USER\OneDrive\Desktop\PUP\node_modules\react-dom\cjs\react-dom-client.development.js:13815
commitPassiveMountOnFiber @ C:\Users\USER\OneDrive\Desktop\PUP\node_modules\react-dom\cjs\react-dom-client.development.js:13928
recursivelyTraversePassiveMountEffects @ C:\Users\USER\OneDrive\Desktop\PUP\node_modules\react-dom\cjs\react-dom-client.development.js:13815
commitPassiveMountOnFiber @ C:\Users\USER\OneDrive\Desktop\PUP\node_modules\react-dom\cjs\react-dom-client.development.js:13903
recursivelyTraversePassiveMountEffects @ C:\Users\USER\OneDrive\Desktop\PUP\node_modules\react-dom\cjs\react-dom-client.development.js:13815
commitPassiveMountOnFiber @ C:\Users\USER\OneDrive\Desktop\PUP\node_modules\react-dom\cjs\react-dom-client.development.js:13957
recursivelyTraversePassiveMountEffects @ C:\Users\USER\OneDrive\Desktop\PUP\node_modules\react-dom\cjs\react-dom-client.development.js:13815
commitPassiveMountOnFiber @ C:\Users\USER\OneDrive\Desktop\PUP\node_modules\react-dom\cjs\react-dom-client.development.js:13957
recursivelyTraversePassiveMountEffects @ C:\Users\USER\OneDrive\Desktop\PUP\node_modules\react-dom\cjs\react-dom-client.development.js:13815
commitPassiveMountOnFiber @ C:\Users\USER\OneDrive\Desktop\PUP\node_modules\react-dom\cjs\react-dom-client.development.js:13834
recursivelyTraversePassiveMountEffects @ C:\Users\USER\OneDrive\Desktop\PUP\node_modules\react-dom\cjs\react-dom-client.development.js:13815
commitPassiveMountOnFiber @ C:\Users\USER\OneDrive\Desktop\PUP\node_modules\react-dom\cjs\react-dom-client.development.js:13834
recursivelyTraversePassiveMountEffects @ C:\Users\USER\OneDrive\Desktop\PUP\node_modules\react-dom\cjs\react-dom-client.development.js:13815
commitPassiveMountOnFiber @ C:\Users\USER\OneDrive\Desktop\PUP\node_modules\react-dom\cjs\react-dom-client.development.js:13834
recursivelyTraversePassiveMountEffects @ C:\Users\USER\OneDrive\Desktop\PUP\node_modules\react-dom\cjs\react-dom-client.development.js:13815
<SubmitScreen(./(tabs)/submit.tsx)>
exports.jsxDEV @ C:\Users\USER\OneDrive\Desktop\PUP\node_modules\react\cjs\react-jsx-dev-runtime.development.js:346
BaseRoute @ C:\Users\USER\OneDrive\Desktop\PUP\node_modules\expo-router\build\useScreens.js:213
react-stack-bottom-frame @ C:\Users\USER\OneDrive\Desktop\PUP\node_modules\react-dom\cjs\react-dom-client.development.js:23863
renderWithHooks @ C:\Users\USER\OneDrive\Desktop\PUP\node_modules\react-dom\cjs\react-dom-client.development.js:5529
updateFunctionComponent @ C:\Users\USER\OneDrive\Desktop\PUP\node_modules\react-dom\cjs\react-dom-client.development.js:8897
beginWork @ C:\Users\USER\OneDrive\Desktop\PUP\node_modules\react-dom\cjs\react-dom-client.development.js:10522
runWithFiberInDEV @ C:\Users\USER\OneDrive\Desktop\PUP\node_modules\react-dom\cjs\react-dom-client.development.js:1519
performUnitOfWork @ C:\Users\USER\OneDrive\Desktop\PUP\node_modules\react-dom\cjs\react-dom-client.development.js:15132
workLoopSync @ C:\Users\USER\OneDrive\Desktop\PUP\node_modules\react-dom\cjs\react-dom-client.development.js:14956
renderRootSync @ C:\Users\USER\OneDrive\Desktop\PUP\node_modules\react-dom\cjs\react-dom-client.development.js:14936
performWorkOnRoot @ C:\Users\USER\OneDrive\Desktop\PUP\node_modules\react-dom\cjs\react-dom-client.development.js:14419
performSyncWorkOnRoot @ C:\Users\USER\OneDrive\Desktop\PUP\node_modules\react-dom\cjs\react-dom-client.development.js:16231
flushSyncWorkAcrossRoots_impl @ C:\Users\USER\OneDrive\Desktop\PUP\node_modules\react-dom\cjs\react-dom-client.development.js:16079
processRootScheduleInMicrotask @ C:\Users\USER\OneDrive\Desktop\PUP\node_modules\react-dom\cjs\react-dom-client.development.js:16116
(anonymous) @ C:\Users\USER\OneDrive\Desktop\PUP\node_modules\react-dom\cjs\react-dom-client.development.js:16250
<Route(submit)>
exports.jsx @ C:\Users\USER\OneDrive\Desktop\PUP\node_modules\react\cjs\react-jsx-runtime.development.js:339
SceneView @ C:\Users\USER\OneDrive\Desktop\PUP\node_modules\@react-navigation\core\lib\module\SceneView.js:125
react-stack-bottom-frame @ C:\Users\USER\OneDrive\Desktop\PUP\node_modules\react-dom\cjs\react-dom-client.development.js:23863
renderWithHooks @ C:\Users\USER\OneDrive\Desktop\PUP\node_modules\react-dom\cjs\react-dom-client.development.js:5529
updateFunctionComponent @ C:\Users\USER\OneDrive\Desktop\PUP\node_modules\react-dom\cjs\react-dom-client.development.js:8897
beginWork @ C:\Users\USER\OneDrive\Desktop\PUP\node_modules\react-dom\cjs\react-dom-client.development.js:10522
runWithFiberInDEV @ C:\Users\USER\OneDrive\Desktop\PUP\node_modules\react-dom\cjs\react-dom-client.development.js:1519
performUnitOfWork @ C:\Users\USER\OneDrive\Desktop\PUP\node_modules\react-dom\cjs\react-dom-client.development.js:15132
workLoopSync @ C:\Users\USER\OneDrive\Desktop\PUP\node_modules\react-dom\cjs\react-dom-client.development.js:14956
renderRootSync @ C:\Users\USER\OneDrive\Desktop\PUP\node_modules\react-dom\cjs\react-dom-client.development.js:14936
performWorkOnRoot @ C:\Users\USER\OneDrive\Desktop\PUP\node_modules\react-dom\cjs\react-dom-client.development.js:14419
performSyncWorkOnRoot @ C:\Users\USER\OneDrive\Desktop\PUP\node_modules\react-dom\cjs\react-dom-client.development.js:16231
flushSyncWorkAcrossRoots_impl @ C:\Users\USER\OneDrive\Desktop\PUP\node_modules\react-dom\cjs\react-dom-client.development.js:16079
processRootScheduleInMicrotask @ C:\Users\USER\OneDrive\Desktop\PUP\node_modules\react-dom\cjs\react-dom-client.development.js:16116
(anonymous) @ C:\Users\USER\OneDrive\Desktop\PUP\node_modules\react-dom\cjs\react-dom-client.development.js:16250
<SceneView>
exports.jsx @ C:\Users\USER\OneDrive\Desktop\PUP\node_modules\react\cjs\react-jsx-runtime.development.js:339
render @ C:\Users\USER\OneDrive\Desktop\PUP\node_modules\@react-navigation\core\lib\module\useDescriptors.js:108
(anonymous) @ C:\Users\USER\OneDrive\Desktop\PUP\node_modules\@react-navigation\core\lib\module\useDescriptors.js:140
useDescriptors @ C:\Users\USER\OneDrive\Desktop\PUP\node_modules\@react-navigation\core\lib\module\useDescriptors.js:137
useNavigationBuilder @ C:\Users\USER\OneDrive\Desktop\PUP\node_modules\@react-navigation\core\lib\module\useNavigationBuilder.js:562
BottomTabNavigator @ C:\Users\USER\OneDrive\Desktop\PUP\node_modules\@react-navigation\bottom-tabs\lib\module\navigators\createBottomTabNavigator.js:24
react-stack-bottom-frame @ C:\Users\USER\OneDrive\Desktop\PUP\node_modules\react-dom\cjs\react-dom-client.development.js:23863
renderWithHooks @ C:\Users\USER\OneDrive\Desktop\PUP\node_modules\react-dom\cjs\react-dom-client.development.js:5529
updateFunctionComponent @ C:\Users\USER\OneDrive\Desktop\PUP\node_modules\react-dom\cjs\react-dom-client.development.js:8897
beginWork @ C:\Users\USER\OneDrive\Desktop\PUP\node_modules\react-dom\cjs\react-dom-client.development.js:10522
runWithFiberInDEV @ C:\Users\USER\OneDrive\Desktop\PUP\node_modules\react-dom\cjs\react-dom-client.development.js:1519
performUnitOfWork @ C:\Users\USER\OneDrive\Desktop\PUP\node_modules\react-dom\cjs\react-dom-client.development.js:15132
workLoopSync @ C:\Users\USER\OneDrive\Desktop\PUP\node_modules\react-dom\cjs\react-dom-client.development.js:14956
renderRootSync @ C:\Users\USER\OneDrive\Desktop\PUP\node_modules\react-dom\cjs\react-dom-client.development.js:14936
performWorkOnRoot @ C:\Users\USER\OneDrive\Desktop\PUP\node_modules\react-dom\cjs\react-dom-client.development.js:14419
performSyncWorkOnRoot @ C:\Users\USER\OneDrive\Desktop\PUP\node_modules\react-dom\cjs\react-dom-client.development.js:16231
flushSyncWorkAcrossRoots_impl @ C:\Users\USER\OneDrive\Desktop\PUP\node_modules\react-dom\cjs\react-dom-client.development.js:16079
processRootScheduleInMicrotask @ C:\Users\USER\OneDrive\Desktop\PUP\node_modules\react-dom\cjs\react-dom-client.development.js:16116
(anonymous) @ C:\Users\USER\OneDrive\Desktop\PUP\node_modules\react-dom\cjs\react-dom-client.development.js:16250
C:\Users\USER\OneDrive\Desktop\PUP\node_modules\@expo\metro-runtime\src\error-overlay\LogBox.web.ts:134 [REST] getCollection failed: The database (default) does not exist for project lasangpinoy-mobile Please visit https://console.cloud.google.com/datastore/setup?project=lasangpinoy-mobile to add a Cloud Datastore or Cloud Firestore database. 
registerError @ C:\Users\USER\OneDrive\Desktop\PUP\node_modules\@expo\metro-runtime\src\error-overlay\LogBox.web.ts:134
console.error @ C:\Users\USER\OneDrive\Desktop\PUP\node_modules\@expo\metro-runtime\src\error-overlay\LogBox.web.ts:59
getCollection @ C:\Users\USER\OneDrive\Desktop\PUP\lib\firestore-rest.ts:235
await in getCollection
getRegions @ C:\Users\USER\OneDrive\Desktop\PUP\lib\firebase.ts:525
loadRegions @ C:\Users\USER\OneDrive\Desktop\PUP\app\(tabs)\submit.tsx:74
(anonymous) @ C:\Users\USER\OneDrive\Desktop\PUP\app\(tabs)\submit.tsx:67
callback @ C:\Users\USER\OneDrive\Desktop\PUP\node_modules\expo-router\build\useFocusEffect.js:98
(anonymous) @ C:\Users\USER\OneDrive\Desktop\PUP\node_modules\expo-router\build\useFocusEffect.js:133
react-stack-bottom-frame @ C:\Users\USER\OneDrive\Desktop\PUP\node_modules\react-dom\cjs\react-dom-client.development.js:23949
runWithFiberInDEV @ C:\Users\USER\OneDrive\Desktop\PUP\node_modules\react-dom\cjs\react-dom-client.development.js:1519
commitHookEffectListMount @ C:\Users\USER\OneDrive\Desktop\PUP\node_modules\react-dom\cjs\react-dom-client.development.js:11905
commitHookPassiveMountEffects @ C:\Users\USER\OneDrive\Desktop\PUP\node_modules\react-dom\cjs\react-dom-client.development.js:12026
commitPassiveMountOnFiber @ C:\Users\USER\OneDrive\Desktop\PUP\node_modules\react-dom\cjs\react-dom-client.development.js:13841
recursivelyTraversePassiveMountEffects @ C:\Users\USER\OneDrive\Desktop\PUP\node_modules\react-dom\cjs\react-dom-client.development.js:13815
commitPassiveMountOnFiber @ C:\Users\USER\OneDrive\Desktop\PUP\node_modules\react-dom\cjs\react-dom-client.development.js:13928
recursivelyTraversePassiveMountEffects @ C:\Users\USER\OneDrive\Desktop\PUP\node_modules\react-dom\cjs\react-dom-client.development.js:13815
commitPassiveMountOnFiber @ C:\Users\USER\OneDrive\Desktop\PUP\node_modules\react-dom\cjs\react-dom-client.development.js:13903
recursivelyTraversePassiveMountEffects @ C:\Users\USER\OneDrive\Desktop\PUP\node_modules\react-dom\cjs\react-dom-client.development.js:13815
commitPassiveMountOnFiber @ C:\Users\USER\OneDrive\Desktop\PUP\node_modules\react-dom\cjs\react-dom-client.development.js:13957
recursivelyTraversePassiveMountEffects @ C:\Users\USER\OneDrive\Desktop\PUP\node_modules\react-dom\cjs\react-dom-client.development.js:13815
commitPassiveMountOnFiber @ C:\Users\USER\OneDrive\Desktop\PUP\node_modules\react-dom\cjs\react-dom-client.development.js:13957
recursivelyTraversePassiveMountEffects @ C:\Users\USER\OneDrive\Desktop\PUP\node_modules\react-dom\cjs\react-dom-client.development.js:13815
commitPassiveMountOnFiber @ C:\Users\USER\OneDrive\Desktop\PUP\node_modules\react-dom\cjs\react-dom-client.development.js:13834
recursivelyTraversePassiveMountEffects @ C:\Users\USER\OneDrive\Desktop\PUP\node_modules\react-dom\cjs\react-dom-client.development.js:13815
commitPassiveMountOnFiber @ C:\Users\USER\OneDrive\Desktop\PUP\node_modules\react-dom\cjs\react-dom-client.development.js:13834
recursivelyTraversePassiveMountEffects @ C:\Users\USER\OneDrive\Desktop\PUP\node_modules\react-dom\cjs\react-dom-client.development.js:13815
commitPassiveMountOnFiber @ C:\Users\USER\OneDrive\Desktop\PUP\node_modules\react-dom\cjs\react-dom-client.development.js:13834
recursivelyTraversePassiveMountEffects @ C:\Users\USER\OneDrive\Desktop\PUP\node_modules\react-dom\cjs\react-dom-client.development.js:13815
commitPassiveMountOnFiber @ C:\Users\USER\OneDrive\Desktop\PUP\node_modules\react-dom\cjs\react-dom-client.development.js:13957
recursivelyTraversePassiveMountEffects @ C:\Users\USER\OneDrive\Desktop\PUP\node_modules\react-dom\cjs\react-dom-client.development.js:13815
commitPassiveMountOnFiber @ C:\Users\USER\OneDrive\Desktop\PUP\node_modules\react-dom\cjs\react-dom-client.development.js:13957
recursivelyTraversePassiveMountEffects @ C:\Users\USER\OneDrive\Desktop\PUP\node_modules\react-dom\cjs\react-dom-client.development.js:13815
commitPassiveMountOnFiber @ C:\Users\USER\OneDrive\Desktop\PUP\node_modules\react-dom\cjs\react-dom-client.development.js:13834
recursivelyTraversePassiveMountEffects @ C:\Users\USER\OneDrive\Desktop\PUP\node_modules\react-dom\cjs\react-dom-client.development.js:13815
commitPassiveMountOnFiber @ C:\Users\USER\OneDrive\Desktop\PUP\node_modules\react-dom\cjs\react-dom-client.development.js:13957
recursivelyTraversePassiveMountEffects @ C:\Users\USER\OneDrive\Desktop\PUP\node_modules\react-dom\cjs\react-dom-client.development.js:13815
commitPassiveMountOnFiber @ C:\Users\USER\OneDrive\Desktop\PUP\node_modules\react-dom\cjs\react-dom-client.development.js:13957
recursivelyTraversePassiveMountEffects @ C:\Users\USER\OneDrive\Desktop\PUP\node_modules\react-dom\cjs\react-dom-client.development.js:13815
commitPassiveMountOnFiber @ C:\Users\USER\OneDrive\Desktop\PUP\node_modules\react-dom\cjs\react-dom-client.development.js:13957
recursivelyTraversePassiveMountEffects @ C:\Users\USER\OneDrive\Desktop\PUP\node_modules\react-dom\cjs\react-dom-client.development.js:13815
commitPassiveMountOnFiber @ C:\Users\USER\OneDrive\Desktop\PUP\node_modules\react-dom\cjs\react-dom-client.development.js:13834
recursivelyTraversePassiveMountEffects @ C:\Users\USER\OneDrive\Desktop\PUP\node_modules\react-dom\cjs\react-dom-client.development.js:13815
commitPassiveMountOnFiber @ C:\Users\USER\OneDrive\Desktop\PUP\node_modules\react-dom\cjs\react-dom-client.development.js:13957
recursivelyTraversePassiveMountEffects @ C:\Users\USER\OneDrive\Desktop\PUP\node_modules\react-dom\cjs\react-dom-client.development.js:13815
commitPassiveMountOnFiber @ C:\Users\USER\OneDrive\Desktop\PUP\node_modules\react-dom\cjs\react-dom-client.development.js:13957
recursivelyTraversePassiveMountEffects @ C:\Users\USER\OneDrive\Desktop\PUP\node_modules\react-dom\cjs\react-dom-client.development.js:13815
commitPassiveMountOnFiber @ C:\Users\USER\OneDrive\Desktop\PUP\node_modules\react-dom\cjs\react-dom-client.development.js:13957
recursivelyTraversePassiveMountEffects @ C:\Users\USER\OneDrive\Desktop\PUP\node_modules\react-dom\cjs\react-dom-client.development.js:13815
commitPassiveMountOnFiber @ C:\Users\USER\OneDrive\Desktop\PUP\node_modules\react-dom\cjs\react-dom-client.development.js:13834
recursivelyTraversePassiveMountEffects @ C:\Users\USER\OneDrive\Desktop\PUP\node_modules\react-dom\cjs\react-dom-client.development.js:13815
commitPassiveMountOnFiber @ C:\Users\USER\OneDrive\Desktop\PUP\node_modules\react-dom\cjs\react-dom-client.development.js:13957
recursivelyTraversePassiveMountEffects @ C:\Users\USER\OneDrive\Desktop\PUP\node_modules\react-dom\cjs\react-dom-client.development.js:13815
commitPassiveMountOnFiber @ C:\Users\USER\OneDrive\Desktop\PUP\node_modules\react-dom\cjs\react-dom-client.development.js:13957
recursivelyTraversePassiveMountEffects @ C:\Users\USER\OneDrive\Desktop\PUP\node_modules\react-dom\cjs\react-dom-client.development.js:13815
commitPassiveMountOnFiber @ C:\Users\USER\OneDrive\Desktop\PUP\node_modules\react-dom\cjs\react-dom-client.development.js:13957
recursivelyTraversePassiveMountEffects @ C:\Users\USER\OneDrive\Desktop\PUP\node_modules\react-dom\cjs\react-dom-client.development.js:13815
commitPassiveMountOnFiber @ C:\Users\USER\OneDrive\Desktop\PUP\node_modules\react-dom\cjs\react-dom-client.development.js:13957
recursivelyTraversePassiveMountEffects @ C:\Users\USER\OneDrive\Desktop\PUP\node_modules\react-dom\cjs\react-dom-client.development.js:13815
commitPassiveMountOnFiber @ C:\Users\USER\OneDrive\Desktop\PUP\node_modules\react-dom\cjs\react-dom-client.development.js:13834
recursivelyTraversePassiveMountEffects @ C:\Users\USER\OneDrive\Desktop\PUP\node_modules\react-dom\cjs\react-dom-client.development.js:13815
commitPassiveMountOnFiber @ C:\Users\USER\OneDrive\Desktop\PUP\node_modules\react-dom\cjs\react-dom-client.development.js:13957
recursivelyTraversePassiveMountEffects @ C:\Users\USER\OneDrive\Desktop\PUP\node_modules\react-dom\cjs\react-dom-client.development.js:13815
commitPassiveMountOnFiber @ C:\Users\USER\OneDrive\Desktop\PUP\node_modules\react-dom\cjs\react-dom-client.development.js:13834
recursivelyTraversePassiveMountEffects @ C:\Users\USER\OneDrive\Desktop\PUP\node_modules\react-dom\cjs\react-dom-client.development.js:13815
commitPassiveMountOnFiber @ C:\Users\USER\OneDrive\Desktop\PUP\node_modules\react-dom\cjs\react-dom-client.development.js:13834
recursivelyTraversePassiveMountEffects @ C:\Users\USER\OneDrive\Desktop\PUP\node_modules\react-dom\cjs\react-dom-client.development.js:13815
commitPassiveMountOnFiber @ C:\Users\USER\OneDrive\Desktop\PUP\node_modules\react-dom\cjs\react-dom-client.development.js:13834
recursivelyTraversePassiveMountEffects @ C:\Users\USER\OneDrive\Desktop\PUP\node_modules\react-dom\cjs\react-dom-client.development.js:13815
commitPassiveMountOnFiber @ C:\Users\USER\OneDrive\Desktop\PUP\node_modules\react-dom\cjs\react-dom-client.development.js:13834
recursivelyTraversePassiveMountEffects @ C:\Users\USER\OneDrive\Desktop\PUP\node_modules\react-dom\cjs\react-dom-client.development.js:13815
commitPassiveMountOnFiber @ C:\Users\USER\OneDrive\Desktop\PUP\node_modules\react-dom\cjs\react-dom-client.development.js:13957
recursivelyTraversePassiveMountEffects @ C:\Users\USER\OneDrive\Desktop\PUP\node_modules\react-dom\cjs\react-dom-client.development.js:13815
commitPassiveMountOnFiber @ C:\Users\USER\OneDrive\Desktop\PUP\node_modules\react-dom\cjs\react-dom-client.development.js:13957
recursivelyTraversePassiveMountEffects @ C:\Users\USER\OneDrive\Desktop\PUP\node_modules\react-dom\cjs\react-dom-client.development.js:13815
commitPassiveMountOnFiber @ C:\Users\USER\OneDrive\Desktop\PUP\node_modules\react-dom\cjs\react-dom-client.development.js:13834
recursivelyTraversePassiveMountEffects @ C:\Users\USER\OneDrive\Desktop\PUP\node_modules\react-dom\cjs\react-dom-client.development.js:13815
commitPassiveMountOnFiber @ C:\Users\USER\OneDrive\Desktop\PUP\node_modules\react-dom\cjs\react-dom-client.development.js:13834
recursivelyTraversePassiveMountEffects @ C:\Users\USER\OneDrive\Desktop\PUP\node_modules\react-dom\cjs\react-dom-client.development.js:13815
commitPassiveMountOnFiber @ C:\Users\USER\OneDrive\Desktop\PUP\node_modules\react-dom\cjs\react-dom-client.development.js:13957
recursivelyTraversePassiveMountEffects @ C:\Users\USER\OneDrive\Desktop\PUP\node_modules\react-dom\cjs\react-dom-client.development.js:13815
commitPassiveMountOnFiber @ C:\Users\USER\OneDrive\Desktop\PUP\node_modules\react-dom\cjs\react-dom-client.development.js:13834
recursivelyTraversePassiveMountEffects @ C:\Users\USER\OneDrive\Desktop\PUP\node_modules\react-dom\cjs\react-dom-client.development.js:13815
commitPassiveMountOnFiber @ C:\Users\USER\OneDrive\Desktop\PUP\node_modules\react-dom\cjs\react-dom-client.development.js:13834
recursivelyTraversePassiveMountEffects @ C:\Users\USER\OneDrive\Desktop\PUP\node_modules\react-dom\cjs\react-dom-client.development.js:13815
commitPassiveMountOnFiber @ C:\Users\USER\OneDrive\Desktop\PUP\node_modules\react-dom\cjs\react-dom-client.development.js:13957
recursivelyTraversePassiveMountEffects @ C:\Users\USER\OneDrive\Desktop\PUP\node_modules\react-dom\cjs\react-dom-client.development.js:13815
commitPassiveMountOnFiber @ C:\Users\USER\OneDrive\Desktop\PUP\node_modules\react-dom\cjs\react-dom-client.development.js:13834
recursivelyTraversePassiveMountEffects @ C:\Users\USER\OneDrive\Desktop\PUP\node_modules\react-dom\cjs\react-dom-client.development.js:13815
commitPassiveMountOnFiber @ C:\Users\USER\OneDrive\Desktop\PUP\node_modules\react-dom\cjs\react-dom-client.development.js:13957
recursivelyTraversePassiveMountEffects @ C:\Users\USER\OneDrive\Desktop\PUP\node_modules\react-dom\cjs\react-dom-client.development.js:13815
commitPassiveMountOnFiber @ C:\Users\USER\OneDrive\Desktop\PUP\node_modules\react-dom\cjs\react-dom-client.development.js:13834
recursivelyTraversePassiveMountEffects @ C:\Users\USER\OneDrive\Desktop\PUP\node_modules\react-dom\cjs\react-dom-client.development.js:13815
commitPassiveMountOnFiber @ C:\Users\USER\OneDrive\Desktop\PUP\node_modules\react-dom\cjs\react-dom-client.development.js:13834
recursivelyTraversePassiveMountEffects @ C:\Users\USER\OneDrive\Desktop\PUP\node_modules\react-dom\cjs\react-dom-client.development.js:13815
commitPassiveMountOnFiber @ C:\Users\USER\OneDrive\Desktop\PUP\node_modules\react-dom\cjs\react-dom-client.development.js:13834
recursivelyTraversePassiveMountEffects @ C:\Users\USER\OneDrive\Desktop\PUP\node_modules\react-dom\cjs\react-dom-client.development.js:13815
commitPassiveMountOnFiber @ C:\Users\USER\OneDrive\Desktop\PUP\node_modules\react-dom\cjs\react-dom-client.development.js:13957
recursivelyTraversePassiveMountEffects @ C:\Users\USER\OneDrive\Desktop\PUP\node_modules\react-dom\cjs\react-dom-client.development.js:13815
commitPassiveMountOnFiber @ C:\Users\USER\OneDrive\Desktop\PUP\node_modules\react-dom\cjs\react-dom-client.development.js:13834
recursivelyTraversePassiveMountEffects @ C:\Users\USER\OneDrive\Desktop\PUP\node_modules\react-dom\cjs\react-dom-client.development.js:13815
commitPassiveMountOnFiber @ C:\Users\USER\OneDrive\Desktop\PUP\node_modules\react-dom\cjs\react-dom-client.development.js:13957
recursivelyTraversePassiveMountEffects @ C:\Users\USER\OneDrive\Desktop\PUP\node_modules\react-dom\cjs\react-dom-client.development.js:13815
commitPassiveMountOnFiber @ C:\Users\USER\OneDrive\Desktop\PUP\node_modules\react-dom\cjs\react-dom-client.development.js:13957
recursivelyTraversePassiveMountEffects @ C:\Users\USER\OneDrive\Desktop\PUP\node_modules\react-dom\cjs\react-dom-client.development.js:13815
commitPassiveMountOnFiber @ C:\Users\USER\OneDrive\Desktop\PUP\node_modules\react-dom\cjs\react-dom-client.development.js:13834
recursivelyTraversePassiveMountEffects @ C:\Users\USER\OneDrive\Desktop\PUP\node_modules\react-dom\cjs\react-dom-client.development.js:13815
commitPassiveMountOnFiber @ C:\Users\USER\OneDrive\Desktop\PUP\node_modules\react-dom\cjs\react-dom-client.development.js:13957
recursivelyTraversePassiveMountEffects @ C:\Users\USER\OneDrive\Desktop\PUP\node_modules\react-dom\cjs\react-dom-client.development.js:13815
commitPassiveMountOnFiber @ C:\Users\USER\OneDrive\Desktop\PUP\node_modules\react-dom\cjs\react-dom-client.development.js:13957
recursivelyTraversePassiveMountEffects @ C:\Users\USER\OneDrive\Desktop\PUP\node_modules\react-dom\cjs\react-dom-client.development.js:13815
commitPassiveMountOnFiber @ C:\Users\USER\OneDrive\Desktop\PUP\node_modules\react-dom\cjs\react-dom-client.development.js:13834
recursivelyTraversePassiveMountEffects @ C:\Users\USER\OneDrive\Desktop\PUP\node_modules\react-dom\cjs\react-dom-client.development.js:13815
commitPassiveMountOnFiber @ C:\Users\USER\OneDrive\Desktop\PUP\node_modules\react-dom\cjs\react-dom-client.development.js:13834
recursivelyTraversePassiveMountEffects @ C:\Users\USER\OneDrive\Desktop\PUP\node_modules\react-dom\cjs\react-dom-client.development.js:13815
commitPassiveMountOnFiber @ C:\Users\USER\OneDrive\Desktop\PUP\node_modules\react-dom\cjs\react-dom-client.development.js:13834
recursivelyTraversePassiveMountEffects @ C:\Users\USER\OneDrive\Desktop\PUP\node_modules\react-dom\cjs\react-dom-client.development.js:13815
commitPassiveMountOnFiber @ C:\Users\USER\OneDrive\Desktop\PUP\node_modules\react-dom\cjs\react-dom-client.development.js:13834
recursivelyTraversePassiveMountEffects @ C:\Users\USER\OneDrive\Desktop\PUP\node_modules\react-dom\cjs\react-dom-client.development.js:13815
commitPassiveMountOnFiber @ C:\Users\USER\OneDrive\Desktop\PUP\node_modules\react-dom\cjs\react-dom-client.development.js:13834
recursivelyTraversePassiveMountEffects @ C:\Users\USER\OneDrive\Desktop\PUP\node_modules\react-dom\cjs\react-dom-client.development.js:13815
commitPassiveMountOnFiber @ C:\Users\USER\OneDrive\Desktop\PUP\node_modules\react-dom\cjs\react-dom-client.development.js:13834
recursivelyTraversePassiveMountEffects @ C:\Users\USER\OneDrive\Desktop\PUP\node_modules\react-dom\cjs\react-dom-client.development.js:13815
commitPassiveMountOnFiber @ C:\Users\USER\OneDrive\Desktop\PUP\node_modules\react-dom\cjs\react-dom-client.development.js:13928
recursivelyTraversePassiveMountEffects @ C:\Users\USER\OneDrive\Desktop\PUP\node_modules\react-dom\cjs\react-dom-client.development.js:13815
commitPassiveMountOnFiber @ C:\Users\USER\OneDrive\Desktop\PUP\node_modules\react-dom\cjs\react-dom-client.development.js:13903
recursivelyTraversePassiveMountEffects @ C:\Users\USER\OneDrive\Desktop\PUP\node_modules\react-dom\cjs\react-dom-client.development.js:13815
commitPassiveMountOnFiber @ C:\Users\USER\OneDrive\Desktop\PUP\node_modules\react-dom\cjs\react-dom-client.development.js:13957
recursivelyTraversePassiveMountEffects @ C:\Users\USER\OneDrive\Desktop\PUP\node_modules\react-dom\cjs\react-dom-client.development.js:13815
commitPassiveMountOnFiber @ C:\Users\USER\OneDrive\Desktop\PUP\node_modules\react-dom\cjs\react-dom-client.development.js:13957
recursivelyTraversePassiveMountEffects @ C:\Users\USER\OneDrive\Desktop\PUP\node_modules\react-dom\cjs\react-dom-client.development.js:13815
commitPassiveMountOnFiber @ C:\Users\USER\OneDrive\Desktop\PUP\node_modules\react-dom\cjs\react-dom-client.development.js:13834
recursivelyTraversePassiveMountEffects @ C:\Users\USER\OneDrive\Desktop\PUP\node_modules\react-dom\cjs\react-dom-client.development.js:13815
commitPassiveMountOnFiber @ C:\Users\USER\OneDrive\Desktop\PUP\node_modules\react-dom\cjs\react-dom-client.development.js:13834
recursivelyTraversePassiveMountEffects @ C:\Users\USER\OneDrive\Desktop\PUP\node_modules\react-dom\cjs\react-dom-client.development.js:13815
commitPassiveMountOnFiber @ C:\Users\USER\OneDrive\Desktop\PUP\node_modules\react-dom\cjs\react-dom-client.development.js:13834
recursivelyTraversePassiveMountEffects @ C:\Users\USER\OneDrive\Desktop\PUP\node_modules\react-dom\cjs\react-dom-client.development.js:13815
commitPassiveMountOnFiber @ C:\Users\USER\OneDrive\Desktop\PUP\node_modules\react-dom\cjs\react-dom-client.development.js:13957
recursivelyTraversePassiveMountEffects @ C:\Users\USER\OneDrive\Desktop\PUP\node_modules\react-dom\cjs\react-dom-client.development.js:13815
commitPassiveMountOnFiber @ C:\Users\USER\OneDrive\Desktop\PUP\node_modules\react-dom\cjs\react-dom-client.development.js:13957
recursivelyTraversePassiveMountEffects @ C:\Users\USER\OneDrive\Desktop\PUP\node_modules\react-dom\cjs\react-dom-client.development.js:13815
commitPassiveMountOnFiber @ C:\Users\USER\OneDrive\Desktop\PUP\node_modules\react-dom\cjs\react-dom-client.development.js:13834
recursivelyTraversePassiveMountEffects @ C:\Users\USER\OneDrive\Desktop\PUP\node_modules\react-dom\cjs\react-dom-client.development.js:13815
commitPassiveMountOnFiber @ C:\Users\USER\OneDrive\Desktop\PUP\node_modules\react-dom\cjs\react-dom-client.development.js:13957
recursivelyTraversePassiveMountEffects @ C:\Users\USER\OneDrive\Desktop\PUP\node_modules\react-dom\cjs\react-dom-client.development.js:13815
commitPassiveMountOnFiber @ C:\Users\USER\OneDrive\Desktop\PUP\node_modules\react-dom\cjs\react-dom-client.development.js:13957
recursivelyTraversePassiveMountEffects @ C:\Users\USER\OneDrive\Desktop\PUP\node_modules\react-dom\cjs\react-dom-client.development.js:13815
commitPassiveMountOnFiber @ C:\Users\USER\OneDrive\Desktop\PUP\node_modules\react-dom\cjs\react-dom-client.development.js:13957
recursivelyTraversePassiveMountEffects @ C:\Users\USER\OneDrive\Desktop\PUP\node_modules\react-dom\cjs\react-dom-client.development.js:13815
commitPassiveMountOnFiber @ C:\Users\USER\OneDrive\Desktop\PUP\node_modules\react-dom\cjs\react-dom-client.development.js:13834
recursivelyTraversePassiveMountEffects @ C:\Users\USER\OneDrive\Desktop\PUP\node_modules\react-dom\cjs\react-dom-client.development.js:13815
commitPassiveMountOnFiber @ C:\Users\USER\OneDrive\Desktop\PUP\node_modules\react-dom\cjs\react-dom-client.development.js:13957
recursivelyTraversePassiveMountEffects @ C:\Users\USER\OneDrive\Desktop\PUP\node_modules\react-dom\cjs\react-dom-client.development.js:13815
commitPassiveMountOnFiber @ C:\Users\USER\OneDrive\Desktop\PUP\node_modules\react-dom\cjs\react-dom-client.development.js:13957
recursivelyTraversePassiveMountEffects @ C:\Users\USER\OneDrive\Desktop\PUP\node_modules\react-dom\cjs\react-dom-client.development.js:13815
commitPassiveMountOnFiber @ C:\Users\USER\OneDrive\Desktop\PUP\node_modules\react-dom\cjs\react-dom-client.development.js:13957
recursivelyTraversePassiveMountEffects @ C:\Users\USER\OneDrive\Desktop\PUP\node_modules\react-dom\cjs\react-dom-client.development.js:13815
commitPassiveMountOnFiber @ C:\Users\USER\OneDrive\Desktop\PUP\node_modules\react-dom\cjs\react-dom-client.development.js:13834
recursivelyTraversePassiveMountEffects @ C:\Users\USER\OneDrive\Desktop\PUP\node_modules\react-dom\cjs\react-dom-client.development.js:13815
commitPassiveMountOnFiber @ C:\Users\USER\OneDrive\Desktop\PUP\node_modules\react-dom\cjs\react-dom-client.development.js:13957
recursivelyTraversePassiveMountEffects @ C:\Users\USER\OneDrive\Desktop\PUP\node_modules\react-dom\cjs\react-dom-client.development.js:13815
commitPassiveMountOnFiber @ C:\Users\USER\OneDrive\Desktop\PUP\node_modules\react-dom\cjs\react-dom-client.development.js:13957
recursivelyTraversePassiveMountEffects @ C:\Users\USER\OneDrive\Desktop\PUP\node_modules\react-dom\cjs\react-dom-client.development.js:13815
commitPassiveMountOnFiber @ C:\Users\USER\OneDrive\Desktop\PUP\node_modules\react-dom\cjs\react-dom-client.development.js:13834
recursivelyTraversePassiveMountEffects @ C:\Users\USER\OneDrive\Desktop\PUP\node_modules\react-dom\cjs\react-dom-client.development.js:13815
commitPassiveMountOnFiber @ C:\Users\USER\OneDrive\Desktop\PUP\node_modules\react-dom\cjs\react-dom-client.development.js:13957
recursivelyTraversePassiveMountEffects @ C:\Users\USER\OneDrive\Desktop\PUP\node_modules\react-dom\cjs\react-dom-client.development.js:13815
commitPassiveMountOnFiber @ C:\Users\USER\OneDrive\Desktop\PUP\node_modules\react-dom\cjs\react-dom-client.development.js:13957
recursivelyTraversePassiveMountEffects @ C:\Users\USER\OneDrive\Desktop\PUP\node_modules\react-dom\cjs\react-dom-client.development.js:13815
commitPassiveMountOnFiber @ C:\Users\USER\OneDrive\Desktop\PUP\node_modules\react-dom\cjs\react-dom-client.development.js:13834
recursivelyTraversePassiveMountEffects @ C:\Users\USER\OneDrive\Desktop\PUP\node_modules\react-dom\cjs\react-dom-client.development.js:13815
commitPassiveMountOnFiber @ C:\Users\USER\OneDrive\Desktop\PUP\node_modules\react-dom\cjs\react-dom-client.development.js:13957
recursivelyTraversePassiveMountEffects @ C:\Users\USER\OneDrive\Desktop\PUP\node_modules\react-dom\cjs\react-dom-client.development.js:13815
commitPassiveMountOnFiber @ C:\Users\USER\OneDrive\Desktop\PUP\node_modules\react-dom\cjs\react-dom-client.development.js:13957
recursivelyTraversePassiveMountEffects @ C:\Users\USER\OneDrive\Desktop\PUP\node_modules\react-dom\cjs\react-dom-client.development.js:13815
commitPassiveMountOnFiber @ C:\Users\USER\OneDrive\Desktop\PUP\node_modules\react-dom\cjs\react-dom-client.development.js:13834
recursivelyTraversePassiveMountEffects @ C:\Users\USER\OneDrive\Desktop\PUP\node_modules\react-dom\cjs\react-dom-client.development.js:13815
commitPassiveMountOnFiber @ C:\Users\USER\OneDrive\Desktop\PUP\node_modules\react-dom\cjs\react-dom-client.development.js:13834
recursivelyTraversePassiveMountEffects @ C:\Users\USER\OneDrive\Desktop\PUP\node_modules\react-dom\cjs\react-dom-client.development.js:13815
commitPassiveMountOnFiber @ C:\Users\USER\OneDrive\Desktop\PUP\node_modules\react-dom\cjs\react-dom-client.development.js:13834
recursivelyTraversePassiveMountEffects @ C:\Users\USER\OneDrive\Desktop\PUP\node_modules\react-dom\cjs\react-dom-client.development.js:13815
commitPassiveMountOnFiber @ C:\Users\USER\OneDrive\Desktop\PUP\node_modules\react-dom\cjs\react-dom-client.development.js:13834
recursivelyTraversePassiveMountEffects @ C:\Users\USER\OneDrive\Desktop\PUP\node_modules\react-dom\cjs\react-dom-client.development.js:13815
commitPassiveMountOnFiber @ C:\Users\USER\OneDrive\Desktop\PUP\node_modules\react-dom\cjs\react-dom-client.development.js:13957
recursivelyTraversePassiveMountEffects @ C:\Users\USER\OneDrive\Desktop\PUP\node_modules\react-dom\cjs\react-dom-client.development.js:13815
commitPassiveMountOnFiber @ C:\Users\USER\OneDrive\Desktop\PUP\node_modules\react-dom\cjs\react-dom-client.development.js:13834
recursivelyTraversePassiveMountEffects @ C:\Users\USER\OneDrive\Desktop\PUP\node_modules\react-dom\cjs\react-dom-client.development.js:13815
commitPassiveMountOnFiber @ C:\Users\USER\OneDrive\Desktop\PUP\node_modules\react-dom\cjs\react-dom-client.development.js:13834
recursivelyTraversePassiveMountEffects @ C:\Users\USER\OneDrive\Desktop\PUP\node_modules\react-dom\cjs\react-dom-client.development.js:13815
commitPassiveMountOnFiber @ C:\Users\USER\OneDrive\Desktop\PUP\node_modules\react-dom\cjs\react-dom-client.development.js:13928
recursivelyTraversePassiveMountEffects @ C:\Users\USER\OneDrive\Desktop\PUP\node_modules\react-dom\cjs\react-dom-client.development.js:13815
commitPassiveMountOnFiber @ C:\Users\USER\OneDrive\Desktop\PUP\node_modules\react-dom\cjs\react-dom-client.development.js:13903
recursivelyTraversePassiveMountEffects @ C:\Users\USER\OneDrive\Desktop\PUP\node_modules\react-dom\cjs\react-dom-client.development.js:13815
commitPassiveMountOnFiber @ C:\Users\USER\OneDrive\Desktop\PUP\node_modules\react-dom\cjs\react-dom-client.development.js:13957
recursivelyTraversePassiveMountEffects @ C:\Users\USER\OneDrive\Desktop\PUP\node_modules\react-dom\cjs\react-dom-client.development.js:13815
commitPassiveMountOnFiber @ C:\Users\USER\OneDrive\Desktop\PUP\node_modules\react-dom\cjs\react-dom-client.development.js:13957
recursivelyTraversePassiveMountEffects @ C:\Users\USER\OneDrive\Desktop\PUP\node_modules\react-dom\cjs\react-dom-client.development.js:13815
commitPassiveMountOnFiber @ C:\Users\USER\OneDrive\Desktop\PUP\node_modules\react-dom\cjs\react-dom-client.development.js:13834
recursivelyTraversePassiveMountEffects @ C:\Users\USER\OneDrive\Desktop\PUP\node_modules\react-dom\cjs\react-dom-client.development.js:13815
commitPassiveMountOnFiber @ C:\Users\USER\OneDrive\Desktop\PUP\node_modules\react-dom\cjs\react-dom-client.development.js:13834
recursivelyTraversePassiveMountEffects @ C:\Users\USER\OneDrive\Desktop\PUP\node_modules\react-dom\cjs\react-dom-client.development.js:13815
commitPassiveMountOnFiber @ C:\Users\USER\OneDrive\Desktop\PUP\node_modules\react-dom\cjs\react-dom-client.development.js:13834
recursivelyTraversePassiveMountEffects @ C:\Users\USER\OneDrive\Desktop\PUP\node_modules\react-dom\cjs\react-dom-client.development.js:13815
<SubmitScreen(./(tabs)/submit.tsx)>
exports.jsxDEV @ C:\Users\USER\OneDrive\Desktop\PUP\node_modules\react\cjs\react-jsx-dev-runtime.development.js:346
BaseRoute @ C:\Users\USER\OneDrive\Desktop\PUP\node_modules\expo-router\build\useScreens.js:213
react-stack-bottom-frame @ C:\Users\USER\OneDrive\Desktop\PUP\node_modules\react-dom\cjs\react-dom-client.development.js:23863
renderWithHooks @ C:\Users\USER\OneDrive\Desktop\PUP\node_modules\react-dom\cjs\react-dom-client.development.js:5529
updateFunctionComponent @ C:\Users\USER\OneDrive\Desktop\PUP\node_modules\react-dom\cjs\react-dom-client.development.js:8897
beginWork @ C:\Users\USER\OneDrive\Desktop\PUP\node_modules\react-dom\cjs\react-dom-client.development.js:10522
runWithFiberInDEV @ C:\Users\USER\OneDrive\Desktop\PUP\node_modules\react-dom\cjs\react-dom-client.development.js:1519
performUnitOfWork @ C:\Users\USER\OneDrive\Desktop\PUP\node_modules\react-dom\cjs\react-dom-client.development.js:15132
workLoopSync @ C:\Users\USER\OneDrive\Desktop\PUP\node_modules\react-dom\cjs\react-dom-client.development.js:14956
renderRootSync @ C:\Users\USER\OneDrive\Desktop\PUP\node_modules\react-dom\cjs\react-dom-client.development.js:14936
performWorkOnRoot @ C:\Users\USER\OneDrive\Desktop\PUP\node_modules\react-dom\cjs\react-dom-client.development.js:14419
performSyncWorkOnRoot @ C:\Users\USER\OneDrive\Desktop\PUP\node_modules\react-dom\cjs\react-dom-client.development.js:16231
flushSyncWorkAcrossRoots_impl @ C:\Users\USER\OneDrive\Desktop\PUP\node_modules\react-dom\cjs\react-dom-client.development.js:16079
processRootScheduleInMicrotask @ C:\Users\USER\OneDrive\Desktop\PUP\node_modules\react-dom\cjs\react-dom-client.development.js:16116
(anonymous) @ C:\Users\USER\OneDrive\Desktop\PUP\node_modules\react-dom\cjs\react-dom-client.development.js:16250
<Route(submit)>
exports.jsx @ C:\Users\USER\OneDrive\Desktop\PUP\node_modules\react\cjs\react-jsx-runtime.development.js:339
SceneView @ C:\Users\USER\OneDrive\Desktop\PUP\node_modules\@react-navigation\core\lib\module\SceneView.js:125
react-stack-bottom-frame @ C:\Users\USER\OneDrive\Desktop\PUP\node_modules\react-dom\cjs\react-dom-client.development.js:23863
renderWithHooks @ C:\Users\USER\OneDrive\Desktop\PUP\node_modules\react-dom\cjs\react-dom-client.development.js:5529
updateFunctionComponent @ C:\Users\USER\OneDrive\Desktop\PUP\node_modules\react-dom\cjs\react-dom-client.development.js:8897
beginWork @ C:\Users\USER\OneDrive\Desktop\PUP\node_modules\react-dom\cjs\react-dom-client.development.js:10522
runWithFiberInDEV @ C:\Users\USER\OneDrive\Desktop\PUP\node_modules\react-dom\cjs\react-dom-client.development.js:1519
performUnitOfWork @ C:\Users\USER\OneDrive\Desktop\PUP\node_modules\react-dom\cjs\react-dom-client.development.js:15132
workLoopSync @ C:\Users\USER\OneDrive\Desktop\PUP\node_modules\react-dom\cjs\react-dom-client.development.js:14956
renderRootSync @ C:\Users\USER\OneDrive\Desktop\PUP\node_modules\react-dom\cjs\react-dom-client.development.js:14936
performWorkOnRoot @ C:\Users\USER\OneDrive\Desktop\PUP\node_modules\react-dom\cjs\react-dom-client.development.js:14419
performSyncWorkOnRoot @ C:\Users\USER\OneDrive\Desktop\PUP\node_modules\react-dom\cjs\react-dom-client.development.js:16231
flushSyncWorkAcrossRoots_impl @ C:\Users\USER\OneDrive\Desktop\PUP\node_modules\react-dom\cjs\react-dom-client.development.js:16079
processRootScheduleInMicrotask @ C:\Users\USER\OneDrive\Desktop\PUP\node_modules\react-dom\cjs\react-dom-client.development.js:16116
(anonymous) @ C:\Users\USER\OneDrive\Desktop\PUP\node_modules\react-dom\cjs\react-dom-client.development.js:16250
<SceneView>
exports.jsx @ C:\Users\USER\OneDrive\Desktop\PUP\node_modules\react\cjs\react-jsx-runtime.development.js:339
render @ C:\Users\USER\OneDrive\Desktop\PUP\node_modules\@react-navigation\core\lib\module\useDescriptors.js:108
(anonymous) @ C:\Users\USER\OneDrive\Desktop\PUP\node_modules\@react-navigation\core\lib\module\useDescriptors.js:140
useDescriptors @ C:\Users\USER\OneDrive\Desktop\PUP\node_modules\@react-navigation\core\lib\module\useDescriptors.js:137
useNavigationBuilder @ C:\Users\USER\OneDrive\Desktop\PUP\node_modules\@react-navigation\core\lib\module\useNavigationBuilder.js:562
BottomTabNavigator @ C:\Users\USER\OneDrive\Desktop\PUP\node_modules\@react-navigation\bottom-tabs\lib\module\navigators\createBottomTabNavigator.js:24
react-stack-bottom-frame @ C:\Users\USER\OneDrive\Desktop\PUP\node_modules\react-dom\cjs\react-dom-client.development.js:23863
renderWithHooks @ C:\Users\USER\OneDrive\Desktop\PUP\node_modules\react-dom\cjs\react-dom-client.development.js:5529
updateFunctionComponent @ C:\Users\USER\OneDrive\Desktop\PUP\node_modules\react-dom\cjs\react-dom-client.development.js:8897
beginWork @ C:\Users\USER\OneDrive\Desktop\PUP\node_modules\react-dom\cjs\react-dom-client.development.js:10522
runWithFiberInDEV @ C:\Users\USER\OneDrive\Desktop\PUP\node_modules\react-dom\cjs\react-dom-client.development.js:1519
performUnitOfWork @ C:\Users\USER\OneDrive\Desktop\PUP\node_modules\react-dom\cjs\react-dom-client.development.js:15132
workLoopSync @ C:\Users\USER\OneDrive\Desktop\PUP\node_modules\react-dom\cjs\react-dom-client.development.js:14956
renderRootSync @ C:\Users\USER\OneDrive\Desktop\PUP\node_modules\react-dom\cjs\react-dom-client.development.js:14936
performWorkOnRoot @ C:\Users\USER\OneDrive\Desktop\PUP\node_modules\react-dom\cjs\react-dom-client.development.js:14419
performSyncWorkOnRoot @ C:\Users\USER\OneDrive\Desktop\PUP\node_modules\react-dom\cjs\react-dom-client.development.js:16231
flushSyncWorkAcrossRoots_impl @ C:\Users\USER\OneDrive\Desktop\PUP\node_modules\react-dom\cjs\react-dom-client.development.js:16079
processRootScheduleInMicrotask @ C:\Users\USER\OneDrive\Desktop\PUP\node_modules\react-dom\cjs\react-dom-client.development.js:16116
(anonymous) @ C:\Users\USER\OneDrive\Desktop\PUP\node_modules\react-dom\cjs\react-dom-client.development.js:16250
C:\Users\USER\OneDrive\Desktop\PUP\node_modules\@expo\metro-runtime\src\error-overlay\LogBox.web.ts:134 [10:27:35.486] [Firebase] ✖ REST getRegions failed Error: The database (default) does not exist for project lasangpinoy-mobile Please visit https://console.cloud.google.com/datastore/setup?project=lasangpinoy-mobile to add a Cloud Datastore or Cloud Firestore database. 
    at Object.getCollection (C:\Users\USER\OneDrive\Desktop\PUP\lib\firestore-rest.ts:211:13)
    at async getRegions (C:\Users\USER\OneDrive\Desktop\PUP\lib\firebase.ts:525:20)
    at async loadRegions (C:\Users\USER\OneDrive\Desktop\PUP\app\(tabs)\submit.tsx:74:20)
registerError @ C:\Users\USER\OneDrive\Desktop\PUP\node_modules\@expo\metro-runtime\src\error-overlay\LogBox.web.ts:134
console.error @ C:\Users\USER\OneDrive\Desktop\PUP\node_modules\@expo\metro-runtime\src\error-overlay\LogBox.web.ts:59
_log @ C:\Users\USER\OneDrive\Desktop\PUP\lib\logger.ts:74
error @ C:\Users\USER\OneDrive\Desktop\PUP\lib\logger.ts:93
getRegions @ C:\Users\USER\OneDrive\Desktop\PUP\lib\firebase.ts:529
await in getRegions
loadRegions @ C:\Users\USER\OneDrive\Desktop\PUP\app\(tabs)\submit.tsx:74
(anonymous) @ C:\Users\USER\OneDrive\Desktop\PUP\app\(tabs)\submit.tsx:67
callback @ C:\Users\USER\OneDrive\Desktop\PUP\node_modules\expo-router\build\useFocusEffect.js:98
(anonymous) @ C:\Users\USER\OneDrive\Desktop\PUP\node_modules\expo-router\build\useFocusEffect.js:133
react-stack-bottom-frame @ C:\Users\USER\OneDrive\Desktop\PUP\node_modules\react-dom\cjs\react-dom-client.development.js:23949
runWithFiberInDEV @ C:\Users\USER\OneDrive\Desktop\PUP\node_modules\react-dom\cjs\react-dom-client.development.js:1519
commitHookEffectListMount @ C:\Users\USER\OneDrive\Desktop\PUP\node_modules\react-dom\cjs\react-dom-client.development.js:11905
commitHookPassiveMountEffects @ C:\Users\USER\OneDrive\Desktop\PUP\node_modules\react-dom\cjs\react-dom-client.development.js:12026
commitPassiveMountOnFiber @ C:\Users\USER\OneDrive\Desktop\PUP\node_modules\react-dom\cjs\react-dom-client.development.js:13841
recursivelyTraversePassiveMountEffects @ C:\Users\USER\OneDrive\Desktop\PUP\node_modules\react-dom\cjs\react-dom-client.development.js:13815
commitPassiveMountOnFiber @ C:\Users\USER\OneDrive\Desktop\PUP\node_modules\react-dom\cjs\react-dom-client.development.js:13928
recursivelyTraversePassiveMountEffects @ C:\Users\USER\OneDrive\Desktop\PUP\node_modules\react-dom\cjs\react-dom-client.development.js:13815
commitPassiveMountOnFiber @ C:\Users\USER\OneDrive\Desktop\PUP\node_modules\react-dom\cjs\react-dom-client.development.js:13903
recursivelyTraversePassiveMountEffects @ C:\Users\USER\OneDrive\Desktop\PUP\node_modules\react-dom\cjs\react-dom-client.development.js:13815
commitPassiveMountOnFiber @ C:\Users\USER\OneDrive\Desktop\PUP\node_modules\react-dom\cjs\react-dom-client.development.js:13957
recursivelyTraversePassiveMountEffects @ C:\Users\USER\OneDrive\Desktop\PUP\node_modules\react-dom\cjs\react-dom-client.development.js:13815
commitPassiveMountOnFiber @ C:\Users\USER\OneDrive\Desktop\PUP\node_modules\react-dom\cjs\react-dom-client.development.js:13957
recursivelyTraversePassiveMountEffects @ C:\Users\USER\OneDrive\Desktop\PUP\node_modules\react-dom\cjs\react-dom-client.development.js:13815
commitPassiveMountOnFiber @ C:\Users\USER\OneDrive\Desktop\PUP\node_modules\react-dom\cjs\react-dom-client.development.js:13834
recursivelyTraversePassiveMountEffects @ C:\Users\USER\OneDrive\Desktop\PUP\node_modules\react-dom\cjs\react-dom-client.development.js:13815
commitPassiveMountOnFiber @ C:\Users\USER\OneDrive\Desktop\PUP\node_modules\react-dom\cjs\react-dom-client.development.js:13834
recursivelyTraversePassiveMountEffects @ C:\Users\USER\OneDrive\Desktop\PUP\node_modules\react-dom\cjs\react-dom-client.development.js:13815
commitPassiveMountOnFiber @ C:\Users\USER\OneDrive\Desktop\PUP\node_modules\react-dom\cjs\react-dom-client.development.js:13834
recursivelyTraversePassiveMountEffects @ C:\Users\USER\OneDrive\Desktop\PUP\node_modules\react-dom\cjs\react-dom-client.development.js:13815
commitPassiveMountOnFiber @ C:\Users\USER\OneDrive\Desktop\PUP\node_modules\react-dom\cjs\react-dom-client.development.js:13957
recursivelyTraversePassiveMountEffects @ C:\Users\USER\OneDrive\Desktop\PUP\node_modules\react-dom\cjs\react-dom-client.development.js:13815
commitPassiveMountOnFiber @ C:\Users\USER\OneDrive\Desktop\PUP\node_modules\react-dom\cjs\react-dom-client.development.js:13957
recursivelyTraversePassiveMountEffects @ C:\Users\USER\OneDrive\Desktop\PUP\node_modules\react-dom\cjs\react-dom-client.development.js:13815
commitPassiveMountOnFiber @ C:\Users\USER\OneDrive\Desktop\PUP\node_modules\react-dom\cjs\react-dom-client.development.js:13834
recursivelyTraversePassiveMountEffects @ C:\Users\USER\OneDrive\Desktop\PUP\node_modules\react-dom\cjs\react-dom-client.development.js:13815
commitPassiveMountOnFiber @ C:\Users\USER\OneDrive\Desktop\PUP\node_modules\react-dom\cjs\react-dom-client.development.js:13957
recursivelyTraversePassiveMountEffects @ C:\Users\USER\OneDrive\Desktop\PUP\node_modules\react-dom\cjs\react-dom-client.development.js:13815
commitPassiveMountOnFiber @ C:\Users\USER\OneDrive\Desktop\PUP\node_modules\react-dom\cjs\react-dom-client.development.js:13957
recursivelyTraversePassiveMountEffects @ C:\Users\USER\OneDrive\Desktop\PUP\node_modules\react-dom\cjs\react-dom-client.development.js:13815
commitPassiveMountOnFiber @ C:\Users\USER\OneDrive\Desktop\PUP\node_modules\react-dom\cjs\react-dom-client.development.js:13957
recursivelyTraversePassiveMountEffects @ C:\Users\USER\OneDrive\Desktop\PUP\node_modules\react-dom\cjs\react-dom-client.development.js:13815
commitPassiveMountOnFiber @ C:\Users\USER\OneDrive\Desktop\PUP\node_modules\react-dom\cjs\react-dom-client.development.js:13834
recursivelyTraversePassiveMountEffects @ C:\Users\USER\OneDrive\Desktop\PUP\node_modules\react-dom\cjs\react-dom-client.development.js:13815
commitPassiveMountOnFiber @ C:\Users\USER\OneDrive\Desktop\PUP\node_modules\react-dom\cjs\react-dom-client.development.js:13957
recursivelyTraversePassiveMountEffects @ C:\Users\USER\OneDrive\Desktop\PUP\node_modules\react-dom\cjs\react-dom-client.development.js:13815
commitPassiveMountOnFiber @ C:\Users\USER\OneDrive\Desktop\PUP\node_modules\react-dom\cjs\react-dom-client.development.js:13957
recursivelyTraversePassiveMountEffects @ C:\Users\USER\OneDrive\Desktop\PUP\node_modules\react-dom\cjs\react-dom-client.development.js:13815
commitPassiveMountOnFiber @ C:\Users\USER\OneDrive\Desktop\PUP\node_modules\react-dom\cjs\react-dom-client.development.js:13957
recursivelyTraversePassiveMountEffects @ C:\Users\USER\OneDrive\Desktop\PUP\node_modules\react-dom\cjs\react-dom-client.development.js:13815
commitPassiveMountOnFiber @ C:\Users\USER\OneDrive\Desktop\PUP\node_modules\react-dom\cjs\react-dom-client.development.js:13834
recursivelyTraversePassiveMountEffects @ C:\Users\USER\OneDrive\Desktop\PUP\node_modules\react-dom\cjs\react-dom-client.development.js:13815
commitPassiveMountOnFiber @ C:\Users\USER\OneDrive\Desktop\PUP\node_modules\react-dom\cjs\react-dom-client.development.js:13957
recursivelyTraversePassiveMountEffects @ C:\Users\USER\OneDrive\Desktop\PUP\node_modules\react-dom\cjs\react-dom-client.development.js:13815
commitPassiveMountOnFiber @ C:\Users\USER\OneDrive\Desktop\PUP\node_modules\react-dom\cjs\react-dom-client.development.js:13957
recursivelyTraversePassiveMountEffects @ C:\Users\USER\OneDrive\Desktop\PUP\node_modules\react-dom\cjs\react-dom-client.development.js:13815
commitPassiveMountOnFiber @ C:\Users\USER\OneDrive\Desktop\PUP\node_modules\react-dom\cjs\react-dom-client.development.js:13957
recursivelyTraversePassiveMountEffects @ C:\Users\USER\OneDrive\Desktop\PUP\node_modules\react-dom\cjs\react-dom-client.development.js:13815
commitPassiveMountOnFiber @ C:\Users\USER\OneDrive\Desktop\PUP\node_modules\react-dom\cjs\react-dom-client.development.js:13957
recursivelyTraversePassiveMountEffects @ C:\Users\USER\OneDrive\Desktop\PUP\node_modules\react-dom\cjs\react-dom-client.development.js:13815
commitPassiveMountOnFiber @ C:\Users\USER\OneDrive\Desktop\PUP\node_modules\react-dom\cjs\react-dom-client.development.js:13834
recursivelyTraversePassiveMountEffects @ C:\Users\USER\OneDrive\Desktop\PUP\node_modules\react-dom\cjs\react-dom-client.development.js:13815
commitPassiveMountOnFiber @ C:\Users\USER\OneDrive\Desktop\PUP\node_modules\react-dom\cjs\react-dom-client.development.js:13957
recursivelyTraversePassiveMountEffects @ C:\Users\USER\OneDrive\Desktop\PUP\node_modules\react-dom\cjs\react-dom-client.development.js:13815
commitPassiveMountOnFiber @ C:\Users\USER\OneDrive\Desktop\PUP\node_modules\react-dom\cjs\react-dom-client.development.js:13834
recursivelyTraversePassiveMountEffects @ C:\Users\USER\OneDrive\Desktop\PUP\node_modules\react-dom\cjs\react-dom-client.development.js:13815
commitPassiveMountOnFiber @ C:\Users\USER\OneDrive\Desktop\PUP\node_modules\react-dom\cjs\react-dom-client.development.js:13834
recursivelyTraversePassiveMountEffects @ C:\Users\USER\OneDrive\Desktop\PUP\node_modules\react-dom\cjs\react-dom-client.development.js:13815
commitPassiveMountOnFiber @ C:\Users\USER\OneDrive\Desktop\PUP\node_modules\react-dom\cjs\react-dom-client.development.js:13834
recursivelyTraversePassiveMountEffects @ C:\Users\USER\OneDrive\Desktop\PUP\node_modules\react-dom\cjs\react-dom-client.development.js:13815
commitPassiveMountOnFiber @ C:\Users\USER\OneDrive\Desktop\PUP\node_modules\react-dom\cjs\react-dom-client.development.js:13834
recursivelyTraversePassiveMountEffects @ C:\Users\USER\OneDrive\Desktop\PUP\node_modules\react-dom\cjs\react-dom-client.development.js:13815
commitPassiveMountOnFiber @ C:\Users\USER\OneDrive\Desktop\PUP\node_modules\react-dom\cjs\react-dom-client.development.js:13957
recursivelyTraversePassiveMountEffects @ C:\Users\USER\OneDrive\Desktop\PUP\node_modules\react-dom\cjs\react-dom-client.development.js:13815
commitPassiveMountOnFiber @ C:\Users\USER\OneDrive\Desktop\PUP\node_modules\react-dom\cjs\react-dom-client.development.js:13957
recursivelyTraversePassiveMountEffects @ C:\Users\USER\OneDrive\Desktop\PUP\node_modules\react-dom\cjs\react-dom-client.development.js:13815
commitPassiveMountOnFiber @ C:\Users\USER\OneDrive\Desktop\PUP\node_modules\react-dom\cjs\react-dom-client.development.js:13834
recursivelyTraversePassiveMountEffects @ C:\Users\USER\OneDrive\Desktop\PUP\node_modules\react-dom\cjs\react-dom-client.development.js:13815
commitPassiveMountOnFiber @ C:\Users\USER\OneDrive\Desktop\PUP\node_modules\react-dom\cjs\react-dom-client.development.js:13834
recursivelyTraversePassiveMountEffects @ C:\Users\USER\OneDrive\Desktop\PUP\node_modules\react-dom\cjs\react-dom-client.development.js:13815
commitPassiveMountOnFiber @ C:\Users\USER\OneDrive\Desktop\PUP\node_modules\react-dom\cjs\react-dom-client.development.js:13957
recursivelyTraversePassiveMountEffects @ C:\Users\USER\OneDrive\Desktop\PUP\node_modules\react-dom\cjs\react-dom-client.development.js:13815
commitPassiveMountOnFiber @ C:\Users\USER\OneDrive\Desktop\PUP\node_modules\react-dom\cjs\react-dom-client.development.js:13834
recursivelyTraversePassiveMountEffects @ C:\Users\USER\OneDrive\Desktop\PUP\node_modules\react-dom\cjs\react-dom-client.development.js:13815
commitPassiveMountOnFiber @ C:\Users\USER\OneDrive\Desktop\PUP\node_modules\react-dom\cjs\react-dom-client.development.js:13834
recursivelyTraversePassiveMountEffects @ C:\Users\USER\OneDrive\Desktop\PUP\node_modules\react-dom\cjs\react-dom-client.development.js:13815
commitPassiveMountOnFiber @ C:\Users\USER\OneDrive\Desktop\PUP\node_modules\react-dom\cjs\react-dom-client.development.js:13957
recursivelyTraversePassiveMountEffects @ C:\Users\USER\OneDrive\Desktop\PUP\node_modules\react-dom\cjs\react-dom-client.development.js:13815
commitPassiveMountOnFiber @ C:\Users\USER\OneDrive\Desktop\PUP\node_modules\react-dom\cjs\react-dom-client.development.js:13834
recursivelyTraversePassiveMountEffects @ C:\Users\USER\OneDrive\Desktop\PUP\node_modules\react-dom\cjs\react-dom-client.development.js:13815
commitPassiveMountOnFiber @ C:\Users\USER\OneDrive\Desktop\PUP\node_modules\react-dom\cjs\react-dom-client.development.js:13957
recursivelyTraversePassiveMountEffects @ C:\Users\USER\OneDrive\Desktop\PUP\node_modules\react-dom\cjs\react-dom-client.development.js:13815
commitPassiveMountOnFiber @ C:\Users\USER\OneDrive\Desktop\PUP\node_modules\react-dom\cjs\react-dom-client.development.js:13834
recursivelyTraversePassiveMountEffects @ C:\Users\USER\OneDrive\Desktop\PUP\node_modules\react-dom\cjs\react-dom-client.development.js:13815
commitPassiveMountOnFiber @ C:\Users\USER\OneDrive\Desktop\PUP\node_modules\react-dom\cjs\react-dom-client.development.js:13834
recursivelyTraversePassiveMountEffects @ C:\Users\USER\OneDrive\Desktop\PUP\node_modules\react-dom\cjs\react-dom-client.development.js:13815
commitPassiveMountOnFiber @ C:\Users\USER\OneDrive\Desktop\PUP\node_modules\react-dom\cjs\react-dom-client.development.js:13834
recursivelyTraversePassiveMountEffects @ C:\Users\USER\OneDrive\Desktop\PUP\node_modules\react-dom\cjs\react-dom-client.development.js:13815
commitPassiveMountOnFiber @ C:\Users\USER\OneDrive\Desktop\PUP\node_modules\react-dom\cjs\react-dom-client.development.js:13957
recursivelyTraversePassiveMountEffects @ C:\Users\USER\OneDrive\Desktop\PUP\node_modules\react-dom\cjs\react-dom-client.development.js:13815
commitPassiveMountOnFiber @ C:\Users\USER\OneDrive\Desktop\PUP\node_modules\react-dom\cjs\react-dom-client.development.js:13834
recursivelyTraversePassiveMountEffects @ C:\Users\USER\OneDrive\Desktop\PUP\node_modules\react-dom\cjs\react-dom-client.development.js:13815
commitPassiveMountOnFiber @ C:\Users\USER\OneDrive\Desktop\PUP\node_modules\react-dom\cjs\react-dom-client.development.js:13957
recursivelyTraversePassiveMountEffects @ C:\Users\USER\OneDrive\Desktop\PUP\node_modules\react-dom\cjs\react-dom-client.development.js:13815
commitPassiveMountOnFiber @ C:\Users\USER\OneDrive\Desktop\PUP\node_modules\react-dom\cjs\react-dom-client.development.js:13957
recursivelyTraversePassiveMountEffects @ C:\Users\USER\OneDrive\Desktop\PUP\node_modules\react-dom\cjs\react-dom-client.development.js:13815
commitPassiveMountOnFiber @ C:\Users\USER\OneDrive\Desktop\PUP\node_modules\react-dom\cjs\react-dom-client.development.js:13834
recursivelyTraversePassiveMountEffects @ C:\Users\USER\OneDrive\Desktop\PUP\node_modules\react-dom\cjs\react-dom-client.development.js:13815
commitPassiveMountOnFiber @ C:\Users\USER\OneDrive\Desktop\PUP\node_modules\react-dom\cjs\react-dom-client.development.js:13957
recursivelyTraversePassiveMountEffects @ C:\Users\USER\OneDrive\Desktop\PUP\node_modules\react-dom\cjs\react-dom-client.development.js:13815
commitPassiveMountOnFiber @ C:\Users\USER\OneDrive\Desktop\PUP\node_modules\react-dom\cjs\react-dom-client.development.js:13957
recursivelyTraversePassiveMountEffects @ C:\Users\USER\OneDrive\Desktop\PUP\node_modules\react-dom\cjs\react-dom-client.development.js:13815
commitPassiveMountOnFiber @ C:\Users\USER\OneDrive\Desktop\PUP\node_modules\react-dom\cjs\react-dom-client.development.js:13834
recursivelyTraversePassiveMountEffects @ C:\Users\USER\OneDrive\Desktop\PUP\node_modules\react-dom\cjs\react-dom-client.development.js:13815
commitPassiveMountOnFiber @ C:\Users\USER\OneDrive\Desktop\PUP\node_modules\react-dom\cjs\react-dom-client.development.js:13834
recursivelyTraversePassiveMountEffects @ C:\Users\USER\OneDrive\Desktop\PUP\node_modules\react-dom\cjs\react-dom-client.development.js:13815
commitPassiveMountOnFiber @ C:\Users\USER\OneDrive\Desktop\PUP\node_modules\react-dom\cjs\react-dom-client.development.js:13834
recursivelyTraversePassiveMountEffects @ C:\Users\USER\OneDrive\Desktop\PUP\node_modules\react-dom\cjs\react-dom-client.development.js:13815
commitPassiveMountOnFiber @ C:\Users\USER\OneDrive\Desktop\PUP\node_modules\react-dom\cjs\react-dom-client.development.js:13834
recursivelyTraversePassiveMountEffects @ C:\Users\USER\OneDrive\Desktop\PUP\node_modules\react-dom\cjs\react-dom-client.development.js:13815
commitPassiveMountOnFiber @ C:\Users\USER\OneDrive\Desktop\PUP\node_modules\react-dom\cjs\react-dom-client.development.js:13834
recursivelyTraversePassiveMountEffects @ C:\Users\USER\OneDrive\Desktop\PUP\node_modules\react-dom\cjs\react-dom-client.development.js:13815
commitPassiveMountOnFiber @ C:\Users\USER\OneDrive\Desktop\PUP\node_modules\react-dom\cjs\react-dom-client.development.js:13834
recursivelyTraversePassiveMountEffects @ C:\Users\USER\OneDrive\Desktop\PUP\node_modules\react-dom\cjs\react-dom-client.development.js:13815
commitPassiveMountOnFiber @ C:\Users\USER\OneDrive\Desktop\PUP\node_modules\react-dom\cjs\react-dom-client.development.js:13928
recursivelyTraversePassiveMountEffects @ C:\Users\USER\OneDrive\Desktop\PUP\node_modules\react-dom\cjs\react-dom-client.development.js:13815
commitPassiveMountOnFiber @ C:\Users\USER\OneDrive\Desktop\PUP\node_modules\react-dom\cjs\react-dom-client.development.js:13903
recursivelyTraversePassiveMountEffects @ C:\Users\USER\OneDrive\Desktop\PUP\node_modules\react-dom\cjs\react-dom-client.development.js:13815
commitPassiveMountOnFiber @ C:\Users\USER\OneDrive\Desktop\PUP\node_modules\react-dom\cjs\react-dom-client.development.js:13957
recursivelyTraversePassiveMountEffects @ C:\Users\USER\OneDrive\Desktop\PUP\node_modules\react-dom\cjs\react-dom-client.development.js:13815
commitPassiveMountOnFiber @ C:\Users\USER\OneDrive\Desktop\PUP\node_modules\react-dom\cjs\react-dom-client.development.js:13957
recursivelyTraversePassiveMountEffects @ C:\Users\USER\OneDrive\Desktop\PUP\node_modules\react-dom\cjs\react-dom-client.development.js:13815
commitPassiveMountOnFiber @ C:\Users\USER\OneDrive\Desktop\PUP\node_modules\react-dom\cjs\react-dom-client.development.js:13834
recursivelyTraversePassiveMountEffects @ C:\Users\USER\OneDrive\Desktop\PUP\node_modules\react-dom\cjs\react-dom-client.development.js:13815
commitPassiveMountOnFiber @ C:\Users\USER\OneDrive\Desktop\PUP\node_modules\react-dom\cjs\react-dom-client.development.js:13834
recursivelyTraversePassiveMountEffects @ C:\Users\USER\OneDrive\Desktop\PUP\node_modules\react-dom\cjs\react-dom-client.development.js:13815
commitPassiveMountOnFiber @ C:\Users\USER\OneDrive\Desktop\PUP\node_modules\react-dom\cjs\react-dom-client.development.js:13834
recursivelyTraversePassiveMountEffects @ C:\Users\USER\OneDrive\Desktop\PUP\node_modules\react-dom\cjs\react-dom-client.development.js:13815
commitPassiveMountOnFiber @ C:\Users\USER\OneDrive\Desktop\PUP\node_modules\react-dom\cjs\react-dom-client.development.js:13957
recursivelyTraversePassiveMountEffects @ C:\Users\USER\OneDrive\Desktop\PUP\node_modules\react-dom\cjs\react-dom-client.development.js:13815
commitPassiveMountOnFiber @ C:\Users\USER\OneDrive\Desktop\PUP\node_modules\react-dom\cjs\react-dom-client.development.js:13957
recursivelyTraversePassiveMountEffects @ C:\Users\USER\OneDrive\Desktop\PUP\node_modules\react-dom\cjs\react-dom-client.development.js:13815
commitPassiveMountOnFiber @ C:\Users\USER\OneDrive\Desktop\PUP\node_modules\react-dom\cjs\react-dom-client.development.js:13834
recursivelyTraversePassiveMountEffects @ C:\Users\USER\OneDrive\Desktop\PUP\node_modules\react-dom\cjs\react-dom-client.development.js:13815
commitPassiveMountOnFiber @ C:\Users\USER\OneDrive\Desktop\PUP\node_modules\react-dom\cjs\react-dom-client.development.js:13957
recursivelyTraversePassiveMountEffects @ C:\Users\USER\OneDrive\Desktop\PUP\node_modules\react-dom\cjs\react-dom-client.development.js:13815
commitPassiveMountOnFiber @ C:\Users\USER\OneDrive\Desktop\PUP\node_modules\react-dom\cjs\react-dom-client.development.js:13957
recursivelyTraversePassiveMountEffects @ C:\Users\USER\OneDrive\Desktop\PUP\node_modules\react-dom\cjs\react-dom-client.development.js:13815
commitPassiveMountOnFiber @ C:\Users\USER\OneDrive\Desktop\PUP\node_modules\react-dom\cjs\react-dom-client.development.js:13957
recursivelyTraversePassiveMountEffects @ C:\Users\USER\OneDrive\Desktop\PUP\node_modules\react-dom\cjs\react-dom-client.development.js:13815
commitPassiveMountOnFiber @ C:\Users\USER\OneDrive\Desktop\PUP\node_modules\react-dom\cjs\react-dom-client.development.js:13834
recursivelyTraversePassiveMountEffects @ C:\Users\USER\OneDrive\Desktop\PUP\node_modules\react-dom\cjs\react-dom-client.development.js:13815
commitPassiveMountOnFiber @ C:\Users\USER\OneDrive\Desktop\PUP\node_modules\react-dom\cjs\react-dom-client.development.js:13957
recursivelyTraversePassiveMountEffects @ C:\Users\USER\OneDrive\Desktop\PUP\node_modules\react-dom\cjs\react-dom-client.development.js:13815
commitPassiveMountOnFiber @ C:\Users\USER\OneDrive\Desktop\PUP\node_modules\react-dom\cjs\react-dom-client.development.js:13957
recursivelyTraversePassiveMountEffects @ C:\Users\USER\OneDrive\Desktop\PUP\node_modules\react-dom\cjs\react-dom-client.development.js:13815
commitPassiveMountOnFiber @ C:\Users\USER\OneDrive\Desktop\PUP\node_modules\react-dom\cjs\react-dom-client.development.js:13957
recursivelyTraversePassiveMountEffects @ C:\Users\USER\OneDrive\Desktop\PUP\node_modules\react-dom\cjs\react-dom-client.development.js:13815
commitPassiveMountOnFiber @ C:\Users\USER\OneDrive\Desktop\PUP\node_modules\react-dom\cjs\react-dom-client.development.js:13834
recursivelyTraversePassiveMountEffects @ C:\Users\USER\OneDrive\Desktop\PUP\node_modules\react-dom\cjs\react-dom-client.development.js:13815
commitPassiveMountOnFiber @ C:\Users\USER\OneDrive\Desktop\PUP\node_modules\react-dom\cjs\react-dom-client.development.js:13957
recursivelyTraversePassiveMountEffects @ C:\Users\USER\OneDrive\Desktop\PUP\node_modules\react-dom\cjs\react-dom-client.development.js:13815
commitPassiveMountOnFiber @ C:\Users\USER\OneDrive\Desktop\PUP\node_modules\react-dom\cjs\react-dom-client.development.js:13957
recursivelyTraversePassiveMountEffects @ C:\Users\USER\OneDrive\Desktop\PUP\node_modules\react-dom\cjs\react-dom-client.development.js:13815
commitPassiveMountOnFiber @ C:\Users\USER\OneDrive\Desktop\PUP\node_modules\react-dom\cjs\react-dom-client.development.js:13834
recursivelyTraversePassiveMountEffects @ C:\Users\USER\OneDrive\Desktop\PUP\node_modules\react-dom\cjs\react-dom-client.development.js:13815
commitPassiveMountOnFiber @ C:\Users\USER\OneDrive\Desktop\PUP\node_modules\react-dom\cjs\react-dom-client.development.js:13957
recursivelyTraversePassiveMountEffects @ C:\Users\USER\OneDrive\Desktop\PUP\node_modules\react-dom\cjs\react-dom-client.development.js:13815
commitPassiveMountOnFiber @ C:\Users\USER\OneDrive\Desktop\PUP\node_modules\react-dom\cjs\react-dom-client.development.js:13957
recursivelyTraversePassiveMountEffects @ C:\Users\USER\OneDrive\Desktop\PUP\node_modules\react-dom\cjs\react-dom-client.development.js:13815
commitPassiveMountOnFiber @ C:\Users\USER\OneDrive\Desktop\PUP\node_modules\react-dom\cjs\react-dom-client.development.js:13834
recursivelyTraversePassiveMountEffects @ C:\Users\USER\OneDrive\Desktop\PUP\node_modules\react-dom\cjs\react-dom-client.development.js:13815
commitPassiveMountOnFiber @ C:\Users\USER\OneDrive\Desktop\PUP\node_modules\react-dom\cjs\react-dom-client.development.js:13957
recursivelyTraversePassiveMountEffects @ C:\Users\USER\OneDrive\Desktop\PUP\node_modules\react-dom\cjs\react-dom-client.development.js:13815
commitPassiveMountOnFiber @ C:\Users\USER\OneDrive\Desktop\PUP\node_modules\react-dom\cjs\react-dom-client.development.js:13957
recursivelyTraversePassiveMountEffects @ C:\Users\USER\OneDrive\Desktop\PUP\node_modules\react-dom\cjs\react-dom-client.development.js:13815
commitPassiveMountOnFiber @ C:\Users\USER\OneDrive\Desktop\PUP\node_modules\react-dom\cjs\react-dom-client.development.js:13834
recursivelyTraversePassiveMountEffects @ C:\Users\USER\OneDrive\Desktop\PUP\node_modules\react-dom\cjs\react-dom-client.development.js:13815
commitPassiveMountOnFiber @ C:\Users\USER\OneDrive\Desktop\PUP\node_modules\react-dom\cjs\react-dom-client.development.js:13834
recursivelyTraversePassiveMountEffects @ C:\Users\USER\OneDrive\Desktop\PUP\node_modules\react-dom\cjs\react-dom-client.development.js:13815
commitPassiveMountOnFiber @ C:\Users\USER\OneDrive\Desktop\PUP\node_modules\react-dom\cjs\react-dom-client.development.js:13834
recursivelyTraversePassiveMountEffects @ C:\Users\USER\OneDrive\Desktop\PUP\node_modules\react-dom\cjs\react-dom-client.development.js:13815
commitPassiveMountOnFiber @ C:\Users\USER\OneDrive\Desktop\PUP\node_modules\react-dom\cjs\react-dom-client.development.js:13834
recursivelyTraversePassiveMountEffects @ C:\Users\USER\OneDrive\Desktop\PUP\node_modules\react-dom\cjs\react-dom-client.development.js:13815
commitPassiveMountOnFiber @ C:\Users\USER\OneDrive\Desktop\PUP\node_modules\react-dom\cjs\react-dom-client.development.js:13957
recursivelyTraversePassiveMountEffects @ C:\Users\USER\OneDrive\Desktop\PUP\node_modules\react-dom\cjs\react-dom-client.development.js:13815
commitPassiveMountOnFiber @ C:\Users\USER\OneDrive\Desktop\PUP\node_modules\react-dom\cjs\react-dom-client.development.js:13834
recursivelyTraversePassiveMountEffects @ C:\Users\USER\OneDrive\Desktop\PUP\node_modules\react-dom\cjs\react-dom-client.development.js:13815
commitPassiveMountOnFiber @ C:\Users\USER\OneDrive\Desktop\PUP\node_modules\react-dom\cjs\react-dom-client.development.js:13834
recursivelyTraversePassiveMountEffects @ C:\Users\USER\OneDrive\Desktop\PUP\node_modules\react-dom\cjs\react-dom-client.development.js:13815
commitPassiveMountOnFiber @ C:\Users\USER\OneDrive\Desktop\PUP\node_modules\react-dom\cjs\react-dom-client.development.js:13928
recursivelyTraversePassiveMountEffects @ C:\Users\USER\OneDrive\Desktop\PUP\node_modules\react-dom\cjs\react-dom-client.development.js:13815
commitPassiveMountOnFiber @ C:\Users\USER\OneDrive\Desktop\PUP\node_modules\react-dom\cjs\react-dom-client.development.js:13903
recursivelyTraversePassiveMountEffects @ C:\Users\USER\OneDrive\Desktop\PUP\node_modules\react-dom\cjs\react-dom-client.development.js:13815
commitPassiveMountOnFiber @ C:\Users\USER\OneDrive\Desktop\PUP\node_modules\react-dom\cjs\react-dom-client.development.js:13957
recursivelyTraversePassiveMountEffects @ C:\Users\USER\OneDrive\Desktop\PUP\node_modules\react-dom\cjs\react-dom-client.development.js:13815
commitPassiveMountOnFiber @ C:\Users\USER\OneDrive\Desktop\PUP\node_modules\react-dom\cjs\react-dom-client.development.js:13957
recursivelyTraversePassiveMountEffects @ C:\Users\USER\OneDrive\Desktop\PUP\node_modules\react-dom\cjs\react-dom-client.development.js:13815
commitPassiveMountOnFiber @ C:\Users\USER\OneDrive\Desktop\PUP\node_modules\react-dom\cjs\react-dom-client.development.js:13834
recursivelyTraversePassiveMountEffects @ C:\Users\USER\OneDrive\Desktop\PUP\node_modules\react-dom\cjs\react-dom-client.development.js:13815
commitPassiveMountOnFiber @ C:\Users\USER\OneDrive\Desktop\PUP\node_modules\react-dom\cjs\react-dom-client.development.js:13834
recursivelyTraversePassiveMountEffects @ C:\Users\USER\OneDrive\Desktop\PUP\node_modules\react-dom\cjs\react-dom-client.development.js:13815
commitPassiveMountOnFiber @ C:\Users\USER\OneDrive\Desktop\PUP\node_modules\react-dom\cjs\react-dom-client.development.js:13834
recursivelyTraversePassiveMountEffects @ C:\Users\USER\OneDrive\Desktop\PUP\node_modules\react-dom\cjs\react-dom-client.development.js:13815
commitPassiveMountOnFiber @ C:\Users\USER\OneDrive\Desktop\PUP\node_modules\react-dom\cjs\react-dom-client.development.js:13957
<SubmitScreen(./(tabs)/submit.tsx)>
exports.jsxDEV @ C:\Users\USER\OneDrive\Desktop\PUP\node_modules\react\cjs\react-jsx-dev-runtime.development.js:346
BaseRoute @ C:\Users\USER\OneDrive\Desktop\PUP\node_modules\expo-router\build\useScreens.js:213
react-stack-bottom-frame @ C:\Users\USER\OneDrive\Desktop\PUP\node_modules\react-dom\cjs\react-dom-client.development.js:23863
renderWithHooks @ C:\Users\USER\OneDrive\Desktop\PUP\node_modules\react-dom\cjs\react-dom-client.development.js:5529
updateFunctionComponent @ C:\Users\USER\OneDrive\Desktop\PUP\node_modules\react-dom\cjs\react-dom-client.development.js:8897
beginWork @ C:\Users\USER\OneDrive\Desktop\PUP\node_modules\react-dom\cjs\react-dom-client.development.js:10522
runWithFiberInDEV @ C:\Users\USER\OneDrive\Desktop\PUP\node_modules\react-dom\cjs\react-dom-client.development.js:1519
performUnitOfWork @ C:\Users\USER\OneDrive\Desktop\PUP\node_modules\react-dom\cjs\react-dom-client.development.js:15132
workLoopSync @ C:\Users\USER\OneDrive\Desktop\PUP\node_modules\react-dom\cjs\react-dom-client.development.js:14956
renderRootSync @ C:\Users\USER\OneDrive\Desktop\PUP\node_modules\react-dom\cjs\react-dom-client.development.js:14936
performWorkOnRoot @ C:\Users\USER\OneDrive\Desktop\PUP\node_modules\react-dom\cjs\react-dom-client.development.js:14419
performSyncWorkOnRoot @ C:\Users\USER\OneDrive\Desktop\PUP\node_modules\react-dom\cjs\react-dom-client.development.js:16231
flushSyncWorkAcrossRoots_impl @ C:\Users\USER\OneDrive\Desktop\PUP\node_modules\react-dom\cjs\react-dom-client.development.js:16079
processRootScheduleInMicrotask @ C:\Users\USER\OneDrive\Desktop\PUP\node_modules\react-dom\cjs\react-dom-client.development.js:16116
(anonymous) @ C:\Users\USER\OneDrive\Desktop\PUP\node_modules\react-dom\cjs\react-dom-client.development.js:16250
<Route(submit)>
exports.jsx @ C:\Users\USER\OneDrive\Desktop\PUP\node_modules\react\cjs\react-jsx-runtime.development.js:339
SceneView @ C:\Users\USER\OneDrive\Desktop\PUP\node_modules\@react-navigation\core\lib\module\SceneView.js:125
react-stack-bottom-frame @ C:\Users\USER\OneDrive\Desktop\PUP\node_modules\react-dom\cjs\react-dom-client.development.js:23863
renderWithHooks @ C:\Users\USER\OneDrive\Desktop\PUP\node_modules\react-dom\cjs\react-dom-client.development.js:5529
updateFunctionComponent @ C:\Users\USER\OneDrive\Desktop\PUP\node_modules\react-dom\cjs\react-dom-client.development.js:8897
beginWork @ C:\Users\USER\OneDrive\Desktop\PUP\node_modules\react-dom\cjs\react-dom-client.development.js:10522
runWithFiberInDEV @ C:\Users\USER\OneDrive\Desktop\PUP\node_modules\react-dom\cjs\react-dom-client.development.js:1519
performUnitOfWork @ C:\Users\USER\OneDrive\Desktop\PUP\node_modules\react-dom\cjs\react-dom-client.development.js:15132
workLoopSync @ C:\Users\USER\OneDrive\Desktop\PUP\node_modules\react-dom\cjs\react-dom-client.development.js:14956
renderRootSync @ C:\Users\USER\OneDrive\Desktop\PUP\node_modules\react-dom\cjs\react-dom-client.development.js:14936
performWorkOnRoot @ C:\Users\USER\OneDrive\Desktop\PUP\node_modules\react-dom\cjs\react-dom-client.development.js:14419
performSyncWorkOnRoot @ C:\Users\USER\OneDrive\Desktop\PUP\node_modules\react-dom\cjs\react-dom-client.development.js:16231
flushSyncWorkAcrossRoots_impl @ C:\Users\USER\OneDrive\Desktop\PUP\node_modules\react-dom\cjs\react-dom-client.development.js:16079
processRootScheduleInMicrotask @ C:\Users\USER\OneDrive\Desktop\PUP\node_modules\react-dom\cjs\react-dom-client.development.js:16116
(anonymous) @ C:\Users\USER\OneDrive\Desktop\PUP\node_modules\react-dom\cjs\react-dom-client.development.js:16250
<SceneView>
exports.jsx @ C:\Users\USER\OneDrive\Desktop\PUP\node_modules\react\cjs\react-jsx-runtime.development.js:339
render @ C:\Users\USER\OneDrive\Desktop\PUP\node_modules\@react-navigation\core\lib\module\useDescriptors.js:108
(anonymous) @ C:\Users\USER\OneDrive\Desktop\PUP\node_modules\@react-navigation\core\lib\module\useDescriptors.js:140
useDescriptors @ C:\Users\USER\OneDrive\Desktop\PUP\node_modules\@react-navigation\core\lib\module\useDescriptors.js:137
useNavigationBuilder @ C:\Users\USER\OneDrive\Desktop\PUP\node_modules\@react-navigation\core\lib\module\useNavigationBuilder.js:562
BottomTabNavigator @ C:\Users\USER\OneDrive\Desktop\PUP\node_modules\@react-navigation\bottom-tabs\lib\module\navigators\createBottomTabNavigator.js:24
react-stack-bottom-frame @ C:\Users\USER\OneDrive\Desktop\PUP\node_modules\react-dom\cjs\react-dom-client.development.js:23863
renderWithHooks @ C:\Users\USER\OneDrive\Desktop\PUP\node_modules\react-dom\cjs\react-dom-client.development.js:5529
updateFunctionComponent @ C:\Users\USER\OneDrive\Desktop\PUP\node_modules\react-dom\cjs\react-dom-client.development.js:8897
beginWork @ C:\Users\USER\OneDrive\Desktop\PUP\node_modules\react-dom\cjs\react-dom-client.development.js:10522
runWithFiberInDEV @ C:\Users\USER\OneDrive\Desktop\PUP\node_modules\react-dom\cjs\react-dom-client.development.js:1519
performUnitOfWork @ C:\Users\USER\OneDrive\Desktop\PUP\node_modules\react-dom\cjs\react-dom-client.development.js:15132
workLoopSync @ C:\Users\USER\OneDrive\Desktop\PUP\node_modules\react-dom\cjs\react-dom-client.development.js:14956
renderRootSync @ C:\Users\USER\OneDrive\Desktop\PUP\node_modules\react-dom\cjs\react-dom-client.development.js:14936
performWorkOnRoot @ C:\Users\USER\OneDrive\Desktop\PUP\node_modules\react-dom\cjs\react-dom-client.development.js:14419
performSyncWorkOnRoot @ C:\Users\USER\OneDrive\Desktop\PUP\node_modules\react-dom\cjs\react-dom-client.development.js:16231
flushSyncWorkAcrossRoots_impl @ C:\Users\USER\OneDrive\Desktop\PUP\node_modules\react-dom\cjs\react-dom-client.development.js:16079
processRootScheduleInMicrotask @ C:\Users\USER\OneDrive\Desktop\PUP\node_modules\react-dom\cjs\react-dom-client.development.js:16116
(anonymous) @ C:\Users\USER\OneDrive\Desktop\PUP\node_modules\react-dom\cjs\react-dom-client.development.js:16250
C:\Users\USER\OneDrive\Desktop\PUP\lib\firestore-rest.ts:156 [REST] getDocument request: {collection: 'profiles', docId: 'ifZP9BIlvpVfo2TN3imKiKixPUh2', hasAuth: true}
C:\Users\USER\OneDrive\Desktop\PUP\lib\firestore-rest.ts:275 [REST] queryCollection request: {collection: 'bookmarks', field: 'user_id', operator: '==', value: 'ifZP9BIlvpVfo2TN3imKiKixPUh2', hasAuth: true}
C:\Users\USER\OneDrive\Desktop\PUP\lib\firestore-rest.ts:133  GET https://firestore.googleapis.com/v1/projects/lasangpinoy-mobile/databases/(default)/documents/profiles/ifZP9BIlvpVfo2TN3imKiKixPUh2?key=AIzaSyAZ36rq3scKZDT5SsETJ_SYIOEB9Gcbkyk 404 (Not Found)
fetchWithTimeout @ C:\Users\USER\OneDrive\Desktop\PUP\lib\firestore-rest.ts:133
getDocument @ C:\Users\USER\OneDrive\Desktop\PUP\lib\firestore-rest.ts:158
await in getDocument
getProfile @ C:\Users\USER\OneDrive\Desktop\PUP\lib\firebase.ts:281
loadProfile @ C:\Users\USER\OneDrive\Desktop\PUP\app\(tabs)\profile.tsx:141
(anonymous) @ C:\Users\USER\OneDrive\Desktop\PUP\app\(tabs)\profile.tsx:51
react-stack-bottom-frame @ C:\Users\USER\OneDrive\Desktop\PUP\node_modules\react-dom\cjs\react-dom-client.development.js:23949
runWithFiberInDEV @ C:\Users\USER\OneDrive\Desktop\PUP\node_modules\react-dom\cjs\react-dom-client.development.js:1519
commitHookEffectListMount @ C:\Users\USER\OneDrive\Desktop\PUP\node_modules\react-dom\cjs\react-dom-client.development.js:11905
commitHookPassiveMountEffects @ C:\Users\USER\OneDrive\Desktop\PUP\node_modules\react-dom\cjs\react-dom-client.development.js:12026
reconnectPassiveEffects @ C:\Users\USER\OneDrive\Desktop\PUP\node_modules\react-dom\cjs\react-dom-client.development.js:14004
recursivelyTraverseReconnectPassiveEffects @ C:\Users\USER\OneDrive\Desktop\PUP\node_modules\react-dom\cjs\react-dom-client.development.js:13976
commitPassiveMountOnFiber @ C:\Users\USER\OneDrive\Desktop\PUP\node_modules\react-dom\cjs\react-dom-client.development.js:13936
recursivelyTraversePassiveMountEffects @ C:\Users\USER\OneDrive\Desktop\PUP\node_modules\react-dom\cjs\react-dom-client.development.js:13815
commitPassiveMountOnFiber @ C:\Users\USER\OneDrive\Desktop\PUP\node_modules\react-dom\cjs\react-dom-client.development.js:13903
recursivelyTraversePassiveMountEffects @ C:\Users\USER\OneDrive\Desktop\PUP\node_modules\react-dom\cjs\react-dom-client.development.js:13815
commitPassiveMountOnFiber @ C:\Users\USER\OneDrive\Desktop\PUP\node_modules\react-dom\cjs\react-dom-client.development.js:13957
recursivelyTraversePassiveMountEffects @ C:\Users\USER\OneDrive\Desktop\PUP\node_modules\react-dom\cjs\react-dom-client.development.js:13815
commitPassiveMountOnFiber @ C:\Users\USER\OneDrive\Desktop\PUP\node_modules\react-dom\cjs\react-dom-client.development.js:13957
recursivelyTraversePassiveMountEffects @ C:\Users\USER\OneDrive\Desktop\PUP\node_modules\react-dom\cjs\react-dom-client.development.js:13815
commitPassiveMountOnFiber @ C:\Users\USER\OneDrive\Desktop\PUP\node_modules\react-dom\cjs\react-dom-client.development.js:13834
recursivelyTraversePassiveMountEffects @ C:\Users\USER\OneDrive\Desktop\PUP\node_modules\react-dom\cjs\react-dom-client.development.js:13815
commitPassiveMountOnFiber @ C:\Users\USER\OneDrive\Desktop\PUP\node_modules\react-dom\cjs\react-dom-client.development.js:13834
recursivelyTraversePassiveMountEffects @ C:\Users\USER\OneDrive\Desktop\PUP\node_modules\react-dom\cjs\react-dom-client.development.js:13815
commitPassiveMountOnFiber @ C:\Users\USER\OneDrive\Desktop\PUP\node_modules\react-dom\cjs\react-dom-client.development.js:13834
recursivelyTraversePassiveMountEffects @ C:\Users\USER\OneDrive\Desktop\PUP\node_modules\react-dom\cjs\react-dom-client.development.js:13815
commitPassiveMountOnFiber @ C:\Users\USER\OneDrive\Desktop\PUP\node_modules\react-dom\cjs\react-dom-client.development.js:13957
recursivelyTraversePassiveMountEffects @ C:\Users\USER\OneDrive\Desktop\PUP\node_modules\react-dom\cjs\react-dom-client.development.js:13815
commitPassiveMountOnFiber @ C:\Users\USER\OneDrive\Desktop\PUP\node_modules\react-dom\cjs\react-dom-client.development.js:13957
recursivelyTraversePassiveMountEffects @ C:\Users\USER\OneDrive\Desktop\PUP\node_modules\react-dom\cjs\react-dom-client.development.js:13815
commitPassiveMountOnFiber @ C:\Users\USER\OneDrive\Desktop\PUP\node_modules\react-dom\cjs\react-dom-client.development.js:13834
recursivelyTraversePassiveMountEffects @ C:\Users\USER\OneDrive\Desktop\PUP\node_modules\react-dom\cjs\react-dom-client.development.js:13815
commitPassiveMountOnFiber @ C:\Users\USER\OneDrive\Desktop\PUP\node_modules\react-dom\cjs\react-dom-client.development.js:13957
recursivelyTraversePassiveMountEffects @ C:\Users\USER\OneDrive\Desktop\PUP\node_modules\react-dom\cjs\react-dom-client.development.js:13815
commitPassiveMountOnFiber @ C:\Users\USER\OneDrive\Desktop\PUP\node_modules\react-dom\cjs\react-dom-client.development.js:13957
recursivelyTraversePassiveMountEffects @ C:\Users\USER\OneDrive\Desktop\PUP\node_modules\react-dom\cjs\react-dom-client.development.js:13815
commitPassiveMountOnFiber @ C:\Users\USER\OneDrive\Desktop\PUP\node_modules\react-dom\cjs\react-dom-client.development.js:13957
recursivelyTraversePassiveMountEffects @ C:\Users\USER\OneDrive\Desktop\PUP\node_modules\react-dom\cjs\react-dom-client.development.js:13815
commitPassiveMountOnFiber @ C:\Users\USER\OneDrive\Desktop\PUP\node_modules\react-dom\cjs\react-dom-client.development.js:13834
recursivelyTraversePassiveMountEffects @ C:\Users\USER\OneDrive\Desktop\PUP\node_modules\react-dom\cjs\react-dom-client.development.js:13815
commitPassiveMountOnFiber @ C:\Users\USER\OneDrive\Desktop\PUP\node_modules\react-dom\cjs\react-dom-client.development.js:13957
recursivelyTraversePassiveMountEffects @ C:\Users\USER\OneDrive\Desktop\PUP\node_modules\react-dom\cjs\react-dom-client.development.js:13815
commitPassiveMountOnFiber @ C:\Users\USER\OneDrive\Desktop\PUP\node_modules\react-dom\cjs\react-dom-client.development.js:13957
recursivelyTraversePassiveMountEffects @ C:\Users\USER\OneDrive\Desktop\PUP\node_modules\react-dom\cjs\react-dom-client.development.js:13815
commitPassiveMountOnFiber @ C:\Users\USER\OneDrive\Desktop\PUP\node_modules\react-dom\cjs\react-dom-client.development.js:13957
recursivelyTraversePassiveMountEffects @ C:\Users\USER\OneDrive\Desktop\PUP\node_modules\react-dom\cjs\react-dom-client.development.js:13815
commitPassiveMountOnFiber @ C:\Users\USER\OneDrive\Desktop\PUP\node_modules\react-dom\cjs\react-dom-client.development.js:13834
recursivelyTraversePassiveMountEffects @ C:\Users\USER\OneDrive\Desktop\PUP\node_modules\react-dom\cjs\react-dom-client.development.js:13815
commitPassiveMountOnFiber @ C:\Users\USER\OneDrive\Desktop\PUP\node_modules\react-dom\cjs\react-dom-client.development.js:13957
recursivelyTraversePassiveMountEffects @ C:\Users\USER\OneDrive\Desktop\PUP\node_modules\react-dom\cjs\react-dom-client.development.js:13815
commitPassiveMountOnFiber @ C:\Users\USER\OneDrive\Desktop\PUP\node_modules\react-dom\cjs\react-dom-client.development.js:13957
recursivelyTraversePassiveMountEffects @ C:\Users\USER\OneDrive\Desktop\PUP\node_modules\react-dom\cjs\react-dom-client.development.js:13815
commitPassiveMountOnFiber @ C:\Users\USER\OneDrive\Desktop\PUP\node_modules\react-dom\cjs\react-dom-client.development.js:13957
recursivelyTraversePassiveMountEffects @ C:\Users\USER\OneDrive\Desktop\PUP\node_modules\react-dom\cjs\react-dom-client.development.js:13815
commitPassiveMountOnFiber @ C:\Users\USER\OneDrive\Desktop\PUP\node_modules\react-dom\cjs\react-dom-client.development.js:13957
recursivelyTraversePassiveMountEffects @ C:\Users\USER\OneDrive\Desktop\PUP\node_modules\react-dom\cjs\react-dom-client.development.js:13815
commitPassiveMountOnFiber @ C:\Users\USER\OneDrive\Desktop\PUP\node_modules\react-dom\cjs\react-dom-client.development.js:13834
recursivelyTraversePassiveMountEffects @ C:\Users\USER\OneDrive\Desktop\PUP\node_modules\react-dom\cjs\react-dom-client.development.js:13815
commitPassiveMountOnFiber @ C:\Users\USER\OneDrive\Desktop\PUP\node_modules\react-dom\cjs\react-dom-client.development.js:13957
recursivelyTraversePassiveMountEffects @ C:\Users\USER\OneDrive\Desktop\PUP\node_modules\react-dom\cjs\react-dom-client.development.js:13815
commitPassiveMountOnFiber @ C:\Users\USER\OneDrive\Desktop\PUP\node_modules\react-dom\cjs\react-dom-client.development.js:13834
recursivelyTraversePassiveMountEffects @ C:\Users\USER\OneDrive\Desktop\PUP\node_modules\react-dom\cjs\react-dom-client.development.js:13815
commitPassiveMountOnFiber @ C:\Users\USER\OneDrive\Desktop\PUP\node_modules\react-dom\cjs\react-dom-client.development.js:13834
recursivelyTraversePassiveMountEffects @ C:\Users\USER\OneDrive\Desktop\PUP\node_modules\react-dom\cjs\react-dom-client.development.js:13815
commitPassiveMountOnFiber @ C:\Users\USER\OneDrive\Desktop\PUP\node_modules\react-dom\cjs\react-dom-client.development.js:13834
recursivelyTraversePassiveMountEffects @ C:\Users\USER\OneDrive\Desktop\PUP\node_modules\react-dom\cjs\react-dom-client.development.js:13815
commitPassiveMountOnFiber @ C:\Users\USER\OneDrive\Desktop\PUP\node_modules\react-dom\cjs\react-dom-client.development.js:13834
recursivelyTraversePassiveMountEffects @ C:\Users\USER\OneDrive\Desktop\PUP\node_modules\react-dom\cjs\react-dom-client.development.js:13815
commitPassiveMountOnFiber @ C:\Users\USER\OneDrive\Desktop\PUP\node_modules\react-dom\cjs\react-dom-client.development.js:13957
recursivelyTraversePassiveMountEffects @ C:\Users\USER\OneDrive\Desktop\PUP\node_modules\react-dom\cjs\react-dom-client.development.js:13815
commitPassiveMountOnFiber @ C:\Users\USER\OneDrive\Desktop\PUP\node_modules\react-dom\cjs\react-dom-client.development.js:13957
recursivelyTraversePassiveMountEffects @ C:\Users\USER\OneDrive\Desktop\PUP\node_modules\react-dom\cjs\react-dom-client.development.js:13815
commitPassiveMountOnFiber @ C:\Users\USER\OneDrive\Desktop\PUP\node_modules\react-dom\cjs\react-dom-client.development.js:13834
recursivelyTraversePassiveMountEffects @ C:\Users\USER\OneDrive\Desktop\PUP\node_modules\react-dom\cjs\react-dom-client.development.js:13815
commitPassiveMountOnFiber @ C:\Users\USER\OneDrive\Desktop\PUP\node_modules\react-dom\cjs\react-dom-client.development.js:13834
recursivelyTraversePassiveMountEffects @ C:\Users\USER\OneDrive\Desktop\PUP\node_modules\react-dom\cjs\react-dom-client.development.js:13815
commitPassiveMountOnFiber @ C:\Users\USER\OneDrive\Desktop\PUP\node_modules\react-dom\cjs\react-dom-client.development.js:13957
recursivelyTraversePassiveMountEffects @ C:\Users\USER\OneDrive\Desktop\PUP\node_modules\react-dom\cjs\react-dom-client.development.js:13815
commitPassiveMountOnFiber @ C:\Users\USER\OneDrive\Desktop\PUP\node_modules\react-dom\cjs\react-dom-client.development.js:13834
recursivelyTraversePassiveMountEffects @ C:\Users\USER\OneDrive\Desktop\PUP\node_modules\react-dom\cjs\react-dom-client.development.js:13815
commitPassiveMountOnFiber @ C:\Users\USER\OneDrive\Desktop\PUP\node_modules\react-dom\cjs\react-dom-client.development.js:13834
recursivelyTraversePassiveMountEffects @ C:\Users\USER\OneDrive\Desktop\PUP\node_modules\react-dom\cjs\react-dom-client.development.js:13815
commitPassiveMountOnFiber @ C:\Users\USER\OneDrive\Desktop\PUP\node_modules\react-dom\cjs\react-dom-client.development.js:13957
recursivelyTraversePassiveMountEffects @ C:\Users\USER\OneDrive\Desktop\PUP\node_modules\react-dom\cjs\react-dom-client.development.js:13815
commitPassiveMountOnFiber @ C:\Users\USER\OneDrive\Desktop\PUP\node_modules\react-dom\cjs\react-dom-client.development.js:13834
recursivelyTraversePassiveMountEffects @ C:\Users\USER\OneDrive\Desktop\PUP\node_modules\react-dom\cjs\react-dom-client.development.js:13815
commitPassiveMountOnFiber @ C:\Users\USER\OneDrive\Desktop\PUP\node_modules\react-dom\cjs\react-dom-client.development.js:13957
recursivelyTraversePassiveMountEffects @ C:\Users\USER\OneDrive\Desktop\PUP\node_modules\react-dom\cjs\react-dom-client.development.js:13815
commitPassiveMountOnFiber @ C:\Users\USER\OneDrive\Desktop\PUP\node_modules\react-dom\cjs\react-dom-client.development.js:13834
recursivelyTraversePassiveMountEffects @ C:\Users\USER\OneDrive\Desktop\PUP\node_modules\react-dom\cjs\react-dom-client.development.js:13815
commitPassiveMountOnFiber @ C:\Users\USER\OneDrive\Desktop\PUP\node_modules\react-dom\cjs\react-dom-client.development.js:13834
recursivelyTraversePassiveMountEffects @ C:\Users\USER\OneDrive\Desktop\PUP\node_modules\react-dom\cjs\react-dom-client.development.js:13815
commitPassiveMountOnFiber @ C:\Users\USER\OneDrive\Desktop\PUP\node_modules\react-dom\cjs\react-dom-client.development.js:13834
recursivelyTraversePassiveMountEffects @ C:\Users\USER\OneDrive\Desktop\PUP\node_modules\react-dom\cjs\react-dom-client.development.js:13815
commitPassiveMountOnFiber @ C:\Users\USER\OneDrive\Desktop\PUP\node_modules\react-dom\cjs\react-dom-client.development.js:13957
recursivelyTraversePassiveMountEffects @ C:\Users\USER\OneDrive\Desktop\PUP\node_modules\react-dom\cjs\react-dom-client.development.js:13815
commitPassiveMountOnFiber @ C:\Users\USER\OneDrive\Desktop\PUP\node_modules\react-dom\cjs\react-dom-client.development.js:13834
recursivelyTraversePassiveMountEffects @ C:\Users\USER\OneDrive\Desktop\PUP\node_modules\react-dom\cjs\react-dom-client.development.js:13815
commitPassiveMountOnFiber @ C:\Users\USER\OneDrive\Desktop\PUP\node_modules\react-dom\cjs\react-dom-client.development.js:13957
recursivelyTraversePassiveMountEffects @ C:\Users\USER\OneDrive\Desktop\PUP\node_modules\react-dom\cjs\react-dom-client.development.js:13815
commitPassiveMountOnFiber @ C:\Users\USER\OneDrive\Desktop\PUP\node_modules\react-dom\cjs\react-dom-client.development.js:13957
recursivelyTraversePassiveMountEffects @ C:\Users\USER\OneDrive\Desktop\PUP\node_modules\react-dom\cjs\react-dom-client.development.js:13815
commitPassiveMountOnFiber @ C:\Users\USER\OneDrive\Desktop\PUP\node_modules\react-dom\cjs\react-dom-client.development.js:13834
recursivelyTraversePassiveMountEffects @ C:\Users\USER\OneDrive\Desktop\PUP\node_modules\react-dom\cjs\react-dom-client.development.js:13815
commitPassiveMountOnFiber @ C:\Users\USER\OneDrive\Desktop\PUP\node_modules\react-dom\cjs\react-dom-client.development.js:13957
recursivelyTraversePassiveMountEffects @ C:\Users\USER\OneDrive\Desktop\PUP\node_modules\react-dom\cjs\react-dom-client.development.js:13815
commitPassiveMountOnFiber @ C:\Users\USER\OneDrive\Desktop\PUP\node_modules\react-dom\cjs\react-dom-client.development.js:13957
recursivelyTraversePassiveMountEffects @ C:\Users\USER\OneDrive\Desktop\PUP\node_modules\react-dom\cjs\react-dom-client.development.js:13815
commitPassiveMountOnFiber @ C:\Users\USER\OneDrive\Desktop\PUP\node_modules\react-dom\cjs\react-dom-client.development.js:13834
recursivelyTraversePassiveMountEffects @ C:\Users\USER\OneDrive\Desktop\PUP\node_modules\react-dom\cjs\react-dom-client.development.js:13815
commitPassiveMountOnFiber @ C:\Users\USER\OneDrive\Desktop\PUP\node_modules\react-dom\cjs\react-dom-client.development.js:13834
recursivelyTraversePassiveMountEffects @ C:\Users\USER\OneDrive\Desktop\PUP\node_modules\react-dom\cjs\react-dom-client.development.js:13815
commitPassiveMountOnFiber @ C:\Users\USER\OneDrive\Desktop\PUP\node_modules\react-dom\cjs\react-dom-client.development.js:13834
recursivelyTraversePassiveMountEffects @ C:\Users\USER\OneDrive\Desktop\PUP\node_modules\react-dom\cjs\react-dom-client.development.js:13815
commitPassiveMountOnFiber @ C:\Users\USER\OneDrive\Desktop\PUP\node_modules\react-dom\cjs\react-dom-client.development.js:13834
recursivelyTraversePassiveMountEffects @ C:\Users\USER\OneDrive\Desktop\PUP\node_modules\react-dom\cjs\react-dom-client.development.js:13815
commitPassiveMountOnFiber @ C:\Users\USER\OneDrive\Desktop\PUP\node_modules\react-dom\cjs\react-dom-client.development.js:13834
recursivelyTraversePassiveMountEffects @ C:\Users\USER\OneDrive\Desktop\PUP\node_modules\react-dom\cjs\react-dom-client.development.js:13815
commitPassiveMountOnFiber @ C:\Users\USER\OneDrive\Desktop\PUP\node_modules\react-dom\cjs\react-dom-client.development.js:13834
recursivelyTraversePassiveMountEffects @ C:\Users\USER\OneDrive\Desktop\PUP\node_modules\react-dom\cjs\react-dom-client.development.js:13815
commitPassiveMountOnFiber @ C:\Users\USER\OneDrive\Desktop\PUP\node_modules\react-dom\cjs\react-dom-client.development.js:13928
recursivelyTraversePassiveMountEffects @ C:\Users\USER\OneDrive\Desktop\PUP\node_modules\react-dom\cjs\react-dom-client.development.js:13815
commitPassiveMountOnFiber @ C:\Users\USER\OneDrive\Desktop\PUP\node_modules\react-dom\cjs\react-dom-client.development.js:13903
recursivelyTraversePassiveMountEffects @ C:\Users\USER\OneDrive\Desktop\PUP\node_modules\react-dom\cjs\react-dom-client.development.js:13815
commitPassiveMountOnFiber @ C:\Users\USER\OneDrive\Desktop\PUP\node_modules\react-dom\cjs\react-dom-client.development.js:13957
recursivelyTraversePassiveMountEffects @ C:\Users\USER\OneDrive\Desktop\PUP\node_modules\react-dom\cjs\react-dom-client.development.js:13815
commitPassiveMountOnFiber @ C:\Users\USER\OneDrive\Desktop\PUP\node_modules\react-dom\cjs\react-dom-client.development.js:13957
recursivelyTraversePassiveMountEffects @ C:\Users\USER\OneDrive\Desktop\PUP\node_modules\react-dom\cjs\react-dom-client.development.js:13815
commitPassiveMountOnFiber @ C:\Users\USER\OneDrive\Desktop\PUP\node_modules\react-dom\cjs\react-dom-client.development.js:13834
recursivelyTraversePassiveMountEffects @ C:\Users\USER\OneDrive\Desktop\PUP\node_modules\react-dom\cjs\react-dom-client.development.js:13815
commitPassiveMountOnFiber @ C:\Users\USER\OneDrive\Desktop\PUP\node_modules\react-dom\cjs\react-dom-client.development.js:13834
recursivelyTraversePassiveMountEffects @ C:\Users\USER\OneDrive\Desktop\PUP\node_modules\react-dom\cjs\react-dom-client.development.js:13815
commitPassiveMountOnFiber @ C:\Users\USER\OneDrive\Desktop\PUP\node_modules\react-dom\cjs\react-dom-client.development.js:13834
recursivelyTraversePassiveMountEffects @ C:\Users\USER\OneDrive\Desktop\PUP\node_modules\react-dom\cjs\react-dom-client.development.js:13815
commitPassiveMountOnFiber @ C:\Users\USER\OneDrive\Desktop\PUP\node_modules\react-dom\cjs\react-dom-client.development.js:13957
recursivelyTraversePassiveMountEffects @ C:\Users\USER\OneDrive\Desktop\PUP\node_modules\react-dom\cjs\react-dom-client.development.js:13815
commitPassiveMountOnFiber @ C:\Users\USER\OneDrive\Desktop\PUP\node_modules\react-dom\cjs\react-dom-client.development.js:13957
recursivelyTraversePassiveMountEffects @ C:\Users\USER\OneDrive\Desktop\PUP\node_modules\react-dom\cjs\react-dom-client.development.js:13815
commitPassiveMountOnFiber @ C:\Users\USER\OneDrive\Desktop\PUP\node_modules\react-dom\cjs\react-dom-client.development.js:13834
recursivelyTraversePassiveMountEffects @ C:\Users\USER\OneDrive\Desktop\PUP\node_modules\react-dom\cjs\react-dom-client.development.js:13815
commitPassiveMountOnFiber @ C:\Users\USER\OneDrive\Desktop\PUP\node_modules\react-dom\cjs\react-dom-client.development.js:13957
recursivelyTraversePassiveMountEffects @ C:\Users\USER\OneDrive\Desktop\PUP\node_modules\react-dom\cjs\react-dom-client.development.js:13815
commitPassiveMountOnFiber @ C:\Users\USER\OneDrive\Desktop\PUP\node_modules\react-dom\cjs\react-dom-client.development.js:13957
recursivelyTraversePassiveMountEffects @ C:\Users\USER\OneDrive\Desktop\PUP\node_modules\react-dom\cjs\react-dom-client.development.js:13815
commitPassiveMountOnFiber @ C:\Users\USER\OneDrive\Desktop\PUP\node_modules\react-dom\cjs\react-dom-client.development.js:13957
recursivelyTraversePassiveMountEffects @ C:\Users\USER\OneDrive\Desktop\PUP\node_modules\react-dom\cjs\react-dom-client.development.js:13815
commitPassiveMountOnFiber @ C:\Users\USER\OneDrive\Desktop\PUP\node_modules\react-dom\cjs\react-dom-client.development.js:13834
recursivelyTraversePassiveMountEffects @ C:\Users\USER\OneDrive\Desktop\PUP\node_modules\react-dom\cjs\react-dom-client.development.js:13815
commitPassiveMountOnFiber @ C:\Users\USER\OneDrive\Desktop\PUP\node_modules\react-dom\cjs\react-dom-client.development.js:13957
recursivelyTraversePassiveMountEffects @ C:\Users\USER\OneDrive\Desktop\PUP\node_modules\react-dom\cjs\react-dom-client.development.js:13815
commitPassiveMountOnFiber @ C:\Users\USER\OneDrive\Desktop\PUP\node_modules\react-dom\cjs\react-dom-client.development.js:13957
recursivelyTraversePassiveMountEffects @ C:\Users\USER\OneDrive\Desktop\PUP\node_modules\react-dom\cjs\react-dom-client.development.js:13815
commitPassiveMountOnFiber @ C:\Users\USER\OneDrive\Desktop\PUP\node_modules\react-dom\cjs\react-dom-client.development.js:13957
recursivelyTraversePassiveMountEffects @ C:\Users\USER\OneDrive\Desktop\PUP\node_modules\react-dom\cjs\react-dom-client.development.js:13815
commitPassiveMountOnFiber @ C:\Users\USER\OneDrive\Desktop\PUP\node_modules\react-dom\cjs\react-dom-client.development.js:13834
recursivelyTraversePassiveMountEffects @ C:\Users\USER\OneDrive\Desktop\PUP\node_modules\react-dom\cjs\react-dom-client.development.js:13815
commitPassiveMountOnFiber @ C:\Users\USER\OneDrive\Desktop\PUP\node_modules\react-dom\cjs\react-dom-client.development.js:13957
recursivelyTraversePassiveMountEffects @ C:\Users\USER\OneDrive\Desktop\PUP\node_modules\react-dom\cjs\react-dom-client.development.js:13815
commitPassiveMountOnFiber @ C:\Users\USER\OneDrive\Desktop\PUP\node_modules\react-dom\cjs\react-dom-client.development.js:13957
recursivelyTraversePassiveMountEffects @ C:\Users\USER\OneDrive\Desktop\PUP\node_modules\react-dom\cjs\react-dom-client.development.js:13815
commitPassiveMountOnFiber @ C:\Users\USER\OneDrive\Desktop\PUP\node_modules\react-dom\cjs\react-dom-client.development.js:13834
recursivelyTraversePassiveMountEffects @ C:\Users\USER\OneDrive\Desktop\PUP\node_modules\react-dom\cjs\react-dom-client.development.js:13815
commitPassiveMountOnFiber @ C:\Users\USER\OneDrive\Desktop\PUP\node_modules\react-dom\cjs\react-dom-client.development.js:13957
recursivelyTraversePassiveMountEffects @ C:\Users\USER\OneDrive\Desktop\PUP\node_modules\react-dom\cjs\react-dom-client.development.js:13815
commitPassiveMountOnFiber @ C:\Users\USER\OneDrive\Desktop\PUP\node_modules\react-dom\cjs\react-dom-client.development.js:13957
recursivelyTraversePassiveMountEffects @ C:\Users\USER\OneDrive\Desktop\PUP\node_modules\react-dom\cjs\react-dom-client.development.js:13815
commitPassiveMountOnFiber @ C:\Users\USER\OneDrive\Desktop\PUP\node_modules\react-dom\cjs\react-dom-client.development.js:13834
recursivelyTraversePassiveMountEffects @ C:\Users\USER\OneDrive\Desktop\PUP\node_modules\react-dom\cjs\react-dom-client.development.js:13815
commitPassiveMountOnFiber @ C:\Users\USER\OneDrive\Desktop\PUP\node_modules\react-dom\cjs\react-dom-client.development.js:13957
recursivelyTraversePassiveMountEffects @ C:\Users\USER\OneDrive\Desktop\PUP\node_modules\react-dom\cjs\react-dom-client.development.js:13815
commitPassiveMountOnFiber @ C:\Users\USER\OneDrive\Desktop\PUP\node_modules\react-dom\cjs\react-dom-client.development.js:13957
recursivelyTraversePassiveMountEffects @ C:\Users\USER\OneDrive\Desktop\PUP\node_modules\react-dom\cjs\react-dom-client.development.js:13815
commitPassiveMountOnFiber @ C:\Users\USER\OneDrive\Desktop\PUP\node_modules\react-dom\cjs\react-dom-client.development.js:13834
recursivelyTraversePassiveMountEffects @ C:\Users\USER\OneDrive\Desktop\PUP\node_modules\react-dom\cjs\react-dom-client.development.js:13815
commitPassiveMountOnFiber @ C:\Users\USER\OneDrive\Desktop\PUP\node_modules\react-dom\cjs\react-dom-client.development.js:13834
recursivelyTraversePassiveMountEffects @ C:\Users\USER\OneDrive\Desktop\PUP\node_modules\react-dom\cjs\react-dom-client.development.js:13815
commitPassiveMountOnFiber @ C:\Users\USER\OneDrive\Desktop\PUP\node_modules\react-dom\cjs\react-dom-client.development.js:13834
recursivelyTraversePassiveMountEffects @ C:\Users\USER\OneDrive\Desktop\PUP\node_modules\react-dom\cjs\react-dom-client.development.js:13815
commitPassiveMountOnFiber @ C:\Users\USER\OneDrive\Desktop\PUP\node_modules\react-dom\cjs\react-dom-client.development.js:13834
recursivelyTraversePassiveMountEffects @ C:\Users\USER\OneDrive\Desktop\PUP\node_modules\react-dom\cjs\react-dom-client.development.js:13815
commitPassiveMountOnFiber @ C:\Users\USER\OneDrive\Desktop\PUP\node_modules\react-dom\cjs\react-dom-client.development.js:13957
recursivelyTraversePassiveMountEffects @ C:\Users\USER\OneDrive\Desktop\PUP\node_modules\react-dom\cjs\react-dom-client.development.js:13815
commitPassiveMountOnFiber @ C:\Users\USER\OneDrive\Desktop\PUP\node_modules\react-dom\cjs\react-dom-client.development.js:13834
recursivelyTraversePassiveMountEffects @ C:\Users\USER\OneDrive\Desktop\PUP\node_modules\react-dom\cjs\react-dom-client.development.js:13815
commitPassiveMountOnFiber @ C:\Users\USER\OneDrive\Desktop\PUP\node_modules\react-dom\cjs\react-dom-client.development.js:13834
recursivelyTraversePassiveMountEffects @ C:\Users\USER\OneDrive\Desktop\PUP\node_modules\react-dom\cjs\react-dom-client.development.js:13815
commitPassiveMountOnFiber @ C:\Users\USER\OneDrive\Desktop\PUP\node_modules\react-dom\cjs\react-dom-client.development.js:13928
recursivelyTraversePassiveMountEffects @ C:\Users\USER\OneDrive\Desktop\PUP\node_modules\react-dom\cjs\react-dom-client.development.js:13815
commitPassiveMountOnFiber @ C:\Users\USER\OneDrive\Desktop\PUP\node_modules\react-dom\cjs\react-dom-client.development.js:13903
recursivelyTraversePassiveMountEffects @ C:\Users\USER\OneDrive\Desktop\PUP\node_modules\react-dom\cjs\react-dom-client.development.js:13815
commitPassiveMountOnFiber @ C:\Users\USER\OneDrive\Desktop\PUP\node_modules\react-dom\cjs\react-dom-client.development.js:13957
recursivelyTraversePassiveMountEffects @ C:\Users\USER\OneDrive\Desktop\PUP\node_modules\react-dom\cjs\react-dom-client.development.js:13815
commitPassiveMountOnFiber @ C:\Users\USER\OneDrive\Desktop\PUP\node_modules\react-dom\cjs\react-dom-client.development.js:13957
recursivelyTraversePassiveMountEffects @ C:\Users\USER\OneDrive\Desktop\PUP\node_modules\react-dom\cjs\react-dom-client.development.js:13815
commitPassiveMountOnFiber @ C:\Users\USER\OneDrive\Desktop\PUP\node_modules\react-dom\cjs\react-dom-client.development.js:13834
recursivelyTraversePassiveMountEffects @ C:\Users\USER\OneDrive\Desktop\PUP\node_modules\react-dom\cjs\react-dom-client.development.js:13815
commitPassiveMountOnFiber @ C:\Users\USER\OneDrive\Desktop\PUP\node_modules\react-dom\cjs\react-dom-client.development.js:13834
recursivelyTraversePassiveMountEffects @ C:\Users\USER\OneDrive\Desktop\PUP\node_modules\react-dom\cjs\react-dom-client.development.js:13815
commitPassiveMountOnFiber @ C:\Users\USER\OneDrive\Desktop\PUP\node_modules\react-dom\cjs\react-dom-client.development.js:13834
recursivelyTraversePassiveMountEffects @ C:\Users\USER\OneDrive\Desktop\PUP\node_modules\react-dom\cjs\react-dom-client.development.js:13815
commitPassiveMountOnFiber @ C:\Users\USER\OneDrive\Desktop\PUP\node_modules\react-dom\cjs\react-dom-client.development.js:13957
recursivelyTraversePassiveMountEffects @ C:\Users\USER\OneDrive\Desktop\PUP\node_modules\react-dom\cjs\react-dom-client.development.js:13815
<ProfileScreen(./(tabs)/profile.tsx)>
exports.jsxDEV @ C:\Users\USER\OneDrive\Desktop\PUP\node_modules\react\cjs\react-jsx-dev-runtime.development.js:346
BaseRoute @ C:\Users\USER\OneDrive\Desktop\PUP\node_modules\expo-router\build\useScreens.js:213
react-stack-bottom-frame @ C:\Users\USER\OneDrive\Desktop\PUP\node_modules\react-dom\cjs\react-dom-client.development.js:23863
renderWithHooks @ C:\Users\USER\OneDrive\Desktop\PUP\node_modules\react-dom\cjs\react-dom-client.development.js:5529
updateFunctionComponent @ C:\Users\USER\OneDrive\Desktop\PUP\node_modules\react-dom\cjs\react-dom-client.development.js:8897
beginWork @ C:\Users\USER\OneDrive\Desktop\PUP\node_modules\react-dom\cjs\react-dom-client.development.js:10522
runWithFiberInDEV @ C:\Users\USER\OneDrive\Desktop\PUP\node_modules\react-dom\cjs\react-dom-client.development.js:1519
performUnitOfWork @ C:\Users\USER\OneDrive\Desktop\PUP\node_modules\react-dom\cjs\react-dom-client.development.js:15132
workLoopSync @ C:\Users\USER\OneDrive\Desktop\PUP\node_modules\react-dom\cjs\react-dom-client.development.js:14956
renderRootSync @ C:\Users\USER\OneDrive\Desktop\PUP\node_modules\react-dom\cjs\react-dom-client.development.js:14936
performWorkOnRoot @ C:\Users\USER\OneDrive\Desktop\PUP\node_modules\react-dom\cjs\react-dom-client.development.js:14419
performSyncWorkOnRoot @ C:\Users\USER\OneDrive\Desktop\PUP\node_modules\react-dom\cjs\react-dom-client.development.js:16231
flushSyncWorkAcrossRoots_impl @ C:\Users\USER\OneDrive\Desktop\PUP\node_modules\react-dom\cjs\react-dom-client.development.js:16079
processRootScheduleInMicrotask @ C:\Users\USER\OneDrive\Desktop\PUP\node_modules\react-dom\cjs\react-dom-client.development.js:16116
(anonymous) @ C:\Users\USER\OneDrive\Desktop\PUP\node_modules\react-dom\cjs\react-dom-client.development.js:16250
<Route(profile)>
exports.jsx @ C:\Users\USER\OneDrive\Desktop\PUP\node_modules\react\cjs\react-jsx-runtime.development.js:339
SceneView @ C:\Users\USER\OneDrive\Desktop\PUP\node_modules\@react-navigation\core\lib\module\SceneView.js:125
react-stack-bottom-frame @ C:\Users\USER\OneDrive\Desktop\PUP\node_modules\react-dom\cjs\react-dom-client.development.js:23863
renderWithHooks @ C:\Users\USER\OneDrive\Desktop\PUP\node_modules\react-dom\cjs\react-dom-client.development.js:5529
updateFunctionComponent @ C:\Users\USER\OneDrive\Desktop\PUP\node_modules\react-dom\cjs\react-dom-client.development.js:8897
beginWork @ C:\Users\USER\OneDrive\Desktop\PUP\node_modules\react-dom\cjs\react-dom-client.development.js:10522
runWithFiberInDEV @ C:\Users\USER\OneDrive\Desktop\PUP\node_modules\react-dom\cjs\react-dom-client.development.js:1519
performUnitOfWork @ C:\Users\USER\OneDrive\Desktop\PUP\node_modules\react-dom\cjs\react-dom-client.development.js:15132
workLoopSync @ C:\Users\USER\OneDrive\Desktop\PUP\node_modules\react-dom\cjs\react-dom-client.development.js:14956
renderRootSync @ C:\Users\USER\OneDrive\Desktop\PUP\node_modules\react-dom\cjs\react-dom-client.development.js:14936
performWorkOnRoot @ C:\Users\USER\OneDrive\Desktop\PUP\node_modules\react-dom\cjs\react-dom-client.development.js:14419
performSyncWorkOnRoot @ C:\Users\USER\OneDrive\Desktop\PUP\node_modules\react-dom\cjs\react-dom-client.development.js:16231
flushSyncWorkAcrossRoots_impl @ C:\Users\USER\OneDrive\Desktop\PUP\node_modules\react-dom\cjs\react-dom-client.development.js:16079
processRootScheduleInMicrotask @ C:\Users\USER\OneDrive\Desktop\PUP\node_modules\react-dom\cjs\react-dom-client.development.js:16116
(anonymous) @ C:\Users\USER\OneDrive\Desktop\PUP\node_modules\react-dom\cjs\react-dom-client.development.js:16250
<SceneView>
exports.jsx @ C:\Users\USER\OneDrive\Desktop\PUP\node_modules\react\cjs\react-jsx-runtime.development.js:339
render @ C:\Users\USER\OneDrive\Desktop\PUP\node_modules\@react-navigation\core\lib\module\useDescriptors.js:108
(anonymous) @ C:\Users\USER\OneDrive\Desktop\PUP\node_modules\@react-navigation\core\lib\module\useDescriptors.js:140
useDescriptors @ C:\Users\USER\OneDrive\Desktop\PUP\node_modules\@react-navigation\core\lib\module\useDescriptors.js:137
useNavigationBuilder @ C:\Users\USER\OneDrive\Desktop\PUP\node_modules\@react-navigation\core\lib\module\useNavigationBuilder.js:562
BottomTabNavigator @ C:\Users\USER\OneDrive\Desktop\PUP\node_modules\@react-navigation\bottom-tabs\lib\module\navigators\createBottomTabNavigator.js:24
react-stack-bottom-frame @ C:\Users\USER\OneDrive\Desktop\PUP\node_modules\react-dom\cjs\react-dom-client.development.js:23863
renderWithHooks @ C:\Users\USER\OneDrive\Desktop\PUP\node_modules\react-dom\cjs\react-dom-client.development.js:5529
updateFunctionComponent @ C:\Users\USER\OneDrive\Desktop\PUP\node_modules\react-dom\cjs\react-dom-client.development.js:8897
beginWork @ C:\Users\USER\OneDrive\Desktop\PUP\node_modules\react-dom\cjs\react-dom-client.development.js:10522
runWithFiberInDEV @ C:\Users\USER\OneDrive\Desktop\PUP\node_modules\react-dom\cjs\react-dom-client.development.js:1519
performUnitOfWork @ C:\Users\USER\OneDrive\Desktop\PUP\node_modules\react-dom\cjs\react-dom-client.development.js:15132
workLoopSync @ C:\Users\USER\OneDrive\Desktop\PUP\node_modules\react-dom\cjs\react-dom-client.development.js:14956
renderRootSync @ C:\Users\USER\OneDrive\Desktop\PUP\node_modules\react-dom\cjs\react-dom-client.development.js:14936
performWorkOnRoot @ C:\Users\USER\OneDrive\Desktop\PUP\node_modules\react-dom\cjs\react-dom-client.development.js:14419
performSyncWorkOnRoot @ C:\Users\USER\OneDrive\Desktop\PUP\node_modules\react-dom\cjs\react-dom-client.development.js:16231
flushSyncWorkAcrossRoots_impl @ C:\Users\USER\OneDrive\Desktop\PUP\node_modules\react-dom\cjs\react-dom-client.development.js:16079
processRootScheduleInMicrotask @ C:\Users\USER\OneDrive\Desktop\PUP\node_modules\react-dom\cjs\react-dom-client.development.js:16116
(anonymous) @ C:\Users\USER\OneDrive\Desktop\PUP\node_modules\react-dom\cjs\react-dom-client.development.js:16250
C:\Users\USER\OneDrive\Desktop\PUP\lib\firestore-rest.ts:161 [REST] getDocument: document not found
C:\Users\USER\OneDrive\Desktop\PUP\lib\firestore-rest.ts:133  POST https://firestore.googleapis.com/v1/projects/lasangpinoy-mobile/databases/(default)/documents:runQuery?key=AIzaSyAZ36rq3scKZDT5SsETJ_SYIOEB9Gcbkyk 404 (Not Found)
fetchWithTimeout @ C:\Users\USER\OneDrive\Desktop\PUP\lib\firestore-rest.ts:133
queryCollection @ C:\Users\USER\OneDrive\Desktop\PUP\lib\firestore-rest.ts:277
await in queryCollection
getBookmarks @ C:\Users\USER\OneDrive\Desktop\PUP\lib\firebase.ts:665
getBookmarksWithRecipes @ C:\Users\USER\OneDrive\Desktop\PUP\lib\firebase.ts:709
fetchFavorites @ C:\Users\USER\OneDrive\Desktop\PUP\app\(tabs)\profile.tsx:96
(anonymous) @ C:\Users\USER\OneDrive\Desktop\PUP\app\(tabs)\profile.tsx:76
callback @ C:\Users\USER\OneDrive\Desktop\PUP\node_modules\expo-router\build\useFocusEffect.js:98
(anonymous) @ C:\Users\USER\OneDrive\Desktop\PUP\node_modules\expo-router\build\useFocusEffect.js:133
react-stack-bottom-frame @ C:\Users\USER\OneDrive\Desktop\PUP\node_modules\react-dom\cjs\react-dom-client.development.js:23949
runWithFiberInDEV @ C:\Users\USER\OneDrive\Desktop\PUP\node_modules\react-dom\cjs\react-dom-client.development.js:1519
commitHookEffectListMount @ C:\Users\USER\OneDrive\Desktop\PUP\node_modules\react-dom\cjs\react-dom-client.development.js:11905
commitHookPassiveMountEffects @ C:\Users\USER\OneDrive\Desktop\PUP\node_modules\react-dom\cjs\react-dom-client.development.js:12026
commitPassiveMountOnFiber @ C:\Users\USER\OneDrive\Desktop\PUP\node_modules\react-dom\cjs\react-dom-client.development.js:13841
recursivelyTraversePassiveMountEffects @ C:\Users\USER\OneDrive\Desktop\PUP\node_modules\react-dom\cjs\react-dom-client.development.js:13815
commitPassiveMountOnFiber @ C:\Users\USER\OneDrive\Desktop\PUP\node_modules\react-dom\cjs\react-dom-client.development.js:13928
recursivelyTraversePassiveMountEffects @ C:\Users\USER\OneDrive\Desktop\PUP\node_modules\react-dom\cjs\react-dom-client.development.js:13815
commitPassiveMountOnFiber @ C:\Users\USER\OneDrive\Desktop\PUP\node_modules\react-dom\cjs\react-dom-client.development.js:13903
recursivelyTraversePassiveMountEffects @ C:\Users\USER\OneDrive\Desktop\PUP\node_modules\react-dom\cjs\react-dom-client.development.js:13815
commitPassiveMountOnFiber @ C:\Users\USER\OneDrive\Desktop\PUP\node_modules\react-dom\cjs\react-dom-client.development.js:13957
recursivelyTraversePassiveMountEffects @ C:\Users\USER\OneDrive\Desktop\PUP\node_modules\react-dom\cjs\react-dom-client.development.js:13815
commitPassiveMountOnFiber @ C:\Users\USER\OneDrive\Desktop\PUP\node_modules\react-dom\cjs\react-dom-client.development.js:13957
recursivelyTraversePassiveMountEffects @ C:\Users\USER\OneDrive\Desktop\PUP\node_modules\react-dom\cjs\react-dom-client.development.js:13815
commitPassiveMountOnFiber @ C:\Users\USER\OneDrive\Desktop\PUP\node_modules\react-dom\cjs\react-dom-client.development.js:13834
recursivelyTraversePassiveMountEffects @ C:\Users\USER\OneDrive\Desktop\PUP\node_modules\react-dom\cjs\react-dom-client.development.js:13815
commitPassiveMountOnFiber @ C:\Users\USER\OneDrive\Desktop\PUP\node_modules\react-dom\cjs\react-dom-client.development.js:13834
recursivelyTraversePassiveMountEffects @ C:\Users\USER\OneDrive\Desktop\PUP\node_modules\react-dom\cjs\react-dom-client.development.js:13815
commitPassiveMountOnFiber @ C:\Users\USER\OneDrive\Desktop\PUP\node_modules\react-dom\cjs\react-dom-client.development.js:13834
recursivelyTraversePassiveMountEffects @ C:\Users\USER\OneDrive\Desktop\PUP\node_modules\react-dom\cjs\react-dom-client.development.js:13815
commitPassiveMountOnFiber @ C:\Users\USER\OneDrive\Desktop\PUP\node_modules\react-dom\cjs\react-dom-client.development.js:13957
recursivelyTraversePassiveMountEffects @ C:\Users\USER\OneDrive\Desktop\PUP\node_modules\react-dom\cjs\react-dom-client.development.js:13815
commitPassiveMountOnFiber @ C:\Users\USER\OneDrive\Desktop\PUP\node_modules\react-dom\cjs\react-dom-client.development.js:13957
recursivelyTraversePassiveMountEffects @ C:\Users\USER\OneDrive\Desktop\PUP\node_modules\react-dom\cjs\react-dom-client.development.js:13815
commitPassiveMountOnFiber @ C:\Users\USER\OneDrive\Desktop\PUP\node_modules\react-dom\cjs\react-dom-client.development.js:13834
recursivelyTraversePassiveMountEffects @ C:\Users\USER\OneDrive\Desktop\PUP\node_modules\react-dom\cjs\react-dom-client.development.js:13815
commitPassiveMountOnFiber @ C:\Users\USER\OneDrive\Desktop\PUP\node_modules\react-dom\cjs\react-dom-client.development.js:13957
recursivelyTraversePassiveMountEffects @ C:\Users\USER\OneDrive\Desktop\PUP\node_modules\react-dom\cjs\react-dom-client.development.js:13815
commitPassiveMountOnFiber @ C:\Users\USER\OneDrive\Desktop\PUP\node_modules\react-dom\cjs\react-dom-client.development.js:13957
recursivelyTraversePassiveMountEffects @ C:\Users\USER\OneDrive\Desktop\PUP\node_modules\react-dom\cjs\react-dom-client.development.js:13815
commitPassiveMountOnFiber @ C:\Users\USER\OneDrive\Desktop\PUP\node_modules\react-dom\cjs\react-dom-client.development.js:13957
recursivelyTraversePassiveMountEffects @ C:\Users\USER\OneDrive\Desktop\PUP\node_modules\react-dom\cjs\react-dom-client.development.js:13815
commitPassiveMountOnFiber @ C:\Users\USER\OneDrive\Desktop\PUP\node_modules\react-dom\cjs\react-dom-client.development.js:13834
recursivelyTraversePassiveMountEffects @ C:\Users\USER\OneDrive\Desktop\PUP\node_modules\react-dom\cjs\react-dom-client.development.js:13815
commitPassiveMountOnFiber @ C:\Users\USER\OneDrive\Desktop\PUP\node_modules\react-dom\cjs\react-dom-client.development.js:13957
recursivelyTraversePassiveMountEffects @ C:\Users\USER\OneDrive\Desktop\PUP\node_modules\react-dom\cjs\react-dom-client.development.js:13815
commitPassiveMountOnFiber @ C:\Users\USER\OneDrive\Desktop\PUP\node_modules\react-dom\cjs\react-dom-client.development.js:13957
recursivelyTraversePassiveMountEffects @ C:\Users\USER\OneDrive\Desktop\PUP\node_modules\react-dom\cjs\react-dom-client.development.js:13815
commitPassiveMountOnFiber @ C:\Users\USER\OneDrive\Desktop\PUP\node_modules\react-dom\cjs\react-dom-client.development.js:13957
recursivelyTraversePassiveMountEffects @ C:\Users\USER\OneDrive\Desktop\PUP\node_modules\react-dom\cjs\react-dom-client.development.js:13815
commitPassiveMountOnFiber @ C:\Users\USER\OneDrive\Desktop\PUP\node_modules\react-dom\cjs\react-dom-client.development.js:13834
recursivelyTraversePassiveMountEffects @ C:\Users\USER\OneDrive\Desktop\PUP\node_modules\react-dom\cjs\react-dom-client.development.js:13815
commitPassiveMountOnFiber @ C:\Users\USER\OneDrive\Desktop\PUP\node_modules\react-dom\cjs\react-dom-client.development.js:13957
recursivelyTraversePassiveMountEffects @ C:\Users\USER\OneDrive\Desktop\PUP\node_modules\react-dom\cjs\react-dom-client.development.js:13815
commitPassiveMountOnFiber @ C:\Users\USER\OneDrive\Desktop\PUP\node_modules\react-dom\cjs\react-dom-client.development.js:13957
recursivelyTraversePassiveMountEffects @ C:\Users\USER\OneDrive\Desktop\PUP\node_modules\react-dom\cjs\react-dom-client.development.js:13815
commitPassiveMountOnFiber @ C:\Users\USER\OneDrive\Desktop\PUP\node_modules\react-dom\cjs\react-dom-client.development.js:13957
recursivelyTraversePassiveMountEffects @ C:\Users\USER\OneDrive\Desktop\PUP\node_modules\react-dom\cjs\react-dom-client.development.js:13815
commitPassiveMountOnFiber @ C:\Users\USER\OneDrive\Desktop\PUP\node_modules\react-dom\cjs\react-dom-client.development.js:13957
recursivelyTraversePassiveMountEffects @ C:\Users\USER\OneDrive\Desktop\PUP\node_modules\react-dom\cjs\react-dom-client.development.js:13815
commitPassiveMountOnFiber @ C:\Users\USER\OneDrive\Desktop\PUP\node_modules\react-dom\cjs\react-dom-client.development.js:13834
recursivelyTraversePassiveMountEffects @ C:\Users\USER\OneDrive\Desktop\PUP\node_modules\react-dom\cjs\react-dom-client.development.js:13815
commitPassiveMountOnFiber @ C:\Users\USER\OneDrive\Desktop\PUP\node_modules\react-dom\cjs\react-dom-client.development.js:13957
recursivelyTraversePassiveMountEffects @ C:\Users\USER\OneDrive\Desktop\PUP\node_modules\react-dom\cjs\react-dom-client.development.js:13815
commitPassiveMountOnFiber @ C:\Users\USER\OneDrive\Desktop\PUP\node_modules\react-dom\cjs\react-dom-client.development.js:13834
recursivelyTraversePassiveMountEffects @ C:\Users\USER\OneDrive\Desktop\PUP\node_modules\react-dom\cjs\react-dom-client.development.js:13815
commitPassiveMountOnFiber @ C:\Users\USER\OneDrive\Desktop\PUP\node_modules\react-dom\cjs\react-dom-client.development.js:13834
recursivelyTraversePassiveMountEffects @ C:\Users\USER\OneDrive\Desktop\PUP\node_modules\react-dom\cjs\react-dom-client.development.js:13815
commitPassiveMountOnFiber @ C:\Users\USER\OneDrive\Desktop\PUP\node_modules\react-dom\cjs\react-dom-client.development.js:13834
recursivelyTraversePassiveMountEffects @ C:\Users\USER\OneDrive\Desktop\PUP\node_modules\react-dom\cjs\react-dom-client.development.js:13815
commitPassiveMountOnFiber @ C:\Users\USER\OneDrive\Desktop\PUP\node_modules\react-dom\cjs\react-dom-client.development.js:13834
recursivelyTraversePassiveMountEffects @ C:\Users\USER\OneDrive\Desktop\PUP\node_modules\react-dom\cjs\react-dom-client.development.js:13815
commitPassiveMountOnFiber @ C:\Users\USER\OneDrive\Desktop\PUP\node_modules\react-dom\cjs\react-dom-client.development.js:13957
recursivelyTraversePassiveMountEffects @ C:\Users\USER\OneDrive\Desktop\PUP\node_modules\react-dom\cjs\react-dom-client.development.js:13815
commitPassiveMountOnFiber @ C:\Users\USER\OneDrive\Desktop\PUP\node_modules\react-dom\cjs\react-dom-client.development.js:13957
recursivelyTraversePassiveMountEffects @ C:\Users\USER\OneDrive\Desktop\PUP\node_modules\react-dom\cjs\react-dom-client.development.js:13815
commitPassiveMountOnFiber @ C:\Users\USER\OneDrive\Desktop\PUP\node_modules\react-dom\cjs\react-dom-client.development.js:13834
recursivelyTraversePassiveMountEffects @ C:\Users\USER\OneDrive\Desktop\PUP\node_modules\react-dom\cjs\react-dom-client.development.js:13815
commitPassiveMountOnFiber @ C:\Users\USER\OneDrive\Desktop\PUP\node_modules\react-dom\cjs\react-dom-client.development.js:13834
recursivelyTraversePassiveMountEffects @ C:\Users\USER\OneDrive\Desktop\PUP\node_modules\react-dom\cjs\react-dom-client.development.js:13815
commitPassiveMountOnFiber @ C:\Users\USER\OneDrive\Desktop\PUP\node_modules\react-dom\cjs\react-dom-client.development.js:13957
recursivelyTraversePassiveMountEffects @ C:\Users\USER\OneDrive\Desktop\PUP\node_modules\react-dom\cjs\react-dom-client.development.js:13815
commitPassiveMountOnFiber @ C:\Users\USER\OneDrive\Desktop\PUP\node_modules\react-dom\cjs\react-dom-client.development.js:13834
recursivelyTraversePassiveMountEffects @ C:\Users\USER\OneDrive\Desktop\PUP\node_modules\react-dom\cjs\react-dom-client.development.js:13815
commitPassiveMountOnFiber @ C:\Users\USER\OneDrive\Desktop\PUP\node_modules\react-dom\cjs\react-dom-client.development.js:13834
recursivelyTraversePassiveMountEffects @ C:\Users\USER\OneDrive\Desktop\PUP\node_modules\react-dom\cjs\react-dom-client.development.js:13815
commitPassiveMountOnFiber @ C:\Users\USER\OneDrive\Desktop\PUP\node_modules\react-dom\cjs\react-dom-client.development.js:13957
recursivelyTraversePassiveMountEffects @ C:\Users\USER\OneDrive\Desktop\PUP\node_modules\react-dom\cjs\react-dom-client.development.js:13815
commitPassiveMountOnFiber @ C:\Users\USER\OneDrive\Desktop\PUP\node_modules\react-dom\cjs\react-dom-client.development.js:13834
recursivelyTraversePassiveMountEffects @ C:\Users\USER\OneDrive\Desktop\PUP\node_modules\react-dom\cjs\react-dom-client.development.js:13815
commitPassiveMountOnFiber @ C:\Users\USER\OneDrive\Desktop\PUP\node_modules\react-dom\cjs\react-dom-client.development.js:13957
recursivelyTraversePassiveMountEffects @ C:\Users\USER\OneDrive\Desktop\PUP\node_modules\react-dom\cjs\react-dom-client.development.js:13815
commitPassiveMountOnFiber @ C:\Users\USER\OneDrive\Desktop\PUP\node_modules\react-dom\cjs\react-dom-client.development.js:13834
recursivelyTraversePassiveMountEffects @ C:\Users\USER\OneDrive\Desktop\PUP\node_modules\react-dom\cjs\react-dom-client.development.js:13815
commitPassiveMountOnFiber @ C:\Users\USER\OneDrive\Desktop\PUP\node_modules\react-dom\cjs\react-dom-client.development.js:13834
recursivelyTraversePassiveMountEffects @ C:\Users\USER\OneDrive\Desktop\PUP\node_modules\react-dom\cjs\react-dom-client.development.js:13815
commitPassiveMountOnFiber @ C:\Users\USER\OneDrive\Desktop\PUP\node_modules\react-dom\cjs\react-dom-client.development.js:13834
recursivelyTraversePassiveMountEffects @ C:\Users\USER\OneDrive\Desktop\PUP\node_modules\react-dom\cjs\react-dom-client.development.js:13815
commitPassiveMountOnFiber @ C:\Users\USER\OneDrive\Desktop\PUP\node_modules\react-dom\cjs\react-dom-client.development.js:13957
recursivelyTraversePassiveMountEffects @ C:\Users\USER\OneDrive\Desktop\PUP\node_modules\react-dom\cjs\react-dom-client.development.js:13815
commitPassiveMountOnFiber @ C:\Users\USER\OneDrive\Desktop\PUP\node_modules\react-dom\cjs\react-dom-client.development.js:13834
recursivelyTraversePassiveMountEffects @ C:\Users\USER\OneDrive\Desktop\PUP\node_modules\react-dom\cjs\react-dom-client.development.js:13815
commitPassiveMountOnFiber @ C:\Users\USER\OneDrive\Desktop\PUP\node_modules\react-dom\cjs\react-dom-client.development.js:13957
recursivelyTraversePassiveMountEffects @ C:\Users\USER\OneDrive\Desktop\PUP\node_modules\react-dom\cjs\react-dom-client.development.js:13815
commitPassiveMountOnFiber @ C:\Users\USER\OneDrive\Desktop\PUP\node_modules\react-dom\cjs\react-dom-client.development.js:13957
recursivelyTraversePassiveMountEffects @ C:\Users\USER\OneDrive\Desktop\PUP\node_modules\react-dom\cjs\react-dom-client.development.js:13815
commitPassiveMountOnFiber @ C:\Users\USER\OneDrive\Desktop\PUP\node_modules\react-dom\cjs\react-dom-client.development.js:13834
recursivelyTraversePassiveMountEffects @ C:\Users\USER\OneDrive\Desktop\PUP\node_modules\react-dom\cjs\react-dom-client.development.js:13815
commitPassiveMountOnFiber @ C:\Users\USER\OneDrive\Desktop\PUP\node_modules\react-dom\cjs\react-dom-client.development.js:13957
recursivelyTraversePassiveMountEffects @ C:\Users\USER\OneDrive\Desktop\PUP\node_modules\react-dom\cjs\react-dom-client.development.js:13815
commitPassiveMountOnFiber @ C:\Users\USER\OneDrive\Desktop\PUP\node_modules\react-dom\cjs\react-dom-client.development.js:13957
recursivelyTraversePassiveMountEffects @ C:\Users\USER\OneDrive\Desktop\PUP\node_modules\react-dom\cjs\react-dom-client.development.js:13815
commitPassiveMountOnFiber @ C:\Users\USER\OneDrive\Desktop\PUP\node_modules\react-dom\cjs\react-dom-client.development.js:13834
recursivelyTraversePassiveMountEffects @ C:\Users\USER\OneDrive\Desktop\PUP\node_modules\react-dom\cjs\react-dom-client.development.js:13815
commitPassiveMountOnFiber @ C:\Users\USER\OneDrive\Desktop\PUP\node_modules\react-dom\cjs\react-dom-client.development.js:13834
recursivelyTraversePassiveMountEffects @ C:\Users\USER\OneDrive\Desktop\PUP\node_modules\react-dom\cjs\react-dom-client.development.js:13815
commitPassiveMountOnFiber @ C:\Users\USER\OneDrive\Desktop\PUP\node_modules\react-dom\cjs\react-dom-client.development.js:13834
recursivelyTraversePassiveMountEffects @ C:\Users\USER\OneDrive\Desktop\PUP\node_modules\react-dom\cjs\react-dom-client.development.js:13815
commitPassiveMountOnFiber @ C:\Users\USER\OneDrive\Desktop\PUP\node_modules\react-dom\cjs\react-dom-client.development.js:13834
recursivelyTraversePassiveMountEffects @ C:\Users\USER\OneDrive\Desktop\PUP\node_modules\react-dom\cjs\react-dom-client.development.js:13815
commitPassiveMountOnFiber @ C:\Users\USER\OneDrive\Desktop\PUP\node_modules\react-dom\cjs\react-dom-client.development.js:13834
recursivelyTraversePassiveMountEffects @ C:\Users\USER\OneDrive\Desktop\PUP\node_modules\react-dom\cjs\react-dom-client.development.js:13815
commitPassiveMountOnFiber @ C:\Users\USER\OneDrive\Desktop\PUP\node_modules\react-dom\cjs\react-dom-client.development.js:13834
recursivelyTraversePassiveMountEffects @ C:\Users\USER\OneDrive\Desktop\PUP\node_modules\react-dom\cjs\react-dom-client.development.js:13815
commitPassiveMountOnFiber @ C:\Users\USER\OneDrive\Desktop\PUP\node_modules\react-dom\cjs\react-dom-client.development.js:13928
recursivelyTraversePassiveMountEffects @ C:\Users\USER\OneDrive\Desktop\PUP\node_modules\react-dom\cjs\react-dom-client.development.js:13815
commitPassiveMountOnFiber @ C:\Users\USER\OneDrive\Desktop\PUP\node_modules\react-dom\cjs\react-dom-client.development.js:13903
recursivelyTraversePassiveMountEffects @ C:\Users\USER\OneDrive\Desktop\PUP\node_modules\react-dom\cjs\react-dom-client.development.js:13815
commitPassiveMountOnFiber @ C:\Users\USER\OneDrive\Desktop\PUP\node_modules\react-dom\cjs\react-dom-client.development.js:13957
recursivelyTraversePassiveMountEffects @ C:\Users\USER\OneDrive\Desktop\PUP\node_modules\react-dom\cjs\react-dom-client.development.js:13815
commitPassiveMountOnFiber @ C:\Users\USER\OneDrive\Desktop\PUP\node_modules\react-dom\cjs\react-dom-client.development.js:13957
recursivelyTraversePassiveMountEffects @ C:\Users\USER\OneDrive\Desktop\PUP\node_modules\react-dom\cjs\react-dom-client.development.js:13815
commitPassiveMountOnFiber @ C:\Users\USER\OneDrive\Desktop\PUP\node_modules\react-dom\cjs\react-dom-client.development.js:13834
recursivelyTraversePassiveMountEffects @ C:\Users\USER\OneDrive\Desktop\PUP\node_modules\react-dom\cjs\react-dom-client.development.js:13815
commitPassiveMountOnFiber @ C:\Users\USER\OneDrive\Desktop\PUP\node_modules\react-dom\cjs\react-dom-client.development.js:13834
recursivelyTraversePassiveMountEffects @ C:\Users\USER\OneDrive\Desktop\PUP\node_modules\react-dom\cjs\react-dom-client.development.js:13815
commitPassiveMountOnFiber @ C:\Users\USER\OneDrive\Desktop\PUP\node_modules\react-dom\cjs\react-dom-client.development.js:13834
recursivelyTraversePassiveMountEffects @ C:\Users\USER\OneDrive\Desktop\PUP\node_modules\react-dom\cjs\react-dom-client.development.js:13815
commitPassiveMountOnFiber @ C:\Users\USER\OneDrive\Desktop\PUP\node_modules\react-dom\cjs\react-dom-client.development.js:13957
recursivelyTraversePassiveMountEffects @ C:\Users\USER\OneDrive\Desktop\PUP\node_modules\react-dom\cjs\react-dom-client.development.js:13815
commitPassiveMountOnFiber @ C:\Users\USER\OneDrive\Desktop\PUP\node_modules\react-dom\cjs\react-dom-client.development.js:13957
recursivelyTraversePassiveMountEffects @ C:\Users\USER\OneDrive\Desktop\PUP\node_modules\react-dom\cjs\react-dom-client.development.js:13815
commitPassiveMountOnFiber @ C:\Users\USER\OneDrive\Desktop\PUP\node_modules\react-dom\cjs\react-dom-client.development.js:13834
recursivelyTraversePassiveMountEffects @ C:\Users\USER\OneDrive\Desktop\PUP\node_modules\react-dom\cjs\react-dom-client.development.js:13815
commitPassiveMountOnFiber @ C:\Users\USER\OneDrive\Desktop\PUP\node_modules\react-dom\cjs\react-dom-client.development.js:13957
recursivelyTraversePassiveMountEffects @ C:\Users\USER\OneDrive\Desktop\PUP\node_modules\react-dom\cjs\react-dom-client.development.js:13815
commitPassiveMountOnFiber @ C:\Users\USER\OneDrive\Desktop\PUP\node_modules\react-dom\cjs\react-dom-client.development.js:13957
recursivelyTraversePassiveMountEffects @ C:\Users\USER\OneDrive\Desktop\PUP\node_modules\react-dom\cjs\react-dom-client.development.js:13815
commitPassiveMountOnFiber @ C:\Users\USER\OneDrive\Desktop\PUP\node_modules\react-dom\cjs\react-dom-client.development.js:13957
recursivelyTraversePassiveMountEffects @ C:\Users\USER\OneDrive\Desktop\PUP\node_modules\react-dom\cjs\react-dom-client.development.js:13815
commitPassiveMountOnFiber @ C:\Users\USER\OneDrive\Desktop\PUP\node_modules\react-dom\cjs\react-dom-client.development.js:13834
recursivelyTraversePassiveMountEffects @ C:\Users\USER\OneDrive\Desktop\PUP\node_modules\react-dom\cjs\react-dom-client.development.js:13815
commitPassiveMountOnFiber @ C:\Users\USER\OneDrive\Desktop\PUP\node_modules\react-dom\cjs\react-dom-client.development.js:13957
recursivelyTraversePassiveMountEffects @ C:\Users\USER\OneDrive\Desktop\PUP\node_modules\react-dom\cjs\react-dom-client.development.js:13815
commitPassiveMountOnFiber @ C:\Users\USER\OneDrive\Desktop\PUP\node_modules\react-dom\cjs\react-dom-client.development.js:13957
recursivelyTraversePassiveMountEffects @ C:\Users\USER\OneDrive\Desktop\PUP\node_modules\react-dom\cjs\react-dom-client.development.js:13815
commitPassiveMountOnFiber @ C:\Users\USER\OneDrive\Desktop\PUP\node_modules\react-dom\cjs\react-dom-client.development.js:13957
recursivelyTraversePassiveMountEffects @ C:\Users\USER\OneDrive\Desktop\PUP\node_modules\react-dom\cjs\react-dom-client.development.js:13815
commitPassiveMountOnFiber @ C:\Users\USER\OneDrive\Desktop\PUP\node_modules\react-dom\cjs\react-dom-client.development.js:13834
recursivelyTraversePassiveMountEffects @ C:\Users\USER\OneDrive\Desktop\PUP\node_modules\react-dom\cjs\react-dom-client.development.js:13815
commitPassiveMountOnFiber @ C:\Users\USER\OneDrive\Desktop\PUP\node_modules\react-dom\cjs\react-dom-client.development.js:13957
recursivelyTraversePassiveMountEffects @ C:\Users\USER\OneDrive\Desktop\PUP\node_modules\react-dom\cjs\react-dom-client.development.js:13815
commitPassiveMountOnFiber @ C:\Users\USER\OneDrive\Desktop\PUP\node_modules\react-dom\cjs\react-dom-client.development.js:13957
recursivelyTraversePassiveMountEffects @ C:\Users\USER\OneDrive\Desktop\PUP\node_modules\react-dom\cjs\react-dom-client.development.js:13815
commitPassiveMountOnFiber @ C:\Users\USER\OneDrive\Desktop\PUP\node_modules\react-dom\cjs\react-dom-client.development.js:13834
recursivelyTraversePassiveMountEffects @ C:\Users\USER\OneDrive\Desktop\PUP\node_modules\react-dom\cjs\react-dom-client.development.js:13815
commitPassiveMountOnFiber @ C:\Users\USER\OneDrive\Desktop\PUP\node_modules\react-dom\cjs\react-dom-client.development.js:13957
recursivelyTraversePassiveMountEffects @ C:\Users\USER\OneDrive\Desktop\PUP\node_modules\react-dom\cjs\react-dom-client.development.js:13815
commitPassiveMountOnFiber @ C:\Users\USER\OneDrive\Desktop\PUP\node_modules\react-dom\cjs\react-dom-client.development.js:13957
recursivelyTraversePassiveMountEffects @ C:\Users\USER\OneDrive\Desktop\PUP\node_modules\react-dom\cjs\react-dom-client.development.js:13815
commitPassiveMountOnFiber @ C:\Users\USER\OneDrive\Desktop\PUP\node_modules\react-dom\cjs\react-dom-client.development.js:13834
recursivelyTraversePassiveMountEffects @ C:\Users\USER\OneDrive\Desktop\PUP\node_modules\react-dom\cjs\react-dom-client.development.js:13815
commitPassiveMountOnFiber @ C:\Users\USER\OneDrive\Desktop\PUP\node_modules\react-dom\cjs\react-dom-client.development.js:13957
recursivelyTraversePassiveMountEffects @ C:\Users\USER\OneDrive\Desktop\PUP\node_modules\react-dom\cjs\react-dom-client.development.js:13815
commitPassiveMountOnFiber @ C:\Users\USER\OneDrive\Desktop\PUP\node_modules\react-dom\cjs\react-dom-client.development.js:13957
recursivelyTraversePassiveMountEffects @ C:\Users\USER\OneDrive\Desktop\PUP\node_modules\react-dom\cjs\react-dom-client.development.js:13815
commitPassiveMountOnFiber @ C:\Users\USER\OneDrive\Desktop\PUP\node_modules\react-dom\cjs\react-dom-client.development.js:13834
recursivelyTraversePassiveMountEffects @ C:\Users\USER\OneDrive\Desktop\PUP\node_modules\react-dom\cjs\react-dom-client.development.js:13815
commitPassiveMountOnFiber @ C:\Users\USER\OneDrive\Desktop\PUP\node_modules\react-dom\cjs\react-dom-client.development.js:13834
recursivelyTraversePassiveMountEffects @ C:\Users\USER\OneDrive\Desktop\PUP\node_modules\react-dom\cjs\react-dom-client.development.js:13815
commitPassiveMountOnFiber @ C:\Users\USER\OneDrive\Desktop\PUP\node_modules\react-dom\cjs\react-dom-client.development.js:13834
recursivelyTraversePassiveMountEffects @ C:\Users\USER\OneDrive\Desktop\PUP\node_modules\react-dom\cjs\react-dom-client.development.js:13815
commitPassiveMountOnFiber @ C:\Users\USER\OneDrive\Desktop\PUP\node_modules\react-dom\cjs\react-dom-client.development.js:13834
recursivelyTraversePassiveMountEffects @ C:\Users\USER\OneDrive\Desktop\PUP\node_modules\react-dom\cjs\react-dom-client.development.js:13815
commitPassiveMountOnFiber @ C:\Users\USER\OneDrive\Desktop\PUP\node_modules\react-dom\cjs\react-dom-client.development.js:13957
recursivelyTraversePassiveMountEffects @ C:\Users\USER\OneDrive\Desktop\PUP\node_modules\react-dom\cjs\react-dom-client.development.js:13815
commitPassiveMountOnFiber @ C:\Users\USER\OneDrive\Desktop\PUP\node_modules\react-dom\cjs\react-dom-client.development.js:13834
recursivelyTraversePassiveMountEffects @ C:\Users\USER\OneDrive\Desktop\PUP\node_modules\react-dom\cjs\react-dom-client.development.js:13815
commitPassiveMountOnFiber @ C:\Users\USER\OneDrive\Desktop\PUP\node_modules\react-dom\cjs\react-dom-client.development.js:13834
recursivelyTraversePassiveMountEffects @ C:\Users\USER\OneDrive\Desktop\PUP\node_modules\react-dom\cjs\react-dom-client.development.js:13815
commitPassiveMountOnFiber @ C:\Users\USER\OneDrive\Desktop\PUP\node_modules\react-dom\cjs\react-dom-client.development.js:13928
recursivelyTraversePassiveMountEffects @ C:\Users\USER\OneDrive\Desktop\PUP\node_modules\react-dom\cjs\react-dom-client.development.js:13815
commitPassiveMountOnFiber @ C:\Users\USER\OneDrive\Desktop\PUP\node_modules\react-dom\cjs\react-dom-client.development.js:13903
recursivelyTraversePassiveMountEffects @ C:\Users\USER\OneDrive\Desktop\PUP\node_modules\react-dom\cjs\react-dom-client.development.js:13815
commitPassiveMountOnFiber @ C:\Users\USER\OneDrive\Desktop\PUP\node_modules\react-dom\cjs\react-dom-client.development.js:13957
recursivelyTraversePassiveMountEffects @ C:\Users\USER\OneDrive\Desktop\PUP\node_modules\react-dom\cjs\react-dom-client.development.js:13815
commitPassiveMountOnFiber @ C:\Users\USER\OneDrive\Desktop\PUP\node_modules\react-dom\cjs\react-dom-client.development.js:13957
recursivelyTraversePassiveMountEffects @ C:\Users\USER\OneDrive\Desktop\PUP\node_modules\react-dom\cjs\react-dom-client.development.js:13815
commitPassiveMountOnFiber @ C:\Users\USER\OneDrive\Desktop\PUP\node_modules\react-dom\cjs\react-dom-client.development.js:13834
recursivelyTraversePassiveMountEffects @ C:\Users\USER\OneDrive\Desktop\PUP\node_modules\react-dom\cjs\react-dom-client.development.js:13815
commitPassiveMountOnFiber @ C:\Users\USER\OneDrive\Desktop\PUP\node_modules\react-dom\cjs\react-dom-client.development.js:13834
recursivelyTraversePassiveMountEffects @ C:\Users\USER\OneDrive\Desktop\PUP\node_modules\react-dom\cjs\react-dom-client.development.js:13815
commitPassiveMountOnFiber @ C:\Users\USER\OneDrive\Desktop\PUP\node_modules\react-dom\cjs\react-dom-client.development.js:13834
<ProfileScreen(./(tabs)/profile.tsx)>
exports.jsxDEV @ C:\Users\USER\OneDrive\Desktop\PUP\node_modules\react\cjs\react-jsx-dev-runtime.development.js:346
BaseRoute @ C:\Users\USER\OneDrive\Desktop\PUP\node_modules\expo-router\build\useScreens.js:213
react-stack-bottom-frame @ C:\Users\USER\OneDrive\Desktop\PUP\node_modules\react-dom\cjs\react-dom-client.development.js:23863
renderWithHooks @ C:\Users\USER\OneDrive\Desktop\PUP\node_modules\react-dom\cjs\react-dom-client.development.js:5529
updateFunctionComponent @ C:\Users\USER\OneDrive\Desktop\PUP\node_modules\react-dom\cjs\react-dom-client.development.js:8897
beginWork @ C:\Users\USER\OneDrive\Desktop\PUP\node_modules\react-dom\cjs\react-dom-client.development.js:10522
runWithFiberInDEV @ C:\Users\USER\OneDrive\Desktop\PUP\node_modules\react-dom\cjs\react-dom-client.development.js:1519
performUnitOfWork @ C:\Users\USER\OneDrive\Desktop\PUP\node_modules\react-dom\cjs\react-dom-client.development.js:15132
workLoopSync @ C:\Users\USER\OneDrive\Desktop\PUP\node_modules\react-dom\cjs\react-dom-client.development.js:14956
renderRootSync @ C:\Users\USER\OneDrive\Desktop\PUP\node_modules\react-dom\cjs\react-dom-client.development.js:14936
performWorkOnRoot @ C:\Users\USER\OneDrive\Desktop\PUP\node_modules\react-dom\cjs\react-dom-client.development.js:14419
performSyncWorkOnRoot @ C:\Users\USER\OneDrive\Desktop\PUP\node_modules\react-dom\cjs\react-dom-client.development.js:16231
flushSyncWorkAcrossRoots_impl @ C:\Users\USER\OneDrive\Desktop\PUP\node_modules\react-dom\cjs\react-dom-client.development.js:16079
processRootScheduleInMicrotask @ C:\Users\USER\OneDrive\Desktop\PUP\node_modules\react-dom\cjs\react-dom-client.development.js:16116
(anonymous) @ C:\Users\USER\OneDrive\Desktop\PUP\node_modules\react-dom\cjs\react-dom-client.development.js:16250
<Route(profile)>
exports.jsx @ C:\Users\USER\OneDrive\Desktop\PUP\node_modules\react\cjs\react-jsx-runtime.development.js:339
SceneView @ C:\Users\USER\OneDrive\Desktop\PUP\node_modules\@react-navigation\core\lib\module\SceneView.js:125
react-stack-bottom-frame @ C:\Users\USER\OneDrive\Desktop\PUP\node_modules\react-dom\cjs\react-dom-client.development.js:23863
renderWithHooks @ C:\Users\USER\OneDrive\Desktop\PUP\node_modules\react-dom\cjs\react-dom-client.development.js:5529
updateFunctionComponent @ C:\Users\USER\OneDrive\Desktop\PUP\node_modules\react-dom\cjs\react-dom-client.development.js:8897
beginWork @ C:\Users\USER\OneDrive\Desktop\PUP\node_modules\react-dom\cjs\react-dom-client.development.js:10522
runWithFiberInDEV @ C:\Users\USER\OneDrive\Desktop\PUP\node_modules\react-dom\cjs\react-dom-client.development.js:1519
performUnitOfWork @ C:\Users\USER\OneDrive\Desktop\PUP\node_modules\react-dom\cjs\react-dom-client.development.js:15132
workLoopSync @ C:\Users\USER\OneDrive\Desktop\PUP\node_modules\react-dom\cjs\react-dom-client.development.js:14956
renderRootSync @ C:\Users\USER\OneDrive\Desktop\PUP\node_modules\react-dom\cjs\react-dom-client.development.js:14936
performWorkOnRoot @ C:\Users\USER\OneDrive\Desktop\PUP\node_modules\react-dom\cjs\react-dom-client.development.js:14419
performSyncWorkOnRoot @ C:\Users\USER\OneDrive\Desktop\PUP\node_modules\react-dom\cjs\react-dom-client.development.js:16231
flushSyncWorkAcrossRoots_impl @ C:\Users\USER\OneDrive\Desktop\PUP\node_modules\react-dom\cjs\react-dom-client.development.js:16079
processRootScheduleInMicrotask @ C:\Users\USER\OneDrive\Desktop\PUP\node_modules\react-dom\cjs\react-dom-client.development.js:16116
(anonymous) @ C:\Users\USER\OneDrive\Desktop\PUP\node_modules\react-dom\cjs\react-dom-client.development.js:16250
<SceneView>
exports.jsx @ C:\Users\USER\OneDrive\Desktop\PUP\node_modules\react\cjs\react-jsx-runtime.development.js:339
render @ C:\Users\USER\OneDrive\Desktop\PUP\node_modules\@react-navigation\core\lib\module\useDescriptors.js:108
(anonymous) @ C:\Users\USER\OneDrive\Desktop\PUP\node_modules\@react-navigation\core\lib\module\useDescriptors.js:140
useDescriptors @ C:\Users\USER\OneDrive\Desktop\PUP\node_modules\@react-navigation\core\lib\module\useDescriptors.js:137
useNavigationBuilder @ C:\Users\USER\OneDrive\Desktop\PUP\node_modules\@react-navigation\core\lib\module\useNavigationBuilder.js:562
BottomTabNavigator @ C:\Users\USER\OneDrive\Desktop\PUP\node_modules\@react-navigation\bottom-tabs\lib\module\navigators\createBottomTabNavigator.js:24
react-stack-bottom-frame @ C:\Users\USER\OneDrive\Desktop\PUP\node_modules\react-dom\cjs\react-dom-client.development.js:23863
renderWithHooks @ C:\Users\USER\OneDrive\Desktop\PUP\node_modules\react-dom\cjs\react-dom-client.development.js:5529
updateFunctionComponent @ C:\Users\USER\OneDrive\Desktop\PUP\node_modules\react-dom\cjs\react-dom-client.development.js:8897
beginWork @ C:\Users\USER\OneDrive\Desktop\PUP\node_modules\react-dom\cjs\react-dom-client.development.js:10522
runWithFiberInDEV @ C:\Users\USER\OneDrive\Desktop\PUP\node_modules\react-dom\cjs\react-dom-client.development.js:1519
performUnitOfWork @ C:\Users\USER\OneDrive\Desktop\PUP\node_modules\react-dom\cjs\react-dom-client.development.js:15132
workLoopSync @ C:\Users\USER\OneDrive\Desktop\PUP\node_modules\react-dom\cjs\react-dom-client.development.js:14956
renderRootSync @ C:\Users\USER\OneDrive\Desktop\PUP\node_modules\react-dom\cjs\react-dom-client.development.js:14936
performWorkOnRoot @ C:\Users\USER\OneDrive\Desktop\PUP\node_modules\react-dom\cjs\react-dom-client.development.js:14419
performSyncWorkOnRoot @ C:\Users\USER\OneDrive\Desktop\PUP\node_modules\react-dom\cjs\react-dom-client.development.js:16231
flushSyncWorkAcrossRoots_impl @ C:\Users\USER\OneDrive\Desktop\PUP\node_modules\react-dom\cjs\react-dom-client.development.js:16079
processRootScheduleInMicrotask @ C:\Users\USER\OneDrive\Desktop\PUP\node_modules\react-dom\cjs\react-dom-client.development.js:16116
(anonymous) @ C:\Users\USER\OneDrive\Desktop\PUP\node_modules\react-dom\cjs\react-dom-client.development.js:16250
C:\Users\USER\OneDrive\Desktop\PUP\node_modules\@expo\metro-runtime\src\error-overlay\LogBox.web.ts:134 [REST] queryCollection error response: 404 [{
  "error": {
    "code": 404,
    "message": "The database (default) does not exist for project lasangpinoy-mobile Please visit https://console.cloud.google.com/datastore/setup?project=lasangpinoy-mobile to add a Cloud Datastore or Cloud Firestore database. ",
    "status": "NOT_FOUND"
  }
}
]
registerError @ C:\Users\USER\OneDrive\Desktop\PUP\node_modules\@expo\metro-runtime\src\error-overlay\LogBox.web.ts:134
console.error @ C:\Users\USER\OneDrive\Desktop\PUP\node_modules\@expo\metro-runtime\src\error-overlay\LogBox.web.ts:59
queryCollection @ C:\Users\USER\OneDrive\Desktop\PUP\lib\firestore-rest.ts:285
await in queryCollection
getBookmarks @ C:\Users\USER\OneDrive\Desktop\PUP\lib\firebase.ts:665
getBookmarksWithRecipes @ C:\Users\USER\OneDrive\Desktop\PUP\lib\firebase.ts:709
fetchFavorites @ C:\Users\USER\OneDrive\Desktop\PUP\app\(tabs)\profile.tsx:96
(anonymous) @ C:\Users\USER\OneDrive\Desktop\PUP\app\(tabs)\profile.tsx:76
callback @ C:\Users\USER\OneDrive\Desktop\PUP\node_modules\expo-router\build\useFocusEffect.js:98
(anonymous) @ C:\Users\USER\OneDrive\Desktop\PUP\node_modules\expo-router\build\useFocusEffect.js:133
react-stack-bottom-frame @ C:\Users\USER\OneDrive\Desktop\PUP\node_modules\react-dom\cjs\react-dom-client.development.js:23949
runWithFiberInDEV @ C:\Users\USER\OneDrive\Desktop\PUP\node_modules\react-dom\cjs\react-dom-client.development.js:1519
commitHookEffectListMount @ C:\Users\USER\OneDrive\Desktop\PUP\node_modules\react-dom\cjs\react-dom-client.development.js:11905
commitHookPassiveMountEffects @ C:\Users\USER\OneDrive\Desktop\PUP\node_modules\react-dom\cjs\react-dom-client.development.js:12026
commitPassiveMountOnFiber @ C:\Users\USER\OneDrive\Desktop\PUP\node_modules\react-dom\cjs\react-dom-client.development.js:13841
recursivelyTraversePassiveMountEffects @ C:\Users\USER\OneDrive\Desktop\PUP\node_modules\react-dom\cjs\react-dom-client.development.js:13815
commitPassiveMountOnFiber @ C:\Users\USER\OneDrive\Desktop\PUP\node_modules\react-dom\cjs\react-dom-client.development.js:13928
recursivelyTraversePassiveMountEffects @ C:\Users\USER\OneDrive\Desktop\PUP\node_modules\react-dom\cjs\react-dom-client.development.js:13815
commitPassiveMountOnFiber @ C:\Users\USER\OneDrive\Desktop\PUP\node_modules\react-dom\cjs\react-dom-client.development.js:13903
recursivelyTraversePassiveMountEffects @ C:\Users\USER\OneDrive\Desktop\PUP\node_modules\react-dom\cjs\react-dom-client.development.js:13815
commitPassiveMountOnFiber @ C:\Users\USER\OneDrive\Desktop\PUP\node_modules\react-dom\cjs\react-dom-client.development.js:13957
recursivelyTraversePassiveMountEffects @ C:\Users\USER\OneDrive\Desktop\PUP\node_modules\react-dom\cjs\react-dom-client.development.js:13815
commitPassiveMountOnFiber @ C:\Users\USER\OneDrive\Desktop\PUP\node_modules\react-dom\cjs\react-dom-client.development.js:13957
recursivelyTraversePassiveMountEffects @ C:\Users\USER\OneDrive\Desktop\PUP\node_modules\react-dom\cjs\react-dom-client.development.js:13815
commitPassiveMountOnFiber @ C:\Users\USER\OneDrive\Desktop\PUP\node_modules\react-dom\cjs\react-dom-client.development.js:13834
recursivelyTraversePassiveMountEffects @ C:\Users\USER\OneDrive\Desktop\PUP\node_modules\react-dom\cjs\react-dom-client.development.js:13815
commitPassiveMountOnFiber @ C:\Users\USER\OneDrive\Desktop\PUP\node_modules\react-dom\cjs\react-dom-client.development.js:13834
recursivelyTraversePassiveMountEffects @ C:\Users\USER\OneDrive\Desktop\PUP\node_modules\react-dom\cjs\react-dom-client.development.js:13815
commitPassiveMountOnFiber @ C:\Users\USER\OneDrive\Desktop\PUP\node_modules\react-dom\cjs\react-dom-client.development.js:13834
recursivelyTraversePassiveMountEffects @ C:\Users\USER\OneDrive\Desktop\PUP\node_modules\react-dom\cjs\react-dom-client.development.js:13815
commitPassiveMountOnFiber @ C:\Users\USER\OneDrive\Desktop\PUP\node_modules\react-dom\cjs\react-dom-client.development.js:13957
recursivelyTraversePassiveMountEffects @ C:\Users\USER\OneDrive\Desktop\PUP\node_modules\react-dom\cjs\react-dom-client.development.js:13815
commitPassiveMountOnFiber @ C:\Users\USER\OneDrive\Desktop\PUP\node_modules\react-dom\cjs\react-dom-client.development.js:13957
recursivelyTraversePassiveMountEffects @ C:\Users\USER\OneDrive\Desktop\PUP\node_modules\react-dom\cjs\react-dom-client.development.js:13815
commitPassiveMountOnFiber @ C:\Users\USER\OneDrive\Desktop\PUP\node_modules\react-dom\cjs\react-dom-client.development.js:13834
recursivelyTraversePassiveMountEffects @ C:\Users\USER\OneDrive\Desktop\PUP\node_modules\react-dom\cjs\react-dom-client.development.js:13815
commitPassiveMountOnFiber @ C:\Users\USER\OneDrive\Desktop\PUP\node_modules\react-dom\cjs\react-dom-client.development.js:13957
recursivelyTraversePassiveMountEffects @ C:\Users\USER\OneDrive\Desktop\PUP\node_modules\react-dom\cjs\react-dom-client.development.js:13815
commitPassiveMountOnFiber @ C:\Users\USER\OneDrive\Desktop\PUP\node_modules\react-dom\cjs\react-dom-client.development.js:13957
recursivelyTraversePassiveMountEffects @ C:\Users\USER\OneDrive\Desktop\PUP\node_modules\react-dom\cjs\react-dom-client.development.js:13815
commitPassiveMountOnFiber @ C:\Users\USER\OneDrive\Desktop\PUP\node_modules\react-dom\cjs\react-dom-client.development.js:13957
recursivelyTraversePassiveMountEffects @ C:\Users\USER\OneDrive\Desktop\PUP\node_modules\react-dom\cjs\react-dom-client.development.js:13815
commitPassiveMountOnFiber @ C:\Users\USER\OneDrive\Desktop\PUP\node_modules\react-dom\cjs\react-dom-client.development.js:13834
recursivelyTraversePassiveMountEffects @ C:\Users\USER\OneDrive\Desktop\PUP\node_modules\react-dom\cjs\react-dom-client.development.js:13815
commitPassiveMountOnFiber @ C:\Users\USER\OneDrive\Desktop\PUP\node_modules\react-dom\cjs\react-dom-client.development.js:13957
recursivelyTraversePassiveMountEffects @ C:\Users\USER\OneDrive\Desktop\PUP\node_modules\react-dom\cjs\react-dom-client.development.js:13815
commitPassiveMountOnFiber @ C:\Users\USER\OneDrive\Desktop\PUP\node_modules\react-dom\cjs\react-dom-client.development.js:13957
recursivelyTraversePassiveMountEffects @ C:\Users\USER\OneDrive\Desktop\PUP\node_modules\react-dom\cjs\react-dom-client.development.js:13815
commitPassiveMountOnFiber @ C:\Users\USER\OneDrive\Desktop\PUP\node_modules\react-dom\cjs\react-dom-client.development.js:13957
recursivelyTraversePassiveMountEffects @ C:\Users\USER\OneDrive\Desktop\PUP\node_modules\react-dom\cjs\react-dom-client.development.js:13815
commitPassiveMountOnFiber @ C:\Users\USER\OneDrive\Desktop\PUP\node_modules\react-dom\cjs\react-dom-client.development.js:13834
recursivelyTraversePassiveMountEffects @ C:\Users\USER\OneDrive\Desktop\PUP\node_modules\react-dom\cjs\react-dom-client.development.js:13815
commitPassiveMountOnFiber @ C:\Users\USER\OneDrive\Desktop\PUP\node_modules\react-dom\cjs\react-dom-client.development.js:13957
recursivelyTraversePassiveMountEffects @ C:\Users\USER\OneDrive\Desktop\PUP\node_modules\react-dom\cjs\react-dom-client.development.js:13815
commitPassiveMountOnFiber @ C:\Users\USER\OneDrive\Desktop\PUP\node_modules\react-dom\cjs\react-dom-client.development.js:13957
recursivelyTraversePassiveMountEffects @ C:\Users\USER\OneDrive\Desktop\PUP\node_modules\react-dom\cjs\react-dom-client.development.js:13815
commitPassiveMountOnFiber @ C:\Users\USER\OneDrive\Desktop\PUP\node_modules\react-dom\cjs\react-dom-client.development.js:13957
recursivelyTraversePassiveMountEffects @ C:\Users\USER\OneDrive\Desktop\PUP\node_modules\react-dom\cjs\react-dom-client.development.js:13815
commitPassiveMountOnFiber @ C:\Users\USER\OneDrive\Desktop\PUP\node_modules\react-dom\cjs\react-dom-client.development.js:13957
recursivelyTraversePassiveMountEffects @ C:\Users\USER\OneDrive\Desktop\PUP\node_modules\react-dom\cjs\react-dom-client.development.js:13815
commitPassiveMountOnFiber @ C:\Users\USER\OneDrive\Desktop\PUP\node_modules\react-dom\cjs\react-dom-client.development.js:13834
recursivelyTraversePassiveMountEffects @ C:\Users\USER\OneDrive\Desktop\PUP\node_modules\react-dom\cjs\react-dom-client.development.js:13815
commitPassiveMountOnFiber @ C:\Users\USER\OneDrive\Desktop\PUP\node_modules\react-dom\cjs\react-dom-client.development.js:13957
recursivelyTraversePassiveMountEffects @ C:\Users\USER\OneDrive\Desktop\PUP\node_modules\react-dom\cjs\react-dom-client.development.js:13815
commitPassiveMountOnFiber @ C:\Users\USER\OneDrive\Desktop\PUP\node_modules\react-dom\cjs\react-dom-client.development.js:13834
recursivelyTraversePassiveMountEffects @ C:\Users\USER\OneDrive\Desktop\PUP\node_modules\react-dom\cjs\react-dom-client.development.js:13815
commitPassiveMountOnFiber @ C:\Users\USER\OneDrive\Desktop\PUP\node_modules\react-dom\cjs\react-dom-client.development.js:13834
recursivelyTraversePassiveMountEffects @ C:\Users\USER\OneDrive\Desktop\PUP\node_modules\react-dom\cjs\react-dom-client.development.js:13815
commitPassiveMountOnFiber @ C:\Users\USER\OneDrive\Desktop\PUP\node_modules\react-dom\cjs\react-dom-client.development.js:13834
recursivelyTraversePassiveMountEffects @ C:\Users\USER\OneDrive\Desktop\PUP\node_modules\react-dom\cjs\react-dom-client.development.js:13815
commitPassiveMountOnFiber @ C:\Users\USER\OneDrive\Desktop\PUP\node_modules\react-dom\cjs\react-dom-client.development.js:13834
recursivelyTraversePassiveMountEffects @ C:\Users\USER\OneDrive\Desktop\PUP\node_modules\react-dom\cjs\react-dom-client.development.js:13815
commitPassiveMountOnFiber @ C:\Users\USER\OneDrive\Desktop\PUP\node_modules\react-dom\cjs\react-dom-client.development.js:13957
recursivelyTraversePassiveMountEffects @ C:\Users\USER\OneDrive\Desktop\PUP\node_modules\react-dom\cjs\react-dom-client.development.js:13815
commitPassiveMountOnFiber @ C:\Users\USER\OneDrive\Desktop\PUP\node_modules\react-dom\cjs\react-dom-client.development.js:13957
recursivelyTraversePassiveMountEffects @ C:\Users\USER\OneDrive\Desktop\PUP\node_modules\react-dom\cjs\react-dom-client.development.js:13815
commitPassiveMountOnFiber @ C:\Users\USER\OneDrive\Desktop\PUP\node_modules\react-dom\cjs\react-dom-client.development.js:13834
recursivelyTraversePassiveMountEffects @ C:\Users\USER\OneDrive\Desktop\PUP\node_modules\react-dom\cjs\react-dom-client.development.js:13815
commitPassiveMountOnFiber @ C:\Users\USER\OneDrive\Desktop\PUP\node_modules\react-dom\cjs\react-dom-client.development.js:13834
recursivelyTraversePassiveMountEffects @ C:\Users\USER\OneDrive\Desktop\PUP\node_modules\react-dom\cjs\react-dom-client.development.js:13815
commitPassiveMountOnFiber @ C:\Users\USER\OneDrive\Desktop\PUP\node_modules\react-dom\cjs\react-dom-client.development.js:13957
recursivelyTraversePassiveMountEffects @ C:\Users\USER\OneDrive\Desktop\PUP\node_modules\react-dom\cjs\react-dom-client.development.js:13815
commitPassiveMountOnFiber @ C:\Users\USER\OneDrive\Desktop\PUP\node_modules\react-dom\cjs\react-dom-client.development.js:13834
recursivelyTraversePassiveMountEffects @ C:\Users\USER\OneDrive\Desktop\PUP\node_modules\react-dom\cjs\react-dom-client.development.js:13815
commitPassiveMountOnFiber @ C:\Users\USER\OneDrive\Desktop\PUP\node_modules\react-dom\cjs\react-dom-client.development.js:13834
recursivelyTraversePassiveMountEffects @ C:\Users\USER\OneDrive\Desktop\PUP\node_modules\react-dom\cjs\react-dom-client.development.js:13815
commitPassiveMountOnFiber @ C:\Users\USER\OneDrive\Desktop\PUP\node_modules\react-dom\cjs\react-dom-client.development.js:13957
recursivelyTraversePassiveMountEffects @ C:\Users\USER\OneDrive\Desktop\PUP\node_modules\react-dom\cjs\react-dom-client.development.js:13815
commitPassiveMountOnFiber @ C:\Users\USER\OneDrive\Desktop\PUP\node_modules\react-dom\cjs\react-dom-client.development.js:13834
recursivelyTraversePassiveMountEffects @ C:\Users\USER\OneDrive\Desktop\PUP\node_modules\react-dom\cjs\react-dom-client.development.js:13815
commitPassiveMountOnFiber @ C:\Users\USER\OneDrive\Desktop\PUP\node_modules\react-dom\cjs\react-dom-client.development.js:13957
recursivelyTraversePassiveMountEffects @ C:\Users\USER\OneDrive\Desktop\PUP\node_modules\react-dom\cjs\react-dom-client.development.js:13815
commitPassiveMountOnFiber @ C:\Users\USER\OneDrive\Desktop\PUP\node_modules\react-dom\cjs\react-dom-client.development.js:13834
recursivelyTraversePassiveMountEffects @ C:\Users\USER\OneDrive\Desktop\PUP\node_modules\react-dom\cjs\react-dom-client.development.js:13815
commitPassiveMountOnFiber @ C:\Users\USER\OneDrive\Desktop\PUP\node_modules\react-dom\cjs\react-dom-client.development.js:13834
recursivelyTraversePassiveMountEffects @ C:\Users\USER\OneDrive\Desktop\PUP\node_modules\react-dom\cjs\react-dom-client.development.js:13815
commitPassiveMountOnFiber @ C:\Users\USER\OneDrive\Desktop\PUP\node_modules\react-dom\cjs\react-dom-client.development.js:13834
recursivelyTraversePassiveMountEffects @ C:\Users\USER\OneDrive\Desktop\PUP\node_modules\react-dom\cjs\react-dom-client.development.js:13815
commitPassiveMountOnFiber @ C:\Users\USER\OneDrive\Desktop\PUP\node_modules\react-dom\cjs\react-dom-client.development.js:13957
recursivelyTraversePassiveMountEffects @ C:\Users\USER\OneDrive\Desktop\PUP\node_modules\react-dom\cjs\react-dom-client.development.js:13815
commitPassiveMountOnFiber @ C:\Users\USER\OneDrive\Desktop\PUP\node_modules\react-dom\cjs\react-dom-client.development.js:13834
recursivelyTraversePassiveMountEffects @ C:\Users\USER\OneDrive\Desktop\PUP\node_modules\react-dom\cjs\react-dom-client.development.js:13815
commitPassiveMountOnFiber @ C:\Users\USER\OneDrive\Desktop\PUP\node_modules\react-dom\cjs\react-dom-client.development.js:13957
recursivelyTraversePassiveMountEffects @ C:\Users\USER\OneDrive\Desktop\PUP\node_modules\react-dom\cjs\react-dom-client.development.js:13815
commitPassiveMountOnFiber @ C:\Users\USER\OneDrive\Desktop\PUP\node_modules\react-dom\cjs\react-dom-client.development.js:13957
recursivelyTraversePassiveMountEffects @ C:\Users\USER\OneDrive\Desktop\PUP\node_modules\react-dom\cjs\react-dom-client.development.js:13815
commitPassiveMountOnFiber @ C:\Users\USER\OneDrive\Desktop\PUP\node_modules\react-dom\cjs\react-dom-client.development.js:13834
recursivelyTraversePassiveMountEffects @ C:\Users\USER\OneDrive\Desktop\PUP\node_modules\react-dom\cjs\react-dom-client.development.js:13815
commitPassiveMountOnFiber @ C:\Users\USER\OneDrive\Desktop\PUP\node_modules\react-dom\cjs\react-dom-client.development.js:13957
recursivelyTraversePassiveMountEffects @ C:\Users\USER\OneDrive\Desktop\PUP\node_modules\react-dom\cjs\react-dom-client.development.js:13815
commitPassiveMountOnFiber @ C:\Users\USER\OneDrive\Desktop\PUP\node_modules\react-dom\cjs\react-dom-client.development.js:13957
recursivelyTraversePassiveMountEffects @ C:\Users\USER\OneDrive\Desktop\PUP\node_modules\react-dom\cjs\react-dom-client.development.js:13815
commitPassiveMountOnFiber @ C:\Users\USER\OneDrive\Desktop\PUP\node_modules\react-dom\cjs\react-dom-client.development.js:13834
recursivelyTraversePassiveMountEffects @ C:\Users\USER\OneDrive\Desktop\PUP\node_modules\react-dom\cjs\react-dom-client.development.js:13815
commitPassiveMountOnFiber @ C:\Users\USER\OneDrive\Desktop\PUP\node_modules\react-dom\cjs\react-dom-client.development.js:13834
recursivelyTraversePassiveMountEffects @ C:\Users\USER\OneDrive\Desktop\PUP\node_modules\react-dom\cjs\react-dom-client.development.js:13815
commitPassiveMountOnFiber @ C:\Users\USER\OneDrive\Desktop\PUP\node_modules\react-dom\cjs\react-dom-client.development.js:13834
recursivelyTraversePassiveMountEffects @ C:\Users\USER\OneDrive\Desktop\PUP\node_modules\react-dom\cjs\react-dom-client.development.js:13815
commitPassiveMountOnFiber @ C:\Users\USER\OneDrive\Desktop\PUP\node_modules\react-dom\cjs\react-dom-client.development.js:13834
recursivelyTraversePassiveMountEffects @ C:\Users\USER\OneDrive\Desktop\PUP\node_modules\react-dom\cjs\react-dom-client.development.js:13815
commitPassiveMountOnFiber @ C:\Users\USER\OneDrive\Desktop\PUP\node_modules\react-dom\cjs\react-dom-client.development.js:13834
recursivelyTraversePassiveMountEffects @ C:\Users\USER\OneDrive\Desktop\PUP\node_modules\react-dom\cjs\react-dom-client.development.js:13815
commitPassiveMountOnFiber @ C:\Users\USER\OneDrive\Desktop\PUP\node_modules\react-dom\cjs\react-dom-client.development.js:13834
recursivelyTraversePassiveMountEffects @ C:\Users\USER\OneDrive\Desktop\PUP\node_modules\react-dom\cjs\react-dom-client.development.js:13815
commitPassiveMountOnFiber @ C:\Users\USER\OneDrive\Desktop\PUP\node_modules\react-dom\cjs\react-dom-client.development.js:13928
recursivelyTraversePassiveMountEffects @ C:\Users\USER\OneDrive\Desktop\PUP\node_modules\react-dom\cjs\react-dom-client.development.js:13815
commitPassiveMountOnFiber @ C:\Users\USER\OneDrive\Desktop\PUP\node_modules\react-dom\cjs\react-dom-client.development.js:13903
recursivelyTraversePassiveMountEffects @ C:\Users\USER\OneDrive\Desktop\PUP\node_modules\react-dom\cjs\react-dom-client.development.js:13815
commitPassiveMountOnFiber @ C:\Users\USER\OneDrive\Desktop\PUP\node_modules\react-dom\cjs\react-dom-client.development.js:13957
recursivelyTraversePassiveMountEffects @ C:\Users\USER\OneDrive\Desktop\PUP\node_modules\react-dom\cjs\react-dom-client.development.js:13815
commitPassiveMountOnFiber @ C:\Users\USER\OneDrive\Desktop\PUP\node_modules\react-dom\cjs\react-dom-client.development.js:13957
recursivelyTraversePassiveMountEffects @ C:\Users\USER\OneDrive\Desktop\PUP\node_modules\react-dom\cjs\react-dom-client.development.js:13815
commitPassiveMountOnFiber @ C:\Users\USER\OneDrive\Desktop\PUP\node_modules\react-dom\cjs\react-dom-client.development.js:13834
recursivelyTraversePassiveMountEffects @ C:\Users\USER\OneDrive\Desktop\PUP\node_modules\react-dom\cjs\react-dom-client.development.js:13815
commitPassiveMountOnFiber @ C:\Users\USER\OneDrive\Desktop\PUP\node_modules\react-dom\cjs\react-dom-client.development.js:13834
recursivelyTraversePassiveMountEffects @ C:\Users\USER\OneDrive\Desktop\PUP\node_modules\react-dom\cjs\react-dom-client.development.js:13815
commitPassiveMountOnFiber @ C:\Users\USER\OneDrive\Desktop\PUP\node_modules\react-dom\cjs\react-dom-client.development.js:13834
recursivelyTraversePassiveMountEffects @ C:\Users\USER\OneDrive\Desktop\PUP\node_modules\react-dom\cjs\react-dom-client.development.js:13815
commitPassiveMountOnFiber @ C:\Users\USER\OneDrive\Desktop\PUP\node_modules\react-dom\cjs\react-dom-client.development.js:13957
recursivelyTraversePassiveMountEffects @ C:\Users\USER\OneDrive\Desktop\PUP\node_modules\react-dom\cjs\react-dom-client.development.js:13815
commitPassiveMountOnFiber @ C:\Users\USER\OneDrive\Desktop\PUP\node_modules\react-dom\cjs\react-dom-client.development.js:13957
recursivelyTraversePassiveMountEffects @ C:\Users\USER\OneDrive\Desktop\PUP\node_modules\react-dom\cjs\react-dom-client.development.js:13815
commitPassiveMountOnFiber @ C:\Users\USER\OneDrive\Desktop\PUP\node_modules\react-dom\cjs\react-dom-client.development.js:13834
recursivelyTraversePassiveMountEffects @ C:\Users\USER\OneDrive\Desktop\PUP\node_modules\react-dom\cjs\react-dom-client.development.js:13815
commitPassiveMountOnFiber @ C:\Users\USER\OneDrive\Desktop\PUP\node_modules\react-dom\cjs\react-dom-client.development.js:13957
recursivelyTraversePassiveMountEffects @ C:\Users\USER\OneDrive\Desktop\PUP\node_modules\react-dom\cjs\react-dom-client.development.js:13815
commitPassiveMountOnFiber @ C:\Users\USER\OneDrive\Desktop\PUP\node_modules\react-dom\cjs\react-dom-client.development.js:13957
recursivelyTraversePassiveMountEffects @ C:\Users\USER\OneDrive\Desktop\PUP\node_modules\react-dom\cjs\react-dom-client.development.js:13815
commitPassiveMountOnFiber @ C:\Users\USER\OneDrive\Desktop\PUP\node_modules\react-dom\cjs\react-dom-client.development.js:13957
recursivelyTraversePassiveMountEffects @ C:\Users\USER\OneDrive\Desktop\PUP\node_modules\react-dom\cjs\react-dom-client.development.js:13815
commitPassiveMountOnFiber @ C:\Users\USER\OneDrive\Desktop\PUP\node_modules\react-dom\cjs\react-dom-client.development.js:13834
recursivelyTraversePassiveMountEffects @ C:\Users\USER\OneDrive\Desktop\PUP\node_modules\react-dom\cjs\react-dom-client.development.js:13815
commitPassiveMountOnFiber @ C:\Users\USER\OneDrive\Desktop\PUP\node_modules\react-dom\cjs\react-dom-client.development.js:13957
recursivelyTraversePassiveMountEffects @ C:\Users\USER\OneDrive\Desktop\PUP\node_modules\react-dom\cjs\react-dom-client.development.js:13815
commitPassiveMountOnFiber @ C:\Users\USER\OneDrive\Desktop\PUP\node_modules\react-dom\cjs\react-dom-client.development.js:13957
recursivelyTraversePassiveMountEffects @ C:\Users\USER\OneDrive\Desktop\PUP\node_modules\react-dom\cjs\react-dom-client.development.js:13815
commitPassiveMountOnFiber @ C:\Users\USER\OneDrive\Desktop\PUP\node_modules\react-dom\cjs\react-dom-client.development.js:13957
recursivelyTraversePassiveMountEffects @ C:\Users\USER\OneDrive\Desktop\PUP\node_modules\react-dom\cjs\react-dom-client.development.js:13815
commitPassiveMountOnFiber @ C:\Users\USER\OneDrive\Desktop\PUP\node_modules\react-dom\cjs\react-dom-client.development.js:13834
recursivelyTraversePassiveMountEffects @ C:\Users\USER\OneDrive\Desktop\PUP\node_modules\react-dom\cjs\react-dom-client.development.js:13815
commitPassiveMountOnFiber @ C:\Users\USER\OneDrive\Desktop\PUP\node_modules\react-dom\cjs\react-dom-client.development.js:13957
recursivelyTraversePassiveMountEffects @ C:\Users\USER\OneDrive\Desktop\PUP\node_modules\react-dom\cjs\react-dom-client.development.js:13815
commitPassiveMountOnFiber @ C:\Users\USER\OneDrive\Desktop\PUP\node_modules\react-dom\cjs\react-dom-client.development.js:13957
recursivelyTraversePassiveMountEffects @ C:\Users\USER\OneDrive\Desktop\PUP\node_modules\react-dom\cjs\react-dom-client.development.js:13815
commitPassiveMountOnFiber @ C:\Users\USER\OneDrive\Desktop\PUP\node_modules\react-dom\cjs\react-dom-client.development.js:13834
recursivelyTraversePassiveMountEffects @ C:\Users\USER\OneDrive\Desktop\PUP\node_modules\react-dom\cjs\react-dom-client.development.js:13815
commitPassiveMountOnFiber @ C:\Users\USER\OneDrive\Desktop\PUP\node_modules\react-dom\cjs\react-dom-client.development.js:13957
recursivelyTraversePassiveMountEffects @ C:\Users\USER\OneDrive\Desktop\PUP\node_modules\react-dom\cjs\react-dom-client.development.js:13815
commitPassiveMountOnFiber @ C:\Users\USER\OneDrive\Desktop\PUP\node_modules\react-dom\cjs\react-dom-client.development.js:13957
recursivelyTraversePassiveMountEffects @ C:\Users\USER\OneDrive\Desktop\PUP\node_modules\react-dom\cjs\react-dom-client.development.js:13815
commitPassiveMountOnFiber @ C:\Users\USER\OneDrive\Desktop\PUP\node_modules\react-dom\cjs\react-dom-client.development.js:13834
recursivelyTraversePassiveMountEffects @ C:\Users\USER\OneDrive\Desktop\PUP\node_modules\react-dom\cjs\react-dom-client.development.js:13815
commitPassiveMountOnFiber @ C:\Users\USER\OneDrive\Desktop\PUP\node_modules\react-dom\cjs\react-dom-client.development.js:13957
recursivelyTraversePassiveMountEffects @ C:\Users\USER\OneDrive\Desktop\PUP\node_modules\react-dom\cjs\react-dom-client.development.js:13815
commitPassiveMountOnFiber @ C:\Users\USER\OneDrive\Desktop\PUP\node_modules\react-dom\cjs\react-dom-client.development.js:13957
recursivelyTraversePassiveMountEffects @ C:\Users\USER\OneDrive\Desktop\PUP\node_modules\react-dom\cjs\react-dom-client.development.js:13815
commitPassiveMountOnFiber @ C:\Users\USER\OneDrive\Desktop\PUP\node_modules\react-dom\cjs\react-dom-client.development.js:13834
recursivelyTraversePassiveMountEffects @ C:\Users\USER\OneDrive\Desktop\PUP\node_modules\react-dom\cjs\react-dom-client.development.js:13815
commitPassiveMountOnFiber @ C:\Users\USER\OneDrive\Desktop\PUP\node_modules\react-dom\cjs\react-dom-client.development.js:13834
recursivelyTraversePassiveMountEffects @ C:\Users\USER\OneDrive\Desktop\PUP\node_modules\react-dom\cjs\react-dom-client.development.js:13815
commitPassiveMountOnFiber @ C:\Users\USER\OneDrive\Desktop\PUP\node_modules\react-dom\cjs\react-dom-client.development.js:13834
recursivelyTraversePassiveMountEffects @ C:\Users\USER\OneDrive\Desktop\PUP\node_modules\react-dom\cjs\react-dom-client.development.js:13815
commitPassiveMountOnFiber @ C:\Users\USER\OneDrive\Desktop\PUP\node_modules\react-dom\cjs\react-dom-client.development.js:13834
recursivelyTraversePassiveMountEffects @ C:\Users\USER\OneDrive\Desktop\PUP\node_modules\react-dom\cjs\react-dom-client.development.js:13815
commitPassiveMountOnFiber @ C:\Users\USER\OneDrive\Desktop\PUP\node_modules\react-dom\cjs\react-dom-client.development.js:13957
recursivelyTraversePassiveMountEffects @ C:\Users\USER\OneDrive\Desktop\PUP\node_modules\react-dom\cjs\react-dom-client.development.js:13815
commitPassiveMountOnFiber @ C:\Users\USER\OneDrive\Desktop\PUP\node_modules\react-dom\cjs\react-dom-client.development.js:13834
recursivelyTraversePassiveMountEffects @ C:\Users\USER\OneDrive\Desktop\PUP\node_modules\react-dom\cjs\react-dom-client.development.js:13815
commitPassiveMountOnFiber @ C:\Users\USER\OneDrive\Desktop\PUP\node_modules\react-dom\cjs\react-dom-client.development.js:13834
recursivelyTraversePassiveMountEffects @ C:\Users\USER\OneDrive\Desktop\PUP\node_modules\react-dom\cjs\react-dom-client.development.js:13815
commitPassiveMountOnFiber @ C:\Users\USER\OneDrive\Desktop\PUP\node_modules\react-dom\cjs\react-dom-client.development.js:13928
recursivelyTraversePassiveMountEffects @ C:\Users\USER\OneDrive\Desktop\PUP\node_modules\react-dom\cjs\react-dom-client.development.js:13815
commitPassiveMountOnFiber @ C:\Users\USER\OneDrive\Desktop\PUP\node_modules\react-dom\cjs\react-dom-client.development.js:13903
recursivelyTraversePassiveMountEffects @ C:\Users\USER\OneDrive\Desktop\PUP\node_modules\react-dom\cjs\react-dom-client.development.js:13815
commitPassiveMountOnFiber @ C:\Users\USER\OneDrive\Desktop\PUP\node_modules\react-dom\cjs\react-dom-client.development.js:13957
recursivelyTraversePassiveMountEffects @ C:\Users\USER\OneDrive\Desktop\PUP\node_modules\react-dom\cjs\react-dom-client.development.js:13815
commitPassiveMountOnFiber @ C:\Users\USER\OneDrive\Desktop\PUP\node_modules\react-dom\cjs\react-dom-client.development.js:13957
recursivelyTraversePassiveMountEffects @ C:\Users\USER\OneDrive\Desktop\PUP\node_modules\react-dom\cjs\react-dom-client.development.js:13815
commitPassiveMountOnFiber @ C:\Users\USER\OneDrive\Desktop\PUP\node_modules\react-dom\cjs\react-dom-client.development.js:13834
recursivelyTraversePassiveMountEffects @ C:\Users\USER\OneDrive\Desktop\PUP\node_modules\react-dom\cjs\react-dom-client.development.js:13815
commitPassiveMountOnFiber @ C:\Users\USER\OneDrive\Desktop\PUP\node_modules\react-dom\cjs\react-dom-client.development.js:13834
recursivelyTraversePassiveMountEffects @ C:\Users\USER\OneDrive\Desktop\PUP\node_modules\react-dom\cjs\react-dom-client.development.js:13815
commitPassiveMountOnFiber @ C:\Users\USER\OneDrive\Desktop\PUP\node_modules\react-dom\cjs\react-dom-client.development.js:13834
<ProfileScreen(./(tabs)/profile.tsx)>
exports.jsxDEV @ C:\Users\USER\OneDrive\Desktop\PUP\node_modules\react\cjs\react-jsx-dev-runtime.development.js:346
BaseRoute @ C:\Users\USER\OneDrive\Desktop\PUP\node_modules\expo-router\build\useScreens.js:213
react-stack-bottom-frame @ C:\Users\USER\OneDrive\Desktop\PUP\node_modules\react-dom\cjs\react-dom-client.development.js:23863
renderWithHooks @ C:\Users\USER\OneDrive\Desktop\PUP\node_modules\react-dom\cjs\react-dom-client.development.js:5529
updateFunctionComponent @ C:\Users\USER\OneDrive\Desktop\PUP\node_modules\react-dom\cjs\react-dom-client.development.js:8897
beginWork @ C:\Users\USER\OneDrive\Desktop\PUP\node_modules\react-dom\cjs\react-dom-client.development.js:10522
runWithFiberInDEV @ C:\Users\USER\OneDrive\Desktop\PUP\node_modules\react-dom\cjs\react-dom-client.development.js:1519
performUnitOfWork @ C:\Users\USER\OneDrive\Desktop\PUP\node_modules\react-dom\cjs\react-dom-client.development.js:15132
workLoopSync @ C:\Users\USER\OneDrive\Desktop\PUP\node_modules\react-dom\cjs\react-dom-client.development.js:14956
renderRootSync @ C:\Users\USER\OneDrive\Desktop\PUP\node_modules\react-dom\cjs\react-dom-client.development.js:14936
performWorkOnRoot @ C:\Users\USER\OneDrive\Desktop\PUP\node_modules\react-dom\cjs\react-dom-client.development.js:14419
performSyncWorkOnRoot @ C:\Users\USER\OneDrive\Desktop\PUP\node_modules\react-dom\cjs\react-dom-client.development.js:16231
flushSyncWorkAcrossRoots_impl @ C:\Users\USER\OneDrive\Desktop\PUP\node_modules\react-dom\cjs\react-dom-client.development.js:16079
processRootScheduleInMicrotask @ C:\Users\USER\OneDrive\Desktop\PUP\node_modules\react-dom\cjs\react-dom-client.development.js:16116
(anonymous) @ C:\Users\USER\OneDrive\Desktop\PUP\node_modules\react-dom\cjs\react-dom-client.development.js:16250
<Route(profile)>
exports.jsx @ C:\Users\USER\OneDrive\Desktop\PUP\node_modules\react\cjs\react-jsx-runtime.development.js:339
SceneView @ C:\Users\USER\OneDrive\Desktop\PUP\node_modules\@react-navigation\core\lib\module\SceneView.js:125
react-stack-bottom-frame @ C:\Users\USER\OneDrive\Desktop\PUP\node_modules\react-dom\cjs\react-dom-client.development.js:23863
renderWithHooks @ C:\Users\USER\OneDrive\Desktop\PUP\node_modules\react-dom\cjs\react-dom-client.development.js:5529
updateFunctionComponent @ C:\Users\USER\OneDrive\Desktop\PUP\node_modules\react-dom\cjs\react-dom-client.development.js:8897
beginWork @ C:\Users\USER\OneDrive\Desktop\PUP\node_modules\react-dom\cjs\react-dom-client.development.js:10522
runWithFiberInDEV @ C:\Users\USER\OneDrive\Desktop\PUP\node_modules\react-dom\cjs\react-dom-client.development.js:1519
performUnitOfWork @ C:\Users\USER\OneDrive\Desktop\PUP\node_modules\react-dom\cjs\react-dom-client.development.js:15132
workLoopSync @ C:\Users\USER\OneDrive\Desktop\PUP\node_modules\react-dom\cjs\react-dom-client.development.js:14956
renderRootSync @ C:\Users\USER\OneDrive\Desktop\PUP\node_modules\react-dom\cjs\react-dom-client.development.js:14936
performWorkOnRoot @ C:\Users\USER\OneDrive\Desktop\PUP\node_modules\react-dom\cjs\react-dom-client.development.js:14419
performSyncWorkOnRoot @ C:\Users\USER\OneDrive\Desktop\PUP\node_modules\react-dom\cjs\react-dom-client.development.js:16231
flushSyncWorkAcrossRoots_impl @ C:\Users\USER\OneDrive\Desktop\PUP\node_modules\react-dom\cjs\react-dom-client.development.js:16079
processRootScheduleInMicrotask @ C:\Users\USER\OneDrive\Desktop\PUP\node_modules\react-dom\cjs\react-dom-client.development.js:16116
(anonymous) @ C:\Users\USER\OneDrive\Desktop\PUP\node_modules\react-dom\cjs\react-dom-client.development.js:16250
<SceneView>
exports.jsx @ C:\Users\USER\OneDrive\Desktop\PUP\node_modules\react\cjs\react-jsx-runtime.development.js:339
render @ C:\Users\USER\OneDrive\Desktop\PUP\node_modules\@react-navigation\core\lib\module\useDescriptors.js:108
(anonymous) @ C:\Users\USER\OneDrive\Desktop\PUP\node_modules\@react-navigation\core\lib\module\useDescriptors.js:140
useDescriptors @ C:\Users\USER\OneDrive\Desktop\PUP\node_modules\@react-navigation\core\lib\module\useDescriptors.js:137
useNavigationBuilder @ C:\Users\USER\OneDrive\Desktop\PUP\node_modules\@react-navigation\core\lib\module\useNavigationBuilder.js:562
BottomTabNavigator @ C:\Users\USER\OneDrive\Desktop\PUP\node_modules\@react-navigation\bottom-tabs\lib\module\navigators\createBottomTabNavigator.js:24
react-stack-bottom-frame @ C:\Users\USER\OneDrive\Desktop\PUP\node_modules\react-dom\cjs\react-dom-client.development.js:23863
renderWithHooks @ C:\Users\USER\OneDrive\Desktop\PUP\node_modules\react-dom\cjs\react-dom-client.development.js:5529
updateFunctionComponent @ C:\Users\USER\OneDrive\Desktop\PUP\node_modules\react-dom\cjs\react-dom-client.development.js:8897
beginWork @ C:\Users\USER\OneDrive\Desktop\PUP\node_modules\react-dom\cjs\react-dom-client.development.js:10522
runWithFiberInDEV @ C:\Users\USER\OneDrive\Desktop\PUP\node_modules\react-dom\cjs\react-dom-client.development.js:1519
performUnitOfWork @ C:\Users\USER\OneDrive\Desktop\PUP\node_modules\react-dom\cjs\react-dom-client.development.js:15132
workLoopSync @ C:\Users\USER\OneDrive\Desktop\PUP\node_modules\react-dom\cjs\react-dom-client.development.js:14956
renderRootSync @ C:\Users\USER\OneDrive\Desktop\PUP\node_modules\react-dom\cjs\react-dom-client.development.js:14936
performWorkOnRoot @ C:\Users\USER\OneDrive\Desktop\PUP\node_modules\react-dom\cjs\react-dom-client.development.js:14419
performSyncWorkOnRoot @ C:\Users\USER\OneDrive\Desktop\PUP\node_modules\react-dom\cjs\react-dom-client.development.js:16231
flushSyncWorkAcrossRoots_impl @ C:\Users\USER\OneDrive\Desktop\PUP\node_modules\react-dom\cjs\react-dom-client.development.js:16079
processRootScheduleInMicrotask @ C:\Users\USER\OneDrive\Desktop\PUP\node_modules\react-dom\cjs\react-dom-client.development.js:16116
(anonymous) @ C:\Users\USER\OneDrive\Desktop\PUP\node_modules\react-dom\cjs\react-dom-client.development.js:16250
C:\Users\USER\OneDrive\Desktop\PUP\node_modules\@expo\metro-runtime\src\error-overlay\LogBox.web.ts:134 [REST] queryCollection failed: Failed to query collection
registerError @ C:\Users\USER\OneDrive\Desktop\PUP\node_modules\@expo\metro-runtime\src\error-overlay\LogBox.web.ts:134
console.error @ C:\Users\USER\OneDrive\Desktop\PUP\node_modules\@expo\metro-runtime\src\error-overlay\LogBox.web.ts:59
queryCollection @ C:\Users\USER\OneDrive\Desktop\PUP\lib\firestore-rest.ts:303
await in queryCollection
getBookmarks @ C:\Users\USER\OneDrive\Desktop\PUP\lib\firebase.ts:665
getBookmarksWithRecipes @ C:\Users\USER\OneDrive\Desktop\PUP\lib\firebase.ts:709
fetchFavorites @ C:\Users\USER\OneDrive\Desktop\PUP\app\(tabs)\profile.tsx:96
(anonymous) @ C:\Users\USER\OneDrive\Desktop\PUP\app\(tabs)\profile.tsx:76
callback @ C:\Users\USER\OneDrive\Desktop\PUP\node_modules\expo-router\build\useFocusEffect.js:98
(anonymous) @ C:\Users\USER\OneDrive\Desktop\PUP\node_modules\expo-router\build\useFocusEffect.js:133
react-stack-bottom-frame @ C:\Users\USER\OneDrive\Desktop\PUP\node_modules\react-dom\cjs\react-dom-client.development.js:23949
runWithFiberInDEV @ C:\Users\USER\OneDrive\Desktop\PUP\node_modules\react-dom\cjs\react-dom-client.development.js:1519
commitHookEffectListMount @ C:\Users\USER\OneDrive\Desktop\PUP\node_modules\react-dom\cjs\react-dom-client.development.js:11905
commitHookPassiveMountEffects @ C:\Users\USER\OneDrive\Desktop\PUP\node_modules\react-dom\cjs\react-dom-client.development.js:12026
commitPassiveMountOnFiber @ C:\Users\USER\OneDrive\Desktop\PUP\node_modules\react-dom\cjs\react-dom-client.development.js:13841
recursivelyTraversePassiveMountEffects @ C:\Users\USER\OneDrive\Desktop\PUP\node_modules\react-dom\cjs\react-dom-client.development.js:13815
commitPassiveMountOnFiber @ C:\Users\USER\OneDrive\Desktop\PUP\node_modules\react-dom\cjs\react-dom-client.development.js:13928
recursivelyTraversePassiveMountEffects @ C:\Users\USER\OneDrive\Desktop\PUP\node_modules\react-dom\cjs\react-dom-client.development.js:13815
commitPassiveMountOnFiber @ C:\Users\USER\OneDrive\Desktop\PUP\node_modules\react-dom\cjs\react-dom-client.development.js:13903
recursivelyTraversePassiveMountEffects @ C:\Users\USER\OneDrive\Desktop\PUP\node_modules\react-dom\cjs\react-dom-client.development.js:13815
commitPassiveMountOnFiber @ C:\Users\USER\OneDrive\Desktop\PUP\node_modules\react-dom\cjs\react-dom-client.development.js:13957
recursivelyTraversePassiveMountEffects @ C:\Users\USER\OneDrive\Desktop\PUP\node_modules\react-dom\cjs\react-dom-client.development.js:13815
commitPassiveMountOnFiber @ C:\Users\USER\OneDrive\Desktop\PUP\node_modules\react-dom\cjs\react-dom-client.development.js:13957
recursivelyTraversePassiveMountEffects @ C:\Users\USER\OneDrive\Desktop\PUP\node_modules\react-dom\cjs\react-dom-client.development.js:13815
commitPassiveMountOnFiber @ C:\Users\USER\OneDrive\Desktop\PUP\node_modules\react-dom\cjs\react-dom-client.development.js:13834
recursivelyTraversePassiveMountEffects @ C:\Users\USER\OneDrive\Desktop\PUP\node_modules\react-dom\cjs\react-dom-client.development.js:13815
commitPassiveMountOnFiber @ C:\Users\USER\OneDrive\Desktop\PUP\node_modules\react-dom\cjs\react-dom-client.development.js:13834
recursivelyTraversePassiveMountEffects @ C:\Users\USER\OneDrive\Desktop\PUP\node_modules\react-dom\cjs\react-dom-client.development.js:13815
commitPassiveMountOnFiber @ C:\Users\USER\OneDrive\Desktop\PUP\node_modules\react-dom\cjs\react-dom-client.development.js:13834
recursivelyTraversePassiveMountEffects @ C:\Users\USER\OneDrive\Desktop\PUP\node_modules\react-dom\cjs\react-dom-client.development.js:13815
commitPassiveMountOnFiber @ C:\Users\USER\OneDrive\Desktop\PUP\node_modules\react-dom\cjs\react-dom-client.development.js:13957
recursivelyTraversePassiveMountEffects @ C:\Users\USER\OneDrive\Desktop\PUP\node_modules\react-dom\cjs\react-dom-client.development.js:13815
commitPassiveMountOnFiber @ C:\Users\USER\OneDrive\Desktop\PUP\node_modules\react-dom\cjs\react-dom-client.development.js:13957
recursivelyTraversePassiveMountEffects @ C:\Users\USER\OneDrive\Desktop\PUP\node_modules\react-dom\cjs\react-dom-client.development.js:13815
commitPassiveMountOnFiber @ C:\Users\USER\OneDrive\Desktop\PUP\node_modules\react-dom\cjs\react-dom-client.development.js:13834
recursivelyTraversePassiveMountEffects @ C:\Users\USER\OneDrive\Desktop\PUP\node_modules\react-dom\cjs\react-dom-client.development.js:13815
commitPassiveMountOnFiber @ C:\Users\USER\OneDrive\Desktop\PUP\node_modules\react-dom\cjs\react-dom-client.development.js:13957
recursivelyTraversePassiveMountEffects @ C:\Users\USER\OneDrive\Desktop\PUP\node_modules\react-dom\cjs\react-dom-client.development.js:13815
commitPassiveMountOnFiber @ C:\Users\USER\OneDrive\Desktop\PUP\node_modules\react-dom\cjs\react-dom-client.development.js:13957
recursivelyTraversePassiveMountEffects @ C:\Users\USER\OneDrive\Desktop\PUP\node_modules\react-dom\cjs\react-dom-client.development.js:13815
commitPassiveMountOnFiber @ C:\Users\USER\OneDrive\Desktop\PUP\node_modules\react-dom\cjs\react-dom-client.development.js:13957
recursivelyTraversePassiveMountEffects @ C:\Users\USER\OneDrive\Desktop\PUP\node_modules\react-dom\cjs\react-dom-client.development.js:13815
commitPassiveMountOnFiber @ C:\Users\USER\OneDrive\Desktop\PUP\node_modules\react-dom\cjs\react-dom-client.development.js:13834
recursivelyTraversePassiveMountEffects @ C:\Users\USER\OneDrive\Desktop\PUP\node_modules\react-dom\cjs\react-dom-client.development.js:13815
commitPassiveMountOnFiber @ C:\Users\USER\OneDrive\Desktop\PUP\node_modules\react-dom\cjs\react-dom-client.development.js:13957
recursivelyTraversePassiveMountEffects @ C:\Users\USER\OneDrive\Desktop\PUP\node_modules\react-dom\cjs\react-dom-client.development.js:13815
commitPassiveMountOnFiber @ C:\Users\USER\OneDrive\Desktop\PUP\node_modules\react-dom\cjs\react-dom-client.development.js:13957
recursivelyTraversePassiveMountEffects @ C:\Users\USER\OneDrive\Desktop\PUP\node_modules\react-dom\cjs\react-dom-client.development.js:13815
commitPassiveMountOnFiber @ C:\Users\USER\OneDrive\Desktop\PUP\node_modules\react-dom\cjs\react-dom-client.development.js:13957
recursivelyTraversePassiveMountEffects @ C:\Users\USER\OneDrive\Desktop\PUP\node_modules\react-dom\cjs\react-dom-client.development.js:13815
commitPassiveMountOnFiber @ C:\Users\USER\OneDrive\Desktop\PUP\node_modules\react-dom\cjs\react-dom-client.development.js:13834
recursivelyTraversePassiveMountEffects @ C:\Users\USER\OneDrive\Desktop\PUP\node_modules\react-dom\cjs\react-dom-client.development.js:13815
commitPassiveMountOnFiber @ C:\Users\USER\OneDrive\Desktop\PUP\node_modules\react-dom\cjs\react-dom-client.development.js:13957
recursivelyTraversePassiveMountEffects @ C:\Users\USER\OneDrive\Desktop\PUP\node_modules\react-dom\cjs\react-dom-client.development.js:13815
commitPassiveMountOnFiber @ C:\Users\USER\OneDrive\Desktop\PUP\node_modules\react-dom\cjs\react-dom-client.development.js:13957
recursivelyTraversePassiveMountEffects @ C:\Users\USER\OneDrive\Desktop\PUP\node_modules\react-dom\cjs\react-dom-client.development.js:13815
commitPassiveMountOnFiber @ C:\Users\USER\OneDrive\Desktop\PUP\node_modules\react-dom\cjs\react-dom-client.development.js:13957
recursivelyTraversePassiveMountEffects @ C:\Users\USER\OneDrive\Desktop\PUP\node_modules\react-dom\cjs\react-dom-client.development.js:13815
commitPassiveMountOnFiber @ C:\Users\USER\OneDrive\Desktop\PUP\node_modules\react-dom\cjs\react-dom-client.development.js:13957
recursivelyTraversePassiveMountEffects @ C:\Users\USER\OneDrive\Desktop\PUP\node_modules\react-dom\cjs\react-dom-client.development.js:13815
commitPassiveMountOnFiber @ C:\Users\USER\OneDrive\Desktop\PUP\node_modules\react-dom\cjs\react-dom-client.development.js:13834
recursivelyTraversePassiveMountEffects @ C:\Users\USER\OneDrive\Desktop\PUP\node_modules\react-dom\cjs\react-dom-client.development.js:13815
commitPassiveMountOnFiber @ C:\Users\USER\OneDrive\Desktop\PUP\node_modules\react-dom\cjs\react-dom-client.development.js:13957
recursivelyTraversePassiveMountEffects @ C:\Users\USER\OneDrive\Desktop\PUP\node_modules\react-dom\cjs\react-dom-client.development.js:13815
commitPassiveMountOnFiber @ C:\Users\USER\OneDrive\Desktop\PUP\node_modules\react-dom\cjs\react-dom-client.development.js:13834
recursivelyTraversePassiveMountEffects @ C:\Users\USER\OneDrive\Desktop\PUP\node_modules\react-dom\cjs\react-dom-client.development.js:13815
commitPassiveMountOnFiber @ C:\Users\USER\OneDrive\Desktop\PUP\node_modules\react-dom\cjs\react-dom-client.development.js:13834
recursivelyTraversePassiveMountEffects @ C:\Users\USER\OneDrive\Desktop\PUP\node_modules\react-dom\cjs\react-dom-client.development.js:13815
commitPassiveMountOnFiber @ C:\Users\USER\OneDrive\Desktop\PUP\node_modules\react-dom\cjs\react-dom-client.development.js:13834
recursivelyTraversePassiveMountEffects @ C:\Users\USER\OneDrive\Desktop\PUP\node_modules\react-dom\cjs\react-dom-client.development.js:13815
commitPassiveMountOnFiber @ C:\Users\USER\OneDrive\Desktop\PUP\node_modules\react-dom\cjs\react-dom-client.development.js:13834
recursivelyTraversePassiveMountEffects @ C:\Users\USER\OneDrive\Desktop\PUP\node_modules\react-dom\cjs\react-dom-client.development.js:13815
commitPassiveMountOnFiber @ C:\Users\USER\OneDrive\Desktop\PUP\node_modules\react-dom\cjs\react-dom-client.development.js:13957
recursivelyTraversePassiveMountEffects @ C:\Users\USER\OneDrive\Desktop\PUP\node_modules\react-dom\cjs\react-dom-client.development.js:13815
commitPassiveMountOnFiber @ C:\Users\USER\OneDrive\Desktop\PUP\node_modules\react-dom\cjs\react-dom-client.development.js:13957
recursivelyTraversePassiveMountEffects @ C:\Users\USER\OneDrive\Desktop\PUP\node_modules\react-dom\cjs\react-dom-client.development.js:13815
commitPassiveMountOnFiber @ C:\Users\USER\OneDrive\Desktop\PUP\node_modules\react-dom\cjs\react-dom-client.development.js:13834
recursivelyTraversePassiveMountEffects @ C:\Users\USER\OneDrive\Desktop\PUP\node_modules\react-dom\cjs\react-dom-client.development.js:13815
commitPassiveMountOnFiber @ C:\Users\USER\OneDrive\Desktop\PUP\node_modules\react-dom\cjs\react-dom-client.development.js:13834
recursivelyTraversePassiveMountEffects @ C:\Users\USER\OneDrive\Desktop\PUP\node_modules\react-dom\cjs\react-dom-client.development.js:13815
commitPassiveMountOnFiber @ C:\Users\USER\OneDrive\Desktop\PUP\node_modules\react-dom\cjs\react-dom-client.development.js:13957
recursivelyTraversePassiveMountEffects @ C:\Users\USER\OneDrive\Desktop\PUP\node_modules\react-dom\cjs\react-dom-client.development.js:13815
commitPassiveMountOnFiber @ C:\Users\USER\OneDrive\Desktop\PUP\node_modules\react-dom\cjs\react-dom-client.development.js:13834
recursivelyTraversePassiveMountEffects @ C:\Users\USER\OneDrive\Desktop\PUP\node_modules\react-dom\cjs\react-dom-client.development.js:13815
commitPassiveMountOnFiber @ C:\Users\USER\OneDrive\Desktop\PUP\node_modules\react-dom\cjs\react-dom-client.development.js:13834
recursivelyTraversePassiveMountEffects @ C:\Users\USER\OneDrive\Desktop\PUP\node_modules\react-dom\cjs\react-dom-client.development.js:13815
commitPassiveMountOnFiber @ C:\Users\USER\OneDrive\Desktop\PUP\node_modules\react-dom\cjs\react-dom-client.development.js:13957
recursivelyTraversePassiveMountEffects @ C:\Users\USER\OneDrive\Desktop\PUP\node_modules\react-dom\cjs\react-dom-client.development.js:13815
commitPassiveMountOnFiber @ C:\Users\USER\OneDrive\Desktop\PUP\node_modules\react-dom\cjs\react-dom-client.development.js:13834
recursivelyTraversePassiveMountEffects @ C:\Users\USER\OneDrive\Desktop\PUP\node_modules\react-dom\cjs\react-dom-client.development.js:13815
commitPassiveMountOnFiber @ C:\Users\USER\OneDrive\Desktop\PUP\node_modules\react-dom\cjs\react-dom-client.development.js:13957
recursivelyTraversePassiveMountEffects @ C:\Users\USER\OneDrive\Desktop\PUP\node_modules\react-dom\cjs\react-dom-client.development.js:13815
commitPassiveMountOnFiber @ C:\Users\USER\OneDrive\Desktop\PUP\node_modules\react-dom\cjs\react-dom-client.development.js:13834
recursivelyTraversePassiveMountEffects @ C:\Users\USER\OneDrive\Desktop\PUP\node_modules\react-dom\cjs\react-dom-client.development.js:13815
commitPassiveMountOnFiber @ C:\Users\USER\OneDrive\Desktop\PUP\node_modules\react-dom\cjs\react-dom-client.development.js:13834
recursivelyTraversePassiveMountEffects @ C:\Users\USER\OneDrive\Desktop\PUP\node_modules\react-dom\cjs\react-dom-client.development.js:13815
commitPassiveMountOnFiber @ C:\Users\USER\OneDrive\Desktop\PUP\node_modules\react-dom\cjs\react-dom-client.development.js:13834
recursivelyTraversePassiveMountEffects @ C:\Users\USER\OneDrive\Desktop\PUP\node_modules\react-dom\cjs\react-dom-client.development.js:13815
commitPassiveMountOnFiber @ C:\Users\USER\OneDrive\Desktop\PUP\node_modules\react-dom\cjs\react-dom-client.development.js:13957
recursivelyTraversePassiveMountEffects @ C:\Users\USER\OneDrive\Desktop\PUP\node_modules\react-dom\cjs\react-dom-client.development.js:13815
commitPassiveMountOnFiber @ C:\Users\USER\OneDrive\Desktop\PUP\node_modules\react-dom\cjs\react-dom-client.development.js:13834
recursivelyTraversePassiveMountEffects @ C:\Users\USER\OneDrive\Desktop\PUP\node_modules\react-dom\cjs\react-dom-client.development.js:13815
commitPassiveMountOnFiber @ C:\Users\USER\OneDrive\Desktop\PUP\node_modules\react-dom\cjs\react-dom-client.development.js:13957
recursivelyTraversePassiveMountEffects @ C:\Users\USER\OneDrive\Desktop\PUP\node_modules\react-dom\cjs\react-dom-client.development.js:13815
commitPassiveMountOnFiber @ C:\Users\USER\OneDrive\Desktop\PUP\node_modules\react-dom\cjs\react-dom-client.development.js:13957
recursivelyTraversePassiveMountEffects @ C:\Users\USER\OneDrive\Desktop\PUP\node_modules\react-dom\cjs\react-dom-client.development.js:13815
commitPassiveMountOnFiber @ C:\Users\USER\OneDrive\Desktop\PUP\node_modules\react-dom\cjs\react-dom-client.development.js:13834
recursivelyTraversePassiveMountEffects @ C:\Users\USER\OneDrive\Desktop\PUP\node_modules\react-dom\cjs\react-dom-client.development.js:13815
commitPassiveMountOnFiber @ C:\Users\USER\OneDrive\Desktop\PUP\node_modules\react-dom\cjs\react-dom-client.development.js:13957
recursivelyTraversePassiveMountEffects @ C:\Users\USER\OneDrive\Desktop\PUP\node_modules\react-dom\cjs\react-dom-client.development.js:13815
commitPassiveMountOnFiber @ C:\Users\USER\OneDrive\Desktop\PUP\node_modules\react-dom\cjs\react-dom-client.development.js:13957
recursivelyTraversePassiveMountEffects @ C:\Users\USER\OneDrive\Desktop\PUP\node_modules\react-dom\cjs\react-dom-client.development.js:13815
commitPassiveMountOnFiber @ C:\Users\USER\OneDrive\Desktop\PUP\node_modules\react-dom\cjs\react-dom-client.development.js:13834
recursivelyTraversePassiveMountEffects @ C:\Users\USER\OneDrive\Desktop\PUP\node_modules\react-dom\cjs\react-dom-client.development.js:13815
commitPassiveMountOnFiber @ C:\Users\USER\OneDrive\Desktop\PUP\node_modules\react-dom\cjs\react-dom-client.development.js:13834
recursivelyTraversePassiveMountEffects @ C:\Users\USER\OneDrive\Desktop\PUP\node_modules\react-dom\cjs\react-dom-client.development.js:13815
commitPassiveMountOnFiber @ C:\Users\USER\OneDrive\Desktop\PUP\node_modules\react-dom\cjs\react-dom-client.development.js:13834
recursivelyTraversePassiveMountEffects @ C:\Users\USER\OneDrive\Desktop\PUP\node_modules\react-dom\cjs\react-dom-client.development.js:13815
commitPassiveMountOnFiber @ C:\Users\USER\OneDrive\Desktop\PUP\node_modules\react-dom\cjs\react-dom-client.development.js:13834
recursivelyTraversePassiveMountEffects @ C:\Users\USER\OneDrive\Desktop\PUP\node_modules\react-dom\cjs\react-dom-client.development.js:13815
commitPassiveMountOnFiber @ C:\Users\USER\OneDrive\Desktop\PUP\node_modules\react-dom\cjs\react-dom-client.development.js:13834
recursivelyTraversePassiveMountEffects @ C:\Users\USER\OneDrive\Desktop\PUP\node_modules\react-dom\cjs\react-dom-client.development.js:13815
commitPassiveMountOnFiber @ C:\Users\USER\OneDrive\Desktop\PUP\node_modules\react-dom\cjs\react-dom-client.development.js:13834
recursivelyTraversePassiveMountEffects @ C:\Users\USER\OneDrive\Desktop\PUP\node_modules\react-dom\cjs\react-dom-client.development.js:13815
commitPassiveMountOnFiber @ C:\Users\USER\OneDrive\Desktop\PUP\node_modules\react-dom\cjs\react-dom-client.development.js:13928
recursivelyTraversePassiveMountEffects @ C:\Users\USER\OneDrive\Desktop\PUP\node_modules\react-dom\cjs\react-dom-client.development.js:13815
commitPassiveMountOnFiber @ C:\Users\USER\OneDrive\Desktop\PUP\node_modules\react-dom\cjs\react-dom-client.development.js:13903
recursivelyTraversePassiveMountEffects @ C:\Users\USER\OneDrive\Desktop\PUP\node_modules\react-dom\cjs\react-dom-client.development.js:13815
commitPassiveMountOnFiber @ C:\Users\USER\OneDrive\Desktop\PUP\node_modules\react-dom\cjs\react-dom-client.development.js:13957
recursivelyTraversePassiveMountEffects @ C:\Users\USER\OneDrive\Desktop\PUP\node_modules\react-dom\cjs\react-dom-client.development.js:13815
commitPassiveMountOnFiber @ C:\Users\USER\OneDrive\Desktop\PUP\node_modules\react-dom\cjs\react-dom-client.development.js:13957
recursivelyTraversePassiveMountEffects @ C:\Users\USER\OneDrive\Desktop\PUP\node_modules\react-dom\cjs\react-dom-client.development.js:13815
commitPassiveMountOnFiber @ C:\Users\USER\OneDrive\Desktop\PUP\node_modules\react-dom\cjs\react-dom-client.development.js:13834
recursivelyTraversePassiveMountEffects @ C:\Users\USER\OneDrive\Desktop\PUP\node_modules\react-dom\cjs\react-dom-client.development.js:13815
commitPassiveMountOnFiber @ C:\Users\USER\OneDrive\Desktop\PUP\node_modules\react-dom\cjs\react-dom-client.development.js:13834
recursivelyTraversePassiveMountEffects @ C:\Users\USER\OneDrive\Desktop\PUP\node_modules\react-dom\cjs\react-dom-client.development.js:13815
commitPassiveMountOnFiber @ C:\Users\USER\OneDrive\Desktop\PUP\node_modules\react-dom\cjs\react-dom-client.development.js:13834
recursivelyTraversePassiveMountEffects @ C:\Users\USER\OneDrive\Desktop\PUP\node_modules\react-dom\cjs\react-dom-client.development.js:13815
commitPassiveMountOnFiber @ C:\Users\USER\OneDrive\Desktop\PUP\node_modules\react-dom\cjs\react-dom-client.development.js:13957
recursivelyTraversePassiveMountEffects @ C:\Users\USER\OneDrive\Desktop\PUP\node_modules\react-dom\cjs\react-dom-client.development.js:13815
commitPassiveMountOnFiber @ C:\Users\USER\OneDrive\Desktop\PUP\node_modules\react-dom\cjs\react-dom-client.development.js:13957
recursivelyTraversePassiveMountEffects @ C:\Users\USER\OneDrive\Desktop\PUP\node_modules\react-dom\cjs\react-dom-client.development.js:13815
commitPassiveMountOnFiber @ C:\Users\USER\OneDrive\Desktop\PUP\node_modules\react-dom\cjs\react-dom-client.development.js:13834
recursivelyTraversePassiveMountEffects @ C:\Users\USER\OneDrive\Desktop\PUP\node_modules\react-dom\cjs\react-dom-client.development.js:13815
commitPassiveMountOnFiber @ C:\Users\USER\OneDrive\Desktop\PUP\node_modules\react-dom\cjs\react-dom-client.development.js:13957
recursivelyTraversePassiveMountEffects @ C:\Users\USER\OneDrive\Desktop\PUP\node_modules\react-dom\cjs\react-dom-client.development.js:13815
commitPassiveMountOnFiber @ C:\Users\USER\OneDrive\Desktop\PUP\node_modules\react-dom\cjs\react-dom-client.development.js:13957
recursivelyTraversePassiveMountEffects @ C:\Users\USER\OneDrive\Desktop\PUP\node_modules\react-dom\cjs\react-dom-client.development.js:13815
commitPassiveMountOnFiber @ C:\Users\USER\OneDrive\Desktop\PUP\node_modules\react-dom\cjs\react-dom-client.development.js:13957
recursivelyTraversePassiveMountEffects @ C:\Users\USER\OneDrive\Desktop\PUP\node_modules\react-dom\cjs\react-dom-client.development.js:13815
commitPassiveMountOnFiber @ C:\Users\USER\OneDrive\Desktop\PUP\node_modules\react-dom\cjs\react-dom-client.development.js:13834
recursivelyTraversePassiveMountEffects @ C:\Users\USER\OneDrive\Desktop\PUP\node_modules\react-dom\cjs\react-dom-client.development.js:13815
commitPassiveMountOnFiber @ C:\Users\USER\OneDrive\Desktop\PUP\node_modules\react-dom\cjs\react-dom-client.development.js:13957
recursivelyTraversePassiveMountEffects @ C:\Users\USER\OneDrive\Desktop\PUP\node_modules\react-dom\cjs\react-dom-client.development.js:13815
commitPassiveMountOnFiber @ C:\Users\USER\OneDrive\Desktop\PUP\node_modules\react-dom\cjs\react-dom-client.development.js:13957
recursivelyTraversePassiveMountEffects @ C:\Users\USER\OneDrive\Desktop\PUP\node_modules\react-dom\cjs\react-dom-client.development.js:13815
commitPassiveMountOnFiber @ C:\Users\USER\OneDrive\Desktop\PUP\node_modules\react-dom\cjs\react-dom-client.development.js:13957
recursivelyTraversePassiveMountEffects @ C:\Users\USER\OneDrive\Desktop\PUP\node_modules\react-dom\cjs\react-dom-client.development.js:13815
commitPassiveMountOnFiber @ C:\Users\USER\OneDrive\Desktop\PUP\node_modules\react-dom\cjs\react-dom-client.development.js:13834
recursivelyTraversePassiveMountEffects @ C:\Users\USER\OneDrive\Desktop\PUP\node_modules\react-dom\cjs\react-dom-client.development.js:13815
commitPassiveMountOnFiber @ C:\Users\USER\OneDrive\Desktop\PUP\node_modules\react-dom\cjs\react-dom-client.development.js:13957
recursivelyTraversePassiveMountEffects @ C:\Users\USER\OneDrive\Desktop\PUP\node_modules\react-dom\cjs\react-dom-client.development.js:13815
commitPassiveMountOnFiber @ C:\Users\USER\OneDrive\Desktop\PUP\node_modules\react-dom\cjs\react-dom-client.development.js:13957
recursivelyTraversePassiveMountEffects @ C:\Users\USER\OneDrive\Desktop\PUP\node_modules\react-dom\cjs\react-dom-client.development.js:13815
commitPassiveMountOnFiber @ C:\Users\USER\OneDrive\Desktop\PUP\node_modules\react-dom\cjs\react-dom-client.development.js:13834
recursivelyTraversePassiveMountEffects @ C:\Users\USER\OneDrive\Desktop\PUP\node_modules\react-dom\cjs\react-dom-client.development.js:13815
commitPassiveMountOnFiber @ C:\Users\USER\OneDrive\Desktop\PUP\node_modules\react-dom\cjs\react-dom-client.development.js:13957
recursivelyTraversePassiveMountEffects @ C:\Users\USER\OneDrive\Desktop\PUP\node_modules\react-dom\cjs\react-dom-client.development.js:13815
commitPassiveMountOnFiber @ C:\Users\USER\OneDrive\Desktop\PUP\node_modules\react-dom\cjs\react-dom-client.development.js:13957
recursivelyTraversePassiveMountEffects @ C:\Users\USER\OneDrive\Desktop\PUP\node_modules\react-dom\cjs\react-dom-client.development.js:13815
commitPassiveMountOnFiber @ C:\Users\USER\OneDrive\Desktop\PUP\node_modules\react-dom\cjs\react-dom-client.development.js:13834
recursivelyTraversePassiveMountEffects @ C:\Users\USER\OneDrive\Desktop\PUP\node_modules\react-dom\cjs\react-dom-client.development.js:13815
commitPassiveMountOnFiber @ C:\Users\USER\OneDrive\Desktop\PUP\node_modules\react-dom\cjs\react-dom-client.development.js:13957
recursivelyTraversePassiveMountEffects @ C:\Users\USER\OneDrive\Desktop\PUP\node_modules\react-dom\cjs\react-dom-client.development.js:13815
commitPassiveMountOnFiber @ C:\Users\USER\OneDrive\Desktop\PUP\node_modules\react-dom\cjs\react-dom-client.development.js:13957
recursivelyTraversePassiveMountEffects @ C:\Users\USER\OneDrive\Desktop\PUP\node_modules\react-dom\cjs\react-dom-client.development.js:13815
commitPassiveMountOnFiber @ C:\Users\USER\OneDrive\Desktop\PUP\node_modules\react-dom\cjs\react-dom-client.development.js:13834
recursivelyTraversePassiveMountEffects @ C:\Users\USER\OneDrive\Desktop\PUP\node_modules\react-dom\cjs\react-dom-client.development.js:13815
commitPassiveMountOnFiber @ C:\Users\USER\OneDrive\Desktop\PUP\node_modules\react-dom\cjs\react-dom-client.development.js:13834
recursivelyTraversePassiveMountEffects @ C:\Users\USER\OneDrive\Desktop\PUP\node_modules\react-dom\cjs\react-dom-client.development.js:13815
commitPassiveMountOnFiber @ C:\Users\USER\OneDrive\Desktop\PUP\node_modules\react-dom\cjs\react-dom-client.development.js:13834
recursivelyTraversePassiveMountEffects @ C:\Users\USER\OneDrive\Desktop\PUP\node_modules\react-dom\cjs\react-dom-client.development.js:13815
commitPassiveMountOnFiber @ C:\Users\USER\OneDrive\Desktop\PUP\node_modules\react-dom\cjs\react-dom-client.development.js:13834
recursivelyTraversePassiveMountEffects @ C:\Users\USER\OneDrive\Desktop\PUP\node_modules\react-dom\cjs\react-dom-client.development.js:13815
commitPassiveMountOnFiber @ C:\Users\USER\OneDrive\Desktop\PUP\node_modules\react-dom\cjs\react-dom-client.development.js:13957
recursivelyTraversePassiveMountEffects @ C:\Users\USER\OneDrive\Desktop\PUP\node_modules\react-dom\cjs\react-dom-client.development.js:13815
commitPassiveMountOnFiber @ C:\Users\USER\OneDrive\Desktop\PUP\node_modules\react-dom\cjs\react-dom-client.development.js:13834
recursivelyTraversePassiveMountEffects @ C:\Users\USER\OneDrive\Desktop\PUP\node_modules\react-dom\cjs\react-dom-client.development.js:13815
commitPassiveMountOnFiber @ C:\Users\USER\OneDrive\Desktop\PUP\node_modules\react-dom\cjs\react-dom-client.development.js:13834
recursivelyTraversePassiveMountEffects @ C:\Users\USER\OneDrive\Desktop\PUP\node_modules\react-dom\cjs\react-dom-client.development.js:13815
commitPassiveMountOnFiber @ C:\Users\USER\OneDrive\Desktop\PUP\node_modules\react-dom\cjs\react-dom-client.development.js:13928
recursivelyTraversePassiveMountEffects @ C:\Users\USER\OneDrive\Desktop\PUP\node_modules\react-dom\cjs\react-dom-client.development.js:13815
commitPassiveMountOnFiber @ C:\Users\USER\OneDrive\Desktop\PUP\node_modules\react-dom\cjs\react-dom-client.development.js:13903
recursivelyTraversePassiveMountEffects @ C:\Users\USER\OneDrive\Desktop\PUP\node_modules\react-dom\cjs\react-dom-client.development.js:13815
commitPassiveMountOnFiber @ C:\Users\USER\OneDrive\Desktop\PUP\node_modules\react-dom\cjs\react-dom-client.development.js:13957
recursivelyTraversePassiveMountEffects @ C:\Users\USER\OneDrive\Desktop\PUP\node_modules\react-dom\cjs\react-dom-client.development.js:13815
commitPassiveMountOnFiber @ C:\Users\USER\OneDrive\Desktop\PUP\node_modules\react-dom\cjs\react-dom-client.development.js:13957
recursivelyTraversePassiveMountEffects @ C:\Users\USER\OneDrive\Desktop\PUP\node_modules\react-dom\cjs\react-dom-client.development.js:13815
commitPassiveMountOnFiber @ C:\Users\USER\OneDrive\Desktop\PUP\node_modules\react-dom\cjs\react-dom-client.development.js:13834
recursivelyTraversePassiveMountEffects @ C:\Users\USER\OneDrive\Desktop\PUP\node_modules\react-dom\cjs\react-dom-client.development.js:13815
commitPassiveMountOnFiber @ C:\Users\USER\OneDrive\Desktop\PUP\node_modules\react-dom\cjs\react-dom-client.development.js:13834
recursivelyTraversePassiveMountEffects @ C:\Users\USER\OneDrive\Desktop\PUP\node_modules\react-dom\cjs\react-dom-client.development.js:13815
commitPassiveMountOnFiber @ C:\Users\USER\OneDrive\Desktop\PUP\node_modules\react-dom\cjs\react-dom-client.development.js:13834
<ProfileScreen(./(tabs)/profile.tsx)>
exports.jsxDEV @ C:\Users\USER\OneDrive\Desktop\PUP\node_modules\react\cjs\react-jsx-dev-runtime.development.js:346
BaseRoute @ C:\Users\USER\OneDrive\Desktop\PUP\node_modules\expo-router\build\useScreens.js:213
react-stack-bottom-frame @ C:\Users\USER\OneDrive\Desktop\PUP\node_modules\react-dom\cjs\react-dom-client.development.js:23863
renderWithHooks @ C:\Users\USER\OneDrive\Desktop\PUP\node_modules\react-dom\cjs\react-dom-client.development.js:5529
updateFunctionComponent @ C:\Users\USER\OneDrive\Desktop\PUP\node_modules\react-dom\cjs\react-dom-client.development.js:8897
beginWork @ C:\Users\USER\OneDrive\Desktop\PUP\node_modules\react-dom\cjs\react-dom-client.development.js:10522
runWithFiberInDEV @ C:\Users\USER\OneDrive\Desktop\PUP\node_modules\react-dom\cjs\react-dom-client.development.js:1519
performUnitOfWork @ C:\Users\USER\OneDrive\Desktop\PUP\node_modules\react-dom\cjs\react-dom-client.development.js:15132
workLoopSync @ C:\Users\USER\OneDrive\Desktop\PUP\node_modules\react-dom\cjs\react-dom-client.development.js:14956
renderRootSync @ C:\Users\USER\OneDrive\Desktop\PUP\node_modules\react-dom\cjs\react-dom-client.development.js:14936
performWorkOnRoot @ C:\Users\USER\OneDrive\Desktop\PUP\node_modules\react-dom\cjs\react-dom-client.development.js:14419
performSyncWorkOnRoot @ C:\Users\USER\OneDrive\Desktop\PUP\node_modules\react-dom\cjs\react-dom-client.development.js:16231
flushSyncWorkAcrossRoots_impl @ C:\Users\USER\OneDrive\Desktop\PUP\node_modules\react-dom\cjs\react-dom-client.development.js:16079
processRootScheduleInMicrotask @ C:\Users\USER\OneDrive\Desktop\PUP\node_modules\react-dom\cjs\react-dom-client.development.js:16116
(anonymous) @ C:\Users\USER\OneDrive\Desktop\PUP\node_modules\react-dom\cjs\react-dom-client.development.js:16250
<Route(profile)>
exports.jsx @ C:\Users\USER\OneDrive\Desktop\PUP\node_modules\react\cjs\react-jsx-runtime.development.js:339
SceneView @ C:\Users\USER\OneDrive\Desktop\PUP\node_modules\@react-navigation\core\lib\module\SceneView.js:125
react-stack-bottom-frame @ C:\Users\USER\OneDrive\Desktop\PUP\node_modules\react-dom\cjs\react-dom-client.development.js:23863
renderWithHooks @ C:\Users\USER\OneDrive\Desktop\PUP\node_modules\react-dom\cjs\react-dom-client.development.js:5529
updateFunctionComponent @ C:\Users\USER\OneDrive\Desktop\PUP\node_modules\react-dom\cjs\react-dom-client.development.js:8897
beginWork @ C:\Users\USER\OneDrive\Desktop\PUP\node_modules\react-dom\cjs\react-dom-client.development.js:10522
runWithFiberInDEV @ C:\Users\USER\OneDrive\Desktop\PUP\node_modules\react-dom\cjs\react-dom-client.development.js:1519
performUnitOfWork @ C:\Users\USER\OneDrive\Desktop\PUP\node_modules\react-dom\cjs\react-dom-client.development.js:15132
workLoopSync @ C:\Users\USER\OneDrive\Desktop\PUP\node_modules\react-dom\cjs\react-dom-client.development.js:14956
renderRootSync @ C:\Users\USER\OneDrive\Desktop\PUP\node_modules\react-dom\cjs\react-dom-client.development.js:14936
performWorkOnRoot @ C:\Users\USER\OneDrive\Desktop\PUP\node_modules\react-dom\cjs\react-dom-client.development.js:14419
performSyncWorkOnRoot @ C:\Users\USER\OneDrive\Desktop\PUP\node_modules\react-dom\cjs\react-dom-client.development.js:16231
flushSyncWorkAcrossRoots_impl @ C:\Users\USER\OneDrive\Desktop\PUP\node_modules\react-dom\cjs\react-dom-client.development.js:16079
processRootScheduleInMicrotask @ C:\Users\USER\OneDrive\Desktop\PUP\node_modules\react-dom\cjs\react-dom-client.development.js:16116
(anonymous) @ C:\Users\USER\OneDrive\Desktop\PUP\node_modules\react-dom\cjs\react-dom-client.development.js:16250
<SceneView>
exports.jsx @ C:\Users\USER\OneDrive\Desktop\PUP\node_modules\react\cjs\react-jsx-runtime.development.js:339
render @ C:\Users\USER\OneDrive\Desktop\PUP\node_modules\@react-navigation\core\lib\module\useDescriptors.js:108
(anonymous) @ C:\Users\USER\OneDrive\Desktop\PUP\node_modules\@react-navigation\core\lib\module\useDescriptors.js:140
useDescriptors @ C:\Users\USER\OneDrive\Desktop\PUP\node_modules\@react-navigation\core\lib\module\useDescriptors.js:137
useNavigationBuilder @ C:\Users\USER\OneDrive\Desktop\PUP\node_modules\@react-navigation\core\lib\module\useNavigationBuilder.js:562
BottomTabNavigator @ C:\Users\USER\OneDrive\Desktop\PUP\node_modules\@react-navigation\bottom-tabs\lib\module\navigators\createBottomTabNavigator.js:24
react-stack-bottom-frame @ C:\Users\USER\OneDrive\Desktop\PUP\node_modules\react-dom\cjs\react-dom-client.development.js:23863
renderWithHooks @ C:\Users\USER\OneDrive\Desktop\PUP\node_modules\react-dom\cjs\react-dom-client.development.js:5529
updateFunctionComponent @ C:\Users\USER\OneDrive\Desktop\PUP\node_modules\react-dom\cjs\react-dom-client.development.js:8897
beginWork @ C:\Users\USER\OneDrive\Desktop\PUP\node_modules\react-dom\cjs\react-dom-client.development.js:10522
runWithFiberInDEV @ C:\Users\USER\OneDrive\Desktop\PUP\node_modules\react-dom\cjs\react-dom-client.development.js:1519
performUnitOfWork @ C:\Users\USER\OneDrive\Desktop\PUP\node_modules\react-dom\cjs\react-dom-client.development.js:15132
workLoopSync @ C:\Users\USER\OneDrive\Desktop\PUP\node_modules\react-dom\cjs\react-dom-client.development.js:14956
renderRootSync @ C:\Users\USER\OneDrive\Desktop\PUP\node_modules\react-dom\cjs\react-dom-client.development.js:14936
performWorkOnRoot @ C:\Users\USER\OneDrive\Desktop\PUP\node_modules\react-dom\cjs\react-dom-client.development.js:14419
performSyncWorkOnRoot @ C:\Users\USER\OneDrive\Desktop\PUP\node_modules\react-dom\cjs\react-dom-client.development.js:16231
flushSyncWorkAcrossRoots_impl @ C:\Users\USER\OneDrive\Desktop\PUP\node_modules\react-dom\cjs\react-dom-client.development.js:16079
processRootScheduleInMicrotask @ C:\Users\USER\OneDrive\Desktop\PUP\node_modules\react-dom\cjs\react-dom-client.development.js:16116
(anonymous) @ C:\Users\USER\OneDrive\Desktop\PUP\node_modules\react-dom\cjs\react-dom-client.development.js:16250
C:\Users\USER\OneDrive\Desktop\PUP\node_modules\@expo\metro-runtime\src\error-overlay\LogBox.web.ts:134 [10:27:38.788] [Firebase] ✖ REST getBookmarks failed Error: Failed to query collection
    at Object.queryCollection (C:\Users\USER\OneDrive\Desktop\PUP\lib\firestore-rest.ts:294:13)
    at async getBookmarks (C:\Users\USER\OneDrive\Desktop\PUP\lib\firebase.ts:665:20)
    at async getBookmarksWithRecipes (C:\Users\USER\OneDrive\Desktop\PUP\lib\firebase.ts:709:21)
    at async fetchFavorites (C:\Users\USER\OneDrive\Desktop\PUP\app\(tabs)\profile.tsx:96:23)
registerError @ C:\Users\USER\OneDrive\Desktop\PUP\node_modules\@expo\metro-runtime\src\error-overlay\LogBox.web.ts:134
console.error @ C:\Users\USER\OneDrive\Desktop\PUP\node_modules\@expo\metro-runtime\src\error-overlay\LogBox.web.ts:59
_log @ C:\Users\USER\OneDrive\Desktop\PUP\lib\logger.ts:74
error @ C:\Users\USER\OneDrive\Desktop\PUP\lib\logger.ts:93
getBookmarks @ C:\Users\USER\OneDrive\Desktop\PUP\lib\firebase.ts:673
await in getBookmarks
getBookmarksWithRecipes @ C:\Users\USER\OneDrive\Desktop\PUP\lib\firebase.ts:709
fetchFavorites @ C:\Users\USER\OneDrive\Desktop\PUP\app\(tabs)\profile.tsx:96
(anonymous) @ C:\Users\USER\OneDrive\Desktop\PUP\app\(tabs)\profile.tsx:76
callback @ C:\Users\USER\OneDrive\Desktop\PUP\node_modules\expo-router\build\useFocusEffect.js:98
(anonymous) @ C:\Users\USER\OneDrive\Desktop\PUP\node_modules\expo-router\build\useFocusEffect.js:133
react-stack-bottom-frame @ C:\Users\USER\OneDrive\Desktop\PUP\node_modules\react-dom\cjs\react-dom-client.development.js:23949
runWithFiberInDEV @ C:\Users\USER\OneDrive\Desktop\PUP\node_modules\react-dom\cjs\react-dom-client.development.js:1519
commitHookEffectListMount @ C:\Users\USER\OneDrive\Desktop\PUP\node_modules\react-dom\cjs\react-dom-client.development.js:11905
commitHookPassiveMountEffects @ C:\Users\USER\OneDrive\Desktop\PUP\node_modules\react-dom\cjs\react-dom-client.development.js:12026
commitPassiveMountOnFiber @ C:\Users\USER\OneDrive\Desktop\PUP\node_modules\react-dom\cjs\react-dom-client.development.js:13841
recursivelyTraversePassiveMountEffects @ C:\Users\USER\OneDrive\Desktop\PUP\node_modules\react-dom\cjs\react-dom-client.development.js:13815
commitPassiveMountOnFiber @ C:\Users\USER\OneDrive\Desktop\PUP\node_modules\react-dom\cjs\react-dom-client.development.js:13928
recursivelyTraversePassiveMountEffects @ C:\Users\USER\OneDrive\Desktop\PUP\node_modules\react-dom\cjs\react-dom-client.development.js:13815
commitPassiveMountOnFiber @ C:\Users\USER\OneDrive\Desktop\PUP\node_modules\react-dom\cjs\react-dom-client.development.js:13903
recursivelyTraversePassiveMountEffects @ C:\Users\USER\OneDrive\Desktop\PUP\node_modules\react-dom\cjs\react-dom-client.development.js:13815
commitPassiveMountOnFiber @ C:\Users\USER\OneDrive\Desktop\PUP\node_modules\react-dom\cjs\react-dom-client.development.js:13957
recursivelyTraversePassiveMountEffects @ C:\Users\USER\OneDrive\Desktop\PUP\node_modules\react-dom\cjs\react-dom-client.development.js:13815
commitPassiveMountOnFiber @ C:\Users\USER\OneDrive\Desktop\PUP\node_modules\react-dom\cjs\react-dom-client.development.js:13957
recursivelyTraversePassiveMountEffects @ C:\Users\USER\OneDrive\Desktop\PUP\node_modules\react-dom\cjs\react-dom-client.development.js:13815
commitPassiveMountOnFiber @ C:\Users\USER\OneDrive\Desktop\PUP\node_modules\react-dom\cjs\react-dom-client.development.js:13834
recursivelyTraversePassiveMountEffects @ C:\Users\USER\OneDrive\Desktop\PUP\node_modules\react-dom\cjs\react-dom-client.development.js:13815
commitPassiveMountOnFiber @ C:\Users\USER\OneDrive\Desktop\PUP\node_modules\react-dom\cjs\react-dom-client.development.js:13834
recursivelyTraversePassiveMountEffects @ C:\Users\USER\OneDrive\Desktop\PUP\node_modules\react-dom\cjs\react-dom-client.development.js:13815
commitPassiveMountOnFiber @ C:\Users\USER\OneDrive\Desktop\PUP\node_modules\react-dom\cjs\react-dom-client.development.js:13834
recursivelyTraversePassiveMountEffects @ C:\Users\USER\OneDrive\Desktop\PUP\node_modules\react-dom\cjs\react-dom-client.development.js:13815
commitPassiveMountOnFiber @ C:\Users\USER\OneDrive\Desktop\PUP\node_modules\react-dom\cjs\react-dom-client.development.js:13957
recursivelyTraversePassiveMountEffects @ C:\Users\USER\OneDrive\Desktop\PUP\node_modules\react-dom\cjs\react-dom-client.development.js:13815
commitPassiveMountOnFiber @ C:\Users\USER\OneDrive\Desktop\PUP\node_modules\react-dom\cjs\react-dom-client.development.js:13957
recursivelyTraversePassiveMountEffects @ C:\Users\USER\OneDrive\Desktop\PUP\node_modules\react-dom\cjs\react-dom-client.development.js:13815
commitPassiveMountOnFiber @ C:\Users\USER\OneDrive\Desktop\PUP\node_modules\react-dom\cjs\react-dom-client.development.js:13834
recursivelyTraversePassiveMountEffects @ C:\Users\USER\OneDrive\Desktop\PUP\node_modules\react-dom\cjs\react-dom-client.development.js:13815
commitPassiveMountOnFiber @ C:\Users\USER\OneDrive\Desktop\PUP\node_modules\react-dom\cjs\react-dom-client.development.js:13957
recursivelyTraversePassiveMountEffects @ C:\Users\USER\OneDrive\Desktop\PUP\node_modules\react-dom\cjs\react-dom-client.development.js:13815
commitPassiveMountOnFiber @ C:\Users\USER\OneDrive\Desktop\PUP\node_modules\react-dom\cjs\react-dom-client.development.js:13957
recursivelyTraversePassiveMountEffects @ C:\Users\USER\OneDrive\Desktop\PUP\node_modules\react-dom\cjs\react-dom-client.development.js:13815
commitPassiveMountOnFiber @ C:\Users\USER\OneDrive\Desktop\PUP\node_modules\react-dom\cjs\react-dom-client.development.js:13957
recursivelyTraversePassiveMountEffects @ C:\Users\USER\OneDrive\Desktop\PUP\node_modules\react-dom\cjs\react-dom-client.development.js:13815
commitPassiveMountOnFiber @ C:\Users\USER\OneDrive\Desktop\PUP\node_modules\react-dom\cjs\react-dom-client.development.js:13834
recursivelyTraversePassiveMountEffects @ C:\Users\USER\OneDrive\Desktop\PUP\node_modules\react-dom\cjs\react-dom-client.development.js:13815
commitPassiveMountOnFiber @ C:\Users\USER\OneDrive\Desktop\PUP\node_modules\react-dom\cjs\react-dom-client.development.js:13957
recursivelyTraversePassiveMountEffects @ C:\Users\USER\OneDrive\Desktop\PUP\node_modules\react-dom\cjs\react-dom-client.development.js:13815
commitPassiveMountOnFiber @ C:\Users\USER\OneDrive\Desktop\PUP\node_modules\react-dom\cjs\react-dom-client.development.js:13957
recursivelyTraversePassiveMountEffects @ C:\Users\USER\OneDrive\Desktop\PUP\node_modules\react-dom\cjs\react-dom-client.development.js:13815
commitPassiveMountOnFiber @ C:\Users\USER\OneDrive\Desktop\PUP\node_modules\react-dom\cjs\react-dom-client.development.js:13957
recursivelyTraversePassiveMountEffects @ C:\Users\USER\OneDrive\Desktop\PUP\node_modules\react-dom\cjs\react-dom-client.development.js:13815
commitPassiveMountOnFiber @ C:\Users\USER\OneDrive\Desktop\PUP\node_modules\react-dom\cjs\react-dom-client.development.js:13834
recursivelyTraversePassiveMountEffects @ C:\Users\USER\OneDrive\Desktop\PUP\node_modules\react-dom\cjs\react-dom-client.development.js:13815
commitPassiveMountOnFiber @ C:\Users\USER\OneDrive\Desktop\PUP\node_modules\react-dom\cjs\react-dom-client.development.js:13957
recursivelyTraversePassiveMountEffects @ C:\Users\USER\OneDrive\Desktop\PUP\node_modules\react-dom\cjs\react-dom-client.development.js:13815
commitPassiveMountOnFiber @ C:\Users\USER\OneDrive\Desktop\PUP\node_modules\react-dom\cjs\react-dom-client.development.js:13957
recursivelyTraversePassiveMountEffects @ C:\Users\USER\OneDrive\Desktop\PUP\node_modules\react-dom\cjs\react-dom-client.development.js:13815
commitPassiveMountOnFiber @ C:\Users\USER\OneDrive\Desktop\PUP\node_modules\react-dom\cjs\react-dom-client.development.js:13957
recursivelyTraversePassiveMountEffects @ C:\Users\USER\OneDrive\Desktop\PUP\node_modules\react-dom\cjs\react-dom-client.development.js:13815
commitPassiveMountOnFiber @ C:\Users\USER\OneDrive\Desktop\PUP\node_modules\react-dom\cjs\react-dom-client.development.js:13957
recursivelyTraversePassiveMountEffects @ C:\Users\USER\OneDrive\Desktop\PUP\node_modules\react-dom\cjs\react-dom-client.development.js:13815
commitPassiveMountOnFiber @ C:\Users\USER\OneDrive\Desktop\PUP\node_modules\react-dom\cjs\react-dom-client.development.js:13834
recursivelyTraversePassiveMountEffects @ C:\Users\USER\OneDrive\Desktop\PUP\node_modules\react-dom\cjs\react-dom-client.development.js:13815
commitPassiveMountOnFiber @ C:\Users\USER\OneDrive\Desktop\PUP\node_modules\react-dom\cjs\react-dom-client.development.js:13957
recursivelyTraversePassiveMountEffects @ C:\Users\USER\OneDrive\Desktop\PUP\node_modules\react-dom\cjs\react-dom-client.development.js:13815
commitPassiveMountOnFiber @ C:\Users\USER\OneDrive\Desktop\PUP\node_modules\react-dom\cjs\react-dom-client.development.js:13834
recursivelyTraversePassiveMountEffects @ C:\Users\USER\OneDrive\Desktop\PUP\node_modules\react-dom\cjs\react-dom-client.development.js:13815
commitPassiveMountOnFiber @ C:\Users\USER\OneDrive\Desktop\PUP\node_modules\react-dom\cjs\react-dom-client.development.js:13834
recursivelyTraversePassiveMountEffects @ C:\Users\USER\OneDrive\Desktop\PUP\node_modules\react-dom\cjs\react-dom-client.development.js:13815
commitPassiveMountOnFiber @ C:\Users\USER\OneDrive\Desktop\PUP\node_modules\react-dom\cjs\react-dom-client.development.js:13834
recursivelyTraversePassiveMountEffects @ C:\Users\USER\OneDrive\Desktop\PUP\node_modules\react-dom\cjs\react-dom-client.development.js:13815
commitPassiveMountOnFiber @ C:\Users\USER\OneDrive\Desktop\PUP\node_modules\react-dom\cjs\react-dom-client.development.js:13834
recursivelyTraversePassiveMountEffects @ C:\Users\USER\OneDrive\Desktop\PUP\node_modules\react-dom\cjs\react-dom-client.development.js:13815
commitPassiveMountOnFiber @ C:\Users\USER\OneDrive\Desktop\PUP\node_modules\react-dom\cjs\react-dom-client.development.js:13957
recursivelyTraversePassiveMountEffects @ C:\Users\USER\OneDrive\Desktop\PUP\node_modules\react-dom\cjs\react-dom-client.development.js:13815
commitPassiveMountOnFiber @ C:\Users\USER\OneDrive\Desktop\PUP\node_modules\react-dom\cjs\react-dom-client.development.js:13957
recursivelyTraversePassiveMountEffects @ C:\Users\USER\OneDrive\Desktop\PUP\node_modules\react-dom\cjs\react-dom-client.development.js:13815
commitPassiveMountOnFiber @ C:\Users\USER\OneDrive\Desktop\PUP\node_modules\react-dom\cjs\react-dom-client.development.js:13834
recursivelyTraversePassiveMountEffects @ C:\Users\USER\OneDrive\Desktop\PUP\node_modules\react-dom\cjs\react-dom-client.development.js:13815
commitPassiveMountOnFiber @ C:\Users\USER\OneDrive\Desktop\PUP\node_modules\react-dom\cjs\react-dom-client.development.js:13834
recursivelyTraversePassiveMountEffects @ C:\Users\USER\OneDrive\Desktop\PUP\node_modules\react-dom\cjs\react-dom-client.development.js:13815
commitPassiveMountOnFiber @ C:\Users\USER\OneDrive\Desktop\PUP\node_modules\react-dom\cjs\react-dom-client.development.js:13957
recursivelyTraversePassiveMountEffects @ C:\Users\USER\OneDrive\Desktop\PUP\node_modules\react-dom\cjs\react-dom-client.development.js:13815
commitPassiveMountOnFiber @ C:\Users\USER\OneDrive\Desktop\PUP\node_modules\react-dom\cjs\react-dom-client.development.js:13834
recursivelyTraversePassiveMountEffects @ C:\Users\USER\OneDrive\Desktop\PUP\node_modules\react-dom\cjs\react-dom-client.development.js:13815
commitPassiveMountOnFiber @ C:\Users\USER\OneDrive\Desktop\PUP\node_modules\react-dom\cjs\react-dom-client.development.js:13834
recursivelyTraversePassiveMountEffects @ C:\Users\USER\OneDrive\Desktop\PUP\node_modules\react-dom\cjs\react-dom-client.development.js:13815
commitPassiveMountOnFiber @ C:\Users\USER\OneDrive\Desktop\PUP\node_modules\react-dom\cjs\react-dom-client.development.js:13957
recursivelyTraversePassiveMountEffects @ C:\Users\USER\OneDrive\Desktop\PUP\node_modules\react-dom\cjs\react-dom-client.development.js:13815
commitPassiveMountOnFiber @ C:\Users\USER\OneDrive\Desktop\PUP\node_modules\react-dom\cjs\react-dom-client.development.js:13834
recursivelyTraversePassiveMountEffects @ C:\Users\USER\OneDrive\Desktop\PUP\node_modules\react-dom\cjs\react-dom-client.development.js:13815
commitPassiveMountOnFiber @ C:\Users\USER\OneDrive\Desktop\PUP\node_modules\react-dom\cjs\react-dom-client.development.js:13957
recursivelyTraversePassiveMountEffects @ C:\Users\USER\OneDrive\Desktop\PUP\node_modules\react-dom\cjs\react-dom-client.development.js:13815
commitPassiveMountOnFiber @ C:\Users\USER\OneDrive\Desktop\PUP\node_modules\react-dom\cjs\react-dom-client.development.js:13834
recursivelyTraversePassiveMountEffects @ C:\Users\USER\OneDrive\Desktop\PUP\node_modules\react-dom\cjs\react-dom-client.development.js:13815
commitPassiveMountOnFiber @ C:\Users\USER\OneDrive\Desktop\PUP\node_modules\react-dom\cjs\react-dom-client.development.js:13834
recursivelyTraversePassiveMountEffects @ C:\Users\USER\OneDrive\Desktop\PUP\node_modules\react-dom\cjs\react-dom-client.development.js:13815
commitPassiveMountOnFiber @ C:\Users\USER\OneDrive\Desktop\PUP\node_modules\react-dom\cjs\react-dom-client.development.js:13834
recursivelyTraversePassiveMountEffects @ C:\Users\USER\OneDrive\Desktop\PUP\node_modules\react-dom\cjs\react-dom-client.development.js:13815
commitPassiveMountOnFiber @ C:\Users\USER\OneDrive\Desktop\PUP\node_modules\react-dom\cjs\react-dom-client.development.js:13957
recursivelyTraversePassiveMountEffects @ C:\Users\USER\OneDrive\Desktop\PUP\node_modules\react-dom\cjs\react-dom-client.development.js:13815
commitPassiveMountOnFiber @ C:\Users\USER\OneDrive\Desktop\PUP\node_modules\react-dom\cjs\react-dom-client.development.js:13834
recursivelyTraversePassiveMountEffects @ C:\Users\USER\OneDrive\Desktop\PUP\node_modules\react-dom\cjs\react-dom-client.development.js:13815
commitPassiveMountOnFiber @ C:\Users\USER\OneDrive\Desktop\PUP\node_modules\react-dom\cjs\react-dom-client.development.js:13957
recursivelyTraversePassiveMountEffects @ C:\Users\USER\OneDrive\Desktop\PUP\node_modules\react-dom\cjs\react-dom-client.development.js:13815
commitPassiveMountOnFiber @ C:\Users\USER\OneDrive\Desktop\PUP\node_modules\react-dom\cjs\react-dom-client.development.js:13957
recursivelyTraversePassiveMountEffects @ C:\Users\USER\OneDrive\Desktop\PUP\node_modules\react-dom\cjs\react-dom-client.development.js:13815
commitPassiveMountOnFiber @ C:\Users\USER\OneDrive\Desktop\PUP\node_modules\react-dom\cjs\react-dom-client.development.js:13834
recursivelyTraversePassiveMountEffects @ C:\Users\USER\OneDrive\Desktop\PUP\node_modules\react-dom\cjs\react-dom-client.development.js:13815
commitPassiveMountOnFiber @ C:\Users\USER\OneDrive\Desktop\PUP\node_modules\react-dom\cjs\react-dom-client.development.js:13957
recursivelyTraversePassiveMountEffects @ C:\Users\USER\OneDrive\Desktop\PUP\node_modules\react-dom\cjs\react-dom-client.development.js:13815
commitPassiveMountOnFiber @ C:\Users\USER\OneDrive\Desktop\PUP\node_modules\react-dom\cjs\react-dom-client.development.js:13957
recursivelyTraversePassiveMountEffects @ C:\Users\USER\OneDrive\Desktop\PUP\node_modules\react-dom\cjs\react-dom-client.development.js:13815
commitPassiveMountOnFiber @ C:\Users\USER\OneDrive\Desktop\PUP\node_modules\react-dom\cjs\react-dom-client.development.js:13834
recursivelyTraversePassiveMountEffects @ C:\Users\USER\OneDrive\Desktop\PUP\node_modules\react-dom\cjs\react-dom-client.development.js:13815
commitPassiveMountOnFiber @ C:\Users\USER\OneDrive\Desktop\PUP\node_modules\react-dom\cjs\react-dom-client.development.js:13834
recursivelyTraversePassiveMountEffects @ C:\Users\USER\OneDrive\Desktop\PUP\node_modules\react-dom\cjs\react-dom-client.development.js:13815
commitPassiveMountOnFiber @ C:\Users\USER\OneDrive\Desktop\PUP\node_modules\react-dom\cjs\react-dom-client.development.js:13834
recursivelyTraversePassiveMountEffects @ C:\Users\USER\OneDrive\Desktop\PUP\node_modules\react-dom\cjs\react-dom-client.development.js:13815
commitPassiveMountOnFiber @ C:\Users\USER\OneDrive\Desktop\PUP\node_modules\react-dom\cjs\react-dom-client.development.js:13834
recursivelyTraversePassiveMountEffects @ C:\Users\USER\OneDrive\Desktop\PUP\node_modules\react-dom\cjs\react-dom-client.development.js:13815
commitPassiveMountOnFiber @ C:\Users\USER\OneDrive\Desktop\PUP\node_modules\react-dom\cjs\react-dom-client.development.js:13834
recursivelyTraversePassiveMountEffects @ C:\Users\USER\OneDrive\Desktop\PUP\node_modules\react-dom\cjs\react-dom-client.development.js:13815
commitPassiveMountOnFiber @ C:\Users\USER\OneDrive\Desktop\PUP\node_modules\react-dom\cjs\react-dom-client.development.js:13834
recursivelyTraversePassiveMountEffects @ C:\Users\USER\OneDrive\Desktop\PUP\node_modules\react-dom\cjs\react-dom-client.development.js:13815
commitPassiveMountOnFiber @ C:\Users\USER\OneDrive\Desktop\PUP\node_modules\react-dom\cjs\react-dom-client.development.js:13928
recursivelyTraversePassiveMountEffects @ C:\Users\USER\OneDrive\Desktop\PUP\node_modules\react-dom\cjs\react-dom-client.development.js:13815
commitPassiveMountOnFiber @ C:\Users\USER\OneDrive\Desktop\PUP\node_modules\react-dom\cjs\react-dom-client.development.js:13903
recursivelyTraversePassiveMountEffects @ C:\Users\USER\OneDrive\Desktop\PUP\node_modules\react-dom\cjs\react-dom-client.development.js:13815
commitPassiveMountOnFiber @ C:\Users\USER\OneDrive\Desktop\PUP\node_modules\react-dom\cjs\react-dom-client.development.js:13957
recursivelyTraversePassiveMountEffects @ C:\Users\USER\OneDrive\Desktop\PUP\node_modules\react-dom\cjs\react-dom-client.development.js:13815
commitPassiveMountOnFiber @ C:\Users\USER\OneDrive\Desktop\PUP\node_modules\react-dom\cjs\react-dom-client.development.js:13957
recursivelyTraversePassiveMountEffects @ C:\Users\USER\OneDrive\Desktop\PUP\node_modules\react-dom\cjs\react-dom-client.development.js:13815
commitPassiveMountOnFiber @ C:\Users\USER\OneDrive\Desktop\PUP\node_modules\react-dom\cjs\react-dom-client.development.js:13834
recursivelyTraversePassiveMountEffects @ C:\Users\USER\OneDrive\Desktop\PUP\node_modules\react-dom\cjs\react-dom-client.development.js:13815
commitPassiveMountOnFiber @ C:\Users\USER\OneDrive\Desktop\PUP\node_modules\react-dom\cjs\react-dom-client.development.js:13834
recursivelyTraversePassiveMountEffects @ C:\Users\USER\OneDrive\Desktop\PUP\node_modules\react-dom\cjs\react-dom-client.development.js:13815
commitPassiveMountOnFiber @ C:\Users\USER\OneDrive\Desktop\PUP\node_modules\react-dom\cjs\react-dom-client.development.js:13834
recursivelyTraversePassiveMountEffects @ C:\Users\USER\OneDrive\Desktop\PUP\node_modules\react-dom\cjs\react-dom-client.development.js:13815
commitPassiveMountOnFiber @ C:\Users\USER\OneDrive\Desktop\PUP\node_modules\react-dom\cjs\react-dom-client.development.js:13957
recursivelyTraversePassiveMountEffects @ C:\Users\USER\OneDrive\Desktop\PUP\node_modules\react-dom\cjs\react-dom-client.development.js:13815
commitPassiveMountOnFiber @ C:\Users\USER\OneDrive\Desktop\PUP\node_modules\react-dom\cjs\react-dom-client.development.js:13957
recursivelyTraversePassiveMountEffects @ C:\Users\USER\OneDrive\Desktop\PUP\node_modules\react-dom\cjs\react-dom-client.development.js:13815
commitPassiveMountOnFiber @ C:\Users\USER\OneDrive\Desktop\PUP\node_modules\react-dom\cjs\react-dom-client.development.js:13834
recursivelyTraversePassiveMountEffects @ C:\Users\USER\OneDrive\Desktop\PUP\node_modules\react-dom\cjs\react-dom-client.development.js:13815
commitPassiveMountOnFiber @ C:\Users\USER\OneDrive\Desktop\PUP\node_modules\react-dom\cjs\react-dom-client.development.js:13957
recursivelyTraversePassiveMountEffects @ C:\Users\USER\OneDrive\Desktop\PUP\node_modules\react-dom\cjs\react-dom-client.development.js:13815
commitPassiveMountOnFiber @ C:\Users\USER\OneDrive\Desktop\PUP\node_modules\react-dom\cjs\react-dom-client.development.js:13957
recursivelyTraversePassiveMountEffects @ C:\Users\USER\OneDrive\Desktop\PUP\node_modules\react-dom\cjs\react-dom-client.development.js:13815
commitPassiveMountOnFiber @ C:\Users\USER\OneDrive\Desktop\PUP\node_modules\react-dom\cjs\react-dom-client.development.js:13957
recursivelyTraversePassiveMountEffects @ C:\Users\USER\OneDrive\Desktop\PUP\node_modules\react-dom\cjs\react-dom-client.development.js:13815
commitPassiveMountOnFiber @ C:\Users\USER\OneDrive\Desktop\PUP\node_modules\react-dom\cjs\react-dom-client.development.js:13834
recursivelyTraversePassiveMountEffects @ C:\Users\USER\OneDrive\Desktop\PUP\node_modules\react-dom\cjs\react-dom-client.development.js:13815
commitPassiveMountOnFiber @ C:\Users\USER\OneDrive\Desktop\PUP\node_modules\react-dom\cjs\react-dom-client.development.js:13957
recursivelyTraversePassiveMountEffects @ C:\Users\USER\OneDrive\Desktop\PUP\node_modules\react-dom\cjs\react-dom-client.development.js:13815
commitPassiveMountOnFiber @ C:\Users\USER\OneDrive\Desktop\PUP\node_modules\react-dom\cjs\react-dom-client.development.js:13957
recursivelyTraversePassiveMountEffects @ C:\Users\USER\OneDrive\Desktop\PUP\node_modules\react-dom\cjs\react-dom-client.development.js:13815
commitPassiveMountOnFiber @ C:\Users\USER\OneDrive\Desktop\PUP\node_modules\react-dom\cjs\react-dom-client.development.js:13957
recursivelyTraversePassiveMountEffects @ C:\Users\USER\OneDrive\Desktop\PUP\node_modules\react-dom\cjs\react-dom-client.development.js:13815
commitPassiveMountOnFiber @ C:\Users\USER\OneDrive\Desktop\PUP\node_modules\react-dom\cjs\react-dom-client.development.js:13834
recursivelyTraversePassiveMountEffects @ C:\Users\USER\OneDrive\Desktop\PUP\node_modules\react-dom\cjs\react-dom-client.development.js:13815
commitPassiveMountOnFiber @ C:\Users\USER\OneDrive\Desktop\PUP\node_modules\react-dom\cjs\react-dom-client.development.js:13957
recursivelyTraversePassiveMountEffects @ C:\Users\USER\OneDrive\Desktop\PUP\node_modules\react-dom\cjs\react-dom-client.development.js:13815
commitPassiveMountOnFiber @ C:\Users\USER\OneDrive\Desktop\PUP\node_modules\react-dom\cjs\react-dom-client.development.js:13957
recursivelyTraversePassiveMountEffects @ C:\Users\USER\OneDrive\Desktop\PUP\node_modules\react-dom\cjs\react-dom-client.development.js:13815
commitPassiveMountOnFiber @ C:\Users\USER\OneDrive\Desktop\PUP\node_modules\react-dom\cjs\react-dom-client.development.js:13834
recursivelyTraversePassiveMountEffects @ C:\Users\USER\OneDrive\Desktop\PUP\node_modules\react-dom\cjs\react-dom-client.development.js:13815
commitPassiveMountOnFiber @ C:\Users\USER\OneDrive\Desktop\PUP\node_modules\react-dom\cjs\react-dom-client.development.js:13957
recursivelyTraversePassiveMountEffects @ C:\Users\USER\OneDrive\Desktop\PUP\node_modules\react-dom\cjs\react-dom-client.development.js:13815
commitPassiveMountOnFiber @ C:\Users\USER\OneDrive\Desktop\PUP\node_modules\react-dom\cjs\react-dom-client.development.js:13957
recursivelyTraversePassiveMountEffects @ C:\Users\USER\OneDrive\Desktop\PUP\node_modules\react-dom\cjs\react-dom-client.development.js:13815
commitPassiveMountOnFiber @ C:\Users\USER\OneDrive\Desktop\PUP\node_modules\react-dom\cjs\react-dom-client.development.js:13834
recursivelyTraversePassiveMountEffects @ C:\Users\USER\OneDrive\Desktop\PUP\node_modules\react-dom\cjs\react-dom-client.development.js:13815
commitPassiveMountOnFiber @ C:\Users\USER\OneDrive\Desktop\PUP\node_modules\react-dom\cjs\react-dom-client.development.js:13957
recursivelyTraversePassiveMountEffects @ C:\Users\USER\OneDrive\Desktop\PUP\node_modules\react-dom\cjs\react-dom-client.development.js:13815
commitPassiveMountOnFiber @ C:\Users\USER\OneDrive\Desktop\PUP\node_modules\react-dom\cjs\react-dom-client.development.js:13957
recursivelyTraversePassiveMountEffects @ C:\Users\USER\OneDrive\Desktop\PUP\node_modules\react-dom\cjs\react-dom-client.development.js:13815
commitPassiveMountOnFiber @ C:\Users\USER\OneDrive\Desktop\PUP\node_modules\react-dom\cjs\react-dom-client.development.js:13834
recursivelyTraversePassiveMountEffects @ C:\Users\USER\OneDrive\Desktop\PUP\node_modules\react-dom\cjs\react-dom-client.development.js:13815
commitPassiveMountOnFiber @ C:\Users\USER\OneDrive\Desktop\PUP\node_modules\react-dom\cjs\react-dom-client.development.js:13834
recursivelyTraversePassiveMountEffects @ C:\Users\USER\OneDrive\Desktop\PUP\node_modules\react-dom\cjs\react-dom-client.development.js:13815
commitPassiveMountOnFiber @ C:\Users\USER\OneDrive\Desktop\PUP\node_modules\react-dom\cjs\react-dom-client.development.js:13834
recursivelyTraversePassiveMountEffects @ C:\Users\USER\OneDrive\Desktop\PUP\node_modules\react-dom\cjs\react-dom-client.development.js:13815
commitPassiveMountOnFiber @ C:\Users\USER\OneDrive\Desktop\PUP\node_modules\react-dom\cjs\react-dom-client.development.js:13834
recursivelyTraversePassiveMountEffects @ C:\Users\USER\OneDrive\Desktop\PUP\node_modules\react-dom\cjs\react-dom-client.development.js:13815
commitPassiveMountOnFiber @ C:\Users\USER\OneDrive\Desktop\PUP\node_modules\react-dom\cjs\react-dom-client.development.js:13957
recursivelyTraversePassiveMountEffects @ C:\Users\USER\OneDrive\Desktop\PUP\node_modules\react-dom\cjs\react-dom-client.development.js:13815
commitPassiveMountOnFiber @ C:\Users\USER\OneDrive\Desktop\PUP\node_modules\react-dom\cjs\react-dom-client.development.js:13834
recursivelyTraversePassiveMountEffects @ C:\Users\USER\OneDrive\Desktop\PUP\node_modules\react-dom\cjs\react-dom-client.development.js:13815
commitPassiveMountOnFiber @ C:\Users\USER\OneDrive\Desktop\PUP\node_modules\react-dom\cjs\react-dom-client.development.js:13834
recursivelyTraversePassiveMountEffects @ C:\Users\USER\OneDrive\Desktop\PUP\node_modules\react-dom\cjs\react-dom-client.development.js:13815
commitPassiveMountOnFiber @ C:\Users\USER\OneDrive\Desktop\PUP\node_modules\react-dom\cjs\react-dom-client.development.js:13928
recursivelyTraversePassiveMountEffects @ C:\Users\USER\OneDrive\Desktop\PUP\node_modules\react-dom\cjs\react-dom-client.development.js:13815
commitPassiveMountOnFiber @ C:\Users\USER\OneDrive\Desktop\PUP\node_modules\react-dom\cjs\react-dom-client.development.js:13903
recursivelyTraversePassiveMountEffects @ C:\Users\USER\OneDrive\Desktop\PUP\node_modules\react-dom\cjs\react-dom-client.development.js:13815
commitPassiveMountOnFiber @ C:\Users\USER\OneDrive\Desktop\PUP\node_modules\react-dom\cjs\react-dom-client.development.js:13957
recursivelyTraversePassiveMountEffects @ C:\Users\USER\OneDrive\Desktop\PUP\node_modules\react-dom\cjs\react-dom-client.development.js:13815
commitPassiveMountOnFiber @ C:\Users\USER\OneDrive\Desktop\PUP\node_modules\react-dom\cjs\react-dom-client.development.js:13957
recursivelyTraversePassiveMountEffects @ C:\Users\USER\OneDrive\Desktop\PUP\node_modules\react-dom\cjs\react-dom-client.development.js:13815
commitPassiveMountOnFiber @ C:\Users\USER\OneDrive\Desktop\PUP\node_modules\react-dom\cjs\react-dom-client.development.js:13834
recursivelyTraversePassiveMountEffects @ C:\Users\USER\OneDrive\Desktop\PUP\node_modules\react-dom\cjs\react-dom-client.development.js:13815
commitPassiveMountOnFiber @ C:\Users\USER\OneDrive\Desktop\PUP\node_modules\react-dom\cjs\react-dom-client.development.js:13834
recursivelyTraversePassiveMountEffects @ C:\Users\USER\OneDrive\Desktop\PUP\node_modules\react-dom\cjs\react-dom-client.development.js:13815
commitPassiveMountOnFiber @ C:\Users\USER\OneDrive\Desktop\PUP\node_modules\react-dom\cjs\react-dom-client.development.js:13834
recursivelyTraversePassiveMountEffects @ C:\Users\USER\OneDrive\Desktop\PUP\node_modules\react-dom\cjs\react-dom-client.development.js:13815
<ProfileScreen(./(tabs)/profile.tsx)>
exports.jsxDEV @ C:\Users\USER\OneDrive\Desktop\PUP\node_modules\react\cjs\react-jsx-dev-runtime.development.js:346
BaseRoute @ C:\Users\USER\OneDrive\Desktop\PUP\node_modules\expo-router\build\useScreens.js:213
react-stack-bottom-frame @ C:\Users\USER\OneDrive\Desktop\PUP\node_modules\react-dom\cjs\react-dom-client.development.js:23863
renderWithHooks @ C:\Users\USER\OneDrive\Desktop\PUP\node_modules\react-dom\cjs\react-dom-client.development.js:5529
updateFunctionComponent @ C:\Users\USER\OneDrive\Desktop\PUP\node_modules\react-dom\cjs\react-dom-client.development.js:8897
beginWork @ C:\Users\USER\OneDrive\Desktop\PUP\node_modules\react-dom\cjs\react-dom-client.development.js:10522
runWithFiberInDEV @ C:\Users\USER\OneDrive\Desktop\PUP\node_modules\react-dom\cjs\react-dom-client.development.js:1519
performUnitOfWork @ C:\Users\USER\OneDrive\Desktop\PUP\node_modules\react-dom\cjs\react-dom-client.development.js:15132
workLoopSync @ C:\Users\USER\OneDrive\Desktop\PUP\node_modules\react-dom\cjs\react-dom-client.development.js:14956
renderRootSync @ C:\Users\USER\OneDrive\Desktop\PUP\node_modules\react-dom\cjs\react-dom-client.development.js:14936
performWorkOnRoot @ C:\Users\USER\OneDrive\Desktop\PUP\node_modules\react-dom\cjs\react-dom-client.development.js:14419
performSyncWorkOnRoot @ C:\Users\USER\OneDrive\Desktop\PUP\node_modules\react-dom\cjs\react-dom-client.development.js:16231
flushSyncWorkAcrossRoots_impl @ C:\Users\USER\OneDrive\Desktop\PUP\node_modules\react-dom\cjs\react-dom-client.development.js:16079
processRootScheduleInMicrotask @ C:\Users\USER\OneDrive\Desktop\PUP\node_modules\react-dom\cjs\react-dom-client.development.js:16116
(anonymous) @ C:\Users\USER\OneDrive\Desktop\PUP\node_modules\react-dom\cjs\react-dom-client.development.js:16250
<Route(profile)>
exports.jsx @ C:\Users\USER\OneDrive\Desktop\PUP\node_modules\react\cjs\react-jsx-runtime.development.js:339
SceneView @ C:\Users\USER\OneDrive\Desktop\PUP\node_modules\@react-navigation\core\lib\module\SceneView.js:125
react-stack-bottom-frame @ C:\Users\USER\OneDrive\Desktop\PUP\node_modules\react-dom\cjs\react-dom-client.development.js:23863
renderWithHooks @ C:\Users\USER\OneDrive\Desktop\PUP\node_modules\react-dom\cjs\react-dom-client.development.js:5529
updateFunctionComponent @ C:\Users\USER\OneDrive\Desktop\PUP\node_modules\react-dom\cjs\react-dom-client.development.js:8897
beginWork @ C:\Users\USER\OneDrive\Desktop\PUP\node_modules\react-dom\cjs\react-dom-client.development.js:10522
runWithFiberInDEV @ C:\Users\USER\OneDrive\Desktop\PUP\node_modules\react-dom\cjs\react-dom-client.development.js:1519
performUnitOfWork @ C:\Users\USER\OneDrive\Desktop\PUP\node_modules\react-dom\cjs\react-dom-client.development.js:15132
workLoopSync @ C:\Users\USER\OneDrive\Desktop\PUP\node_modules\react-dom\cjs\react-dom-client.development.js:14956
renderRootSync @ C:\Users\USER\OneDrive\Desktop\PUP\node_modules\react-dom\cjs\react-dom-client.development.js:14936
performWorkOnRoot @ C:\Users\USER\OneDrive\Desktop\PUP\node_modules\react-dom\cjs\react-dom-client.development.js:14419
performSyncWorkOnRoot @ C:\Users\USER\OneDrive\Desktop\PUP\node_modules\react-dom\cjs\react-dom-client.development.js:16231
flushSyncWorkAcrossRoots_impl @ C:\Users\USER\OneDrive\Desktop\PUP\node_modules\react-dom\cjs\react-dom-client.development.js:16079
processRootScheduleInMicrotask @ C:\Users\USER\OneDrive\Desktop\PUP\node_modules\react-dom\cjs\react-dom-client.development.js:16116
(anonymous) @ C:\Users\USER\OneDrive\Desktop\PUP\node_modules\react-dom\cjs\react-dom-client.development.js:16250
<SceneView>
exports.jsx @ C:\Users\USER\OneDrive\Desktop\PUP\node_modules\react\cjs\react-jsx-runtime.development.js:339
render @ C:\Users\USER\OneDrive\Desktop\PUP\node_modules\@react-navigation\core\lib\module\useDescriptors.js:108
(anonymous) @ C:\Users\USER\OneDrive\Desktop\PUP\node_modules\@react-navigation\core\lib\module\useDescriptors.js:140
useDescriptors @ C:\Users\USER\OneDrive\Desktop\PUP\node_modules\@react-navigation\core\lib\module\useDescriptors.js:137
useNavigationBuilder @ C:\Users\USER\OneDrive\Desktop\PUP\node_modules\@react-navigation\core\lib\module\useNavigationBuilder.js:562
BottomTabNavigator @ C:\Users\USER\OneDrive\Desktop\PUP\node_modules\@react-navigation\bottom-tabs\lib\module\navigators\createBottomTabNavigator.js:24
react-stack-bottom-frame @ C:\Users\USER\OneDrive\Desktop\PUP\node_modules\react-dom\cjs\react-dom-client.development.js:23863
renderWithHooks @ C:\Users\USER\OneDrive\Desktop\PUP\node_modules\react-dom\cjs\react-dom-client.development.js:5529
updateFunctionComponent @ C:\Users\USER\OneDrive\Desktop\PUP\node_modules\react-dom\cjs\react-dom-client.development.js:8897
beginWork @ C:\Users\USER\OneDrive\Desktop\PUP\node_modules\react-dom\cjs\react-dom-client.development.js:10522
runWithFiberInDEV @ C:\Users\USER\OneDrive\Desktop\PUP\node_modules\react-dom\cjs\react-dom-client.development.js:1519
performUnitOfWork @ C:\Users\USER\OneDrive\Desktop\PUP\node_modules\react-dom\cjs\react-dom-client.development.js:15132
workLoopSync @ C:\Users\USER\OneDrive\Desktop\PUP\node_modules\react-dom\cjs\react-dom-client.development.js:14956
renderRootSync @ C:\Users\USER\OneDrive\Desktop\PUP\node_modules\react-dom\cjs\react-dom-client.development.js:14936
performWorkOnRoot @ C:\Users\USER\OneDrive\Desktop\PUP\node_modules\react-dom\cjs\react-dom-client.development.js:14419
performSyncWorkOnRoot @ C:\Users\USER\OneDrive\Desktop\PUP\node_modules\react-dom\cjs\react-dom-client.development.js:16231
flushSyncWorkAcrossRoots_impl @ C:\Users\USER\OneDrive\Desktop\PUP\node_modules\react-dom\cjs\react-dom-client.development.js:16079
processRootScheduleInMicrotask @ C:\Users\USER\OneDrive\Desktop\PUP\node_modules\react-dom\cjs\react-dom-client.development.js:16116
(anonymous) @ C:\Users\USER\OneDrive\Desktop\PUP\node_modules\react-dom\cjs\react-dom-client.development.js:16250
